Creating virtual environment...
Upgrading pip and installing wheel...
Requirement already satisfied: pip in ./env/lib/python3.11/site-packages (22.3.1)
Collecting pip
  Using cached pip-24.0-py3-none-any.whl (2.1 MB)
Installing collected packages: pip
  Attempting uninstall: pip
    Found existing installation: pip 22.3.1
    Uninstalling pip-22.3.1:
      Successfully uninstalled pip-22.3.1
Successfully installed pip-24.0
WARNING: There was an error checking the latest version of pip.
Collecting wheel
  Using cached wheel-0.43.0-py3-none-any.whl.metadata (2.2 kB)
Using cached wheel-0.43.0-py3-none-any.whl (65 kB)
Installing collected packages: wheel
Successfully installed wheel-0.43.0
Installing dependencies...
Collecting customtkinter==5.2.2
  Using cached customtkinter-5.2.2-py3-none-any.whl.metadata (677 bytes)
Collecting darkdetect (from customtkinter==5.2.2)
  Using cached darkdetect-0.8.0-py3-none-any.whl.metadata (3.6 kB)
Collecting packaging (from customtkinter==5.2.2)
  Using cached packaging-24.0-py3-none-any.whl.metadata (3.2 kB)
Using cached customtkinter-5.2.2-py3-none-any.whl (296 kB)
Using cached darkdetect-0.8.0-py3-none-any.whl (9.0 kB)
Using cached packaging-24.0-py3-none-any.whl (53 kB)
Installing collected packages: packaging, darkdetect, customtkinter
Successfully installed customtkinter-5.2.2 darkdetect-0.8.0 packaging-24.0
Collecting msal==1.28.0
  Using cached msal-1.28.0-py3-none-any.whl.metadata (11 kB)
Collecting requests<3,>=2.0.0 (from msal==1.28.0)
  Using cached requests-2.32.2-py3-none-any.whl.metadata (4.6 kB)
Collecting PyJWT<3,>=1.0.0 (from PyJWT[crypto]<3,>=1.0.0->msal==1.28.0)
  Using cached PyJWT-2.8.0-py3-none-any.whl.metadata (4.2 kB)
Collecting cryptography<45,>=0.6 (from msal==1.28.0)
  Using cached cryptography-42.0.7-cp39-abi3-macosx_10_12_universal2.whl.metadata (5.3 kB)
Collecting cffi>=1.12 (from cryptography<45,>=0.6->msal==1.28.0)
  Using cached cffi-1.16.0-cp311-cp311-macosx_11_0_arm64.whl.metadata (1.5 kB)
Collecting charset-normalizer<4,>=2 (from requests<3,>=2.0.0->msal==1.28.0)
  Using cached charset_normalizer-3.3.2-cp311-cp311-macosx_11_0_arm64.whl.metadata (33 kB)
Collecting idna<4,>=2.5 (from requests<3,>=2.0.0->msal==1.28.0)
  Using cached idna-3.7-py3-none-any.whl.metadata (9.9 kB)
Collecting urllib3<3,>=1.21.1 (from requests<3,>=2.0.0->msal==1.28.0)
  Using cached urllib3-2.2.1-py3-none-any.whl.metadata (6.4 kB)
Collecting certifi>=2017.4.17 (from requests<3,>=2.0.0->msal==1.28.0)
  Using cached certifi-2024.2.2-py3-none-any.whl.metadata (2.2 kB)
Collecting pycparser (from cffi>=1.12->cryptography<45,>=0.6->msal==1.28.0)
  Using cached pycparser-2.22-py3-none-any.whl.metadata (943 bytes)
Using cached msal-1.28.0-py3-none-any.whl (102 kB)
Using cached cryptography-42.0.7-cp39-abi3-macosx_10_12_universal2.whl (5.9 MB)
Using cached PyJWT-2.8.0-py3-none-any.whl (22 kB)
Using cached requests-2.32.2-py3-none-any.whl (63 kB)
Using cached certifi-2024.2.2-py3-none-any.whl (163 kB)
Using cached cffi-1.16.0-cp311-cp311-macosx_11_0_arm64.whl (176 kB)
Using cached charset_normalizer-3.3.2-cp311-cp311-macosx_11_0_arm64.whl (118 kB)
Using cached idna-3.7-py3-none-any.whl (66 kB)
Using cached urllib3-2.2.1-py3-none-any.whl (121 kB)
Using cached pycparser-2.22-py3-none-any.whl (117 kB)
Installing collected packages: urllib3, PyJWT, pycparser, idna, charset-normalizer, certifi, requests, cffi, cryptography, msal
Successfully installed PyJWT-2.8.0 certifi-2024.2.2 cffi-1.16.0 charset-normalizer-3.3.2 cryptography-42.0.7 idna-3.7 msal-1.28.0 pycparser-2.22 requests-2.32.2 urllib3-2.2.1
Collecting openpyxl==3.1.2
  Using cached openpyxl-3.1.2-py2.py3-none-any.whl.metadata (2.5 kB)
Collecting et-xmlfile (from openpyxl==3.1.2)
  Using cached et_xmlfile-1.1.0-py3-none-any.whl.metadata (1.8 kB)
Using cached openpyxl-3.1.2-py2.py3-none-any.whl (249 kB)
Using cached et_xmlfile-1.1.0-py3-none-any.whl (4.7 kB)
Installing collected packages: et-xmlfile, openpyxl
Successfully installed et-xmlfile-1.1.0 openpyxl-3.1.2
Collecting pandas==2.2.2
  Using cached pandas-2.2.2-cp311-cp311-macosx_11_0_arm64.whl.metadata (19 kB)
Collecting numpy>=1.23.2 (from pandas==2.2.2)
  Using cached numpy-1.26.4-cp311-cp311-macosx_11_0_arm64.whl.metadata (114 kB)
Collecting python-dateutil>=2.8.2 (from pandas==2.2.2)
  Using cached python_dateutil-2.9.0.post0-py2.py3-none-any.whl.metadata (8.4 kB)
Collecting pytz>=2020.1 (from pandas==2.2.2)
  Using cached pytz-2024.1-py2.py3-none-any.whl.metadata (22 kB)
Collecting tzdata>=2022.7 (from pandas==2.2.2)
  Using cached tzdata-2024.1-py2.py3-none-any.whl.metadata (1.4 kB)
Collecting six>=1.5 (from python-dateutil>=2.8.2->pandas==2.2.2)
  Using cached six-1.16.0-py2.py3-none-any.whl.metadata (1.8 kB)
Using cached pandas-2.2.2-cp311-cp311-macosx_11_0_arm64.whl (11.3 MB)
Using cached numpy-1.26.4-cp311-cp311-macosx_11_0_arm64.whl (14.0 MB)
Using cached python_dateutil-2.9.0.post0-py2.py3-none-any.whl (229 kB)
Using cached pytz-2024.1-py2.py3-none-any.whl (505 kB)
Using cached tzdata-2024.1-py2.py3-none-any.whl (345 kB)
Using cached six-1.16.0-py2.py3-none-any.whl (11 kB)
Installing collected packages: pytz, tzdata, six, numpy, python-dateutil, pandas
Successfully installed numpy-1.26.4 pandas-2.2.2 python-dateutil-2.9.0.post0 pytz-2024.1 six-1.16.0 tzdata-2024.1
Collecting pillow==10.3.0
  Using cached pillow-10.3.0-cp311-cp311-macosx_11_0_arm64.whl.metadata (9.2 kB)
Using cached pillow-10.3.0-cp311-cp311-macosx_11_0_arm64.whl (3.4 MB)
Installing collected packages: pillow
Successfully installed pillow-10.3.0
Collecting PyPDF2==3.0.1
  Using cached pypdf2-3.0.1-py3-none-any.whl.metadata (6.8 kB)
Using cached pypdf2-3.0.1-py3-none-any.whl (232 kB)
Installing collected packages: PyPDF2
Successfully installed PyPDF2-3.0.1
Collecting pyperclip==1.8.2
  Using cached pyperclip-1.8.2-py3-none-any.whl
Installing collected packages: pyperclip
Successfully installed pyperclip-1.8.2
Collecting reportlab==4.2.0
  Using cached reportlab-4.2.0-py3-none-any.whl.metadata (1.4 kB)
Requirement already satisfied: pillow>=9.0.0 in ./env/lib/python3.11/site-packages (from reportlab==4.2.0) (10.3.0)
Collecting chardet (from reportlab==4.2.0)
  Using cached chardet-5.2.0-py3-none-any.whl.metadata (3.4 kB)
Using cached reportlab-4.2.0-py3-none-any.whl (1.9 MB)
Using cached chardet-5.2.0-py3-none-any.whl (199 kB)
Installing collected packages: chardet, reportlab
Successfully installed chardet-5.2.0 reportlab-4.2.0
Collecting tkcalendar==1.6.1
  Using cached tkcalendar-1.6.1-py3-none-any.whl.metadata (22 kB)
Collecting babel (from tkcalendar==1.6.1)
  Using cached Babel-2.15.0-py3-none-any.whl.metadata (1.5 kB)
Using cached tkcalendar-1.6.1-py3-none-any.whl (40 kB)
Using cached Babel-2.15.0-py3-none-any.whl (9.6 MB)
Installing collected packages: babel, tkcalendar
Successfully installed babel-2.15.0 tkcalendar-1.6.1
Requirement already satisfied: wheel==0.43.0 in ./env/lib/python3.11/site-packages (0.43.0)
Cleaning previous builds...
Building the application...
/Users/calum/Developer/Excelerator/env/lib/python3.11/site-packages/setuptools/installer.py:27: SetuptoolsDeprecationWarning: setuptools.installer is deprecated. Requirements should be satisfied by a PEP 517 installer.
  warnings.warn(
running py2app
creating /Users/calum/Developer/Excelerator/build
creating /Users/calum/Developer/Excelerator/build/bdist.macosx-14.2-arm64
creating /Users/calum/Developer/Excelerator/build/bdist.macosx-14.2-arm64/python3.11-standalone
creating /Users/calum/Developer/Excelerator/build/bdist.macosx-14.2-arm64/python3.11-standalone/app
creating /Users/calum/Developer/Excelerator/build/bdist.macosx-14.2-arm64/python3.11-standalone/app/collect
creating /Users/calum/Developer/Excelerator/build/bdist.macosx-14.2-arm64/python3.11-standalone/app/temp
creating /Users/calum/Developer/Excelerator/dist
creating build/bdist.macosx-14.2-arm64/python3.11-standalone/app/lib-dynload
creating build/bdist.macosx-14.2-arm64/python3.11-standalone/app/Frameworks
/Users/calum/Developer/Excelerator/.eggs/modulegraph-0.19.6-py3.11.egg/modulegraph/find_modules.py:235: UserWarning: No module named Babel
  warn("No module named %s" % (mod,))
/Users/calum/Developer/Excelerator/.eggs/modulegraph-0.19.6-py3.11.egg/modulegraph/find_modules.py:235: UserWarning: No module named pillow
  warn("No module named %s" % (mod,))
--- Skipping recipe PIL ---
*** using recipe: automissing *** {'expected_missing_imports': {'winreg', 'netbios', '_winapi', '_frozen_importlib_external', 'win32wnet', 'sys.getwindowsversion', 'nt'}}
--- Skipping recipe PIL ---
*** using recipe: autopackages *** {'packages': ['numpy']}
--- Skipping recipe PIL ---
--- Skipping recipe black ---
CTYPES USERS [SourceModule('ctypes._endian', '/Users/calum/.pyenv/versions/3.11.1/lib/python3.11/ctypes/_endian.py'), Package('test.support', '/Users/calum/.pyenv/versions/3.11.1/lib/python3.11/test/support/__init__.py', ['/Users/calum/.pyenv/versions/3.11.1/lib/python3.11/test/support']), SourceModule('ctypes.wintypes', '/Users/calum/.pyenv/versions/3.11.1/lib/python3.11/ctypes/wintypes.py'), Package('ctypes.macholib', '/Users/calum/.pyenv/versions/3.11.1/lib/python3.11/ctypes/macholib/__init__.py', ['/Users/calum/.pyenv/versions/3.11.1/lib/python3.11/ctypes/macholib']), SourceModule('ctypes._aix', '/Users/calum/.pyenv/versions/3.11.1/lib/python3.11/ctypes/_aix.py'), SourceModule('ctypes.util', '/Users/calum/.pyenv/versions/3.11.1/lib/python3.11/ctypes/util.py'), SourceModule('test.support.os_helper', '/Users/calum/.pyenv/versions/3.11.1/lib/python3.11/test/support/os_helper.py'), SourceModule('multiprocessing.sharedctypes', '/Users/calum/.pyenv/versions/3.11.1/lib/python3.11/multiprocessing/sharedctypes.py'), SourceModule('customtkinter.windows.ctk_tk', '/Users/calum/Developer/Excelerator/env/lib/python3.11/site-packages/customtkinter/windows/ctk_tk.py'), SourceModule('customtkinter.windows.widgets.font.font_manager', '/Users/calum/Developer/Excelerator/env/lib/python3.11/site-packages/customtkinter/windows/widgets/font/font_manager.py'), SourceModule('darkdetect._mac_detect', '/Users/calum/Developer/Excelerator/env/lib/python3.11/site-packages/darkdetect/_mac_detect.py'), SourceModule('darkdetect._windows_detect', '/Users/calum/Developer/Excelerator/env/lib/python3.11/site-packages/darkdetect/_windows_detect.py'), SourceModule('customtkinter.windows.widgets.scaling.scaling_tracker', '/Users/calum/Developer/Excelerator/env/lib/python3.11/site-packages/customtkinter/windows/widgets/scaling/scaling_tracker.py'), SourceModule('setuptools.windows_support', '/Users/calum/Developer/Excelerator/env/lib/python3.11/site-packages/setuptools/windows_support.py'), SourceModule('packaging._manylinux', '/Users/calum/Developer/Excelerator/env/lib/python3.11/site-packages/packaging/_manylinux.py'), SourceModule('setuptools._vendor.packaging._manylinux', '/Users/calum/Developer/Excelerator/env/lib/python3.11/site-packages/setuptools/_vendor/packaging/_manylinux.py'), SourceModule('numpy.distutils._shell_utils', '/Users/calum/Developer/Excelerator/env/lib/python3.11/site-packages/numpy/distutils/_shell_utils.py'), SourceModule('numpy.core._dtype_ctypes', '/Users/calum/Developer/Excelerator/env/lib/python3.11/site-packages/numpy/core/_dtype_ctypes.py'), SourceModule('numpy.core._internal', '/Users/calum/Developer/Excelerator/env/lib/python3.11/site-packages/numpy/core/_internal.py'), SourceModule('numpy.ctypeslib', '/Users/calum/Developer/Excelerator/env/lib/python3.11/site-packages/numpy/ctypeslib.py'), SourceModule('customtkinter.windows.ctk_toplevel', '/Users/calum/Developer/Excelerator/env/lib/python3.11/site-packages/customtkinter/windows/ctk_toplevel.py'), Package('pyperclip', '/Users/calum/Developer/Excelerator/env/lib/python3.11/site-packages/pyperclip/__init__.py', ['/Users/calum/Developer/Excelerator/env/lib/python3.11/site-packages/pyperclip']), Package('pandas.errors', '/Users/calum/Developer/Excelerator/env/lib/python3.11/site-packages/pandas/errors/__init__.py', ['/Users/calum/Developer/Excelerator/env/lib/python3.11/site-packages/pandas/errors']), SourceModule('pandas.core.interchange.from_dataframe', '/Users/calum/Developer/Excelerator/env/lib/python3.11/site-packages/pandas/core/interchange/from_dataframe.py'), Package('pandas.io.clipboard', '/Users/calum/Developer/Excelerator/env/lib/python3.11/site-packages/pandas/io/clipboard/__init__.py', ['/Users/calum/Developer/Excelerator/env/lib/python3.11/site-packages/pandas/io/clipboard']), SourceModule('dateutil.tz.win', '/Users/calum/Developer/Excelerator/env/lib/python3.11/site-packages/dateutil/tz/win.py'), SourceModule('numpy.core.tests.test_ufunc', '/Users/calum/Developer/Excelerator/env/lib/python3.11/site-packages/numpy/core/tests/test_ufunc.py'), SourceModule('numpy.core.tests.test_multiarray', '/Users/calum/Developer/Excelerator/env/lib/python3.11/site-packages/numpy/core/tests/test_multiarray.py'), SourceModule('numpy.core.tests.test_dtype', '/Users/calum/Developer/Excelerator/env/lib/python3.11/site-packages/numpy/core/tests/test_dtype.py'), SourceModule('numpy.core.tests.test_casting_unittests', '/Users/calum/Developer/Excelerator/env/lib/python3.11/site-packages/numpy/core/tests/test_casting_unittests.py'), SourceModule('numpy.core.tests.test_umath_accuracy', '/Users/calum/Developer/Excelerator/env/lib/python3.11/site-packages/numpy/core/tests/test_umath_accuracy.py'), SourceModule('numpy.tests.test_public_api', '/Users/calum/Developer/Excelerator/env/lib/python3.11/site-packages/numpy/tests/test_public_api.py'), SourceModule('numpy.tests.test_ctypeslib', '/Users/calum/Developer/Excelerator/env/lib/python3.11/site-packages/numpy/tests/test_ctypeslib.py'), SourceModule('numpy.lib.tests.test_io', '/Users/calum/Developer/Excelerator/env/lib/python3.11/site-packages/numpy/lib/tests/test_io.py'), SourceModule('numpy.random.tests.test_direct', '/Users/calum/Developer/Excelerator/env/lib/python3.11/site-packages/numpy/random/tests/test_direct.py')]
*** using recipe: ctypes *** {'prescripts': ['py2app.bootstrap.ctypes_setup']}
--- Skipping recipe PIL ---
--- Skipping recipe black ---
*** using recipe: detect_dunder_file *** {'packages': {'pandas', 'pytz', 'darkdetect', 'babel', 'certifi', 'ui', 'cffi', 'reportlab', 'customtkinter', 'numpy'}}
--- Skipping recipe PIL ---
--- Skipping recipe black ---
*** using recipe: ftplib *** {}
--- Skipping recipe PIL ---
--- Skipping recipe black ---
--- Skipping recipe gcloud ---
*** using recipe: lxml *** {}
--- Skipping recipe PIL ---
--- Skipping recipe black ---
--- Skipping recipe gcloud ---
--- Skipping recipe matplotlib ---
*** using recipe: multiprocessing *** {'prescripts': [<_io.StringIO object at 0x12084dc60>]}
--- Skipping recipe PIL ---
--- Skipping recipe black ---
--- Skipping recipe gcloud ---
--- Skipping recipe matplotlib ---
--- Skipping recipe opencv ---
*** using recipe: pandas *** {'includes': ['pandas._libs.tslibs.base']}
--- Skipping recipe PIL ---
--- Skipping recipe black ---
--- Skipping recipe gcloud ---
--- Skipping recipe matplotlib ---
--- Skipping recipe opencv ---
--- Skipping recipe platformdirs ---
--- Skipping recipe pydantic ---
*** using recipe: pydoc *** {}
--- Skipping recipe PIL ---
--- Skipping recipe black ---
--- Skipping recipe gcloud ---
--- Skipping recipe matplotlib ---
--- Skipping recipe opencv ---
--- Skipping recipe platformdirs ---
--- Skipping recipe pydantic ---
--- Skipping recipe pyenchant ---
--- Skipping recipe pygame ---
--- Skipping recipe pylsp ---
--- Skipping recipe pyopengl ---
--- Skipping recipe pyside ---
--- Skipping recipe pyside2 ---
--- Skipping recipe pyside6 ---
--- Skipping recipe qt5 ---
--- Skipping recipe qt6 ---
--- Skipping recipe rtree ---
*** using recipe: setuptools *** {'expected_missing_imports': {'pkg_resources.extern.packaging', 'pkg_resources.extern.importlib_resources.readers', 'pkg_resources.extern.importlib_resources._compat', 'pkg_resources.extern.importlib_resources.simple', 'pkg_resources.extern.jaraco.functools', 'pkg_resources.extern.pyparsing.helpers', 'pkg_resources.extern.pyparsing.actions', 'pkg_resources.extern.jaraco.context', 'pkg_resources.extern.packaging.__about__', 'pkg_resources.extern.more_itertools.recipes', 'pkg_resources.extern.packaging.version', 'pkg_resources.extern.zipp', 'pkg_resources.extern.pyparsing.results', 'pkg_resources.extern.importlib_resources._common', 'pkg_resources.extern.importlib_resources._adapters', 'pkg_resources.extern.more_itertools', 'pkg_resources.extern.pyparsing.util', '__main__.__requires__', 'pkg_resources.extern.pyparsing.exceptions', 'pkg_resources.extern.packaging.requirements', 'pkg_resources.extern.pyparsing.testing', 'pkg_resources.extern.packaging.specifiers', 'pkg_resources.extern.jaraco', 'pkg_resources.extern.packaging.markers', 'pkg_resources.extern.importlib_resources.abc', 'pkg_resources.extern.packaging.utils', 'pkg_resources.extern.more_itertools.more', 'pkg_resources.extern.appdirs', 'pkg_resources.extern.importlib_resources._legacy', 'pkg_resources.extern.importlib_resources', 'pkg_resources.extern.packaging._structures', 'pkg_resources.extern.pyparsing.common', 'pkg_resources.extern.packaging.tags', 'pkg_resources.extern.pyparsing', '__builtin__', 'pkg_resources.extern.pyparsing.unicode', 'pkg_resources.extern.pyparsing.diagram', 'pkg_resources.extern.pyparsing.core', 'pkg_resources.extern.packaging._musllinux', 'pkg_resources.extern.jaraco.text', 'pkg_resources.extern.importlib_resources._itertools', 'pkg_resources.extern.packaging._manylinux'}, 'prescripts': [<_io.StringIO object at 0x1208f41f0>]}
--- Skipping recipe PIL ---
--- Skipping recipe black ---
--- Skipping recipe gcloud ---
--- Skipping recipe matplotlib ---
--- Skipping recipe opencv ---
--- Skipping recipe platformdirs ---
--- Skipping recipe pydantic ---
--- Skipping recipe pyenchant ---
--- Skipping recipe pygame ---
--- Skipping recipe pylsp ---
--- Skipping recipe pyopengl ---
--- Skipping recipe pyside ---
--- Skipping recipe pyside2 ---
--- Skipping recipe pyside6 ---
--- Skipping recipe qt5 ---
--- Skipping recipe qt6 ---
--- Skipping recipe rtree ---
--- Skipping recipe shiboken2 ---
--- Skipping recipe shiboken6 ---
--- Skipping recipe sip ---
*** using recipe: six *** {}
--- Skipping recipe PIL ---
--- Skipping recipe black ---
--- Skipping recipe gcloud ---
--- Skipping recipe matplotlib ---
--- Skipping recipe opencv ---
--- Skipping recipe platformdirs ---
--- Skipping recipe pydantic ---
--- Skipping recipe pyenchant ---
--- Skipping recipe pygame ---
--- Skipping recipe pylsp ---
--- Skipping recipe pyopengl ---
--- Skipping recipe pyside ---
--- Skipping recipe pyside2 ---
--- Skipping recipe pyside6 ---
--- Skipping recipe qt5 ---
--- Skipping recipe qt6 ---
--- Skipping recipe rtree ---
--- Skipping recipe shiboken2 ---
--- Skipping recipe shiboken6 ---
--- Skipping recipe sip ---
--- Skipping recipe sphinx ---
--- Skipping recipe sqlalchemy ---
*** using recipe: sslmod *** {'resources': [('openssl.ca', ['/opt/homebrew/etc/openssl@3/cert.pem'])], 'prescripts': [<_io.StringIO object at 0x1208f5120>]}
--- Skipping recipe PIL ---
--- Skipping recipe black ---
--- Skipping recipe gcloud ---
--- Skipping recipe matplotlib ---
--- Skipping recipe opencv ---
--- Skipping recipe platformdirs ---
--- Skipping recipe pydantic ---
--- Skipping recipe pyenchant ---
--- Skipping recipe pygame ---
--- Skipping recipe pylsp ---
--- Skipping recipe pyopengl ---
--- Skipping recipe pyside ---
--- Skipping recipe pyside2 ---
--- Skipping recipe pyside6 ---
--- Skipping recipe qt5 ---
--- Skipping recipe qt6 ---
--- Skipping recipe rtree ---
--- Skipping recipe shiboken2 ---
--- Skipping recipe shiboken6 ---
--- Skipping recipe sip ---
--- Skipping recipe sphinx ---
--- Skipping recipe sqlalchemy ---
--- Skipping recipe sysconfig_module ---
--- Skipping recipe tkinter ---
*** using recipe: virtualenv *** {}
--- Skipping recipe PIL ---
--- Skipping recipe black ---
--- Skipping recipe gcloud ---
--- Skipping recipe matplotlib ---
--- Skipping recipe opencv ---
--- Skipping recipe platformdirs ---
--- Skipping recipe pydantic ---
--- Skipping recipe pyenchant ---
--- Skipping recipe pygame ---
--- Skipping recipe pylsp ---
--- Skipping recipe pyopengl ---
--- Skipping recipe pyside ---
--- Skipping recipe pyside2 ---
--- Skipping recipe pyside6 ---
--- Skipping recipe qt5 ---
--- Skipping recipe qt6 ---
--- Skipping recipe rtree ---
--- Skipping recipe shiboken2 ---
--- Skipping recipe shiboken6 ---
--- Skipping recipe sip ---
--- Skipping recipe sphinx ---
--- Skipping recipe sqlalchemy ---
--- Skipping recipe sysconfig_module ---
--- Skipping recipe tkinter ---
--- Skipping recipe wx ---
*** using recipe: xml *** {}
--- Skipping recipe PIL ---
--- Skipping recipe black ---
--- Skipping recipe gcloud ---
--- Skipping recipe matplotlib ---
--- Skipping recipe opencv ---
--- Skipping recipe platformdirs ---
--- Skipping recipe pydantic ---
--- Skipping recipe pyenchant ---
--- Skipping recipe pygame ---
--- Skipping recipe pylsp ---
--- Skipping recipe pyopengl ---
--- Skipping recipe pyside ---
--- Skipping recipe pyside2 ---
--- Skipping recipe pyside6 ---
--- Skipping recipe qt5 ---
--- Skipping recipe qt6 ---
--- Skipping recipe rtree ---
--- Skipping recipe shiboken2 ---
--- Skipping recipe shiboken6 ---
--- Skipping recipe sip ---
--- Skipping recipe sphinx ---
--- Skipping recipe sqlalchemy ---
--- Skipping recipe sysconfig_module ---
--- Skipping recipe tkinter ---
--- Skipping recipe wx ---
--- Skipping recipe zmq ---
*** filtering dependencies ***
5939 total
43 filtered
172 orphaned
5896 remaining
*** create binaries ***
ADD INFO /Users/calum/Developer/Excelerator/env/lib/python3.11/site-packages/pillow-10.3.0.dist-info
ADD INFO /Users/calum/Developer/Excelerator/env/lib/python3.11/site-packages/pillow-10.3.0.dist-info
ADD INFO /Users/calum/Developer/Excelerator/env/lib/python3.11/site-packages/pillow-10.3.0.dist-info
ADD INFO /Users/calum/Developer/Excelerator/env/lib/python3.11/site-packages/pillow-10.3.0.dist-info
ADD INFO /Users/calum/Developer/Excelerator/env/lib/python3.11/site-packages/pillow-10.3.0.dist-info
ADD INFO /Users/calum/Developer/Excelerator/env/lib/python3.11/site-packages/pillow-10.3.0.dist-info
ADD INFO /Users/calum/Developer/Excelerator/env/lib/python3.11/site-packages/pillow-10.3.0.dist-info
ADD INFO /Users/calum/Developer/Excelerator/env/lib/python3.11/site-packages/pillow-10.3.0.dist-info
ADD INFO /Users/calum/Developer/Excelerator/env/lib/python3.11/site-packages/pillow-10.3.0.dist-info
ADD INFO /Users/calum/Developer/Excelerator/env/lib/python3.11/site-packages/pillow-10.3.0.dist-info
ADD INFO /Users/calum/Developer/Excelerator/env/lib/python3.11/site-packages/pillow-10.3.0.dist-info
ADD INFO /Users/calum/Developer/Excelerator/env/lib/python3.11/site-packages/pillow-10.3.0.dist-info
ADD INFO /Users/calum/Developer/Excelerator/env/lib/python3.11/site-packages/pillow-10.3.0.dist-info
ADD INFO /Users/calum/Developer/Excelerator/env/lib/python3.11/site-packages/pillow-10.3.0.dist-info
ADD INFO /Users/calum/Developer/Excelerator/env/lib/python3.11/site-packages/pillow-10.3.0.dist-info
ADD INFO /Users/calum/Developer/Excelerator/env/lib/python3.11/site-packages/pillow-10.3.0.dist-info
ADD INFO /Users/calum/Developer/Excelerator/env/lib/python3.11/site-packages/pillow-10.3.0.dist-info
ADD INFO /Users/calum/Developer/Excelerator/env/lib/python3.11/site-packages/pillow-10.3.0.dist-info
ADD INFO /Users/calum/Developer/Excelerator/env/lib/python3.11/site-packages/pillow-10.3.0.dist-info
ADD INFO /Users/calum/Developer/Excelerator/env/lib/python3.11/site-packages/pillow-10.3.0.dist-info
ADD INFO /Users/calum/Developer/Excelerator/env/lib/python3.11/site-packages/pillow-10.3.0.dist-info
ADD INFO /Users/calum/Developer/Excelerator/env/lib/python3.11/site-packages/pillow-10.3.0.dist-info
ADD INFO /Users/calum/Developer/Excelerator/env/lib/python3.11/site-packages/pillow-10.3.0.dist-info
ADD INFO /Users/calum/Developer/Excelerator/env/lib/python3.11/site-packages/pillow-10.3.0.dist-info
ADD INFO /Users/calum/Developer/Excelerator/env/lib/python3.11/site-packages/pillow-10.3.0.dist-info
ADD INFO /Users/calum/Developer/Excelerator/env/lib/python3.11/site-packages/pillow-10.3.0.dist-info
ADD INFO /Users/calum/Developer/Excelerator/env/lib/python3.11/site-packages/pillow-10.3.0.dist-info
ADD INFO /Users/calum/Developer/Excelerator/env/lib/python3.11/site-packages/pillow-10.3.0.dist-info
ADD INFO /Users/calum/Developer/Excelerator/env/lib/python3.11/site-packages/pillow-10.3.0.dist-info
ADD INFO /Users/calum/Developer/Excelerator/env/lib/python3.11/site-packages/pillow-10.3.0.dist-info
ADD INFO /Users/calum/Developer/Excelerator/env/lib/python3.11/site-packages/pillow-10.3.0.dist-info
ADD INFO /Users/calum/Developer/Excelerator/env/lib/python3.11/site-packages/pillow-10.3.0.dist-info
ADD INFO /Users/calum/Developer/Excelerator/env/lib/python3.11/site-packages/pillow-10.3.0.dist-info
ADD INFO /Users/calum/Developer/Excelerator/env/lib/python3.11/site-packages/pillow-10.3.0.dist-info
ADD INFO /Users/calum/Developer/Excelerator/env/lib/python3.11/site-packages/pillow-10.3.0.dist-info
ADD INFO /Users/calum/Developer/Excelerator/env/lib/python3.11/site-packages/pypdf2-3.0.1.dist-info
ADD INFO /Users/calum/Developer/Excelerator/env/lib/python3.11/site-packages/pypdf2-3.0.1.dist-info
ADD INFO /Users/calum/Developer/Excelerator/env/lib/python3.11/site-packages/pypdf2-3.0.1.dist-info
ADD INFO /Users/calum/Developer/Excelerator/env/lib/python3.11/site-packages/pypdf2-3.0.1.dist-info
ADD INFO /Users/calum/Developer/Excelerator/env/lib/python3.11/site-packages/pypdf2-3.0.1.dist-info
ADD INFO /Users/calum/Developer/Excelerator/env/lib/python3.11/site-packages/pypdf2-3.0.1.dist-info
ADD INFO /Users/calum/Developer/Excelerator/env/lib/python3.11/site-packages/pypdf2-3.0.1.dist-info
ADD INFO /Users/calum/Developer/Excelerator/env/lib/python3.11/site-packages/pypdf2-3.0.1.dist-info
ADD INFO /Users/calum/Developer/Excelerator/env/lib/python3.11/site-packages/pypdf2-3.0.1.dist-info
ADD INFO /Users/calum/Developer/Excelerator/env/lib/python3.11/site-packages/pypdf2-3.0.1.dist-info
ADD INFO /Users/calum/Developer/Excelerator/env/lib/python3.11/site-packages/pypdf2-3.0.1.dist-info
ADD INFO /Users/calum/Developer/Excelerator/env/lib/python3.11/site-packages/pypdf2-3.0.1.dist-info
ADD INFO /Users/calum/Developer/Excelerator/env/lib/python3.11/site-packages/pypdf2-3.0.1.dist-info
ADD INFO /Users/calum/Developer/Excelerator/env/lib/python3.11/site-packages/pypdf2-3.0.1.dist-info
ADD INFO /Users/calum/Developer/Excelerator/env/lib/python3.11/site-packages/pypdf2-3.0.1.dist-info
ADD INFO /Users/calum/Developer/Excelerator/env/lib/python3.11/site-packages/pypdf2-3.0.1.dist-info
ADD INFO /Users/calum/Developer/Excelerator/env/lib/python3.11/site-packages/pypdf2-3.0.1.dist-info
ADD INFO /Users/calum/Developer/Excelerator/env/lib/python3.11/site-packages/pypdf2-3.0.1.dist-info
ADD INFO /Users/calum/Developer/Excelerator/env/lib/python3.11/site-packages/pypdf2-3.0.1.dist-info
ADD INFO /Users/calum/Developer/Excelerator/env/lib/python3.11/site-packages/pypdf2-3.0.1.dist-info
ADD INFO /Users/calum/Developer/Excelerator/env/lib/python3.11/site-packages/pypdf2-3.0.1.dist-info
ADD INFO /Users/calum/Developer/Excelerator/env/lib/python3.11/site-packages/pypdf2-3.0.1.dist-info
ADD INFO /Users/calum/Developer/Excelerator/env/lib/python3.11/site-packages/pypdf2-3.0.1.dist-info
ADD INFO /Users/calum/Developer/Excelerator/env/lib/python3.11/site-packages/pypdf2-3.0.1.dist-info
ADD INFO /Users/calum/Developer/Excelerator/env/lib/python3.11/site-packages/pypdf2-3.0.1.dist-info
ADD INFO /Users/calum/Developer/Excelerator/env/lib/python3.11/site-packages/pypdf2-3.0.1.dist-info
ADD INFO /Users/calum/Developer/Excelerator/env/lib/python3.11/site-packages/pypdf2-3.0.1.dist-info
ADD INFO /Users/calum/Developer/Excelerator/env/lib/python3.11/site-packages/pypdf2-3.0.1.dist-info
ADD INFO /Users/calum/Developer/Excelerator/env/lib/python3.11/site-packages/pypdf2-3.0.1.dist-info
ADD INFO /Users/calum/Developer/Excelerator/env/lib/python3.11/site-packages/pypdf2-3.0.1.dist-info
ADD INFO /Users/calum/Developer/Excelerator/env/lib/python3.11/site-packages/pypdf2-3.0.1.dist-info
ADD INFO /Users/calum/Developer/Excelerator/env/lib/python3.11/site-packages/pypdf2-3.0.1.dist-info
ADD INFO /Users/calum/Developer/Excelerator/env/lib/python3.11/site-packages/setuptools-65.5.0.dist-info
ADD INFO /Users/calum/Developer/Excelerator/env/lib/python3.11/site-packages/setuptools-65.5.0.dist-info
ADD INFO /Users/calum/Developer/Excelerator/env/lib/python3.11/site-packages/Babel-2.15.0.dist-info
ADD INFO /Users/calum/Developer/Excelerator/env/lib/python3.11/site-packages/Babel-2.15.0.dist-info
ADD INFO /Users/calum/Developer/Excelerator/env/lib/python3.11/site-packages/Babel-2.15.0.dist-info
ADD INFO /Users/calum/Developer/Excelerator/env/lib/python3.11/site-packages/Babel-2.15.0.dist-info
ADD INFO /Users/calum/Developer/Excelerator/env/lib/python3.11/site-packages/Babel-2.15.0.dist-info
ADD INFO /Users/calum/Developer/Excelerator/env/lib/python3.11/site-packages/Babel-2.15.0.dist-info
ADD INFO /Users/calum/Developer/Excelerator/env/lib/python3.11/site-packages/Babel-2.15.0.dist-info
ADD INFO /Users/calum/Developer/Excelerator/env/lib/python3.11/site-packages/Babel-2.15.0.dist-info
ADD INFO /Users/calum/Developer/Excelerator/env/lib/python3.11/site-packages/Babel-2.15.0.dist-info
ADD INFO /Users/calum/Developer/Excelerator/env/lib/python3.11/site-packages/Babel-2.15.0.dist-info
ADD INFO /Users/calum/Developer/Excelerator/env/lib/python3.11/site-packages/Babel-2.15.0.dist-info
ADD INFO /Users/calum/Developer/Excelerator/env/lib/python3.11/site-packages/Babel-2.15.0.dist-info
ADD INFO /Users/calum/Developer/Excelerator/env/lib/python3.11/site-packages/Babel-2.15.0.dist-info
ADD INFO /Users/calum/Developer/Excelerator/env/lib/python3.11/site-packages/Babel-2.15.0.dist-info
ADD INFO /Users/calum/Developer/Excelerator/env/lib/python3.11/site-packages/Babel-2.15.0.dist-info
ADD INFO /Users/calum/Developer/Excelerator/env/lib/python3.11/site-packages/Babel-2.15.0.dist-info
ADD INFO /Users/calum/Developer/Excelerator/env/lib/python3.11/site-packages/Babel-2.15.0.dist-info
ADD INFO /Users/calum/Developer/Excelerator/env/lib/python3.11/site-packages/Babel-2.15.0.dist-info
ADD INFO /Users/calum/Developer/Excelerator/env/lib/python3.11/site-packages/Babel-2.15.0.dist-info
ADD INFO /Users/calum/Developer/Excelerator/env/lib/python3.11/site-packages/Babel-2.15.0.dist-info
ADD INFO /Users/calum/Developer/Excelerator/env/lib/python3.11/site-packages/Babel-2.15.0.dist-info
ADD INFO /Users/calum/Developer/Excelerator/env/lib/python3.11/site-packages/Babel-2.15.0.dist-info
ADD INFO /Users/calum/Developer/Excelerator/env/lib/python3.11/site-packages/Babel-2.15.0.dist-info
ADD INFO /Users/calum/Developer/Excelerator/env/lib/python3.11/site-packages/Babel-2.15.0.dist-info
ADD INFO /Users/calum/Developer/Excelerator/env/lib/python3.11/site-packages/Babel-2.15.0.dist-info
ADD INFO /Users/calum/Developer/Excelerator/env/lib/python3.11/site-packages/Babel-2.15.0.dist-info
ADD INFO /Users/calum/Developer/Excelerator/env/lib/python3.11/site-packages/certifi-2024.2.2.dist-info
ADD INFO /Users/calum/Developer/Excelerator/env/lib/python3.11/site-packages/certifi-2024.2.2.dist-info
ADD INFO /Users/calum/Developer/Excelerator/env/lib/python3.11/site-packages/certifi-2024.2.2.dist-info
ADD INFO /Users/calum/Developer/Excelerator/env/lib/python3.11/site-packages/cffi-1.16.0.dist-info
ADD INFO /Users/calum/Developer/Excelerator/env/lib/python3.11/site-packages/cffi-1.16.0.dist-info
ADD INFO /Users/calum/Developer/Excelerator/env/lib/python3.11/site-packages/cffi-1.16.0.dist-info
ADD INFO /Users/calum/Developer/Excelerator/env/lib/python3.11/site-packages/cffi-1.16.0.dist-info
ADD INFO /Users/calum/Developer/Excelerator/env/lib/python3.11/site-packages/cffi-1.16.0.dist-info
ADD INFO /Users/calum/Developer/Excelerator/env/lib/python3.11/site-packages/cffi-1.16.0.dist-info
ADD INFO /Users/calum/Developer/Excelerator/env/lib/python3.11/site-packages/cffi-1.16.0.dist-info
ADD INFO /Users/calum/Developer/Excelerator/env/lib/python3.11/site-packages/cffi-1.16.0.dist-info
ADD INFO /Users/calum/Developer/Excelerator/env/lib/python3.11/site-packages/cffi-1.16.0.dist-info
ADD INFO /Users/calum/Developer/Excelerator/env/lib/python3.11/site-packages/cffi-1.16.0.dist-info
ADD INFO /Users/calum/Developer/Excelerator/env/lib/python3.11/site-packages/cffi-1.16.0.dist-info
ADD INFO /Users/calum/Developer/Excelerator/env/lib/python3.11/site-packages/cffi-1.16.0.dist-info
ADD INFO /Users/calum/Developer/Excelerator/env/lib/python3.11/site-packages/cffi-1.16.0.dist-info
ADD INFO /Users/calum/Developer/Excelerator/env/lib/python3.11/site-packages/cffi-1.16.0.dist-info
ADD INFO /Users/calum/Developer/Excelerator/env/lib/python3.11/site-packages/cffi-1.16.0.dist-info
ADD INFO /Users/calum/Developer/Excelerator/env/lib/python3.11/site-packages/cffi-1.16.0.dist-info
ADD INFO /Users/calum/Developer/Excelerator/env/lib/python3.11/site-packages/cffi-1.16.0.dist-info
ADD INFO /Users/calum/Developer/Excelerator/env/lib/python3.11/site-packages/cffi-1.16.0.dist-info
ADD INFO /Users/calum/Developer/Excelerator/env/lib/python3.11/site-packages/chardet-5.2.0.dist-info
ADD INFO /Users/calum/Developer/Excelerator/env/lib/python3.11/site-packages/chardet-5.2.0.dist-info
ADD INFO /Users/calum/Developer/Excelerator/env/lib/python3.11/site-packages/chardet-5.2.0.dist-info
ADD INFO /Users/calum/Developer/Excelerator/env/lib/python3.11/site-packages/chardet-5.2.0.dist-info
ADD INFO /Users/calum/Developer/Excelerator/env/lib/python3.11/site-packages/chardet-5.2.0.dist-info
ADD INFO /Users/calum/Developer/Excelerator/env/lib/python3.11/site-packages/chardet-5.2.0.dist-info
ADD INFO /Users/calum/Developer/Excelerator/env/lib/python3.11/site-packages/chardet-5.2.0.dist-info
ADD INFO /Users/calum/Developer/Excelerator/env/lib/python3.11/site-packages/chardet-5.2.0.dist-info
ADD INFO /Users/calum/Developer/Excelerator/env/lib/python3.11/site-packages/chardet-5.2.0.dist-info
ADD INFO /Users/calum/Developer/Excelerator/env/lib/python3.11/site-packages/chardet-5.2.0.dist-info
ADD INFO /Users/calum/Developer/Excelerator/env/lib/python3.11/site-packages/chardet-5.2.0.dist-info
ADD INFO /Users/calum/Developer/Excelerator/env/lib/python3.11/site-packages/chardet-5.2.0.dist-info
ADD INFO /Users/calum/Developer/Excelerator/env/lib/python3.11/site-packages/chardet-5.2.0.dist-info
ADD INFO /Users/calum/Developer/Excelerator/env/lib/python3.11/site-packages/chardet-5.2.0.dist-info
ADD INFO /Users/calum/Developer/Excelerator/env/lib/python3.11/site-packages/chardet-5.2.0.dist-info
ADD INFO /Users/calum/Developer/Excelerator/env/lib/python3.11/site-packages/chardet-5.2.0.dist-info
ADD INFO /Users/calum/Developer/Excelerator/env/lib/python3.11/site-packages/chardet-5.2.0.dist-info
ADD INFO /Users/calum/Developer/Excelerator/env/lib/python3.11/site-packages/chardet-5.2.0.dist-info
ADD INFO /Users/calum/Developer/Excelerator/env/lib/python3.11/site-packages/chardet-5.2.0.dist-info
ADD INFO /Users/calum/Developer/Excelerator/env/lib/python3.11/site-packages/chardet-5.2.0.dist-info
ADD INFO /Users/calum/Developer/Excelerator/env/lib/python3.11/site-packages/chardet-5.2.0.dist-info
ADD INFO /Users/calum/Developer/Excelerator/env/lib/python3.11/site-packages/chardet-5.2.0.dist-info
ADD INFO /Users/calum/Developer/Excelerator/env/lib/python3.11/site-packages/chardet-5.2.0.dist-info
ADD INFO /Users/calum/Developer/Excelerator/env/lib/python3.11/site-packages/chardet-5.2.0.dist-info
ADD INFO /Users/calum/Developer/Excelerator/env/lib/python3.11/site-packages/chardet-5.2.0.dist-info
ADD INFO /Users/calum/Developer/Excelerator/env/lib/python3.11/site-packages/chardet-5.2.0.dist-info
ADD INFO /Users/calum/Developer/Excelerator/env/lib/python3.11/site-packages/chardet-5.2.0.dist-info
ADD INFO /Users/calum/Developer/Excelerator/env/lib/python3.11/site-packages/chardet-5.2.0.dist-info
ADD INFO /Users/calum/Developer/Excelerator/env/lib/python3.11/site-packages/chardet-5.2.0.dist-info
ADD INFO /Users/calum/Developer/Excelerator/env/lib/python3.11/site-packages/chardet-5.2.0.dist-info
ADD INFO /Users/calum/Developer/Excelerator/env/lib/python3.11/site-packages/chardet-5.2.0.dist-info
ADD INFO /Users/calum/Developer/Excelerator/env/lib/python3.11/site-packages/chardet-5.2.0.dist-info
ADD INFO /Users/calum/Developer/Excelerator/env/lib/python3.11/site-packages/chardet-5.2.0.dist-info
ADD INFO /Users/calum/Developer/Excelerator/env/lib/python3.11/site-packages/chardet-5.2.0.dist-info
ADD INFO /Users/calum/Developer/Excelerator/env/lib/python3.11/site-packages/chardet-5.2.0.dist-info
ADD INFO /Users/calum/Developer/Excelerator/env/lib/python3.11/site-packages/chardet-5.2.0.dist-info
ADD INFO /Users/calum/Developer/Excelerator/env/lib/python3.11/site-packages/chardet-5.2.0.dist-info
ADD INFO /Users/calum/Developer/Excelerator/env/lib/python3.11/site-packages/chardet-5.2.0.dist-info
ADD INFO /Users/calum/Developer/Excelerator/env/lib/python3.11/site-packages/chardet-5.2.0.dist-info
ADD INFO /Users/calum/Developer/Excelerator/env/lib/python3.11/site-packages/chardet-5.2.0.dist-info
ADD INFO /Users/calum/Developer/Excelerator/env/lib/python3.11/site-packages/chardet-5.2.0.dist-info
ADD INFO /Users/calum/Developer/Excelerator/env/lib/python3.11/site-packages/chardet-5.2.0.dist-info
ADD INFO /Users/calum/Developer/Excelerator/env/lib/python3.11/site-packages/chardet-5.2.0.dist-info
ADD INFO /Users/calum/Developer/Excelerator/env/lib/python3.11/site-packages/charset_normalizer-3.3.2.dist-info
ADD INFO /Users/calum/Developer/Excelerator/env/lib/python3.11/site-packages/charset_normalizer-3.3.2.dist-info
ADD INFO /Users/calum/Developer/Excelerator/env/lib/python3.11/site-packages/charset_normalizer-3.3.2.dist-info
ADD INFO /Users/calum/Developer/Excelerator/env/lib/python3.11/site-packages/charset_normalizer-3.3.2.dist-info
ADD INFO /Users/calum/Developer/Excelerator/env/lib/python3.11/site-packages/charset_normalizer-3.3.2.dist-info
ADD INFO /Users/calum/Developer/Excelerator/env/lib/python3.11/site-packages/charset_normalizer-3.3.2.dist-info
ADD INFO /Users/calum/Developer/Excelerator/env/lib/python3.11/site-packages/charset_normalizer-3.3.2.dist-info
ADD INFO /Users/calum/Developer/Excelerator/env/lib/python3.11/site-packages/charset_normalizer-3.3.2.dist-info
ADD INFO /Users/calum/Developer/Excelerator/env/lib/python3.11/site-packages/cryptography-42.0.7.dist-info
ADD INFO /Users/calum/Developer/Excelerator/env/lib/python3.11/site-packages/cryptography-42.0.7.dist-info
ADD INFO /Users/calum/Developer/Excelerator/env/lib/python3.11/site-packages/cryptography-42.0.7.dist-info
ADD INFO /Users/calum/Developer/Excelerator/env/lib/python3.11/site-packages/cryptography-42.0.7.dist-info
ADD INFO /Users/calum/Developer/Excelerator/env/lib/python3.11/site-packages/cryptography-42.0.7.dist-info
ADD INFO /Users/calum/Developer/Excelerator/env/lib/python3.11/site-packages/cryptography-42.0.7.dist-info
ADD INFO /Users/calum/Developer/Excelerator/env/lib/python3.11/site-packages/cryptography-42.0.7.dist-info
ADD INFO /Users/calum/Developer/Excelerator/env/lib/python3.11/site-packages/cryptography-42.0.7.dist-info
ADD INFO /Users/calum/Developer/Excelerator/env/lib/python3.11/site-packages/cryptography-42.0.7.dist-info
ADD INFO /Users/calum/Developer/Excelerator/env/lib/python3.11/site-packages/cryptography-42.0.7.dist-info
ADD INFO /Users/calum/Developer/Excelerator/env/lib/python3.11/site-packages/cryptography-42.0.7.dist-info
ADD INFO /Users/calum/Developer/Excelerator/env/lib/python3.11/site-packages/cryptography-42.0.7.dist-info
ADD INFO /Users/calum/Developer/Excelerator/env/lib/python3.11/site-packages/cryptography-42.0.7.dist-info
ADD INFO /Users/calum/Developer/Excelerator/env/lib/python3.11/site-packages/cryptography-42.0.7.dist-info
ADD INFO /Users/calum/Developer/Excelerator/env/lib/python3.11/site-packages/cryptography-42.0.7.dist-info
ADD INFO /Users/calum/Developer/Excelerator/env/lib/python3.11/site-packages/cryptography-42.0.7.dist-info
ADD INFO /Users/calum/Developer/Excelerator/env/lib/python3.11/site-packages/cryptography-42.0.7.dist-info
ADD INFO /Users/calum/Developer/Excelerator/env/lib/python3.11/site-packages/cryptography-42.0.7.dist-info
ADD INFO /Users/calum/Developer/Excelerator/env/lib/python3.11/site-packages/cryptography-42.0.7.dist-info
ADD INFO /Users/calum/Developer/Excelerator/env/lib/python3.11/site-packages/cryptography-42.0.7.dist-info
ADD INFO /Users/calum/Developer/Excelerator/env/lib/python3.11/site-packages/cryptography-42.0.7.dist-info
ADD INFO /Users/calum/Developer/Excelerator/env/lib/python3.11/site-packages/cryptography-42.0.7.dist-info
ADD INFO /Users/calum/Developer/Excelerator/env/lib/python3.11/site-packages/cryptography-42.0.7.dist-info
ADD INFO /Users/calum/Developer/Excelerator/env/lib/python3.11/site-packages/cryptography-42.0.7.dist-info
ADD INFO /Users/calum/Developer/Excelerator/env/lib/python3.11/site-packages/cryptography-42.0.7.dist-info
ADD INFO /Users/calum/Developer/Excelerator/env/lib/python3.11/site-packages/cryptography-42.0.7.dist-info
ADD INFO /Users/calum/Developer/Excelerator/env/lib/python3.11/site-packages/cryptography-42.0.7.dist-info
ADD INFO /Users/calum/Developer/Excelerator/env/lib/python3.11/site-packages/cryptography-42.0.7.dist-info
ADD INFO /Users/calum/Developer/Excelerator/env/lib/python3.11/site-packages/cryptography-42.0.7.dist-info
ADD INFO /Users/calum/Developer/Excelerator/env/lib/python3.11/site-packages/cryptography-42.0.7.dist-info
ADD INFO /Users/calum/Developer/Excelerator/env/lib/python3.11/site-packages/cryptography-42.0.7.dist-info
ADD INFO /Users/calum/Developer/Excelerator/env/lib/python3.11/site-packages/cryptography-42.0.7.dist-info
ADD INFO /Users/calum/Developer/Excelerator/env/lib/python3.11/site-packages/cryptography-42.0.7.dist-info
ADD INFO /Users/calum/Developer/Excelerator/env/lib/python3.11/site-packages/cryptography-42.0.7.dist-info
ADD INFO /Users/calum/Developer/Excelerator/env/lib/python3.11/site-packages/cryptography-42.0.7.dist-info
ADD INFO /Users/calum/Developer/Excelerator/env/lib/python3.11/site-packages/cryptography-42.0.7.dist-info
ADD INFO /Users/calum/Developer/Excelerator/env/lib/python3.11/site-packages/cryptography-42.0.7.dist-info
ADD INFO /Users/calum/Developer/Excelerator/env/lib/python3.11/site-packages/cryptography-42.0.7.dist-info
ADD INFO /Users/calum/Developer/Excelerator/env/lib/python3.11/site-packages/cryptography-42.0.7.dist-info
ADD INFO /Users/calum/Developer/Excelerator/env/lib/python3.11/site-packages/cryptography-42.0.7.dist-info
ADD INFO /Users/calum/Developer/Excelerator/env/lib/python3.11/site-packages/cryptography-42.0.7.dist-info
ADD INFO /Users/calum/Developer/Excelerator/env/lib/python3.11/site-packages/cryptography-42.0.7.dist-info
ADD INFO /Users/calum/Developer/Excelerator/env/lib/python3.11/site-packages/cryptography-42.0.7.dist-info
ADD INFO /Users/calum/Developer/Excelerator/env/lib/python3.11/site-packages/cryptography-42.0.7.dist-info
ADD INFO /Users/calum/Developer/Excelerator/env/lib/python3.11/site-packages/cryptography-42.0.7.dist-info
ADD INFO /Users/calum/Developer/Excelerator/env/lib/python3.11/site-packages/cryptography-42.0.7.dist-info
ADD INFO /Users/calum/Developer/Excelerator/env/lib/python3.11/site-packages/cryptography-42.0.7.dist-info
ADD INFO /Users/calum/Developer/Excelerator/env/lib/python3.11/site-packages/cryptography-42.0.7.dist-info
ADD INFO /Users/calum/Developer/Excelerator/env/lib/python3.11/site-packages/cryptography-42.0.7.dist-info
ADD INFO /Users/calum/Developer/Excelerator/env/lib/python3.11/site-packages/cryptography-42.0.7.dist-info
ADD INFO /Users/calum/Developer/Excelerator/env/lib/python3.11/site-packages/customtkinter-5.2.2.dist-info
ADD INFO /Users/calum/Developer/Excelerator/env/lib/python3.11/site-packages/customtkinter-5.2.2.dist-info
ADD INFO /Users/calum/Developer/Excelerator/env/lib/python3.11/site-packages/customtkinter-5.2.2.dist-info
ADD INFO /Users/calum/Developer/Excelerator/env/lib/python3.11/site-packages/customtkinter-5.2.2.dist-info
ADD INFO /Users/calum/Developer/Excelerator/env/lib/python3.11/site-packages/customtkinter-5.2.2.dist-info
ADD INFO /Users/calum/Developer/Excelerator/env/lib/python3.11/site-packages/customtkinter-5.2.2.dist-info
ADD INFO /Users/calum/Developer/Excelerator/env/lib/python3.11/site-packages/customtkinter-5.2.2.dist-info
ADD INFO /Users/calum/Developer/Excelerator/env/lib/python3.11/site-packages/customtkinter-5.2.2.dist-info
ADD INFO /Users/calum/Developer/Excelerator/env/lib/python3.11/site-packages/customtkinter-5.2.2.dist-info
ADD INFO /Users/calum/Developer/Excelerator/env/lib/python3.11/site-packages/customtkinter-5.2.2.dist-info
ADD INFO /Users/calum/Developer/Excelerator/env/lib/python3.11/site-packages/customtkinter-5.2.2.dist-info
ADD INFO /Users/calum/Developer/Excelerator/env/lib/python3.11/site-packages/customtkinter-5.2.2.dist-info
ADD INFO /Users/calum/Developer/Excelerator/env/lib/python3.11/site-packages/customtkinter-5.2.2.dist-info
ADD INFO /Users/calum/Developer/Excelerator/env/lib/python3.11/site-packages/customtkinter-5.2.2.dist-info
ADD INFO /Users/calum/Developer/Excelerator/env/lib/python3.11/site-packages/customtkinter-5.2.2.dist-info
ADD INFO /Users/calum/Developer/Excelerator/env/lib/python3.11/site-packages/customtkinter-5.2.2.dist-info
ADD INFO /Users/calum/Developer/Excelerator/env/lib/python3.11/site-packages/customtkinter-5.2.2.dist-info
ADD INFO /Users/calum/Developer/Excelerator/env/lib/python3.11/site-packages/customtkinter-5.2.2.dist-info
ADD INFO /Users/calum/Developer/Excelerator/env/lib/python3.11/site-packages/customtkinter-5.2.2.dist-info
ADD INFO /Users/calum/Developer/Excelerator/env/lib/python3.11/site-packages/customtkinter-5.2.2.dist-info
ADD INFO /Users/calum/Developer/Excelerator/env/lib/python3.11/site-packages/customtkinter-5.2.2.dist-info
ADD INFO /Users/calum/Developer/Excelerator/env/lib/python3.11/site-packages/customtkinter-5.2.2.dist-info
ADD INFO /Users/calum/Developer/Excelerator/env/lib/python3.11/site-packages/customtkinter-5.2.2.dist-info
ADD INFO /Users/calum/Developer/Excelerator/env/lib/python3.11/site-packages/customtkinter-5.2.2.dist-info
ADD INFO /Users/calum/Developer/Excelerator/env/lib/python3.11/site-packages/customtkinter-5.2.2.dist-info
ADD INFO /Users/calum/Developer/Excelerator/env/lib/python3.11/site-packages/customtkinter-5.2.2.dist-info
ADD INFO /Users/calum/Developer/Excelerator/env/lib/python3.11/site-packages/customtkinter-5.2.2.dist-info
ADD INFO /Users/calum/Developer/Excelerator/env/lib/python3.11/site-packages/customtkinter-5.2.2.dist-info
ADD INFO /Users/calum/Developer/Excelerator/env/lib/python3.11/site-packages/customtkinter-5.2.2.dist-info
ADD INFO /Users/calum/Developer/Excelerator/env/lib/python3.11/site-packages/customtkinter-5.2.2.dist-info
ADD INFO /Users/calum/Developer/Excelerator/env/lib/python3.11/site-packages/customtkinter-5.2.2.dist-info
ADD INFO /Users/calum/Developer/Excelerator/env/lib/python3.11/site-packages/customtkinter-5.2.2.dist-info
ADD INFO /Users/calum/Developer/Excelerator/env/lib/python3.11/site-packages/customtkinter-5.2.2.dist-info
ADD INFO /Users/calum/Developer/Excelerator/env/lib/python3.11/site-packages/customtkinter-5.2.2.dist-info
ADD INFO /Users/calum/Developer/Excelerator/env/lib/python3.11/site-packages/customtkinter-5.2.2.dist-info
ADD INFO /Users/calum/Developer/Excelerator/env/lib/python3.11/site-packages/customtkinter-5.2.2.dist-info
ADD INFO /Users/calum/Developer/Excelerator/env/lib/python3.11/site-packages/customtkinter-5.2.2.dist-info
ADD INFO /Users/calum/Developer/Excelerator/env/lib/python3.11/site-packages/customtkinter-5.2.2.dist-info
ADD INFO /Users/calum/Developer/Excelerator/env/lib/python3.11/site-packages/customtkinter-5.2.2.dist-info
ADD INFO /Users/calum/Developer/Excelerator/env/lib/python3.11/site-packages/customtkinter-5.2.2.dist-info
ADD INFO /Users/calum/Developer/Excelerator/env/lib/python3.11/site-packages/customtkinter-5.2.2.dist-info
ADD INFO /Users/calum/Developer/Excelerator/env/lib/python3.11/site-packages/customtkinter-5.2.2.dist-info
ADD INFO /Users/calum/Developer/Excelerator/env/lib/python3.11/site-packages/customtkinter-5.2.2.dist-info
ADD INFO /Users/calum/Developer/Excelerator/env/lib/python3.11/site-packages/darkdetect-0.8.0.dist-info
ADD INFO /Users/calum/Developer/Excelerator/env/lib/python3.11/site-packages/darkdetect-0.8.0.dist-info
ADD INFO /Users/calum/Developer/Excelerator/env/lib/python3.11/site-packages/darkdetect-0.8.0.dist-info
ADD INFO /Users/calum/Developer/Excelerator/env/lib/python3.11/site-packages/darkdetect-0.8.0.dist-info
ADD INFO /Users/calum/Developer/Excelerator/env/lib/python3.11/site-packages/darkdetect-0.8.0.dist-info
ADD INFO /Users/calum/Developer/Excelerator/env/lib/python3.11/site-packages/darkdetect-0.8.0.dist-info
ADD INFO /Users/calum/Developer/Excelerator/env/lib/python3.11/site-packages/python_dateutil-2.9.0.post0.dist-info
ADD INFO /Users/calum/Developer/Excelerator/env/lib/python3.11/site-packages/python_dateutil-2.9.0.post0.dist-info
ADD INFO /Users/calum/Developer/Excelerator/env/lib/python3.11/site-packages/python_dateutil-2.9.0.post0.dist-info
ADD INFO /Users/calum/Developer/Excelerator/env/lib/python3.11/site-packages/python_dateutil-2.9.0.post0.dist-info
ADD INFO /Users/calum/Developer/Excelerator/env/lib/python3.11/site-packages/python_dateutil-2.9.0.post0.dist-info
ADD INFO /Users/calum/Developer/Excelerator/env/lib/python3.11/site-packages/python_dateutil-2.9.0.post0.dist-info
ADD INFO /Users/calum/Developer/Excelerator/env/lib/python3.11/site-packages/python_dateutil-2.9.0.post0.dist-info
ADD INFO /Users/calum/Developer/Excelerator/env/lib/python3.11/site-packages/python_dateutil-2.9.0.post0.dist-info
ADD INFO /Users/calum/Developer/Excelerator/env/lib/python3.11/site-packages/python_dateutil-2.9.0.post0.dist-info
ADD INFO /Users/calum/Developer/Excelerator/env/lib/python3.11/site-packages/python_dateutil-2.9.0.post0.dist-info
ADD INFO /Users/calum/Developer/Excelerator/env/lib/python3.11/site-packages/python_dateutil-2.9.0.post0.dist-info
ADD INFO /Users/calum/Developer/Excelerator/env/lib/python3.11/site-packages/python_dateutil-2.9.0.post0.dist-info
ADD INFO /Users/calum/Developer/Excelerator/env/lib/python3.11/site-packages/python_dateutil-2.9.0.post0.dist-info
ADD INFO /Users/calum/Developer/Excelerator/env/lib/python3.11/site-packages/python_dateutil-2.9.0.post0.dist-info
ADD INFO /Users/calum/Developer/Excelerator/env/lib/python3.11/site-packages/python_dateutil-2.9.0.post0.dist-info
ADD INFO /Users/calum/Developer/Excelerator/env/lib/python3.11/site-packages/et_xmlfile-1.1.0.dist-info
ADD INFO /Users/calum/Developer/Excelerator/env/lib/python3.11/site-packages/et_xmlfile-1.1.0.dist-info
ADD INFO /Users/calum/Developer/Excelerator/env/lib/python3.11/site-packages/idna-3.7.dist-info
ADD INFO /Users/calum/Developer/Excelerator/env/lib/python3.11/site-packages/idna-3.7.dist-info
ADD INFO /Users/calum/Developer/Excelerator/env/lib/python3.11/site-packages/idna-3.7.dist-info
ADD INFO /Users/calum/Developer/Excelerator/env/lib/python3.11/site-packages/idna-3.7.dist-info
ADD INFO /Users/calum/Developer/Excelerator/env/lib/python3.11/site-packages/idna-3.7.dist-info
ADD INFO /Users/calum/Developer/Excelerator/env/lib/python3.11/site-packages/idna-3.7.dist-info
ADD INFO /Users/calum/Developer/Excelerator/env/lib/python3.11/site-packages/PyJWT-2.8.0.dist-info
ADD INFO /Users/calum/Developer/Excelerator/env/lib/python3.11/site-packages/PyJWT-2.8.0.dist-info
ADD INFO /Users/calum/Developer/Excelerator/env/lib/python3.11/site-packages/PyJWT-2.8.0.dist-info
ADD INFO /Users/calum/Developer/Excelerator/env/lib/python3.11/site-packages/PyJWT-2.8.0.dist-info
ADD INFO /Users/calum/Developer/Excelerator/env/lib/python3.11/site-packages/PyJWT-2.8.0.dist-info
ADD INFO /Users/calum/Developer/Excelerator/env/lib/python3.11/site-packages/PyJWT-2.8.0.dist-info
ADD INFO /Users/calum/Developer/Excelerator/env/lib/python3.11/site-packages/PyJWT-2.8.0.dist-info
ADD INFO /Users/calum/Developer/Excelerator/env/lib/python3.11/site-packages/PyJWT-2.8.0.dist-info
ADD INFO /Users/calum/Developer/Excelerator/env/lib/python3.11/site-packages/PyJWT-2.8.0.dist-info
ADD INFO /Users/calum/Developer/Excelerator/env/lib/python3.11/site-packages/PyJWT-2.8.0.dist-info
ADD INFO /Users/calum/Developer/Excelerator/env/lib/python3.11/site-packages/PyJWT-2.8.0.dist-info
ADD INFO /Users/calum/Developer/Excelerator/env/lib/python3.11/site-packages/msal-1.28.0.dist-info
ADD INFO /Users/calum/Developer/Excelerator/env/lib/python3.11/site-packages/msal-1.28.0.dist-info
ADD INFO /Users/calum/Developer/Excelerator/env/lib/python3.11/site-packages/msal-1.28.0.dist-info
ADD INFO /Users/calum/Developer/Excelerator/env/lib/python3.11/site-packages/msal-1.28.0.dist-info
ADD INFO /Users/calum/Developer/Excelerator/env/lib/python3.11/site-packages/msal-1.28.0.dist-info
ADD INFO /Users/calum/Developer/Excelerator/env/lib/python3.11/site-packages/msal-1.28.0.dist-info
ADD INFO /Users/calum/Developer/Excelerator/env/lib/python3.11/site-packages/msal-1.28.0.dist-info
ADD INFO /Users/calum/Developer/Excelerator/env/lib/python3.11/site-packages/msal-1.28.0.dist-info
ADD INFO /Users/calum/Developer/Excelerator/env/lib/python3.11/site-packages/msal-1.28.0.dist-info
ADD INFO /Users/calum/Developer/Excelerator/env/lib/python3.11/site-packages/msal-1.28.0.dist-info
ADD INFO /Users/calum/Developer/Excelerator/env/lib/python3.11/site-packages/msal-1.28.0.dist-info
ADD INFO /Users/calum/Developer/Excelerator/env/lib/python3.11/site-packages/msal-1.28.0.dist-info
ADD INFO /Users/calum/Developer/Excelerator/env/lib/python3.11/site-packages/msal-1.28.0.dist-info
ADD INFO /Users/calum/Developer/Excelerator/env/lib/python3.11/site-packages/msal-1.28.0.dist-info
ADD INFO /Users/calum/Developer/Excelerator/env/lib/python3.11/site-packages/msal-1.28.0.dist-info
ADD INFO /Users/calum/Developer/Excelerator/env/lib/python3.11/site-packages/msal-1.28.0.dist-info
ADD INFO /Users/calum/Developer/Excelerator/env/lib/python3.11/site-packages/msal-1.28.0.dist-info
ADD INFO /Users/calum/Developer/Excelerator/env/lib/python3.11/site-packages/msal-1.28.0.dist-info
ADD INFO /Users/calum/Developer/Excelerator/env/lib/python3.11/site-packages/msal-1.28.0.dist-info
ADD INFO /Users/calum/Developer/Excelerator/env/lib/python3.11/site-packages/numpy-1.26.4.dist-info
ADD INFO /Users/calum/Developer/Excelerator/env/lib/python3.11/site-packages/numpy-1.26.4.dist-info
ADD INFO /Users/calum/Developer/Excelerator/env/lib/python3.11/site-packages/numpy-1.26.4.dist-info
ADD INFO /Users/calum/Developer/Excelerator/env/lib/python3.11/site-packages/numpy-1.26.4.dist-info
ADD INFO /Users/calum/Developer/Excelerator/env/lib/python3.11/site-packages/numpy-1.26.4.dist-info
ADD INFO /Users/calum/Developer/Excelerator/env/lib/python3.11/site-packages/numpy-1.26.4.dist-info
ADD INFO /Users/calum/Developer/Excelerator/env/lib/python3.11/site-packages/numpy-1.26.4.dist-info
ADD INFO /Users/calum/Developer/Excelerator/env/lib/python3.11/site-packages/numpy-1.26.4.dist-info
ADD INFO /Users/calum/Developer/Excelerator/env/lib/python3.11/site-packages/numpy-1.26.4.dist-info
ADD INFO /Users/calum/Developer/Excelerator/env/lib/python3.11/site-packages/numpy-1.26.4.dist-info
ADD INFO /Users/calum/Developer/Excelerator/env/lib/python3.11/site-packages/numpy-1.26.4.dist-info
ADD INFO /Users/calum/Developer/Excelerator/env/lib/python3.11/site-packages/numpy-1.26.4.dist-info
ADD INFO /Users/calum/Developer/Excelerator/env/lib/python3.11/site-packages/numpy-1.26.4.dist-info
ADD INFO /Users/calum/Developer/Excelerator/env/lib/python3.11/site-packages/numpy-1.26.4.dist-info
ADD INFO /Users/calum/Developer/Excelerator/env/lib/python3.11/site-packages/numpy-1.26.4.dist-info
ADD INFO /Users/calum/Developer/Excelerator/env/lib/python3.11/site-packages/numpy-1.26.4.dist-info
ADD INFO /Users/calum/Developer/Excelerator/env/lib/python3.11/site-packages/numpy-1.26.4.dist-info
ADD INFO /Users/calum/Developer/Excelerator/env/lib/python3.11/site-packages/numpy-1.26.4.dist-info
ADD INFO /Users/calum/Developer/Excelerator/env/lib/python3.11/site-packages/numpy-1.26.4.dist-info
ADD INFO /Users/calum/Developer/Excelerator/env/lib/python3.11/site-packages/numpy-1.26.4.dist-info
ADD INFO /Users/calum/Developer/Excelerator/env/lib/python3.11/site-packages/numpy-1.26.4.dist-info
ADD INFO /Users/calum/Developer/Excelerator/env/lib/python3.11/site-packages/numpy-1.26.4.dist-info
ADD INFO /Users/calum/Developer/Excelerator/env/lib/python3.11/site-packages/numpy-1.26.4.dist-info
ADD INFO /Users/calum/Developer/Excelerator/env/lib/python3.11/site-packages/numpy-1.26.4.dist-info
ADD INFO /Users/calum/Developer/Excelerator/env/lib/python3.11/site-packages/numpy-1.26.4.dist-info
ADD INFO /Users/calum/Developer/Excelerator/env/lib/python3.11/site-packages/numpy-1.26.4.dist-info
ADD INFO /Users/calum/Developer/Excelerator/env/lib/python3.11/site-packages/numpy-1.26.4.dist-info
ADD INFO /Users/calum/Developer/Excelerator/env/lib/python3.11/site-packages/numpy-1.26.4.dist-info
ADD INFO /Users/calum/Developer/Excelerator/env/lib/python3.11/site-packages/numpy-1.26.4.dist-info
ADD INFO /Users/calum/Developer/Excelerator/env/lib/python3.11/site-packages/numpy-1.26.4.dist-info
ADD INFO /Users/calum/Developer/Excelerator/env/lib/python3.11/site-packages/numpy-1.26.4.dist-info
ADD INFO /Users/calum/Developer/Excelerator/env/lib/python3.11/site-packages/numpy-1.26.4.dist-info
ADD INFO /Users/calum/Developer/Excelerator/env/lib/python3.11/site-packages/numpy-1.26.4.dist-info
ADD INFO /Users/calum/Developer/Excelerator/env/lib/python3.11/site-packages/numpy-1.26.4.dist-info
ADD INFO /Users/calum/Developer/Excelerator/env/lib/python3.11/site-packages/numpy-1.26.4.dist-info
ADD INFO /Users/calum/Developer/Excelerator/env/lib/python3.11/site-packages/numpy-1.26.4.dist-info
ADD INFO /Users/calum/Developer/Excelerator/env/lib/python3.11/site-packages/numpy-1.26.4.dist-info
ADD INFO /Users/calum/Developer/Excelerator/env/lib/python3.11/site-packages/numpy-1.26.4.dist-info
ADD INFO /Users/calum/Developer/Excelerator/env/lib/python3.11/site-packages/numpy-1.26.4.dist-info
ADD INFO /Users/calum/Developer/Excelerator/env/lib/python3.11/site-packages/numpy-1.26.4.dist-info
ADD INFO /Users/calum/Developer/Excelerator/env/lib/python3.11/site-packages/numpy-1.26.4.dist-info
ADD INFO /Users/calum/Developer/Excelerator/env/lib/python3.11/site-packages/numpy-1.26.4.dist-info
ADD INFO /Users/calum/Developer/Excelerator/env/lib/python3.11/site-packages/numpy-1.26.4.dist-info
ADD INFO /Users/calum/Developer/Excelerator/env/lib/python3.11/site-packages/numpy-1.26.4.dist-info
ADD INFO /Users/calum/Developer/Excelerator/env/lib/python3.11/site-packages/numpy-1.26.4.dist-info
ADD INFO /Users/calum/Developer/Excelerator/env/lib/python3.11/site-packages/numpy-1.26.4.dist-info
ADD INFO /Users/calum/Developer/Excelerator/env/lib/python3.11/site-packages/numpy-1.26.4.dist-info
ADD INFO /Users/calum/Developer/Excelerator/env/lib/python3.11/site-packages/numpy-1.26.4.dist-info
ADD INFO /Users/calum/Developer/Excelerator/env/lib/python3.11/site-packages/numpy-1.26.4.dist-info
ADD INFO /Users/calum/Developer/Excelerator/env/lib/python3.11/site-packages/numpy-1.26.4.dist-info
ADD INFO /Users/calum/Developer/Excelerator/env/lib/python3.11/site-packages/numpy-1.26.4.dist-info
ADD INFO /Users/calum/Developer/Excelerator/env/lib/python3.11/site-packages/numpy-1.26.4.dist-info
ADD INFO /Users/calum/Developer/Excelerator/env/lib/python3.11/site-packages/numpy-1.26.4.dist-info
ADD INFO /Users/calum/Developer/Excelerator/env/lib/python3.11/site-packages/numpy-1.26.4.dist-info
ADD INFO /Users/calum/Developer/Excelerator/env/lib/python3.11/site-packages/numpy-1.26.4.dist-info
ADD INFO /Users/calum/Developer/Excelerator/env/lib/python3.11/site-packages/numpy-1.26.4.dist-info
ADD INFO /Users/calum/Developer/Excelerator/env/lib/python3.11/site-packages/numpy-1.26.4.dist-info
ADD INFO /Users/calum/Developer/Excelerator/env/lib/python3.11/site-packages/numpy-1.26.4.dist-info
ADD INFO /Users/calum/Developer/Excelerator/env/lib/python3.11/site-packages/numpy-1.26.4.dist-info
ADD INFO /Users/calum/Developer/Excelerator/env/lib/python3.11/site-packages/numpy-1.26.4.dist-info
ADD INFO /Users/calum/Developer/Excelerator/env/lib/python3.11/site-packages/numpy-1.26.4.dist-info
ADD INFO /Users/calum/Developer/Excelerator/env/lib/python3.11/site-packages/numpy-1.26.4.dist-info
ADD INFO /Users/calum/Developer/Excelerator/env/lib/python3.11/site-packages/numpy-1.26.4.dist-info
ADD INFO /Users/calum/Developer/Excelerator/env/lib/python3.11/site-packages/numpy-1.26.4.dist-info
ADD INFO /Users/calum/Developer/Excelerator/env/lib/python3.11/site-packages/numpy-1.26.4.dist-info
ADD INFO /Users/calum/Developer/Excelerator/env/lib/python3.11/site-packages/numpy-1.26.4.dist-info
ADD INFO /Users/calum/Developer/Excelerator/env/lib/python3.11/site-packages/numpy-1.26.4.dist-info
ADD INFO /Users/calum/Developer/Excelerator/env/lib/python3.11/site-packages/numpy-1.26.4.dist-info
ADD INFO /Users/calum/Developer/Excelerator/env/lib/python3.11/site-packages/numpy-1.26.4.dist-info
ADD INFO /Users/calum/Developer/Excelerator/env/lib/python3.11/site-packages/numpy-1.26.4.dist-info
ADD INFO /Users/calum/Developer/Excelerator/env/lib/python3.11/site-packages/numpy-1.26.4.dist-info
ADD INFO /Users/calum/Developer/Excelerator/env/lib/python3.11/site-packages/numpy-1.26.4.dist-info
ADD INFO /Users/calum/Developer/Excelerator/env/lib/python3.11/site-packages/numpy-1.26.4.dist-info
ADD INFO /Users/calum/Developer/Excelerator/env/lib/python3.11/site-packages/numpy-1.26.4.dist-info
ADD INFO /Users/calum/Developer/Excelerator/env/lib/python3.11/site-packages/numpy-1.26.4.dist-info
ADD INFO /Users/calum/Developer/Excelerator/env/lib/python3.11/site-packages/numpy-1.26.4.dist-info
ADD INFO /Users/calum/Developer/Excelerator/env/lib/python3.11/site-packages/numpy-1.26.4.dist-info
ADD INFO /Users/calum/Developer/Excelerator/env/lib/python3.11/site-packages/numpy-1.26.4.dist-info
ADD INFO /Users/calum/Developer/Excelerator/env/lib/python3.11/site-packages/numpy-1.26.4.dist-info
ADD INFO /Users/calum/Developer/Excelerator/env/lib/python3.11/site-packages/numpy-1.26.4.dist-info
ADD INFO /Users/calum/Developer/Excelerator/env/lib/python3.11/site-packages/numpy-1.26.4.dist-info
ADD INFO /Users/calum/Developer/Excelerator/env/lib/python3.11/site-packages/numpy-1.26.4.dist-info
ADD INFO /Users/calum/Developer/Excelerator/env/lib/python3.11/site-packages/numpy-1.26.4.dist-info
ADD INFO /Users/calum/Developer/Excelerator/env/lib/python3.11/site-packages/numpy-1.26.4.dist-info
ADD INFO /Users/calum/Developer/Excelerator/env/lib/python3.11/site-packages/numpy-1.26.4.dist-info
ADD INFO /Users/calum/Developer/Excelerator/env/lib/python3.11/site-packages/numpy-1.26.4.dist-info
ADD INFO /Users/calum/Developer/Excelerator/env/lib/python3.11/site-packages/numpy-1.26.4.dist-info
ADD INFO /Users/calum/Developer/Excelerator/env/lib/python3.11/site-packages/numpy-1.26.4.dist-info
ADD INFO /Users/calum/Developer/Excelerator/env/lib/python3.11/site-packages/numpy-1.26.4.dist-info
ADD INFO /Users/calum/Developer/Excelerator/env/lib/python3.11/site-packages/numpy-1.26.4.dist-info
ADD INFO /Users/calum/Developer/Excelerator/env/lib/python3.11/site-packages/numpy-1.26.4.dist-info
ADD INFO /Users/calum/Developer/Excelerator/env/lib/python3.11/site-packages/numpy-1.26.4.dist-info
ADD INFO /Users/calum/Developer/Excelerator/env/lib/python3.11/site-packages/numpy-1.26.4.dist-info
ADD INFO /Users/calum/Developer/Excelerator/env/lib/python3.11/site-packages/numpy-1.26.4.dist-info
ADD INFO /Users/calum/Developer/Excelerator/env/lib/python3.11/site-packages/numpy-1.26.4.dist-info
ADD INFO /Users/calum/Developer/Excelerator/env/lib/python3.11/site-packages/numpy-1.26.4.dist-info
ADD INFO /Users/calum/Developer/Excelerator/env/lib/python3.11/site-packages/numpy-1.26.4.dist-info
ADD INFO /Users/calum/Developer/Excelerator/env/lib/python3.11/site-packages/numpy-1.26.4.dist-info
ADD INFO /Users/calum/Developer/Excelerator/env/lib/python3.11/site-packages/numpy-1.26.4.dist-info
ADD INFO /Users/calum/Developer/Excelerator/env/lib/python3.11/site-packages/numpy-1.26.4.dist-info
ADD INFO /Users/calum/Developer/Excelerator/env/lib/python3.11/site-packages/numpy-1.26.4.dist-info
ADD INFO /Users/calum/Developer/Excelerator/env/lib/python3.11/site-packages/numpy-1.26.4.dist-info
ADD INFO /Users/calum/Developer/Excelerator/env/lib/python3.11/site-packages/numpy-1.26.4.dist-info
ADD INFO /Users/calum/Developer/Excelerator/env/lib/python3.11/site-packages/numpy-1.26.4.dist-info
ADD INFO /Users/calum/Developer/Excelerator/env/lib/python3.11/site-packages/numpy-1.26.4.dist-info
ADD INFO /Users/calum/Developer/Excelerator/env/lib/python3.11/site-packages/numpy-1.26.4.dist-info
ADD INFO /Users/calum/Developer/Excelerator/env/lib/python3.11/site-packages/numpy-1.26.4.dist-info
ADD INFO /Users/calum/Developer/Excelerator/env/lib/python3.11/site-packages/numpy-1.26.4.dist-info
ADD INFO /Users/calum/Developer/Excelerator/env/lib/python3.11/site-packages/numpy-1.26.4.dist-info
ADD INFO /Users/calum/Developer/Excelerator/env/lib/python3.11/site-packages/numpy-1.26.4.dist-info
ADD INFO /Users/calum/Developer/Excelerator/env/lib/python3.11/site-packages/numpy-1.26.4.dist-info
ADD INFO /Users/calum/Developer/Excelerator/env/lib/python3.11/site-packages/numpy-1.26.4.dist-info
ADD INFO /Users/calum/Developer/Excelerator/env/lib/python3.11/site-packages/numpy-1.26.4.dist-info
ADD INFO /Users/calum/Developer/Excelerator/env/lib/python3.11/site-packages/numpy-1.26.4.dist-info
ADD INFO /Users/calum/Developer/Excelerator/env/lib/python3.11/site-packages/numpy-1.26.4.dist-info
ADD INFO /Users/calum/Developer/Excelerator/env/lib/python3.11/site-packages/numpy-1.26.4.dist-info
ADD INFO /Users/calum/Developer/Excelerator/env/lib/python3.11/site-packages/numpy-1.26.4.dist-info
ADD INFO /Users/calum/Developer/Excelerator/env/lib/python3.11/site-packages/numpy-1.26.4.dist-info
ADD INFO /Users/calum/Developer/Excelerator/env/lib/python3.11/site-packages/numpy-1.26.4.dist-info
ADD INFO /Users/calum/Developer/Excelerator/env/lib/python3.11/site-packages/numpy-1.26.4.dist-info
ADD INFO /Users/calum/Developer/Excelerator/env/lib/python3.11/site-packages/numpy-1.26.4.dist-info
ADD INFO /Users/calum/Developer/Excelerator/env/lib/python3.11/site-packages/numpy-1.26.4.dist-info
ADD INFO /Users/calum/Developer/Excelerator/env/lib/python3.11/site-packages/numpy-1.26.4.dist-info
ADD INFO /Users/calum/Developer/Excelerator/env/lib/python3.11/site-packages/numpy-1.26.4.dist-info
ADD INFO /Users/calum/Developer/Excelerator/env/lib/python3.11/site-packages/numpy-1.26.4.dist-info
ADD INFO /Users/calum/Developer/Excelerator/env/lib/python3.11/site-packages/numpy-1.26.4.dist-info
ADD INFO /Users/calum/Developer/Excelerator/env/lib/python3.11/site-packages/numpy-1.26.4.dist-info
ADD INFO /Users/calum/Developer/Excelerator/env/lib/python3.11/site-packages/numpy-1.26.4.dist-info
ADD INFO /Users/calum/Developer/Excelerator/env/lib/python3.11/site-packages/numpy-1.26.4.dist-info
ADD INFO /Users/calum/Developer/Excelerator/env/lib/python3.11/site-packages/numpy-1.26.4.dist-info
ADD INFO /Users/calum/Developer/Excelerator/env/lib/python3.11/site-packages/numpy-1.26.4.dist-info
ADD INFO /Users/calum/Developer/Excelerator/env/lib/python3.11/site-packages/numpy-1.26.4.dist-info
ADD INFO /Users/calum/Developer/Excelerator/env/lib/python3.11/site-packages/numpy-1.26.4.dist-info
ADD INFO /Users/calum/Developer/Excelerator/env/lib/python3.11/site-packages/numpy-1.26.4.dist-info
ADD INFO /Users/calum/Developer/Excelerator/env/lib/python3.11/site-packages/numpy-1.26.4.dist-info
ADD INFO /Users/calum/Developer/Excelerator/env/lib/python3.11/site-packages/numpy-1.26.4.dist-info
ADD INFO /Users/calum/Developer/Excelerator/env/lib/python3.11/site-packages/numpy-1.26.4.dist-info
ADD INFO /Users/calum/Developer/Excelerator/env/lib/python3.11/site-packages/numpy-1.26.4.dist-info
ADD INFO /Users/calum/Developer/Excelerator/env/lib/python3.11/site-packages/numpy-1.26.4.dist-info
ADD INFO /Users/calum/Developer/Excelerator/env/lib/python3.11/site-packages/numpy-1.26.4.dist-info
ADD INFO /Users/calum/Developer/Excelerator/env/lib/python3.11/site-packages/numpy-1.26.4.dist-info
ADD INFO /Users/calum/Developer/Excelerator/env/lib/python3.11/site-packages/numpy-1.26.4.dist-info
ADD INFO /Users/calum/Developer/Excelerator/env/lib/python3.11/site-packages/numpy-1.26.4.dist-info
ADD INFO /Users/calum/Developer/Excelerator/env/lib/python3.11/site-packages/numpy-1.26.4.dist-info
ADD INFO /Users/calum/Developer/Excelerator/env/lib/python3.11/site-packages/numpy-1.26.4.dist-info
ADD INFO /Users/calum/Developer/Excelerator/env/lib/python3.11/site-packages/numpy-1.26.4.dist-info
ADD INFO /Users/calum/Developer/Excelerator/env/lib/python3.11/site-packages/numpy-1.26.4.dist-info
ADD INFO /Users/calum/Developer/Excelerator/env/lib/python3.11/site-packages/numpy-1.26.4.dist-info
ADD INFO /Users/calum/Developer/Excelerator/env/lib/python3.11/site-packages/numpy-1.26.4.dist-info
ADD INFO /Users/calum/Developer/Excelerator/env/lib/python3.11/site-packages/numpy-1.26.4.dist-info
ADD INFO /Users/calum/Developer/Excelerator/env/lib/python3.11/site-packages/numpy-1.26.4.dist-info
ADD INFO /Users/calum/Developer/Excelerator/env/lib/python3.11/site-packages/numpy-1.26.4.dist-info
ADD INFO /Users/calum/Developer/Excelerator/env/lib/python3.11/site-packages/numpy-1.26.4.dist-info
ADD INFO /Users/calum/Developer/Excelerator/env/lib/python3.11/site-packages/numpy-1.26.4.dist-info
ADD INFO /Users/calum/Developer/Excelerator/env/lib/python3.11/site-packages/numpy-1.26.4.dist-info
ADD INFO /Users/calum/Developer/Excelerator/env/lib/python3.11/site-packages/numpy-1.26.4.dist-info
ADD INFO /Users/calum/Developer/Excelerator/env/lib/python3.11/site-packages/numpy-1.26.4.dist-info
ADD INFO /Users/calum/Developer/Excelerator/env/lib/python3.11/site-packages/numpy-1.26.4.dist-info
ADD INFO /Users/calum/Developer/Excelerator/env/lib/python3.11/site-packages/numpy-1.26.4.dist-info
ADD INFO /Users/calum/Developer/Excelerator/env/lib/python3.11/site-packages/numpy-1.26.4.dist-info
ADD INFO /Users/calum/Developer/Excelerator/env/lib/python3.11/site-packages/numpy-1.26.4.dist-info
ADD INFO /Users/calum/Developer/Excelerator/env/lib/python3.11/site-packages/numpy-1.26.4.dist-info
ADD INFO /Users/calum/Developer/Excelerator/env/lib/python3.11/site-packages/numpy-1.26.4.dist-info
ADD INFO /Users/calum/Developer/Excelerator/env/lib/python3.11/site-packages/numpy-1.26.4.dist-info
ADD INFO /Users/calum/Developer/Excelerator/env/lib/python3.11/site-packages/numpy-1.26.4.dist-info
ADD INFO /Users/calum/Developer/Excelerator/env/lib/python3.11/site-packages/numpy-1.26.4.dist-info
ADD INFO /Users/calum/Developer/Excelerator/env/lib/python3.11/site-packages/numpy-1.26.4.dist-info
ADD INFO /Users/calum/Developer/Excelerator/env/lib/python3.11/site-packages/numpy-1.26.4.dist-info
ADD INFO /Users/calum/Developer/Excelerator/env/lib/python3.11/site-packages/numpy-1.26.4.dist-info
ADD INFO /Users/calum/Developer/Excelerator/env/lib/python3.11/site-packages/numpy-1.26.4.dist-info
ADD INFO /Users/calum/Developer/Excelerator/env/lib/python3.11/site-packages/numpy-1.26.4.dist-info
ADD INFO /Users/calum/Developer/Excelerator/env/lib/python3.11/site-packages/numpy-1.26.4.dist-info
ADD INFO /Users/calum/Developer/Excelerator/env/lib/python3.11/site-packages/numpy-1.26.4.dist-info
ADD INFO /Users/calum/Developer/Excelerator/env/lib/python3.11/site-packages/numpy-1.26.4.dist-info
ADD INFO /Users/calum/Developer/Excelerator/env/lib/python3.11/site-packages/numpy-1.26.4.dist-info
ADD INFO /Users/calum/Developer/Excelerator/env/lib/python3.11/site-packages/numpy-1.26.4.dist-info
ADD INFO /Users/calum/Developer/Excelerator/env/lib/python3.11/site-packages/numpy-1.26.4.dist-info
ADD INFO /Users/calum/Developer/Excelerator/env/lib/python3.11/site-packages/numpy-1.26.4.dist-info
ADD INFO /Users/calum/Developer/Excelerator/env/lib/python3.11/site-packages/numpy-1.26.4.dist-info
ADD INFO /Users/calum/Developer/Excelerator/env/lib/python3.11/site-packages/numpy-1.26.4.dist-info
ADD INFO /Users/calum/Developer/Excelerator/env/lib/python3.11/site-packages/numpy-1.26.4.dist-info
ADD INFO /Users/calum/Developer/Excelerator/env/lib/python3.11/site-packages/numpy-1.26.4.dist-info
ADD INFO /Users/calum/Developer/Excelerator/env/lib/python3.11/site-packages/numpy-1.26.4.dist-info
ADD INFO /Users/calum/Developer/Excelerator/env/lib/python3.11/site-packages/numpy-1.26.4.dist-info
ADD INFO /Users/calum/Developer/Excelerator/env/lib/python3.11/site-packages/numpy-1.26.4.dist-info
ADD INFO /Users/calum/Developer/Excelerator/env/lib/python3.11/site-packages/numpy-1.26.4.dist-info
ADD INFO /Users/calum/Developer/Excelerator/env/lib/python3.11/site-packages/numpy-1.26.4.dist-info
ADD INFO /Users/calum/Developer/Excelerator/env/lib/python3.11/site-packages/numpy-1.26.4.dist-info
ADD INFO /Users/calum/Developer/Excelerator/env/lib/python3.11/site-packages/numpy-1.26.4.dist-info
ADD INFO /Users/calum/Developer/Excelerator/env/lib/python3.11/site-packages/numpy-1.26.4.dist-info
ADD INFO /Users/calum/Developer/Excelerator/env/lib/python3.11/site-packages/numpy-1.26.4.dist-info
ADD INFO /Users/calum/Developer/Excelerator/env/lib/python3.11/site-packages/numpy-1.26.4.dist-info
ADD INFO /Users/calum/Developer/Excelerator/env/lib/python3.11/site-packages/numpy-1.26.4.dist-info
ADD INFO /Users/calum/Developer/Excelerator/env/lib/python3.11/site-packages/numpy-1.26.4.dist-info
ADD INFO /Users/calum/Developer/Excelerator/env/lib/python3.11/site-packages/numpy-1.26.4.dist-info
ADD INFO /Users/calum/Developer/Excelerator/env/lib/python3.11/site-packages/numpy-1.26.4.dist-info
ADD INFO /Users/calum/Developer/Excelerator/env/lib/python3.11/site-packages/numpy-1.26.4.dist-info
ADD INFO /Users/calum/Developer/Excelerator/env/lib/python3.11/site-packages/numpy-1.26.4.dist-info
ADD INFO /Users/calum/Developer/Excelerator/env/lib/python3.11/site-packages/numpy-1.26.4.dist-info
ADD INFO /Users/calum/Developer/Excelerator/env/lib/python3.11/site-packages/numpy-1.26.4.dist-info
ADD INFO /Users/calum/Developer/Excelerator/env/lib/python3.11/site-packages/numpy-1.26.4.dist-info
ADD INFO /Users/calum/Developer/Excelerator/env/lib/python3.11/site-packages/numpy-1.26.4.dist-info
ADD INFO /Users/calum/Developer/Excelerator/env/lib/python3.11/site-packages/numpy-1.26.4.dist-info
ADD INFO /Users/calum/Developer/Excelerator/env/lib/python3.11/site-packages/numpy-1.26.4.dist-info
ADD INFO /Users/calum/Developer/Excelerator/env/lib/python3.11/site-packages/numpy-1.26.4.dist-info
ADD INFO /Users/calum/Developer/Excelerator/env/lib/python3.11/site-packages/numpy-1.26.4.dist-info
ADD INFO /Users/calum/Developer/Excelerator/env/lib/python3.11/site-packages/numpy-1.26.4.dist-info
ADD INFO /Users/calum/Developer/Excelerator/env/lib/python3.11/site-packages/numpy-1.26.4.dist-info
ADD INFO /Users/calum/Developer/Excelerator/env/lib/python3.11/site-packages/numpy-1.26.4.dist-info
ADD INFO /Users/calum/Developer/Excelerator/env/lib/python3.11/site-packages/numpy-1.26.4.dist-info
ADD INFO /Users/calum/Developer/Excelerator/env/lib/python3.11/site-packages/numpy-1.26.4.dist-info
ADD INFO /Users/calum/Developer/Excelerator/env/lib/python3.11/site-packages/numpy-1.26.4.dist-info
ADD INFO /Users/calum/Developer/Excelerator/env/lib/python3.11/site-packages/numpy-1.26.4.dist-info
ADD INFO /Users/calum/Developer/Excelerator/env/lib/python3.11/site-packages/numpy-1.26.4.dist-info
ADD INFO /Users/calum/Developer/Excelerator/env/lib/python3.11/site-packages/numpy-1.26.4.dist-info
ADD INFO /Users/calum/Developer/Excelerator/env/lib/python3.11/site-packages/numpy-1.26.4.dist-info
ADD INFO /Users/calum/Developer/Excelerator/env/lib/python3.11/site-packages/numpy-1.26.4.dist-info
ADD INFO /Users/calum/Developer/Excelerator/env/lib/python3.11/site-packages/numpy-1.26.4.dist-info
ADD INFO /Users/calum/Developer/Excelerator/env/lib/python3.11/site-packages/numpy-1.26.4.dist-info
ADD INFO /Users/calum/Developer/Excelerator/env/lib/python3.11/site-packages/numpy-1.26.4.dist-info
ADD INFO /Users/calum/Developer/Excelerator/env/lib/python3.11/site-packages/numpy-1.26.4.dist-info
ADD INFO /Users/calum/Developer/Excelerator/env/lib/python3.11/site-packages/numpy-1.26.4.dist-info
ADD INFO /Users/calum/Developer/Excelerator/env/lib/python3.11/site-packages/numpy-1.26.4.dist-info
ADD INFO /Users/calum/Developer/Excelerator/env/lib/python3.11/site-packages/numpy-1.26.4.dist-info
ADD INFO /Users/calum/Developer/Excelerator/env/lib/python3.11/site-packages/numpy-1.26.4.dist-info
ADD INFO /Users/calum/Developer/Excelerator/env/lib/python3.11/site-packages/numpy-1.26.4.dist-info
ADD INFO /Users/calum/Developer/Excelerator/env/lib/python3.11/site-packages/numpy-1.26.4.dist-info
ADD INFO /Users/calum/Developer/Excelerator/env/lib/python3.11/site-packages/numpy-1.26.4.dist-info
ADD INFO /Users/calum/Developer/Excelerator/env/lib/python3.11/site-packages/numpy-1.26.4.dist-info
ADD INFO /Users/calum/Developer/Excelerator/env/lib/python3.11/site-packages/numpy-1.26.4.dist-info
ADD INFO /Users/calum/Developer/Excelerator/env/lib/python3.11/site-packages/numpy-1.26.4.dist-info
ADD INFO /Users/calum/Developer/Excelerator/env/lib/python3.11/site-packages/numpy-1.26.4.dist-info
ADD INFO /Users/calum/Developer/Excelerator/env/lib/python3.11/site-packages/numpy-1.26.4.dist-info
ADD INFO /Users/calum/Developer/Excelerator/env/lib/python3.11/site-packages/numpy-1.26.4.dist-info
ADD INFO /Users/calum/Developer/Excelerator/env/lib/python3.11/site-packages/numpy-1.26.4.dist-info
ADD INFO /Users/calum/Developer/Excelerator/env/lib/python3.11/site-packages/numpy-1.26.4.dist-info
ADD INFO /Users/calum/Developer/Excelerator/env/lib/python3.11/site-packages/numpy-1.26.4.dist-info
ADD INFO /Users/calum/Developer/Excelerator/env/lib/python3.11/site-packages/numpy-1.26.4.dist-info
ADD INFO /Users/calum/Developer/Excelerator/env/lib/python3.11/site-packages/numpy-1.26.4.dist-info
ADD INFO /Users/calum/Developer/Excelerator/env/lib/python3.11/site-packages/numpy-1.26.4.dist-info
ADD INFO /Users/calum/Developer/Excelerator/env/lib/python3.11/site-packages/numpy-1.26.4.dist-info
ADD INFO /Users/calum/Developer/Excelerator/env/lib/python3.11/site-packages/numpy-1.26.4.dist-info
ADD INFO /Users/calum/Developer/Excelerator/env/lib/python3.11/site-packages/numpy-1.26.4.dist-info
ADD INFO /Users/calum/Developer/Excelerator/env/lib/python3.11/site-packages/numpy-1.26.4.dist-info
ADD INFO /Users/calum/Developer/Excelerator/env/lib/python3.11/site-packages/numpy-1.26.4.dist-info
ADD INFO /Users/calum/Developer/Excelerator/env/lib/python3.11/site-packages/numpy-1.26.4.dist-info
ADD INFO /Users/calum/Developer/Excelerator/env/lib/python3.11/site-packages/numpy-1.26.4.dist-info
ADD INFO /Users/calum/Developer/Excelerator/env/lib/python3.11/site-packages/numpy-1.26.4.dist-info
ADD INFO /Users/calum/Developer/Excelerator/env/lib/python3.11/site-packages/numpy-1.26.4.dist-info
ADD INFO /Users/calum/Developer/Excelerator/env/lib/python3.11/site-packages/numpy-1.26.4.dist-info
ADD INFO /Users/calum/Developer/Excelerator/env/lib/python3.11/site-packages/numpy-1.26.4.dist-info
ADD INFO /Users/calum/Developer/Excelerator/env/lib/python3.11/site-packages/numpy-1.26.4.dist-info
ADD INFO /Users/calum/Developer/Excelerator/env/lib/python3.11/site-packages/numpy-1.26.4.dist-info
ADD INFO /Users/calum/Developer/Excelerator/env/lib/python3.11/site-packages/numpy-1.26.4.dist-info
ADD INFO /Users/calum/Developer/Excelerator/env/lib/python3.11/site-packages/numpy-1.26.4.dist-info
ADD INFO /Users/calum/Developer/Excelerator/env/lib/python3.11/site-packages/numpy-1.26.4.dist-info
ADD INFO /Users/calum/Developer/Excelerator/env/lib/python3.11/site-packages/numpy-1.26.4.dist-info
ADD INFO /Users/calum/Developer/Excelerator/env/lib/python3.11/site-packages/numpy-1.26.4.dist-info
ADD INFO /Users/calum/Developer/Excelerator/env/lib/python3.11/site-packages/numpy-1.26.4.dist-info
ADD INFO /Users/calum/Developer/Excelerator/env/lib/python3.11/site-packages/numpy-1.26.4.dist-info
ADD INFO /Users/calum/Developer/Excelerator/env/lib/python3.11/site-packages/numpy-1.26.4.dist-info
ADD INFO /Users/calum/Developer/Excelerator/env/lib/python3.11/site-packages/numpy-1.26.4.dist-info
ADD INFO /Users/calum/Developer/Excelerator/env/lib/python3.11/site-packages/numpy-1.26.4.dist-info
ADD INFO /Users/calum/Developer/Excelerator/env/lib/python3.11/site-packages/numpy-1.26.4.dist-info
ADD INFO /Users/calum/Developer/Excelerator/env/lib/python3.11/site-packages/numpy-1.26.4.dist-info
ADD INFO /Users/calum/Developer/Excelerator/env/lib/python3.11/site-packages/numpy-1.26.4.dist-info
ADD INFO /Users/calum/Developer/Excelerator/env/lib/python3.11/site-packages/numpy-1.26.4.dist-info
ADD INFO /Users/calum/Developer/Excelerator/env/lib/python3.11/site-packages/numpy-1.26.4.dist-info
ADD INFO /Users/calum/Developer/Excelerator/env/lib/python3.11/site-packages/numpy-1.26.4.dist-info
ADD INFO /Users/calum/Developer/Excelerator/env/lib/python3.11/site-packages/numpy-1.26.4.dist-info
ADD INFO /Users/calum/Developer/Excelerator/env/lib/python3.11/site-packages/numpy-1.26.4.dist-info
ADD INFO /Users/calum/Developer/Excelerator/env/lib/python3.11/site-packages/numpy-1.26.4.dist-info
ADD INFO /Users/calum/Developer/Excelerator/env/lib/python3.11/site-packages/numpy-1.26.4.dist-info
ADD INFO /Users/calum/Developer/Excelerator/env/lib/python3.11/site-packages/numpy-1.26.4.dist-info
ADD INFO /Users/calum/Developer/Excelerator/env/lib/python3.11/site-packages/numpy-1.26.4.dist-info
ADD INFO /Users/calum/Developer/Excelerator/env/lib/python3.11/site-packages/numpy-1.26.4.dist-info
ADD INFO /Users/calum/Developer/Excelerator/env/lib/python3.11/site-packages/numpy-1.26.4.dist-info
ADD INFO /Users/calum/Developer/Excelerator/env/lib/python3.11/site-packages/numpy-1.26.4.dist-info
ADD INFO /Users/calum/Developer/Excelerator/env/lib/python3.11/site-packages/numpy-1.26.4.dist-info
ADD INFO /Users/calum/Developer/Excelerator/env/lib/python3.11/site-packages/numpy-1.26.4.dist-info
ADD INFO /Users/calum/Developer/Excelerator/env/lib/python3.11/site-packages/numpy-1.26.4.dist-info
ADD INFO /Users/calum/Developer/Excelerator/env/lib/python3.11/site-packages/numpy-1.26.4.dist-info
ADD INFO /Users/calum/Developer/Excelerator/env/lib/python3.11/site-packages/numpy-1.26.4.dist-info
ADD INFO /Users/calum/Developer/Excelerator/env/lib/python3.11/site-packages/numpy-1.26.4.dist-info
ADD INFO /Users/calum/Developer/Excelerator/env/lib/python3.11/site-packages/numpy-1.26.4.dist-info
ADD INFO /Users/calum/Developer/Excelerator/env/lib/python3.11/site-packages/numpy-1.26.4.dist-info
ADD INFO /Users/calum/Developer/Excelerator/env/lib/python3.11/site-packages/numpy-1.26.4.dist-info
ADD INFO /Users/calum/Developer/Excelerator/env/lib/python3.11/site-packages/numpy-1.26.4.dist-info
ADD INFO /Users/calum/Developer/Excelerator/env/lib/python3.11/site-packages/numpy-1.26.4.dist-info
ADD INFO /Users/calum/Developer/Excelerator/env/lib/python3.11/site-packages/numpy-1.26.4.dist-info
ADD INFO /Users/calum/Developer/Excelerator/env/lib/python3.11/site-packages/numpy-1.26.4.dist-info
ADD INFO /Users/calum/Developer/Excelerator/env/lib/python3.11/site-packages/numpy-1.26.4.dist-info
ADD INFO /Users/calum/Developer/Excelerator/env/lib/python3.11/site-packages/numpy-1.26.4.dist-info
ADD INFO /Users/calum/Developer/Excelerator/env/lib/python3.11/site-packages/numpy-1.26.4.dist-info
ADD INFO /Users/calum/Developer/Excelerator/env/lib/python3.11/site-packages/numpy-1.26.4.dist-info
ADD INFO /Users/calum/Developer/Excelerator/env/lib/python3.11/site-packages/numpy-1.26.4.dist-info
ADD INFO /Users/calum/Developer/Excelerator/env/lib/python3.11/site-packages/numpy-1.26.4.dist-info
ADD INFO /Users/calum/Developer/Excelerator/env/lib/python3.11/site-packages/numpy-1.26.4.dist-info
ADD INFO /Users/calum/Developer/Excelerator/env/lib/python3.11/site-packages/numpy-1.26.4.dist-info
ADD INFO /Users/calum/Developer/Excelerator/env/lib/python3.11/site-packages/numpy-1.26.4.dist-info
ADD INFO /Users/calum/Developer/Excelerator/env/lib/python3.11/site-packages/numpy-1.26.4.dist-info
ADD INFO /Users/calum/Developer/Excelerator/env/lib/python3.11/site-packages/numpy-1.26.4.dist-info
ADD INFO /Users/calum/Developer/Excelerator/env/lib/python3.11/site-packages/numpy-1.26.4.dist-info
ADD INFO /Users/calum/Developer/Excelerator/env/lib/python3.11/site-packages/numpy-1.26.4.dist-info
ADD INFO /Users/calum/Developer/Excelerator/env/lib/python3.11/site-packages/numpy-1.26.4.dist-info
ADD INFO /Users/calum/Developer/Excelerator/env/lib/python3.11/site-packages/numpy-1.26.4.dist-info
ADD INFO /Users/calum/Developer/Excelerator/env/lib/python3.11/site-packages/numpy-1.26.4.dist-info
ADD INFO /Users/calum/Developer/Excelerator/env/lib/python3.11/site-packages/numpy-1.26.4.dist-info
ADD INFO /Users/calum/Developer/Excelerator/env/lib/python3.11/site-packages/numpy-1.26.4.dist-info
ADD INFO /Users/calum/Developer/Excelerator/env/lib/python3.11/site-packages/numpy-1.26.4.dist-info
ADD INFO /Users/calum/Developer/Excelerator/env/lib/python3.11/site-packages/numpy-1.26.4.dist-info
ADD INFO /Users/calum/Developer/Excelerator/env/lib/python3.11/site-packages/numpy-1.26.4.dist-info
ADD INFO /Users/calum/Developer/Excelerator/env/lib/python3.11/site-packages/numpy-1.26.4.dist-info
ADD INFO /Users/calum/Developer/Excelerator/env/lib/python3.11/site-packages/numpy-1.26.4.dist-info
ADD INFO /Users/calum/Developer/Excelerator/env/lib/python3.11/site-packages/numpy-1.26.4.dist-info
ADD INFO /Users/calum/Developer/Excelerator/env/lib/python3.11/site-packages/numpy-1.26.4.dist-info
ADD INFO /Users/calum/Developer/Excelerator/env/lib/python3.11/site-packages/numpy-1.26.4.dist-info
ADD INFO /Users/calum/Developer/Excelerator/env/lib/python3.11/site-packages/numpy-1.26.4.dist-info
ADD INFO /Users/calum/Developer/Excelerator/env/lib/python3.11/site-packages/numpy-1.26.4.dist-info
ADD INFO /Users/calum/Developer/Excelerator/env/lib/python3.11/site-packages/numpy-1.26.4.dist-info
ADD INFO /Users/calum/Developer/Excelerator/env/lib/python3.11/site-packages/numpy-1.26.4.dist-info
ADD INFO /Users/calum/Developer/Excelerator/env/lib/python3.11/site-packages/numpy-1.26.4.dist-info
ADD INFO /Users/calum/Developer/Excelerator/env/lib/python3.11/site-packages/numpy-1.26.4.dist-info
ADD INFO /Users/calum/Developer/Excelerator/env/lib/python3.11/site-packages/numpy-1.26.4.dist-info
ADD INFO /Users/calum/Developer/Excelerator/env/lib/python3.11/site-packages/numpy-1.26.4.dist-info
ADD INFO /Users/calum/Developer/Excelerator/env/lib/python3.11/site-packages/numpy-1.26.4.dist-info
ADD INFO /Users/calum/Developer/Excelerator/env/lib/python3.11/site-packages/numpy-1.26.4.dist-info
ADD INFO /Users/calum/Developer/Excelerator/env/lib/python3.11/site-packages/numpy-1.26.4.dist-info
ADD INFO /Users/calum/Developer/Excelerator/env/lib/python3.11/site-packages/numpy-1.26.4.dist-info
ADD INFO /Users/calum/Developer/Excelerator/env/lib/python3.11/site-packages/numpy-1.26.4.dist-info
ADD INFO /Users/calum/Developer/Excelerator/env/lib/python3.11/site-packages/numpy-1.26.4.dist-info
ADD INFO /Users/calum/Developer/Excelerator/env/lib/python3.11/site-packages/numpy-1.26.4.dist-info
ADD INFO /Users/calum/Developer/Excelerator/env/lib/python3.11/site-packages/numpy-1.26.4.dist-info
ADD INFO /Users/calum/Developer/Excelerator/env/lib/python3.11/site-packages/numpy-1.26.4.dist-info
ADD INFO /Users/calum/Developer/Excelerator/env/lib/python3.11/site-packages/numpy-1.26.4.dist-info
ADD INFO /Users/calum/Developer/Excelerator/env/lib/python3.11/site-packages/numpy-1.26.4.dist-info
ADD INFO /Users/calum/Developer/Excelerator/env/lib/python3.11/site-packages/numpy-1.26.4.dist-info
ADD INFO /Users/calum/Developer/Excelerator/env/lib/python3.11/site-packages/numpy-1.26.4.dist-info
ADD INFO /Users/calum/Developer/Excelerator/env/lib/python3.11/site-packages/numpy-1.26.4.dist-info
ADD INFO /Users/calum/Developer/Excelerator/env/lib/python3.11/site-packages/numpy-1.26.4.dist-info
ADD INFO /Users/calum/Developer/Excelerator/env/lib/python3.11/site-packages/numpy-1.26.4.dist-info
ADD INFO /Users/calum/Developer/Excelerator/env/lib/python3.11/site-packages/numpy-1.26.4.dist-info
ADD INFO /Users/calum/Developer/Excelerator/env/lib/python3.11/site-packages/numpy-1.26.4.dist-info
ADD INFO /Users/calum/Developer/Excelerator/env/lib/python3.11/site-packages/numpy-1.26.4.dist-info
ADD INFO /Users/calum/Developer/Excelerator/env/lib/python3.11/site-packages/numpy-1.26.4.dist-info
ADD INFO /Users/calum/Developer/Excelerator/env/lib/python3.11/site-packages/numpy-1.26.4.dist-info
ADD INFO /Users/calum/Developer/Excelerator/env/lib/python3.11/site-packages/numpy-1.26.4.dist-info
ADD INFO /Users/calum/Developer/Excelerator/env/lib/python3.11/site-packages/numpy-1.26.4.dist-info
ADD INFO /Users/calum/Developer/Excelerator/env/lib/python3.11/site-packages/numpy-1.26.4.dist-info
ADD INFO /Users/calum/Developer/Excelerator/env/lib/python3.11/site-packages/numpy-1.26.4.dist-info
ADD INFO /Users/calum/Developer/Excelerator/env/lib/python3.11/site-packages/numpy-1.26.4.dist-info
ADD INFO /Users/calum/Developer/Excelerator/env/lib/python3.11/site-packages/numpy-1.26.4.dist-info
ADD INFO /Users/calum/Developer/Excelerator/env/lib/python3.11/site-packages/numpy-1.26.4.dist-info
ADD INFO /Users/calum/Developer/Excelerator/env/lib/python3.11/site-packages/numpy-1.26.4.dist-info
ADD INFO /Users/calum/Developer/Excelerator/env/lib/python3.11/site-packages/numpy-1.26.4.dist-info
ADD INFO /Users/calum/Developer/Excelerator/env/lib/python3.11/site-packages/numpy-1.26.4.dist-info
ADD INFO /Users/calum/Developer/Excelerator/env/lib/python3.11/site-packages/numpy-1.26.4.dist-info
ADD INFO /Users/calum/Developer/Excelerator/env/lib/python3.11/site-packages/numpy-1.26.4.dist-info
ADD INFO /Users/calum/Developer/Excelerator/env/lib/python3.11/site-packages/numpy-1.26.4.dist-info
ADD INFO /Users/calum/Developer/Excelerator/env/lib/python3.11/site-packages/numpy-1.26.4.dist-info
ADD INFO /Users/calum/Developer/Excelerator/env/lib/python3.11/site-packages/numpy-1.26.4.dist-info
ADD INFO /Users/calum/Developer/Excelerator/env/lib/python3.11/site-packages/numpy-1.26.4.dist-info
ADD INFO /Users/calum/Developer/Excelerator/env/lib/python3.11/site-packages/numpy-1.26.4.dist-info
ADD INFO /Users/calum/Developer/Excelerator/env/lib/python3.11/site-packages/numpy-1.26.4.dist-info
ADD INFO /Users/calum/Developer/Excelerator/env/lib/python3.11/site-packages/numpy-1.26.4.dist-info
ADD INFO /Users/calum/Developer/Excelerator/env/lib/python3.11/site-packages/numpy-1.26.4.dist-info
ADD INFO /Users/calum/Developer/Excelerator/env/lib/python3.11/site-packages/numpy-1.26.4.dist-info
ADD INFO /Users/calum/Developer/Excelerator/env/lib/python3.11/site-packages/numpy-1.26.4.dist-info
ADD INFO /Users/calum/Developer/Excelerator/env/lib/python3.11/site-packages/numpy-1.26.4.dist-info
ADD INFO /Users/calum/Developer/Excelerator/env/lib/python3.11/site-packages/numpy-1.26.4.dist-info
ADD INFO /Users/calum/Developer/Excelerator/env/lib/python3.11/site-packages/numpy-1.26.4.dist-info
ADD INFO /Users/calum/Developer/Excelerator/env/lib/python3.11/site-packages/numpy-1.26.4.dist-info
ADD INFO /Users/calum/Developer/Excelerator/env/lib/python3.11/site-packages/numpy-1.26.4.dist-info
ADD INFO /Users/calum/Developer/Excelerator/env/lib/python3.11/site-packages/numpy-1.26.4.dist-info
ADD INFO /Users/calum/Developer/Excelerator/env/lib/python3.11/site-packages/numpy-1.26.4.dist-info
ADD INFO /Users/calum/Developer/Excelerator/env/lib/python3.11/site-packages/numpy-1.26.4.dist-info
ADD INFO /Users/calum/Developer/Excelerator/env/lib/python3.11/site-packages/numpy-1.26.4.dist-info
ADD INFO /Users/calum/Developer/Excelerator/env/lib/python3.11/site-packages/numpy-1.26.4.dist-info
ADD INFO /Users/calum/Developer/Excelerator/env/lib/python3.11/site-packages/numpy-1.26.4.dist-info
ADD INFO /Users/calum/Developer/Excelerator/env/lib/python3.11/site-packages/numpy-1.26.4.dist-info
ADD INFO /Users/calum/Developer/Excelerator/env/lib/python3.11/site-packages/numpy-1.26.4.dist-info
ADD INFO /Users/calum/Developer/Excelerator/env/lib/python3.11/site-packages/numpy-1.26.4.dist-info
ADD INFO /Users/calum/Developer/Excelerator/env/lib/python3.11/site-packages/numpy-1.26.4.dist-info
ADD INFO /Users/calum/Developer/Excelerator/env/lib/python3.11/site-packages/numpy-1.26.4.dist-info
ADD INFO /Users/calum/Developer/Excelerator/env/lib/python3.11/site-packages/numpy-1.26.4.dist-info
ADD INFO /Users/calum/Developer/Excelerator/env/lib/python3.11/site-packages/numpy-1.26.4.dist-info
ADD INFO /Users/calum/Developer/Excelerator/env/lib/python3.11/site-packages/numpy-1.26.4.dist-info
ADD INFO /Users/calum/Developer/Excelerator/env/lib/python3.11/site-packages/numpy-1.26.4.dist-info
ADD INFO /Users/calum/Developer/Excelerator/env/lib/python3.11/site-packages/numpy-1.26.4.dist-info
ADD INFO /Users/calum/Developer/Excelerator/env/lib/python3.11/site-packages/numpy-1.26.4.dist-info
ADD INFO /Users/calum/Developer/Excelerator/env/lib/python3.11/site-packages/numpy-1.26.4.dist-info
ADD INFO /Users/calum/Developer/Excelerator/env/lib/python3.11/site-packages/numpy-1.26.4.dist-info
ADD INFO /Users/calum/Developer/Excelerator/env/lib/python3.11/site-packages/numpy-1.26.4.dist-info
ADD INFO /Users/calum/Developer/Excelerator/env/lib/python3.11/site-packages/numpy-1.26.4.dist-info
ADD INFO /Users/calum/Developer/Excelerator/env/lib/python3.11/site-packages/numpy-1.26.4.dist-info
ADD INFO /Users/calum/Developer/Excelerator/env/lib/python3.11/site-packages/numpy-1.26.4.dist-info
ADD INFO /Users/calum/Developer/Excelerator/env/lib/python3.11/site-packages/numpy-1.26.4.dist-info
ADD INFO /Users/calum/Developer/Excelerator/env/lib/python3.11/site-packages/numpy-1.26.4.dist-info
ADD INFO /Users/calum/Developer/Excelerator/env/lib/python3.11/site-packages/numpy-1.26.4.dist-info
ADD INFO /Users/calum/Developer/Excelerator/env/lib/python3.11/site-packages/numpy-1.26.4.dist-info
ADD INFO /Users/calum/Developer/Excelerator/env/lib/python3.11/site-packages/numpy-1.26.4.dist-info
ADD INFO /Users/calum/Developer/Excelerator/env/lib/python3.11/site-packages/numpy-1.26.4.dist-info
ADD INFO /Users/calum/Developer/Excelerator/env/lib/python3.11/site-packages/numpy-1.26.4.dist-info
ADD INFO /Users/calum/Developer/Excelerator/env/lib/python3.11/site-packages/numpy-1.26.4.dist-info
ADD INFO /Users/calum/Developer/Excelerator/env/lib/python3.11/site-packages/numpy-1.26.4.dist-info
ADD INFO /Users/calum/Developer/Excelerator/env/lib/python3.11/site-packages/numpy-1.26.4.dist-info
ADD INFO /Users/calum/Developer/Excelerator/env/lib/python3.11/site-packages/numpy-1.26.4.dist-info
ADD INFO /Users/calum/Developer/Excelerator/env/lib/python3.11/site-packages/numpy-1.26.4.dist-info
ADD INFO /Users/calum/Developer/Excelerator/env/lib/python3.11/site-packages/numpy-1.26.4.dist-info
ADD INFO /Users/calum/Developer/Excelerator/env/lib/python3.11/site-packages/numpy-1.26.4.dist-info
ADD INFO /Users/calum/Developer/Excelerator/env/lib/python3.11/site-packages/numpy-1.26.4.dist-info
ADD INFO /Users/calum/Developer/Excelerator/env/lib/python3.11/site-packages/numpy-1.26.4.dist-info
ADD INFO /Users/calum/Developer/Excelerator/env/lib/python3.11/site-packages/numpy-1.26.4.dist-info
ADD INFO /Users/calum/Developer/Excelerator/env/lib/python3.11/site-packages/numpy-1.26.4.dist-info
ADD INFO /Users/calum/Developer/Excelerator/env/lib/python3.11/site-packages/numpy-1.26.4.dist-info
ADD INFO /Users/calum/Developer/Excelerator/env/lib/python3.11/site-packages/numpy-1.26.4.dist-info
ADD INFO /Users/calum/Developer/Excelerator/env/lib/python3.11/site-packages/numpy-1.26.4.dist-info
ADD INFO /Users/calum/Developer/Excelerator/env/lib/python3.11/site-packages/numpy-1.26.4.dist-info
ADD INFO /Users/calum/Developer/Excelerator/env/lib/python3.11/site-packages/numpy-1.26.4.dist-info
ADD INFO /Users/calum/Developer/Excelerator/env/lib/python3.11/site-packages/numpy-1.26.4.dist-info
ADD INFO /Users/calum/Developer/Excelerator/env/lib/python3.11/site-packages/numpy-1.26.4.dist-info
ADD INFO /Users/calum/Developer/Excelerator/env/lib/python3.11/site-packages/numpy-1.26.4.dist-info
ADD INFO /Users/calum/Developer/Excelerator/env/lib/python3.11/site-packages/numpy-1.26.4.dist-info
ADD INFO /Users/calum/Developer/Excelerator/env/lib/python3.11/site-packages/numpy-1.26.4.dist-info
ADD INFO /Users/calum/Developer/Excelerator/env/lib/python3.11/site-packages/numpy-1.26.4.dist-info
ADD INFO /Users/calum/Developer/Excelerator/env/lib/python3.11/site-packages/numpy-1.26.4.dist-info
ADD INFO /Users/calum/Developer/Excelerator/env/lib/python3.11/site-packages/numpy-1.26.4.dist-info
ADD INFO /Users/calum/Developer/Excelerator/env/lib/python3.11/site-packages/numpy-1.26.4.dist-info
ADD INFO /Users/calum/Developer/Excelerator/env/lib/python3.11/site-packages/numpy-1.26.4.dist-info
ADD INFO /Users/calum/Developer/Excelerator/env/lib/python3.11/site-packages/numpy-1.26.4.dist-info
ADD INFO /Users/calum/Developer/Excelerator/env/lib/python3.11/site-packages/numpy-1.26.4.dist-info
ADD INFO /Users/calum/Developer/Excelerator/env/lib/python3.11/site-packages/numpy-1.26.4.dist-info
ADD INFO /Users/calum/Developer/Excelerator/env/lib/python3.11/site-packages/numpy-1.26.4.dist-info
ADD INFO /Users/calum/Developer/Excelerator/env/lib/python3.11/site-packages/numpy-1.26.4.dist-info
ADD INFO /Users/calum/Developer/Excelerator/env/lib/python3.11/site-packages/numpy-1.26.4.dist-info
ADD INFO /Users/calum/Developer/Excelerator/env/lib/python3.11/site-packages/numpy-1.26.4.dist-info
ADD INFO /Users/calum/Developer/Excelerator/env/lib/python3.11/site-packages/numpy-1.26.4.dist-info
ADD INFO /Users/calum/Developer/Excelerator/env/lib/python3.11/site-packages/numpy-1.26.4.dist-info
ADD INFO /Users/calum/Developer/Excelerator/env/lib/python3.11/site-packages/numpy-1.26.4.dist-info
ADD INFO /Users/calum/Developer/Excelerator/env/lib/python3.11/site-packages/numpy-1.26.4.dist-info
ADD INFO /Users/calum/Developer/Excelerator/env/lib/python3.11/site-packages/numpy-1.26.4.dist-info
ADD INFO /Users/calum/Developer/Excelerator/env/lib/python3.11/site-packages/numpy-1.26.4.dist-info
ADD INFO /Users/calum/Developer/Excelerator/env/lib/python3.11/site-packages/numpy-1.26.4.dist-info
ADD INFO /Users/calum/Developer/Excelerator/env/lib/python3.11/site-packages/numpy-1.26.4.dist-info
ADD INFO /Users/calum/Developer/Excelerator/env/lib/python3.11/site-packages/numpy-1.26.4.dist-info
ADD INFO /Users/calum/Developer/Excelerator/env/lib/python3.11/site-packages/numpy-1.26.4.dist-info
ADD INFO /Users/calum/Developer/Excelerator/env/lib/python3.11/site-packages/numpy-1.26.4.dist-info
ADD INFO /Users/calum/Developer/Excelerator/env/lib/python3.11/site-packages/numpy-1.26.4.dist-info
ADD INFO /Users/calum/Developer/Excelerator/env/lib/python3.11/site-packages/numpy-1.26.4.dist-info
ADD INFO /Users/calum/Developer/Excelerator/env/lib/python3.11/site-packages/numpy-1.26.4.dist-info
ADD INFO /Users/calum/Developer/Excelerator/env/lib/python3.11/site-packages/numpy-1.26.4.dist-info
ADD INFO /Users/calum/Developer/Excelerator/env/lib/python3.11/site-packages/numpy-1.26.4.dist-info
ADD INFO /Users/calum/Developer/Excelerator/env/lib/python3.11/site-packages/numpy-1.26.4.dist-info
ADD INFO /Users/calum/Developer/Excelerator/env/lib/python3.11/site-packages/numpy-1.26.4.dist-info
ADD INFO /Users/calum/Developer/Excelerator/env/lib/python3.11/site-packages/numpy-1.26.4.dist-info
ADD INFO /Users/calum/Developer/Excelerator/env/lib/python3.11/site-packages/openpyxl-3.1.2.dist-info
ADD INFO /Users/calum/Developer/Excelerator/env/lib/python3.11/site-packages/openpyxl-3.1.2.dist-info
ADD INFO /Users/calum/Developer/Excelerator/env/lib/python3.11/site-packages/openpyxl-3.1.2.dist-info
ADD INFO /Users/calum/Developer/Excelerator/env/lib/python3.11/site-packages/openpyxl-3.1.2.dist-info
ADD INFO /Users/calum/Developer/Excelerator/env/lib/python3.11/site-packages/openpyxl-3.1.2.dist-info
ADD INFO /Users/calum/Developer/Excelerator/env/lib/python3.11/site-packages/openpyxl-3.1.2.dist-info
ADD INFO /Users/calum/Developer/Excelerator/env/lib/python3.11/site-packages/openpyxl-3.1.2.dist-info
ADD INFO /Users/calum/Developer/Excelerator/env/lib/python3.11/site-packages/openpyxl-3.1.2.dist-info
ADD INFO /Users/calum/Developer/Excelerator/env/lib/python3.11/site-packages/openpyxl-3.1.2.dist-info
ADD INFO /Users/calum/Developer/Excelerator/env/lib/python3.11/site-packages/openpyxl-3.1.2.dist-info
ADD INFO /Users/calum/Developer/Excelerator/env/lib/python3.11/site-packages/openpyxl-3.1.2.dist-info
ADD INFO /Users/calum/Developer/Excelerator/env/lib/python3.11/site-packages/openpyxl-3.1.2.dist-info
ADD INFO /Users/calum/Developer/Excelerator/env/lib/python3.11/site-packages/openpyxl-3.1.2.dist-info
ADD INFO /Users/calum/Developer/Excelerator/env/lib/python3.11/site-packages/openpyxl-3.1.2.dist-info
ADD INFO /Users/calum/Developer/Excelerator/env/lib/python3.11/site-packages/openpyxl-3.1.2.dist-info
ADD INFO /Users/calum/Developer/Excelerator/env/lib/python3.11/site-packages/openpyxl-3.1.2.dist-info
ADD INFO /Users/calum/Developer/Excelerator/env/lib/python3.11/site-packages/openpyxl-3.1.2.dist-info
ADD INFO /Users/calum/Developer/Excelerator/env/lib/python3.11/site-packages/openpyxl-3.1.2.dist-info
ADD INFO /Users/calum/Developer/Excelerator/env/lib/python3.11/site-packages/openpyxl-3.1.2.dist-info
ADD INFO /Users/calum/Developer/Excelerator/env/lib/python3.11/site-packages/openpyxl-3.1.2.dist-info
ADD INFO /Users/calum/Developer/Excelerator/env/lib/python3.11/site-packages/openpyxl-3.1.2.dist-info
ADD INFO /Users/calum/Developer/Excelerator/env/lib/python3.11/site-packages/openpyxl-3.1.2.dist-info
ADD INFO /Users/calum/Developer/Excelerator/env/lib/python3.11/site-packages/openpyxl-3.1.2.dist-info
ADD INFO /Users/calum/Developer/Excelerator/env/lib/python3.11/site-packages/openpyxl-3.1.2.dist-info
ADD INFO /Users/calum/Developer/Excelerator/env/lib/python3.11/site-packages/openpyxl-3.1.2.dist-info
ADD INFO /Users/calum/Developer/Excelerator/env/lib/python3.11/site-packages/openpyxl-3.1.2.dist-info
ADD INFO /Users/calum/Developer/Excelerator/env/lib/python3.11/site-packages/openpyxl-3.1.2.dist-info
ADD INFO /Users/calum/Developer/Excelerator/env/lib/python3.11/site-packages/openpyxl-3.1.2.dist-info
ADD INFO /Users/calum/Developer/Excelerator/env/lib/python3.11/site-packages/openpyxl-3.1.2.dist-info
ADD INFO /Users/calum/Developer/Excelerator/env/lib/python3.11/site-packages/openpyxl-3.1.2.dist-info
ADD INFO /Users/calum/Developer/Excelerator/env/lib/python3.11/site-packages/openpyxl-3.1.2.dist-info
ADD INFO /Users/calum/Developer/Excelerator/env/lib/python3.11/site-packages/openpyxl-3.1.2.dist-info
ADD INFO /Users/calum/Developer/Excelerator/env/lib/python3.11/site-packages/openpyxl-3.1.2.dist-info
ADD INFO /Users/calum/Developer/Excelerator/env/lib/python3.11/site-packages/openpyxl-3.1.2.dist-info
ADD INFO /Users/calum/Developer/Excelerator/env/lib/python3.11/site-packages/openpyxl-3.1.2.dist-info
ADD INFO /Users/calum/Developer/Excelerator/env/lib/python3.11/site-packages/openpyxl-3.1.2.dist-info
ADD INFO /Users/calum/Developer/Excelerator/env/lib/python3.11/site-packages/openpyxl-3.1.2.dist-info
ADD INFO /Users/calum/Developer/Excelerator/env/lib/python3.11/site-packages/openpyxl-3.1.2.dist-info
ADD INFO /Users/calum/Developer/Excelerator/env/lib/python3.11/site-packages/openpyxl-3.1.2.dist-info
ADD INFO /Users/calum/Developer/Excelerator/env/lib/python3.11/site-packages/openpyxl-3.1.2.dist-info
ADD INFO /Users/calum/Developer/Excelerator/env/lib/python3.11/site-packages/openpyxl-3.1.2.dist-info
ADD INFO /Users/calum/Developer/Excelerator/env/lib/python3.11/site-packages/openpyxl-3.1.2.dist-info
ADD INFO /Users/calum/Developer/Excelerator/env/lib/python3.11/site-packages/openpyxl-3.1.2.dist-info
ADD INFO /Users/calum/Developer/Excelerator/env/lib/python3.11/site-packages/openpyxl-3.1.2.dist-info
ADD INFO /Users/calum/Developer/Excelerator/env/lib/python3.11/site-packages/openpyxl-3.1.2.dist-info
ADD INFO /Users/calum/Developer/Excelerator/env/lib/python3.11/site-packages/openpyxl-3.1.2.dist-info
ADD INFO /Users/calum/Developer/Excelerator/env/lib/python3.11/site-packages/openpyxl-3.1.2.dist-info
ADD INFO /Users/calum/Developer/Excelerator/env/lib/python3.11/site-packages/openpyxl-3.1.2.dist-info
ADD INFO /Users/calum/Developer/Excelerator/env/lib/python3.11/site-packages/openpyxl-3.1.2.dist-info
ADD INFO /Users/calum/Developer/Excelerator/env/lib/python3.11/site-packages/openpyxl-3.1.2.dist-info
ADD INFO /Users/calum/Developer/Excelerator/env/lib/python3.11/site-packages/openpyxl-3.1.2.dist-info
ADD INFO /Users/calum/Developer/Excelerator/env/lib/python3.11/site-packages/openpyxl-3.1.2.dist-info
ADD INFO /Users/calum/Developer/Excelerator/env/lib/python3.11/site-packages/openpyxl-3.1.2.dist-info
ADD INFO /Users/calum/Developer/Excelerator/env/lib/python3.11/site-packages/openpyxl-3.1.2.dist-info
ADD INFO /Users/calum/Developer/Excelerator/env/lib/python3.11/site-packages/openpyxl-3.1.2.dist-info
ADD INFO /Users/calum/Developer/Excelerator/env/lib/python3.11/site-packages/openpyxl-3.1.2.dist-info
ADD INFO /Users/calum/Developer/Excelerator/env/lib/python3.11/site-packages/openpyxl-3.1.2.dist-info
ADD INFO /Users/calum/Developer/Excelerator/env/lib/python3.11/site-packages/openpyxl-3.1.2.dist-info
ADD INFO /Users/calum/Developer/Excelerator/env/lib/python3.11/site-packages/openpyxl-3.1.2.dist-info
ADD INFO /Users/calum/Developer/Excelerator/env/lib/python3.11/site-packages/openpyxl-3.1.2.dist-info
ADD INFO /Users/calum/Developer/Excelerator/env/lib/python3.11/site-packages/openpyxl-3.1.2.dist-info
ADD INFO /Users/calum/Developer/Excelerator/env/lib/python3.11/site-packages/openpyxl-3.1.2.dist-info
ADD INFO /Users/calum/Developer/Excelerator/env/lib/python3.11/site-packages/openpyxl-3.1.2.dist-info
ADD INFO /Users/calum/Developer/Excelerator/env/lib/python3.11/site-packages/openpyxl-3.1.2.dist-info
ADD INFO /Users/calum/Developer/Excelerator/env/lib/python3.11/site-packages/openpyxl-3.1.2.dist-info
ADD INFO /Users/calum/Developer/Excelerator/env/lib/python3.11/site-packages/openpyxl-3.1.2.dist-info
ADD INFO /Users/calum/Developer/Excelerator/env/lib/python3.11/site-packages/openpyxl-3.1.2.dist-info
ADD INFO /Users/calum/Developer/Excelerator/env/lib/python3.11/site-packages/openpyxl-3.1.2.dist-info
ADD INFO /Users/calum/Developer/Excelerator/env/lib/python3.11/site-packages/openpyxl-3.1.2.dist-info
ADD INFO /Users/calum/Developer/Excelerator/env/lib/python3.11/site-packages/openpyxl-3.1.2.dist-info
ADD INFO /Users/calum/Developer/Excelerator/env/lib/python3.11/site-packages/openpyxl-3.1.2.dist-info
ADD INFO /Users/calum/Developer/Excelerator/env/lib/python3.11/site-packages/openpyxl-3.1.2.dist-info
ADD INFO /Users/calum/Developer/Excelerator/env/lib/python3.11/site-packages/openpyxl-3.1.2.dist-info
ADD INFO /Users/calum/Developer/Excelerator/env/lib/python3.11/site-packages/openpyxl-3.1.2.dist-info
ADD INFO /Users/calum/Developer/Excelerator/env/lib/python3.11/site-packages/openpyxl-3.1.2.dist-info
ADD INFO /Users/calum/Developer/Excelerator/env/lib/python3.11/site-packages/openpyxl-3.1.2.dist-info
ADD INFO /Users/calum/Developer/Excelerator/env/lib/python3.11/site-packages/openpyxl-3.1.2.dist-info
ADD INFO /Users/calum/Developer/Excelerator/env/lib/python3.11/site-packages/openpyxl-3.1.2.dist-info
ADD INFO /Users/calum/Developer/Excelerator/env/lib/python3.11/site-packages/openpyxl-3.1.2.dist-info
ADD INFO /Users/calum/Developer/Excelerator/env/lib/python3.11/site-packages/openpyxl-3.1.2.dist-info
ADD INFO /Users/calum/Developer/Excelerator/env/lib/python3.11/site-packages/openpyxl-3.1.2.dist-info
ADD INFO /Users/calum/Developer/Excelerator/env/lib/python3.11/site-packages/openpyxl-3.1.2.dist-info
ADD INFO /Users/calum/Developer/Excelerator/env/lib/python3.11/site-packages/openpyxl-3.1.2.dist-info
ADD INFO /Users/calum/Developer/Excelerator/env/lib/python3.11/site-packages/openpyxl-3.1.2.dist-info
ADD INFO /Users/calum/Developer/Excelerator/env/lib/python3.11/site-packages/openpyxl-3.1.2.dist-info
ADD INFO /Users/calum/Developer/Excelerator/env/lib/python3.11/site-packages/openpyxl-3.1.2.dist-info
ADD INFO /Users/calum/Developer/Excelerator/env/lib/python3.11/site-packages/openpyxl-3.1.2.dist-info
ADD INFO /Users/calum/Developer/Excelerator/env/lib/python3.11/site-packages/openpyxl-3.1.2.dist-info
ADD INFO /Users/calum/Developer/Excelerator/env/lib/python3.11/site-packages/openpyxl-3.1.2.dist-info
ADD INFO /Users/calum/Developer/Excelerator/env/lib/python3.11/site-packages/openpyxl-3.1.2.dist-info
ADD INFO /Users/calum/Developer/Excelerator/env/lib/python3.11/site-packages/openpyxl-3.1.2.dist-info
ADD INFO /Users/calum/Developer/Excelerator/env/lib/python3.11/site-packages/openpyxl-3.1.2.dist-info
ADD INFO /Users/calum/Developer/Excelerator/env/lib/python3.11/site-packages/openpyxl-3.1.2.dist-info
ADD INFO /Users/calum/Developer/Excelerator/env/lib/python3.11/site-packages/openpyxl-3.1.2.dist-info
ADD INFO /Users/calum/Developer/Excelerator/env/lib/python3.11/site-packages/openpyxl-3.1.2.dist-info
ADD INFO /Users/calum/Developer/Excelerator/env/lib/python3.11/site-packages/openpyxl-3.1.2.dist-info
ADD INFO /Users/calum/Developer/Excelerator/env/lib/python3.11/site-packages/openpyxl-3.1.2.dist-info
ADD INFO /Users/calum/Developer/Excelerator/env/lib/python3.11/site-packages/openpyxl-3.1.2.dist-info
ADD INFO /Users/calum/Developer/Excelerator/env/lib/python3.11/site-packages/openpyxl-3.1.2.dist-info
ADD INFO /Users/calum/Developer/Excelerator/env/lib/python3.11/site-packages/openpyxl-3.1.2.dist-info
ADD INFO /Users/calum/Developer/Excelerator/env/lib/python3.11/site-packages/openpyxl-3.1.2.dist-info
ADD INFO /Users/calum/Developer/Excelerator/env/lib/python3.11/site-packages/openpyxl-3.1.2.dist-info
ADD INFO /Users/calum/Developer/Excelerator/env/lib/python3.11/site-packages/openpyxl-3.1.2.dist-info
ADD INFO /Users/calum/Developer/Excelerator/env/lib/python3.11/site-packages/openpyxl-3.1.2.dist-info
ADD INFO /Users/calum/Developer/Excelerator/env/lib/python3.11/site-packages/openpyxl-3.1.2.dist-info
ADD INFO /Users/calum/Developer/Excelerator/env/lib/python3.11/site-packages/openpyxl-3.1.2.dist-info
ADD INFO /Users/calum/Developer/Excelerator/env/lib/python3.11/site-packages/openpyxl-3.1.2.dist-info
ADD INFO /Users/calum/Developer/Excelerator/env/lib/python3.11/site-packages/openpyxl-3.1.2.dist-info
ADD INFO /Users/calum/Developer/Excelerator/env/lib/python3.11/site-packages/openpyxl-3.1.2.dist-info
ADD INFO /Users/calum/Developer/Excelerator/env/lib/python3.11/site-packages/openpyxl-3.1.2.dist-info
ADD INFO /Users/calum/Developer/Excelerator/env/lib/python3.11/site-packages/openpyxl-3.1.2.dist-info
ADD INFO /Users/calum/Developer/Excelerator/env/lib/python3.11/site-packages/openpyxl-3.1.2.dist-info
ADD INFO /Users/calum/Developer/Excelerator/env/lib/python3.11/site-packages/openpyxl-3.1.2.dist-info
ADD INFO /Users/calum/Developer/Excelerator/env/lib/python3.11/site-packages/openpyxl-3.1.2.dist-info
ADD INFO /Users/calum/Developer/Excelerator/env/lib/python3.11/site-packages/openpyxl-3.1.2.dist-info
ADD INFO /Users/calum/Developer/Excelerator/env/lib/python3.11/site-packages/openpyxl-3.1.2.dist-info
ADD INFO /Users/calum/Developer/Excelerator/env/lib/python3.11/site-packages/openpyxl-3.1.2.dist-info
ADD INFO /Users/calum/Developer/Excelerator/env/lib/python3.11/site-packages/openpyxl-3.1.2.dist-info
ADD INFO /Users/calum/Developer/Excelerator/env/lib/python3.11/site-packages/openpyxl-3.1.2.dist-info
ADD INFO /Users/calum/Developer/Excelerator/env/lib/python3.11/site-packages/openpyxl-3.1.2.dist-info
ADD INFO /Users/calum/Developer/Excelerator/env/lib/python3.11/site-packages/openpyxl-3.1.2.dist-info
ADD INFO /Users/calum/Developer/Excelerator/env/lib/python3.11/site-packages/openpyxl-3.1.2.dist-info
ADD INFO /Users/calum/Developer/Excelerator/env/lib/python3.11/site-packages/openpyxl-3.1.2.dist-info
ADD INFO /Users/calum/Developer/Excelerator/env/lib/python3.11/site-packages/openpyxl-3.1.2.dist-info
ADD INFO /Users/calum/Developer/Excelerator/env/lib/python3.11/site-packages/openpyxl-3.1.2.dist-info
ADD INFO /Users/calum/Developer/Excelerator/env/lib/python3.11/site-packages/openpyxl-3.1.2.dist-info
ADD INFO /Users/calum/Developer/Excelerator/env/lib/python3.11/site-packages/openpyxl-3.1.2.dist-info
ADD INFO /Users/calum/Developer/Excelerator/env/lib/python3.11/site-packages/openpyxl-3.1.2.dist-info
ADD INFO /Users/calum/Developer/Excelerator/env/lib/python3.11/site-packages/openpyxl-3.1.2.dist-info
ADD INFO /Users/calum/Developer/Excelerator/env/lib/python3.11/site-packages/openpyxl-3.1.2.dist-info
ADD INFO /Users/calum/Developer/Excelerator/env/lib/python3.11/site-packages/openpyxl-3.1.2.dist-info
ADD INFO /Users/calum/Developer/Excelerator/env/lib/python3.11/site-packages/openpyxl-3.1.2.dist-info
ADD INFO /Users/calum/Developer/Excelerator/env/lib/python3.11/site-packages/openpyxl-3.1.2.dist-info
ADD INFO /Users/calum/Developer/Excelerator/env/lib/python3.11/site-packages/openpyxl-3.1.2.dist-info
ADD INFO /Users/calum/Developer/Excelerator/env/lib/python3.11/site-packages/openpyxl-3.1.2.dist-info
ADD INFO /Users/calum/Developer/Excelerator/env/lib/python3.11/site-packages/openpyxl-3.1.2.dist-info
ADD INFO /Users/calum/Developer/Excelerator/env/lib/python3.11/site-packages/openpyxl-3.1.2.dist-info
ADD INFO /Users/calum/Developer/Excelerator/env/lib/python3.11/site-packages/openpyxl-3.1.2.dist-info
ADD INFO /Users/calum/Developer/Excelerator/env/lib/python3.11/site-packages/openpyxl-3.1.2.dist-info
ADD INFO /Users/calum/Developer/Excelerator/env/lib/python3.11/site-packages/openpyxl-3.1.2.dist-info
ADD INFO /Users/calum/Developer/Excelerator/env/lib/python3.11/site-packages/openpyxl-3.1.2.dist-info
ADD INFO /Users/calum/Developer/Excelerator/env/lib/python3.11/site-packages/openpyxl-3.1.2.dist-info
ADD INFO /Users/calum/Developer/Excelerator/env/lib/python3.11/site-packages/openpyxl-3.1.2.dist-info
ADD INFO /Users/calum/Developer/Excelerator/env/lib/python3.11/site-packages/openpyxl-3.1.2.dist-info
ADD INFO /Users/calum/Developer/Excelerator/env/lib/python3.11/site-packages/openpyxl-3.1.2.dist-info
ADD INFO /Users/calum/Developer/Excelerator/env/lib/python3.11/site-packages/openpyxl-3.1.2.dist-info
ADD INFO /Users/calum/Developer/Excelerator/env/lib/python3.11/site-packages/openpyxl-3.1.2.dist-info
ADD INFO /Users/calum/Developer/Excelerator/env/lib/python3.11/site-packages/openpyxl-3.1.2.dist-info
ADD INFO /Users/calum/Developer/Excelerator/env/lib/python3.11/site-packages/openpyxl-3.1.2.dist-info
ADD INFO /Users/calum/Developer/Excelerator/env/lib/python3.11/site-packages/openpyxl-3.1.2.dist-info
ADD INFO /Users/calum/Developer/Excelerator/env/lib/python3.11/site-packages/openpyxl-3.1.2.dist-info
ADD INFO /Users/calum/Developer/Excelerator/env/lib/python3.11/site-packages/openpyxl-3.1.2.dist-info
ADD INFO /Users/calum/Developer/Excelerator/env/lib/python3.11/site-packages/openpyxl-3.1.2.dist-info
ADD INFO /Users/calum/Developer/Excelerator/env/lib/python3.11/site-packages/openpyxl-3.1.2.dist-info
ADD INFO /Users/calum/Developer/Excelerator/env/lib/python3.11/site-packages/openpyxl-3.1.2.dist-info
ADD INFO /Users/calum/Developer/Excelerator/env/lib/python3.11/site-packages/openpyxl-3.1.2.dist-info
ADD INFO /Users/calum/Developer/Excelerator/env/lib/python3.11/site-packages/openpyxl-3.1.2.dist-info
ADD INFO /Users/calum/Developer/Excelerator/env/lib/python3.11/site-packages/openpyxl-3.1.2.dist-info
ADD INFO /Users/calum/Developer/Excelerator/env/lib/python3.11/site-packages/openpyxl-3.1.2.dist-info
ADD INFO /Users/calum/Developer/Excelerator/env/lib/python3.11/site-packages/openpyxl-3.1.2.dist-info
ADD INFO /Users/calum/Developer/Excelerator/env/lib/python3.11/site-packages/openpyxl-3.1.2.dist-info
ADD INFO /Users/calum/Developer/Excelerator/env/lib/python3.11/site-packages/openpyxl-3.1.2.dist-info
ADD INFO /Users/calum/Developer/Excelerator/env/lib/python3.11/site-packages/openpyxl-3.1.2.dist-info
ADD INFO /Users/calum/Developer/Excelerator/env/lib/python3.11/site-packages/openpyxl-3.1.2.dist-info
ADD INFO /Users/calum/Developer/Excelerator/env/lib/python3.11/site-packages/openpyxl-3.1.2.dist-info
ADD INFO /Users/calum/Developer/Excelerator/env/lib/python3.11/site-packages/openpyxl-3.1.2.dist-info
ADD INFO /Users/calum/Developer/Excelerator/env/lib/python3.11/site-packages/openpyxl-3.1.2.dist-info
ADD INFO /Users/calum/Developer/Excelerator/env/lib/python3.11/site-packages/openpyxl-3.1.2.dist-info
ADD INFO /Users/calum/Developer/Excelerator/env/lib/python3.11/site-packages/openpyxl-3.1.2.dist-info
ADD INFO /Users/calum/Developer/Excelerator/env/lib/python3.11/site-packages/openpyxl-3.1.2.dist-info
ADD INFO /Users/calum/Developer/Excelerator/env/lib/python3.11/site-packages/openpyxl-3.1.2.dist-info
ADD INFO /Users/calum/Developer/Excelerator/env/lib/python3.11/site-packages/openpyxl-3.1.2.dist-info
ADD INFO /Users/calum/Developer/Excelerator/env/lib/python3.11/site-packages/openpyxl-3.1.2.dist-info
ADD INFO /Users/calum/Developer/Excelerator/env/lib/python3.11/site-packages/openpyxl-3.1.2.dist-info
ADD INFO /Users/calum/Developer/Excelerator/env/lib/python3.11/site-packages/openpyxl-3.1.2.dist-info
ADD INFO /Users/calum/Developer/Excelerator/env/lib/python3.11/site-packages/packaging-24.0.dist-info
ADD INFO /Users/calum/Developer/Excelerator/env/lib/python3.11/site-packages/packaging-24.0.dist-info
ADD INFO /Users/calum/Developer/Excelerator/env/lib/python3.11/site-packages/packaging-24.0.dist-info
ADD INFO /Users/calum/Developer/Excelerator/env/lib/python3.11/site-packages/packaging-24.0.dist-info
ADD INFO /Users/calum/Developer/Excelerator/env/lib/python3.11/site-packages/packaging-24.0.dist-info
ADD INFO /Users/calum/Developer/Excelerator/env/lib/python3.11/site-packages/packaging-24.0.dist-info
ADD INFO /Users/calum/Developer/Excelerator/env/lib/python3.11/site-packages/packaging-24.0.dist-info
ADD INFO /Users/calum/Developer/Excelerator/env/lib/python3.11/site-packages/packaging-24.0.dist-info
ADD INFO /Users/calum/Developer/Excelerator/env/lib/python3.11/site-packages/packaging-24.0.dist-info
ADD INFO /Users/calum/Developer/Excelerator/env/lib/python3.11/site-packages/packaging-24.0.dist-info
ADD INFO /Users/calum/Developer/Excelerator/env/lib/python3.11/site-packages/packaging-24.0.dist-info
ADD INFO /Users/calum/Developer/Excelerator/env/lib/python3.11/site-packages/packaging-24.0.dist-info
ADD INFO /Users/calum/Developer/Excelerator/env/lib/python3.11/site-packages/packaging-24.0.dist-info
ADD INFO /Users/calum/Developer/Excelerator/env/lib/python3.11/site-packages/pandas-2.2.2.dist-info
ADD INFO /Users/calum/Developer/Excelerator/env/lib/python3.11/site-packages/pandas-2.2.2.dist-info
ADD INFO /Users/calum/Developer/Excelerator/env/lib/python3.11/site-packages/pandas-2.2.2.dist-info
ADD INFO /Users/calum/Developer/Excelerator/env/lib/python3.11/site-packages/pandas-2.2.2.dist-info
ADD INFO /Users/calum/Developer/Excelerator/env/lib/python3.11/site-packages/pandas-2.2.2.dist-info
ADD INFO /Users/calum/Developer/Excelerator/env/lib/python3.11/site-packages/pandas-2.2.2.dist-info
ADD INFO /Users/calum/Developer/Excelerator/env/lib/python3.11/site-packages/pandas-2.2.2.dist-info
ADD INFO /Users/calum/Developer/Excelerator/env/lib/python3.11/site-packages/pandas-2.2.2.dist-info
ADD INFO /Users/calum/Developer/Excelerator/env/lib/python3.11/site-packages/pandas-2.2.2.dist-info
ADD INFO /Users/calum/Developer/Excelerator/env/lib/python3.11/site-packages/pandas-2.2.2.dist-info
ADD INFO /Users/calum/Developer/Excelerator/env/lib/python3.11/site-packages/pandas-2.2.2.dist-info
ADD INFO /Users/calum/Developer/Excelerator/env/lib/python3.11/site-packages/pandas-2.2.2.dist-info
ADD INFO /Users/calum/Developer/Excelerator/env/lib/python3.11/site-packages/pandas-2.2.2.dist-info
ADD INFO /Users/calum/Developer/Excelerator/env/lib/python3.11/site-packages/pandas-2.2.2.dist-info
ADD INFO /Users/calum/Developer/Excelerator/env/lib/python3.11/site-packages/pandas-2.2.2.dist-info
ADD INFO /Users/calum/Developer/Excelerator/env/lib/python3.11/site-packages/pandas-2.2.2.dist-info
ADD INFO /Users/calum/Developer/Excelerator/env/lib/python3.11/site-packages/pandas-2.2.2.dist-info
ADD INFO /Users/calum/Developer/Excelerator/env/lib/python3.11/site-packages/pandas-2.2.2.dist-info
ADD INFO /Users/calum/Developer/Excelerator/env/lib/python3.11/site-packages/pandas-2.2.2.dist-info
ADD INFO /Users/calum/Developer/Excelerator/env/lib/python3.11/site-packages/pandas-2.2.2.dist-info
ADD INFO /Users/calum/Developer/Excelerator/env/lib/python3.11/site-packages/pandas-2.2.2.dist-info
ADD INFO /Users/calum/Developer/Excelerator/env/lib/python3.11/site-packages/pandas-2.2.2.dist-info
ADD INFO /Users/calum/Developer/Excelerator/env/lib/python3.11/site-packages/pandas-2.2.2.dist-info
ADD INFO /Users/calum/Developer/Excelerator/env/lib/python3.11/site-packages/pandas-2.2.2.dist-info
ADD INFO /Users/calum/Developer/Excelerator/env/lib/python3.11/site-packages/pandas-2.2.2.dist-info
ADD INFO /Users/calum/Developer/Excelerator/env/lib/python3.11/site-packages/pandas-2.2.2.dist-info
ADD INFO /Users/calum/Developer/Excelerator/env/lib/python3.11/site-packages/pandas-2.2.2.dist-info
ADD INFO /Users/calum/Developer/Excelerator/env/lib/python3.11/site-packages/pandas-2.2.2.dist-info
ADD INFO /Users/calum/Developer/Excelerator/env/lib/python3.11/site-packages/pandas-2.2.2.dist-info
ADD INFO /Users/calum/Developer/Excelerator/env/lib/python3.11/site-packages/pandas-2.2.2.dist-info
ADD INFO /Users/calum/Developer/Excelerator/env/lib/python3.11/site-packages/pandas-2.2.2.dist-info
ADD INFO /Users/calum/Developer/Excelerator/env/lib/python3.11/site-packages/pandas-2.2.2.dist-info
ADD INFO /Users/calum/Developer/Excelerator/env/lib/python3.11/site-packages/pandas-2.2.2.dist-info
ADD INFO /Users/calum/Developer/Excelerator/env/lib/python3.11/site-packages/pandas-2.2.2.dist-info
ADD INFO /Users/calum/Developer/Excelerator/env/lib/python3.11/site-packages/pandas-2.2.2.dist-info
ADD INFO /Users/calum/Developer/Excelerator/env/lib/python3.11/site-packages/pandas-2.2.2.dist-info
ADD INFO /Users/calum/Developer/Excelerator/env/lib/python3.11/site-packages/pandas-2.2.2.dist-info
ADD INFO /Users/calum/Developer/Excelerator/env/lib/python3.11/site-packages/pandas-2.2.2.dist-info
ADD INFO /Users/calum/Developer/Excelerator/env/lib/python3.11/site-packages/pandas-2.2.2.dist-info
ADD INFO /Users/calum/Developer/Excelerator/env/lib/python3.11/site-packages/pandas-2.2.2.dist-info
ADD INFO /Users/calum/Developer/Excelerator/env/lib/python3.11/site-packages/pandas-2.2.2.dist-info
ADD INFO /Users/calum/Developer/Excelerator/env/lib/python3.11/site-packages/pandas-2.2.2.dist-info
ADD INFO /Users/calum/Developer/Excelerator/env/lib/python3.11/site-packages/pandas-2.2.2.dist-info
ADD INFO /Users/calum/Developer/Excelerator/env/lib/python3.11/site-packages/pandas-2.2.2.dist-info
ADD INFO /Users/calum/Developer/Excelerator/env/lib/python3.11/site-packages/pandas-2.2.2.dist-info
ADD INFO /Users/calum/Developer/Excelerator/env/lib/python3.11/site-packages/pandas-2.2.2.dist-info
ADD INFO /Users/calum/Developer/Excelerator/env/lib/python3.11/site-packages/pandas-2.2.2.dist-info
ADD INFO /Users/calum/Developer/Excelerator/env/lib/python3.11/site-packages/pandas-2.2.2.dist-info
ADD INFO /Users/calum/Developer/Excelerator/env/lib/python3.11/site-packages/pandas-2.2.2.dist-info
ADD INFO /Users/calum/Developer/Excelerator/env/lib/python3.11/site-packages/pandas-2.2.2.dist-info
ADD INFO /Users/calum/Developer/Excelerator/env/lib/python3.11/site-packages/pandas-2.2.2.dist-info
ADD INFO /Users/calum/Developer/Excelerator/env/lib/python3.11/site-packages/pandas-2.2.2.dist-info
ADD INFO /Users/calum/Developer/Excelerator/env/lib/python3.11/site-packages/pandas-2.2.2.dist-info
ADD INFO /Users/calum/Developer/Excelerator/env/lib/python3.11/site-packages/pandas-2.2.2.dist-info
ADD INFO /Users/calum/Developer/Excelerator/env/lib/python3.11/site-packages/pandas-2.2.2.dist-info
ADD INFO /Users/calum/Developer/Excelerator/env/lib/python3.11/site-packages/pandas-2.2.2.dist-info
ADD INFO /Users/calum/Developer/Excelerator/env/lib/python3.11/site-packages/pandas-2.2.2.dist-info
ADD INFO /Users/calum/Developer/Excelerator/env/lib/python3.11/site-packages/pandas-2.2.2.dist-info
ADD INFO /Users/calum/Developer/Excelerator/env/lib/python3.11/site-packages/pandas-2.2.2.dist-info
ADD INFO /Users/calum/Developer/Excelerator/env/lib/python3.11/site-packages/pandas-2.2.2.dist-info
ADD INFO /Users/calum/Developer/Excelerator/env/lib/python3.11/site-packages/pandas-2.2.2.dist-info
ADD INFO /Users/calum/Developer/Excelerator/env/lib/python3.11/site-packages/pandas-2.2.2.dist-info
ADD INFO /Users/calum/Developer/Excelerator/env/lib/python3.11/site-packages/pandas-2.2.2.dist-info
ADD INFO /Users/calum/Developer/Excelerator/env/lib/python3.11/site-packages/pandas-2.2.2.dist-info
ADD INFO /Users/calum/Developer/Excelerator/env/lib/python3.11/site-packages/pandas-2.2.2.dist-info
ADD INFO /Users/calum/Developer/Excelerator/env/lib/python3.11/site-packages/pandas-2.2.2.dist-info
ADD INFO /Users/calum/Developer/Excelerator/env/lib/python3.11/site-packages/pandas-2.2.2.dist-info
ADD INFO /Users/calum/Developer/Excelerator/env/lib/python3.11/site-packages/pandas-2.2.2.dist-info
ADD INFO /Users/calum/Developer/Excelerator/env/lib/python3.11/site-packages/pandas-2.2.2.dist-info
ADD INFO /Users/calum/Developer/Excelerator/env/lib/python3.11/site-packages/pandas-2.2.2.dist-info
ADD INFO /Users/calum/Developer/Excelerator/env/lib/python3.11/site-packages/pandas-2.2.2.dist-info
ADD INFO /Users/calum/Developer/Excelerator/env/lib/python3.11/site-packages/pandas-2.2.2.dist-info
ADD INFO /Users/calum/Developer/Excelerator/env/lib/python3.11/site-packages/pandas-2.2.2.dist-info
ADD INFO /Users/calum/Developer/Excelerator/env/lib/python3.11/site-packages/pandas-2.2.2.dist-info
ADD INFO /Users/calum/Developer/Excelerator/env/lib/python3.11/site-packages/pandas-2.2.2.dist-info
ADD INFO /Users/calum/Developer/Excelerator/env/lib/python3.11/site-packages/pandas-2.2.2.dist-info
ADD INFO /Users/calum/Developer/Excelerator/env/lib/python3.11/site-packages/pandas-2.2.2.dist-info
ADD INFO /Users/calum/Developer/Excelerator/env/lib/python3.11/site-packages/pandas-2.2.2.dist-info
ADD INFO /Users/calum/Developer/Excelerator/env/lib/python3.11/site-packages/pandas-2.2.2.dist-info
ADD INFO /Users/calum/Developer/Excelerator/env/lib/python3.11/site-packages/pandas-2.2.2.dist-info
ADD INFO /Users/calum/Developer/Excelerator/env/lib/python3.11/site-packages/pandas-2.2.2.dist-info
ADD INFO /Users/calum/Developer/Excelerator/env/lib/python3.11/site-packages/pandas-2.2.2.dist-info
ADD INFO /Users/calum/Developer/Excelerator/env/lib/python3.11/site-packages/pandas-2.2.2.dist-info
ADD INFO /Users/calum/Developer/Excelerator/env/lib/python3.11/site-packages/pandas-2.2.2.dist-info
ADD INFO /Users/calum/Developer/Excelerator/env/lib/python3.11/site-packages/pandas-2.2.2.dist-info
ADD INFO /Users/calum/Developer/Excelerator/env/lib/python3.11/site-packages/pandas-2.2.2.dist-info
ADD INFO /Users/calum/Developer/Excelerator/env/lib/python3.11/site-packages/pandas-2.2.2.dist-info
ADD INFO /Users/calum/Developer/Excelerator/env/lib/python3.11/site-packages/pandas-2.2.2.dist-info
ADD INFO /Users/calum/Developer/Excelerator/env/lib/python3.11/site-packages/pandas-2.2.2.dist-info
ADD INFO /Users/calum/Developer/Excelerator/env/lib/python3.11/site-packages/pandas-2.2.2.dist-info
ADD INFO /Users/calum/Developer/Excelerator/env/lib/python3.11/site-packages/pandas-2.2.2.dist-info
ADD INFO /Users/calum/Developer/Excelerator/env/lib/python3.11/site-packages/pandas-2.2.2.dist-info
ADD INFO /Users/calum/Developer/Excelerator/env/lib/python3.11/site-packages/pandas-2.2.2.dist-info
ADD INFO /Users/calum/Developer/Excelerator/env/lib/python3.11/site-packages/pandas-2.2.2.dist-info
ADD INFO /Users/calum/Developer/Excelerator/env/lib/python3.11/site-packages/pandas-2.2.2.dist-info
ADD INFO /Users/calum/Developer/Excelerator/env/lib/python3.11/site-packages/pandas-2.2.2.dist-info
ADD INFO /Users/calum/Developer/Excelerator/env/lib/python3.11/site-packages/pandas-2.2.2.dist-info
ADD INFO /Users/calum/Developer/Excelerator/env/lib/python3.11/site-packages/pandas-2.2.2.dist-info
ADD INFO /Users/calum/Developer/Excelerator/env/lib/python3.11/site-packages/pandas-2.2.2.dist-info
ADD INFO /Users/calum/Developer/Excelerator/env/lib/python3.11/site-packages/pandas-2.2.2.dist-info
ADD INFO /Users/calum/Developer/Excelerator/env/lib/python3.11/site-packages/pandas-2.2.2.dist-info
ADD INFO /Users/calum/Developer/Excelerator/env/lib/python3.11/site-packages/pandas-2.2.2.dist-info
ADD INFO /Users/calum/Developer/Excelerator/env/lib/python3.11/site-packages/pandas-2.2.2.dist-info
ADD INFO /Users/calum/Developer/Excelerator/env/lib/python3.11/site-packages/pandas-2.2.2.dist-info
ADD INFO /Users/calum/Developer/Excelerator/env/lib/python3.11/site-packages/pandas-2.2.2.dist-info
ADD INFO /Users/calum/Developer/Excelerator/env/lib/python3.11/site-packages/pandas-2.2.2.dist-info
ADD INFO /Users/calum/Developer/Excelerator/env/lib/python3.11/site-packages/pandas-2.2.2.dist-info
ADD INFO /Users/calum/Developer/Excelerator/env/lib/python3.11/site-packages/pandas-2.2.2.dist-info
ADD INFO /Users/calum/Developer/Excelerator/env/lib/python3.11/site-packages/pandas-2.2.2.dist-info
ADD INFO /Users/calum/Developer/Excelerator/env/lib/python3.11/site-packages/pandas-2.2.2.dist-info
ADD INFO /Users/calum/Developer/Excelerator/env/lib/python3.11/site-packages/pandas-2.2.2.dist-info
ADD INFO /Users/calum/Developer/Excelerator/env/lib/python3.11/site-packages/pandas-2.2.2.dist-info
ADD INFO /Users/calum/Developer/Excelerator/env/lib/python3.11/site-packages/pandas-2.2.2.dist-info
ADD INFO /Users/calum/Developer/Excelerator/env/lib/python3.11/site-packages/pandas-2.2.2.dist-info
ADD INFO /Users/calum/Developer/Excelerator/env/lib/python3.11/site-packages/pandas-2.2.2.dist-info
ADD INFO /Users/calum/Developer/Excelerator/env/lib/python3.11/site-packages/pandas-2.2.2.dist-info
ADD INFO /Users/calum/Developer/Excelerator/env/lib/python3.11/site-packages/pandas-2.2.2.dist-info
ADD INFO /Users/calum/Developer/Excelerator/env/lib/python3.11/site-packages/pandas-2.2.2.dist-info
ADD INFO /Users/calum/Developer/Excelerator/env/lib/python3.11/site-packages/pandas-2.2.2.dist-info
ADD INFO /Users/calum/Developer/Excelerator/env/lib/python3.11/site-packages/pandas-2.2.2.dist-info
ADD INFO /Users/calum/Developer/Excelerator/env/lib/python3.11/site-packages/pandas-2.2.2.dist-info
ADD INFO /Users/calum/Developer/Excelerator/env/lib/python3.11/site-packages/pandas-2.2.2.dist-info
ADD INFO /Users/calum/Developer/Excelerator/env/lib/python3.11/site-packages/pandas-2.2.2.dist-info
ADD INFO /Users/calum/Developer/Excelerator/env/lib/python3.11/site-packages/pandas-2.2.2.dist-info
ADD INFO /Users/calum/Developer/Excelerator/env/lib/python3.11/site-packages/pandas-2.2.2.dist-info
ADD INFO /Users/calum/Developer/Excelerator/env/lib/python3.11/site-packages/pandas-2.2.2.dist-info
ADD INFO /Users/calum/Developer/Excelerator/env/lib/python3.11/site-packages/pandas-2.2.2.dist-info
ADD INFO /Users/calum/Developer/Excelerator/env/lib/python3.11/site-packages/pandas-2.2.2.dist-info
ADD INFO /Users/calum/Developer/Excelerator/env/lib/python3.11/site-packages/pandas-2.2.2.dist-info
ADD INFO /Users/calum/Developer/Excelerator/env/lib/python3.11/site-packages/pandas-2.2.2.dist-info
ADD INFO /Users/calum/Developer/Excelerator/env/lib/python3.11/site-packages/pandas-2.2.2.dist-info
ADD INFO /Users/calum/Developer/Excelerator/env/lib/python3.11/site-packages/pandas-2.2.2.dist-info
ADD INFO /Users/calum/Developer/Excelerator/env/lib/python3.11/site-packages/pandas-2.2.2.dist-info
ADD INFO /Users/calum/Developer/Excelerator/env/lib/python3.11/site-packages/pandas-2.2.2.dist-info
ADD INFO /Users/calum/Developer/Excelerator/env/lib/python3.11/site-packages/pandas-2.2.2.dist-info
ADD INFO /Users/calum/Developer/Excelerator/env/lib/python3.11/site-packages/pandas-2.2.2.dist-info
ADD INFO /Users/calum/Developer/Excelerator/env/lib/python3.11/site-packages/pandas-2.2.2.dist-info
ADD INFO /Users/calum/Developer/Excelerator/env/lib/python3.11/site-packages/pandas-2.2.2.dist-info
ADD INFO /Users/calum/Developer/Excelerator/env/lib/python3.11/site-packages/pandas-2.2.2.dist-info
ADD INFO /Users/calum/Developer/Excelerator/env/lib/python3.11/site-packages/pandas-2.2.2.dist-info
ADD INFO /Users/calum/Developer/Excelerator/env/lib/python3.11/site-packages/pandas-2.2.2.dist-info
ADD INFO /Users/calum/Developer/Excelerator/env/lib/python3.11/site-packages/pandas-2.2.2.dist-info
ADD INFO /Users/calum/Developer/Excelerator/env/lib/python3.11/site-packages/pandas-2.2.2.dist-info
ADD INFO /Users/calum/Developer/Excelerator/env/lib/python3.11/site-packages/pandas-2.2.2.dist-info
ADD INFO /Users/calum/Developer/Excelerator/env/lib/python3.11/site-packages/pandas-2.2.2.dist-info
ADD INFO /Users/calum/Developer/Excelerator/env/lib/python3.11/site-packages/pandas-2.2.2.dist-info
ADD INFO /Users/calum/Developer/Excelerator/env/lib/python3.11/site-packages/pandas-2.2.2.dist-info
ADD INFO /Users/calum/Developer/Excelerator/env/lib/python3.11/site-packages/pandas-2.2.2.dist-info
ADD INFO /Users/calum/Developer/Excelerator/env/lib/python3.11/site-packages/pandas-2.2.2.dist-info
ADD INFO /Users/calum/Developer/Excelerator/env/lib/python3.11/site-packages/pandas-2.2.2.dist-info
ADD INFO /Users/calum/Developer/Excelerator/env/lib/python3.11/site-packages/pandas-2.2.2.dist-info
ADD INFO /Users/calum/Developer/Excelerator/env/lib/python3.11/site-packages/pandas-2.2.2.dist-info
ADD INFO /Users/calum/Developer/Excelerator/env/lib/python3.11/site-packages/pandas-2.2.2.dist-info
ADD INFO /Users/calum/Developer/Excelerator/env/lib/python3.11/site-packages/pandas-2.2.2.dist-info
ADD INFO /Users/calum/Developer/Excelerator/env/lib/python3.11/site-packages/pandas-2.2.2.dist-info
ADD INFO /Users/calum/Developer/Excelerator/env/lib/python3.11/site-packages/pandas-2.2.2.dist-info
ADD INFO /Users/calum/Developer/Excelerator/env/lib/python3.11/site-packages/pandas-2.2.2.dist-info
ADD INFO /Users/calum/Developer/Excelerator/env/lib/python3.11/site-packages/pandas-2.2.2.dist-info
ADD INFO /Users/calum/Developer/Excelerator/env/lib/python3.11/site-packages/pandas-2.2.2.dist-info
ADD INFO /Users/calum/Developer/Excelerator/env/lib/python3.11/site-packages/pandas-2.2.2.dist-info
ADD INFO /Users/calum/Developer/Excelerator/env/lib/python3.11/site-packages/pandas-2.2.2.dist-info
ADD INFO /Users/calum/Developer/Excelerator/env/lib/python3.11/site-packages/pandas-2.2.2.dist-info
ADD INFO /Users/calum/Developer/Excelerator/env/lib/python3.11/site-packages/pandas-2.2.2.dist-info
ADD INFO /Users/calum/Developer/Excelerator/env/lib/python3.11/site-packages/pandas-2.2.2.dist-info
ADD INFO /Users/calum/Developer/Excelerator/env/lib/python3.11/site-packages/pandas-2.2.2.dist-info
ADD INFO /Users/calum/Developer/Excelerator/env/lib/python3.11/site-packages/pandas-2.2.2.dist-info
ADD INFO /Users/calum/Developer/Excelerator/env/lib/python3.11/site-packages/pandas-2.2.2.dist-info
ADD INFO /Users/calum/Developer/Excelerator/env/lib/python3.11/site-packages/pandas-2.2.2.dist-info
ADD INFO /Users/calum/Developer/Excelerator/env/lib/python3.11/site-packages/pandas-2.2.2.dist-info
ADD INFO /Users/calum/Developer/Excelerator/env/lib/python3.11/site-packages/pandas-2.2.2.dist-info
ADD INFO /Users/calum/Developer/Excelerator/env/lib/python3.11/site-packages/pandas-2.2.2.dist-info
ADD INFO /Users/calum/Developer/Excelerator/env/lib/python3.11/site-packages/pandas-2.2.2.dist-info
ADD INFO /Users/calum/Developer/Excelerator/env/lib/python3.11/site-packages/pandas-2.2.2.dist-info
ADD INFO /Users/calum/Developer/Excelerator/env/lib/python3.11/site-packages/pandas-2.2.2.dist-info
ADD INFO /Users/calum/Developer/Excelerator/env/lib/python3.11/site-packages/pandas-2.2.2.dist-info
ADD INFO /Users/calum/Developer/Excelerator/env/lib/python3.11/site-packages/pandas-2.2.2.dist-info
ADD INFO /Users/calum/Developer/Excelerator/env/lib/python3.11/site-packages/pandas-2.2.2.dist-info
ADD INFO /Users/calum/Developer/Excelerator/env/lib/python3.11/site-packages/pandas-2.2.2.dist-info
ADD INFO /Users/calum/Developer/Excelerator/env/lib/python3.11/site-packages/pandas-2.2.2.dist-info
ADD INFO /Users/calum/Developer/Excelerator/env/lib/python3.11/site-packages/pandas-2.2.2.dist-info
ADD INFO /Users/calum/Developer/Excelerator/env/lib/python3.11/site-packages/pandas-2.2.2.dist-info
ADD INFO /Users/calum/Developer/Excelerator/env/lib/python3.11/site-packages/pandas-2.2.2.dist-info
ADD INFO /Users/calum/Developer/Excelerator/env/lib/python3.11/site-packages/pandas-2.2.2.dist-info
ADD INFO /Users/calum/Developer/Excelerator/env/lib/python3.11/site-packages/pandas-2.2.2.dist-info
ADD INFO /Users/calum/Developer/Excelerator/env/lib/python3.11/site-packages/pandas-2.2.2.dist-info
ADD INFO /Users/calum/Developer/Excelerator/env/lib/python3.11/site-packages/pandas-2.2.2.dist-info
ADD INFO /Users/calum/Developer/Excelerator/env/lib/python3.11/site-packages/pandas-2.2.2.dist-info
ADD INFO /Users/calum/Developer/Excelerator/env/lib/python3.11/site-packages/pandas-2.2.2.dist-info
ADD INFO /Users/calum/Developer/Excelerator/env/lib/python3.11/site-packages/pandas-2.2.2.dist-info
ADD INFO /Users/calum/Developer/Excelerator/env/lib/python3.11/site-packages/pandas-2.2.2.dist-info
ADD INFO /Users/calum/Developer/Excelerator/env/lib/python3.11/site-packages/pandas-2.2.2.dist-info
ADD INFO /Users/calum/Developer/Excelerator/env/lib/python3.11/site-packages/pandas-2.2.2.dist-info
ADD INFO /Users/calum/Developer/Excelerator/env/lib/python3.11/site-packages/pandas-2.2.2.dist-info
ADD INFO /Users/calum/Developer/Excelerator/env/lib/python3.11/site-packages/pandas-2.2.2.dist-info
ADD INFO /Users/calum/Developer/Excelerator/env/lib/python3.11/site-packages/pandas-2.2.2.dist-info
ADD INFO /Users/calum/Developer/Excelerator/env/lib/python3.11/site-packages/pandas-2.2.2.dist-info
ADD INFO /Users/calum/Developer/Excelerator/env/lib/python3.11/site-packages/pandas-2.2.2.dist-info
ADD INFO /Users/calum/Developer/Excelerator/env/lib/python3.11/site-packages/pandas-2.2.2.dist-info
ADD INFO /Users/calum/Developer/Excelerator/env/lib/python3.11/site-packages/pandas-2.2.2.dist-info
ADD INFO /Users/calum/Developer/Excelerator/env/lib/python3.11/site-packages/pandas-2.2.2.dist-info
ADD INFO /Users/calum/Developer/Excelerator/env/lib/python3.11/site-packages/pandas-2.2.2.dist-info
ADD INFO /Users/calum/Developer/Excelerator/env/lib/python3.11/site-packages/pandas-2.2.2.dist-info
ADD INFO /Users/calum/Developer/Excelerator/env/lib/python3.11/site-packages/pandas-2.2.2.dist-info
ADD INFO /Users/calum/Developer/Excelerator/env/lib/python3.11/site-packages/pandas-2.2.2.dist-info
ADD INFO /Users/calum/Developer/Excelerator/env/lib/python3.11/site-packages/pandas-2.2.2.dist-info
ADD INFO /Users/calum/Developer/Excelerator/env/lib/python3.11/site-packages/pandas-2.2.2.dist-info
ADD INFO /Users/calum/Developer/Excelerator/env/lib/python3.11/site-packages/pandas-2.2.2.dist-info
ADD INFO /Users/calum/Developer/Excelerator/env/lib/python3.11/site-packages/pandas-2.2.2.dist-info
ADD INFO /Users/calum/Developer/Excelerator/env/lib/python3.11/site-packages/pandas-2.2.2.dist-info
ADD INFO /Users/calum/Developer/Excelerator/env/lib/python3.11/site-packages/pandas-2.2.2.dist-info
ADD INFO /Users/calum/Developer/Excelerator/env/lib/python3.11/site-packages/pandas-2.2.2.dist-info
ADD INFO /Users/calum/Developer/Excelerator/env/lib/python3.11/site-packages/pandas-2.2.2.dist-info
ADD INFO /Users/calum/Developer/Excelerator/env/lib/python3.11/site-packages/pandas-2.2.2.dist-info
ADD INFO /Users/calum/Developer/Excelerator/env/lib/python3.11/site-packages/pandas-2.2.2.dist-info
ADD INFO /Users/calum/Developer/Excelerator/env/lib/python3.11/site-packages/pandas-2.2.2.dist-info
ADD INFO /Users/calum/Developer/Excelerator/env/lib/python3.11/site-packages/pandas-2.2.2.dist-info
ADD INFO /Users/calum/Developer/Excelerator/env/lib/python3.11/site-packages/pandas-2.2.2.dist-info
ADD INFO /Users/calum/Developer/Excelerator/env/lib/python3.11/site-packages/pandas-2.2.2.dist-info
ADD INFO /Users/calum/Developer/Excelerator/env/lib/python3.11/site-packages/pandas-2.2.2.dist-info
ADD INFO /Users/calum/Developer/Excelerator/env/lib/python3.11/site-packages/pandas-2.2.2.dist-info
ADD INFO /Users/calum/Developer/Excelerator/env/lib/python3.11/site-packages/pandas-2.2.2.dist-info
ADD INFO /Users/calum/Developer/Excelerator/env/lib/python3.11/site-packages/pandas-2.2.2.dist-info
ADD INFO /Users/calum/Developer/Excelerator/env/lib/python3.11/site-packages/pandas-2.2.2.dist-info
ADD INFO /Users/calum/Developer/Excelerator/env/lib/python3.11/site-packages/pandas-2.2.2.dist-info
ADD INFO /Users/calum/Developer/Excelerator/env/lib/python3.11/site-packages/pandas-2.2.2.dist-info
ADD INFO /Users/calum/Developer/Excelerator/env/lib/python3.11/site-packages/pandas-2.2.2.dist-info
ADD INFO /Users/calum/Developer/Excelerator/env/lib/python3.11/site-packages/pandas-2.2.2.dist-info
ADD INFO /Users/calum/Developer/Excelerator/env/lib/python3.11/site-packages/pandas-2.2.2.dist-info
ADD INFO /Users/calum/Developer/Excelerator/env/lib/python3.11/site-packages/pandas-2.2.2.dist-info
ADD INFO /Users/calum/Developer/Excelerator/env/lib/python3.11/site-packages/pandas-2.2.2.dist-info
ADD INFO /Users/calum/Developer/Excelerator/env/lib/python3.11/site-packages/pandas-2.2.2.dist-info
ADD INFO /Users/calum/Developer/Excelerator/env/lib/python3.11/site-packages/pandas-2.2.2.dist-info
ADD INFO /Users/calum/Developer/Excelerator/env/lib/python3.11/site-packages/pandas-2.2.2.dist-info
ADD INFO /Users/calum/Developer/Excelerator/env/lib/python3.11/site-packages/pandas-2.2.2.dist-info
ADD INFO /Users/calum/Developer/Excelerator/env/lib/python3.11/site-packages/pandas-2.2.2.dist-info
ADD INFO /Users/calum/Developer/Excelerator/env/lib/python3.11/site-packages/pandas-2.2.2.dist-info
ADD INFO /Users/calum/Developer/Excelerator/env/lib/python3.11/site-packages/pandas-2.2.2.dist-info
ADD INFO /Users/calum/Developer/Excelerator/env/lib/python3.11/site-packages/pandas-2.2.2.dist-info
ADD INFO /Users/calum/Developer/Excelerator/env/lib/python3.11/site-packages/pandas-2.2.2.dist-info
ADD INFO /Users/calum/Developer/Excelerator/env/lib/python3.11/site-packages/pandas-2.2.2.dist-info
ADD INFO /Users/calum/Developer/Excelerator/env/lib/python3.11/site-packages/pandas-2.2.2.dist-info
ADD INFO /Users/calum/Developer/Excelerator/env/lib/python3.11/site-packages/pandas-2.2.2.dist-info
ADD INFO /Users/calum/Developer/Excelerator/env/lib/python3.11/site-packages/pandas-2.2.2.dist-info
ADD INFO /Users/calum/Developer/Excelerator/env/lib/python3.11/site-packages/pandas-2.2.2.dist-info
ADD INFO /Users/calum/Developer/Excelerator/env/lib/python3.11/site-packages/pandas-2.2.2.dist-info
ADD INFO /Users/calum/Developer/Excelerator/env/lib/python3.11/site-packages/pandas-2.2.2.dist-info
ADD INFO /Users/calum/Developer/Excelerator/env/lib/python3.11/site-packages/pandas-2.2.2.dist-info
ADD INFO /Users/calum/Developer/Excelerator/env/lib/python3.11/site-packages/pandas-2.2.2.dist-info
ADD INFO /Users/calum/Developer/Excelerator/env/lib/python3.11/site-packages/pandas-2.2.2.dist-info
ADD INFO /Users/calum/Developer/Excelerator/env/lib/python3.11/site-packages/pandas-2.2.2.dist-info
ADD INFO /Users/calum/Developer/Excelerator/env/lib/python3.11/site-packages/pandas-2.2.2.dist-info
ADD INFO /Users/calum/Developer/Excelerator/env/lib/python3.11/site-packages/pandas-2.2.2.dist-info
ADD INFO /Users/calum/Developer/Excelerator/env/lib/python3.11/site-packages/pandas-2.2.2.dist-info
ADD INFO /Users/calum/Developer/Excelerator/env/lib/python3.11/site-packages/pandas-2.2.2.dist-info
ADD INFO /Users/calum/Developer/Excelerator/env/lib/python3.11/site-packages/pandas-2.2.2.dist-info
ADD INFO /Users/calum/Developer/Excelerator/env/lib/python3.11/site-packages/pandas-2.2.2.dist-info
ADD INFO /Users/calum/Developer/Excelerator/env/lib/python3.11/site-packages/pandas-2.2.2.dist-info
ADD INFO /Users/calum/Developer/Excelerator/env/lib/python3.11/site-packages/pandas-2.2.2.dist-info
ADD INFO /Users/calum/Developer/Excelerator/env/lib/python3.11/site-packages/pandas-2.2.2.dist-info
ADD INFO /Users/calum/Developer/Excelerator/env/lib/python3.11/site-packages/pandas-2.2.2.dist-info
ADD INFO /Users/calum/Developer/Excelerator/env/lib/python3.11/site-packages/pandas-2.2.2.dist-info
ADD INFO /Users/calum/Developer/Excelerator/env/lib/python3.11/site-packages/pandas-2.2.2.dist-info
ADD INFO /Users/calum/Developer/Excelerator/env/lib/python3.11/site-packages/pandas-2.2.2.dist-info
ADD INFO /Users/calum/Developer/Excelerator/env/lib/python3.11/site-packages/pandas-2.2.2.dist-info
ADD INFO /Users/calum/Developer/Excelerator/env/lib/python3.11/site-packages/pandas-2.2.2.dist-info
ADD INFO /Users/calum/Developer/Excelerator/env/lib/python3.11/site-packages/pandas-2.2.2.dist-info
ADD INFO /Users/calum/Developer/Excelerator/env/lib/python3.11/site-packages/pandas-2.2.2.dist-info
ADD INFO /Users/calum/Developer/Excelerator/env/lib/python3.11/site-packages/pandas-2.2.2.dist-info
ADD INFO /Users/calum/Developer/Excelerator/env/lib/python3.11/site-packages/pandas-2.2.2.dist-info
ADD INFO /Users/calum/Developer/Excelerator/env/lib/python3.11/site-packages/pandas-2.2.2.dist-info
ADD INFO /Users/calum/Developer/Excelerator/env/lib/python3.11/site-packages/pandas-2.2.2.dist-info
ADD INFO /Users/calum/Developer/Excelerator/env/lib/python3.11/site-packages/pandas-2.2.2.dist-info
ADD INFO /Users/calum/Developer/Excelerator/env/lib/python3.11/site-packages/pandas-2.2.2.dist-info
ADD INFO /Users/calum/Developer/Excelerator/env/lib/python3.11/site-packages/pandas-2.2.2.dist-info
ADD INFO /Users/calum/Developer/Excelerator/env/lib/python3.11/site-packages/pandas-2.2.2.dist-info
ADD INFO /Users/calum/Developer/Excelerator/env/lib/python3.11/site-packages/pandas-2.2.2.dist-info
ADD INFO /Users/calum/Developer/Excelerator/env/lib/python3.11/site-packages/pandas-2.2.2.dist-info
ADD INFO /Users/calum/Developer/Excelerator/env/lib/python3.11/site-packages/pandas-2.2.2.dist-info
ADD INFO /Users/calum/Developer/Excelerator/env/lib/python3.11/site-packages/pandas-2.2.2.dist-info
ADD INFO /Users/calum/Developer/Excelerator/env/lib/python3.11/site-packages/pandas-2.2.2.dist-info
ADD INFO /Users/calum/Developer/Excelerator/env/lib/python3.11/site-packages/pandas-2.2.2.dist-info
ADD INFO /Users/calum/Developer/Excelerator/env/lib/python3.11/site-packages/pandas-2.2.2.dist-info
ADD INFO /Users/calum/Developer/Excelerator/env/lib/python3.11/site-packages/pandas-2.2.2.dist-info
ADD INFO /Users/calum/Developer/Excelerator/env/lib/python3.11/site-packages/pandas-2.2.2.dist-info
ADD INFO /Users/calum/Developer/Excelerator/env/lib/python3.11/site-packages/pandas-2.2.2.dist-info
ADD INFO /Users/calum/Developer/Excelerator/env/lib/python3.11/site-packages/pandas-2.2.2.dist-info
ADD INFO /Users/calum/Developer/Excelerator/env/lib/python3.11/site-packages/pandas-2.2.2.dist-info
ADD INFO /Users/calum/Developer/Excelerator/env/lib/python3.11/site-packages/pandas-2.2.2.dist-info
ADD INFO /Users/calum/Developer/Excelerator/env/lib/python3.11/site-packages/pandas-2.2.2.dist-info
ADD INFO /Users/calum/Developer/Excelerator/env/lib/python3.11/site-packages/pandas-2.2.2.dist-info
ADD INFO /Users/calum/Developer/Excelerator/env/lib/python3.11/site-packages/pandas-2.2.2.dist-info
ADD INFO /Users/calum/Developer/Excelerator/env/lib/python3.11/site-packages/pandas-2.2.2.dist-info
ADD INFO /Users/calum/Developer/Excelerator/env/lib/python3.11/site-packages/pandas-2.2.2.dist-info
ADD INFO /Users/calum/Developer/Excelerator/env/lib/python3.11/site-packages/pandas-2.2.2.dist-info
ADD INFO /Users/calum/Developer/Excelerator/env/lib/python3.11/site-packages/pandas-2.2.2.dist-info
ADD INFO /Users/calum/Developer/Excelerator/env/lib/python3.11/site-packages/pandas-2.2.2.dist-info
ADD INFO /Users/calum/Developer/Excelerator/env/lib/python3.11/site-packages/pandas-2.2.2.dist-info
ADD INFO /Users/calum/Developer/Excelerator/env/lib/python3.11/site-packages/pandas-2.2.2.dist-info
ADD INFO /Users/calum/Developer/Excelerator/env/lib/python3.11/site-packages/pandas-2.2.2.dist-info
ADD INFO /Users/calum/Developer/Excelerator/env/lib/python3.11/site-packages/pandas-2.2.2.dist-info
ADD INFO /Users/calum/Developer/Excelerator/env/lib/python3.11/site-packages/pandas-2.2.2.dist-info
ADD INFO /Users/calum/Developer/Excelerator/env/lib/python3.11/site-packages/pandas-2.2.2.dist-info
ADD INFO /Users/calum/Developer/Excelerator/env/lib/python3.11/site-packages/pandas-2.2.2.dist-info
ADD INFO /Users/calum/Developer/Excelerator/env/lib/python3.11/site-packages/pandas-2.2.2.dist-info
ADD INFO /Users/calum/Developer/Excelerator/env/lib/python3.11/site-packages/pandas-2.2.2.dist-info
ADD INFO /Users/calum/Developer/Excelerator/env/lib/python3.11/site-packages/pandas-2.2.2.dist-info
ADD INFO /Users/calum/Developer/Excelerator/env/lib/python3.11/site-packages/pandas-2.2.2.dist-info
ADD INFO /Users/calum/Developer/Excelerator/env/lib/python3.11/site-packages/pandas-2.2.2.dist-info
ADD INFO /Users/calum/Developer/Excelerator/env/lib/python3.11/site-packages/pandas-2.2.2.dist-info
ADD INFO /Users/calum/Developer/Excelerator/env/lib/python3.11/site-packages/pandas-2.2.2.dist-info
ADD INFO /Users/calum/Developer/Excelerator/env/lib/python3.11/site-packages/pandas-2.2.2.dist-info
ADD INFO /Users/calum/Developer/Excelerator/env/lib/python3.11/site-packages/pandas-2.2.2.dist-info
ADD INFO /Users/calum/Developer/Excelerator/env/lib/python3.11/site-packages/pandas-2.2.2.dist-info
ADD INFO /Users/calum/Developer/Excelerator/env/lib/python3.11/site-packages/pandas-2.2.2.dist-info
ADD INFO /Users/calum/Developer/Excelerator/env/lib/python3.11/site-packages/pandas-2.2.2.dist-info
ADD INFO /Users/calum/Developer/Excelerator/env/lib/python3.11/site-packages/pandas-2.2.2.dist-info
ADD INFO /Users/calum/Developer/Excelerator/env/lib/python3.11/site-packages/pandas-2.2.2.dist-info
ADD INFO /Users/calum/Developer/Excelerator/env/lib/python3.11/site-packages/pandas-2.2.2.dist-info
ADD INFO /Users/calum/Developer/Excelerator/env/lib/python3.11/site-packages/pandas-2.2.2.dist-info
ADD INFO /Users/calum/Developer/Excelerator/env/lib/python3.11/site-packages/pandas-2.2.2.dist-info
ADD INFO /Users/calum/Developer/Excelerator/env/lib/python3.11/site-packages/pandas-2.2.2.dist-info
ADD INFO /Users/calum/Developer/Excelerator/env/lib/python3.11/site-packages/pandas-2.2.2.dist-info
ADD INFO /Users/calum/Developer/Excelerator/env/lib/python3.11/site-packages/pandas-2.2.2.dist-info
ADD INFO /Users/calum/Developer/Excelerator/env/lib/python3.11/site-packages/pandas-2.2.2.dist-info
ADD INFO /Users/calum/Developer/Excelerator/env/lib/python3.11/site-packages/pandas-2.2.2.dist-info
ADD INFO /Users/calum/Developer/Excelerator/env/lib/python3.11/site-packages/pandas-2.2.2.dist-info
ADD INFO /Users/calum/Developer/Excelerator/env/lib/python3.11/site-packages/pandas-2.2.2.dist-info
ADD INFO /Users/calum/Developer/Excelerator/env/lib/python3.11/site-packages/pandas-2.2.2.dist-info
ADD INFO /Users/calum/Developer/Excelerator/env/lib/python3.11/site-packages/pandas-2.2.2.dist-info
ADD INFO /Users/calum/Developer/Excelerator/env/lib/python3.11/site-packages/pandas-2.2.2.dist-info
ADD INFO /Users/calum/Developer/Excelerator/env/lib/python3.11/site-packages/pandas-2.2.2.dist-info
ADD INFO /Users/calum/Developer/Excelerator/env/lib/python3.11/site-packages/pandas-2.2.2.dist-info
ADD INFO /Users/calum/Developer/Excelerator/env/lib/python3.11/site-packages/pandas-2.2.2.dist-info
ADD INFO /Users/calum/Developer/Excelerator/env/lib/python3.11/site-packages/pandas-2.2.2.dist-info
ADD INFO /Users/calum/Developer/Excelerator/env/lib/python3.11/site-packages/pandas-2.2.2.dist-info
ADD INFO /Users/calum/Developer/Excelerator/env/lib/python3.11/site-packages/pandas-2.2.2.dist-info
ADD INFO /Users/calum/Developer/Excelerator/env/lib/python3.11/site-packages/pandas-2.2.2.dist-info
ADD INFO /Users/calum/Developer/Excelerator/env/lib/python3.11/site-packages/pandas-2.2.2.dist-info
ADD INFO /Users/calum/Developer/Excelerator/env/lib/python3.11/site-packages/pandas-2.2.2.dist-info
ADD INFO /Users/calum/Developer/Excelerator/env/lib/python3.11/site-packages/pandas-2.2.2.dist-info
ADD INFO /Users/calum/Developer/Excelerator/env/lib/python3.11/site-packages/pandas-2.2.2.dist-info
ADD INFO /Users/calum/Developer/Excelerator/env/lib/python3.11/site-packages/pandas-2.2.2.dist-info
ADD INFO /Users/calum/Developer/Excelerator/env/lib/python3.11/site-packages/pandas-2.2.2.dist-info
ADD INFO /Users/calum/Developer/Excelerator/env/lib/python3.11/site-packages/pandas-2.2.2.dist-info
ADD INFO /Users/calum/Developer/Excelerator/env/lib/python3.11/site-packages/pandas-2.2.2.dist-info
ADD INFO /Users/calum/Developer/Excelerator/env/lib/python3.11/site-packages/pandas-2.2.2.dist-info
ADD INFO /Users/calum/Developer/Excelerator/env/lib/python3.11/site-packages/pandas-2.2.2.dist-info
ADD INFO /Users/calum/Developer/Excelerator/env/lib/python3.11/site-packages/pandas-2.2.2.dist-info
ADD INFO /Users/calum/Developer/Excelerator/env/lib/python3.11/site-packages/pandas-2.2.2.dist-info
ADD INFO /Users/calum/Developer/Excelerator/env/lib/python3.11/site-packages/pandas-2.2.2.dist-info
ADD INFO /Users/calum/Developer/Excelerator/env/lib/python3.11/site-packages/pandas-2.2.2.dist-info
ADD INFO /Users/calum/Developer/Excelerator/env/lib/python3.11/site-packages/pandas-2.2.2.dist-info
ADD INFO /Users/calum/Developer/Excelerator/env/lib/python3.11/site-packages/pandas-2.2.2.dist-info
ADD INFO /Users/calum/Developer/Excelerator/env/lib/python3.11/site-packages/pandas-2.2.2.dist-info
ADD INFO /Users/calum/Developer/Excelerator/env/lib/python3.11/site-packages/pandas-2.2.2.dist-info
ADD INFO /Users/calum/Developer/Excelerator/env/lib/python3.11/site-packages/pandas-2.2.2.dist-info
ADD INFO /Users/calum/Developer/Excelerator/env/lib/python3.11/site-packages/pandas-2.2.2.dist-info
ADD INFO /Users/calum/Developer/Excelerator/env/lib/python3.11/site-packages/pandas-2.2.2.dist-info
ADD INFO /Users/calum/Developer/Excelerator/env/lib/python3.11/site-packages/pandas-2.2.2.dist-info
ADD INFO /Users/calum/Developer/Excelerator/env/lib/python3.11/site-packages/pandas-2.2.2.dist-info
ADD INFO /Users/calum/Developer/Excelerator/env/lib/python3.11/site-packages/pandas-2.2.2.dist-info
ADD INFO /Users/calum/Developer/Excelerator/env/lib/python3.11/site-packages/pandas-2.2.2.dist-info
ADD INFO /Users/calum/Developer/Excelerator/env/lib/python3.11/site-packages/pandas-2.2.2.dist-info
ADD INFO /Users/calum/Developer/Excelerator/env/lib/python3.11/site-packages/pandas-2.2.2.dist-info
ADD INFO /Users/calum/Developer/Excelerator/env/lib/python3.11/site-packages/pandas-2.2.2.dist-info
ADD INFO /Users/calum/Developer/Excelerator/env/lib/python3.11/site-packages/pandas-2.2.2.dist-info
ADD INFO /Users/calum/Developer/Excelerator/env/lib/python3.11/site-packages/pandas-2.2.2.dist-info
ADD INFO /Users/calum/Developer/Excelerator/env/lib/python3.11/site-packages/pandas-2.2.2.dist-info
ADD INFO /Users/calum/Developer/Excelerator/env/lib/python3.11/site-packages/pandas-2.2.2.dist-info
ADD INFO /Users/calum/Developer/Excelerator/env/lib/python3.11/site-packages/pandas-2.2.2.dist-info
ADD INFO /Users/calum/Developer/Excelerator/env/lib/python3.11/site-packages/pandas-2.2.2.dist-info
ADD INFO /Users/calum/Developer/Excelerator/env/lib/python3.11/site-packages/pandas-2.2.2.dist-info
ADD INFO /Users/calum/Developer/Excelerator/env/lib/python3.11/site-packages/pandas-2.2.2.dist-info
ADD INFO /Users/calum/Developer/Excelerator/env/lib/python3.11/site-packages/pandas-2.2.2.dist-info
ADD INFO /Users/calum/Developer/Excelerator/env/lib/python3.11/site-packages/pandas-2.2.2.dist-info
ADD INFO /Users/calum/Developer/Excelerator/env/lib/python3.11/site-packages/pandas-2.2.2.dist-info
ADD INFO /Users/calum/Developer/Excelerator/env/lib/python3.11/site-packages/pandas-2.2.2.dist-info
ADD INFO /Users/calum/Developer/Excelerator/env/lib/python3.11/site-packages/pandas-2.2.2.dist-info
ADD INFO /Users/calum/Developer/Excelerator/env/lib/python3.11/site-packages/pandas-2.2.2.dist-info
ADD INFO /Users/calum/Developer/Excelerator/env/lib/python3.11/site-packages/pandas-2.2.2.dist-info
ADD INFO /Users/calum/Developer/Excelerator/env/lib/python3.11/site-packages/pandas-2.2.2.dist-info
ADD INFO /Users/calum/Developer/Excelerator/env/lib/python3.11/site-packages/pandas-2.2.2.dist-info
ADD INFO /Users/calum/Developer/Excelerator/env/lib/python3.11/site-packages/pandas-2.2.2.dist-info
ADD INFO /Users/calum/Developer/Excelerator/env/lib/python3.11/site-packages/pandas-2.2.2.dist-info
ADD INFO /Users/calum/Developer/Excelerator/env/lib/python3.11/site-packages/pandas-2.2.2.dist-info
ADD INFO /Users/calum/Developer/Excelerator/env/lib/python3.11/site-packages/pandas-2.2.2.dist-info
ADD INFO /Users/calum/Developer/Excelerator/env/lib/python3.11/site-packages/pandas-2.2.2.dist-info
ADD INFO /Users/calum/Developer/Excelerator/env/lib/python3.11/site-packages/pandas-2.2.2.dist-info
ADD INFO /Users/calum/Developer/Excelerator/env/lib/python3.11/site-packages/pandas-2.2.2.dist-info
ADD INFO /Users/calum/Developer/Excelerator/env/lib/python3.11/site-packages/pandas-2.2.2.dist-info
ADD INFO /Users/calum/Developer/Excelerator/env/lib/python3.11/site-packages/pandas-2.2.2.dist-info
ADD INFO /Users/calum/Developer/Excelerator/env/lib/python3.11/site-packages/pandas-2.2.2.dist-info
ADD INFO /Users/calum/Developer/Excelerator/env/lib/python3.11/site-packages/pandas-2.2.2.dist-info
ADD INFO /Users/calum/Developer/Excelerator/env/lib/python3.11/site-packages/pandas-2.2.2.dist-info
ADD INFO /Users/calum/Developer/Excelerator/env/lib/python3.11/site-packages/pandas-2.2.2.dist-info
ADD INFO /Users/calum/Developer/Excelerator/env/lib/python3.11/site-packages/pandas-2.2.2.dist-info
ADD INFO /Users/calum/Developer/Excelerator/env/lib/python3.11/site-packages/pandas-2.2.2.dist-info
ADD INFO /Users/calum/Developer/Excelerator/env/lib/python3.11/site-packages/pandas-2.2.2.dist-info
ADD INFO /Users/calum/Developer/Excelerator/env/lib/python3.11/site-packages/pandas-2.2.2.dist-info
ADD INFO /Users/calum/Developer/Excelerator/env/lib/python3.11/site-packages/pandas-2.2.2.dist-info
ADD INFO /Users/calum/Developer/Excelerator/env/lib/python3.11/site-packages/pandas-2.2.2.dist-info
ADD INFO /Users/calum/Developer/Excelerator/env/lib/python3.11/site-packages/pandas-2.2.2.dist-info
ADD INFO /Users/calum/Developer/Excelerator/env/lib/python3.11/site-packages/pandas-2.2.2.dist-info
ADD INFO /Users/calum/Developer/Excelerator/env/lib/python3.11/site-packages/pandas-2.2.2.dist-info
ADD INFO /Users/calum/Developer/Excelerator/env/lib/python3.11/site-packages/pandas-2.2.2.dist-info
ADD INFO /Users/calum/Developer/Excelerator/env/lib/python3.11/site-packages/pandas-2.2.2.dist-info
ADD INFO /Users/calum/Developer/Excelerator/env/lib/python3.11/site-packages/pandas-2.2.2.dist-info
ADD INFO /Users/calum/Developer/Excelerator/env/lib/python3.11/site-packages/pandas-2.2.2.dist-info
ADD INFO /Users/calum/Developer/Excelerator/env/lib/python3.11/site-packages/pandas-2.2.2.dist-info
ADD INFO /Users/calum/Developer/Excelerator/env/lib/python3.11/site-packages/pandas-2.2.2.dist-info
ADD INFO /Users/calum/Developer/Excelerator/env/lib/python3.11/site-packages/pandas-2.2.2.dist-info
ADD INFO /Users/calum/Developer/Excelerator/env/lib/python3.11/site-packages/pandas-2.2.2.dist-info
ADD INFO /Users/calum/Developer/Excelerator/env/lib/python3.11/site-packages/pandas-2.2.2.dist-info
ADD INFO /Users/calum/Developer/Excelerator/env/lib/python3.11/site-packages/pandas-2.2.2.dist-info
ADD INFO /Users/calum/Developer/Excelerator/env/lib/python3.11/site-packages/pandas-2.2.2.dist-info
ADD INFO /Users/calum/Developer/Excelerator/env/lib/python3.11/site-packages/pandas-2.2.2.dist-info
ADD INFO /Users/calum/Developer/Excelerator/env/lib/python3.11/site-packages/pandas-2.2.2.dist-info
ADD INFO /Users/calum/Developer/Excelerator/env/lib/python3.11/site-packages/pandas-2.2.2.dist-info
ADD INFO /Users/calum/Developer/Excelerator/env/lib/python3.11/site-packages/pandas-2.2.2.dist-info
ADD INFO /Users/calum/Developer/Excelerator/env/lib/python3.11/site-packages/pandas-2.2.2.dist-info
ADD INFO /Users/calum/Developer/Excelerator/env/lib/python3.11/site-packages/pandas-2.2.2.dist-info
ADD INFO /Users/calum/Developer/Excelerator/env/lib/python3.11/site-packages/pandas-2.2.2.dist-info
ADD INFO /Users/calum/Developer/Excelerator/env/lib/python3.11/site-packages/pandas-2.2.2.dist-info
ADD INFO /Users/calum/Developer/Excelerator/env/lib/python3.11/site-packages/pandas-2.2.2.dist-info
ADD INFO /Users/calum/Developer/Excelerator/env/lib/python3.11/site-packages/pandas-2.2.2.dist-info
ADD INFO /Users/calum/Developer/Excelerator/env/lib/python3.11/site-packages/pandas-2.2.2.dist-info
ADD INFO /Users/calum/Developer/Excelerator/env/lib/python3.11/site-packages/pandas-2.2.2.dist-info
ADD INFO /Users/calum/Developer/Excelerator/env/lib/python3.11/site-packages/pandas-2.2.2.dist-info
ADD INFO /Users/calum/Developer/Excelerator/env/lib/python3.11/site-packages/pandas-2.2.2.dist-info
ADD INFO /Users/calum/Developer/Excelerator/env/lib/python3.11/site-packages/pandas-2.2.2.dist-info
ADD INFO /Users/calum/Developer/Excelerator/env/lib/python3.11/site-packages/pandas-2.2.2.dist-info
ADD INFO /Users/calum/Developer/Excelerator/env/lib/python3.11/site-packages/pandas-2.2.2.dist-info
ADD INFO /Users/calum/Developer/Excelerator/env/lib/python3.11/site-packages/pandas-2.2.2.dist-info
ADD INFO /Users/calum/Developer/Excelerator/env/lib/python3.11/site-packages/pandas-2.2.2.dist-info
ADD INFO /Users/calum/Developer/Excelerator/env/lib/python3.11/site-packages/pandas-2.2.2.dist-info
ADD INFO /Users/calum/Developer/Excelerator/env/lib/python3.11/site-packages/pandas-2.2.2.dist-info
ADD INFO /Users/calum/Developer/Excelerator/env/lib/python3.11/site-packages/pandas-2.2.2.dist-info
ADD INFO /Users/calum/Developer/Excelerator/env/lib/python3.11/site-packages/pandas-2.2.2.dist-info
ADD INFO /Users/calum/Developer/Excelerator/env/lib/python3.11/site-packages/pandas-2.2.2.dist-info
ADD INFO /Users/calum/Developer/Excelerator/env/lib/python3.11/site-packages/pandas-2.2.2.dist-info
ADD INFO /Users/calum/Developer/Excelerator/env/lib/python3.11/site-packages/pandas-2.2.2.dist-info
ADD INFO /Users/calum/Developer/Excelerator/env/lib/python3.11/site-packages/pandas-2.2.2.dist-info
ADD INFO /Users/calum/Developer/Excelerator/env/lib/python3.11/site-packages/pandas-2.2.2.dist-info
ADD INFO /Users/calum/Developer/Excelerator/env/lib/python3.11/site-packages/pandas-2.2.2.dist-info
ADD INFO /Users/calum/Developer/Excelerator/env/lib/python3.11/site-packages/pandas-2.2.2.dist-info
ADD INFO /Users/calum/Developer/Excelerator/env/lib/python3.11/site-packages/pandas-2.2.2.dist-info
ADD INFO /Users/calum/Developer/Excelerator/env/lib/python3.11/site-packages/pandas-2.2.2.dist-info
ADD INFO /Users/calum/Developer/Excelerator/env/lib/python3.11/site-packages/pandas-2.2.2.dist-info
ADD INFO /Users/calum/Developer/Excelerator/env/lib/python3.11/site-packages/pandas-2.2.2.dist-info
ADD INFO /Users/calum/Developer/Excelerator/env/lib/python3.11/site-packages/pandas-2.2.2.dist-info
ADD INFO /Users/calum/Developer/Excelerator/env/lib/python3.11/site-packages/pandas-2.2.2.dist-info
ADD INFO /Users/calum/Developer/Excelerator/env/lib/python3.11/site-packages/pandas-2.2.2.dist-info
ADD INFO /Users/calum/Developer/Excelerator/env/lib/python3.11/site-packages/pandas-2.2.2.dist-info
ADD INFO /Users/calum/Developer/Excelerator/env/lib/python3.11/site-packages/pandas-2.2.2.dist-info
ADD INFO /Users/calum/Developer/Excelerator/env/lib/python3.11/site-packages/pandas-2.2.2.dist-info
ADD INFO /Users/calum/Developer/Excelerator/env/lib/python3.11/site-packages/pandas-2.2.2.dist-info
ADD INFO /Users/calum/Developer/Excelerator/env/lib/python3.11/site-packages/pandas-2.2.2.dist-info
ADD INFO /Users/calum/Developer/Excelerator/env/lib/python3.11/site-packages/pandas-2.2.2.dist-info
ADD INFO /Users/calum/Developer/Excelerator/env/lib/python3.11/site-packages/pandas-2.2.2.dist-info
ADD INFO /Users/calum/Developer/Excelerator/env/lib/python3.11/site-packages/pandas-2.2.2.dist-info
ADD INFO /Users/calum/Developer/Excelerator/env/lib/python3.11/site-packages/pandas-2.2.2.dist-info
ADD INFO /Users/calum/Developer/Excelerator/env/lib/python3.11/site-packages/pandas-2.2.2.dist-info
ADD INFO /Users/calum/Developer/Excelerator/env/lib/python3.11/site-packages/pandas-2.2.2.dist-info
ADD INFO /Users/calum/Developer/Excelerator/env/lib/python3.11/site-packages/pandas-2.2.2.dist-info
ADD INFO /Users/calum/Developer/Excelerator/env/lib/python3.11/site-packages/pandas-2.2.2.dist-info
ADD INFO /Users/calum/Developer/Excelerator/env/lib/python3.11/site-packages/pandas-2.2.2.dist-info
ADD INFO /Users/calum/Developer/Excelerator/env/lib/python3.11/site-packages/pandas-2.2.2.dist-info
ADD INFO /Users/calum/Developer/Excelerator/env/lib/python3.11/site-packages/pandas-2.2.2.dist-info
ADD INFO /Users/calum/Developer/Excelerator/env/lib/python3.11/site-packages/pandas-2.2.2.dist-info
ADD INFO /Users/calum/Developer/Excelerator/env/lib/python3.11/site-packages/pandas-2.2.2.dist-info
ADD INFO /Users/calum/Developer/Excelerator/env/lib/python3.11/site-packages/pandas-2.2.2.dist-info
ADD INFO /Users/calum/Developer/Excelerator/env/lib/python3.11/site-packages/pandas-2.2.2.dist-info
ADD INFO /Users/calum/Developer/Excelerator/env/lib/python3.11/site-packages/pandas-2.2.2.dist-info
ADD INFO /Users/calum/Developer/Excelerator/env/lib/python3.11/site-packages/pandas-2.2.2.dist-info
ADD INFO /Users/calum/Developer/Excelerator/env/lib/python3.11/site-packages/pandas-2.2.2.dist-info
ADD INFO /Users/calum/Developer/Excelerator/env/lib/python3.11/site-packages/pandas-2.2.2.dist-info
ADD INFO /Users/calum/Developer/Excelerator/env/lib/python3.11/site-packages/pandas-2.2.2.dist-info
ADD INFO /Users/calum/Developer/Excelerator/env/lib/python3.11/site-packages/pandas-2.2.2.dist-info
ADD INFO /Users/calum/Developer/Excelerator/env/lib/python3.11/site-packages/pandas-2.2.2.dist-info
ADD INFO /Users/calum/Developer/Excelerator/env/lib/python3.11/site-packages/pandas-2.2.2.dist-info
ADD INFO /Users/calum/Developer/Excelerator/env/lib/python3.11/site-packages/pandas-2.2.2.dist-info
ADD INFO /Users/calum/Developer/Excelerator/env/lib/python3.11/site-packages/pandas-2.2.2.dist-info
ADD INFO /Users/calum/Developer/Excelerator/env/lib/python3.11/site-packages/pandas-2.2.2.dist-info
ADD INFO /Users/calum/Developer/Excelerator/env/lib/python3.11/site-packages/pandas-2.2.2.dist-info
ADD INFO /Users/calum/Developer/Excelerator/env/lib/python3.11/site-packages/pandas-2.2.2.dist-info
ADD INFO /Users/calum/Developer/Excelerator/env/lib/python3.11/site-packages/pandas-2.2.2.dist-info
ADD INFO /Users/calum/Developer/Excelerator/env/lib/python3.11/site-packages/pandas-2.2.2.dist-info
ADD INFO /Users/calum/Developer/Excelerator/env/lib/python3.11/site-packages/pandas-2.2.2.dist-info
ADD INFO /Users/calum/Developer/Excelerator/env/lib/python3.11/site-packages/pandas-2.2.2.dist-info
ADD INFO /Users/calum/Developer/Excelerator/env/lib/python3.11/site-packages/pandas-2.2.2.dist-info
ADD INFO /Users/calum/Developer/Excelerator/env/lib/python3.11/site-packages/pandas-2.2.2.dist-info
ADD INFO /Users/calum/Developer/Excelerator/env/lib/python3.11/site-packages/pandas-2.2.2.dist-info
ADD INFO /Users/calum/Developer/Excelerator/env/lib/python3.11/site-packages/pandas-2.2.2.dist-info
ADD INFO /Users/calum/Developer/Excelerator/env/lib/python3.11/site-packages/pandas-2.2.2.dist-info
ADD INFO /Users/calum/Developer/Excelerator/env/lib/python3.11/site-packages/pandas-2.2.2.dist-info
ADD INFO /Users/calum/Developer/Excelerator/env/lib/python3.11/site-packages/pandas-2.2.2.dist-info
ADD INFO /Users/calum/Developer/Excelerator/env/lib/python3.11/site-packages/pandas-2.2.2.dist-info
ADD INFO /Users/calum/Developer/Excelerator/env/lib/python3.11/site-packages/pandas-2.2.2.dist-info
ADD INFO /Users/calum/Developer/Excelerator/env/lib/python3.11/site-packages/pandas-2.2.2.dist-info
ADD INFO /Users/calum/Developer/Excelerator/env/lib/python3.11/site-packages/pandas-2.2.2.dist-info
ADD INFO /Users/calum/Developer/Excelerator/env/lib/python3.11/site-packages/pandas-2.2.2.dist-info
ADD INFO /Users/calum/Developer/Excelerator/env/lib/python3.11/site-packages/pandas-2.2.2.dist-info
ADD INFO /Users/calum/Developer/Excelerator/env/lib/python3.11/site-packages/pandas-2.2.2.dist-info
ADD INFO /Users/calum/Developer/Excelerator/env/lib/python3.11/site-packages/pandas-2.2.2.dist-info
ADD INFO /Users/calum/Developer/Excelerator/env/lib/python3.11/site-packages/pandas-2.2.2.dist-info
ADD INFO /Users/calum/Developer/Excelerator/env/lib/python3.11/site-packages/pandas-2.2.2.dist-info
ADD INFO /Users/calum/Developer/Excelerator/env/lib/python3.11/site-packages/pandas-2.2.2.dist-info
ADD INFO /Users/calum/Developer/Excelerator/env/lib/python3.11/site-packages/pandas-2.2.2.dist-info
ADD INFO /Users/calum/Developer/Excelerator/env/lib/python3.11/site-packages/pandas-2.2.2.dist-info
ADD INFO /Users/calum/Developer/Excelerator/env/lib/python3.11/site-packages/pandas-2.2.2.dist-info
ADD INFO /Users/calum/Developer/Excelerator/env/lib/python3.11/site-packages/pandas-2.2.2.dist-info
ADD INFO /Users/calum/Developer/Excelerator/env/lib/python3.11/site-packages/pandas-2.2.2.dist-info
ADD INFO /Users/calum/Developer/Excelerator/env/lib/python3.11/site-packages/pandas-2.2.2.dist-info
ADD INFO /Users/calum/Developer/Excelerator/env/lib/python3.11/site-packages/pandas-2.2.2.dist-info
ADD INFO /Users/calum/Developer/Excelerator/env/lib/python3.11/site-packages/pandas-2.2.2.dist-info
ADD INFO /Users/calum/Developer/Excelerator/env/lib/python3.11/site-packages/pandas-2.2.2.dist-info
ADD INFO /Users/calum/Developer/Excelerator/env/lib/python3.11/site-packages/pandas-2.2.2.dist-info
ADD INFO /Users/calum/Developer/Excelerator/env/lib/python3.11/site-packages/pandas-2.2.2.dist-info
ADD INFO /Users/calum/Developer/Excelerator/env/lib/python3.11/site-packages/pandas-2.2.2.dist-info
ADD INFO /Users/calum/Developer/Excelerator/env/lib/python3.11/site-packages/pandas-2.2.2.dist-info
ADD INFO /Users/calum/Developer/Excelerator/env/lib/python3.11/site-packages/pandas-2.2.2.dist-info
ADD INFO /Users/calum/Developer/Excelerator/env/lib/python3.11/site-packages/pandas-2.2.2.dist-info
ADD INFO /Users/calum/Developer/Excelerator/env/lib/python3.11/site-packages/pandas-2.2.2.dist-info
ADD INFO /Users/calum/Developer/Excelerator/env/lib/python3.11/site-packages/pandas-2.2.2.dist-info
ADD INFO /Users/calum/Developer/Excelerator/env/lib/python3.11/site-packages/pandas-2.2.2.dist-info
ADD INFO /Users/calum/Developer/Excelerator/env/lib/python3.11/site-packages/pandas-2.2.2.dist-info
ADD INFO /Users/calum/Developer/Excelerator/env/lib/python3.11/site-packages/pandas-2.2.2.dist-info
ADD INFO /Users/calum/Developer/Excelerator/env/lib/python3.11/site-packages/pandas-2.2.2.dist-info
ADD INFO /Users/calum/Developer/Excelerator/env/lib/python3.11/site-packages/pandas-2.2.2.dist-info
ADD INFO /Users/calum/Developer/Excelerator/env/lib/python3.11/site-packages/pandas-2.2.2.dist-info
ADD INFO /Users/calum/Developer/Excelerator/env/lib/python3.11/site-packages/pandas-2.2.2.dist-info
ADD INFO /Users/calum/Developer/Excelerator/env/lib/python3.11/site-packages/pandas-2.2.2.dist-info
ADD INFO /Users/calum/Developer/Excelerator/env/lib/python3.11/site-packages/pandas-2.2.2.dist-info
ADD INFO /Users/calum/Developer/Excelerator/env/lib/python3.11/site-packages/pandas-2.2.2.dist-info
ADD INFO /Users/calum/Developer/Excelerator/env/lib/python3.11/site-packages/pandas-2.2.2.dist-info
ADD INFO /Users/calum/Developer/Excelerator/env/lib/python3.11/site-packages/pandas-2.2.2.dist-info
ADD INFO /Users/calum/Developer/Excelerator/env/lib/python3.11/site-packages/pandas-2.2.2.dist-info
ADD INFO /Users/calum/Developer/Excelerator/env/lib/python3.11/site-packages/pandas-2.2.2.dist-info
ADD INFO /Users/calum/Developer/Excelerator/env/lib/python3.11/site-packages/pandas-2.2.2.dist-info
ADD INFO /Users/calum/Developer/Excelerator/env/lib/python3.11/site-packages/pandas-2.2.2.dist-info
ADD INFO /Users/calum/Developer/Excelerator/env/lib/python3.11/site-packages/pandas-2.2.2.dist-info
ADD INFO /Users/calum/Developer/Excelerator/env/lib/python3.11/site-packages/pandas-2.2.2.dist-info
ADD INFO /Users/calum/Developer/Excelerator/env/lib/python3.11/site-packages/pandas-2.2.2.dist-info
ADD INFO /Users/calum/Developer/Excelerator/env/lib/python3.11/site-packages/pandas-2.2.2.dist-info
ADD INFO /Users/calum/Developer/Excelerator/env/lib/python3.11/site-packages/pandas-2.2.2.dist-info
ADD INFO /Users/calum/Developer/Excelerator/env/lib/python3.11/site-packages/pandas-2.2.2.dist-info
ADD INFO /Users/calum/Developer/Excelerator/env/lib/python3.11/site-packages/pandas-2.2.2.dist-info
ADD INFO /Users/calum/Developer/Excelerator/env/lib/python3.11/site-packages/pandas-2.2.2.dist-info
ADD INFO /Users/calum/Developer/Excelerator/env/lib/python3.11/site-packages/pandas-2.2.2.dist-info
ADD INFO /Users/calum/Developer/Excelerator/env/lib/python3.11/site-packages/pandas-2.2.2.dist-info
ADD INFO /Users/calum/Developer/Excelerator/env/lib/python3.11/site-packages/pandas-2.2.2.dist-info
ADD INFO /Users/calum/Developer/Excelerator/env/lib/python3.11/site-packages/pandas-2.2.2.dist-info
ADD INFO /Users/calum/Developer/Excelerator/env/lib/python3.11/site-packages/pandas-2.2.2.dist-info
ADD INFO /Users/calum/Developer/Excelerator/env/lib/python3.11/site-packages/pandas-2.2.2.dist-info
ADD INFO /Users/calum/Developer/Excelerator/env/lib/python3.11/site-packages/pandas-2.2.2.dist-info
ADD INFO /Users/calum/Developer/Excelerator/env/lib/python3.11/site-packages/pandas-2.2.2.dist-info
ADD INFO /Users/calum/Developer/Excelerator/env/lib/python3.11/site-packages/pandas-2.2.2.dist-info
ADD INFO /Users/calum/Developer/Excelerator/env/lib/python3.11/site-packages/pandas-2.2.2.dist-info
ADD INFO /Users/calum/Developer/Excelerator/env/lib/python3.11/site-packages/pandas-2.2.2.dist-info
ADD INFO /Users/calum/Developer/Excelerator/env/lib/python3.11/site-packages/pandas-2.2.2.dist-info
ADD INFO /Users/calum/Developer/Excelerator/env/lib/python3.11/site-packages/pandas-2.2.2.dist-info
ADD INFO /Users/calum/Developer/Excelerator/env/lib/python3.11/site-packages/pandas-2.2.2.dist-info
ADD INFO /Users/calum/Developer/Excelerator/env/lib/python3.11/site-packages/pandas-2.2.2.dist-info
ADD INFO /Users/calum/Developer/Excelerator/env/lib/python3.11/site-packages/pandas-2.2.2.dist-info
ADD INFO /Users/calum/Developer/Excelerator/env/lib/python3.11/site-packages/pandas-2.2.2.dist-info
ADD INFO /Users/calum/Developer/Excelerator/env/lib/python3.11/site-packages/pandas-2.2.2.dist-info
ADD INFO /Users/calum/Developer/Excelerator/env/lib/python3.11/site-packages/pandas-2.2.2.dist-info
ADD INFO /Users/calum/Developer/Excelerator/env/lib/python3.11/site-packages/pandas-2.2.2.dist-info
ADD INFO /Users/calum/Developer/Excelerator/env/lib/python3.11/site-packages/pandas-2.2.2.dist-info
ADD INFO /Users/calum/Developer/Excelerator/env/lib/python3.11/site-packages/pandas-2.2.2.dist-info
ADD INFO /Users/calum/Developer/Excelerator/env/lib/python3.11/site-packages/pandas-2.2.2.dist-info
ADD INFO /Users/calum/Developer/Excelerator/env/lib/python3.11/site-packages/pandas-2.2.2.dist-info
ADD INFO /Users/calum/Developer/Excelerator/env/lib/python3.11/site-packages/pandas-2.2.2.dist-info
ADD INFO /Users/calum/Developer/Excelerator/env/lib/python3.11/site-packages/pandas-2.2.2.dist-info
ADD INFO /Users/calum/Developer/Excelerator/env/lib/python3.11/site-packages/pandas-2.2.2.dist-info
ADD INFO /Users/calum/Developer/Excelerator/env/lib/python3.11/site-packages/pandas-2.2.2.dist-info
ADD INFO /Users/calum/Developer/Excelerator/env/lib/python3.11/site-packages/pandas-2.2.2.dist-info
ADD INFO /Users/calum/Developer/Excelerator/env/lib/python3.11/site-packages/pandas-2.2.2.dist-info
ADD INFO /Users/calum/Developer/Excelerator/env/lib/python3.11/site-packages/pandas-2.2.2.dist-info
ADD INFO /Users/calum/Developer/Excelerator/env/lib/python3.11/site-packages/pandas-2.2.2.dist-info
ADD INFO /Users/calum/Developer/Excelerator/env/lib/python3.11/site-packages/pandas-2.2.2.dist-info
ADD INFO /Users/calum/Developer/Excelerator/env/lib/python3.11/site-packages/pandas-2.2.2.dist-info
ADD INFO /Users/calum/Developer/Excelerator/env/lib/python3.11/site-packages/pandas-2.2.2.dist-info
ADD INFO /Users/calum/Developer/Excelerator/env/lib/python3.11/site-packages/pandas-2.2.2.dist-info
ADD INFO /Users/calum/Developer/Excelerator/env/lib/python3.11/site-packages/pandas-2.2.2.dist-info
ADD INFO /Users/calum/Developer/Excelerator/env/lib/python3.11/site-packages/pandas-2.2.2.dist-info
ADD INFO /Users/calum/Developer/Excelerator/env/lib/python3.11/site-packages/pandas-2.2.2.dist-info
ADD INFO /Users/calum/Developer/Excelerator/env/lib/python3.11/site-packages/pandas-2.2.2.dist-info
ADD INFO /Users/calum/Developer/Excelerator/env/lib/python3.11/site-packages/pandas-2.2.2.dist-info
ADD INFO /Users/calum/Developer/Excelerator/env/lib/python3.11/site-packages/pandas-2.2.2.dist-info
ADD INFO /Users/calum/Developer/Excelerator/env/lib/python3.11/site-packages/pandas-2.2.2.dist-info
ADD INFO /Users/calum/Developer/Excelerator/env/lib/python3.11/site-packages/pandas-2.2.2.dist-info
ADD INFO /Users/calum/Developer/Excelerator/env/lib/python3.11/site-packages/pandas-2.2.2.dist-info
ADD INFO /Users/calum/Developer/Excelerator/env/lib/python3.11/site-packages/pandas-2.2.2.dist-info
ADD INFO /Users/calum/Developer/Excelerator/env/lib/python3.11/site-packages/pandas-2.2.2.dist-info
ADD INFO /Users/calum/Developer/Excelerator/env/lib/python3.11/site-packages/pandas-2.2.2.dist-info
ADD INFO /Users/calum/Developer/Excelerator/env/lib/python3.11/site-packages/pandas-2.2.2.dist-info
ADD INFO /Users/calum/Developer/Excelerator/env/lib/python3.11/site-packages/pandas-2.2.2.dist-info
ADD INFO /Users/calum/Developer/Excelerator/env/lib/python3.11/site-packages/pandas-2.2.2.dist-info
ADD INFO /Users/calum/Developer/Excelerator/env/lib/python3.11/site-packages/pandas-2.2.2.dist-info
ADD INFO /Users/calum/Developer/Excelerator/env/lib/python3.11/site-packages/pandas-2.2.2.dist-info
ADD INFO /Users/calum/Developer/Excelerator/env/lib/python3.11/site-packages/pandas-2.2.2.dist-info
ADD INFO /Users/calum/Developer/Excelerator/env/lib/python3.11/site-packages/pandas-2.2.2.dist-info
ADD INFO /Users/calum/Developer/Excelerator/env/lib/python3.11/site-packages/pandas-2.2.2.dist-info
ADD INFO /Users/calum/Developer/Excelerator/env/lib/python3.11/site-packages/pandas-2.2.2.dist-info
ADD INFO /Users/calum/Developer/Excelerator/env/lib/python3.11/site-packages/pandas-2.2.2.dist-info
ADD INFO /Users/calum/Developer/Excelerator/env/lib/python3.11/site-packages/pandas-2.2.2.dist-info
ADD INFO /Users/calum/Developer/Excelerator/env/lib/python3.11/site-packages/pandas-2.2.2.dist-info
ADD INFO /Users/calum/Developer/Excelerator/env/lib/python3.11/site-packages/pandas-2.2.2.dist-info
ADD INFO /Users/calum/Developer/Excelerator/env/lib/python3.11/site-packages/pandas-2.2.2.dist-info
ADD INFO /Users/calum/Developer/Excelerator/env/lib/python3.11/site-packages/pandas-2.2.2.dist-info
ADD INFO /Users/calum/Developer/Excelerator/env/lib/python3.11/site-packages/pandas-2.2.2.dist-info
ADD INFO /Users/calum/Developer/Excelerator/env/lib/python3.11/site-packages/pandas-2.2.2.dist-info
ADD INFO /Users/calum/Developer/Excelerator/env/lib/python3.11/site-packages/pandas-2.2.2.dist-info
ADD INFO /Users/calum/Developer/Excelerator/env/lib/python3.11/site-packages/pandas-2.2.2.dist-info
ADD INFO /Users/calum/Developer/Excelerator/env/lib/python3.11/site-packages/pandas-2.2.2.dist-info
ADD INFO /Users/calum/Developer/Excelerator/env/lib/python3.11/site-packages/pandas-2.2.2.dist-info
ADD INFO /Users/calum/Developer/Excelerator/env/lib/python3.11/site-packages/pandas-2.2.2.dist-info
ADD INFO /Users/calum/Developer/Excelerator/env/lib/python3.11/site-packages/pandas-2.2.2.dist-info
ADD INFO /Users/calum/Developer/Excelerator/env/lib/python3.11/site-packages/pandas-2.2.2.dist-info
ADD INFO /Users/calum/Developer/Excelerator/env/lib/python3.11/site-packages/pandas-2.2.2.dist-info
ADD INFO /Users/calum/Developer/Excelerator/env/lib/python3.11/site-packages/pandas-2.2.2.dist-info
ADD INFO /Users/calum/Developer/Excelerator/env/lib/python3.11/site-packages/pandas-2.2.2.dist-info
ADD INFO /Users/calum/Developer/Excelerator/env/lib/python3.11/site-packages/pandas-2.2.2.dist-info
ADD INFO /Users/calum/Developer/Excelerator/env/lib/python3.11/site-packages/pandas-2.2.2.dist-info
ADD INFO /Users/calum/Developer/Excelerator/env/lib/python3.11/site-packages/pandas-2.2.2.dist-info
ADD INFO /Users/calum/Developer/Excelerator/env/lib/python3.11/site-packages/pandas-2.2.2.dist-info
ADD INFO /Users/calum/Developer/Excelerator/env/lib/python3.11/site-packages/pandas-2.2.2.dist-info
ADD INFO /Users/calum/Developer/Excelerator/env/lib/python3.11/site-packages/pandas-2.2.2.dist-info
ADD INFO /Users/calum/Developer/Excelerator/env/lib/python3.11/site-packages/pandas-2.2.2.dist-info
ADD INFO /Users/calum/Developer/Excelerator/env/lib/python3.11/site-packages/pandas-2.2.2.dist-info
ADD INFO /Users/calum/Developer/Excelerator/env/lib/python3.11/site-packages/pandas-2.2.2.dist-info
ADD INFO /Users/calum/Developer/Excelerator/env/lib/python3.11/site-packages/pandas-2.2.2.dist-info
ADD INFO /Users/calum/Developer/Excelerator/env/lib/python3.11/site-packages/pandas-2.2.2.dist-info
ADD INFO /Users/calum/Developer/Excelerator/env/lib/python3.11/site-packages/pandas-2.2.2.dist-info
ADD INFO /Users/calum/Developer/Excelerator/env/lib/python3.11/site-packages/pandas-2.2.2.dist-info
ADD INFO /Users/calum/Developer/Excelerator/env/lib/python3.11/site-packages/pandas-2.2.2.dist-info
ADD INFO /Users/calum/Developer/Excelerator/env/lib/python3.11/site-packages/pandas-2.2.2.dist-info
ADD INFO /Users/calum/Developer/Excelerator/env/lib/python3.11/site-packages/pandas-2.2.2.dist-info
ADD INFO /Users/calum/Developer/Excelerator/env/lib/python3.11/site-packages/pandas-2.2.2.dist-info
ADD INFO /Users/calum/Developer/Excelerator/env/lib/python3.11/site-packages/pandas-2.2.2.dist-info
ADD INFO /Users/calum/Developer/Excelerator/env/lib/python3.11/site-packages/pandas-2.2.2.dist-info
ADD INFO /Users/calum/Developer/Excelerator/env/lib/python3.11/site-packages/pandas-2.2.2.dist-info
ADD INFO /Users/calum/Developer/Excelerator/env/lib/python3.11/site-packages/pandas-2.2.2.dist-info
ADD INFO /Users/calum/Developer/Excelerator/env/lib/python3.11/site-packages/pandas-2.2.2.dist-info
ADD INFO /Users/calum/Developer/Excelerator/env/lib/python3.11/site-packages/pandas-2.2.2.dist-info
ADD INFO /Users/calum/Developer/Excelerator/env/lib/python3.11/site-packages/pandas-2.2.2.dist-info
ADD INFO /Users/calum/Developer/Excelerator/env/lib/python3.11/site-packages/pandas-2.2.2.dist-info
ADD INFO /Users/calum/Developer/Excelerator/env/lib/python3.11/site-packages/pandas-2.2.2.dist-info
ADD INFO /Users/calum/Developer/Excelerator/env/lib/python3.11/site-packages/pandas-2.2.2.dist-info
ADD INFO /Users/calum/Developer/Excelerator/env/lib/python3.11/site-packages/pandas-2.2.2.dist-info
ADD INFO /Users/calum/Developer/Excelerator/env/lib/python3.11/site-packages/pandas-2.2.2.dist-info
ADD INFO /Users/calum/Developer/Excelerator/env/lib/python3.11/site-packages/pandas-2.2.2.dist-info
ADD INFO /Users/calum/Developer/Excelerator/env/lib/python3.11/site-packages/pandas-2.2.2.dist-info
ADD INFO /Users/calum/Developer/Excelerator/env/lib/python3.11/site-packages/pandas-2.2.2.dist-info
ADD INFO /Users/calum/Developer/Excelerator/env/lib/python3.11/site-packages/pandas-2.2.2.dist-info
ADD INFO /Users/calum/Developer/Excelerator/env/lib/python3.11/site-packages/pandas-2.2.2.dist-info
ADD INFO /Users/calum/Developer/Excelerator/env/lib/python3.11/site-packages/pandas-2.2.2.dist-info
ADD INFO /Users/calum/Developer/Excelerator/env/lib/python3.11/site-packages/pandas-2.2.2.dist-info
ADD INFO /Users/calum/Developer/Excelerator/env/lib/python3.11/site-packages/pandas-2.2.2.dist-info
ADD INFO /Users/calum/Developer/Excelerator/env/lib/python3.11/site-packages/pandas-2.2.2.dist-info
ADD INFO /Users/calum/Developer/Excelerator/env/lib/python3.11/site-packages/pandas-2.2.2.dist-info
ADD INFO /Users/calum/Developer/Excelerator/env/lib/python3.11/site-packages/pandas-2.2.2.dist-info
ADD INFO /Users/calum/Developer/Excelerator/env/lib/python3.11/site-packages/pandas-2.2.2.dist-info
ADD INFO /Users/calum/Developer/Excelerator/env/lib/python3.11/site-packages/pandas-2.2.2.dist-info
ADD INFO /Users/calum/Developer/Excelerator/env/lib/python3.11/site-packages/pandas-2.2.2.dist-info
ADD INFO /Users/calum/Developer/Excelerator/env/lib/python3.11/site-packages/pandas-2.2.2.dist-info
ADD INFO /Users/calum/Developer/Excelerator/env/lib/python3.11/site-packages/pandas-2.2.2.dist-info
ADD INFO /Users/calum/Developer/Excelerator/env/lib/python3.11/site-packages/pandas-2.2.2.dist-info
ADD INFO /Users/calum/Developer/Excelerator/env/lib/python3.11/site-packages/pandas-2.2.2.dist-info
ADD INFO /Users/calum/Developer/Excelerator/env/lib/python3.11/site-packages/pandas-2.2.2.dist-info
ADD INFO /Users/calum/Developer/Excelerator/env/lib/python3.11/site-packages/pandas-2.2.2.dist-info
ADD INFO /Users/calum/Developer/Excelerator/env/lib/python3.11/site-packages/pandas-2.2.2.dist-info
ADD INFO /Users/calum/Developer/Excelerator/env/lib/python3.11/site-packages/pandas-2.2.2.dist-info
ADD INFO /Users/calum/Developer/Excelerator/env/lib/python3.11/site-packages/pandas-2.2.2.dist-info
ADD INFO /Users/calum/Developer/Excelerator/env/lib/python3.11/site-packages/pandas-2.2.2.dist-info
ADD INFO /Users/calum/Developer/Excelerator/env/lib/python3.11/site-packages/pandas-2.2.2.dist-info
ADD INFO /Users/calum/Developer/Excelerator/env/lib/python3.11/site-packages/pandas-2.2.2.dist-info
ADD INFO /Users/calum/Developer/Excelerator/env/lib/python3.11/site-packages/pandas-2.2.2.dist-info
ADD INFO /Users/calum/Developer/Excelerator/env/lib/python3.11/site-packages/pandas-2.2.2.dist-info
ADD INFO /Users/calum/Developer/Excelerator/env/lib/python3.11/site-packages/pandas-2.2.2.dist-info
ADD INFO /Users/calum/Developer/Excelerator/env/lib/python3.11/site-packages/pandas-2.2.2.dist-info
ADD INFO /Users/calum/Developer/Excelerator/env/lib/python3.11/site-packages/pandas-2.2.2.dist-info
ADD INFO /Users/calum/Developer/Excelerator/env/lib/python3.11/site-packages/pandas-2.2.2.dist-info
ADD INFO /Users/calum/Developer/Excelerator/env/lib/python3.11/site-packages/pandas-2.2.2.dist-info
ADD INFO /Users/calum/Developer/Excelerator/env/lib/python3.11/site-packages/pandas-2.2.2.dist-info
ADD INFO /Users/calum/Developer/Excelerator/env/lib/python3.11/site-packages/pandas-2.2.2.dist-info
ADD INFO /Users/calum/Developer/Excelerator/env/lib/python3.11/site-packages/pandas-2.2.2.dist-info
ADD INFO /Users/calum/Developer/Excelerator/env/lib/python3.11/site-packages/pandas-2.2.2.dist-info
ADD INFO /Users/calum/Developer/Excelerator/env/lib/python3.11/site-packages/pandas-2.2.2.dist-info
ADD INFO /Users/calum/Developer/Excelerator/env/lib/python3.11/site-packages/pandas-2.2.2.dist-info
ADD INFO /Users/calum/Developer/Excelerator/env/lib/python3.11/site-packages/pandas-2.2.2.dist-info
ADD INFO /Users/calum/Developer/Excelerator/env/lib/python3.11/site-packages/pandas-2.2.2.dist-info
ADD INFO /Users/calum/Developer/Excelerator/env/lib/python3.11/site-packages/pandas-2.2.2.dist-info
ADD INFO /Users/calum/Developer/Excelerator/env/lib/python3.11/site-packages/pandas-2.2.2.dist-info
ADD INFO /Users/calum/Developer/Excelerator/env/lib/python3.11/site-packages/pandas-2.2.2.dist-info
ADD INFO /Users/calum/Developer/Excelerator/env/lib/python3.11/site-packages/pandas-2.2.2.dist-info
ADD INFO /Users/calum/Developer/Excelerator/env/lib/python3.11/site-packages/pandas-2.2.2.dist-info
ADD INFO /Users/calum/Developer/Excelerator/env/lib/python3.11/site-packages/pandas-2.2.2.dist-info
ADD INFO /Users/calum/Developer/Excelerator/env/lib/python3.11/site-packages/pandas-2.2.2.dist-info
ADD INFO /Users/calum/Developer/Excelerator/env/lib/python3.11/site-packages/pandas-2.2.2.dist-info
ADD INFO /Users/calum/Developer/Excelerator/env/lib/python3.11/site-packages/pandas-2.2.2.dist-info
ADD INFO /Users/calum/Developer/Excelerator/env/lib/python3.11/site-packages/pandas-2.2.2.dist-info
ADD INFO /Users/calum/Developer/Excelerator/env/lib/python3.11/site-packages/pandas-2.2.2.dist-info
ADD INFO /Users/calum/Developer/Excelerator/env/lib/python3.11/site-packages/pandas-2.2.2.dist-info
ADD INFO /Users/calum/Developer/Excelerator/env/lib/python3.11/site-packages/pandas-2.2.2.dist-info
ADD INFO /Users/calum/Developer/Excelerator/env/lib/python3.11/site-packages/pandas-2.2.2.dist-info
ADD INFO /Users/calum/Developer/Excelerator/env/lib/python3.11/site-packages/pandas-2.2.2.dist-info
ADD INFO /Users/calum/Developer/Excelerator/env/lib/python3.11/site-packages/pandas-2.2.2.dist-info
ADD INFO /Users/calum/Developer/Excelerator/env/lib/python3.11/site-packages/pandas-2.2.2.dist-info
ADD INFO /Users/calum/Developer/Excelerator/env/lib/python3.11/site-packages/pandas-2.2.2.dist-info
ADD INFO /Users/calum/Developer/Excelerator/env/lib/python3.11/site-packages/pandas-2.2.2.dist-info
ADD INFO /Users/calum/Developer/Excelerator/env/lib/python3.11/site-packages/pandas-2.2.2.dist-info
ADD INFO /Users/calum/Developer/Excelerator/env/lib/python3.11/site-packages/pandas-2.2.2.dist-info
ADD INFO /Users/calum/Developer/Excelerator/env/lib/python3.11/site-packages/pandas-2.2.2.dist-info
ADD INFO /Users/calum/Developer/Excelerator/env/lib/python3.11/site-packages/pandas-2.2.2.dist-info
ADD INFO /Users/calum/Developer/Excelerator/env/lib/python3.11/site-packages/pandas-2.2.2.dist-info
ADD INFO /Users/calum/Developer/Excelerator/env/lib/python3.11/site-packages/pandas-2.2.2.dist-info
ADD INFO /Users/calum/Developer/Excelerator/env/lib/python3.11/site-packages/pandas-2.2.2.dist-info
ADD INFO /Users/calum/Developer/Excelerator/env/lib/python3.11/site-packages/pandas-2.2.2.dist-info
ADD INFO /Users/calum/Developer/Excelerator/env/lib/python3.11/site-packages/pandas-2.2.2.dist-info
ADD INFO /Users/calum/Developer/Excelerator/env/lib/python3.11/site-packages/pandas-2.2.2.dist-info
ADD INFO /Users/calum/Developer/Excelerator/env/lib/python3.11/site-packages/pandas-2.2.2.dist-info
ADD INFO /Users/calum/Developer/Excelerator/env/lib/python3.11/site-packages/pandas-2.2.2.dist-info
ADD INFO /Users/calum/Developer/Excelerator/env/lib/python3.11/site-packages/pandas-2.2.2.dist-info
ADD INFO /Users/calum/Developer/Excelerator/env/lib/python3.11/site-packages/pandas-2.2.2.dist-info
ADD INFO /Users/calum/Developer/Excelerator/env/lib/python3.11/site-packages/pandas-2.2.2.dist-info
ADD INFO /Users/calum/Developer/Excelerator/env/lib/python3.11/site-packages/pandas-2.2.2.dist-info
ADD INFO /Users/calum/Developer/Excelerator/env/lib/python3.11/site-packages/pandas-2.2.2.dist-info
ADD INFO /Users/calum/Developer/Excelerator/env/lib/python3.11/site-packages/pandas-2.2.2.dist-info
ADD INFO /Users/calum/Developer/Excelerator/env/lib/python3.11/site-packages/pandas-2.2.2.dist-info
ADD INFO /Users/calum/Developer/Excelerator/env/lib/python3.11/site-packages/pandas-2.2.2.dist-info
ADD INFO /Users/calum/Developer/Excelerator/env/lib/python3.11/site-packages/pandas-2.2.2.dist-info
ADD INFO /Users/calum/Developer/Excelerator/env/lib/python3.11/site-packages/pandas-2.2.2.dist-info
ADD INFO /Users/calum/Developer/Excelerator/env/lib/python3.11/site-packages/pandas-2.2.2.dist-info
ADD INFO /Users/calum/Developer/Excelerator/env/lib/python3.11/site-packages/pandas-2.2.2.dist-info
ADD INFO /Users/calum/Developer/Excelerator/env/lib/python3.11/site-packages/pandas-2.2.2.dist-info
ADD INFO /Users/calum/Developer/Excelerator/env/lib/python3.11/site-packages/pandas-2.2.2.dist-info
ADD INFO /Users/calum/Developer/Excelerator/env/lib/python3.11/site-packages/pandas-2.2.2.dist-info
ADD INFO /Users/calum/Developer/Excelerator/env/lib/python3.11/site-packages/pandas-2.2.2.dist-info
ADD INFO /Users/calum/Developer/Excelerator/env/lib/python3.11/site-packages/pandas-2.2.2.dist-info
ADD INFO /Users/calum/Developer/Excelerator/env/lib/python3.11/site-packages/pandas-2.2.2.dist-info
ADD INFO /Users/calum/Developer/Excelerator/env/lib/python3.11/site-packages/pandas-2.2.2.dist-info
ADD INFO /Users/calum/Developer/Excelerator/env/lib/python3.11/site-packages/pandas-2.2.2.dist-info
ADD INFO /Users/calum/Developer/Excelerator/env/lib/python3.11/site-packages/pandas-2.2.2.dist-info
ADD INFO /Users/calum/Developer/Excelerator/env/lib/python3.11/site-packages/pandas-2.2.2.dist-info
ADD INFO /Users/calum/Developer/Excelerator/env/lib/python3.11/site-packages/pandas-2.2.2.dist-info
ADD INFO /Users/calum/Developer/Excelerator/env/lib/python3.11/site-packages/pandas-2.2.2.dist-info
ADD INFO /Users/calum/Developer/Excelerator/env/lib/python3.11/site-packages/pandas-2.2.2.dist-info
ADD INFO /Users/calum/Developer/Excelerator/env/lib/python3.11/site-packages/pandas-2.2.2.dist-info
ADD INFO /Users/calum/Developer/Excelerator/env/lib/python3.11/site-packages/pandas-2.2.2.dist-info
ADD INFO /Users/calum/Developer/Excelerator/env/lib/python3.11/site-packages/pandas-2.2.2.dist-info
ADD INFO /Users/calum/Developer/Excelerator/env/lib/python3.11/site-packages/pandas-2.2.2.dist-info
ADD INFO /Users/calum/Developer/Excelerator/env/lib/python3.11/site-packages/pandas-2.2.2.dist-info
ADD INFO /Users/calum/Developer/Excelerator/env/lib/python3.11/site-packages/pandas-2.2.2.dist-info
ADD INFO /Users/calum/Developer/Excelerator/env/lib/python3.11/site-packages/pandas-2.2.2.dist-info
ADD INFO /Users/calum/Developer/Excelerator/env/lib/python3.11/site-packages/pandas-2.2.2.dist-info
ADD INFO /Users/calum/Developer/Excelerator/env/lib/python3.11/site-packages/pandas-2.2.2.dist-info
ADD INFO /Users/calum/Developer/Excelerator/env/lib/python3.11/site-packages/pandas-2.2.2.dist-info
ADD INFO /Users/calum/Developer/Excelerator/env/lib/python3.11/site-packages/pandas-2.2.2.dist-info
ADD INFO /Users/calum/Developer/Excelerator/env/lib/python3.11/site-packages/pandas-2.2.2.dist-info
ADD INFO /Users/calum/Developer/Excelerator/env/lib/python3.11/site-packages/pandas-2.2.2.dist-info
ADD INFO /Users/calum/Developer/Excelerator/env/lib/python3.11/site-packages/pandas-2.2.2.dist-info
ADD INFO /Users/calum/Developer/Excelerator/env/lib/python3.11/site-packages/pandas-2.2.2.dist-info
ADD INFO /Users/calum/Developer/Excelerator/env/lib/python3.11/site-packages/pandas-2.2.2.dist-info
ADD INFO /Users/calum/Developer/Excelerator/env/lib/python3.11/site-packages/pandas-2.2.2.dist-info
ADD INFO /Users/calum/Developer/Excelerator/env/lib/python3.11/site-packages/pandas-2.2.2.dist-info
ADD INFO /Users/calum/Developer/Excelerator/env/lib/python3.11/site-packages/pandas-2.2.2.dist-info
ADD INFO /Users/calum/Developer/Excelerator/env/lib/python3.11/site-packages/pandas-2.2.2.dist-info
ADD INFO /Users/calum/Developer/Excelerator/env/lib/python3.11/site-packages/pandas-2.2.2.dist-info
ADD INFO /Users/calum/Developer/Excelerator/env/lib/python3.11/site-packages/pandas-2.2.2.dist-info
ADD INFO /Users/calum/Developer/Excelerator/env/lib/python3.11/site-packages/pandas-2.2.2.dist-info
ADD INFO /Users/calum/Developer/Excelerator/env/lib/python3.11/site-packages/pandas-2.2.2.dist-info
ADD INFO /Users/calum/Developer/Excelerator/env/lib/python3.11/site-packages/pandas-2.2.2.dist-info
ADD INFO /Users/calum/Developer/Excelerator/env/lib/python3.11/site-packages/pandas-2.2.2.dist-info
ADD INFO /Users/calum/Developer/Excelerator/env/lib/python3.11/site-packages/pandas-2.2.2.dist-info
ADD INFO /Users/calum/Developer/Excelerator/env/lib/python3.11/site-packages/pandas-2.2.2.dist-info
ADD INFO /Users/calum/Developer/Excelerator/env/lib/python3.11/site-packages/pandas-2.2.2.dist-info
ADD INFO /Users/calum/Developer/Excelerator/env/lib/python3.11/site-packages/pandas-2.2.2.dist-info
ADD INFO /Users/calum/Developer/Excelerator/env/lib/python3.11/site-packages/pandas-2.2.2.dist-info
ADD INFO /Users/calum/Developer/Excelerator/env/lib/python3.11/site-packages/pandas-2.2.2.dist-info
ADD INFO /Users/calum/Developer/Excelerator/env/lib/python3.11/site-packages/pandas-2.2.2.dist-info
ADD INFO /Users/calum/Developer/Excelerator/env/lib/python3.11/site-packages/pandas-2.2.2.dist-info
ADD INFO /Users/calum/Developer/Excelerator/env/lib/python3.11/site-packages/pandas-2.2.2.dist-info
ADD INFO /Users/calum/Developer/Excelerator/env/lib/python3.11/site-packages/pandas-2.2.2.dist-info
ADD INFO /Users/calum/Developer/Excelerator/env/lib/python3.11/site-packages/pandas-2.2.2.dist-info
ADD INFO /Users/calum/Developer/Excelerator/env/lib/python3.11/site-packages/pandas-2.2.2.dist-info
ADD INFO /Users/calum/Developer/Excelerator/env/lib/python3.11/site-packages/pandas-2.2.2.dist-info
ADD INFO /Users/calum/Developer/Excelerator/env/lib/python3.11/site-packages/pandas-2.2.2.dist-info
ADD INFO /Users/calum/Developer/Excelerator/env/lib/python3.11/site-packages/pandas-2.2.2.dist-info
ADD INFO /Users/calum/Developer/Excelerator/env/lib/python3.11/site-packages/pandas-2.2.2.dist-info
ADD INFO /Users/calum/Developer/Excelerator/env/lib/python3.11/site-packages/pandas-2.2.2.dist-info
ADD INFO /Users/calum/Developer/Excelerator/env/lib/python3.11/site-packages/pandas-2.2.2.dist-info
ADD INFO /Users/calum/Developer/Excelerator/env/lib/python3.11/site-packages/pandas-2.2.2.dist-info
ADD INFO /Users/calum/Developer/Excelerator/env/lib/python3.11/site-packages/pandas-2.2.2.dist-info
ADD INFO /Users/calum/Developer/Excelerator/env/lib/python3.11/site-packages/pandas-2.2.2.dist-info
ADD INFO /Users/calum/Developer/Excelerator/env/lib/python3.11/site-packages/pandas-2.2.2.dist-info
ADD INFO /Users/calum/Developer/Excelerator/env/lib/python3.11/site-packages/pandas-2.2.2.dist-info
ADD INFO /Users/calum/Developer/Excelerator/env/lib/python3.11/site-packages/pandas-2.2.2.dist-info
ADD INFO /Users/calum/Developer/Excelerator/env/lib/python3.11/site-packages/pandas-2.2.2.dist-info
ADD INFO /Users/calum/Developer/Excelerator/env/lib/python3.11/site-packages/pandas-2.2.2.dist-info
ADD INFO /Users/calum/Developer/Excelerator/env/lib/python3.11/site-packages/pandas-2.2.2.dist-info
ADD INFO /Users/calum/Developer/Excelerator/env/lib/python3.11/site-packages/pandas-2.2.2.dist-info
ADD INFO /Users/calum/Developer/Excelerator/env/lib/python3.11/site-packages/pandas-2.2.2.dist-info
ADD INFO /Users/calum/Developer/Excelerator/env/lib/python3.11/site-packages/pandas-2.2.2.dist-info
ADD INFO /Users/calum/Developer/Excelerator/env/lib/python3.11/site-packages/pandas-2.2.2.dist-info
ADD INFO /Users/calum/Developer/Excelerator/env/lib/python3.11/site-packages/pandas-2.2.2.dist-info
ADD INFO /Users/calum/Developer/Excelerator/env/lib/python3.11/site-packages/pandas-2.2.2.dist-info
ADD INFO /Users/calum/Developer/Excelerator/env/lib/python3.11/site-packages/pandas-2.2.2.dist-info
ADD INFO /Users/calum/Developer/Excelerator/env/lib/python3.11/site-packages/pandas-2.2.2.dist-info
ADD INFO /Users/calum/Developer/Excelerator/env/lib/python3.11/site-packages/pandas-2.2.2.dist-info
ADD INFO /Users/calum/Developer/Excelerator/env/lib/python3.11/site-packages/pandas-2.2.2.dist-info
ADD INFO /Users/calum/Developer/Excelerator/env/lib/python3.11/site-packages/pandas-2.2.2.dist-info
ADD INFO /Users/calum/Developer/Excelerator/env/lib/python3.11/site-packages/pandas-2.2.2.dist-info
ADD INFO /Users/calum/Developer/Excelerator/env/lib/python3.11/site-packages/pandas-2.2.2.dist-info
ADD INFO /Users/calum/Developer/Excelerator/env/lib/python3.11/site-packages/pandas-2.2.2.dist-info
ADD INFO /Users/calum/Developer/Excelerator/env/lib/python3.11/site-packages/pandas-2.2.2.dist-info
ADD INFO /Users/calum/Developer/Excelerator/env/lib/python3.11/site-packages/pandas-2.2.2.dist-info
ADD INFO /Users/calum/Developer/Excelerator/env/lib/python3.11/site-packages/pandas-2.2.2.dist-info
ADD INFO /Users/calum/Developer/Excelerator/env/lib/python3.11/site-packages/pandas-2.2.2.dist-info
ADD INFO /Users/calum/Developer/Excelerator/env/lib/python3.11/site-packages/pandas-2.2.2.dist-info
ADD INFO /Users/calum/Developer/Excelerator/env/lib/python3.11/site-packages/pandas-2.2.2.dist-info
ADD INFO /Users/calum/Developer/Excelerator/env/lib/python3.11/site-packages/pandas-2.2.2.dist-info
ADD INFO /Users/calum/Developer/Excelerator/env/lib/python3.11/site-packages/pandas-2.2.2.dist-info
ADD INFO /Users/calum/Developer/Excelerator/env/lib/python3.11/site-packages/pandas-2.2.2.dist-info
ADD INFO /Users/calum/Developer/Excelerator/env/lib/python3.11/site-packages/pandas-2.2.2.dist-info
ADD INFO /Users/calum/Developer/Excelerator/env/lib/python3.11/site-packages/pandas-2.2.2.dist-info
ADD INFO /Users/calum/Developer/Excelerator/env/lib/python3.11/site-packages/pandas-2.2.2.dist-info
ADD INFO /Users/calum/Developer/Excelerator/env/lib/python3.11/site-packages/pandas-2.2.2.dist-info
ADD INFO /Users/calum/Developer/Excelerator/env/lib/python3.11/site-packages/pandas-2.2.2.dist-info
ADD INFO /Users/calum/Developer/Excelerator/env/lib/python3.11/site-packages/pandas-2.2.2.dist-info
ADD INFO /Users/calum/Developer/Excelerator/env/lib/python3.11/site-packages/pandas-2.2.2.dist-info
ADD INFO /Users/calum/Developer/Excelerator/env/lib/python3.11/site-packages/pandas-2.2.2.dist-info
ADD INFO /Users/calum/Developer/Excelerator/env/lib/python3.11/site-packages/pandas-2.2.2.dist-info
ADD INFO /Users/calum/Developer/Excelerator/env/lib/python3.11/site-packages/pandas-2.2.2.dist-info
ADD INFO /Users/calum/Developer/Excelerator/env/lib/python3.11/site-packages/pandas-2.2.2.dist-info
ADD INFO /Users/calum/Developer/Excelerator/env/lib/python3.11/site-packages/pandas-2.2.2.dist-info
ADD INFO /Users/calum/Developer/Excelerator/env/lib/python3.11/site-packages/pandas-2.2.2.dist-info
ADD INFO /Users/calum/Developer/Excelerator/env/lib/python3.11/site-packages/pandas-2.2.2.dist-info
ADD INFO /Users/calum/Developer/Excelerator/env/lib/python3.11/site-packages/pandas-2.2.2.dist-info
ADD INFO /Users/calum/Developer/Excelerator/env/lib/python3.11/site-packages/pandas-2.2.2.dist-info
ADD INFO /Users/calum/Developer/Excelerator/env/lib/python3.11/site-packages/pandas-2.2.2.dist-info
ADD INFO /Users/calum/Developer/Excelerator/env/lib/python3.11/site-packages/pandas-2.2.2.dist-info
ADD INFO /Users/calum/Developer/Excelerator/env/lib/python3.11/site-packages/pandas-2.2.2.dist-info
ADD INFO /Users/calum/Developer/Excelerator/env/lib/python3.11/site-packages/pandas-2.2.2.dist-info
ADD INFO /Users/calum/Developer/Excelerator/env/lib/python3.11/site-packages/pandas-2.2.2.dist-info
ADD INFO /Users/calum/Developer/Excelerator/env/lib/python3.11/site-packages/pandas-2.2.2.dist-info
ADD INFO /Users/calum/Developer/Excelerator/env/lib/python3.11/site-packages/pandas-2.2.2.dist-info
ADD INFO /Users/calum/Developer/Excelerator/env/lib/python3.11/site-packages/pandas-2.2.2.dist-info
ADD INFO /Users/calum/Developer/Excelerator/env/lib/python3.11/site-packages/pandas-2.2.2.dist-info
ADD INFO /Users/calum/Developer/Excelerator/env/lib/python3.11/site-packages/pandas-2.2.2.dist-info
ADD INFO /Users/calum/Developer/Excelerator/env/lib/python3.11/site-packages/pandas-2.2.2.dist-info
ADD INFO /Users/calum/Developer/Excelerator/env/lib/python3.11/site-packages/pandas-2.2.2.dist-info
ADD INFO /Users/calum/Developer/Excelerator/env/lib/python3.11/site-packages/pandas-2.2.2.dist-info
ADD INFO /Users/calum/Developer/Excelerator/env/lib/python3.11/site-packages/pandas-2.2.2.dist-info
ADD INFO /Users/calum/Developer/Excelerator/env/lib/python3.11/site-packages/pandas-2.2.2.dist-info
ADD INFO /Users/calum/Developer/Excelerator/env/lib/python3.11/site-packages/pandas-2.2.2.dist-info
ADD INFO /Users/calum/Developer/Excelerator/env/lib/python3.11/site-packages/pandas-2.2.2.dist-info
ADD INFO /Users/calum/Developer/Excelerator/env/lib/python3.11/site-packages/pandas-2.2.2.dist-info
ADD INFO /Users/calum/Developer/Excelerator/env/lib/python3.11/site-packages/pandas-2.2.2.dist-info
ADD INFO /Users/calum/Developer/Excelerator/env/lib/python3.11/site-packages/pandas-2.2.2.dist-info
ADD INFO /Users/calum/Developer/Excelerator/env/lib/python3.11/site-packages/pandas-2.2.2.dist-info
ADD INFO /Users/calum/Developer/Excelerator/env/lib/python3.11/site-packages/pandas-2.2.2.dist-info
ADD INFO /Users/calum/Developer/Excelerator/env/lib/python3.11/site-packages/pandas-2.2.2.dist-info
ADD INFO /Users/calum/Developer/Excelerator/env/lib/python3.11/site-packages/pandas-2.2.2.dist-info
ADD INFO /Users/calum/Developer/Excelerator/env/lib/python3.11/site-packages/pandas-2.2.2.dist-info
ADD INFO /Users/calum/Developer/Excelerator/env/lib/python3.11/site-packages/pandas-2.2.2.dist-info
ADD INFO /Users/calum/Developer/Excelerator/env/lib/python3.11/site-packages/pandas-2.2.2.dist-info
ADD INFO /Users/calum/Developer/Excelerator/env/lib/python3.11/site-packages/pandas-2.2.2.dist-info
ADD INFO /Users/calum/Developer/Excelerator/env/lib/python3.11/site-packages/pandas-2.2.2.dist-info
ADD INFO /Users/calum/Developer/Excelerator/env/lib/python3.11/site-packages/pandas-2.2.2.dist-info
ADD INFO /Users/calum/Developer/Excelerator/env/lib/python3.11/site-packages/pandas-2.2.2.dist-info
ADD INFO /Users/calum/Developer/Excelerator/env/lib/python3.11/site-packages/pandas-2.2.2.dist-info
ADD INFO /Users/calum/Developer/Excelerator/env/lib/python3.11/site-packages/pandas-2.2.2.dist-info
ADD INFO /Users/calum/Developer/Excelerator/env/lib/python3.11/site-packages/pandas-2.2.2.dist-info
ADD INFO /Users/calum/Developer/Excelerator/env/lib/python3.11/site-packages/pandas-2.2.2.dist-info
ADD INFO /Users/calum/Developer/Excelerator/env/lib/python3.11/site-packages/pandas-2.2.2.dist-info
ADD INFO /Users/calum/Developer/Excelerator/env/lib/python3.11/site-packages/pandas-2.2.2.dist-info
ADD INFO /Users/calum/Developer/Excelerator/env/lib/python3.11/site-packages/pandas-2.2.2.dist-info
ADD INFO /Users/calum/Developer/Excelerator/env/lib/python3.11/site-packages/pandas-2.2.2.dist-info
ADD INFO /Users/calum/Developer/Excelerator/env/lib/python3.11/site-packages/pandas-2.2.2.dist-info
ADD INFO /Users/calum/Developer/Excelerator/env/lib/python3.11/site-packages/pandas-2.2.2.dist-info
ADD INFO /Users/calum/Developer/Excelerator/env/lib/python3.11/site-packages/pandas-2.2.2.dist-info
ADD INFO /Users/calum/Developer/Excelerator/env/lib/python3.11/site-packages/pandas-2.2.2.dist-info
ADD INFO /Users/calum/Developer/Excelerator/env/lib/python3.11/site-packages/pandas-2.2.2.dist-info
ADD INFO /Users/calum/Developer/Excelerator/env/lib/python3.11/site-packages/pandas-2.2.2.dist-info
ADD INFO /Users/calum/Developer/Excelerator/env/lib/python3.11/site-packages/pandas-2.2.2.dist-info
ADD INFO /Users/calum/Developer/Excelerator/env/lib/python3.11/site-packages/pandas-2.2.2.dist-info
ADD INFO /Users/calum/Developer/Excelerator/env/lib/python3.11/site-packages/pandas-2.2.2.dist-info
ADD INFO /Users/calum/Developer/Excelerator/env/lib/python3.11/site-packages/pandas-2.2.2.dist-info
ADD INFO /Users/calum/Developer/Excelerator/env/lib/python3.11/site-packages/pandas-2.2.2.dist-info
ADD INFO /Users/calum/Developer/Excelerator/env/lib/python3.11/site-packages/pandas-2.2.2.dist-info
ADD INFO /Users/calum/Developer/Excelerator/env/lib/python3.11/site-packages/pandas-2.2.2.dist-info
ADD INFO /Users/calum/Developer/Excelerator/env/lib/python3.11/site-packages/pandas-2.2.2.dist-info
ADD INFO /Users/calum/Developer/Excelerator/env/lib/python3.11/site-packages/pandas-2.2.2.dist-info
ADD INFO /Users/calum/Developer/Excelerator/env/lib/python3.11/site-packages/pandas-2.2.2.dist-info
ADD INFO /Users/calum/Developer/Excelerator/env/lib/python3.11/site-packages/pandas-2.2.2.dist-info
ADD INFO /Users/calum/Developer/Excelerator/env/lib/python3.11/site-packages/pandas-2.2.2.dist-info
ADD INFO /Users/calum/Developer/Excelerator/env/lib/python3.11/site-packages/pandas-2.2.2.dist-info
ADD INFO /Users/calum/Developer/Excelerator/env/lib/python3.11/site-packages/pandas-2.2.2.dist-info
ADD INFO /Users/calum/Developer/Excelerator/env/lib/python3.11/site-packages/pandas-2.2.2.dist-info
ADD INFO /Users/calum/Developer/Excelerator/env/lib/python3.11/site-packages/pandas-2.2.2.dist-info
ADD INFO /Users/calum/Developer/Excelerator/env/lib/python3.11/site-packages/pandas-2.2.2.dist-info
ADD INFO /Users/calum/Developer/Excelerator/env/lib/python3.11/site-packages/pandas-2.2.2.dist-info
ADD INFO /Users/calum/Developer/Excelerator/env/lib/python3.11/site-packages/pandas-2.2.2.dist-info
ADD INFO /Users/calum/Developer/Excelerator/env/lib/python3.11/site-packages/pandas-2.2.2.dist-info
ADD INFO /Users/calum/Developer/Excelerator/env/lib/python3.11/site-packages/pandas-2.2.2.dist-info
ADD INFO /Users/calum/Developer/Excelerator/env/lib/python3.11/site-packages/pandas-2.2.2.dist-info
ADD INFO /Users/calum/Developer/Excelerator/env/lib/python3.11/site-packages/pandas-2.2.2.dist-info
ADD INFO /Users/calum/Developer/Excelerator/env/lib/python3.11/site-packages/pandas-2.2.2.dist-info
ADD INFO /Users/calum/Developer/Excelerator/env/lib/python3.11/site-packages/pandas-2.2.2.dist-info
ADD INFO /Users/calum/Developer/Excelerator/env/lib/python3.11/site-packages/pandas-2.2.2.dist-info
ADD INFO /Users/calum/Developer/Excelerator/env/lib/python3.11/site-packages/pandas-2.2.2.dist-info
ADD INFO /Users/calum/Developer/Excelerator/env/lib/python3.11/site-packages/pandas-2.2.2.dist-info
ADD INFO /Users/calum/Developer/Excelerator/env/lib/python3.11/site-packages/pandas-2.2.2.dist-info
ADD INFO /Users/calum/Developer/Excelerator/env/lib/python3.11/site-packages/pandas-2.2.2.dist-info
ADD INFO /Users/calum/Developer/Excelerator/env/lib/python3.11/site-packages/pandas-2.2.2.dist-info
ADD INFO /Users/calum/Developer/Excelerator/env/lib/python3.11/site-packages/pandas-2.2.2.dist-info
ADD INFO /Users/calum/Developer/Excelerator/env/lib/python3.11/site-packages/pandas-2.2.2.dist-info
ADD INFO /Users/calum/Developer/Excelerator/env/lib/python3.11/site-packages/pandas-2.2.2.dist-info
ADD INFO /Users/calum/Developer/Excelerator/env/lib/python3.11/site-packages/pandas-2.2.2.dist-info
ADD INFO /Users/calum/Developer/Excelerator/env/lib/python3.11/site-packages/pandas-2.2.2.dist-info
ADD INFO /Users/calum/Developer/Excelerator/env/lib/python3.11/site-packages/pandas-2.2.2.dist-info
ADD INFO /Users/calum/Developer/Excelerator/env/lib/python3.11/site-packages/pandas-2.2.2.dist-info
ADD INFO /Users/calum/Developer/Excelerator/env/lib/python3.11/site-packages/pandas-2.2.2.dist-info
ADD INFO /Users/calum/Developer/Excelerator/env/lib/python3.11/site-packages/pandas-2.2.2.dist-info
ADD INFO /Users/calum/Developer/Excelerator/env/lib/python3.11/site-packages/pandas-2.2.2.dist-info
ADD INFO /Users/calum/Developer/Excelerator/env/lib/python3.11/site-packages/pandas-2.2.2.dist-info
ADD INFO /Users/calum/Developer/Excelerator/env/lib/python3.11/site-packages/pandas-2.2.2.dist-info
ADD INFO /Users/calum/Developer/Excelerator/env/lib/python3.11/site-packages/pandas-2.2.2.dist-info
ADD INFO /Users/calum/Developer/Excelerator/env/lib/python3.11/site-packages/pandas-2.2.2.dist-info
ADD INFO /Users/calum/Developer/Excelerator/env/lib/python3.11/site-packages/pandas-2.2.2.dist-info
ADD INFO /Users/calum/Developer/Excelerator/env/lib/python3.11/site-packages/pandas-2.2.2.dist-info
ADD INFO /Users/calum/Developer/Excelerator/env/lib/python3.11/site-packages/pandas-2.2.2.dist-info
ADD INFO /Users/calum/Developer/Excelerator/env/lib/python3.11/site-packages/pandas-2.2.2.dist-info
ADD INFO /Users/calum/Developer/Excelerator/env/lib/python3.11/site-packages/pandas-2.2.2.dist-info
ADD INFO /Users/calum/Developer/Excelerator/env/lib/python3.11/site-packages/pandas-2.2.2.dist-info
ADD INFO /Users/calum/Developer/Excelerator/env/lib/python3.11/site-packages/pandas-2.2.2.dist-info
ADD INFO /Users/calum/Developer/Excelerator/env/lib/python3.11/site-packages/pandas-2.2.2.dist-info
ADD INFO /Users/calum/Developer/Excelerator/env/lib/python3.11/site-packages/pandas-2.2.2.dist-info
ADD INFO /Users/calum/Developer/Excelerator/env/lib/python3.11/site-packages/pandas-2.2.2.dist-info
ADD INFO /Users/calum/Developer/Excelerator/env/lib/python3.11/site-packages/pandas-2.2.2.dist-info
ADD INFO /Users/calum/Developer/Excelerator/env/lib/python3.11/site-packages/pandas-2.2.2.dist-info
ADD INFO /Users/calum/Developer/Excelerator/env/lib/python3.11/site-packages/pandas-2.2.2.dist-info
ADD INFO /Users/calum/Developer/Excelerator/env/lib/python3.11/site-packages/pandas-2.2.2.dist-info
ADD INFO /Users/calum/Developer/Excelerator/env/lib/python3.11/site-packages/pandas-2.2.2.dist-info
ADD INFO /Users/calum/Developer/Excelerator/env/lib/python3.11/site-packages/pandas-2.2.2.dist-info
ADD INFO /Users/calum/Developer/Excelerator/env/lib/python3.11/site-packages/pandas-2.2.2.dist-info
ADD INFO /Users/calum/Developer/Excelerator/env/lib/python3.11/site-packages/pandas-2.2.2.dist-info
ADD INFO /Users/calum/Developer/Excelerator/env/lib/python3.11/site-packages/pandas-2.2.2.dist-info
ADD INFO /Users/calum/Developer/Excelerator/env/lib/python3.11/site-packages/pandas-2.2.2.dist-info
ADD INFO /Users/calum/Developer/Excelerator/env/lib/python3.11/site-packages/pandas-2.2.2.dist-info
ADD INFO /Users/calum/Developer/Excelerator/env/lib/python3.11/site-packages/pandas-2.2.2.dist-info
ADD INFO /Users/calum/Developer/Excelerator/env/lib/python3.11/site-packages/pandas-2.2.2.dist-info
ADD INFO /Users/calum/Developer/Excelerator/env/lib/python3.11/site-packages/pandas-2.2.2.dist-info
ADD INFO /Users/calum/Developer/Excelerator/env/lib/python3.11/site-packages/pandas-2.2.2.dist-info
ADD INFO /Users/calum/Developer/Excelerator/env/lib/python3.11/site-packages/pandas-2.2.2.dist-info
ADD INFO /Users/calum/Developer/Excelerator/env/lib/python3.11/site-packages/pandas-2.2.2.dist-info
ADD INFO /Users/calum/Developer/Excelerator/env/lib/python3.11/site-packages/pandas-2.2.2.dist-info
ADD INFO /Users/calum/Developer/Excelerator/env/lib/python3.11/site-packages/pandas-2.2.2.dist-info
ADD INFO /Users/calum/Developer/Excelerator/env/lib/python3.11/site-packages/pandas-2.2.2.dist-info
ADD INFO /Users/calum/Developer/Excelerator/env/lib/python3.11/site-packages/pandas-2.2.2.dist-info
ADD INFO /Users/calum/Developer/Excelerator/env/lib/python3.11/site-packages/pandas-2.2.2.dist-info
ADD INFO /Users/calum/Developer/Excelerator/env/lib/python3.11/site-packages/pandas-2.2.2.dist-info
ADD INFO /Users/calum/Developer/Excelerator/env/lib/python3.11/site-packages/pandas-2.2.2.dist-info
ADD INFO /Users/calum/Developer/Excelerator/env/lib/python3.11/site-packages/pandas-2.2.2.dist-info
ADD INFO /Users/calum/Developer/Excelerator/env/lib/python3.11/site-packages/pandas-2.2.2.dist-info
ADD INFO /Users/calum/Developer/Excelerator/env/lib/python3.11/site-packages/pandas-2.2.2.dist-info
ADD INFO /Users/calum/Developer/Excelerator/env/lib/python3.11/site-packages/pandas-2.2.2.dist-info
ADD INFO /Users/calum/Developer/Excelerator/env/lib/python3.11/site-packages/pandas-2.2.2.dist-info
ADD INFO /Users/calum/Developer/Excelerator/env/lib/python3.11/site-packages/pandas-2.2.2.dist-info
ADD INFO /Users/calum/Developer/Excelerator/env/lib/python3.11/site-packages/pandas-2.2.2.dist-info
ADD INFO /Users/calum/Developer/Excelerator/env/lib/python3.11/site-packages/pandas-2.2.2.dist-info
ADD INFO /Users/calum/Developer/Excelerator/env/lib/python3.11/site-packages/pandas-2.2.2.dist-info
ADD INFO /Users/calum/Developer/Excelerator/env/lib/python3.11/site-packages/pandas-2.2.2.dist-info
ADD INFO /Users/calum/Developer/Excelerator/env/lib/python3.11/site-packages/pandas-2.2.2.dist-info
ADD INFO /Users/calum/Developer/Excelerator/env/lib/python3.11/site-packages/pandas-2.2.2.dist-info
ADD INFO /Users/calum/Developer/Excelerator/env/lib/python3.11/site-packages/pandas-2.2.2.dist-info
ADD INFO /Users/calum/Developer/Excelerator/env/lib/python3.11/site-packages/pandas-2.2.2.dist-info
ADD INFO /Users/calum/Developer/Excelerator/env/lib/python3.11/site-packages/pandas-2.2.2.dist-info
ADD INFO /Users/calum/Developer/Excelerator/env/lib/python3.11/site-packages/pandas-2.2.2.dist-info
ADD INFO /Users/calum/Developer/Excelerator/env/lib/python3.11/site-packages/pandas-2.2.2.dist-info
ADD INFO /Users/calum/Developer/Excelerator/env/lib/python3.11/site-packages/pandas-2.2.2.dist-info
ADD INFO /Users/calum/Developer/Excelerator/env/lib/python3.11/site-packages/pandas-2.2.2.dist-info
ADD INFO /Users/calum/Developer/Excelerator/env/lib/python3.11/site-packages/pandas-2.2.2.dist-info
ADD INFO /Users/calum/Developer/Excelerator/env/lib/python3.11/site-packages/pandas-2.2.2.dist-info
ADD INFO /Users/calum/Developer/Excelerator/env/lib/python3.11/site-packages/pandas-2.2.2.dist-info
ADD INFO /Users/calum/Developer/Excelerator/env/lib/python3.11/site-packages/pandas-2.2.2.dist-info
ADD INFO /Users/calum/Developer/Excelerator/env/lib/python3.11/site-packages/pandas-2.2.2.dist-info
ADD INFO /Users/calum/Developer/Excelerator/env/lib/python3.11/site-packages/pandas-2.2.2.dist-info
ADD INFO /Users/calum/Developer/Excelerator/env/lib/python3.11/site-packages/pandas-2.2.2.dist-info
ADD INFO /Users/calum/Developer/Excelerator/env/lib/python3.11/site-packages/pandas-2.2.2.dist-info
ADD INFO /Users/calum/Developer/Excelerator/env/lib/python3.11/site-packages/pandas-2.2.2.dist-info
ADD INFO /Users/calum/Developer/Excelerator/env/lib/python3.11/site-packages/pandas-2.2.2.dist-info
ADD INFO /Users/calum/Developer/Excelerator/env/lib/python3.11/site-packages/pandas-2.2.2.dist-info
ADD INFO /Users/calum/Developer/Excelerator/env/lib/python3.11/site-packages/pandas-2.2.2.dist-info
ADD INFO /Users/calum/Developer/Excelerator/env/lib/python3.11/site-packages/pandas-2.2.2.dist-info
ADD INFO /Users/calum/Developer/Excelerator/env/lib/python3.11/site-packages/pandas-2.2.2.dist-info
ADD INFO /Users/calum/Developer/Excelerator/env/lib/python3.11/site-packages/pandas-2.2.2.dist-info
ADD INFO /Users/calum/Developer/Excelerator/env/lib/python3.11/site-packages/pandas-2.2.2.dist-info
ADD INFO /Users/calum/Developer/Excelerator/env/lib/python3.11/site-packages/pandas-2.2.2.dist-info
ADD INFO /Users/calum/Developer/Excelerator/env/lib/python3.11/site-packages/pandas-2.2.2.dist-info
ADD INFO /Users/calum/Developer/Excelerator/env/lib/python3.11/site-packages/pandas-2.2.2.dist-info
ADD INFO /Users/calum/Developer/Excelerator/env/lib/python3.11/site-packages/pandas-2.2.2.dist-info
ADD INFO /Users/calum/Developer/Excelerator/env/lib/python3.11/site-packages/pandas-2.2.2.dist-info
ADD INFO /Users/calum/Developer/Excelerator/env/lib/python3.11/site-packages/pandas-2.2.2.dist-info
ADD INFO /Users/calum/Developer/Excelerator/env/lib/python3.11/site-packages/pandas-2.2.2.dist-info
ADD INFO /Users/calum/Developer/Excelerator/env/lib/python3.11/site-packages/pandas-2.2.2.dist-info
ADD INFO /Users/calum/Developer/Excelerator/env/lib/python3.11/site-packages/pandas-2.2.2.dist-info
ADD INFO /Users/calum/Developer/Excelerator/env/lib/python3.11/site-packages/pandas-2.2.2.dist-info
ADD INFO /Users/calum/Developer/Excelerator/env/lib/python3.11/site-packages/pandas-2.2.2.dist-info
ADD INFO /Users/calum/Developer/Excelerator/env/lib/python3.11/site-packages/pandas-2.2.2.dist-info
ADD INFO /Users/calum/Developer/Excelerator/env/lib/python3.11/site-packages/pandas-2.2.2.dist-info
ADD INFO /Users/calum/Developer/Excelerator/env/lib/python3.11/site-packages/pandas-2.2.2.dist-info
ADD INFO /Users/calum/Developer/Excelerator/env/lib/python3.11/site-packages/pandas-2.2.2.dist-info
ADD INFO /Users/calum/Developer/Excelerator/env/lib/python3.11/site-packages/pandas-2.2.2.dist-info
ADD INFO /Users/calum/Developer/Excelerator/env/lib/python3.11/site-packages/pandas-2.2.2.dist-info
ADD INFO /Users/calum/Developer/Excelerator/env/lib/python3.11/site-packages/pandas-2.2.2.dist-info
ADD INFO /Users/calum/Developer/Excelerator/env/lib/python3.11/site-packages/pandas-2.2.2.dist-info
ADD INFO /Users/calum/Developer/Excelerator/env/lib/python3.11/site-packages/pandas-2.2.2.dist-info
ADD INFO /Users/calum/Developer/Excelerator/env/lib/python3.11/site-packages/pandas-2.2.2.dist-info
ADD INFO /Users/calum/Developer/Excelerator/env/lib/python3.11/site-packages/pandas-2.2.2.dist-info
ADD INFO /Users/calum/Developer/Excelerator/env/lib/python3.11/site-packages/pandas-2.2.2.dist-info
ADD INFO /Users/calum/Developer/Excelerator/env/lib/python3.11/site-packages/pandas-2.2.2.dist-info
ADD INFO /Users/calum/Developer/Excelerator/env/lib/python3.11/site-packages/pandas-2.2.2.dist-info
ADD INFO /Users/calum/Developer/Excelerator/env/lib/python3.11/site-packages/pandas-2.2.2.dist-info
ADD INFO /Users/calum/Developer/Excelerator/env/lib/python3.11/site-packages/pandas-2.2.2.dist-info
ADD INFO /Users/calum/Developer/Excelerator/env/lib/python3.11/site-packages/pandas-2.2.2.dist-info
ADD INFO /Users/calum/Developer/Excelerator/env/lib/python3.11/site-packages/pandas-2.2.2.dist-info
ADD INFO /Users/calum/Developer/Excelerator/env/lib/python3.11/site-packages/pandas-2.2.2.dist-info
ADD INFO /Users/calum/Developer/Excelerator/env/lib/python3.11/site-packages/pandas-2.2.2.dist-info
ADD INFO /Users/calum/Developer/Excelerator/env/lib/python3.11/site-packages/pandas-2.2.2.dist-info
ADD INFO /Users/calum/Developer/Excelerator/env/lib/python3.11/site-packages/pandas-2.2.2.dist-info
ADD INFO /Users/calum/Developer/Excelerator/env/lib/python3.11/site-packages/pandas-2.2.2.dist-info
ADD INFO /Users/calum/Developer/Excelerator/env/lib/python3.11/site-packages/pandas-2.2.2.dist-info
ADD INFO /Users/calum/Developer/Excelerator/env/lib/python3.11/site-packages/pandas-2.2.2.dist-info
ADD INFO /Users/calum/Developer/Excelerator/env/lib/python3.11/site-packages/pandas-2.2.2.dist-info
ADD INFO /Users/calum/Developer/Excelerator/env/lib/python3.11/site-packages/pandas-2.2.2.dist-info
ADD INFO /Users/calum/Developer/Excelerator/env/lib/python3.11/site-packages/pandas-2.2.2.dist-info
ADD INFO /Users/calum/Developer/Excelerator/env/lib/python3.11/site-packages/pandas-2.2.2.dist-info
ADD INFO /Users/calum/Developer/Excelerator/env/lib/python3.11/site-packages/pandas-2.2.2.dist-info
ADD INFO /Users/calum/Developer/Excelerator/env/lib/python3.11/site-packages/pandas-2.2.2.dist-info
ADD INFO /Users/calum/Developer/Excelerator/env/lib/python3.11/site-packages/pandas-2.2.2.dist-info
ADD INFO /Users/calum/Developer/Excelerator/env/lib/python3.11/site-packages/pandas-2.2.2.dist-info
ADD INFO /Users/calum/Developer/Excelerator/env/lib/python3.11/site-packages/pandas-2.2.2.dist-info
ADD INFO /Users/calum/Developer/Excelerator/env/lib/python3.11/site-packages/pandas-2.2.2.dist-info
ADD INFO /Users/calum/Developer/Excelerator/env/lib/python3.11/site-packages/pandas-2.2.2.dist-info
ADD INFO /Users/calum/Developer/Excelerator/env/lib/python3.11/site-packages/pandas-2.2.2.dist-info
ADD INFO /Users/calum/Developer/Excelerator/env/lib/python3.11/site-packages/pandas-2.2.2.dist-info
ADD INFO /Users/calum/Developer/Excelerator/env/lib/python3.11/site-packages/pandas-2.2.2.dist-info
ADD INFO /Users/calum/Developer/Excelerator/env/lib/python3.11/site-packages/pandas-2.2.2.dist-info
ADD INFO /Users/calum/Developer/Excelerator/env/lib/python3.11/site-packages/pandas-2.2.2.dist-info
ADD INFO /Users/calum/Developer/Excelerator/env/lib/python3.11/site-packages/pandas-2.2.2.dist-info
ADD INFO /Users/calum/Developer/Excelerator/env/lib/python3.11/site-packages/pandas-2.2.2.dist-info
ADD INFO /Users/calum/Developer/Excelerator/env/lib/python3.11/site-packages/pandas-2.2.2.dist-info
ADD INFO /Users/calum/Developer/Excelerator/env/lib/python3.11/site-packages/pandas-2.2.2.dist-info
ADD INFO /Users/calum/Developer/Excelerator/env/lib/python3.11/site-packages/pandas-2.2.2.dist-info
ADD INFO /Users/calum/Developer/Excelerator/env/lib/python3.11/site-packages/pandas-2.2.2.dist-info
ADD INFO /Users/calum/Developer/Excelerator/env/lib/python3.11/site-packages/pandas-2.2.2.dist-info
ADD INFO /Users/calum/Developer/Excelerator/env/lib/python3.11/site-packages/pandas-2.2.2.dist-info
ADD INFO /Users/calum/Developer/Excelerator/env/lib/python3.11/site-packages/pandas-2.2.2.dist-info
ADD INFO /Users/calum/Developer/Excelerator/env/lib/python3.11/site-packages/pandas-2.2.2.dist-info
ADD INFO /Users/calum/Developer/Excelerator/env/lib/python3.11/site-packages/pandas-2.2.2.dist-info
ADD INFO /Users/calum/Developer/Excelerator/env/lib/python3.11/site-packages/pandas-2.2.2.dist-info
ADD INFO /Users/calum/Developer/Excelerator/env/lib/python3.11/site-packages/pandas-2.2.2.dist-info
ADD INFO /Users/calum/Developer/Excelerator/env/lib/python3.11/site-packages/pandas-2.2.2.dist-info
ADD INFO /Users/calum/Developer/Excelerator/env/lib/python3.11/site-packages/pandas-2.2.2.dist-info
ADD INFO /Users/calum/Developer/Excelerator/env/lib/python3.11/site-packages/pandas-2.2.2.dist-info
ADD INFO /Users/calum/Developer/Excelerator/env/lib/python3.11/site-packages/pandas-2.2.2.dist-info
ADD INFO /Users/calum/Developer/Excelerator/env/lib/python3.11/site-packages/pandas-2.2.2.dist-info
ADD INFO /Users/calum/Developer/Excelerator/env/lib/python3.11/site-packages/pandas-2.2.2.dist-info
ADD INFO /Users/calum/Developer/Excelerator/env/lib/python3.11/site-packages/pandas-2.2.2.dist-info
ADD INFO /Users/calum/Developer/Excelerator/env/lib/python3.11/site-packages/pandas-2.2.2.dist-info
ADD INFO /Users/calum/Developer/Excelerator/env/lib/python3.11/site-packages/pandas-2.2.2.dist-info
ADD INFO /Users/calum/Developer/Excelerator/env/lib/python3.11/site-packages/pandas-2.2.2.dist-info
ADD INFO /Users/calum/Developer/Excelerator/env/lib/python3.11/site-packages/pandas-2.2.2.dist-info
ADD INFO /Users/calum/Developer/Excelerator/env/lib/python3.11/site-packages/pandas-2.2.2.dist-info
ADD INFO /Users/calum/Developer/Excelerator/env/lib/python3.11/site-packages/pandas-2.2.2.dist-info
ADD INFO /Users/calum/Developer/Excelerator/env/lib/python3.11/site-packages/pandas-2.2.2.dist-info
ADD INFO /Users/calum/Developer/Excelerator/env/lib/python3.11/site-packages/pandas-2.2.2.dist-info
ADD INFO /Users/calum/Developer/Excelerator/env/lib/python3.11/site-packages/pandas-2.2.2.dist-info
ADD INFO /Users/calum/Developer/Excelerator/env/lib/python3.11/site-packages/pandas-2.2.2.dist-info
ADD INFO /Users/calum/Developer/Excelerator/env/lib/python3.11/site-packages/pandas-2.2.2.dist-info
ADD INFO /Users/calum/Developer/Excelerator/env/lib/python3.11/site-packages/pandas-2.2.2.dist-info
ADD INFO /Users/calum/Developer/Excelerator/env/lib/python3.11/site-packages/pandas-2.2.2.dist-info
ADD INFO /Users/calum/Developer/Excelerator/env/lib/python3.11/site-packages/pandas-2.2.2.dist-info
ADD INFO /Users/calum/Developer/Excelerator/env/lib/python3.11/site-packages/pandas-2.2.2.dist-info
ADD INFO /Users/calum/Developer/Excelerator/env/lib/python3.11/site-packages/pandas-2.2.2.dist-info
ADD INFO /Users/calum/Developer/Excelerator/env/lib/python3.11/site-packages/pandas-2.2.2.dist-info
ADD INFO /Users/calum/Developer/Excelerator/env/lib/python3.11/site-packages/pandas-2.2.2.dist-info
ADD INFO /Users/calum/Developer/Excelerator/env/lib/python3.11/site-packages/pandas-2.2.2.dist-info
ADD INFO /Users/calum/Developer/Excelerator/env/lib/python3.11/site-packages/pandas-2.2.2.dist-info
ADD INFO /Users/calum/Developer/Excelerator/env/lib/python3.11/site-packages/pandas-2.2.2.dist-info
ADD INFO /Users/calum/Developer/Excelerator/env/lib/python3.11/site-packages/pandas-2.2.2.dist-info
ADD INFO /Users/calum/Developer/Excelerator/env/lib/python3.11/site-packages/pandas-2.2.2.dist-info
ADD INFO /Users/calum/Developer/Excelerator/env/lib/python3.11/site-packages/pandas-2.2.2.dist-info
ADD INFO /Users/calum/Developer/Excelerator/env/lib/python3.11/site-packages/pandas-2.2.2.dist-info
ADD INFO /Users/calum/Developer/Excelerator/env/lib/python3.11/site-packages/pandas-2.2.2.dist-info
ADD INFO /Users/calum/Developer/Excelerator/env/lib/python3.11/site-packages/pandas-2.2.2.dist-info
ADD INFO /Users/calum/Developer/Excelerator/env/lib/python3.11/site-packages/pandas-2.2.2.dist-info
ADD INFO /Users/calum/Developer/Excelerator/env/lib/python3.11/site-packages/pandas-2.2.2.dist-info
ADD INFO /Users/calum/Developer/Excelerator/env/lib/python3.11/site-packages/pandas-2.2.2.dist-info
ADD INFO /Users/calum/Developer/Excelerator/env/lib/python3.11/site-packages/pandas-2.2.2.dist-info
ADD INFO /Users/calum/Developer/Excelerator/env/lib/python3.11/site-packages/pandas-2.2.2.dist-info
ADD INFO /Users/calum/Developer/Excelerator/env/lib/python3.11/site-packages/pandas-2.2.2.dist-info
ADD INFO /Users/calum/Developer/Excelerator/env/lib/python3.11/site-packages/pandas-2.2.2.dist-info
ADD INFO /Users/calum/Developer/Excelerator/env/lib/python3.11/site-packages/pandas-2.2.2.dist-info
ADD INFO /Users/calum/Developer/Excelerator/env/lib/python3.11/site-packages/pandas-2.2.2.dist-info
ADD INFO /Users/calum/Developer/Excelerator/env/lib/python3.11/site-packages/pandas-2.2.2.dist-info
ADD INFO /Users/calum/Developer/Excelerator/env/lib/python3.11/site-packages/pandas-2.2.2.dist-info
ADD INFO /Users/calum/Developer/Excelerator/env/lib/python3.11/site-packages/pandas-2.2.2.dist-info
ADD INFO /Users/calum/Developer/Excelerator/env/lib/python3.11/site-packages/pandas-2.2.2.dist-info
ADD INFO /Users/calum/Developer/Excelerator/env/lib/python3.11/site-packages/pandas-2.2.2.dist-info
ADD INFO /Users/calum/Developer/Excelerator/env/lib/python3.11/site-packages/pandas-2.2.2.dist-info
ADD INFO /Users/calum/Developer/Excelerator/env/lib/python3.11/site-packages/pandas-2.2.2.dist-info
ADD INFO /Users/calum/Developer/Excelerator/env/lib/python3.11/site-packages/pandas-2.2.2.dist-info
ADD INFO /Users/calum/Developer/Excelerator/env/lib/python3.11/site-packages/pandas-2.2.2.dist-info
ADD INFO /Users/calum/Developer/Excelerator/env/lib/python3.11/site-packages/pandas-2.2.2.dist-info
ADD INFO /Users/calum/Developer/Excelerator/env/lib/python3.11/site-packages/pandas-2.2.2.dist-info
ADD INFO /Users/calum/Developer/Excelerator/env/lib/python3.11/site-packages/pandas-2.2.2.dist-info
ADD INFO /Users/calum/Developer/Excelerator/env/lib/python3.11/site-packages/pandas-2.2.2.dist-info
ADD INFO /Users/calum/Developer/Excelerator/env/lib/python3.11/site-packages/pandas-2.2.2.dist-info
ADD INFO /Users/calum/Developer/Excelerator/env/lib/python3.11/site-packages/pandas-2.2.2.dist-info
ADD INFO /Users/calum/Developer/Excelerator/env/lib/python3.11/site-packages/pandas-2.2.2.dist-info
ADD INFO /Users/calum/Developer/Excelerator/env/lib/python3.11/site-packages/pandas-2.2.2.dist-info
ADD INFO /Users/calum/Developer/Excelerator/env/lib/python3.11/site-packages/pandas-2.2.2.dist-info
ADD INFO /Users/calum/Developer/Excelerator/env/lib/python3.11/site-packages/pandas-2.2.2.dist-info
ADD INFO /Users/calum/Developer/Excelerator/env/lib/python3.11/site-packages/pandas-2.2.2.dist-info
ADD INFO /Users/calum/Developer/Excelerator/env/lib/python3.11/site-packages/pandas-2.2.2.dist-info
ADD INFO /Users/calum/Developer/Excelerator/env/lib/python3.11/site-packages/pandas-2.2.2.dist-info
ADD INFO /Users/calum/Developer/Excelerator/env/lib/python3.11/site-packages/pandas-2.2.2.dist-info
ADD INFO /Users/calum/Developer/Excelerator/env/lib/python3.11/site-packages/pandas-2.2.2.dist-info
ADD INFO /Users/calum/Developer/Excelerator/env/lib/python3.11/site-packages/pandas-2.2.2.dist-info
ADD INFO /Users/calum/Developer/Excelerator/env/lib/python3.11/site-packages/pandas-2.2.2.dist-info
ADD INFO /Users/calum/Developer/Excelerator/env/lib/python3.11/site-packages/pandas-2.2.2.dist-info
ADD INFO /Users/calum/Developer/Excelerator/env/lib/python3.11/site-packages/pandas-2.2.2.dist-info
ADD INFO /Users/calum/Developer/Excelerator/env/lib/python3.11/site-packages/pandas-2.2.2.dist-info
ADD INFO /Users/calum/Developer/Excelerator/env/lib/python3.11/site-packages/pandas-2.2.2.dist-info
ADD INFO /Users/calum/Developer/Excelerator/env/lib/python3.11/site-packages/pandas-2.2.2.dist-info
ADD INFO /Users/calum/Developer/Excelerator/env/lib/python3.11/site-packages/pandas-2.2.2.dist-info
ADD INFO /Users/calum/Developer/Excelerator/env/lib/python3.11/site-packages/pandas-2.2.2.dist-info
ADD INFO /Users/calum/Developer/Excelerator/env/lib/python3.11/site-packages/pandas-2.2.2.dist-info
ADD INFO /Users/calum/Developer/Excelerator/env/lib/python3.11/site-packages/pandas-2.2.2.dist-info
ADD INFO /Users/calum/Developer/Excelerator/env/lib/python3.11/site-packages/pandas-2.2.2.dist-info
ADD INFO /Users/calum/Developer/Excelerator/env/lib/python3.11/site-packages/pandas-2.2.2.dist-info
ADD INFO /Users/calum/Developer/Excelerator/env/lib/python3.11/site-packages/pandas-2.2.2.dist-info
ADD INFO /Users/calum/Developer/Excelerator/env/lib/python3.11/site-packages/pandas-2.2.2.dist-info
ADD INFO /Users/calum/Developer/Excelerator/env/lib/python3.11/site-packages/pandas-2.2.2.dist-info
ADD INFO /Users/calum/Developer/Excelerator/env/lib/python3.11/site-packages/pandas-2.2.2.dist-info
ADD INFO /Users/calum/Developer/Excelerator/env/lib/python3.11/site-packages/pandas-2.2.2.dist-info
ADD INFO /Users/calum/Developer/Excelerator/env/lib/python3.11/site-packages/pandas-2.2.2.dist-info
ADD INFO /Users/calum/Developer/Excelerator/env/lib/python3.11/site-packages/pandas-2.2.2.dist-info
ADD INFO /Users/calum/Developer/Excelerator/env/lib/python3.11/site-packages/pandas-2.2.2.dist-info
ADD INFO /Users/calum/Developer/Excelerator/env/lib/python3.11/site-packages/pandas-2.2.2.dist-info
ADD INFO /Users/calum/Developer/Excelerator/env/lib/python3.11/site-packages/pandas-2.2.2.dist-info
ADD INFO /Users/calum/Developer/Excelerator/env/lib/python3.11/site-packages/pandas-2.2.2.dist-info
ADD INFO /Users/calum/Developer/Excelerator/env/lib/python3.11/site-packages/pandas-2.2.2.dist-info
ADD INFO /Users/calum/Developer/Excelerator/env/lib/python3.11/site-packages/pandas-2.2.2.dist-info
ADD INFO /Users/calum/Developer/Excelerator/env/lib/python3.11/site-packages/pandas-2.2.2.dist-info
ADD INFO /Users/calum/Developer/Excelerator/env/lib/python3.11/site-packages/pandas-2.2.2.dist-info
ADD INFO /Users/calum/Developer/Excelerator/env/lib/python3.11/site-packages/pandas-2.2.2.dist-info
ADD INFO /Users/calum/Developer/Excelerator/env/lib/python3.11/site-packages/pandas-2.2.2.dist-info
ADD INFO /Users/calum/Developer/Excelerator/env/lib/python3.11/site-packages/pandas-2.2.2.dist-info
ADD INFO /Users/calum/Developer/Excelerator/env/lib/python3.11/site-packages/pandas-2.2.2.dist-info
ADD INFO /Users/calum/Developer/Excelerator/env/lib/python3.11/site-packages/pandas-2.2.2.dist-info
ADD INFO /Users/calum/Developer/Excelerator/env/lib/python3.11/site-packages/pandas-2.2.2.dist-info
ADD INFO /Users/calum/Developer/Excelerator/env/lib/python3.11/site-packages/pandas-2.2.2.dist-info
ADD INFO /Users/calum/Developer/Excelerator/env/lib/python3.11/site-packages/pandas-2.2.2.dist-info
ADD INFO /Users/calum/Developer/Excelerator/env/lib/python3.11/site-packages/pandas-2.2.2.dist-info
ADD INFO /Users/calum/Developer/Excelerator/env/lib/python3.11/site-packages/pandas-2.2.2.dist-info
ADD INFO /Users/calum/Developer/Excelerator/env/lib/python3.11/site-packages/pandas-2.2.2.dist-info
ADD INFO /Users/calum/Developer/Excelerator/env/lib/python3.11/site-packages/pandas-2.2.2.dist-info
ADD INFO /Users/calum/Developer/Excelerator/env/lib/python3.11/site-packages/pandas-2.2.2.dist-info
ADD INFO /Users/calum/Developer/Excelerator/env/lib/python3.11/site-packages/pandas-2.2.2.dist-info
ADD INFO /Users/calum/Developer/Excelerator/env/lib/python3.11/site-packages/pandas-2.2.2.dist-info
ADD INFO /Users/calum/Developer/Excelerator/env/lib/python3.11/site-packages/pandas-2.2.2.dist-info
ADD INFO /Users/calum/Developer/Excelerator/env/lib/python3.11/site-packages/pandas-2.2.2.dist-info
ADD INFO /Users/calum/Developer/Excelerator/env/lib/python3.11/site-packages/pandas-2.2.2.dist-info
ADD INFO /Users/calum/Developer/Excelerator/env/lib/python3.11/site-packages/pandas-2.2.2.dist-info
ADD INFO /Users/calum/Developer/Excelerator/env/lib/python3.11/site-packages/pandas-2.2.2.dist-info
ADD INFO /Users/calum/Developer/Excelerator/env/lib/python3.11/site-packages/pandas-2.2.2.dist-info
ADD INFO /Users/calum/Developer/Excelerator/env/lib/python3.11/site-packages/pandas-2.2.2.dist-info
ADD INFO /Users/calum/Developer/Excelerator/env/lib/python3.11/site-packages/pandas-2.2.2.dist-info
ADD INFO /Users/calum/Developer/Excelerator/env/lib/python3.11/site-packages/pandas-2.2.2.dist-info
ADD INFO /Users/calum/Developer/Excelerator/env/lib/python3.11/site-packages/pandas-2.2.2.dist-info
ADD INFO /Users/calum/Developer/Excelerator/env/lib/python3.11/site-packages/pandas-2.2.2.dist-info
ADD INFO /Users/calum/Developer/Excelerator/env/lib/python3.11/site-packages/pandas-2.2.2.dist-info
ADD INFO /Users/calum/Developer/Excelerator/env/lib/python3.11/site-packages/pandas-2.2.2.dist-info
ADD INFO /Users/calum/Developer/Excelerator/env/lib/python3.11/site-packages/pandas-2.2.2.dist-info
ADD INFO /Users/calum/Developer/Excelerator/env/lib/python3.11/site-packages/pandas-2.2.2.dist-info
ADD INFO /Users/calum/Developer/Excelerator/env/lib/python3.11/site-packages/pandas-2.2.2.dist-info
ADD INFO /Users/calum/Developer/Excelerator/env/lib/python3.11/site-packages/pandas-2.2.2.dist-info
ADD INFO /Users/calum/Developer/Excelerator/env/lib/python3.11/site-packages/pandas-2.2.2.dist-info
ADD INFO /Users/calum/Developer/Excelerator/env/lib/python3.11/site-packages/pandas-2.2.2.dist-info
ADD INFO /Users/calum/Developer/Excelerator/env/lib/python3.11/site-packages/pandas-2.2.2.dist-info
ADD INFO /Users/calum/Developer/Excelerator/env/lib/python3.11/site-packages/pandas-2.2.2.dist-info
ADD INFO /Users/calum/Developer/Excelerator/env/lib/python3.11/site-packages/pandas-2.2.2.dist-info
ADD INFO /Users/calum/Developer/Excelerator/env/lib/python3.11/site-packages/pandas-2.2.2.dist-info
ADD INFO /Users/calum/Developer/Excelerator/env/lib/python3.11/site-packages/pandas-2.2.2.dist-info
ADD INFO /Users/calum/Developer/Excelerator/env/lib/python3.11/site-packages/pandas-2.2.2.dist-info
ADD INFO /Users/calum/Developer/Excelerator/env/lib/python3.11/site-packages/pandas-2.2.2.dist-info
ADD INFO /Users/calum/Developer/Excelerator/env/lib/python3.11/site-packages/pandas-2.2.2.dist-info
ADD INFO /Users/calum/Developer/Excelerator/env/lib/python3.11/site-packages/pandas-2.2.2.dist-info
ADD INFO /Users/calum/Developer/Excelerator/env/lib/python3.11/site-packages/pandas-2.2.2.dist-info
ADD INFO /Users/calum/Developer/Excelerator/env/lib/python3.11/site-packages/pandas-2.2.2.dist-info
ADD INFO /Users/calum/Developer/Excelerator/env/lib/python3.11/site-packages/pandas-2.2.2.dist-info
ADD INFO /Users/calum/Developer/Excelerator/env/lib/python3.11/site-packages/pandas-2.2.2.dist-info
ADD INFO /Users/calum/Developer/Excelerator/env/lib/python3.11/site-packages/pandas-2.2.2.dist-info
ADD INFO /Users/calum/Developer/Excelerator/env/lib/python3.11/site-packages/pandas-2.2.2.dist-info
ADD INFO /Users/calum/Developer/Excelerator/env/lib/python3.11/site-packages/pandas-2.2.2.dist-info
ADD INFO /Users/calum/Developer/Excelerator/env/lib/python3.11/site-packages/pandas-2.2.2.dist-info
ADD INFO /Users/calum/Developer/Excelerator/env/lib/python3.11/site-packages/pandas-2.2.2.dist-info
ADD INFO /Users/calum/Developer/Excelerator/env/lib/python3.11/site-packages/pandas-2.2.2.dist-info
ADD INFO /Users/calum/Developer/Excelerator/env/lib/python3.11/site-packages/pandas-2.2.2.dist-info
ADD INFO /Users/calum/Developer/Excelerator/env/lib/python3.11/site-packages/pandas-2.2.2.dist-info
ADD INFO /Users/calum/Developer/Excelerator/env/lib/python3.11/site-packages/pandas-2.2.2.dist-info
ADD INFO /Users/calum/Developer/Excelerator/env/lib/python3.11/site-packages/pandas-2.2.2.dist-info
ADD INFO /Users/calum/Developer/Excelerator/env/lib/python3.11/site-packages/pandas-2.2.2.dist-info
ADD INFO /Users/calum/Developer/Excelerator/env/lib/python3.11/site-packages/pandas-2.2.2.dist-info
ADD INFO /Users/calum/Developer/Excelerator/env/lib/python3.11/site-packages/pandas-2.2.2.dist-info
ADD INFO /Users/calum/Developer/Excelerator/env/lib/python3.11/site-packages/pandas-2.2.2.dist-info
ADD INFO /Users/calum/Developer/Excelerator/env/lib/python3.11/site-packages/pandas-2.2.2.dist-info
ADD INFO /Users/calum/Developer/Excelerator/env/lib/python3.11/site-packages/pandas-2.2.2.dist-info
ADD INFO /Users/calum/Developer/Excelerator/env/lib/python3.11/site-packages/pandas-2.2.2.dist-info
ADD INFO /Users/calum/Developer/Excelerator/env/lib/python3.11/site-packages/pandas-2.2.2.dist-info
ADD INFO /Users/calum/Developer/Excelerator/env/lib/python3.11/site-packages/pandas-2.2.2.dist-info
ADD INFO /Users/calum/Developer/Excelerator/env/lib/python3.11/site-packages/pandas-2.2.2.dist-info
ADD INFO /Users/calum/Developer/Excelerator/env/lib/python3.11/site-packages/pandas-2.2.2.dist-info
ADD INFO /Users/calum/Developer/Excelerator/env/lib/python3.11/site-packages/pandas-2.2.2.dist-info
ADD INFO /Users/calum/Developer/Excelerator/env/lib/python3.11/site-packages/pandas-2.2.2.dist-info
ADD INFO /Users/calum/Developer/Excelerator/env/lib/python3.11/site-packages/pandas-2.2.2.dist-info
ADD INFO /Users/calum/Developer/Excelerator/env/lib/python3.11/site-packages/pandas-2.2.2.dist-info
ADD INFO /Users/calum/Developer/Excelerator/env/lib/python3.11/site-packages/pandas-2.2.2.dist-info
ADD INFO /Users/calum/Developer/Excelerator/env/lib/python3.11/site-packages/pandas-2.2.2.dist-info
ADD INFO /Users/calum/Developer/Excelerator/env/lib/python3.11/site-packages/pandas-2.2.2.dist-info
ADD INFO /Users/calum/Developer/Excelerator/env/lib/python3.11/site-packages/pandas-2.2.2.dist-info
ADD INFO /Users/calum/Developer/Excelerator/env/lib/python3.11/site-packages/pandas-2.2.2.dist-info
ADD INFO /Users/calum/Developer/Excelerator/env/lib/python3.11/site-packages/pandas-2.2.2.dist-info
ADD INFO /Users/calum/Developer/Excelerator/env/lib/python3.11/site-packages/pandas-2.2.2.dist-info
ADD INFO /Users/calum/Developer/Excelerator/env/lib/python3.11/site-packages/pandas-2.2.2.dist-info
ADD INFO /Users/calum/Developer/Excelerator/env/lib/python3.11/site-packages/pandas-2.2.2.dist-info
ADD INFO /Users/calum/Developer/Excelerator/env/lib/python3.11/site-packages/pandas-2.2.2.dist-info
ADD INFO /Users/calum/Developer/Excelerator/env/lib/python3.11/site-packages/pandas-2.2.2.dist-info
ADD INFO /Users/calum/Developer/Excelerator/env/lib/python3.11/site-packages/pandas-2.2.2.dist-info
ADD INFO /Users/calum/Developer/Excelerator/env/lib/python3.11/site-packages/pandas-2.2.2.dist-info
ADD INFO /Users/calum/Developer/Excelerator/env/lib/python3.11/site-packages/pandas-2.2.2.dist-info
ADD INFO /Users/calum/Developer/Excelerator/env/lib/python3.11/site-packages/pandas-2.2.2.dist-info
ADD INFO /Users/calum/Developer/Excelerator/env/lib/python3.11/site-packages/pandas-2.2.2.dist-info
ADD INFO /Users/calum/Developer/Excelerator/env/lib/python3.11/site-packages/pandas-2.2.2.dist-info
ADD INFO /Users/calum/Developer/Excelerator/env/lib/python3.11/site-packages/pandas-2.2.2.dist-info
ADD INFO /Users/calum/Developer/Excelerator/env/lib/python3.11/site-packages/pandas-2.2.2.dist-info
ADD INFO /Users/calum/Developer/Excelerator/env/lib/python3.11/site-packages/pandas-2.2.2.dist-info
ADD INFO /Users/calum/Developer/Excelerator/env/lib/python3.11/site-packages/pandas-2.2.2.dist-info
ADD INFO /Users/calum/Developer/Excelerator/env/lib/python3.11/site-packages/pandas-2.2.2.dist-info
ADD INFO /Users/calum/Developer/Excelerator/env/lib/python3.11/site-packages/pandas-2.2.2.dist-info
ADD INFO /Users/calum/Developer/Excelerator/env/lib/python3.11/site-packages/pandas-2.2.2.dist-info
ADD INFO /Users/calum/Developer/Excelerator/env/lib/python3.11/site-packages/pandas-2.2.2.dist-info
ADD INFO /Users/calum/Developer/Excelerator/env/lib/python3.11/site-packages/pandas-2.2.2.dist-info
ADD INFO /Users/calum/Developer/Excelerator/env/lib/python3.11/site-packages/pandas-2.2.2.dist-info
ADD INFO /Users/calum/Developer/Excelerator/env/lib/python3.11/site-packages/pandas-2.2.2.dist-info
ADD INFO /Users/calum/Developer/Excelerator/env/lib/python3.11/site-packages/pandas-2.2.2.dist-info
ADD INFO /Users/calum/Developer/Excelerator/env/lib/python3.11/site-packages/pandas-2.2.2.dist-info
ADD INFO /Users/calum/Developer/Excelerator/env/lib/python3.11/site-packages/pandas-2.2.2.dist-info
ADD INFO /Users/calum/Developer/Excelerator/env/lib/python3.11/site-packages/pandas-2.2.2.dist-info
ADD INFO /Users/calum/Developer/Excelerator/env/lib/python3.11/site-packages/pandas-2.2.2.dist-info
ADD INFO /Users/calum/Developer/Excelerator/env/lib/python3.11/site-packages/pandas-2.2.2.dist-info
ADD INFO /Users/calum/Developer/Excelerator/env/lib/python3.11/site-packages/pandas-2.2.2.dist-info
ADD INFO /Users/calum/Developer/Excelerator/env/lib/python3.11/site-packages/pandas-2.2.2.dist-info
ADD INFO /Users/calum/Developer/Excelerator/env/lib/python3.11/site-packages/pandas-2.2.2.dist-info
ADD INFO /Users/calum/Developer/Excelerator/env/lib/python3.11/site-packages/pandas-2.2.2.dist-info
ADD INFO /Users/calum/Developer/Excelerator/env/lib/python3.11/site-packages/pandas-2.2.2.dist-info
ADD INFO /Users/calum/Developer/Excelerator/env/lib/python3.11/site-packages/pandas-2.2.2.dist-info
ADD INFO /Users/calum/Developer/Excelerator/env/lib/python3.11/site-packages/pandas-2.2.2.dist-info
ADD INFO /Users/calum/Developer/Excelerator/env/lib/python3.11/site-packages/pandas-2.2.2.dist-info
ADD INFO /Users/calum/Developer/Excelerator/env/lib/python3.11/site-packages/pandas-2.2.2.dist-info
ADD INFO /Users/calum/Developer/Excelerator/env/lib/python3.11/site-packages/pandas-2.2.2.dist-info
ADD INFO /Users/calum/Developer/Excelerator/env/lib/python3.11/site-packages/pandas-2.2.2.dist-info
ADD INFO /Users/calum/Developer/Excelerator/env/lib/python3.11/site-packages/pandas-2.2.2.dist-info
ADD INFO /Users/calum/Developer/Excelerator/env/lib/python3.11/site-packages/pandas-2.2.2.dist-info
ADD INFO /Users/calum/Developer/Excelerator/env/lib/python3.11/site-packages/pandas-2.2.2.dist-info
ADD INFO /Users/calum/Developer/Excelerator/env/lib/python3.11/site-packages/pandas-2.2.2.dist-info
ADD INFO /Users/calum/Developer/Excelerator/env/lib/python3.11/site-packages/pandas-2.2.2.dist-info
ADD INFO /Users/calum/Developer/Excelerator/env/lib/python3.11/site-packages/pandas-2.2.2.dist-info
ADD INFO /Users/calum/Developer/Excelerator/env/lib/python3.11/site-packages/pandas-2.2.2.dist-info
ADD INFO /Users/calum/Developer/Excelerator/env/lib/python3.11/site-packages/pandas-2.2.2.dist-info
ADD INFO /Users/calum/Developer/Excelerator/env/lib/python3.11/site-packages/pandas-2.2.2.dist-info
ADD INFO /Users/calum/Developer/Excelerator/env/lib/python3.11/site-packages/pandas-2.2.2.dist-info
ADD INFO /Users/calum/Developer/Excelerator/env/lib/python3.11/site-packages/pandas-2.2.2.dist-info
ADD INFO /Users/calum/Developer/Excelerator/env/lib/python3.11/site-packages/pandas-2.2.2.dist-info
ADD INFO /Users/calum/Developer/Excelerator/env/lib/python3.11/site-packages/pandas-2.2.2.dist-info
ADD INFO /Users/calum/Developer/Excelerator/env/lib/python3.11/site-packages/pandas-2.2.2.dist-info
ADD INFO /Users/calum/Developer/Excelerator/env/lib/python3.11/site-packages/pandas-2.2.2.dist-info
ADD INFO /Users/calum/Developer/Excelerator/env/lib/python3.11/site-packages/pandas-2.2.2.dist-info
ADD INFO /Users/calum/Developer/Excelerator/env/lib/python3.11/site-packages/pandas-2.2.2.dist-info
ADD INFO /Users/calum/Developer/Excelerator/env/lib/python3.11/site-packages/pandas-2.2.2.dist-info
ADD INFO /Users/calum/Developer/Excelerator/env/lib/python3.11/site-packages/pandas-2.2.2.dist-info
ADD INFO /Users/calum/Developer/Excelerator/env/lib/python3.11/site-packages/pandas-2.2.2.dist-info
ADD INFO /Users/calum/Developer/Excelerator/env/lib/python3.11/site-packages/pandas-2.2.2.dist-info
ADD INFO /Users/calum/Developer/Excelerator/env/lib/python3.11/site-packages/pandas-2.2.2.dist-info
ADD INFO /Users/calum/Developer/Excelerator/env/lib/python3.11/site-packages/pandas-2.2.2.dist-info
ADD INFO /Users/calum/Developer/Excelerator/env/lib/python3.11/site-packages/pandas-2.2.2.dist-info
ADD INFO /Users/calum/Developer/Excelerator/env/lib/python3.11/site-packages/pandas-2.2.2.dist-info
ADD INFO /Users/calum/Developer/Excelerator/env/lib/python3.11/site-packages/pandas-2.2.2.dist-info
ADD INFO /Users/calum/Developer/Excelerator/env/lib/python3.11/site-packages/pandas-2.2.2.dist-info
ADD INFO /Users/calum/Developer/Excelerator/env/lib/python3.11/site-packages/pandas-2.2.2.dist-info
ADD INFO /Users/calum/Developer/Excelerator/env/lib/python3.11/site-packages/pandas-2.2.2.dist-info
ADD INFO /Users/calum/Developer/Excelerator/env/lib/python3.11/site-packages/pandas-2.2.2.dist-info
ADD INFO /Users/calum/Developer/Excelerator/env/lib/python3.11/site-packages/pandas-2.2.2.dist-info
ADD INFO /Users/calum/Developer/Excelerator/env/lib/python3.11/site-packages/pandas-2.2.2.dist-info
ADD INFO /Users/calum/Developer/Excelerator/env/lib/python3.11/site-packages/pandas-2.2.2.dist-info
ADD INFO /Users/calum/Developer/Excelerator/env/lib/python3.11/site-packages/pandas-2.2.2.dist-info
ADD INFO /Users/calum/Developer/Excelerator/env/lib/python3.11/site-packages/pandas-2.2.2.dist-info
ADD INFO /Users/calum/Developer/Excelerator/env/lib/python3.11/site-packages/pandas-2.2.2.dist-info
ADD INFO /Users/calum/Developer/Excelerator/env/lib/python3.11/site-packages/pandas-2.2.2.dist-info
ADD INFO /Users/calum/Developer/Excelerator/env/lib/python3.11/site-packages/pandas-2.2.2.dist-info
ADD INFO /Users/calum/Developer/Excelerator/env/lib/python3.11/site-packages/pandas-2.2.2.dist-info
ADD INFO /Users/calum/Developer/Excelerator/env/lib/python3.11/site-packages/pandas-2.2.2.dist-info
ADD INFO /Users/calum/Developer/Excelerator/env/lib/python3.11/site-packages/pandas-2.2.2.dist-info
ADD INFO /Users/calum/Developer/Excelerator/env/lib/python3.11/site-packages/pandas-2.2.2.dist-info
ADD INFO /Users/calum/Developer/Excelerator/env/lib/python3.11/site-packages/pandas-2.2.2.dist-info
ADD INFO /Users/calum/Developer/Excelerator/env/lib/python3.11/site-packages/pandas-2.2.2.dist-info
ADD INFO /Users/calum/Developer/Excelerator/env/lib/python3.11/site-packages/pandas-2.2.2.dist-info
ADD INFO /Users/calum/Developer/Excelerator/env/lib/python3.11/site-packages/pandas-2.2.2.dist-info
ADD INFO /Users/calum/Developer/Excelerator/env/lib/python3.11/site-packages/pandas-2.2.2.dist-info
ADD INFO /Users/calum/Developer/Excelerator/env/lib/python3.11/site-packages/pandas-2.2.2.dist-info
ADD INFO /Users/calum/Developer/Excelerator/env/lib/python3.11/site-packages/pandas-2.2.2.dist-info
ADD INFO /Users/calum/Developer/Excelerator/env/lib/python3.11/site-packages/pandas-2.2.2.dist-info
ADD INFO /Users/calum/Developer/Excelerator/env/lib/python3.11/site-packages/pandas-2.2.2.dist-info
ADD INFO /Users/calum/Developer/Excelerator/env/lib/python3.11/site-packages/pandas-2.2.2.dist-info
ADD INFO /Users/calum/Developer/Excelerator/env/lib/python3.11/site-packages/pandas-2.2.2.dist-info
ADD INFO /Users/calum/Developer/Excelerator/env/lib/python3.11/site-packages/pandas-2.2.2.dist-info
ADD INFO /Users/calum/Developer/Excelerator/env/lib/python3.11/site-packages/pandas-2.2.2.dist-info
ADD INFO /Users/calum/Developer/Excelerator/env/lib/python3.11/site-packages/pandas-2.2.2.dist-info
ADD INFO /Users/calum/Developer/Excelerator/env/lib/python3.11/site-packages/pandas-2.2.2.dist-info
ADD INFO /Users/calum/Developer/Excelerator/env/lib/python3.11/site-packages/pandas-2.2.2.dist-info
ADD INFO /Users/calum/Developer/Excelerator/env/lib/python3.11/site-packages/pandas-2.2.2.dist-info
ADD INFO /Users/calum/Developer/Excelerator/env/lib/python3.11/site-packages/pandas-2.2.2.dist-info
ADD INFO /Users/calum/Developer/Excelerator/env/lib/python3.11/site-packages/pandas-2.2.2.dist-info
ADD INFO /Users/calum/Developer/Excelerator/env/lib/python3.11/site-packages/pandas-2.2.2.dist-info
ADD INFO /Users/calum/Developer/Excelerator/env/lib/python3.11/site-packages/pandas-2.2.2.dist-info
ADD INFO /Users/calum/Developer/Excelerator/env/lib/python3.11/site-packages/pandas-2.2.2.dist-info
ADD INFO /Users/calum/Developer/Excelerator/env/lib/python3.11/site-packages/pandas-2.2.2.dist-info
ADD INFO /Users/calum/Developer/Excelerator/env/lib/python3.11/site-packages/pandas-2.2.2.dist-info
ADD INFO /Users/calum/Developer/Excelerator/env/lib/python3.11/site-packages/pandas-2.2.2.dist-info
ADD INFO /Users/calum/Developer/Excelerator/env/lib/python3.11/site-packages/pandas-2.2.2.dist-info
ADD INFO /Users/calum/Developer/Excelerator/env/lib/python3.11/site-packages/pandas-2.2.2.dist-info
ADD INFO /Users/calum/Developer/Excelerator/env/lib/python3.11/site-packages/pandas-2.2.2.dist-info
ADD INFO /Users/calum/Developer/Excelerator/env/lib/python3.11/site-packages/pandas-2.2.2.dist-info
ADD INFO /Users/calum/Developer/Excelerator/env/lib/python3.11/site-packages/pandas-2.2.2.dist-info
ADD INFO /Users/calum/Developer/Excelerator/env/lib/python3.11/site-packages/pandas-2.2.2.dist-info
ADD INFO /Users/calum/Developer/Excelerator/env/lib/python3.11/site-packages/pandas-2.2.2.dist-info
ADD INFO /Users/calum/Developer/Excelerator/env/lib/python3.11/site-packages/pandas-2.2.2.dist-info
ADD INFO /Users/calum/Developer/Excelerator/env/lib/python3.11/site-packages/pandas-2.2.2.dist-info
ADD INFO /Users/calum/Developer/Excelerator/env/lib/python3.11/site-packages/pandas-2.2.2.dist-info
ADD INFO /Users/calum/Developer/Excelerator/env/lib/python3.11/site-packages/pandas-2.2.2.dist-info
ADD INFO /Users/calum/Developer/Excelerator/env/lib/python3.11/site-packages/pandas-2.2.2.dist-info
ADD INFO /Users/calum/Developer/Excelerator/env/lib/python3.11/site-packages/pandas-2.2.2.dist-info
ADD INFO /Users/calum/Developer/Excelerator/env/lib/python3.11/site-packages/pandas-2.2.2.dist-info
ADD INFO /Users/calum/Developer/Excelerator/env/lib/python3.11/site-packages/pandas-2.2.2.dist-info
ADD INFO /Users/calum/Developer/Excelerator/env/lib/python3.11/site-packages/pandas-2.2.2.dist-info
ADD INFO /Users/calum/Developer/Excelerator/env/lib/python3.11/site-packages/pandas-2.2.2.dist-info
ADD INFO /Users/calum/Developer/Excelerator/env/lib/python3.11/site-packages/pandas-2.2.2.dist-info
ADD INFO /Users/calum/Developer/Excelerator/env/lib/python3.11/site-packages/pandas-2.2.2.dist-info
ADD INFO /Users/calum/Developer/Excelerator/env/lib/python3.11/site-packages/pandas-2.2.2.dist-info
ADD INFO /Users/calum/Developer/Excelerator/env/lib/python3.11/site-packages/pandas-2.2.2.dist-info
ADD INFO /Users/calum/Developer/Excelerator/env/lib/python3.11/site-packages/pandas-2.2.2.dist-info
ADD INFO /Users/calum/Developer/Excelerator/env/lib/python3.11/site-packages/pandas-2.2.2.dist-info
ADD INFO /Users/calum/Developer/Excelerator/env/lib/python3.11/site-packages/pandas-2.2.2.dist-info
ADD INFO /Users/calum/Developer/Excelerator/env/lib/python3.11/site-packages/pandas-2.2.2.dist-info
ADD INFO /Users/calum/Developer/Excelerator/env/lib/python3.11/site-packages/pandas-2.2.2.dist-info
ADD INFO /Users/calum/Developer/Excelerator/env/lib/python3.11/site-packages/pandas-2.2.2.dist-info
ADD INFO /Users/calum/Developer/Excelerator/env/lib/python3.11/site-packages/pandas-2.2.2.dist-info
ADD INFO /Users/calum/Developer/Excelerator/env/lib/python3.11/site-packages/pandas-2.2.2.dist-info
ADD INFO /Users/calum/Developer/Excelerator/env/lib/python3.11/site-packages/pandas-2.2.2.dist-info
ADD INFO /Users/calum/Developer/Excelerator/env/lib/python3.11/site-packages/pandas-2.2.2.dist-info
ADD INFO /Users/calum/Developer/Excelerator/env/lib/python3.11/site-packages/pandas-2.2.2.dist-info
ADD INFO /Users/calum/Developer/Excelerator/env/lib/python3.11/site-packages/pandas-2.2.2.dist-info
ADD INFO /Users/calum/Developer/Excelerator/env/lib/python3.11/site-packages/pandas-2.2.2.dist-info
ADD INFO /Users/calum/Developer/Excelerator/env/lib/python3.11/site-packages/pandas-2.2.2.dist-info
ADD INFO /Users/calum/Developer/Excelerator/env/lib/python3.11/site-packages/pandas-2.2.2.dist-info
ADD INFO /Users/calum/Developer/Excelerator/env/lib/python3.11/site-packages/pandas-2.2.2.dist-info
ADD INFO /Users/calum/Developer/Excelerator/env/lib/python3.11/site-packages/pandas-2.2.2.dist-info
ADD INFO /Users/calum/Developer/Excelerator/env/lib/python3.11/site-packages/pandas-2.2.2.dist-info
ADD INFO /Users/calum/Developer/Excelerator/env/lib/python3.11/site-packages/pandas-2.2.2.dist-info
ADD INFO /Users/calum/Developer/Excelerator/env/lib/python3.11/site-packages/pandas-2.2.2.dist-info
ADD INFO /Users/calum/Developer/Excelerator/env/lib/python3.11/site-packages/pandas-2.2.2.dist-info
ADD INFO /Users/calum/Developer/Excelerator/env/lib/python3.11/site-packages/pandas-2.2.2.dist-info
ADD INFO /Users/calum/Developer/Excelerator/env/lib/python3.11/site-packages/pandas-2.2.2.dist-info
ADD INFO /Users/calum/Developer/Excelerator/env/lib/python3.11/site-packages/pandas-2.2.2.dist-info
ADD INFO /Users/calum/Developer/Excelerator/env/lib/python3.11/site-packages/pandas-2.2.2.dist-info
ADD INFO /Users/calum/Developer/Excelerator/env/lib/python3.11/site-packages/pandas-2.2.2.dist-info
ADD INFO /Users/calum/Developer/Excelerator/env/lib/python3.11/site-packages/pandas-2.2.2.dist-info
ADD INFO /Users/calum/Developer/Excelerator/env/lib/python3.11/site-packages/pandas-2.2.2.dist-info
ADD INFO /Users/calum/Developer/Excelerator/env/lib/python3.11/site-packages/pandas-2.2.2.dist-info
ADD INFO /Users/calum/Developer/Excelerator/env/lib/python3.11/site-packages/pandas-2.2.2.dist-info
ADD INFO /Users/calum/Developer/Excelerator/env/lib/python3.11/site-packages/pandas-2.2.2.dist-info
ADD INFO /Users/calum/Developer/Excelerator/env/lib/python3.11/site-packages/pandas-2.2.2.dist-info
ADD INFO /Users/calum/Developer/Excelerator/env/lib/python3.11/site-packages/pandas-2.2.2.dist-info
ADD INFO /Users/calum/Developer/Excelerator/env/lib/python3.11/site-packages/pandas-2.2.2.dist-info
ADD INFO /Users/calum/Developer/Excelerator/env/lib/python3.11/site-packages/pandas-2.2.2.dist-info
ADD INFO /Users/calum/Developer/Excelerator/env/lib/python3.11/site-packages/pandas-2.2.2.dist-info
ADD INFO /Users/calum/Developer/Excelerator/env/lib/python3.11/site-packages/pandas-2.2.2.dist-info
ADD INFO /Users/calum/Developer/Excelerator/env/lib/python3.11/site-packages/pandas-2.2.2.dist-info
ADD INFO /Users/calum/Developer/Excelerator/env/lib/python3.11/site-packages/pandas-2.2.2.dist-info
ADD INFO /Users/calum/Developer/Excelerator/env/lib/python3.11/site-packages/pandas-2.2.2.dist-info
ADD INFO /Users/calum/Developer/Excelerator/env/lib/python3.11/site-packages/pandas-2.2.2.dist-info
ADD INFO /Users/calum/Developer/Excelerator/env/lib/python3.11/site-packages/pandas-2.2.2.dist-info
ADD INFO /Users/calum/Developer/Excelerator/env/lib/python3.11/site-packages/pandas-2.2.2.dist-info
ADD INFO /Users/calum/Developer/Excelerator/env/lib/python3.11/site-packages/pandas-2.2.2.dist-info
ADD INFO /Users/calum/Developer/Excelerator/env/lib/python3.11/site-packages/pandas-2.2.2.dist-info
ADD INFO /Users/calum/Developer/Excelerator/env/lib/python3.11/site-packages/pandas-2.2.2.dist-info
ADD INFO /Users/calum/Developer/Excelerator/env/lib/python3.11/site-packages/setuptools-65.5.0.dist-info
ADD INFO /Users/calum/Developer/Excelerator/env/lib/python3.11/site-packages/setuptools-65.5.0.dist-info
ADD INFO /Users/calum/Developer/Excelerator/env/lib/python3.11/site-packages/setuptools-65.5.0.dist-info
ADD INFO /Users/calum/Developer/Excelerator/env/lib/python3.11/site-packages/setuptools-65.5.0.dist-info
ADD INFO /Users/calum/Developer/Excelerator/env/lib/python3.11/site-packages/setuptools-65.5.0.dist-info
ADD INFO /Users/calum/Developer/Excelerator/env/lib/python3.11/site-packages/setuptools-65.5.0.dist-info
ADD INFO /Users/calum/Developer/Excelerator/env/lib/python3.11/site-packages/setuptools-65.5.0.dist-info
ADD INFO /Users/calum/Developer/Excelerator/env/lib/python3.11/site-packages/setuptools-65.5.0.dist-info
ADD INFO /Users/calum/Developer/Excelerator/env/lib/python3.11/site-packages/setuptools-65.5.0.dist-info
ADD INFO /Users/calum/Developer/Excelerator/env/lib/python3.11/site-packages/setuptools-65.5.0.dist-info
ADD INFO /Users/calum/Developer/Excelerator/env/lib/python3.11/site-packages/setuptools-65.5.0.dist-info
ADD INFO /Users/calum/Developer/Excelerator/env/lib/python3.11/site-packages/setuptools-65.5.0.dist-info
ADD INFO /Users/calum/Developer/Excelerator/env/lib/python3.11/site-packages/setuptools-65.5.0.dist-info
ADD INFO /Users/calum/Developer/Excelerator/env/lib/python3.11/site-packages/setuptools-65.5.0.dist-info
ADD INFO /Users/calum/Developer/Excelerator/env/lib/python3.11/site-packages/setuptools-65.5.0.dist-info
ADD INFO /Users/calum/Developer/Excelerator/env/lib/python3.11/site-packages/setuptools-65.5.0.dist-info
ADD INFO /Users/calum/Developer/Excelerator/env/lib/python3.11/site-packages/setuptools-65.5.0.dist-info
ADD INFO /Users/calum/Developer/Excelerator/env/lib/python3.11/site-packages/setuptools-65.5.0.dist-info
ADD INFO /Users/calum/Developer/Excelerator/env/lib/python3.11/site-packages/setuptools-65.5.0.dist-info
ADD INFO /Users/calum/Developer/Excelerator/env/lib/python3.11/site-packages/setuptools-65.5.0.dist-info
ADD INFO /Users/calum/Developer/Excelerator/env/lib/python3.11/site-packages/setuptools-65.5.0.dist-info
ADD INFO /Users/calum/Developer/Excelerator/env/lib/python3.11/site-packages/setuptools-65.5.0.dist-info
ADD INFO /Users/calum/Developer/Excelerator/env/lib/python3.11/site-packages/setuptools-65.5.0.dist-info
ADD INFO /Users/calum/Developer/Excelerator/env/lib/python3.11/site-packages/setuptools-65.5.0.dist-info
ADD INFO /Users/calum/Developer/Excelerator/env/lib/python3.11/site-packages/setuptools-65.5.0.dist-info
ADD INFO /Users/calum/Developer/Excelerator/env/lib/python3.11/site-packages/setuptools-65.5.0.dist-info
ADD INFO /Users/calum/Developer/Excelerator/env/lib/python3.11/site-packages/setuptools-65.5.0.dist-info
ADD INFO /Users/calum/Developer/Excelerator/env/lib/python3.11/site-packages/setuptools-65.5.0.dist-info
ADD INFO /Users/calum/Developer/Excelerator/env/lib/python3.11/site-packages/setuptools-65.5.0.dist-info
ADD INFO /Users/calum/Developer/Excelerator/env/lib/python3.11/site-packages/setuptools-65.5.0.dist-info
ADD INFO /Users/calum/Developer/Excelerator/env/lib/python3.11/site-packages/setuptools-65.5.0.dist-info
ADD INFO /Users/calum/Developer/Excelerator/env/lib/python3.11/site-packages/setuptools-65.5.0.dist-info
ADD INFO /Users/calum/Developer/Excelerator/env/lib/python3.11/site-packages/setuptools-65.5.0.dist-info
ADD INFO /Users/calum/Developer/Excelerator/env/lib/python3.11/site-packages/setuptools-65.5.0.dist-info
ADD INFO /Users/calum/Developer/Excelerator/env/lib/python3.11/site-packages/setuptools-65.5.0.dist-info
ADD INFO /Users/calum/Developer/Excelerator/env/lib/python3.11/site-packages/setuptools-65.5.0.dist-info
ADD INFO /Users/calum/Developer/Excelerator/env/lib/python3.11/site-packages/setuptools-65.5.0.dist-info
ADD INFO /Users/calum/Developer/Excelerator/env/lib/python3.11/site-packages/setuptools-65.5.0.dist-info
ADD INFO /Users/calum/Developer/Excelerator/env/lib/python3.11/site-packages/setuptools-65.5.0.dist-info
ADD INFO /Users/calum/Developer/Excelerator/env/lib/python3.11/site-packages/setuptools-65.5.0.dist-info
ADD INFO /Users/calum/Developer/Excelerator/env/lib/python3.11/site-packages/setuptools-65.5.0.dist-info
ADD INFO /Users/calum/Developer/Excelerator/env/lib/python3.11/site-packages/setuptools-65.5.0.dist-info
ADD INFO /Users/calum/Developer/Excelerator/env/lib/python3.11/site-packages/setuptools-65.5.0.dist-info
ADD INFO /Users/calum/Developer/Excelerator/env/lib/python3.11/site-packages/pycparser-2.22.dist-info
ADD INFO /Users/calum/Developer/Excelerator/env/lib/python3.11/site-packages/pycparser-2.22.dist-info
ADD INFO /Users/calum/Developer/Excelerator/env/lib/python3.11/site-packages/pycparser-2.22.dist-info
ADD INFO /Users/calum/Developer/Excelerator/env/lib/python3.11/site-packages/pycparser-2.22.dist-info
ADD INFO /Users/calum/Developer/Excelerator/env/lib/python3.11/site-packages/pycparser-2.22.dist-info
ADD INFO /Users/calum/Developer/Excelerator/env/lib/python3.11/site-packages/pycparser-2.22.dist-info
ADD INFO /Users/calum/Developer/Excelerator/env/lib/python3.11/site-packages/pycparser-2.22.dist-info
ADD INFO /Users/calum/Developer/Excelerator/env/lib/python3.11/site-packages/pycparser-2.22.dist-info
ADD INFO /Users/calum/Developer/Excelerator/env/lib/python3.11/site-packages/pycparser-2.22.dist-info
ADD INFO /Users/calum/Developer/Excelerator/env/lib/python3.11/site-packages/pycparser-2.22.dist-info
ADD INFO /Users/calum/Developer/Excelerator/env/lib/python3.11/site-packages/pycparser-2.22.dist-info
ADD INFO /Users/calum/Developer/Excelerator/env/lib/python3.11/site-packages/pyperclip-1.8.2.dist-info
ADD INFO /Users/calum/Developer/Excelerator/env/lib/python3.11/site-packages/pytz-2024.1.dist-info
ADD INFO /Users/calum/Developer/Excelerator/env/lib/python3.11/site-packages/pytz-2024.1.dist-info
ADD INFO /Users/calum/Developer/Excelerator/env/lib/python3.11/site-packages/pytz-2024.1.dist-info
ADD INFO /Users/calum/Developer/Excelerator/env/lib/python3.11/site-packages/pytz-2024.1.dist-info
ADD INFO /Users/calum/Developer/Excelerator/env/lib/python3.11/site-packages/pytz-2024.1.dist-info
ADD INFO /Users/calum/Developer/Excelerator/env/lib/python3.11/site-packages/pytz-2024.1.dist-info
ADD INFO /Users/calum/Developer/Excelerator/env/lib/python3.11/site-packages/reportlab-4.2.0.dist-info
ADD INFO /Users/calum/Developer/Excelerator/env/lib/python3.11/site-packages/reportlab-4.2.0.dist-info
ADD INFO /Users/calum/Developer/Excelerator/env/lib/python3.11/site-packages/reportlab-4.2.0.dist-info
ADD INFO /Users/calum/Developer/Excelerator/env/lib/python3.11/site-packages/reportlab-4.2.0.dist-info
ADD INFO /Users/calum/Developer/Excelerator/env/lib/python3.11/site-packages/reportlab-4.2.0.dist-info
ADD INFO /Users/calum/Developer/Excelerator/env/lib/python3.11/site-packages/reportlab-4.2.0.dist-info
ADD INFO /Users/calum/Developer/Excelerator/env/lib/python3.11/site-packages/reportlab-4.2.0.dist-info
ADD INFO /Users/calum/Developer/Excelerator/env/lib/python3.11/site-packages/reportlab-4.2.0.dist-info
ADD INFO /Users/calum/Developer/Excelerator/env/lib/python3.11/site-packages/reportlab-4.2.0.dist-info
ADD INFO /Users/calum/Developer/Excelerator/env/lib/python3.11/site-packages/reportlab-4.2.0.dist-info
ADD INFO /Users/calum/Developer/Excelerator/env/lib/python3.11/site-packages/reportlab-4.2.0.dist-info
ADD INFO /Users/calum/Developer/Excelerator/env/lib/python3.11/site-packages/reportlab-4.2.0.dist-info
ADD INFO /Users/calum/Developer/Excelerator/env/lib/python3.11/site-packages/reportlab-4.2.0.dist-info
ADD INFO /Users/calum/Developer/Excelerator/env/lib/python3.11/site-packages/reportlab-4.2.0.dist-info
ADD INFO /Users/calum/Developer/Excelerator/env/lib/python3.11/site-packages/reportlab-4.2.0.dist-info
ADD INFO /Users/calum/Developer/Excelerator/env/lib/python3.11/site-packages/reportlab-4.2.0.dist-info
ADD INFO /Users/calum/Developer/Excelerator/env/lib/python3.11/site-packages/reportlab-4.2.0.dist-info
ADD INFO /Users/calum/Developer/Excelerator/env/lib/python3.11/site-packages/reportlab-4.2.0.dist-info
ADD INFO /Users/calum/Developer/Excelerator/env/lib/python3.11/site-packages/reportlab-4.2.0.dist-info
ADD INFO /Users/calum/Developer/Excelerator/env/lib/python3.11/site-packages/reportlab-4.2.0.dist-info
ADD INFO /Users/calum/Developer/Excelerator/env/lib/python3.11/site-packages/reportlab-4.2.0.dist-info
ADD INFO /Users/calum/Developer/Excelerator/env/lib/python3.11/site-packages/reportlab-4.2.0.dist-info
ADD INFO /Users/calum/Developer/Excelerator/env/lib/python3.11/site-packages/reportlab-4.2.0.dist-info
ADD INFO /Users/calum/Developer/Excelerator/env/lib/python3.11/site-packages/reportlab-4.2.0.dist-info
ADD INFO /Users/calum/Developer/Excelerator/env/lib/python3.11/site-packages/reportlab-4.2.0.dist-info
ADD INFO /Users/calum/Developer/Excelerator/env/lib/python3.11/site-packages/reportlab-4.2.0.dist-info
ADD INFO /Users/calum/Developer/Excelerator/env/lib/python3.11/site-packages/reportlab-4.2.0.dist-info
ADD INFO /Users/calum/Developer/Excelerator/env/lib/python3.11/site-packages/reportlab-4.2.0.dist-info
ADD INFO /Users/calum/Developer/Excelerator/env/lib/python3.11/site-packages/reportlab-4.2.0.dist-info
ADD INFO /Users/calum/Developer/Excelerator/env/lib/python3.11/site-packages/reportlab-4.2.0.dist-info
ADD INFO /Users/calum/Developer/Excelerator/env/lib/python3.11/site-packages/reportlab-4.2.0.dist-info
ADD INFO /Users/calum/Developer/Excelerator/env/lib/python3.11/site-packages/reportlab-4.2.0.dist-info
ADD INFO /Users/calum/Developer/Excelerator/env/lib/python3.11/site-packages/reportlab-4.2.0.dist-info
ADD INFO /Users/calum/Developer/Excelerator/env/lib/python3.11/site-packages/reportlab-4.2.0.dist-info
ADD INFO /Users/calum/Developer/Excelerator/env/lib/python3.11/site-packages/reportlab-4.2.0.dist-info
ADD INFO /Users/calum/Developer/Excelerator/env/lib/python3.11/site-packages/reportlab-4.2.0.dist-info
ADD INFO /Users/calum/Developer/Excelerator/env/lib/python3.11/site-packages/reportlab-4.2.0.dist-info
ADD INFO /Users/calum/Developer/Excelerator/env/lib/python3.11/site-packages/reportlab-4.2.0.dist-info
ADD INFO /Users/calum/Developer/Excelerator/env/lib/python3.11/site-packages/reportlab-4.2.0.dist-info
ADD INFO /Users/calum/Developer/Excelerator/env/lib/python3.11/site-packages/reportlab-4.2.0.dist-info
ADD INFO /Users/calum/Developer/Excelerator/env/lib/python3.11/site-packages/reportlab-4.2.0.dist-info
ADD INFO /Users/calum/Developer/Excelerator/env/lib/python3.11/site-packages/reportlab-4.2.0.dist-info
ADD INFO /Users/calum/Developer/Excelerator/env/lib/python3.11/site-packages/reportlab-4.2.0.dist-info
ADD INFO /Users/calum/Developer/Excelerator/env/lib/python3.11/site-packages/reportlab-4.2.0.dist-info
ADD INFO /Users/calum/Developer/Excelerator/env/lib/python3.11/site-packages/reportlab-4.2.0.dist-info
ADD INFO /Users/calum/Developer/Excelerator/env/lib/python3.11/site-packages/reportlab-4.2.0.dist-info
ADD INFO /Users/calum/Developer/Excelerator/env/lib/python3.11/site-packages/reportlab-4.2.0.dist-info
ADD INFO /Users/calum/Developer/Excelerator/env/lib/python3.11/site-packages/reportlab-4.2.0.dist-info
ADD INFO /Users/calum/Developer/Excelerator/env/lib/python3.11/site-packages/reportlab-4.2.0.dist-info
ADD INFO /Users/calum/Developer/Excelerator/env/lib/python3.11/site-packages/reportlab-4.2.0.dist-info
ADD INFO /Users/calum/Developer/Excelerator/env/lib/python3.11/site-packages/reportlab-4.2.0.dist-info
ADD INFO /Users/calum/Developer/Excelerator/env/lib/python3.11/site-packages/reportlab-4.2.0.dist-info
ADD INFO /Users/calum/Developer/Excelerator/env/lib/python3.11/site-packages/reportlab-4.2.0.dist-info
ADD INFO /Users/calum/Developer/Excelerator/env/lib/python3.11/site-packages/reportlab-4.2.0.dist-info
ADD INFO /Users/calum/Developer/Excelerator/env/lib/python3.11/site-packages/reportlab-4.2.0.dist-info
ADD INFO /Users/calum/Developer/Excelerator/env/lib/python3.11/site-packages/reportlab-4.2.0.dist-info
ADD INFO /Users/calum/Developer/Excelerator/env/lib/python3.11/site-packages/reportlab-4.2.0.dist-info
ADD INFO /Users/calum/Developer/Excelerator/env/lib/python3.11/site-packages/reportlab-4.2.0.dist-info
ADD INFO /Users/calum/Developer/Excelerator/env/lib/python3.11/site-packages/reportlab-4.2.0.dist-info
ADD INFO /Users/calum/Developer/Excelerator/env/lib/python3.11/site-packages/reportlab-4.2.0.dist-info
ADD INFO /Users/calum/Developer/Excelerator/env/lib/python3.11/site-packages/reportlab-4.2.0.dist-info
ADD INFO /Users/calum/Developer/Excelerator/env/lib/python3.11/site-packages/reportlab-4.2.0.dist-info
ADD INFO /Users/calum/Developer/Excelerator/env/lib/python3.11/site-packages/reportlab-4.2.0.dist-info
ADD INFO /Users/calum/Developer/Excelerator/env/lib/python3.11/site-packages/reportlab-4.2.0.dist-info
ADD INFO /Users/calum/Developer/Excelerator/env/lib/python3.11/site-packages/reportlab-4.2.0.dist-info
ADD INFO /Users/calum/Developer/Excelerator/env/lib/python3.11/site-packages/reportlab-4.2.0.dist-info
ADD INFO /Users/calum/Developer/Excelerator/env/lib/python3.11/site-packages/reportlab-4.2.0.dist-info
ADD INFO /Users/calum/Developer/Excelerator/env/lib/python3.11/site-packages/reportlab-4.2.0.dist-info
ADD INFO /Users/calum/Developer/Excelerator/env/lib/python3.11/site-packages/reportlab-4.2.0.dist-info
ADD INFO /Users/calum/Developer/Excelerator/env/lib/python3.11/site-packages/reportlab-4.2.0.dist-info
ADD INFO /Users/calum/Developer/Excelerator/env/lib/python3.11/site-packages/reportlab-4.2.0.dist-info
ADD INFO /Users/calum/Developer/Excelerator/env/lib/python3.11/site-packages/reportlab-4.2.0.dist-info
ADD INFO /Users/calum/Developer/Excelerator/env/lib/python3.11/site-packages/reportlab-4.2.0.dist-info
ADD INFO /Users/calum/Developer/Excelerator/env/lib/python3.11/site-packages/reportlab-4.2.0.dist-info
ADD INFO /Users/calum/Developer/Excelerator/env/lib/python3.11/site-packages/reportlab-4.2.0.dist-info
ADD INFO /Users/calum/Developer/Excelerator/env/lib/python3.11/site-packages/reportlab-4.2.0.dist-info
ADD INFO /Users/calum/Developer/Excelerator/env/lib/python3.11/site-packages/reportlab-4.2.0.dist-info
ADD INFO /Users/calum/Developer/Excelerator/env/lib/python3.11/site-packages/reportlab-4.2.0.dist-info
ADD INFO /Users/calum/Developer/Excelerator/env/lib/python3.11/site-packages/reportlab-4.2.0.dist-info
ADD INFO /Users/calum/Developer/Excelerator/env/lib/python3.11/site-packages/reportlab-4.2.0.dist-info
ADD INFO /Users/calum/Developer/Excelerator/env/lib/python3.11/site-packages/reportlab-4.2.0.dist-info
ADD INFO /Users/calum/Developer/Excelerator/env/lib/python3.11/site-packages/reportlab-4.2.0.dist-info
ADD INFO /Users/calum/Developer/Excelerator/env/lib/python3.11/site-packages/reportlab-4.2.0.dist-info
ADD INFO /Users/calum/Developer/Excelerator/env/lib/python3.11/site-packages/reportlab-4.2.0.dist-info
ADD INFO /Users/calum/Developer/Excelerator/env/lib/python3.11/site-packages/reportlab-4.2.0.dist-info
ADD INFO /Users/calum/Developer/Excelerator/env/lib/python3.11/site-packages/reportlab-4.2.0.dist-info
ADD INFO /Users/calum/Developer/Excelerator/env/lib/python3.11/site-packages/reportlab-4.2.0.dist-info
ADD INFO /Users/calum/Developer/Excelerator/env/lib/python3.11/site-packages/reportlab-4.2.0.dist-info
ADD INFO /Users/calum/Developer/Excelerator/env/lib/python3.11/site-packages/reportlab-4.2.0.dist-info
ADD INFO /Users/calum/Developer/Excelerator/env/lib/python3.11/site-packages/reportlab-4.2.0.dist-info
ADD INFO /Users/calum/Developer/Excelerator/env/lib/python3.11/site-packages/reportlab-4.2.0.dist-info
ADD INFO /Users/calum/Developer/Excelerator/env/lib/python3.11/site-packages/reportlab-4.2.0.dist-info
ADD INFO /Users/calum/Developer/Excelerator/env/lib/python3.11/site-packages/reportlab-4.2.0.dist-info
ADD INFO /Users/calum/Developer/Excelerator/env/lib/python3.11/site-packages/reportlab-4.2.0.dist-info
ADD INFO /Users/calum/Developer/Excelerator/env/lib/python3.11/site-packages/reportlab-4.2.0.dist-info
ADD INFO /Users/calum/Developer/Excelerator/env/lib/python3.11/site-packages/reportlab-4.2.0.dist-info
ADD INFO /Users/calum/Developer/Excelerator/env/lib/python3.11/site-packages/reportlab-4.2.0.dist-info
ADD INFO /Users/calum/Developer/Excelerator/env/lib/python3.11/site-packages/reportlab-4.2.0.dist-info
ADD INFO /Users/calum/Developer/Excelerator/env/lib/python3.11/site-packages/reportlab-4.2.0.dist-info
ADD INFO /Users/calum/Developer/Excelerator/env/lib/python3.11/site-packages/reportlab-4.2.0.dist-info
ADD INFO /Users/calum/Developer/Excelerator/env/lib/python3.11/site-packages/reportlab-4.2.0.dist-info
ADD INFO /Users/calum/Developer/Excelerator/env/lib/python3.11/site-packages/reportlab-4.2.0.dist-info
ADD INFO /Users/calum/Developer/Excelerator/env/lib/python3.11/site-packages/reportlab-4.2.0.dist-info
ADD INFO /Users/calum/Developer/Excelerator/env/lib/python3.11/site-packages/reportlab-4.2.0.dist-info
ADD INFO /Users/calum/Developer/Excelerator/env/lib/python3.11/site-packages/reportlab-4.2.0.dist-info
ADD INFO /Users/calum/Developer/Excelerator/env/lib/python3.11/site-packages/reportlab-4.2.0.dist-info
ADD INFO /Users/calum/Developer/Excelerator/env/lib/python3.11/site-packages/reportlab-4.2.0.dist-info
ADD INFO /Users/calum/Developer/Excelerator/env/lib/python3.11/site-packages/reportlab-4.2.0.dist-info
ADD INFO /Users/calum/Developer/Excelerator/env/lib/python3.11/site-packages/reportlab-4.2.0.dist-info
ADD INFO /Users/calum/Developer/Excelerator/env/lib/python3.11/site-packages/reportlab-4.2.0.dist-info
ADD INFO /Users/calum/Developer/Excelerator/env/lib/python3.11/site-packages/reportlab-4.2.0.dist-info
ADD INFO /Users/calum/Developer/Excelerator/env/lib/python3.11/site-packages/reportlab-4.2.0.dist-info
ADD INFO /Users/calum/Developer/Excelerator/env/lib/python3.11/site-packages/reportlab-4.2.0.dist-info
ADD INFO /Users/calum/Developer/Excelerator/env/lib/python3.11/site-packages/reportlab-4.2.0.dist-info
ADD INFO /Users/calum/Developer/Excelerator/env/lib/python3.11/site-packages/reportlab-4.2.0.dist-info
ADD INFO /Users/calum/Developer/Excelerator/env/lib/python3.11/site-packages/reportlab-4.2.0.dist-info
ADD INFO /Users/calum/Developer/Excelerator/env/lib/python3.11/site-packages/reportlab-4.2.0.dist-info
ADD INFO /Users/calum/Developer/Excelerator/env/lib/python3.11/site-packages/reportlab-4.2.0.dist-info
ADD INFO /Users/calum/Developer/Excelerator/env/lib/python3.11/site-packages/reportlab-4.2.0.dist-info
ADD INFO /Users/calum/Developer/Excelerator/env/lib/python3.11/site-packages/reportlab-4.2.0.dist-info
ADD INFO /Users/calum/Developer/Excelerator/env/lib/python3.11/site-packages/reportlab-4.2.0.dist-info
ADD INFO /Users/calum/Developer/Excelerator/env/lib/python3.11/site-packages/reportlab-4.2.0.dist-info
ADD INFO /Users/calum/Developer/Excelerator/env/lib/python3.11/site-packages/reportlab-4.2.0.dist-info
ADD INFO /Users/calum/Developer/Excelerator/env/lib/python3.11/site-packages/reportlab-4.2.0.dist-info
ADD INFO /Users/calum/Developer/Excelerator/env/lib/python3.11/site-packages/reportlab-4.2.0.dist-info
ADD INFO /Users/calum/Developer/Excelerator/env/lib/python3.11/site-packages/reportlab-4.2.0.dist-info
ADD INFO /Users/calum/Developer/Excelerator/env/lib/python3.11/site-packages/reportlab-4.2.0.dist-info
ADD INFO /Users/calum/Developer/Excelerator/env/lib/python3.11/site-packages/reportlab-4.2.0.dist-info
ADD INFO /Users/calum/Developer/Excelerator/env/lib/python3.11/site-packages/reportlab-4.2.0.dist-info
ADD INFO /Users/calum/Developer/Excelerator/env/lib/python3.11/site-packages/reportlab-4.2.0.dist-info
ADD INFO /Users/calum/Developer/Excelerator/env/lib/python3.11/site-packages/reportlab-4.2.0.dist-info
ADD INFO /Users/calum/Developer/Excelerator/env/lib/python3.11/site-packages/reportlab-4.2.0.dist-info
ADD INFO /Users/calum/Developer/Excelerator/env/lib/python3.11/site-packages/reportlab-4.2.0.dist-info
ADD INFO /Users/calum/Developer/Excelerator/env/lib/python3.11/site-packages/reportlab-4.2.0.dist-info
ADD INFO /Users/calum/Developer/Excelerator/env/lib/python3.11/site-packages/reportlab-4.2.0.dist-info
ADD INFO /Users/calum/Developer/Excelerator/env/lib/python3.11/site-packages/reportlab-4.2.0.dist-info
ADD INFO /Users/calum/Developer/Excelerator/env/lib/python3.11/site-packages/reportlab-4.2.0.dist-info
ADD INFO /Users/calum/Developer/Excelerator/env/lib/python3.11/site-packages/reportlab-4.2.0.dist-info
ADD INFO /Users/calum/Developer/Excelerator/env/lib/python3.11/site-packages/reportlab-4.2.0.dist-info
ADD INFO /Users/calum/Developer/Excelerator/env/lib/python3.11/site-packages/reportlab-4.2.0.dist-info
ADD INFO /Users/calum/Developer/Excelerator/env/lib/python3.11/site-packages/reportlab-4.2.0.dist-info
ADD INFO /Users/calum/Developer/Excelerator/env/lib/python3.11/site-packages/reportlab-4.2.0.dist-info
ADD INFO /Users/calum/Developer/Excelerator/env/lib/python3.11/site-packages/reportlab-4.2.0.dist-info
ADD INFO /Users/calum/Developer/Excelerator/env/lib/python3.11/site-packages/reportlab-4.2.0.dist-info
ADD INFO /Users/calum/Developer/Excelerator/env/lib/python3.11/site-packages/reportlab-4.2.0.dist-info
ADD INFO /Users/calum/Developer/Excelerator/env/lib/python3.11/site-packages/reportlab-4.2.0.dist-info
ADD INFO /Users/calum/Developer/Excelerator/env/lib/python3.11/site-packages/reportlab-4.2.0.dist-info
ADD INFO /Users/calum/Developer/Excelerator/env/lib/python3.11/site-packages/reportlab-4.2.0.dist-info
ADD INFO /Users/calum/Developer/Excelerator/env/lib/python3.11/site-packages/reportlab-4.2.0.dist-info
ADD INFO /Users/calum/Developer/Excelerator/env/lib/python3.11/site-packages/reportlab-4.2.0.dist-info
ADD INFO /Users/calum/Developer/Excelerator/env/lib/python3.11/site-packages/reportlab-4.2.0.dist-info
ADD INFO /Users/calum/Developer/Excelerator/env/lib/python3.11/site-packages/reportlab-4.2.0.dist-info
ADD INFO /Users/calum/Developer/Excelerator/env/lib/python3.11/site-packages/reportlab-4.2.0.dist-info
ADD INFO /Users/calum/Developer/Excelerator/env/lib/python3.11/site-packages/reportlab-4.2.0.dist-info
ADD INFO /Users/calum/Developer/Excelerator/env/lib/python3.11/site-packages/reportlab-4.2.0.dist-info
ADD INFO /Users/calum/Developer/Excelerator/env/lib/python3.11/site-packages/reportlab-4.2.0.dist-info
ADD INFO /Users/calum/Developer/Excelerator/env/lib/python3.11/site-packages/reportlab-4.2.0.dist-info
ADD INFO /Users/calum/Developer/Excelerator/env/lib/python3.11/site-packages/reportlab-4.2.0.dist-info
ADD INFO /Users/calum/Developer/Excelerator/env/lib/python3.11/site-packages/reportlab-4.2.0.dist-info
ADD INFO /Users/calum/Developer/Excelerator/env/lib/python3.11/site-packages/requests-2.32.2.dist-info
ADD INFO /Users/calum/Developer/Excelerator/env/lib/python3.11/site-packages/requests-2.32.2.dist-info
ADD INFO /Users/calum/Developer/Excelerator/env/lib/python3.11/site-packages/requests-2.32.2.dist-info
ADD INFO /Users/calum/Developer/Excelerator/env/lib/python3.11/site-packages/requests-2.32.2.dist-info
ADD INFO /Users/calum/Developer/Excelerator/env/lib/python3.11/site-packages/requests-2.32.2.dist-info
ADD INFO /Users/calum/Developer/Excelerator/env/lib/python3.11/site-packages/requests-2.32.2.dist-info
ADD INFO /Users/calum/Developer/Excelerator/env/lib/python3.11/site-packages/requests-2.32.2.dist-info
ADD INFO /Users/calum/Developer/Excelerator/env/lib/python3.11/site-packages/requests-2.32.2.dist-info
ADD INFO /Users/calum/Developer/Excelerator/env/lib/python3.11/site-packages/requests-2.32.2.dist-info
ADD INFO /Users/calum/Developer/Excelerator/env/lib/python3.11/site-packages/requests-2.32.2.dist-info
ADD INFO /Users/calum/Developer/Excelerator/env/lib/python3.11/site-packages/requests-2.32.2.dist-info
ADD INFO /Users/calum/Developer/Excelerator/env/lib/python3.11/site-packages/requests-2.32.2.dist-info
ADD INFO /Users/calum/Developer/Excelerator/env/lib/python3.11/site-packages/requests-2.32.2.dist-info
ADD INFO /Users/calum/Developer/Excelerator/env/lib/python3.11/site-packages/requests-2.32.2.dist-info
ADD INFO /Users/calum/Developer/Excelerator/env/lib/python3.11/site-packages/requests-2.32.2.dist-info
ADD INFO /Users/calum/Developer/Excelerator/env/lib/python3.11/site-packages/requests-2.32.2.dist-info
ADD INFO /Users/calum/Developer/Excelerator/env/lib/python3.11/site-packages/requests-2.32.2.dist-info
ADD INFO /Users/calum/Developer/Excelerator/env/lib/python3.11/site-packages/setuptools-65.5.0.dist-info
ADD INFO /Users/calum/Developer/Excelerator/env/lib/python3.11/site-packages/setuptools-65.5.0.dist-info
ADD INFO /Users/calum/Developer/Excelerator/env/lib/python3.11/site-packages/setuptools-65.5.0.dist-info
ADD INFO /Users/calum/Developer/Excelerator/env/lib/python3.11/site-packages/setuptools-65.5.0.dist-info
ADD INFO /Users/calum/Developer/Excelerator/env/lib/python3.11/site-packages/setuptools-65.5.0.dist-info
ADD INFO /Users/calum/Developer/Excelerator/env/lib/python3.11/site-packages/setuptools-65.5.0.dist-info
ADD INFO /Users/calum/Developer/Excelerator/env/lib/python3.11/site-packages/setuptools-65.5.0.dist-info
ADD INFO /Users/calum/Developer/Excelerator/env/lib/python3.11/site-packages/setuptools-65.5.0.dist-info
ADD INFO /Users/calum/Developer/Excelerator/env/lib/python3.11/site-packages/setuptools-65.5.0.dist-info
ADD INFO /Users/calum/Developer/Excelerator/env/lib/python3.11/site-packages/setuptools-65.5.0.dist-info
ADD INFO /Users/calum/Developer/Excelerator/env/lib/python3.11/site-packages/setuptools-65.5.0.dist-info
ADD INFO /Users/calum/Developer/Excelerator/env/lib/python3.11/site-packages/setuptools-65.5.0.dist-info
ADD INFO /Users/calum/Developer/Excelerator/env/lib/python3.11/site-packages/setuptools-65.5.0.dist-info
ADD INFO /Users/calum/Developer/Excelerator/env/lib/python3.11/site-packages/setuptools-65.5.0.dist-info
ADD INFO /Users/calum/Developer/Excelerator/env/lib/python3.11/site-packages/setuptools-65.5.0.dist-info
ADD INFO /Users/calum/Developer/Excelerator/env/lib/python3.11/site-packages/setuptools-65.5.0.dist-info
ADD INFO /Users/calum/Developer/Excelerator/env/lib/python3.11/site-packages/setuptools-65.5.0.dist-info
ADD INFO /Users/calum/Developer/Excelerator/env/lib/python3.11/site-packages/setuptools-65.5.0.dist-info
ADD INFO /Users/calum/Developer/Excelerator/env/lib/python3.11/site-packages/setuptools-65.5.0.dist-info
ADD INFO /Users/calum/Developer/Excelerator/env/lib/python3.11/site-packages/setuptools-65.5.0.dist-info
ADD INFO /Users/calum/Developer/Excelerator/env/lib/python3.11/site-packages/setuptools-65.5.0.dist-info
ADD INFO /Users/calum/Developer/Excelerator/env/lib/python3.11/site-packages/setuptools-65.5.0.dist-info
ADD INFO /Users/calum/Developer/Excelerator/env/lib/python3.11/site-packages/setuptools-65.5.0.dist-info
ADD INFO /Users/calum/Developer/Excelerator/env/lib/python3.11/site-packages/setuptools-65.5.0.dist-info
ADD INFO /Users/calum/Developer/Excelerator/env/lib/python3.11/site-packages/setuptools-65.5.0.dist-info
ADD INFO /Users/calum/Developer/Excelerator/env/lib/python3.11/site-packages/setuptools-65.5.0.dist-info
ADD INFO /Users/calum/Developer/Excelerator/env/lib/python3.11/site-packages/setuptools-65.5.0.dist-info
ADD INFO /Users/calum/Developer/Excelerator/env/lib/python3.11/site-packages/setuptools-65.5.0.dist-info
ADD INFO /Users/calum/Developer/Excelerator/env/lib/python3.11/site-packages/setuptools-65.5.0.dist-info
ADD INFO /Users/calum/Developer/Excelerator/env/lib/python3.11/site-packages/setuptools-65.5.0.dist-info
ADD INFO /Users/calum/Developer/Excelerator/env/lib/python3.11/site-packages/setuptools-65.5.0.dist-info
ADD INFO /Users/calum/Developer/Excelerator/env/lib/python3.11/site-packages/setuptools-65.5.0.dist-info
ADD INFO /Users/calum/Developer/Excelerator/env/lib/python3.11/site-packages/setuptools-65.5.0.dist-info
ADD INFO /Users/calum/Developer/Excelerator/env/lib/python3.11/site-packages/setuptools-65.5.0.dist-info
ADD INFO /Users/calum/Developer/Excelerator/env/lib/python3.11/site-packages/setuptools-65.5.0.dist-info
ADD INFO /Users/calum/Developer/Excelerator/env/lib/python3.11/site-packages/setuptools-65.5.0.dist-info
ADD INFO /Users/calum/Developer/Excelerator/env/lib/python3.11/site-packages/setuptools-65.5.0.dist-info
ADD INFO /Users/calum/Developer/Excelerator/env/lib/python3.11/site-packages/setuptools-65.5.0.dist-info
ADD INFO /Users/calum/Developer/Excelerator/env/lib/python3.11/site-packages/setuptools-65.5.0.dist-info
ADD INFO /Users/calum/Developer/Excelerator/env/lib/python3.11/site-packages/setuptools-65.5.0.dist-info
ADD INFO /Users/calum/Developer/Excelerator/env/lib/python3.11/site-packages/setuptools-65.5.0.dist-info
ADD INFO /Users/calum/Developer/Excelerator/env/lib/python3.11/site-packages/setuptools-65.5.0.dist-info
ADD INFO /Users/calum/Developer/Excelerator/env/lib/python3.11/site-packages/setuptools-65.5.0.dist-info
ADD INFO /Users/calum/Developer/Excelerator/env/lib/python3.11/site-packages/setuptools-65.5.0.dist-info
ADD INFO /Users/calum/Developer/Excelerator/env/lib/python3.11/site-packages/setuptools-65.5.0.dist-info
ADD INFO /Users/calum/Developer/Excelerator/env/lib/python3.11/site-packages/setuptools-65.5.0.dist-info
ADD INFO /Users/calum/Developer/Excelerator/env/lib/python3.11/site-packages/setuptools-65.5.0.dist-info
ADD INFO /Users/calum/Developer/Excelerator/env/lib/python3.11/site-packages/setuptools-65.5.0.dist-info
ADD INFO /Users/calum/Developer/Excelerator/env/lib/python3.11/site-packages/setuptools-65.5.0.dist-info
ADD INFO /Users/calum/Developer/Excelerator/env/lib/python3.11/site-packages/setuptools-65.5.0.dist-info
ADD INFO /Users/calum/Developer/Excelerator/env/lib/python3.11/site-packages/setuptools-65.5.0.dist-info
ADD INFO /Users/calum/Developer/Excelerator/env/lib/python3.11/site-packages/setuptools-65.5.0.dist-info
ADD INFO /Users/calum/Developer/Excelerator/env/lib/python3.11/site-packages/setuptools-65.5.0.dist-info
ADD INFO /Users/calum/Developer/Excelerator/env/lib/python3.11/site-packages/setuptools-65.5.0.dist-info
ADD INFO /Users/calum/Developer/Excelerator/env/lib/python3.11/site-packages/setuptools-65.5.0.dist-info
ADD INFO /Users/calum/Developer/Excelerator/env/lib/python3.11/site-packages/setuptools-65.5.0.dist-info
ADD INFO /Users/calum/Developer/Excelerator/env/lib/python3.11/site-packages/setuptools-65.5.0.dist-info
ADD INFO /Users/calum/Developer/Excelerator/env/lib/python3.11/site-packages/setuptools-65.5.0.dist-info
ADD INFO /Users/calum/Developer/Excelerator/env/lib/python3.11/site-packages/setuptools-65.5.0.dist-info
ADD INFO /Users/calum/Developer/Excelerator/env/lib/python3.11/site-packages/setuptools-65.5.0.dist-info
ADD INFO /Users/calum/Developer/Excelerator/env/lib/python3.11/site-packages/setuptools-65.5.0.dist-info
ADD INFO /Users/calum/Developer/Excelerator/env/lib/python3.11/site-packages/setuptools-65.5.0.dist-info
ADD INFO /Users/calum/Developer/Excelerator/env/lib/python3.11/site-packages/setuptools-65.5.0.dist-info
ADD INFO /Users/calum/Developer/Excelerator/env/lib/python3.11/site-packages/six-1.16.0.dist-info
ADD INFO /Users/calum/Developer/Excelerator/env/lib/python3.11/site-packages/tkcalendar-1.6.1.dist-info
ADD INFO /Users/calum/Developer/Excelerator/env/lib/python3.11/site-packages/tkcalendar-1.6.1.dist-info
ADD INFO /Users/calum/Developer/Excelerator/env/lib/python3.11/site-packages/tkcalendar-1.6.1.dist-info
ADD INFO /Users/calum/Developer/Excelerator/env/lib/python3.11/site-packages/tkcalendar-1.6.1.dist-info
ADD INFO /Users/calum/Developer/Excelerator/env/lib/python3.11/site-packages/urllib3-2.2.1.dist-info
ADD INFO /Users/calum/Developer/Excelerator/env/lib/python3.11/site-packages/urllib3-2.2.1.dist-info
ADD INFO /Users/calum/Developer/Excelerator/env/lib/python3.11/site-packages/urllib3-2.2.1.dist-info
ADD INFO /Users/calum/Developer/Excelerator/env/lib/python3.11/site-packages/urllib3-2.2.1.dist-info
ADD INFO /Users/calum/Developer/Excelerator/env/lib/python3.11/site-packages/urllib3-2.2.1.dist-info
ADD INFO /Users/calum/Developer/Excelerator/env/lib/python3.11/site-packages/urllib3-2.2.1.dist-info
ADD INFO /Users/calum/Developer/Excelerator/env/lib/python3.11/site-packages/urllib3-2.2.1.dist-info
ADD INFO /Users/calum/Developer/Excelerator/env/lib/python3.11/site-packages/urllib3-2.2.1.dist-info
ADD INFO /Users/calum/Developer/Excelerator/env/lib/python3.11/site-packages/urllib3-2.2.1.dist-info
ADD INFO /Users/calum/Developer/Excelerator/env/lib/python3.11/site-packages/urllib3-2.2.1.dist-info
ADD INFO /Users/calum/Developer/Excelerator/env/lib/python3.11/site-packages/urllib3-2.2.1.dist-info
ADD INFO /Users/calum/Developer/Excelerator/env/lib/python3.11/site-packages/urllib3-2.2.1.dist-info
ADD INFO /Users/calum/Developer/Excelerator/env/lib/python3.11/site-packages/urllib3-2.2.1.dist-info
ADD INFO /Users/calum/Developer/Excelerator/env/lib/python3.11/site-packages/urllib3-2.2.1.dist-info
ADD INFO /Users/calum/Developer/Excelerator/env/lib/python3.11/site-packages/urllib3-2.2.1.dist-info
ADD INFO /Users/calum/Developer/Excelerator/env/lib/python3.11/site-packages/urllib3-2.2.1.dist-info
ADD INFO /Users/calum/Developer/Excelerator/env/lib/python3.11/site-packages/urllib3-2.2.1.dist-info
ADD INFO /Users/calum/Developer/Excelerator/env/lib/python3.11/site-packages/urllib3-2.2.1.dist-info
ADD INFO /Users/calum/Developer/Excelerator/env/lib/python3.11/site-packages/urllib3-2.2.1.dist-info
ADD INFO /Users/calum/Developer/Excelerator/env/lib/python3.11/site-packages/urllib3-2.2.1.dist-info
ADD INFO /Users/calum/Developer/Excelerator/env/lib/python3.11/site-packages/urllib3-2.2.1.dist-info
ADD INFO /Users/calum/Developer/Excelerator/env/lib/python3.11/site-packages/urllib3-2.2.1.dist-info
ADD INFO /Users/calum/Developer/Excelerator/env/lib/python3.11/site-packages/urllib3-2.2.1.dist-info
ADD INFO /Users/calum/Developer/Excelerator/env/lib/python3.11/site-packages/urllib3-2.2.1.dist-info
ADD INFO /Users/calum/Developer/Excelerator/env/lib/python3.11/site-packages/urllib3-2.2.1.dist-info
ADD INFO /Users/calum/Developer/Excelerator/env/lib/python3.11/site-packages/urllib3-2.2.1.dist-info
ADD INFO /Users/calum/Developer/Excelerator/env/lib/python3.11/site-packages/urllib3-2.2.1.dist-info
ADD INFO /Users/calum/Developer/Excelerator/env/lib/python3.11/site-packages/urllib3-2.2.1.dist-info
ADD INFO /Users/calum/Developer/Excelerator/env/lib/python3.11/site-packages/urllib3-2.2.1.dist-info
ADD INFO /Users/calum/Developer/Excelerator/env/lib/python3.11/site-packages/urllib3-2.2.1.dist-info
ADD INFO /Users/calum/Developer/Excelerator/env/lib/python3.11/site-packages/urllib3-2.2.1.dist-info
ADD INFO /Users/calum/Developer/Excelerator/env/lib/python3.11/site-packages/urllib3-2.2.1.dist-info
ADD INFO /Users/calum/Developer/Excelerator/env/lib/python3.11/site-packages/urllib3-2.2.1.dist-info
ADD INFO /Users/calum/Developer/Excelerator/env/lib/python3.11/site-packages/wheel-0.43.0.dist-info
ADD INFO /Users/calum/Developer/Excelerator/env/lib/python3.11/site-packages/pillow-10.3.0.dist-info
ADD INFO /Users/calum/Developer/Excelerator/env/lib/python3.11/site-packages/pillow-10.3.0.dist-info
ADD INFO /Users/calum/Developer/Excelerator/env/lib/python3.11/site-packages/pillow-10.3.0.dist-info
ADD INFO /Users/calum/Developer/Excelerator/env/lib/python3.11/site-packages/pillow-10.3.0.dist-info
ADD INFO /Users/calum/Developer/Excelerator/env/lib/python3.11/site-packages/cffi-1.16.0.dist-info
ADD INFO /Users/calum/Developer/Excelerator/env/lib/python3.11/site-packages/charset_normalizer-3.3.2.dist-info
ADD INFO /Users/calum/Developer/Excelerator/env/lib/python3.11/site-packages/cryptography-42.0.7.dist-info
ADD INFO /Users/calum/Developer/Excelerator/env/lib/python3.11/site-packages/numpy-1.26.4.dist-info
ADD INFO /Users/calum/Developer/Excelerator/env/lib/python3.11/site-packages/numpy-1.26.4.dist-info
ADD INFO /Users/calum/Developer/Excelerator/env/lib/python3.11/site-packages/numpy-1.26.4.dist-info
ADD INFO /Users/calum/Developer/Excelerator/env/lib/python3.11/site-packages/numpy-1.26.4.dist-info
ADD INFO /Users/calum/Developer/Excelerator/env/lib/python3.11/site-packages/numpy-1.26.4.dist-info
ADD INFO /Users/calum/Developer/Excelerator/env/lib/python3.11/site-packages/numpy-1.26.4.dist-info
ADD INFO /Users/calum/Developer/Excelerator/env/lib/python3.11/site-packages/numpy-1.26.4.dist-info
ADD INFO /Users/calum/Developer/Excelerator/env/lib/python3.11/site-packages/numpy-1.26.4.dist-info
ADD INFO /Users/calum/Developer/Excelerator/env/lib/python3.11/site-packages/numpy-1.26.4.dist-info
ADD INFO /Users/calum/Developer/Excelerator/env/lib/python3.11/site-packages/numpy-1.26.4.dist-info
ADD INFO /Users/calum/Developer/Excelerator/env/lib/python3.11/site-packages/numpy-1.26.4.dist-info
ADD INFO /Users/calum/Developer/Excelerator/env/lib/python3.11/site-packages/numpy-1.26.4.dist-info
ADD INFO /Users/calum/Developer/Excelerator/env/lib/python3.11/site-packages/numpy-1.26.4.dist-info
ADD INFO /Users/calum/Developer/Excelerator/env/lib/python3.11/site-packages/numpy-1.26.4.dist-info
ADD INFO /Users/calum/Developer/Excelerator/env/lib/python3.11/site-packages/numpy-1.26.4.dist-info
ADD INFO /Users/calum/Developer/Excelerator/env/lib/python3.11/site-packages/numpy-1.26.4.dist-info
ADD INFO /Users/calum/Developer/Excelerator/env/lib/python3.11/site-packages/numpy-1.26.4.dist-info
ADD INFO /Users/calum/Developer/Excelerator/env/lib/python3.11/site-packages/numpy-1.26.4.dist-info
ADD INFO /Users/calum/Developer/Excelerator/env/lib/python3.11/site-packages/numpy-1.26.4.dist-info
ADD INFO /Users/calum/Developer/Excelerator/env/lib/python3.11/site-packages/pandas-2.2.2.dist-info
ADD INFO /Users/calum/Developer/Excelerator/env/lib/python3.11/site-packages/pandas-2.2.2.dist-info
ADD INFO /Users/calum/Developer/Excelerator/env/lib/python3.11/site-packages/pandas-2.2.2.dist-info
ADD INFO /Users/calum/Developer/Excelerator/env/lib/python3.11/site-packages/pandas-2.2.2.dist-info
ADD INFO /Users/calum/Developer/Excelerator/env/lib/python3.11/site-packages/pandas-2.2.2.dist-info
ADD INFO /Users/calum/Developer/Excelerator/env/lib/python3.11/site-packages/pandas-2.2.2.dist-info
ADD INFO /Users/calum/Developer/Excelerator/env/lib/python3.11/site-packages/pandas-2.2.2.dist-info
ADD INFO /Users/calum/Developer/Excelerator/env/lib/python3.11/site-packages/pandas-2.2.2.dist-info
ADD INFO /Users/calum/Developer/Excelerator/env/lib/python3.11/site-packages/pandas-2.2.2.dist-info
ADD INFO /Users/calum/Developer/Excelerator/env/lib/python3.11/site-packages/pandas-2.2.2.dist-info
ADD INFO /Users/calum/Developer/Excelerator/env/lib/python3.11/site-packages/pandas-2.2.2.dist-info
ADD INFO /Users/calum/Developer/Excelerator/env/lib/python3.11/site-packages/pandas-2.2.2.dist-info
ADD INFO /Users/calum/Developer/Excelerator/env/lib/python3.11/site-packages/pandas-2.2.2.dist-info
ADD INFO /Users/calum/Developer/Excelerator/env/lib/python3.11/site-packages/pandas-2.2.2.dist-info
ADD INFO /Users/calum/Developer/Excelerator/env/lib/python3.11/site-packages/pandas-2.2.2.dist-info
ADD INFO /Users/calum/Developer/Excelerator/env/lib/python3.11/site-packages/pandas-2.2.2.dist-info
ADD INFO /Users/calum/Developer/Excelerator/env/lib/python3.11/site-packages/pandas-2.2.2.dist-info
ADD INFO /Users/calum/Developer/Excelerator/env/lib/python3.11/site-packages/pandas-2.2.2.dist-info
ADD INFO /Users/calum/Developer/Excelerator/env/lib/python3.11/site-packages/pandas-2.2.2.dist-info
ADD INFO /Users/calum/Developer/Excelerator/env/lib/python3.11/site-packages/pandas-2.2.2.dist-info
ADD INFO /Users/calum/Developer/Excelerator/env/lib/python3.11/site-packages/pandas-2.2.2.dist-info
ADD INFO /Users/calum/Developer/Excelerator/env/lib/python3.11/site-packages/pandas-2.2.2.dist-info
ADD INFO /Users/calum/Developer/Excelerator/env/lib/python3.11/site-packages/pandas-2.2.2.dist-info
ADD INFO /Users/calum/Developer/Excelerator/env/lib/python3.11/site-packages/pandas-2.2.2.dist-info
ADD INFO /Users/calum/Developer/Excelerator/env/lib/python3.11/site-packages/pandas-2.2.2.dist-info
ADD INFO /Users/calum/Developer/Excelerator/env/lib/python3.11/site-packages/pandas-2.2.2.dist-info
ADD INFO /Users/calum/Developer/Excelerator/env/lib/python3.11/site-packages/pandas-2.2.2.dist-info
ADD INFO /Users/calum/Developer/Excelerator/env/lib/python3.11/site-packages/pandas-2.2.2.dist-info
ADD INFO /Users/calum/Developer/Excelerator/env/lib/python3.11/site-packages/pandas-2.2.2.dist-info
ADD INFO /Users/calum/Developer/Excelerator/env/lib/python3.11/site-packages/pandas-2.2.2.dist-info
ADD INFO /Users/calum/Developer/Excelerator/env/lib/python3.11/site-packages/pandas-2.2.2.dist-info
ADD INFO /Users/calum/Developer/Excelerator/env/lib/python3.11/site-packages/pandas-2.2.2.dist-info
ADD INFO /Users/calum/Developer/Excelerator/env/lib/python3.11/site-packages/pandas-2.2.2.dist-info
ADD INFO /Users/calum/Developer/Excelerator/env/lib/python3.11/site-packages/pandas-2.2.2.dist-info
ADD INFO /Users/calum/Developer/Excelerator/env/lib/python3.11/site-packages/pandas-2.2.2.dist-info
ADD INFO /Users/calum/Developer/Excelerator/env/lib/python3.11/site-packages/pandas-2.2.2.dist-info
ADD INFO /Users/calum/Developer/Excelerator/env/lib/python3.11/site-packages/pandas-2.2.2.dist-info
ADD INFO /Users/calum/Developer/Excelerator/env/lib/python3.11/site-packages/pandas-2.2.2.dist-info
ADD INFO /Users/calum/Developer/Excelerator/env/lib/python3.11/site-packages/pandas-2.2.2.dist-info
ADD INFO /Users/calum/Developer/Excelerator/env/lib/python3.11/site-packages/pandas-2.2.2.dist-info
ADD INFO /Users/calum/Developer/Excelerator/env/lib/python3.11/site-packages/pandas-2.2.2.dist-info
ADD INFO /Users/calum/Developer/Excelerator/env/lib/python3.11/site-packages/pandas-2.2.2.dist-info
ADD INFO /Users/calum/Developer/Excelerator/env/lib/python3.11/site-packages/pandas-2.2.2.dist-info
ADD INFO /Users/calum/Developer/Excelerator/env/lib/python3.11/site-packages/pandas-2.2.2.dist-info
creating /Users/calum/Developer/Excelerator/build/bdist.macosx-14.2-arm64/python3.11-standalone/app/temp/PIL
creating python loader for extension 'PIL._imaging'
creating python loader for extension 'PIL._imagingcms'
creating python loader for extension 'PIL._imagingmath'
creating python loader for extension 'PIL._imagingtk'
creating /Users/calum/Developer/Excelerator/build/bdist.macosx-14.2-arm64/python3.11-standalone/app/temp/charset_normalizer
creating python loader for extension 'charset_normalizer.md'
creating /Users/calum/Developer/Excelerator/build/bdist.macosx-14.2-arm64/python3.11-standalone/app/temp/cryptography
creating /Users/calum/Developer/Excelerator/build/bdist.macosx-14.2-arm64/python3.11-standalone/app/temp/cryptography/hazmat
creating /Users/calum/Developer/Excelerator/build/bdist.macosx-14.2-arm64/python3.11-standalone/app/temp/cryptography/hazmat/bindings
creating python loader for extension 'cryptography.hazmat.bindings._rust'
*** byte compile python files ***
byte-compiling /Users/calum/.pyenv/versions/3.11.1/lib/python3.11/__future__.py to __future__.pyc
byte-compiling /Users/calum/.pyenv/versions/3.11.1/lib/python3.11/_aix_support.py to _aix_support.pyc
byte-compiling /Users/calum/.pyenv/versions/3.11.1/lib/python3.11/_bootsubprocess.py to _bootsubprocess.pyc
byte-compiling /Users/calum/.pyenv/versions/3.11.1/lib/python3.11/_collections_abc.py to _collections_abc.pyc
byte-compiling /Users/calum/.pyenv/versions/3.11.1/lib/python3.11/_compat_pickle.py to _compat_pickle.pyc
byte-compiling /Users/calum/.pyenv/versions/3.11.1/lib/python3.11/_compression.py to _compression.pyc
byte-compiling /Users/calum/.pyenv/versions/3.11.1/lib/python3.11/_markupbase.py to _markupbase.pyc
byte-compiling /Users/calum/.pyenv/versions/3.11.1/lib/python3.11/_osx_support.py to _osx_support.pyc
byte-compiling /Users/calum/.pyenv/versions/3.11.1/lib/python3.11/_py_abc.py to _py_abc.pyc
byte-compiling /Users/calum/.pyenv/versions/3.11.1/lib/python3.11/_pydecimal.py to _pydecimal.pyc
byte-compiling /Users/calum/.pyenv/versions/3.11.1/lib/python3.11/_sitebuiltins.py to _sitebuiltins.pyc
byte-compiling /Users/calum/.pyenv/versions/3.11.1/lib/python3.11/_strptime.py to _strptime.pyc
byte-compiling /Users/calum/.pyenv/versions/3.11.1/lib/python3.11/_sysconfigdata__darwin_darwin.py to _sysconfigdata__darwin_darwin.pyc
byte-compiling /Users/calum/.pyenv/versions/3.11.1/lib/python3.11/_threading_local.py to _threading_local.pyc
byte-compiling /Users/calum/.pyenv/versions/3.11.1/lib/python3.11/_weakrefset.py to _weakrefset.pyc
byte-compiling /Users/calum/.pyenv/versions/3.11.1/lib/python3.11/abc.py to abc.pyc
byte-compiling /Users/calum/.pyenv/versions/3.11.1/lib/python3.11/argparse.py to argparse.pyc
byte-compiling /Users/calum/.pyenv/versions/3.11.1/lib/python3.11/ast.py to ast.pyc
byte-compiling /Users/calum/.pyenv/versions/3.11.1/lib/python3.11/asyncio/__init__.py to asyncio/__init__.pyc
creating /Users/calum/Developer/Excelerator/build/bdist.macosx-14.2-arm64/python3.11-standalone/app/collect/asyncio
byte-compiling /Users/calum/.pyenv/versions/3.11.1/lib/python3.11/asyncio/base_events.py to asyncio/base_events.pyc
byte-compiling /Users/calum/.pyenv/versions/3.11.1/lib/python3.11/asyncio/base_futures.py to asyncio/base_futures.pyc
byte-compiling /Users/calum/.pyenv/versions/3.11.1/lib/python3.11/asyncio/base_subprocess.py to asyncio/base_subprocess.pyc
byte-compiling /Users/calum/.pyenv/versions/3.11.1/lib/python3.11/asyncio/base_tasks.py to asyncio/base_tasks.pyc
byte-compiling /Users/calum/.pyenv/versions/3.11.1/lib/python3.11/asyncio/constants.py to asyncio/constants.pyc
byte-compiling /Users/calum/.pyenv/versions/3.11.1/lib/python3.11/asyncio/coroutines.py to asyncio/coroutines.pyc
byte-compiling /Users/calum/.pyenv/versions/3.11.1/lib/python3.11/asyncio/events.py to asyncio/events.pyc
byte-compiling /Users/calum/.pyenv/versions/3.11.1/lib/python3.11/asyncio/exceptions.py to asyncio/exceptions.pyc
byte-compiling /Users/calum/.pyenv/versions/3.11.1/lib/python3.11/asyncio/format_helpers.py to asyncio/format_helpers.pyc
byte-compiling /Users/calum/.pyenv/versions/3.11.1/lib/python3.11/asyncio/futures.py to asyncio/futures.pyc
byte-compiling /Users/calum/.pyenv/versions/3.11.1/lib/python3.11/asyncio/locks.py to asyncio/locks.pyc
byte-compiling /Users/calum/.pyenv/versions/3.11.1/lib/python3.11/asyncio/log.py to asyncio/log.pyc
byte-compiling /Users/calum/.pyenv/versions/3.11.1/lib/python3.11/asyncio/mixins.py to asyncio/mixins.pyc
byte-compiling /Users/calum/.pyenv/versions/3.11.1/lib/python3.11/asyncio/proactor_events.py to asyncio/proactor_events.pyc
byte-compiling /Users/calum/.pyenv/versions/3.11.1/lib/python3.11/asyncio/protocols.py to asyncio/protocols.pyc
byte-compiling /Users/calum/.pyenv/versions/3.11.1/lib/python3.11/asyncio/queues.py to asyncio/queues.pyc
byte-compiling /Users/calum/.pyenv/versions/3.11.1/lib/python3.11/asyncio/runners.py to asyncio/runners.pyc
byte-compiling /Users/calum/.pyenv/versions/3.11.1/lib/python3.11/asyncio/selector_events.py to asyncio/selector_events.pyc
byte-compiling /Users/calum/.pyenv/versions/3.11.1/lib/python3.11/asyncio/sslproto.py to asyncio/sslproto.pyc
byte-compiling /Users/calum/.pyenv/versions/3.11.1/lib/python3.11/asyncio/staggered.py to asyncio/staggered.pyc
byte-compiling /Users/calum/.pyenv/versions/3.11.1/lib/python3.11/asyncio/streams.py to asyncio/streams.pyc
byte-compiling /Users/calum/.pyenv/versions/3.11.1/lib/python3.11/asyncio/subprocess.py to asyncio/subprocess.pyc
byte-compiling /Users/calum/.pyenv/versions/3.11.1/lib/python3.11/asyncio/taskgroups.py to asyncio/taskgroups.pyc
byte-compiling /Users/calum/.pyenv/versions/3.11.1/lib/python3.11/asyncio/tasks.py to asyncio/tasks.pyc
byte-compiling /Users/calum/.pyenv/versions/3.11.1/lib/python3.11/asyncio/threads.py to asyncio/threads.pyc
byte-compiling /Users/calum/.pyenv/versions/3.11.1/lib/python3.11/asyncio/timeouts.py to asyncio/timeouts.pyc
byte-compiling /Users/calum/.pyenv/versions/3.11.1/lib/python3.11/asyncio/transports.py to asyncio/transports.pyc
byte-compiling /Users/calum/.pyenv/versions/3.11.1/lib/python3.11/asyncio/trsock.py to asyncio/trsock.pyc
byte-compiling /Users/calum/.pyenv/versions/3.11.1/lib/python3.11/asyncio/unix_events.py to asyncio/unix_events.pyc
byte-compiling /Users/calum/.pyenv/versions/3.11.1/lib/python3.11/asyncio/windows_events.py to asyncio/windows_events.pyc
byte-compiling /Users/calum/.pyenv/versions/3.11.1/lib/python3.11/asyncio/windows_utils.py to asyncio/windows_utils.pyc
byte-compiling /Users/calum/.pyenv/versions/3.11.1/lib/python3.11/base64.py to base64.pyc
byte-compiling /Users/calum/.pyenv/versions/3.11.1/lib/python3.11/bdb.py to bdb.pyc
byte-compiling /Users/calum/.pyenv/versions/3.11.1/lib/python3.11/bisect.py to bisect.pyc
byte-compiling /Users/calum/.pyenv/versions/3.11.1/lib/python3.11/bz2.py to bz2.pyc
byte-compiling /Users/calum/.pyenv/versions/3.11.1/lib/python3.11/calendar.py to calendar.pyc
byte-compiling /Users/calum/.pyenv/versions/3.11.1/lib/python3.11/cgi.py to cgi.pyc
byte-compiling /Users/calum/.pyenv/versions/3.11.1/lib/python3.11/cmd.py to cmd.pyc
byte-compiling /Users/calum/.pyenv/versions/3.11.1/lib/python3.11/code.py to code.pyc
byte-compiling /Users/calum/.pyenv/versions/3.11.1/lib/python3.11/codecs.py to codecs.pyc
byte-compiling /Users/calum/.pyenv/versions/3.11.1/lib/python3.11/codeop.py to codeop.pyc
byte-compiling /Users/calum/.pyenv/versions/3.11.1/lib/python3.11/collections/__init__.py to collections/__init__.pyc
creating /Users/calum/Developer/Excelerator/build/bdist.macosx-14.2-arm64/python3.11-standalone/app/collect/collections
byte-compiling /Users/calum/.pyenv/versions/3.11.1/lib/python3.11/collections/abc.py to collections/abc.pyc
byte-compiling /Users/calum/.pyenv/versions/3.11.1/lib/python3.11/colorsys.py to colorsys.pyc
byte-compiling /Users/calum/.pyenv/versions/3.11.1/lib/python3.11/concurrent/__init__.py to concurrent/__init__.pyc
creating /Users/calum/Developer/Excelerator/build/bdist.macosx-14.2-arm64/python3.11-standalone/app/collect/concurrent
byte-compiling /Users/calum/.pyenv/versions/3.11.1/lib/python3.11/concurrent/futures/__init__.py to concurrent/futures/__init__.pyc
creating /Users/calum/Developer/Excelerator/build/bdist.macosx-14.2-arm64/python3.11-standalone/app/collect/concurrent/futures
byte-compiling /Users/calum/.pyenv/versions/3.11.1/lib/python3.11/concurrent/futures/_base.py to concurrent/futures/_base.pyc
byte-compiling /Users/calum/.pyenv/versions/3.11.1/lib/python3.11/concurrent/futures/process.py to concurrent/futures/process.pyc
byte-compiling /Users/calum/.pyenv/versions/3.11.1/lib/python3.11/concurrent/futures/thread.py to concurrent/futures/thread.pyc
byte-compiling /Users/calum/.pyenv/versions/3.11.1/lib/python3.11/configparser.py to configparser.pyc
byte-compiling /Users/calum/.pyenv/versions/3.11.1/lib/python3.11/contextlib.py to contextlib.pyc
byte-compiling /Users/calum/.pyenv/versions/3.11.1/lib/python3.11/contextvars.py to contextvars.pyc
byte-compiling /Users/calum/.pyenv/versions/3.11.1/lib/python3.11/copy.py to copy.pyc
byte-compiling /Users/calum/.pyenv/versions/3.11.1/lib/python3.11/copyreg.py to copyreg.pyc
byte-compiling /Users/calum/.pyenv/versions/3.11.1/lib/python3.11/csv.py to csv.pyc
byte-compiling /Users/calum/.pyenv/versions/3.11.1/lib/python3.11/ctypes/__init__.py to ctypes/__init__.pyc
creating /Users/calum/Developer/Excelerator/build/bdist.macosx-14.2-arm64/python3.11-standalone/app/collect/ctypes
byte-compiling /Users/calum/.pyenv/versions/3.11.1/lib/python3.11/ctypes/_aix.py to ctypes/_aix.pyc
byte-compiling /Users/calum/.pyenv/versions/3.11.1/lib/python3.11/ctypes/_endian.py to ctypes/_endian.pyc
byte-compiling /Users/calum/.pyenv/versions/3.11.1/lib/python3.11/ctypes/macholib/__init__.py to ctypes/macholib/__init__.pyc
creating /Users/calum/Developer/Excelerator/build/bdist.macosx-14.2-arm64/python3.11-standalone/app/collect/ctypes/macholib
byte-compiling /Users/calum/.pyenv/versions/3.11.1/lib/python3.11/ctypes/macholib/dyld.py to ctypes/macholib/dyld.pyc
byte-compiling /Users/calum/.pyenv/versions/3.11.1/lib/python3.11/ctypes/macholib/dylib.py to ctypes/macholib/dylib.pyc
byte-compiling /Users/calum/.pyenv/versions/3.11.1/lib/python3.11/ctypes/macholib/framework.py to ctypes/macholib/framework.pyc
byte-compiling /Users/calum/.pyenv/versions/3.11.1/lib/python3.11/ctypes/util.py to ctypes/util.pyc
byte-compiling /Users/calum/.pyenv/versions/3.11.1/lib/python3.11/ctypes/wintypes.py to ctypes/wintypes.pyc
byte-compiling /Users/calum/.pyenv/versions/3.11.1/lib/python3.11/curses/__init__.py to curses/__init__.pyc
creating /Users/calum/Developer/Excelerator/build/bdist.macosx-14.2-arm64/python3.11-standalone/app/collect/curses
byte-compiling /Users/calum/.pyenv/versions/3.11.1/lib/python3.11/curses/has_key.py to curses/has_key.pyc
byte-compiling /Users/calum/.pyenv/versions/3.11.1/lib/python3.11/dataclasses.py to dataclasses.pyc
byte-compiling /Users/calum/.pyenv/versions/3.11.1/lib/python3.11/datetime.py to datetime.pyc
byte-compiling /Users/calum/.pyenv/versions/3.11.1/lib/python3.11/dbm/__init__.py to dbm/__init__.pyc
creating /Users/calum/Developer/Excelerator/build/bdist.macosx-14.2-arm64/python3.11-standalone/app/collect/dbm
byte-compiling /Users/calum/.pyenv/versions/3.11.1/lib/python3.11/dbm/gnu.py to dbm/gnu.pyc
byte-compiling /Users/calum/.pyenv/versions/3.11.1/lib/python3.11/dbm/ndbm.py to dbm/ndbm.pyc
byte-compiling /Users/calum/.pyenv/versions/3.11.1/lib/python3.11/decimal.py to decimal.pyc
byte-compiling /Users/calum/.pyenv/versions/3.11.1/lib/python3.11/difflib.py to difflib.pyc
byte-compiling /Users/calum/.pyenv/versions/3.11.1/lib/python3.11/dis.py to dis.pyc
byte-compiling /Users/calum/.pyenv/versions/3.11.1/lib/python3.11/distutils/__init__.py to distutils/__init__.pyc
creating /Users/calum/Developer/Excelerator/build/bdist.macosx-14.2-arm64/python3.11-standalone/app/collect/distutils
byte-compiling /Users/calum/.pyenv/versions/3.11.1/lib/python3.11/distutils/_msvccompiler.py to distutils/_msvccompiler.pyc
byte-compiling /Users/calum/.pyenv/versions/3.11.1/lib/python3.11/distutils/archive_util.py to distutils/archive_util.pyc
byte-compiling /Users/calum/.pyenv/versions/3.11.1/lib/python3.11/distutils/ccompiler.py to distutils/ccompiler.pyc
byte-compiling /Users/calum/.pyenv/versions/3.11.1/lib/python3.11/distutils/cmd.py to distutils/cmd.pyc
byte-compiling /Users/calum/.pyenv/versions/3.11.1/lib/python3.11/distutils/command/__init__.py to distutils/command/__init__.pyc
creating /Users/calum/Developer/Excelerator/build/bdist.macosx-14.2-arm64/python3.11-standalone/app/collect/distutils/command
byte-compiling /Users/calum/.pyenv/versions/3.11.1/lib/python3.11/distutils/command/bdist.py to distutils/command/bdist.pyc
byte-compiling /Users/calum/.pyenv/versions/3.11.1/lib/python3.11/distutils/command/bdist_rpm.py to distutils/command/bdist_rpm.pyc
byte-compiling /Users/calum/.pyenv/versions/3.11.1/lib/python3.11/distutils/command/build.py to distutils/command/build.pyc
byte-compiling /Users/calum/.pyenv/versions/3.11.1/lib/python3.11/distutils/command/build_clib.py to distutils/command/build_clib.pyc
byte-compiling /Users/calum/.pyenv/versions/3.11.1/lib/python3.11/distutils/command/build_ext.py to distutils/command/build_ext.pyc
byte-compiling /Users/calum/.pyenv/versions/3.11.1/lib/python3.11/distutils/command/build_py.py to distutils/command/build_py.pyc
byte-compiling /Users/calum/.pyenv/versions/3.11.1/lib/python3.11/distutils/command/build_scripts.py to distutils/command/build_scripts.pyc
byte-compiling /Users/calum/.pyenv/versions/3.11.1/lib/python3.11/distutils/command/config.py to distutils/command/config.pyc
byte-compiling /Users/calum/.pyenv/versions/3.11.1/lib/python3.11/distutils/command/install.py to distutils/command/install.pyc
byte-compiling /Users/calum/.pyenv/versions/3.11.1/lib/python3.11/distutils/command/install_data.py to distutils/command/install_data.pyc
byte-compiling /Users/calum/.pyenv/versions/3.11.1/lib/python3.11/distutils/command/install_headers.py to distutils/command/install_headers.pyc
byte-compiling /Users/calum/.pyenv/versions/3.11.1/lib/python3.11/distutils/command/sdist.py to distutils/command/sdist.pyc
byte-compiling /Users/calum/.pyenv/versions/3.11.1/lib/python3.11/distutils/config.py to distutils/config.pyc
byte-compiling /Users/calum/.pyenv/versions/3.11.1/lib/python3.11/distutils/core.py to distutils/core.pyc
byte-compiling /Users/calum/.pyenv/versions/3.11.1/lib/python3.11/distutils/cygwinccompiler.py to distutils/cygwinccompiler.pyc
byte-compiling /Users/calum/.pyenv/versions/3.11.1/lib/python3.11/distutils/debug.py to distutils/debug.pyc
byte-compiling /Users/calum/.pyenv/versions/3.11.1/lib/python3.11/distutils/dep_util.py to distutils/dep_util.pyc
byte-compiling /Users/calum/.pyenv/versions/3.11.1/lib/python3.11/distutils/dir_util.py to distutils/dir_util.pyc
byte-compiling /Users/calum/.pyenv/versions/3.11.1/lib/python3.11/distutils/dist.py to distutils/dist.pyc
byte-compiling /Users/calum/.pyenv/versions/3.11.1/lib/python3.11/distutils/errors.py to distutils/errors.pyc
byte-compiling /Users/calum/.pyenv/versions/3.11.1/lib/python3.11/distutils/extension.py to distutils/extension.pyc
byte-compiling /Users/calum/.pyenv/versions/3.11.1/lib/python3.11/distutils/fancy_getopt.py to distutils/fancy_getopt.pyc
byte-compiling /Users/calum/.pyenv/versions/3.11.1/lib/python3.11/distutils/file_util.py to distutils/file_util.pyc
byte-compiling /Users/calum/.pyenv/versions/3.11.1/lib/python3.11/distutils/filelist.py to distutils/filelist.pyc
byte-compiling /Users/calum/.pyenv/versions/3.11.1/lib/python3.11/distutils/log.py to distutils/log.pyc
byte-compiling /Users/calum/.pyenv/versions/3.11.1/lib/python3.11/distutils/msvc9compiler.py to distutils/msvc9compiler.pyc
byte-compiling /Users/calum/.pyenv/versions/3.11.1/lib/python3.11/distutils/msvccompiler.py to distutils/msvccompiler.pyc
byte-compiling /Users/calum/.pyenv/versions/3.11.1/lib/python3.11/distutils/spawn.py to distutils/spawn.pyc
byte-compiling /Users/calum/.pyenv/versions/3.11.1/lib/python3.11/distutils/sysconfig.py to distutils/sysconfig.pyc
byte-compiling /Users/calum/.pyenv/versions/3.11.1/lib/python3.11/distutils/text_file.py to distutils/text_file.pyc
byte-compiling /Users/calum/.pyenv/versions/3.11.1/lib/python3.11/distutils/unixccompiler.py to distutils/unixccompiler.pyc
byte-compiling /Users/calum/.pyenv/versions/3.11.1/lib/python3.11/distutils/util.py to distutils/util.pyc
byte-compiling /Users/calum/.pyenv/versions/3.11.1/lib/python3.11/distutils/version.py to distutils/version.pyc
byte-compiling /Users/calum/.pyenv/versions/3.11.1/lib/python3.11/distutils/versionpredicate.py to distutils/versionpredicate.pyc
byte-compiling /Users/calum/.pyenv/versions/3.11.1/lib/python3.11/doctest.py to doctest.pyc
byte-compiling /Users/calum/.pyenv/versions/3.11.1/lib/python3.11/email/__init__.py to email/__init__.pyc
creating /Users/calum/Developer/Excelerator/build/bdist.macosx-14.2-arm64/python3.11-standalone/app/collect/email
byte-compiling /Users/calum/.pyenv/versions/3.11.1/lib/python3.11/email/_encoded_words.py to email/_encoded_words.pyc
byte-compiling /Users/calum/.pyenv/versions/3.11.1/lib/python3.11/email/_header_value_parser.py to email/_header_value_parser.pyc
byte-compiling /Users/calum/.pyenv/versions/3.11.1/lib/python3.11/email/_parseaddr.py to email/_parseaddr.pyc
byte-compiling /Users/calum/.pyenv/versions/3.11.1/lib/python3.11/email/_policybase.py to email/_policybase.pyc
byte-compiling /Users/calum/.pyenv/versions/3.11.1/lib/python3.11/email/base64mime.py to email/base64mime.pyc
byte-compiling /Users/calum/.pyenv/versions/3.11.1/lib/python3.11/email/charset.py to email/charset.pyc
byte-compiling /Users/calum/.pyenv/versions/3.11.1/lib/python3.11/email/contentmanager.py to email/contentmanager.pyc
byte-compiling /Users/calum/.pyenv/versions/3.11.1/lib/python3.11/email/encoders.py to email/encoders.pyc
byte-compiling /Users/calum/.pyenv/versions/3.11.1/lib/python3.11/email/errors.py to email/errors.pyc
byte-compiling /Users/calum/.pyenv/versions/3.11.1/lib/python3.11/email/feedparser.py to email/feedparser.pyc
byte-compiling /Users/calum/.pyenv/versions/3.11.1/lib/python3.11/email/generator.py to email/generator.pyc
byte-compiling /Users/calum/.pyenv/versions/3.11.1/lib/python3.11/email/header.py to email/header.pyc
byte-compiling /Users/calum/.pyenv/versions/3.11.1/lib/python3.11/email/headerregistry.py to email/headerregistry.pyc
byte-compiling /Users/calum/.pyenv/versions/3.11.1/lib/python3.11/email/iterators.py to email/iterators.pyc
byte-compiling /Users/calum/.pyenv/versions/3.11.1/lib/python3.11/email/message.py to email/message.pyc
byte-compiling /Users/calum/.pyenv/versions/3.11.1/lib/python3.11/email/mime/__init__.py to email/mime/__init__.pyc
creating /Users/calum/Developer/Excelerator/build/bdist.macosx-14.2-arm64/python3.11-standalone/app/collect/email/mime
byte-compiling /Users/calum/.pyenv/versions/3.11.1/lib/python3.11/email/mime/base.py to email/mime/base.pyc
byte-compiling /Users/calum/.pyenv/versions/3.11.1/lib/python3.11/email/mime/multipart.py to email/mime/multipart.pyc
byte-compiling /Users/calum/.pyenv/versions/3.11.1/lib/python3.11/email/mime/nonmultipart.py to email/mime/nonmultipart.pyc
byte-compiling /Users/calum/.pyenv/versions/3.11.1/lib/python3.11/email/mime/text.py to email/mime/text.pyc
byte-compiling /Users/calum/.pyenv/versions/3.11.1/lib/python3.11/email/parser.py to email/parser.pyc
byte-compiling /Users/calum/.pyenv/versions/3.11.1/lib/python3.11/email/policy.py to email/policy.pyc
byte-compiling /Users/calum/.pyenv/versions/3.11.1/lib/python3.11/email/quoprimime.py to email/quoprimime.pyc
byte-compiling /Users/calum/.pyenv/versions/3.11.1/lib/python3.11/email/utils.py to email/utils.pyc
byte-compiling /Users/calum/.pyenv/versions/3.11.1/lib/python3.11/encodings/__init__.py to encodings/__init__.pyc
creating /Users/calum/Developer/Excelerator/build/bdist.macosx-14.2-arm64/python3.11-standalone/app/collect/encodings
byte-compiling /Users/calum/.pyenv/versions/3.11.1/lib/python3.11/encodings/aliases.py to encodings/aliases.pyc
byte-compiling /Users/calum/.pyenv/versions/3.11.1/lib/python3.11/encodings/ascii.py to encodings/ascii.pyc
byte-compiling /Users/calum/.pyenv/versions/3.11.1/lib/python3.11/encodings/base64_codec.py to encodings/base64_codec.pyc
byte-compiling /Users/calum/.pyenv/versions/3.11.1/lib/python3.11/encodings/big5.py to encodings/big5.pyc
byte-compiling /Users/calum/.pyenv/versions/3.11.1/lib/python3.11/encodings/big5hkscs.py to encodings/big5hkscs.pyc
byte-compiling /Users/calum/.pyenv/versions/3.11.1/lib/python3.11/encodings/bz2_codec.py to encodings/bz2_codec.pyc
byte-compiling /Users/calum/.pyenv/versions/3.11.1/lib/python3.11/encodings/charmap.py to encodings/charmap.pyc
byte-compiling /Users/calum/.pyenv/versions/3.11.1/lib/python3.11/encodings/cp037.py to encodings/cp037.pyc
byte-compiling /Users/calum/.pyenv/versions/3.11.1/lib/python3.11/encodings/cp1006.py to encodings/cp1006.pyc
byte-compiling /Users/calum/.pyenv/versions/3.11.1/lib/python3.11/encodings/cp1026.py to encodings/cp1026.pyc
byte-compiling /Users/calum/.pyenv/versions/3.11.1/lib/python3.11/encodings/cp1125.py to encodings/cp1125.pyc
byte-compiling /Users/calum/.pyenv/versions/3.11.1/lib/python3.11/encodings/cp1140.py to encodings/cp1140.pyc
byte-compiling /Users/calum/.pyenv/versions/3.11.1/lib/python3.11/encodings/cp1250.py to encodings/cp1250.pyc
byte-compiling /Users/calum/.pyenv/versions/3.11.1/lib/python3.11/encodings/cp1251.py to encodings/cp1251.pyc
byte-compiling /Users/calum/.pyenv/versions/3.11.1/lib/python3.11/encodings/cp1252.py to encodings/cp1252.pyc
byte-compiling /Users/calum/.pyenv/versions/3.11.1/lib/python3.11/encodings/cp1253.py to encodings/cp1253.pyc
byte-compiling /Users/calum/.pyenv/versions/3.11.1/lib/python3.11/encodings/cp1254.py to encodings/cp1254.pyc
byte-compiling /Users/calum/.pyenv/versions/3.11.1/lib/python3.11/encodings/cp1255.py to encodings/cp1255.pyc
byte-compiling /Users/calum/.pyenv/versions/3.11.1/lib/python3.11/encodings/cp1256.py to encodings/cp1256.pyc
byte-compiling /Users/calum/.pyenv/versions/3.11.1/lib/python3.11/encodings/cp1257.py to encodings/cp1257.pyc
byte-compiling /Users/calum/.pyenv/versions/3.11.1/lib/python3.11/encodings/cp1258.py to encodings/cp1258.pyc
byte-compiling /Users/calum/.pyenv/versions/3.11.1/lib/python3.11/encodings/cp273.py to encodings/cp273.pyc
byte-compiling /Users/calum/.pyenv/versions/3.11.1/lib/python3.11/encodings/cp424.py to encodings/cp424.pyc
byte-compiling /Users/calum/.pyenv/versions/3.11.1/lib/python3.11/encodings/cp437.py to encodings/cp437.pyc
byte-compiling /Users/calum/.pyenv/versions/3.11.1/lib/python3.11/encodings/cp500.py to encodings/cp500.pyc
byte-compiling /Users/calum/.pyenv/versions/3.11.1/lib/python3.11/encodings/cp720.py to encodings/cp720.pyc
byte-compiling /Users/calum/.pyenv/versions/3.11.1/lib/python3.11/encodings/cp737.py to encodings/cp737.pyc
byte-compiling /Users/calum/.pyenv/versions/3.11.1/lib/python3.11/encodings/cp775.py to encodings/cp775.pyc
byte-compiling /Users/calum/.pyenv/versions/3.11.1/lib/python3.11/encodings/cp850.py to encodings/cp850.pyc
byte-compiling /Users/calum/.pyenv/versions/3.11.1/lib/python3.11/encodings/cp852.py to encodings/cp852.pyc
byte-compiling /Users/calum/.pyenv/versions/3.11.1/lib/python3.11/encodings/cp855.py to encodings/cp855.pyc
byte-compiling /Users/calum/.pyenv/versions/3.11.1/lib/python3.11/encodings/cp856.py to encodings/cp856.pyc
byte-compiling /Users/calum/.pyenv/versions/3.11.1/lib/python3.11/encodings/cp857.py to encodings/cp857.pyc
byte-compiling /Users/calum/.pyenv/versions/3.11.1/lib/python3.11/encodings/cp858.py to encodings/cp858.pyc
byte-compiling /Users/calum/.pyenv/versions/3.11.1/lib/python3.11/encodings/cp860.py to encodings/cp860.pyc
byte-compiling /Users/calum/.pyenv/versions/3.11.1/lib/python3.11/encodings/cp861.py to encodings/cp861.pyc
byte-compiling /Users/calum/.pyenv/versions/3.11.1/lib/python3.11/encodings/cp862.py to encodings/cp862.pyc
byte-compiling /Users/calum/.pyenv/versions/3.11.1/lib/python3.11/encodings/cp863.py to encodings/cp863.pyc
byte-compiling /Users/calum/.pyenv/versions/3.11.1/lib/python3.11/encodings/cp864.py to encodings/cp864.pyc
byte-compiling /Users/calum/.pyenv/versions/3.11.1/lib/python3.11/encodings/cp865.py to encodings/cp865.pyc
byte-compiling /Users/calum/.pyenv/versions/3.11.1/lib/python3.11/encodings/cp866.py to encodings/cp866.pyc
byte-compiling /Users/calum/.pyenv/versions/3.11.1/lib/python3.11/encodings/cp869.py to encodings/cp869.pyc
byte-compiling /Users/calum/.pyenv/versions/3.11.1/lib/python3.11/encodings/cp874.py to encodings/cp874.pyc
byte-compiling /Users/calum/.pyenv/versions/3.11.1/lib/python3.11/encodings/cp875.py to encodings/cp875.pyc
byte-compiling /Users/calum/.pyenv/versions/3.11.1/lib/python3.11/encodings/cp932.py to encodings/cp932.pyc
byte-compiling /Users/calum/.pyenv/versions/3.11.1/lib/python3.11/encodings/cp949.py to encodings/cp949.pyc
byte-compiling /Users/calum/.pyenv/versions/3.11.1/lib/python3.11/encodings/cp950.py to encodings/cp950.pyc
byte-compiling /Users/calum/.pyenv/versions/3.11.1/lib/python3.11/encodings/euc_jis_2004.py to encodings/euc_jis_2004.pyc
byte-compiling /Users/calum/.pyenv/versions/3.11.1/lib/python3.11/encodings/euc_jisx0213.py to encodings/euc_jisx0213.pyc
byte-compiling /Users/calum/.pyenv/versions/3.11.1/lib/python3.11/encodings/euc_jp.py to encodings/euc_jp.pyc
byte-compiling /Users/calum/.pyenv/versions/3.11.1/lib/python3.11/encodings/euc_kr.py to encodings/euc_kr.pyc
byte-compiling /Users/calum/.pyenv/versions/3.11.1/lib/python3.11/encodings/gb18030.py to encodings/gb18030.pyc
byte-compiling /Users/calum/.pyenv/versions/3.11.1/lib/python3.11/encodings/gb2312.py to encodings/gb2312.pyc
byte-compiling /Users/calum/.pyenv/versions/3.11.1/lib/python3.11/encodings/gbk.py to encodings/gbk.pyc
byte-compiling /Users/calum/.pyenv/versions/3.11.1/lib/python3.11/encodings/hex_codec.py to encodings/hex_codec.pyc
byte-compiling /Users/calum/.pyenv/versions/3.11.1/lib/python3.11/encodings/hp_roman8.py to encodings/hp_roman8.pyc
byte-compiling /Users/calum/.pyenv/versions/3.11.1/lib/python3.11/encodings/hz.py to encodings/hz.pyc
byte-compiling /Users/calum/.pyenv/versions/3.11.1/lib/python3.11/encodings/idna.py to encodings/idna.pyc
byte-compiling /Users/calum/.pyenv/versions/3.11.1/lib/python3.11/encodings/iso2022_jp.py to encodings/iso2022_jp.pyc
byte-compiling /Users/calum/.pyenv/versions/3.11.1/lib/python3.11/encodings/iso2022_jp_1.py to encodings/iso2022_jp_1.pyc
byte-compiling /Users/calum/.pyenv/versions/3.11.1/lib/python3.11/encodings/iso2022_jp_2.py to encodings/iso2022_jp_2.pyc
byte-compiling /Users/calum/.pyenv/versions/3.11.1/lib/python3.11/encodings/iso2022_jp_2004.py to encodings/iso2022_jp_2004.pyc
byte-compiling /Users/calum/.pyenv/versions/3.11.1/lib/python3.11/encodings/iso2022_jp_3.py to encodings/iso2022_jp_3.pyc
byte-compiling /Users/calum/.pyenv/versions/3.11.1/lib/python3.11/encodings/iso2022_jp_ext.py to encodings/iso2022_jp_ext.pyc
byte-compiling /Users/calum/.pyenv/versions/3.11.1/lib/python3.11/encodings/iso2022_kr.py to encodings/iso2022_kr.pyc
byte-compiling /Users/calum/.pyenv/versions/3.11.1/lib/python3.11/encodings/iso8859_1.py to encodings/iso8859_1.pyc
byte-compiling /Users/calum/.pyenv/versions/3.11.1/lib/python3.11/encodings/iso8859_10.py to encodings/iso8859_10.pyc
byte-compiling /Users/calum/.pyenv/versions/3.11.1/lib/python3.11/encodings/iso8859_11.py to encodings/iso8859_11.pyc
byte-compiling /Users/calum/.pyenv/versions/3.11.1/lib/python3.11/encodings/iso8859_13.py to encodings/iso8859_13.pyc
byte-compiling /Users/calum/.pyenv/versions/3.11.1/lib/python3.11/encodings/iso8859_14.py to encodings/iso8859_14.pyc
byte-compiling /Users/calum/.pyenv/versions/3.11.1/lib/python3.11/encodings/iso8859_15.py to encodings/iso8859_15.pyc
byte-compiling /Users/calum/.pyenv/versions/3.11.1/lib/python3.11/encodings/iso8859_16.py to encodings/iso8859_16.pyc
byte-compiling /Users/calum/.pyenv/versions/3.11.1/lib/python3.11/encodings/iso8859_2.py to encodings/iso8859_2.pyc
byte-compiling /Users/calum/.pyenv/versions/3.11.1/lib/python3.11/encodings/iso8859_3.py to encodings/iso8859_3.pyc
byte-compiling /Users/calum/.pyenv/versions/3.11.1/lib/python3.11/encodings/iso8859_4.py to encodings/iso8859_4.pyc
byte-compiling /Users/calum/.pyenv/versions/3.11.1/lib/python3.11/encodings/iso8859_5.py to encodings/iso8859_5.pyc
byte-compiling /Users/calum/.pyenv/versions/3.11.1/lib/python3.11/encodings/iso8859_6.py to encodings/iso8859_6.pyc
byte-compiling /Users/calum/.pyenv/versions/3.11.1/lib/python3.11/encodings/iso8859_7.py to encodings/iso8859_7.pyc
byte-compiling /Users/calum/.pyenv/versions/3.11.1/lib/python3.11/encodings/iso8859_8.py to encodings/iso8859_8.pyc
byte-compiling /Users/calum/.pyenv/versions/3.11.1/lib/python3.11/encodings/iso8859_9.py to encodings/iso8859_9.pyc
byte-compiling /Users/calum/.pyenv/versions/3.11.1/lib/python3.11/encodings/johab.py to encodings/johab.pyc
byte-compiling /Users/calum/.pyenv/versions/3.11.1/lib/python3.11/encodings/koi8_r.py to encodings/koi8_r.pyc
byte-compiling /Users/calum/.pyenv/versions/3.11.1/lib/python3.11/encodings/koi8_t.py to encodings/koi8_t.pyc
byte-compiling /Users/calum/.pyenv/versions/3.11.1/lib/python3.11/encodings/koi8_u.py to encodings/koi8_u.pyc
byte-compiling /Users/calum/.pyenv/versions/3.11.1/lib/python3.11/encodings/kz1048.py to encodings/kz1048.pyc
byte-compiling /Users/calum/.pyenv/versions/3.11.1/lib/python3.11/encodings/latin_1.py to encodings/latin_1.pyc
byte-compiling /Users/calum/.pyenv/versions/3.11.1/lib/python3.11/encodings/mac_arabic.py to encodings/mac_arabic.pyc
byte-compiling /Users/calum/.pyenv/versions/3.11.1/lib/python3.11/encodings/mac_croatian.py to encodings/mac_croatian.pyc
byte-compiling /Users/calum/.pyenv/versions/3.11.1/lib/python3.11/encodings/mac_cyrillic.py to encodings/mac_cyrillic.pyc
byte-compiling /Users/calum/.pyenv/versions/3.11.1/lib/python3.11/encodings/mac_farsi.py to encodings/mac_farsi.pyc
byte-compiling /Users/calum/.pyenv/versions/3.11.1/lib/python3.11/encodings/mac_greek.py to encodings/mac_greek.pyc
byte-compiling /Users/calum/.pyenv/versions/3.11.1/lib/python3.11/encodings/mac_iceland.py to encodings/mac_iceland.pyc
byte-compiling /Users/calum/.pyenv/versions/3.11.1/lib/python3.11/encodings/mac_latin2.py to encodings/mac_latin2.pyc
byte-compiling /Users/calum/.pyenv/versions/3.11.1/lib/python3.11/encodings/mac_roman.py to encodings/mac_roman.pyc
byte-compiling /Users/calum/.pyenv/versions/3.11.1/lib/python3.11/encodings/mac_romanian.py to encodings/mac_romanian.pyc
byte-compiling /Users/calum/.pyenv/versions/3.11.1/lib/python3.11/encodings/mac_turkish.py to encodings/mac_turkish.pyc
byte-compiling /Users/calum/.pyenv/versions/3.11.1/lib/python3.11/encodings/mbcs.py to encodings/mbcs.pyc
byte-compiling /Users/calum/.pyenv/versions/3.11.1/lib/python3.11/encodings/oem.py to encodings/oem.pyc
byte-compiling /Users/calum/.pyenv/versions/3.11.1/lib/python3.11/encodings/palmos.py to encodings/palmos.pyc
byte-compiling /Users/calum/.pyenv/versions/3.11.1/lib/python3.11/encodings/ptcp154.py to encodings/ptcp154.pyc
byte-compiling /Users/calum/.pyenv/versions/3.11.1/lib/python3.11/encodings/punycode.py to encodings/punycode.pyc
byte-compiling /Users/calum/.pyenv/versions/3.11.1/lib/python3.11/encodings/quopri_codec.py to encodings/quopri_codec.pyc
byte-compiling /Users/calum/.pyenv/versions/3.11.1/lib/python3.11/encodings/raw_unicode_escape.py to encodings/raw_unicode_escape.pyc
byte-compiling /Users/calum/.pyenv/versions/3.11.1/lib/python3.11/encodings/rot_13.py to encodings/rot_13.pyc
byte-compiling /Users/calum/.pyenv/versions/3.11.1/lib/python3.11/encodings/shift_jis.py to encodings/shift_jis.pyc
byte-compiling /Users/calum/.pyenv/versions/3.11.1/lib/python3.11/encodings/shift_jis_2004.py to encodings/shift_jis_2004.pyc
byte-compiling /Users/calum/.pyenv/versions/3.11.1/lib/python3.11/encodings/shift_jisx0213.py to encodings/shift_jisx0213.pyc
byte-compiling /Users/calum/.pyenv/versions/3.11.1/lib/python3.11/encodings/tis_620.py to encodings/tis_620.pyc
byte-compiling /Users/calum/.pyenv/versions/3.11.1/lib/python3.11/encodings/undefined.py to encodings/undefined.pyc
byte-compiling /Users/calum/.pyenv/versions/3.11.1/lib/python3.11/encodings/unicode_escape.py to encodings/unicode_escape.pyc
byte-compiling /Users/calum/.pyenv/versions/3.11.1/lib/python3.11/encodings/utf_16.py to encodings/utf_16.pyc
byte-compiling /Users/calum/.pyenv/versions/3.11.1/lib/python3.11/encodings/utf_16_be.py to encodings/utf_16_be.pyc
byte-compiling /Users/calum/.pyenv/versions/3.11.1/lib/python3.11/encodings/utf_16_le.py to encodings/utf_16_le.pyc
byte-compiling /Users/calum/.pyenv/versions/3.11.1/lib/python3.11/encodings/utf_32.py to encodings/utf_32.pyc
byte-compiling /Users/calum/.pyenv/versions/3.11.1/lib/python3.11/encodings/utf_32_be.py to encodings/utf_32_be.pyc
byte-compiling /Users/calum/.pyenv/versions/3.11.1/lib/python3.11/encodings/utf_32_le.py to encodings/utf_32_le.pyc
byte-compiling /Users/calum/.pyenv/versions/3.11.1/lib/python3.11/encodings/utf_7.py to encodings/utf_7.pyc
byte-compiling /Users/calum/.pyenv/versions/3.11.1/lib/python3.11/encodings/utf_8.py to encodings/utf_8.pyc
byte-compiling /Users/calum/.pyenv/versions/3.11.1/lib/python3.11/encodings/utf_8_sig.py to encodings/utf_8_sig.pyc
byte-compiling /Users/calum/.pyenv/versions/3.11.1/lib/python3.11/encodings/uu_codec.py to encodings/uu_codec.pyc
byte-compiling /Users/calum/.pyenv/versions/3.11.1/lib/python3.11/encodings/zlib_codec.py to encodings/zlib_codec.pyc
byte-compiling /Users/calum/.pyenv/versions/3.11.1/lib/python3.11/enum.py to enum.pyc
byte-compiling /Users/calum/.pyenv/versions/3.11.1/lib/python3.11/fileinput.py to fileinput.pyc
byte-compiling /Users/calum/.pyenv/versions/3.11.1/lib/python3.11/fnmatch.py to fnmatch.pyc
byte-compiling /Users/calum/.pyenv/versions/3.11.1/lib/python3.11/fractions.py to fractions.pyc
byte-compiling /Users/calum/.pyenv/versions/3.11.1/lib/python3.11/ftplib.py to ftplib.pyc
byte-compiling /Users/calum/.pyenv/versions/3.11.1/lib/python3.11/functools.py to functools.pyc
byte-compiling /Users/calum/.pyenv/versions/3.11.1/lib/python3.11/genericpath.py to genericpath.pyc
byte-compiling /Users/calum/.pyenv/versions/3.11.1/lib/python3.11/getopt.py to getopt.pyc
byte-compiling /Users/calum/.pyenv/versions/3.11.1/lib/python3.11/getpass.py to getpass.pyc
byte-compiling /Users/calum/.pyenv/versions/3.11.1/lib/python3.11/gettext.py to gettext.pyc
byte-compiling /Users/calum/.pyenv/versions/3.11.1/lib/python3.11/glob.py to glob.pyc
byte-compiling /Users/calum/.pyenv/versions/3.11.1/lib/python3.11/gzip.py to gzip.pyc
byte-compiling /Users/calum/.pyenv/versions/3.11.1/lib/python3.11/hashlib.py to hashlib.pyc
byte-compiling /Users/calum/.pyenv/versions/3.11.1/lib/python3.11/heapq.py to heapq.pyc
byte-compiling /Users/calum/.pyenv/versions/3.11.1/lib/python3.11/hmac.py to hmac.pyc
byte-compiling /Users/calum/.pyenv/versions/3.11.1/lib/python3.11/html/__init__.py to html/__init__.pyc
creating /Users/calum/Developer/Excelerator/build/bdist.macosx-14.2-arm64/python3.11-standalone/app/collect/html
byte-compiling /Users/calum/.pyenv/versions/3.11.1/lib/python3.11/html/entities.py to html/entities.pyc
byte-compiling /Users/calum/.pyenv/versions/3.11.1/lib/python3.11/html/parser.py to html/parser.pyc
byte-compiling /Users/calum/.pyenv/versions/3.11.1/lib/python3.11/http/__init__.py to http/__init__.pyc
creating /Users/calum/Developer/Excelerator/build/bdist.macosx-14.2-arm64/python3.11-standalone/app/collect/http
byte-compiling /Users/calum/.pyenv/versions/3.11.1/lib/python3.11/http/client.py to http/client.pyc
byte-compiling /Users/calum/.pyenv/versions/3.11.1/lib/python3.11/http/cookiejar.py to http/cookiejar.pyc
byte-compiling /Users/calum/.pyenv/versions/3.11.1/lib/python3.11/http/cookies.py to http/cookies.pyc
byte-compiling /Users/calum/.pyenv/versions/3.11.1/lib/python3.11/http/server.py to http/server.pyc
byte-compiling /Users/calum/.pyenv/versions/3.11.1/lib/python3.11/imp.py to imp.pyc
byte-compiling /Users/calum/.pyenv/versions/3.11.1/lib/python3.11/importlib/__init__.py to importlib/__init__.pyc
creating /Users/calum/Developer/Excelerator/build/bdist.macosx-14.2-arm64/python3.11-standalone/app/collect/importlib
byte-compiling /Users/calum/.pyenv/versions/3.11.1/lib/python3.11/importlib/_abc.py to importlib/_abc.pyc
byte-compiling /Users/calum/.pyenv/versions/3.11.1/lib/python3.11/importlib/_bootstrap.py to importlib/_bootstrap.pyc
byte-compiling /Users/calum/.pyenv/versions/3.11.1/lib/python3.11/importlib/_bootstrap_external.py to importlib/_bootstrap_external.pyc
byte-compiling /Users/calum/.pyenv/versions/3.11.1/lib/python3.11/importlib/abc.py to importlib/abc.pyc
byte-compiling /Users/calum/.pyenv/versions/3.11.1/lib/python3.11/importlib/machinery.py to importlib/machinery.pyc
byte-compiling /Users/calum/.pyenv/versions/3.11.1/lib/python3.11/importlib/metadata/__init__.py to importlib/metadata/__init__.pyc
creating /Users/calum/Developer/Excelerator/build/bdist.macosx-14.2-arm64/python3.11-standalone/app/collect/importlib/metadata
byte-compiling /Users/calum/.pyenv/versions/3.11.1/lib/python3.11/importlib/metadata/_adapters.py to importlib/metadata/_adapters.pyc
byte-compiling /Users/calum/.pyenv/versions/3.11.1/lib/python3.11/importlib/metadata/_collections.py to importlib/metadata/_collections.pyc
byte-compiling /Users/calum/.pyenv/versions/3.11.1/lib/python3.11/importlib/metadata/_functools.py to importlib/metadata/_functools.pyc
byte-compiling /Users/calum/.pyenv/versions/3.11.1/lib/python3.11/importlib/metadata/_itertools.py to importlib/metadata/_itertools.pyc
byte-compiling /Users/calum/.pyenv/versions/3.11.1/lib/python3.11/importlib/metadata/_meta.py to importlib/metadata/_meta.pyc
byte-compiling /Users/calum/.pyenv/versions/3.11.1/lib/python3.11/importlib/metadata/_text.py to importlib/metadata/_text.pyc
byte-compiling /Users/calum/.pyenv/versions/3.11.1/lib/python3.11/importlib/readers.py to importlib/readers.pyc
byte-compiling /Users/calum/.pyenv/versions/3.11.1/lib/python3.11/importlib/resources/__init__.py to importlib/resources/__init__.pyc
creating /Users/calum/Developer/Excelerator/build/bdist.macosx-14.2-arm64/python3.11-standalone/app/collect/importlib/resources
byte-compiling /Users/calum/.pyenv/versions/3.11.1/lib/python3.11/importlib/resources/_adapters.py to importlib/resources/_adapters.pyc
byte-compiling /Users/calum/.pyenv/versions/3.11.1/lib/python3.11/importlib/resources/_common.py to importlib/resources/_common.pyc
byte-compiling /Users/calum/.pyenv/versions/3.11.1/lib/python3.11/importlib/resources/_itertools.py to importlib/resources/_itertools.pyc
byte-compiling /Users/calum/.pyenv/versions/3.11.1/lib/python3.11/importlib/resources/_legacy.py to importlib/resources/_legacy.pyc
byte-compiling /Users/calum/.pyenv/versions/3.11.1/lib/python3.11/importlib/resources/abc.py to importlib/resources/abc.pyc
byte-compiling /Users/calum/.pyenv/versions/3.11.1/lib/python3.11/importlib/resources/readers.py to importlib/resources/readers.pyc
byte-compiling /Users/calum/.pyenv/versions/3.11.1/lib/python3.11/importlib/util.py to importlib/util.pyc
byte-compiling /Users/calum/.pyenv/versions/3.11.1/lib/python3.11/inspect.py to inspect.pyc
byte-compiling /Users/calum/.pyenv/versions/3.11.1/lib/python3.11/io.py to io.pyc
byte-compiling /Users/calum/.pyenv/versions/3.11.1/lib/python3.11/ipaddress.py to ipaddress.pyc
byte-compiling /Users/calum/.pyenv/versions/3.11.1/lib/python3.11/json/__init__.py to json/__init__.pyc
creating /Users/calum/Developer/Excelerator/build/bdist.macosx-14.2-arm64/python3.11-standalone/app/collect/json
byte-compiling /Users/calum/.pyenv/versions/3.11.1/lib/python3.11/json/decoder.py to json/decoder.pyc
byte-compiling /Users/calum/.pyenv/versions/3.11.1/lib/python3.11/json/encoder.py to json/encoder.pyc
byte-compiling /Users/calum/.pyenv/versions/3.11.1/lib/python3.11/json/scanner.py to json/scanner.pyc
byte-compiling /Users/calum/.pyenv/versions/3.11.1/lib/python3.11/keyword.py to keyword.pyc
byte-compiling /Users/calum/.pyenv/versions/3.11.1/lib/python3.11/lib2to3/__init__.py to lib2to3/__init__.pyc
creating /Users/calum/Developer/Excelerator/build/bdist.macosx-14.2-arm64/python3.11-standalone/app/collect/lib2to3
byte-compiling /Users/calum/.pyenv/versions/3.11.1/lib/python3.11/lib2to3/btm_matcher.py to lib2to3/btm_matcher.pyc
byte-compiling /Users/calum/.pyenv/versions/3.11.1/lib/python3.11/lib2to3/btm_utils.py to lib2to3/btm_utils.pyc
byte-compiling /Users/calum/.pyenv/versions/3.11.1/lib/python3.11/lib2to3/fixer_util.py to lib2to3/fixer_util.pyc
byte-compiling /Users/calum/.pyenv/versions/3.11.1/lib/python3.11/lib2to3/patcomp.py to lib2to3/patcomp.pyc
byte-compiling /Users/calum/.pyenv/versions/3.11.1/lib/python3.11/lib2to3/pgen2/__init__.py to lib2to3/pgen2/__init__.pyc
creating /Users/calum/Developer/Excelerator/build/bdist.macosx-14.2-arm64/python3.11-standalone/app/collect/lib2to3/pgen2
byte-compiling /Users/calum/.pyenv/versions/3.11.1/lib/python3.11/lib2to3/pgen2/driver.py to lib2to3/pgen2/driver.pyc
byte-compiling /Users/calum/.pyenv/versions/3.11.1/lib/python3.11/lib2to3/pgen2/grammar.py to lib2to3/pgen2/grammar.pyc
byte-compiling /Users/calum/.pyenv/versions/3.11.1/lib/python3.11/lib2to3/pgen2/literals.py to lib2to3/pgen2/literals.pyc
byte-compiling /Users/calum/.pyenv/versions/3.11.1/lib/python3.11/lib2to3/pgen2/parse.py to lib2to3/pgen2/parse.pyc
byte-compiling /Users/calum/.pyenv/versions/3.11.1/lib/python3.11/lib2to3/pgen2/pgen.py to lib2to3/pgen2/pgen.pyc
byte-compiling /Users/calum/.pyenv/versions/3.11.1/lib/python3.11/lib2to3/pgen2/token.py to lib2to3/pgen2/token.pyc
byte-compiling /Users/calum/.pyenv/versions/3.11.1/lib/python3.11/lib2to3/pgen2/tokenize.py to lib2to3/pgen2/tokenize.pyc
byte-compiling /Users/calum/.pyenv/versions/3.11.1/lib/python3.11/lib2to3/pygram.py to lib2to3/pygram.pyc
byte-compiling /Users/calum/.pyenv/versions/3.11.1/lib/python3.11/lib2to3/pytree.py to lib2to3/pytree.pyc
byte-compiling /Users/calum/.pyenv/versions/3.11.1/lib/python3.11/lib2to3/refactor.py to lib2to3/refactor.pyc
byte-compiling /Users/calum/.pyenv/versions/3.11.1/lib/python3.11/linecache.py to linecache.pyc
byte-compiling /Users/calum/.pyenv/versions/3.11.1/lib/python3.11/locale.py to locale.pyc
byte-compiling /Users/calum/.pyenv/versions/3.11.1/lib/python3.11/logging/__init__.py to logging/__init__.pyc
creating /Users/calum/Developer/Excelerator/build/bdist.macosx-14.2-arm64/python3.11-standalone/app/collect/logging
byte-compiling /Users/calum/.pyenv/versions/3.11.1/lib/python3.11/lzma.py to lzma.pyc
byte-compiling /Users/calum/.pyenv/versions/3.11.1/lib/python3.11/mimetypes.py to mimetypes.pyc
byte-compiling /Users/calum/.pyenv/versions/3.11.1/lib/python3.11/multiprocessing/__init__.py to multiprocessing/__init__.pyc
creating /Users/calum/Developer/Excelerator/build/bdist.macosx-14.2-arm64/python3.11-standalone/app/collect/multiprocessing
byte-compiling /Users/calum/.pyenv/versions/3.11.1/lib/python3.11/multiprocessing/connection.py to multiprocessing/connection.pyc
byte-compiling /Users/calum/.pyenv/versions/3.11.1/lib/python3.11/multiprocessing/context.py to multiprocessing/context.pyc
byte-compiling /Users/calum/.pyenv/versions/3.11.1/lib/python3.11/multiprocessing/dummy/__init__.py to multiprocessing/dummy/__init__.pyc
creating /Users/calum/Developer/Excelerator/build/bdist.macosx-14.2-arm64/python3.11-standalone/app/collect/multiprocessing/dummy
byte-compiling /Users/calum/.pyenv/versions/3.11.1/lib/python3.11/multiprocessing/dummy/connection.py to multiprocessing/dummy/connection.pyc
byte-compiling /Users/calum/.pyenv/versions/3.11.1/lib/python3.11/multiprocessing/forkserver.py to multiprocessing/forkserver.pyc
byte-compiling /Users/calum/.pyenv/versions/3.11.1/lib/python3.11/multiprocessing/heap.py to multiprocessing/heap.pyc
byte-compiling /Users/calum/.pyenv/versions/3.11.1/lib/python3.11/multiprocessing/managers.py to multiprocessing/managers.pyc
byte-compiling /Users/calum/.pyenv/versions/3.11.1/lib/python3.11/multiprocessing/pool.py to multiprocessing/pool.pyc
byte-compiling /Users/calum/.pyenv/versions/3.11.1/lib/python3.11/multiprocessing/popen_fork.py to multiprocessing/popen_fork.pyc
byte-compiling /Users/calum/.pyenv/versions/3.11.1/lib/python3.11/multiprocessing/popen_forkserver.py to multiprocessing/popen_forkserver.pyc
byte-compiling /Users/calum/.pyenv/versions/3.11.1/lib/python3.11/multiprocessing/popen_spawn_posix.py to multiprocessing/popen_spawn_posix.pyc
byte-compiling /Users/calum/.pyenv/versions/3.11.1/lib/python3.11/multiprocessing/popen_spawn_win32.py to multiprocessing/popen_spawn_win32.pyc
byte-compiling /Users/calum/.pyenv/versions/3.11.1/lib/python3.11/multiprocessing/process.py to multiprocessing/process.pyc
byte-compiling /Users/calum/.pyenv/versions/3.11.1/lib/python3.11/multiprocessing/queues.py to multiprocessing/queues.pyc
byte-compiling /Users/calum/.pyenv/versions/3.11.1/lib/python3.11/multiprocessing/reduction.py to multiprocessing/reduction.pyc
byte-compiling /Users/calum/.pyenv/versions/3.11.1/lib/python3.11/multiprocessing/resource_sharer.py to multiprocessing/resource_sharer.pyc
byte-compiling /Users/calum/.pyenv/versions/3.11.1/lib/python3.11/multiprocessing/resource_tracker.py to multiprocessing/resource_tracker.pyc
byte-compiling /Users/calum/.pyenv/versions/3.11.1/lib/python3.11/multiprocessing/shared_memory.py to multiprocessing/shared_memory.pyc
byte-compiling /Users/calum/.pyenv/versions/3.11.1/lib/python3.11/multiprocessing/sharedctypes.py to multiprocessing/sharedctypes.pyc
byte-compiling /Users/calum/.pyenv/versions/3.11.1/lib/python3.11/multiprocessing/spawn.py to multiprocessing/spawn.pyc
byte-compiling /Users/calum/.pyenv/versions/3.11.1/lib/python3.11/multiprocessing/synchronize.py to multiprocessing/synchronize.pyc
byte-compiling /Users/calum/.pyenv/versions/3.11.1/lib/python3.11/multiprocessing/util.py to multiprocessing/util.pyc
byte-compiling /Users/calum/.pyenv/versions/3.11.1/lib/python3.11/netrc.py to netrc.pyc
byte-compiling /Users/calum/.pyenv/versions/3.11.1/lib/python3.11/ntpath.py to ntpath.pyc
byte-compiling /Users/calum/.pyenv/versions/3.11.1/lib/python3.11/numbers.py to numbers.pyc
byte-compiling /Users/calum/.pyenv/versions/3.11.1/lib/python3.11/opcode.py to opcode.pyc
byte-compiling /Users/calum/.pyenv/versions/3.11.1/lib/python3.11/operator.py to operator.pyc
byte-compiling /Users/calum/.pyenv/versions/3.11.1/lib/python3.11/optparse.py to optparse.pyc
byte-compiling /Users/calum/.pyenv/versions/3.11.1/lib/python3.11/os.py to os.pyc
byte-compiling /Users/calum/.pyenv/versions/3.11.1/lib/python3.11/pathlib.py to pathlib.pyc
byte-compiling /Users/calum/.pyenv/versions/3.11.1/lib/python3.11/pdb.py to pdb.pyc
byte-compiling /Users/calum/.pyenv/versions/3.11.1/lib/python3.11/pickle.py to pickle.pyc
byte-compiling /Users/calum/.pyenv/versions/3.11.1/lib/python3.11/pickletools.py to pickletools.pyc
byte-compiling /Users/calum/.pyenv/versions/3.11.1/lib/python3.11/pipes.py to pipes.pyc
byte-compiling /Users/calum/.pyenv/versions/3.11.1/lib/python3.11/pkgutil.py to pkgutil.pyc
byte-compiling /Users/calum/.pyenv/versions/3.11.1/lib/python3.11/platform.py to platform.pyc
byte-compiling /Users/calum/.pyenv/versions/3.11.1/lib/python3.11/plistlib.py to plistlib.pyc
byte-compiling /Users/calum/.pyenv/versions/3.11.1/lib/python3.11/posixpath.py to posixpath.pyc
byte-compiling /Users/calum/.pyenv/versions/3.11.1/lib/python3.11/pprint.py to pprint.pyc
byte-compiling /Users/calum/.pyenv/versions/3.11.1/lib/python3.11/py_compile.py to py_compile.pyc
byte-compiling /Users/calum/.pyenv/versions/3.11.1/lib/python3.11/pydoc.py to pydoc.pyc
byte-compiling /Users/calum/.pyenv/versions/3.11.1/lib/python3.11/pydoc_data/__init__.py to pydoc_data/__init__.pyc
creating /Users/calum/Developer/Excelerator/build/bdist.macosx-14.2-arm64/python3.11-standalone/app/collect/pydoc_data
byte-compiling /Users/calum/.pyenv/versions/3.11.1/lib/python3.11/pydoc_data/topics.py to pydoc_data/topics.pyc
byte-compiling /Users/calum/.pyenv/versions/3.11.1/lib/python3.11/queue.py to queue.pyc
byte-compiling /Users/calum/.pyenv/versions/3.11.1/lib/python3.11/quopri.py to quopri.pyc
byte-compiling /Users/calum/.pyenv/versions/3.11.1/lib/python3.11/random.py to random.pyc
byte-compiling /Users/calum/.pyenv/versions/3.11.1/lib/python3.11/re/__init__.py to re/__init__.pyc
creating /Users/calum/Developer/Excelerator/build/bdist.macosx-14.2-arm64/python3.11-standalone/app/collect/re
byte-compiling /Users/calum/.pyenv/versions/3.11.1/lib/python3.11/re/_casefix.py to re/_casefix.pyc
byte-compiling /Users/calum/.pyenv/versions/3.11.1/lib/python3.11/re/_compiler.py to re/_compiler.pyc
byte-compiling /Users/calum/.pyenv/versions/3.11.1/lib/python3.11/re/_constants.py to re/_constants.pyc
byte-compiling /Users/calum/.pyenv/versions/3.11.1/lib/python3.11/re/_parser.py to re/_parser.pyc
byte-compiling /Users/calum/.pyenv/versions/3.11.1/lib/python3.11/reprlib.py to reprlib.pyc
byte-compiling /Users/calum/.pyenv/versions/3.11.1/lib/python3.11/runpy.py to runpy.pyc
byte-compiling /Users/calum/.pyenv/versions/3.11.1/lib/python3.11/secrets.py to secrets.pyc
byte-compiling /Users/calum/.pyenv/versions/3.11.1/lib/python3.11/selectors.py to selectors.pyc
byte-compiling /Users/calum/.pyenv/versions/3.11.1/lib/python3.11/shlex.py to shlex.pyc
byte-compiling /Users/calum/.pyenv/versions/3.11.1/lib/python3.11/shutil.py to shutil.pyc
byte-compiling /Users/calum/.pyenv/versions/3.11.1/lib/python3.11/signal.py to signal.pyc
byte-compiling /Users/calum/.pyenv/versions/3.11.1/lib/python3.11/socket.py to socket.pyc
byte-compiling /Users/calum/.pyenv/versions/3.11.1/lib/python3.11/socketserver.py to socketserver.pyc
byte-compiling /Users/calum/.pyenv/versions/3.11.1/lib/python3.11/sqlite3/__init__.py to sqlite3/__init__.pyc
creating /Users/calum/Developer/Excelerator/build/bdist.macosx-14.2-arm64/python3.11-standalone/app/collect/sqlite3
byte-compiling /Users/calum/.pyenv/versions/3.11.1/lib/python3.11/sqlite3/dbapi2.py to sqlite3/dbapi2.pyc
byte-compiling /Users/calum/.pyenv/versions/3.11.1/lib/python3.11/ssl.py to ssl.pyc
byte-compiling /Users/calum/.pyenv/versions/3.11.1/lib/python3.11/stat.py to stat.pyc
byte-compiling /Users/calum/.pyenv/versions/3.11.1/lib/python3.11/statistics.py to statistics.pyc
byte-compiling /Users/calum/.pyenv/versions/3.11.1/lib/python3.11/string.py to string.pyc
byte-compiling /Users/calum/.pyenv/versions/3.11.1/lib/python3.11/stringprep.py to stringprep.pyc
byte-compiling /Users/calum/.pyenv/versions/3.11.1/lib/python3.11/struct.py to struct.pyc
byte-compiling /Users/calum/.pyenv/versions/3.11.1/lib/python3.11/subprocess.py to subprocess.pyc
byte-compiling /Users/calum/.pyenv/versions/3.11.1/lib/python3.11/sysconfig.py to sysconfig.pyc
byte-compiling /Users/calum/.pyenv/versions/3.11.1/lib/python3.11/tarfile.py to tarfile.pyc
byte-compiling /Users/calum/.pyenv/versions/3.11.1/lib/python3.11/tempfile.py to tempfile.pyc
byte-compiling /Users/calum/.pyenv/versions/3.11.1/lib/python3.11/test/__init__.py to test/__init__.pyc
creating /Users/calum/Developer/Excelerator/build/bdist.macosx-14.2-arm64/python3.11-standalone/app/collect/test
byte-compiling /Users/calum/.pyenv/versions/3.11.1/lib/python3.11/test/support/__init__.py to test/support/__init__.pyc
creating /Users/calum/Developer/Excelerator/build/bdist.macosx-14.2-arm64/python3.11-standalone/app/collect/test/support
byte-compiling /Users/calum/.pyenv/versions/3.11.1/lib/python3.11/test/support/import_helper.py to test/support/import_helper.pyc
byte-compiling /Users/calum/.pyenv/versions/3.11.1/lib/python3.11/test/support/os_helper.py to test/support/os_helper.pyc
byte-compiling /Users/calum/.pyenv/versions/3.11.1/lib/python3.11/test/support/testresult.py to test/support/testresult.pyc
byte-compiling /Users/calum/.pyenv/versions/3.11.1/lib/python3.11/textwrap.py to textwrap.pyc
byte-compiling /Users/calum/.pyenv/versions/3.11.1/lib/python3.11/threading.py to threading.pyc
byte-compiling /Users/calum/.pyenv/versions/3.11.1/lib/python3.11/timeit.py to timeit.pyc
byte-compiling /Users/calum/.pyenv/versions/3.11.1/lib/python3.11/tkinter/__init__.py to tkinter/__init__.pyc
creating /Users/calum/Developer/Excelerator/build/bdist.macosx-14.2-arm64/python3.11-standalone/app/collect/tkinter
byte-compiling /Users/calum/.pyenv/versions/3.11.1/lib/python3.11/tkinter/commondialog.py to tkinter/commondialog.pyc
byte-compiling /Users/calum/.pyenv/versions/3.11.1/lib/python3.11/tkinter/constants.py to tkinter/constants.pyc
byte-compiling /Users/calum/.pyenv/versions/3.11.1/lib/python3.11/tkinter/dialog.py to tkinter/dialog.pyc
byte-compiling /Users/calum/.pyenv/versions/3.11.1/lib/python3.11/tkinter/filedialog.py to tkinter/filedialog.pyc
byte-compiling /Users/calum/.pyenv/versions/3.11.1/lib/python3.11/tkinter/font.py to tkinter/font.pyc
byte-compiling /Users/calum/.pyenv/versions/3.11.1/lib/python3.11/tkinter/messagebox.py to tkinter/messagebox.pyc
byte-compiling /Users/calum/.pyenv/versions/3.11.1/lib/python3.11/tkinter/simpledialog.py to tkinter/simpledialog.pyc
byte-compiling /Users/calum/.pyenv/versions/3.11.1/lib/python3.11/tkinter/ttk.py to tkinter/ttk.pyc
byte-compiling /Users/calum/.pyenv/versions/3.11.1/lib/python3.11/token.py to token.pyc
byte-compiling /Users/calum/.pyenv/versions/3.11.1/lib/python3.11/tokenize.py to tokenize.pyc
byte-compiling /Users/calum/.pyenv/versions/3.11.1/lib/python3.11/traceback.py to traceback.pyc
byte-compiling /Users/calum/.pyenv/versions/3.11.1/lib/python3.11/tracemalloc.py to tracemalloc.pyc
byte-compiling /Users/calum/.pyenv/versions/3.11.1/lib/python3.11/types.py to types.pyc
byte-compiling /Users/calum/.pyenv/versions/3.11.1/lib/python3.11/typing.py to typing.pyc
byte-compiling /Users/calum/.pyenv/versions/3.11.1/lib/python3.11/unittest/__init__.py to unittest/__init__.pyc
creating /Users/calum/Developer/Excelerator/build/bdist.macosx-14.2-arm64/python3.11-standalone/app/collect/unittest
byte-compiling /Users/calum/.pyenv/versions/3.11.1/lib/python3.11/unittest/_log.py to unittest/_log.pyc
byte-compiling /Users/calum/.pyenv/versions/3.11.1/lib/python3.11/unittest/async_case.py to unittest/async_case.pyc
byte-compiling /Users/calum/.pyenv/versions/3.11.1/lib/python3.11/unittest/case.py to unittest/case.pyc
byte-compiling /Users/calum/.pyenv/versions/3.11.1/lib/python3.11/unittest/loader.py to unittest/loader.pyc
byte-compiling /Users/calum/.pyenv/versions/3.11.1/lib/python3.11/unittest/main.py to unittest/main.pyc
byte-compiling /Users/calum/.pyenv/versions/3.11.1/lib/python3.11/unittest/mock.py to unittest/mock.pyc
byte-compiling /Users/calum/.pyenv/versions/3.11.1/lib/python3.11/unittest/result.py to unittest/result.pyc
byte-compiling /Users/calum/.pyenv/versions/3.11.1/lib/python3.11/unittest/runner.py to unittest/runner.pyc
byte-compiling /Users/calum/.pyenv/versions/3.11.1/lib/python3.11/unittest/signals.py to unittest/signals.pyc
byte-compiling /Users/calum/.pyenv/versions/3.11.1/lib/python3.11/unittest/suite.py to unittest/suite.pyc
byte-compiling /Users/calum/.pyenv/versions/3.11.1/lib/python3.11/unittest/util.py to unittest/util.pyc
byte-compiling /Users/calum/.pyenv/versions/3.11.1/lib/python3.11/urllib/__init__.py to urllib/__init__.pyc
creating /Users/calum/Developer/Excelerator/build/bdist.macosx-14.2-arm64/python3.11-standalone/app/collect/urllib
byte-compiling /Users/calum/.pyenv/versions/3.11.1/lib/python3.11/urllib/error.py to urllib/error.pyc
byte-compiling /Users/calum/.pyenv/versions/3.11.1/lib/python3.11/urllib/parse.py to urllib/parse.pyc
byte-compiling /Users/calum/.pyenv/versions/3.11.1/lib/python3.11/urllib/request.py to urllib/request.pyc
byte-compiling /Users/calum/.pyenv/versions/3.11.1/lib/python3.11/urllib/response.py to urllib/response.pyc
byte-compiling /Users/calum/.pyenv/versions/3.11.1/lib/python3.11/urllib/robotparser.py to urllib/robotparser.pyc
byte-compiling /Users/calum/.pyenv/versions/3.11.1/lib/python3.11/uuid.py to uuid.pyc
byte-compiling /Users/calum/.pyenv/versions/3.11.1/lib/python3.11/warnings.py to warnings.pyc
byte-compiling /Users/calum/.pyenv/versions/3.11.1/lib/python3.11/weakref.py to weakref.pyc
byte-compiling /Users/calum/.pyenv/versions/3.11.1/lib/python3.11/webbrowser.py to webbrowser.pyc
byte-compiling /Users/calum/.pyenv/versions/3.11.1/lib/python3.11/xml/__init__.py to xml/__init__.pyc
creating /Users/calum/Developer/Excelerator/build/bdist.macosx-14.2-arm64/python3.11-standalone/app/collect/xml
byte-compiling /Users/calum/.pyenv/versions/3.11.1/lib/python3.11/xml/dom/NodeFilter.py to xml/dom/NodeFilter.pyc
creating /Users/calum/Developer/Excelerator/build/bdist.macosx-14.2-arm64/python3.11-standalone/app/collect/xml/dom
byte-compiling /Users/calum/.pyenv/versions/3.11.1/lib/python3.11/xml/dom/__init__.py to xml/dom/__init__.pyc
byte-compiling /Users/calum/.pyenv/versions/3.11.1/lib/python3.11/xml/dom/domreg.py to xml/dom/domreg.pyc
byte-compiling /Users/calum/.pyenv/versions/3.11.1/lib/python3.11/xml/dom/expatbuilder.py to xml/dom/expatbuilder.pyc
byte-compiling /Users/calum/.pyenv/versions/3.11.1/lib/python3.11/xml/dom/minicompat.py to xml/dom/minicompat.pyc
byte-compiling /Users/calum/.pyenv/versions/3.11.1/lib/python3.11/xml/dom/minidom.py to xml/dom/minidom.pyc
byte-compiling /Users/calum/.pyenv/versions/3.11.1/lib/python3.11/xml/dom/pulldom.py to xml/dom/pulldom.pyc
byte-compiling /Users/calum/.pyenv/versions/3.11.1/lib/python3.11/xml/dom/xmlbuilder.py to xml/dom/xmlbuilder.pyc
byte-compiling /Users/calum/.pyenv/versions/3.11.1/lib/python3.11/xml/etree/ElementInclude.py to xml/etree/ElementInclude.pyc
creating /Users/calum/Developer/Excelerator/build/bdist.macosx-14.2-arm64/python3.11-standalone/app/collect/xml/etree
byte-compiling /Users/calum/.pyenv/versions/3.11.1/lib/python3.11/xml/etree/ElementPath.py to xml/etree/ElementPath.pyc
byte-compiling /Users/calum/.pyenv/versions/3.11.1/lib/python3.11/xml/etree/ElementTree.py to xml/etree/ElementTree.pyc
byte-compiling /Users/calum/.pyenv/versions/3.11.1/lib/python3.11/xml/etree/__init__.py to xml/etree/__init__.pyc
byte-compiling /Users/calum/.pyenv/versions/3.11.1/lib/python3.11/xml/etree/cElementTree.py to xml/etree/cElementTree.pyc
byte-compiling /Users/calum/.pyenv/versions/3.11.1/lib/python3.11/xml/parsers/__init__.py to xml/parsers/__init__.pyc
creating /Users/calum/Developer/Excelerator/build/bdist.macosx-14.2-arm64/python3.11-standalone/app/collect/xml/parsers
byte-compiling /Users/calum/.pyenv/versions/3.11.1/lib/python3.11/xml/parsers/expat.py to xml/parsers/expat.pyc
byte-compiling /Users/calum/.pyenv/versions/3.11.1/lib/python3.11/xml/sax/__init__.py to xml/sax/__init__.pyc
creating /Users/calum/Developer/Excelerator/build/bdist.macosx-14.2-arm64/python3.11-standalone/app/collect/xml/sax
byte-compiling /Users/calum/.pyenv/versions/3.11.1/lib/python3.11/xml/sax/_exceptions.py to xml/sax/_exceptions.pyc
byte-compiling /Users/calum/.pyenv/versions/3.11.1/lib/python3.11/xml/sax/expatreader.py to xml/sax/expatreader.pyc
byte-compiling /Users/calum/.pyenv/versions/3.11.1/lib/python3.11/xml/sax/handler.py to xml/sax/handler.pyc
byte-compiling /Users/calum/.pyenv/versions/3.11.1/lib/python3.11/xml/sax/saxutils.py to xml/sax/saxutils.pyc
byte-compiling /Users/calum/.pyenv/versions/3.11.1/lib/python3.11/xml/sax/xmlreader.py to xml/sax/xmlreader.pyc
byte-compiling /Users/calum/.pyenv/versions/3.11.1/lib/python3.11/xmlrpc/__init__.py to xmlrpc/__init__.pyc
creating /Users/calum/Developer/Excelerator/build/bdist.macosx-14.2-arm64/python3.11-standalone/app/collect/xmlrpc
byte-compiling /Users/calum/.pyenv/versions/3.11.1/lib/python3.11/xmlrpc/client.py to xmlrpc/client.pyc
byte-compiling /Users/calum/.pyenv/versions/3.11.1/lib/python3.11/xmlrpc/server.py to xmlrpc/server.pyc
byte-compiling /Users/calum/.pyenv/versions/3.11.1/lib/python3.11/zipfile.py to zipfile.pyc
byte-compiling /Users/calum/.pyenv/versions/3.11.1/lib/python3.11/zipimport.py to zipimport.pyc
byte-compiling /Users/calum/.pyenv/versions/3.11.1/lib/python3.11/zoneinfo/__init__.py to zoneinfo/__init__.pyc
creating /Users/calum/Developer/Excelerator/build/bdist.macosx-14.2-arm64/python3.11-standalone/app/collect/zoneinfo
byte-compiling /Users/calum/.pyenv/versions/3.11.1/lib/python3.11/zoneinfo/_common.py to zoneinfo/_common.pyc
byte-compiling /Users/calum/.pyenv/versions/3.11.1/lib/python3.11/zoneinfo/_tzpath.py to zoneinfo/_tzpath.pyc
byte-compiling /Users/calum/.pyenv/versions/3.11.1/lib/python3.11/zoneinfo/_zoneinfo.py to zoneinfo/_zoneinfo.pyc
byte-compiling /Users/calum/Developer/Excelerator/api_calls.py to api_calls.pyc
byte-compiling /Users/calum/Developer/Excelerator/auth.py to auth.pyc
byte-compiling /Users/calum/Developer/Excelerator/build/bdist.macosx-14.2-arm64/python3.11-standalone/app/temp/empty_package/__init__.py to numpy/random/_examples/cffi/__init__.pyc
creating /Users/calum/Developer/Excelerator/build/bdist.macosx-14.2-arm64/python3.11-standalone/app/collect/numpy
creating /Users/calum/Developer/Excelerator/build/bdist.macosx-14.2-arm64/python3.11-standalone/app/collect/numpy/random
creating /Users/calum/Developer/Excelerator/build/bdist.macosx-14.2-arm64/python3.11-standalone/app/collect/numpy/random/_examples
creating /Users/calum/Developer/Excelerator/build/bdist.macosx-14.2-arm64/python3.11-standalone/app/collect/numpy/random/_examples/cffi
byte-compiling /Users/calum/Developer/Excelerator/build/bdist.macosx-14.2-arm64/python3.11-standalone/app/temp/empty_package/__init__.py to numpy/random/_examples/__init__.pyc
byte-compiling /Users/calum/Developer/Excelerator/build/bdist.macosx-14.2-arm64/python3.11-standalone/app/temp/empty_package/__init__.py to numpy/random/_examples/numba/__init__.pyc
creating /Users/calum/Developer/Excelerator/build/bdist.macosx-14.2-arm64/python3.11-standalone/app/collect/numpy/random/_examples/numba
byte-compiling /Users/calum/Developer/Excelerator/env/lib/python3.11/site-packages/PIL/BmpImagePlugin.py to PIL/BmpImagePlugin.pyc
creating /Users/calum/Developer/Excelerator/build/bdist.macosx-14.2-arm64/python3.11-standalone/app/collect/PIL
byte-compiling /Users/calum/Developer/Excelerator/env/lib/python3.11/site-packages/PIL/ExifTags.py to PIL/ExifTags.pyc
byte-compiling /Users/calum/Developer/Excelerator/env/lib/python3.11/site-packages/PIL/GifImagePlugin.py to PIL/GifImagePlugin.pyc
byte-compiling /Users/calum/Developer/Excelerator/env/lib/python3.11/site-packages/PIL/GimpGradientFile.py to PIL/GimpGradientFile.pyc
byte-compiling /Users/calum/Developer/Excelerator/env/lib/python3.11/site-packages/PIL/GimpPaletteFile.py to PIL/GimpPaletteFile.pyc
byte-compiling /Users/calum/Developer/Excelerator/env/lib/python3.11/site-packages/PIL/Image.py to PIL/Image.pyc
byte-compiling /Users/calum/Developer/Excelerator/env/lib/python3.11/site-packages/PIL/ImageChops.py to PIL/ImageChops.pyc
byte-compiling /Users/calum/Developer/Excelerator/env/lib/python3.11/site-packages/PIL/ImageCms.py to PIL/ImageCms.pyc
byte-compiling /Users/calum/Developer/Excelerator/env/lib/python3.11/site-packages/PIL/ImageColor.py to PIL/ImageColor.pyc
byte-compiling /Users/calum/Developer/Excelerator/env/lib/python3.11/site-packages/PIL/ImageFile.py to PIL/ImageFile.pyc
byte-compiling /Users/calum/Developer/Excelerator/env/lib/python3.11/site-packages/PIL/ImageFilter.py to PIL/ImageFilter.pyc
byte-compiling /Users/calum/Developer/Excelerator/env/lib/python3.11/site-packages/PIL/ImageMath.py to PIL/ImageMath.pyc
byte-compiling /Users/calum/Developer/Excelerator/env/lib/python3.11/site-packages/PIL/ImageMode.py to PIL/ImageMode.pyc
byte-compiling /Users/calum/Developer/Excelerator/env/lib/python3.11/site-packages/PIL/ImageOps.py to PIL/ImageOps.pyc
byte-compiling /Users/calum/Developer/Excelerator/env/lib/python3.11/site-packages/PIL/ImagePalette.py to PIL/ImagePalette.pyc
byte-compiling /Users/calum/Developer/Excelerator/env/lib/python3.11/site-packages/PIL/ImageQt.py to PIL/ImageQt.pyc
byte-compiling /Users/calum/Developer/Excelerator/env/lib/python3.11/site-packages/PIL/ImageSequence.py to PIL/ImageSequence.pyc
byte-compiling /Users/calum/Developer/Excelerator/env/lib/python3.11/site-packages/PIL/ImageShow.py to PIL/ImageShow.pyc
byte-compiling /Users/calum/Developer/Excelerator/env/lib/python3.11/site-packages/PIL/ImageTk.py to PIL/ImageTk.pyc
byte-compiling /Users/calum/Developer/Excelerator/env/lib/python3.11/site-packages/PIL/ImageWin.py to PIL/ImageWin.pyc
byte-compiling /Users/calum/Developer/Excelerator/env/lib/python3.11/site-packages/PIL/JpegImagePlugin.py to PIL/JpegImagePlugin.pyc
byte-compiling /Users/calum/Developer/Excelerator/env/lib/python3.11/site-packages/PIL/JpegPresets.py to PIL/JpegPresets.pyc
byte-compiling /Users/calum/Developer/Excelerator/env/lib/python3.11/site-packages/PIL/MpoImagePlugin.py to PIL/MpoImagePlugin.pyc
byte-compiling /Users/calum/Developer/Excelerator/env/lib/python3.11/site-packages/PIL/PaletteFile.py to PIL/PaletteFile.pyc
byte-compiling /Users/calum/Developer/Excelerator/env/lib/python3.11/site-packages/PIL/PngImagePlugin.py to PIL/PngImagePlugin.pyc
byte-compiling /Users/calum/Developer/Excelerator/env/lib/python3.11/site-packages/PIL/PpmImagePlugin.py to PIL/PpmImagePlugin.pyc
byte-compiling /Users/calum/Developer/Excelerator/env/lib/python3.11/site-packages/PIL/PyAccess.py to PIL/PyAccess.pyc
byte-compiling /Users/calum/Developer/Excelerator/env/lib/python3.11/site-packages/PIL/TiffImagePlugin.py to PIL/TiffImagePlugin.pyc
byte-compiling /Users/calum/Developer/Excelerator/env/lib/python3.11/site-packages/PIL/TiffTags.py to PIL/TiffTags.pyc
byte-compiling /Users/calum/Developer/Excelerator/env/lib/python3.11/site-packages/PIL/__init__.py to PIL/__init__.pyc
byte-compiling /Users/calum/Developer/Excelerator/env/lib/python3.11/site-packages/PIL/_binary.py to PIL/_binary.pyc
byte-compiling /Users/calum/Developer/Excelerator/env/lib/python3.11/site-packages/PIL/_deprecate.py to PIL/_deprecate.pyc
byte-compiling /Users/calum/Developer/Excelerator/env/lib/python3.11/site-packages/PIL/_typing.py to PIL/_typing.pyc
byte-compiling /Users/calum/Developer/Excelerator/env/lib/python3.11/site-packages/PIL/_util.py to PIL/_util.pyc
byte-compiling /Users/calum/Developer/Excelerator/env/lib/python3.11/site-packages/PIL/_version.py to PIL/_version.pyc
byte-compiling /Users/calum/Developer/Excelerator/env/lib/python3.11/site-packages/PyPDF2/__init__.py to PyPDF2/__init__.pyc
creating /Users/calum/Developer/Excelerator/build/bdist.macosx-14.2-arm64/python3.11-standalone/app/collect/PyPDF2
byte-compiling /Users/calum/Developer/Excelerator/env/lib/python3.11/site-packages/PyPDF2/_cmap.py to PyPDF2/_cmap.pyc
byte-compiling /Users/calum/Developer/Excelerator/env/lib/python3.11/site-packages/PyPDF2/_codecs/__init__.py to PyPDF2/_codecs/__init__.pyc
creating /Users/calum/Developer/Excelerator/build/bdist.macosx-14.2-arm64/python3.11-standalone/app/collect/PyPDF2/_codecs
byte-compiling /Users/calum/Developer/Excelerator/env/lib/python3.11/site-packages/PyPDF2/_codecs/adobe_glyphs.py to PyPDF2/_codecs/adobe_glyphs.pyc
byte-compiling /Users/calum/Developer/Excelerator/env/lib/python3.11/site-packages/PyPDF2/_codecs/pdfdoc.py to PyPDF2/_codecs/pdfdoc.pyc
byte-compiling /Users/calum/Developer/Excelerator/env/lib/python3.11/site-packages/PyPDF2/_codecs/std.py to PyPDF2/_codecs/std.pyc
byte-compiling /Users/calum/Developer/Excelerator/env/lib/python3.11/site-packages/PyPDF2/_codecs/symbol.py to PyPDF2/_codecs/symbol.pyc
byte-compiling /Users/calum/Developer/Excelerator/env/lib/python3.11/site-packages/PyPDF2/_codecs/zapfding.py to PyPDF2/_codecs/zapfding.pyc
byte-compiling /Users/calum/Developer/Excelerator/env/lib/python3.11/site-packages/PyPDF2/_encryption.py to PyPDF2/_encryption.pyc
byte-compiling /Users/calum/Developer/Excelerator/env/lib/python3.11/site-packages/PyPDF2/_merger.py to PyPDF2/_merger.pyc
byte-compiling /Users/calum/Developer/Excelerator/env/lib/python3.11/site-packages/PyPDF2/_page.py to PyPDF2/_page.pyc
byte-compiling /Users/calum/Developer/Excelerator/env/lib/python3.11/site-packages/PyPDF2/_protocols.py to PyPDF2/_protocols.pyc
byte-compiling /Users/calum/Developer/Excelerator/env/lib/python3.11/site-packages/PyPDF2/_reader.py to PyPDF2/_reader.pyc
byte-compiling /Users/calum/Developer/Excelerator/env/lib/python3.11/site-packages/PyPDF2/_security.py to PyPDF2/_security.pyc
byte-compiling /Users/calum/Developer/Excelerator/env/lib/python3.11/site-packages/PyPDF2/_utils.py to PyPDF2/_utils.pyc
byte-compiling /Users/calum/Developer/Excelerator/env/lib/python3.11/site-packages/PyPDF2/_version.py to PyPDF2/_version.pyc
byte-compiling /Users/calum/Developer/Excelerator/env/lib/python3.11/site-packages/PyPDF2/_writer.py to PyPDF2/_writer.pyc
byte-compiling /Users/calum/Developer/Excelerator/env/lib/python3.11/site-packages/PyPDF2/constants.py to PyPDF2/constants.pyc
byte-compiling /Users/calum/Developer/Excelerator/env/lib/python3.11/site-packages/PyPDF2/errors.py to PyPDF2/errors.pyc
byte-compiling /Users/calum/Developer/Excelerator/env/lib/python3.11/site-packages/PyPDF2/filters.py to PyPDF2/filters.pyc
byte-compiling /Users/calum/Developer/Excelerator/env/lib/python3.11/site-packages/PyPDF2/generic/__init__.py to PyPDF2/generic/__init__.pyc
creating /Users/calum/Developer/Excelerator/build/bdist.macosx-14.2-arm64/python3.11-standalone/app/collect/PyPDF2/generic
byte-compiling /Users/calum/Developer/Excelerator/env/lib/python3.11/site-packages/PyPDF2/generic/_annotations.py to PyPDF2/generic/_annotations.pyc
byte-compiling /Users/calum/Developer/Excelerator/env/lib/python3.11/site-packages/PyPDF2/generic/_base.py to PyPDF2/generic/_base.pyc
byte-compiling /Users/calum/Developer/Excelerator/env/lib/python3.11/site-packages/PyPDF2/generic/_data_structures.py to PyPDF2/generic/_data_structures.pyc
byte-compiling /Users/calum/Developer/Excelerator/env/lib/python3.11/site-packages/PyPDF2/generic/_fit.py to PyPDF2/generic/_fit.pyc
byte-compiling /Users/calum/Developer/Excelerator/env/lib/python3.11/site-packages/PyPDF2/generic/_outline.py to PyPDF2/generic/_outline.pyc
byte-compiling /Users/calum/Developer/Excelerator/env/lib/python3.11/site-packages/PyPDF2/generic/_rectangle.py to PyPDF2/generic/_rectangle.pyc
byte-compiling /Users/calum/Developer/Excelerator/env/lib/python3.11/site-packages/PyPDF2/generic/_utils.py to PyPDF2/generic/_utils.pyc
byte-compiling /Users/calum/Developer/Excelerator/env/lib/python3.11/site-packages/PyPDF2/pagerange.py to PyPDF2/pagerange.pyc
byte-compiling /Users/calum/Developer/Excelerator/env/lib/python3.11/site-packages/PyPDF2/papersizes.py to PyPDF2/papersizes.pyc
byte-compiling /Users/calum/Developer/Excelerator/env/lib/python3.11/site-packages/PyPDF2/types.py to PyPDF2/types.pyc
byte-compiling /Users/calum/Developer/Excelerator/env/lib/python3.11/site-packages/PyPDF2/xmp.py to PyPDF2/xmp.pyc
byte-compiling /Users/calum/Developer/Excelerator/env/lib/python3.11/site-packages/_distutils_hack/__init__.py to _distutils_hack/__init__.pyc
creating /Users/calum/Developer/Excelerator/build/bdist.macosx-14.2-arm64/python3.11-standalone/app/collect/_distutils_hack
byte-compiling /Users/calum/Developer/Excelerator/env/lib/python3.11/site-packages/_distutils_hack/override.py to _distutils_hack/override.pyc
byte-compiling /Users/calum/Developer/Excelerator/env/lib/python3.11/site-packages/chardet/__init__.py to chardet/__init__.pyc
creating /Users/calum/Developer/Excelerator/build/bdist.macosx-14.2-arm64/python3.11-standalone/app/collect/chardet
byte-compiling /Users/calum/Developer/Excelerator/env/lib/python3.11/site-packages/chardet/big5freq.py to chardet/big5freq.pyc
byte-compiling /Users/calum/Developer/Excelerator/env/lib/python3.11/site-packages/chardet/big5prober.py to chardet/big5prober.pyc
byte-compiling /Users/calum/Developer/Excelerator/env/lib/python3.11/site-packages/chardet/chardistribution.py to chardet/chardistribution.pyc
byte-compiling /Users/calum/Developer/Excelerator/env/lib/python3.11/site-packages/chardet/charsetgroupprober.py to chardet/charsetgroupprober.pyc
byte-compiling /Users/calum/Developer/Excelerator/env/lib/python3.11/site-packages/chardet/charsetprober.py to chardet/charsetprober.pyc
byte-compiling /Users/calum/Developer/Excelerator/env/lib/python3.11/site-packages/chardet/codingstatemachine.py to chardet/codingstatemachine.pyc
byte-compiling /Users/calum/Developer/Excelerator/env/lib/python3.11/site-packages/chardet/codingstatemachinedict.py to chardet/codingstatemachinedict.pyc
byte-compiling /Users/calum/Developer/Excelerator/env/lib/python3.11/site-packages/chardet/cp949prober.py to chardet/cp949prober.pyc
byte-compiling /Users/calum/Developer/Excelerator/env/lib/python3.11/site-packages/chardet/enums.py to chardet/enums.pyc
byte-compiling /Users/calum/Developer/Excelerator/env/lib/python3.11/site-packages/chardet/escprober.py to chardet/escprober.pyc
byte-compiling /Users/calum/Developer/Excelerator/env/lib/python3.11/site-packages/chardet/escsm.py to chardet/escsm.pyc
byte-compiling /Users/calum/Developer/Excelerator/env/lib/python3.11/site-packages/chardet/eucjpprober.py to chardet/eucjpprober.pyc
byte-compiling /Users/calum/Developer/Excelerator/env/lib/python3.11/site-packages/chardet/euckrfreq.py to chardet/euckrfreq.pyc
byte-compiling /Users/calum/Developer/Excelerator/env/lib/python3.11/site-packages/chardet/euckrprober.py to chardet/euckrprober.pyc
byte-compiling /Users/calum/Developer/Excelerator/env/lib/python3.11/site-packages/chardet/euctwfreq.py to chardet/euctwfreq.pyc
byte-compiling /Users/calum/Developer/Excelerator/env/lib/python3.11/site-packages/chardet/euctwprober.py to chardet/euctwprober.pyc
byte-compiling /Users/calum/Developer/Excelerator/env/lib/python3.11/site-packages/chardet/gb2312freq.py to chardet/gb2312freq.pyc
byte-compiling /Users/calum/Developer/Excelerator/env/lib/python3.11/site-packages/chardet/gb2312prober.py to chardet/gb2312prober.pyc
byte-compiling /Users/calum/Developer/Excelerator/env/lib/python3.11/site-packages/chardet/hebrewprober.py to chardet/hebrewprober.pyc
byte-compiling /Users/calum/Developer/Excelerator/env/lib/python3.11/site-packages/chardet/jisfreq.py to chardet/jisfreq.pyc
byte-compiling /Users/calum/Developer/Excelerator/env/lib/python3.11/site-packages/chardet/johabfreq.py to chardet/johabfreq.pyc
byte-compiling /Users/calum/Developer/Excelerator/env/lib/python3.11/site-packages/chardet/johabprober.py to chardet/johabprober.pyc
byte-compiling /Users/calum/Developer/Excelerator/env/lib/python3.11/site-packages/chardet/jpcntx.py to chardet/jpcntx.pyc
byte-compiling /Users/calum/Developer/Excelerator/env/lib/python3.11/site-packages/chardet/langbulgarianmodel.py to chardet/langbulgarianmodel.pyc
byte-compiling /Users/calum/Developer/Excelerator/env/lib/python3.11/site-packages/chardet/langgreekmodel.py to chardet/langgreekmodel.pyc
byte-compiling /Users/calum/Developer/Excelerator/env/lib/python3.11/site-packages/chardet/langhebrewmodel.py to chardet/langhebrewmodel.pyc
byte-compiling /Users/calum/Developer/Excelerator/env/lib/python3.11/site-packages/chardet/langrussianmodel.py to chardet/langrussianmodel.pyc
byte-compiling /Users/calum/Developer/Excelerator/env/lib/python3.11/site-packages/chardet/langthaimodel.py to chardet/langthaimodel.pyc
byte-compiling /Users/calum/Developer/Excelerator/env/lib/python3.11/site-packages/chardet/langturkishmodel.py to chardet/langturkishmodel.pyc
byte-compiling /Users/calum/Developer/Excelerator/env/lib/python3.11/site-packages/chardet/latin1prober.py to chardet/latin1prober.pyc
byte-compiling /Users/calum/Developer/Excelerator/env/lib/python3.11/site-packages/chardet/macromanprober.py to chardet/macromanprober.pyc
byte-compiling /Users/calum/Developer/Excelerator/env/lib/python3.11/site-packages/chardet/mbcharsetprober.py to chardet/mbcharsetprober.pyc
byte-compiling /Users/calum/Developer/Excelerator/env/lib/python3.11/site-packages/chardet/mbcsgroupprober.py to chardet/mbcsgroupprober.pyc
byte-compiling /Users/calum/Developer/Excelerator/env/lib/python3.11/site-packages/chardet/mbcssm.py to chardet/mbcssm.pyc
byte-compiling /Users/calum/Developer/Excelerator/env/lib/python3.11/site-packages/chardet/resultdict.py to chardet/resultdict.pyc
byte-compiling /Users/calum/Developer/Excelerator/env/lib/python3.11/site-packages/chardet/sbcharsetprober.py to chardet/sbcharsetprober.pyc
byte-compiling /Users/calum/Developer/Excelerator/env/lib/python3.11/site-packages/chardet/sbcsgroupprober.py to chardet/sbcsgroupprober.pyc
byte-compiling /Users/calum/Developer/Excelerator/env/lib/python3.11/site-packages/chardet/sjisprober.py to chardet/sjisprober.pyc
byte-compiling /Users/calum/Developer/Excelerator/env/lib/python3.11/site-packages/chardet/universaldetector.py to chardet/universaldetector.pyc
byte-compiling /Users/calum/Developer/Excelerator/env/lib/python3.11/site-packages/chardet/utf1632prober.py to chardet/utf1632prober.pyc
byte-compiling /Users/calum/Developer/Excelerator/env/lib/python3.11/site-packages/chardet/utf8prober.py to chardet/utf8prober.pyc
byte-compiling /Users/calum/Developer/Excelerator/env/lib/python3.11/site-packages/chardet/version.py to chardet/version.pyc
byte-compiling /Users/calum/Developer/Excelerator/env/lib/python3.11/site-packages/charset_normalizer/__init__.py to charset_normalizer/__init__.pyc
creating /Users/calum/Developer/Excelerator/build/bdist.macosx-14.2-arm64/python3.11-standalone/app/collect/charset_normalizer
byte-compiling /Users/calum/Developer/Excelerator/env/lib/python3.11/site-packages/charset_normalizer/api.py to charset_normalizer/api.pyc
byte-compiling /Users/calum/Developer/Excelerator/env/lib/python3.11/site-packages/charset_normalizer/cd.py to charset_normalizer/cd.pyc
byte-compiling /Users/calum/Developer/Excelerator/env/lib/python3.11/site-packages/charset_normalizer/constant.py to charset_normalizer/constant.pyc
byte-compiling /Users/calum/Developer/Excelerator/env/lib/python3.11/site-packages/charset_normalizer/legacy.py to charset_normalizer/legacy.pyc
byte-compiling /Users/calum/Developer/Excelerator/env/lib/python3.11/site-packages/charset_normalizer/models.py to charset_normalizer/models.pyc
byte-compiling /Users/calum/Developer/Excelerator/env/lib/python3.11/site-packages/charset_normalizer/utils.py to charset_normalizer/utils.pyc
byte-compiling /Users/calum/Developer/Excelerator/env/lib/python3.11/site-packages/charset_normalizer/version.py to charset_normalizer/version.pyc
byte-compiling /Users/calum/Developer/Excelerator/env/lib/python3.11/site-packages/cryptography/__about__.py to cryptography/__about__.pyc
creating /Users/calum/Developer/Excelerator/build/bdist.macosx-14.2-arm64/python3.11-standalone/app/collect/cryptography
byte-compiling /Users/calum/Developer/Excelerator/env/lib/python3.11/site-packages/cryptography/__init__.py to cryptography/__init__.pyc
byte-compiling /Users/calum/Developer/Excelerator/env/lib/python3.11/site-packages/cryptography/exceptions.py to cryptography/exceptions.pyc
byte-compiling /Users/calum/Developer/Excelerator/env/lib/python3.11/site-packages/cryptography/hazmat/__init__.py to cryptography/hazmat/__init__.pyc
creating /Users/calum/Developer/Excelerator/build/bdist.macosx-14.2-arm64/python3.11-standalone/app/collect/cryptography/hazmat
byte-compiling /Users/calum/Developer/Excelerator/env/lib/python3.11/site-packages/cryptography/hazmat/_oid.py to cryptography/hazmat/_oid.pyc
byte-compiling /Users/calum/Developer/Excelerator/env/lib/python3.11/site-packages/cryptography/hazmat/backends/__init__.py to cryptography/hazmat/backends/__init__.pyc
creating /Users/calum/Developer/Excelerator/build/bdist.macosx-14.2-arm64/python3.11-standalone/app/collect/cryptography/hazmat/backends
byte-compiling /Users/calum/Developer/Excelerator/env/lib/python3.11/site-packages/cryptography/hazmat/backends/openssl/__init__.py to cryptography/hazmat/backends/openssl/__init__.pyc
creating /Users/calum/Developer/Excelerator/build/bdist.macosx-14.2-arm64/python3.11-standalone/app/collect/cryptography/hazmat/backends/openssl
byte-compiling /Users/calum/Developer/Excelerator/env/lib/python3.11/site-packages/cryptography/hazmat/backends/openssl/aead.py to cryptography/hazmat/backends/openssl/aead.pyc
byte-compiling /Users/calum/Developer/Excelerator/env/lib/python3.11/site-packages/cryptography/hazmat/backends/openssl/backend.py to cryptography/hazmat/backends/openssl/backend.pyc
byte-compiling /Users/calum/Developer/Excelerator/env/lib/python3.11/site-packages/cryptography/hazmat/backends/openssl/ciphers.py to cryptography/hazmat/backends/openssl/ciphers.pyc
byte-compiling /Users/calum/Developer/Excelerator/env/lib/python3.11/site-packages/cryptography/hazmat/bindings/__init__.py to cryptography/hazmat/bindings/__init__.pyc
creating /Users/calum/Developer/Excelerator/build/bdist.macosx-14.2-arm64/python3.11-standalone/app/collect/cryptography/hazmat/bindings
byte-compiling /Users/calum/Developer/Excelerator/env/lib/python3.11/site-packages/cryptography/hazmat/bindings/openssl/__init__.py to cryptography/hazmat/bindings/openssl/__init__.pyc
creating /Users/calum/Developer/Excelerator/build/bdist.macosx-14.2-arm64/python3.11-standalone/app/collect/cryptography/hazmat/bindings/openssl
byte-compiling /Users/calum/Developer/Excelerator/env/lib/python3.11/site-packages/cryptography/hazmat/bindings/openssl/_conditional.py to cryptography/hazmat/bindings/openssl/_conditional.pyc
byte-compiling /Users/calum/Developer/Excelerator/env/lib/python3.11/site-packages/cryptography/hazmat/bindings/openssl/binding.py to cryptography/hazmat/bindings/openssl/binding.pyc
byte-compiling /Users/calum/Developer/Excelerator/env/lib/python3.11/site-packages/cryptography/hazmat/primitives/__init__.py to cryptography/hazmat/primitives/__init__.pyc
creating /Users/calum/Developer/Excelerator/build/bdist.macosx-14.2-arm64/python3.11-standalone/app/collect/cryptography/hazmat/primitives
byte-compiling /Users/calum/Developer/Excelerator/env/lib/python3.11/site-packages/cryptography/hazmat/primitives/_asymmetric.py to cryptography/hazmat/primitives/_asymmetric.pyc
byte-compiling /Users/calum/Developer/Excelerator/env/lib/python3.11/site-packages/cryptography/hazmat/primitives/_cipheralgorithm.py to cryptography/hazmat/primitives/_cipheralgorithm.pyc
byte-compiling /Users/calum/Developer/Excelerator/env/lib/python3.11/site-packages/cryptography/hazmat/primitives/_serialization.py to cryptography/hazmat/primitives/_serialization.pyc
byte-compiling /Users/calum/Developer/Excelerator/env/lib/python3.11/site-packages/cryptography/hazmat/primitives/asymmetric/__init__.py to cryptography/hazmat/primitives/asymmetric/__init__.pyc
creating /Users/calum/Developer/Excelerator/build/bdist.macosx-14.2-arm64/python3.11-standalone/app/collect/cryptography/hazmat/primitives/asymmetric
byte-compiling /Users/calum/Developer/Excelerator/env/lib/python3.11/site-packages/cryptography/hazmat/primitives/asymmetric/dh.py to cryptography/hazmat/primitives/asymmetric/dh.pyc
byte-compiling /Users/calum/Developer/Excelerator/env/lib/python3.11/site-packages/cryptography/hazmat/primitives/asymmetric/dsa.py to cryptography/hazmat/primitives/asymmetric/dsa.pyc
byte-compiling /Users/calum/Developer/Excelerator/env/lib/python3.11/site-packages/cryptography/hazmat/primitives/asymmetric/ec.py to cryptography/hazmat/primitives/asymmetric/ec.pyc
byte-compiling /Users/calum/Developer/Excelerator/env/lib/python3.11/site-packages/cryptography/hazmat/primitives/asymmetric/ed25519.py to cryptography/hazmat/primitives/asymmetric/ed25519.pyc
byte-compiling /Users/calum/Developer/Excelerator/env/lib/python3.11/site-packages/cryptography/hazmat/primitives/asymmetric/ed448.py to cryptography/hazmat/primitives/asymmetric/ed448.pyc
byte-compiling /Users/calum/Developer/Excelerator/env/lib/python3.11/site-packages/cryptography/hazmat/primitives/asymmetric/padding.py to cryptography/hazmat/primitives/asymmetric/padding.pyc
byte-compiling /Users/calum/Developer/Excelerator/env/lib/python3.11/site-packages/cryptography/hazmat/primitives/asymmetric/rsa.py to cryptography/hazmat/primitives/asymmetric/rsa.pyc
byte-compiling /Users/calum/Developer/Excelerator/env/lib/python3.11/site-packages/cryptography/hazmat/primitives/asymmetric/types.py to cryptography/hazmat/primitives/asymmetric/types.pyc
byte-compiling /Users/calum/Developer/Excelerator/env/lib/python3.11/site-packages/cryptography/hazmat/primitives/asymmetric/utils.py to cryptography/hazmat/primitives/asymmetric/utils.pyc
byte-compiling /Users/calum/Developer/Excelerator/env/lib/python3.11/site-packages/cryptography/hazmat/primitives/asymmetric/x25519.py to cryptography/hazmat/primitives/asymmetric/x25519.pyc
byte-compiling /Users/calum/Developer/Excelerator/env/lib/python3.11/site-packages/cryptography/hazmat/primitives/asymmetric/x448.py to cryptography/hazmat/primitives/asymmetric/x448.pyc
byte-compiling /Users/calum/Developer/Excelerator/env/lib/python3.11/site-packages/cryptography/hazmat/primitives/ciphers/__init__.py to cryptography/hazmat/primitives/ciphers/__init__.pyc
creating /Users/calum/Developer/Excelerator/build/bdist.macosx-14.2-arm64/python3.11-standalone/app/collect/cryptography/hazmat/primitives/ciphers
byte-compiling /Users/calum/Developer/Excelerator/env/lib/python3.11/site-packages/cryptography/hazmat/primitives/ciphers/aead.py to cryptography/hazmat/primitives/ciphers/aead.pyc
byte-compiling /Users/calum/Developer/Excelerator/env/lib/python3.11/site-packages/cryptography/hazmat/primitives/ciphers/algorithms.py to cryptography/hazmat/primitives/ciphers/algorithms.pyc
byte-compiling /Users/calum/Developer/Excelerator/env/lib/python3.11/site-packages/cryptography/hazmat/primitives/ciphers/base.py to cryptography/hazmat/primitives/ciphers/base.pyc
byte-compiling /Users/calum/Developer/Excelerator/env/lib/python3.11/site-packages/cryptography/hazmat/primitives/ciphers/modes.py to cryptography/hazmat/primitives/ciphers/modes.pyc
byte-compiling /Users/calum/Developer/Excelerator/env/lib/python3.11/site-packages/cryptography/hazmat/primitives/constant_time.py to cryptography/hazmat/primitives/constant_time.pyc
byte-compiling /Users/calum/Developer/Excelerator/env/lib/python3.11/site-packages/cryptography/hazmat/primitives/hashes.py to cryptography/hazmat/primitives/hashes.pyc
byte-compiling /Users/calum/Developer/Excelerator/env/lib/python3.11/site-packages/cryptography/hazmat/primitives/serialization/__init__.py to cryptography/hazmat/primitives/serialization/__init__.pyc
creating /Users/calum/Developer/Excelerator/build/bdist.macosx-14.2-arm64/python3.11-standalone/app/collect/cryptography/hazmat/primitives/serialization
byte-compiling /Users/calum/Developer/Excelerator/env/lib/python3.11/site-packages/cryptography/hazmat/primitives/serialization/base.py to cryptography/hazmat/primitives/serialization/base.pyc
byte-compiling /Users/calum/Developer/Excelerator/env/lib/python3.11/site-packages/cryptography/hazmat/primitives/serialization/pkcs12.py to cryptography/hazmat/primitives/serialization/pkcs12.pyc
byte-compiling /Users/calum/Developer/Excelerator/env/lib/python3.11/site-packages/cryptography/hazmat/primitives/serialization/ssh.py to cryptography/hazmat/primitives/serialization/ssh.pyc
byte-compiling /Users/calum/Developer/Excelerator/env/lib/python3.11/site-packages/cryptography/utils.py to cryptography/utils.pyc
byte-compiling /Users/calum/Developer/Excelerator/env/lib/python3.11/site-packages/cryptography/x509/__init__.py to cryptography/x509/__init__.pyc
creating /Users/calum/Developer/Excelerator/build/bdist.macosx-14.2-arm64/python3.11-standalone/app/collect/cryptography/x509
byte-compiling /Users/calum/Developer/Excelerator/env/lib/python3.11/site-packages/cryptography/x509/base.py to cryptography/x509/base.pyc
byte-compiling /Users/calum/Developer/Excelerator/env/lib/python3.11/site-packages/cryptography/x509/certificate_transparency.py to cryptography/x509/certificate_transparency.pyc
byte-compiling /Users/calum/Developer/Excelerator/env/lib/python3.11/site-packages/cryptography/x509/extensions.py to cryptography/x509/extensions.pyc
byte-compiling /Users/calum/Developer/Excelerator/env/lib/python3.11/site-packages/cryptography/x509/general_name.py to cryptography/x509/general_name.pyc
byte-compiling /Users/calum/Developer/Excelerator/env/lib/python3.11/site-packages/cryptography/x509/name.py to cryptography/x509/name.pyc
byte-compiling /Users/calum/Developer/Excelerator/env/lib/python3.11/site-packages/cryptography/x509/oid.py to cryptography/x509/oid.pyc
byte-compiling /Users/calum/Developer/Excelerator/env/lib/python3.11/site-packages/cryptography/x509/verification.py to cryptography/x509/verification.pyc
byte-compiling /Users/calum/Developer/Excelerator/env/lib/python3.11/site-packages/dateutil/__init__.py to dateutil/__init__.pyc
creating /Users/calum/Developer/Excelerator/build/bdist.macosx-14.2-arm64/python3.11-standalone/app/collect/dateutil
byte-compiling /Users/calum/Developer/Excelerator/env/lib/python3.11/site-packages/dateutil/_common.py to dateutil/_common.pyc
byte-compiling /Users/calum/Developer/Excelerator/env/lib/python3.11/site-packages/dateutil/_version.py to dateutil/_version.pyc
byte-compiling /Users/calum/Developer/Excelerator/env/lib/python3.11/site-packages/dateutil/easter.py to dateutil/easter.pyc
byte-compiling /Users/calum/Developer/Excelerator/env/lib/python3.11/site-packages/dateutil/parser/__init__.py to dateutil/parser/__init__.pyc
creating /Users/calum/Developer/Excelerator/build/bdist.macosx-14.2-arm64/python3.11-standalone/app/collect/dateutil/parser
byte-compiling /Users/calum/Developer/Excelerator/env/lib/python3.11/site-packages/dateutil/parser/_parser.py to dateutil/parser/_parser.pyc
byte-compiling /Users/calum/Developer/Excelerator/env/lib/python3.11/site-packages/dateutil/parser/isoparser.py to dateutil/parser/isoparser.pyc
byte-compiling /Users/calum/Developer/Excelerator/env/lib/python3.11/site-packages/dateutil/relativedelta.py to dateutil/relativedelta.pyc
byte-compiling /Users/calum/Developer/Excelerator/env/lib/python3.11/site-packages/dateutil/rrule.py to dateutil/rrule.pyc
byte-compiling /Users/calum/Developer/Excelerator/env/lib/python3.11/site-packages/dateutil/tz/__init__.py to dateutil/tz/__init__.pyc
creating /Users/calum/Developer/Excelerator/build/bdist.macosx-14.2-arm64/python3.11-standalone/app/collect/dateutil/tz
byte-compiling /Users/calum/Developer/Excelerator/env/lib/python3.11/site-packages/dateutil/tz/_common.py to dateutil/tz/_common.pyc
byte-compiling /Users/calum/Developer/Excelerator/env/lib/python3.11/site-packages/dateutil/tz/_factories.py to dateutil/tz/_factories.pyc
byte-compiling /Users/calum/Developer/Excelerator/env/lib/python3.11/site-packages/dateutil/tz/tz.py to dateutil/tz/tz.pyc
byte-compiling /Users/calum/Developer/Excelerator/env/lib/python3.11/site-packages/dateutil/tz/win.py to dateutil/tz/win.pyc
byte-compiling /Users/calum/Developer/Excelerator/env/lib/python3.11/site-packages/dateutil/zoneinfo/__init__.py to dateutil/zoneinfo/__init__.pyc
creating /Users/calum/Developer/Excelerator/build/bdist.macosx-14.2-arm64/python3.11-standalone/app/collect/dateutil/zoneinfo
byte-compiling /Users/calum/Developer/Excelerator/env/lib/python3.11/site-packages/et_xmlfile/__init__.py to et_xmlfile/__init__.pyc
creating /Users/calum/Developer/Excelerator/build/bdist.macosx-14.2-arm64/python3.11-standalone/app/collect/et_xmlfile
byte-compiling /Users/calum/Developer/Excelerator/env/lib/python3.11/site-packages/et_xmlfile/xmlfile.py to et_xmlfile/xmlfile.pyc
byte-compiling /Users/calum/Developer/Excelerator/env/lib/python3.11/site-packages/idna/__init__.py to idna/__init__.pyc
creating /Users/calum/Developer/Excelerator/build/bdist.macosx-14.2-arm64/python3.11-standalone/app/collect/idna
byte-compiling /Users/calum/Developer/Excelerator/env/lib/python3.11/site-packages/idna/core.py to idna/core.pyc
byte-compiling /Users/calum/Developer/Excelerator/env/lib/python3.11/site-packages/idna/idnadata.py to idna/idnadata.pyc
byte-compiling /Users/calum/Developer/Excelerator/env/lib/python3.11/site-packages/idna/intranges.py to idna/intranges.pyc
byte-compiling /Users/calum/Developer/Excelerator/env/lib/python3.11/site-packages/idna/package_data.py to idna/package_data.pyc
byte-compiling /Users/calum/Developer/Excelerator/env/lib/python3.11/site-packages/idna/uts46data.py to idna/uts46data.pyc
byte-compiling /Users/calum/Developer/Excelerator/env/lib/python3.11/site-packages/jwt/__init__.py to jwt/__init__.pyc
creating /Users/calum/Developer/Excelerator/build/bdist.macosx-14.2-arm64/python3.11-standalone/app/collect/jwt
byte-compiling /Users/calum/Developer/Excelerator/env/lib/python3.11/site-packages/jwt/algorithms.py to jwt/algorithms.pyc
byte-compiling /Users/calum/Developer/Excelerator/env/lib/python3.11/site-packages/jwt/api_jwk.py to jwt/api_jwk.pyc
byte-compiling /Users/calum/Developer/Excelerator/env/lib/python3.11/site-packages/jwt/api_jws.py to jwt/api_jws.pyc
byte-compiling /Users/calum/Developer/Excelerator/env/lib/python3.11/site-packages/jwt/api_jwt.py to jwt/api_jwt.pyc
byte-compiling /Users/calum/Developer/Excelerator/env/lib/python3.11/site-packages/jwt/exceptions.py to jwt/exceptions.pyc
byte-compiling /Users/calum/Developer/Excelerator/env/lib/python3.11/site-packages/jwt/jwk_set_cache.py to jwt/jwk_set_cache.pyc
byte-compiling /Users/calum/Developer/Excelerator/env/lib/python3.11/site-packages/jwt/jwks_client.py to jwt/jwks_client.pyc
byte-compiling /Users/calum/Developer/Excelerator/env/lib/python3.11/site-packages/jwt/types.py to jwt/types.pyc
byte-compiling /Users/calum/Developer/Excelerator/env/lib/python3.11/site-packages/jwt/utils.py to jwt/utils.pyc
byte-compiling /Users/calum/Developer/Excelerator/env/lib/python3.11/site-packages/jwt/warnings.py to jwt/warnings.pyc
byte-compiling /Users/calum/Developer/Excelerator/env/lib/python3.11/site-packages/msal/__init__.py to msal/__init__.pyc
creating /Users/calum/Developer/Excelerator/build/bdist.macosx-14.2-arm64/python3.11-standalone/app/collect/msal
byte-compiling /Users/calum/Developer/Excelerator/env/lib/python3.11/site-packages/msal/application.py to msal/application.pyc
byte-compiling /Users/calum/Developer/Excelerator/env/lib/python3.11/site-packages/msal/auth_scheme.py to msal/auth_scheme.pyc
byte-compiling /Users/calum/Developer/Excelerator/env/lib/python3.11/site-packages/msal/authority.py to msal/authority.pyc
byte-compiling /Users/calum/Developer/Excelerator/env/lib/python3.11/site-packages/msal/broker.py to msal/broker.pyc
byte-compiling /Users/calum/Developer/Excelerator/env/lib/python3.11/site-packages/msal/cloudshell.py to msal/cloudshell.pyc
byte-compiling /Users/calum/Developer/Excelerator/env/lib/python3.11/site-packages/msal/individual_cache.py to msal/individual_cache.pyc
byte-compiling /Users/calum/Developer/Excelerator/env/lib/python3.11/site-packages/msal/mex.py to msal/mex.pyc
byte-compiling /Users/calum/Developer/Excelerator/env/lib/python3.11/site-packages/msal/oauth2cli/__init__.py to msal/oauth2cli/__init__.pyc
creating /Users/calum/Developer/Excelerator/build/bdist.macosx-14.2-arm64/python3.11-standalone/app/collect/msal/oauth2cli
byte-compiling /Users/calum/Developer/Excelerator/env/lib/python3.11/site-packages/msal/oauth2cli/assertion.py to msal/oauth2cli/assertion.pyc
byte-compiling /Users/calum/Developer/Excelerator/env/lib/python3.11/site-packages/msal/oauth2cli/authcode.py to msal/oauth2cli/authcode.pyc
byte-compiling /Users/calum/Developer/Excelerator/env/lib/python3.11/site-packages/msal/oauth2cli/oauth2.py to msal/oauth2cli/oauth2.pyc
byte-compiling /Users/calum/Developer/Excelerator/env/lib/python3.11/site-packages/msal/oauth2cli/oidc.py to msal/oauth2cli/oidc.pyc
byte-compiling /Users/calum/Developer/Excelerator/env/lib/python3.11/site-packages/msal/region.py to msal/region.pyc
byte-compiling /Users/calum/Developer/Excelerator/env/lib/python3.11/site-packages/msal/telemetry.py to msal/telemetry.pyc
byte-compiling /Users/calum/Developer/Excelerator/env/lib/python3.11/site-packages/msal/throttled_http_client.py to msal/throttled_http_client.pyc
byte-compiling /Users/calum/Developer/Excelerator/env/lib/python3.11/site-packages/msal/token_cache.py to msal/token_cache.pyc
byte-compiling /Users/calum/Developer/Excelerator/env/lib/python3.11/site-packages/msal/wstrust_request.py to msal/wstrust_request.pyc
byte-compiling /Users/calum/Developer/Excelerator/env/lib/python3.11/site-packages/msal/wstrust_response.py to msal/wstrust_response.pyc
byte-compiling /Users/calum/Developer/Excelerator/env/lib/python3.11/site-packages/openpyxl/__init__.py to openpyxl/__init__.pyc
creating /Users/calum/Developer/Excelerator/build/bdist.macosx-14.2-arm64/python3.11-standalone/app/collect/openpyxl
byte-compiling /Users/calum/Developer/Excelerator/env/lib/python3.11/site-packages/openpyxl/_constants.py to openpyxl/_constants.pyc
byte-compiling /Users/calum/Developer/Excelerator/env/lib/python3.11/site-packages/openpyxl/cell/__init__.py to openpyxl/cell/__init__.pyc
creating /Users/calum/Developer/Excelerator/build/bdist.macosx-14.2-arm64/python3.11-standalone/app/collect/openpyxl/cell
byte-compiling /Users/calum/Developer/Excelerator/env/lib/python3.11/site-packages/openpyxl/cell/_writer.py to openpyxl/cell/_writer.pyc
byte-compiling /Users/calum/Developer/Excelerator/env/lib/python3.11/site-packages/openpyxl/cell/cell.py to openpyxl/cell/cell.pyc
byte-compiling /Users/calum/Developer/Excelerator/env/lib/python3.11/site-packages/openpyxl/cell/read_only.py to openpyxl/cell/read_only.pyc
byte-compiling /Users/calum/Developer/Excelerator/env/lib/python3.11/site-packages/openpyxl/cell/rich_text.py to openpyxl/cell/rich_text.pyc
byte-compiling /Users/calum/Developer/Excelerator/env/lib/python3.11/site-packages/openpyxl/cell/text.py to openpyxl/cell/text.pyc
byte-compiling /Users/calum/Developer/Excelerator/env/lib/python3.11/site-packages/openpyxl/chart/_3d.py to openpyxl/chart/_3d.pyc
creating /Users/calum/Developer/Excelerator/build/bdist.macosx-14.2-arm64/python3.11-standalone/app/collect/openpyxl/chart
byte-compiling /Users/calum/Developer/Excelerator/env/lib/python3.11/site-packages/openpyxl/chart/__init__.py to openpyxl/chart/__init__.pyc
byte-compiling /Users/calum/Developer/Excelerator/env/lib/python3.11/site-packages/openpyxl/chart/_chart.py to openpyxl/chart/_chart.pyc
byte-compiling /Users/calum/Developer/Excelerator/env/lib/python3.11/site-packages/openpyxl/chart/area_chart.py to openpyxl/chart/area_chart.pyc
byte-compiling /Users/calum/Developer/Excelerator/env/lib/python3.11/site-packages/openpyxl/chart/axis.py to openpyxl/chart/axis.pyc
byte-compiling /Users/calum/Developer/Excelerator/env/lib/python3.11/site-packages/openpyxl/chart/bar_chart.py to openpyxl/chart/bar_chart.pyc
byte-compiling /Users/calum/Developer/Excelerator/env/lib/python3.11/site-packages/openpyxl/chart/bubble_chart.py to openpyxl/chart/bubble_chart.pyc
byte-compiling /Users/calum/Developer/Excelerator/env/lib/python3.11/site-packages/openpyxl/chart/chartspace.py to openpyxl/chart/chartspace.pyc
byte-compiling /Users/calum/Developer/Excelerator/env/lib/python3.11/site-packages/openpyxl/chart/data_source.py to openpyxl/chart/data_source.pyc
byte-compiling /Users/calum/Developer/Excelerator/env/lib/python3.11/site-packages/openpyxl/chart/descriptors.py to openpyxl/chart/descriptors.pyc
byte-compiling /Users/calum/Developer/Excelerator/env/lib/python3.11/site-packages/openpyxl/chart/error_bar.py to openpyxl/chart/error_bar.pyc
byte-compiling /Users/calum/Developer/Excelerator/env/lib/python3.11/site-packages/openpyxl/chart/label.py to openpyxl/chart/label.pyc
byte-compiling /Users/calum/Developer/Excelerator/env/lib/python3.11/site-packages/openpyxl/chart/layout.py to openpyxl/chart/layout.pyc
byte-compiling /Users/calum/Developer/Excelerator/env/lib/python3.11/site-packages/openpyxl/chart/legend.py to openpyxl/chart/legend.pyc
byte-compiling /Users/calum/Developer/Excelerator/env/lib/python3.11/site-packages/openpyxl/chart/line_chart.py to openpyxl/chart/line_chart.pyc
byte-compiling /Users/calum/Developer/Excelerator/env/lib/python3.11/site-packages/openpyxl/chart/marker.py to openpyxl/chart/marker.pyc
byte-compiling /Users/calum/Developer/Excelerator/env/lib/python3.11/site-packages/openpyxl/chart/picture.py to openpyxl/chart/picture.pyc
byte-compiling /Users/calum/Developer/Excelerator/env/lib/python3.11/site-packages/openpyxl/chart/pie_chart.py to openpyxl/chart/pie_chart.pyc
byte-compiling /Users/calum/Developer/Excelerator/env/lib/python3.11/site-packages/openpyxl/chart/pivot.py to openpyxl/chart/pivot.pyc
byte-compiling /Users/calum/Developer/Excelerator/env/lib/python3.11/site-packages/openpyxl/chart/plotarea.py to openpyxl/chart/plotarea.pyc
byte-compiling /Users/calum/Developer/Excelerator/env/lib/python3.11/site-packages/openpyxl/chart/print_settings.py to openpyxl/chart/print_settings.pyc
byte-compiling /Users/calum/Developer/Excelerator/env/lib/python3.11/site-packages/openpyxl/chart/radar_chart.py to openpyxl/chart/radar_chart.pyc
byte-compiling /Users/calum/Developer/Excelerator/env/lib/python3.11/site-packages/openpyxl/chart/reader.py to openpyxl/chart/reader.pyc
byte-compiling /Users/calum/Developer/Excelerator/env/lib/python3.11/site-packages/openpyxl/chart/reference.py to openpyxl/chart/reference.pyc
byte-compiling /Users/calum/Developer/Excelerator/env/lib/python3.11/site-packages/openpyxl/chart/scatter_chart.py to openpyxl/chart/scatter_chart.pyc
byte-compiling /Users/calum/Developer/Excelerator/env/lib/python3.11/site-packages/openpyxl/chart/series.py to openpyxl/chart/series.pyc
byte-compiling /Users/calum/Developer/Excelerator/env/lib/python3.11/site-packages/openpyxl/chart/series_factory.py to openpyxl/chart/series_factory.pyc
byte-compiling /Users/calum/Developer/Excelerator/env/lib/python3.11/site-packages/openpyxl/chart/shapes.py to openpyxl/chart/shapes.pyc
byte-compiling /Users/calum/Developer/Excelerator/env/lib/python3.11/site-packages/openpyxl/chart/stock_chart.py to openpyxl/chart/stock_chart.pyc
byte-compiling /Users/calum/Developer/Excelerator/env/lib/python3.11/site-packages/openpyxl/chart/surface_chart.py to openpyxl/chart/surface_chart.pyc
byte-compiling /Users/calum/Developer/Excelerator/env/lib/python3.11/site-packages/openpyxl/chart/text.py to openpyxl/chart/text.pyc
byte-compiling /Users/calum/Developer/Excelerator/env/lib/python3.11/site-packages/openpyxl/chart/title.py to openpyxl/chart/title.pyc
byte-compiling /Users/calum/Developer/Excelerator/env/lib/python3.11/site-packages/openpyxl/chart/trendline.py to openpyxl/chart/trendline.pyc
byte-compiling /Users/calum/Developer/Excelerator/env/lib/python3.11/site-packages/openpyxl/chart/updown_bars.py to openpyxl/chart/updown_bars.pyc
byte-compiling /Users/calum/Developer/Excelerator/env/lib/python3.11/site-packages/openpyxl/chartsheet/__init__.py to openpyxl/chartsheet/__init__.pyc
creating /Users/calum/Developer/Excelerator/build/bdist.macosx-14.2-arm64/python3.11-standalone/app/collect/openpyxl/chartsheet
byte-compiling /Users/calum/Developer/Excelerator/env/lib/python3.11/site-packages/openpyxl/chartsheet/chartsheet.py to openpyxl/chartsheet/chartsheet.pyc
byte-compiling /Users/calum/Developer/Excelerator/env/lib/python3.11/site-packages/openpyxl/chartsheet/custom.py to openpyxl/chartsheet/custom.pyc
byte-compiling /Users/calum/Developer/Excelerator/env/lib/python3.11/site-packages/openpyxl/chartsheet/properties.py to openpyxl/chartsheet/properties.pyc
byte-compiling /Users/calum/Developer/Excelerator/env/lib/python3.11/site-packages/openpyxl/chartsheet/protection.py to openpyxl/chartsheet/protection.pyc
byte-compiling /Users/calum/Developer/Excelerator/env/lib/python3.11/site-packages/openpyxl/chartsheet/publish.py to openpyxl/chartsheet/publish.pyc
byte-compiling /Users/calum/Developer/Excelerator/env/lib/python3.11/site-packages/openpyxl/chartsheet/relation.py to openpyxl/chartsheet/relation.pyc
byte-compiling /Users/calum/Developer/Excelerator/env/lib/python3.11/site-packages/openpyxl/chartsheet/views.py to openpyxl/chartsheet/views.pyc
byte-compiling /Users/calum/Developer/Excelerator/env/lib/python3.11/site-packages/openpyxl/comments/__init__.py to openpyxl/comments/__init__.pyc
creating /Users/calum/Developer/Excelerator/build/bdist.macosx-14.2-arm64/python3.11-standalone/app/collect/openpyxl/comments
byte-compiling /Users/calum/Developer/Excelerator/env/lib/python3.11/site-packages/openpyxl/comments/author.py to openpyxl/comments/author.pyc
byte-compiling /Users/calum/Developer/Excelerator/env/lib/python3.11/site-packages/openpyxl/comments/comment_sheet.py to openpyxl/comments/comment_sheet.pyc
byte-compiling /Users/calum/Developer/Excelerator/env/lib/python3.11/site-packages/openpyxl/comments/comments.py to openpyxl/comments/comments.pyc
byte-compiling /Users/calum/Developer/Excelerator/env/lib/python3.11/site-packages/openpyxl/comments/shape_writer.py to openpyxl/comments/shape_writer.pyc
byte-compiling /Users/calum/Developer/Excelerator/env/lib/python3.11/site-packages/openpyxl/compat/__init__.py to openpyxl/compat/__init__.pyc
creating /Users/calum/Developer/Excelerator/build/bdist.macosx-14.2-arm64/python3.11-standalone/app/collect/openpyxl/compat
byte-compiling /Users/calum/Developer/Excelerator/env/lib/python3.11/site-packages/openpyxl/compat/numbers.py to openpyxl/compat/numbers.pyc
byte-compiling /Users/calum/Developer/Excelerator/env/lib/python3.11/site-packages/openpyxl/compat/strings.py to openpyxl/compat/strings.pyc
byte-compiling /Users/calum/Developer/Excelerator/env/lib/python3.11/site-packages/openpyxl/descriptors/__init__.py to openpyxl/descriptors/__init__.pyc
creating /Users/calum/Developer/Excelerator/build/bdist.macosx-14.2-arm64/python3.11-standalone/app/collect/openpyxl/descriptors
byte-compiling /Users/calum/Developer/Excelerator/env/lib/python3.11/site-packages/openpyxl/descriptors/base.py to openpyxl/descriptors/base.pyc
byte-compiling /Users/calum/Developer/Excelerator/env/lib/python3.11/site-packages/openpyxl/descriptors/excel.py to openpyxl/descriptors/excel.pyc
byte-compiling /Users/calum/Developer/Excelerator/env/lib/python3.11/site-packages/openpyxl/descriptors/namespace.py to openpyxl/descriptors/namespace.pyc
byte-compiling /Users/calum/Developer/Excelerator/env/lib/python3.11/site-packages/openpyxl/descriptors/nested.py to openpyxl/descriptors/nested.pyc
byte-compiling /Users/calum/Developer/Excelerator/env/lib/python3.11/site-packages/openpyxl/descriptors/sequence.py to openpyxl/descriptors/sequence.pyc
byte-compiling /Users/calum/Developer/Excelerator/env/lib/python3.11/site-packages/openpyxl/descriptors/serialisable.py to openpyxl/descriptors/serialisable.pyc
byte-compiling /Users/calum/Developer/Excelerator/env/lib/python3.11/site-packages/openpyxl/drawing/__init__.py to openpyxl/drawing/__init__.pyc
creating /Users/calum/Developer/Excelerator/build/bdist.macosx-14.2-arm64/python3.11-standalone/app/collect/openpyxl/drawing
byte-compiling /Users/calum/Developer/Excelerator/env/lib/python3.11/site-packages/openpyxl/drawing/colors.py to openpyxl/drawing/colors.pyc
byte-compiling /Users/calum/Developer/Excelerator/env/lib/python3.11/site-packages/openpyxl/drawing/connector.py to openpyxl/drawing/connector.pyc
byte-compiling /Users/calum/Developer/Excelerator/env/lib/python3.11/site-packages/openpyxl/drawing/drawing.py to openpyxl/drawing/drawing.pyc
byte-compiling /Users/calum/Developer/Excelerator/env/lib/python3.11/site-packages/openpyxl/drawing/effect.py to openpyxl/drawing/effect.pyc
byte-compiling /Users/calum/Developer/Excelerator/env/lib/python3.11/site-packages/openpyxl/drawing/fill.py to openpyxl/drawing/fill.pyc
byte-compiling /Users/calum/Developer/Excelerator/env/lib/python3.11/site-packages/openpyxl/drawing/geometry.py to openpyxl/drawing/geometry.pyc
byte-compiling /Users/calum/Developer/Excelerator/env/lib/python3.11/site-packages/openpyxl/drawing/graphic.py to openpyxl/drawing/graphic.pyc
byte-compiling /Users/calum/Developer/Excelerator/env/lib/python3.11/site-packages/openpyxl/drawing/image.py to openpyxl/drawing/image.pyc
byte-compiling /Users/calum/Developer/Excelerator/env/lib/python3.11/site-packages/openpyxl/drawing/line.py to openpyxl/drawing/line.pyc
byte-compiling /Users/calum/Developer/Excelerator/env/lib/python3.11/site-packages/openpyxl/drawing/picture.py to openpyxl/drawing/picture.pyc
byte-compiling /Users/calum/Developer/Excelerator/env/lib/python3.11/site-packages/openpyxl/drawing/properties.py to openpyxl/drawing/properties.pyc
byte-compiling /Users/calum/Developer/Excelerator/env/lib/python3.11/site-packages/openpyxl/drawing/relation.py to openpyxl/drawing/relation.pyc
byte-compiling /Users/calum/Developer/Excelerator/env/lib/python3.11/site-packages/openpyxl/drawing/spreadsheet_drawing.py to openpyxl/drawing/spreadsheet_drawing.pyc
byte-compiling /Users/calum/Developer/Excelerator/env/lib/python3.11/site-packages/openpyxl/drawing/text.py to openpyxl/drawing/text.pyc
byte-compiling /Users/calum/Developer/Excelerator/env/lib/python3.11/site-packages/openpyxl/drawing/xdr.py to openpyxl/drawing/xdr.pyc
byte-compiling /Users/calum/Developer/Excelerator/env/lib/python3.11/site-packages/openpyxl/formatting/__init__.py to openpyxl/formatting/__init__.pyc
creating /Users/calum/Developer/Excelerator/build/bdist.macosx-14.2-arm64/python3.11-standalone/app/collect/openpyxl/formatting
byte-compiling /Users/calum/Developer/Excelerator/env/lib/python3.11/site-packages/openpyxl/formatting/formatting.py to openpyxl/formatting/formatting.pyc
byte-compiling /Users/calum/Developer/Excelerator/env/lib/python3.11/site-packages/openpyxl/formatting/rule.py to openpyxl/formatting/rule.pyc
byte-compiling /Users/calum/Developer/Excelerator/env/lib/python3.11/site-packages/openpyxl/formula/__init__.py to openpyxl/formula/__init__.pyc
creating /Users/calum/Developer/Excelerator/build/bdist.macosx-14.2-arm64/python3.11-standalone/app/collect/openpyxl/formula
byte-compiling /Users/calum/Developer/Excelerator/env/lib/python3.11/site-packages/openpyxl/formula/tokenizer.py to openpyxl/formula/tokenizer.pyc
byte-compiling /Users/calum/Developer/Excelerator/env/lib/python3.11/site-packages/openpyxl/formula/translate.py to openpyxl/formula/translate.pyc
byte-compiling /Users/calum/Developer/Excelerator/env/lib/python3.11/site-packages/openpyxl/packaging/__init__.py to openpyxl/packaging/__init__.pyc
creating /Users/calum/Developer/Excelerator/build/bdist.macosx-14.2-arm64/python3.11-standalone/app/collect/openpyxl/packaging
byte-compiling /Users/calum/Developer/Excelerator/env/lib/python3.11/site-packages/openpyxl/packaging/core.py to openpyxl/packaging/core.pyc
byte-compiling /Users/calum/Developer/Excelerator/env/lib/python3.11/site-packages/openpyxl/packaging/custom.py to openpyxl/packaging/custom.pyc
byte-compiling /Users/calum/Developer/Excelerator/env/lib/python3.11/site-packages/openpyxl/packaging/extended.py to openpyxl/packaging/extended.pyc
byte-compiling /Users/calum/Developer/Excelerator/env/lib/python3.11/site-packages/openpyxl/packaging/manifest.py to openpyxl/packaging/manifest.pyc
byte-compiling /Users/calum/Developer/Excelerator/env/lib/python3.11/site-packages/openpyxl/packaging/relationship.py to openpyxl/packaging/relationship.pyc
byte-compiling /Users/calum/Developer/Excelerator/env/lib/python3.11/site-packages/openpyxl/packaging/workbook.py to openpyxl/packaging/workbook.pyc
byte-compiling /Users/calum/Developer/Excelerator/env/lib/python3.11/site-packages/openpyxl/pivot/__init__.py to openpyxl/pivot/__init__.pyc
creating /Users/calum/Developer/Excelerator/build/bdist.macosx-14.2-arm64/python3.11-standalone/app/collect/openpyxl/pivot
byte-compiling /Users/calum/Developer/Excelerator/env/lib/python3.11/site-packages/openpyxl/pivot/cache.py to openpyxl/pivot/cache.pyc
byte-compiling /Users/calum/Developer/Excelerator/env/lib/python3.11/site-packages/openpyxl/pivot/fields.py to openpyxl/pivot/fields.pyc
byte-compiling /Users/calum/Developer/Excelerator/env/lib/python3.11/site-packages/openpyxl/pivot/record.py to openpyxl/pivot/record.pyc
byte-compiling /Users/calum/Developer/Excelerator/env/lib/python3.11/site-packages/openpyxl/pivot/table.py to openpyxl/pivot/table.pyc
byte-compiling /Users/calum/Developer/Excelerator/env/lib/python3.11/site-packages/openpyxl/reader/__init__.py to openpyxl/reader/__init__.pyc
creating /Users/calum/Developer/Excelerator/build/bdist.macosx-14.2-arm64/python3.11-standalone/app/collect/openpyxl/reader
byte-compiling /Users/calum/Developer/Excelerator/env/lib/python3.11/site-packages/openpyxl/reader/drawings.py to openpyxl/reader/drawings.pyc
byte-compiling /Users/calum/Developer/Excelerator/env/lib/python3.11/site-packages/openpyxl/reader/excel.py to openpyxl/reader/excel.pyc
byte-compiling /Users/calum/Developer/Excelerator/env/lib/python3.11/site-packages/openpyxl/reader/strings.py to openpyxl/reader/strings.pyc
byte-compiling /Users/calum/Developer/Excelerator/env/lib/python3.11/site-packages/openpyxl/reader/workbook.py to openpyxl/reader/workbook.pyc
byte-compiling /Users/calum/Developer/Excelerator/env/lib/python3.11/site-packages/openpyxl/styles/__init__.py to openpyxl/styles/__init__.pyc
creating /Users/calum/Developer/Excelerator/build/bdist.macosx-14.2-arm64/python3.11-standalone/app/collect/openpyxl/styles
byte-compiling /Users/calum/Developer/Excelerator/env/lib/python3.11/site-packages/openpyxl/styles/alignment.py to openpyxl/styles/alignment.pyc
byte-compiling /Users/calum/Developer/Excelerator/env/lib/python3.11/site-packages/openpyxl/styles/borders.py to openpyxl/styles/borders.pyc
byte-compiling /Users/calum/Developer/Excelerator/env/lib/python3.11/site-packages/openpyxl/styles/builtins.py to openpyxl/styles/builtins.pyc
byte-compiling /Users/calum/Developer/Excelerator/env/lib/python3.11/site-packages/openpyxl/styles/cell_style.py to openpyxl/styles/cell_style.pyc
byte-compiling /Users/calum/Developer/Excelerator/env/lib/python3.11/site-packages/openpyxl/styles/colors.py to openpyxl/styles/colors.pyc
byte-compiling /Users/calum/Developer/Excelerator/env/lib/python3.11/site-packages/openpyxl/styles/differential.py to openpyxl/styles/differential.pyc
byte-compiling /Users/calum/Developer/Excelerator/env/lib/python3.11/site-packages/openpyxl/styles/fills.py to openpyxl/styles/fills.pyc
byte-compiling /Users/calum/Developer/Excelerator/env/lib/python3.11/site-packages/openpyxl/styles/fonts.py to openpyxl/styles/fonts.pyc
byte-compiling /Users/calum/Developer/Excelerator/env/lib/python3.11/site-packages/openpyxl/styles/named_styles.py to openpyxl/styles/named_styles.pyc
byte-compiling /Users/calum/Developer/Excelerator/env/lib/python3.11/site-packages/openpyxl/styles/numbers.py to openpyxl/styles/numbers.pyc
byte-compiling /Users/calum/Developer/Excelerator/env/lib/python3.11/site-packages/openpyxl/styles/protection.py to openpyxl/styles/protection.pyc
byte-compiling /Users/calum/Developer/Excelerator/env/lib/python3.11/site-packages/openpyxl/styles/proxy.py to openpyxl/styles/proxy.pyc
byte-compiling /Users/calum/Developer/Excelerator/env/lib/python3.11/site-packages/openpyxl/styles/styleable.py to openpyxl/styles/styleable.pyc
byte-compiling /Users/calum/Developer/Excelerator/env/lib/python3.11/site-packages/openpyxl/styles/stylesheet.py to openpyxl/styles/stylesheet.pyc
byte-compiling /Users/calum/Developer/Excelerator/env/lib/python3.11/site-packages/openpyxl/styles/table.py to openpyxl/styles/table.pyc
byte-compiling /Users/calum/Developer/Excelerator/env/lib/python3.11/site-packages/openpyxl/utils/__init__.py to openpyxl/utils/__init__.pyc
creating /Users/calum/Developer/Excelerator/build/bdist.macosx-14.2-arm64/python3.11-standalone/app/collect/openpyxl/utils
byte-compiling /Users/calum/Developer/Excelerator/env/lib/python3.11/site-packages/openpyxl/utils/bound_dictionary.py to openpyxl/utils/bound_dictionary.pyc
byte-compiling /Users/calum/Developer/Excelerator/env/lib/python3.11/site-packages/openpyxl/utils/cell.py to openpyxl/utils/cell.pyc
byte-compiling /Users/calum/Developer/Excelerator/env/lib/python3.11/site-packages/openpyxl/utils/datetime.py to openpyxl/utils/datetime.pyc
byte-compiling /Users/calum/Developer/Excelerator/env/lib/python3.11/site-packages/openpyxl/utils/escape.py to openpyxl/utils/escape.pyc
byte-compiling /Users/calum/Developer/Excelerator/env/lib/python3.11/site-packages/openpyxl/utils/exceptions.py to openpyxl/utils/exceptions.pyc
byte-compiling /Users/calum/Developer/Excelerator/env/lib/python3.11/site-packages/openpyxl/utils/formulas.py to openpyxl/utils/formulas.pyc
byte-compiling /Users/calum/Developer/Excelerator/env/lib/python3.11/site-packages/openpyxl/utils/indexed_list.py to openpyxl/utils/indexed_list.pyc
byte-compiling /Users/calum/Developer/Excelerator/env/lib/python3.11/site-packages/openpyxl/utils/protection.py to openpyxl/utils/protection.pyc
byte-compiling /Users/calum/Developer/Excelerator/env/lib/python3.11/site-packages/openpyxl/utils/units.py to openpyxl/utils/units.pyc
byte-compiling /Users/calum/Developer/Excelerator/env/lib/python3.11/site-packages/openpyxl/workbook/__init__.py to openpyxl/workbook/__init__.pyc
creating /Users/calum/Developer/Excelerator/build/bdist.macosx-14.2-arm64/python3.11-standalone/app/collect/openpyxl/workbook
byte-compiling /Users/calum/Developer/Excelerator/env/lib/python3.11/site-packages/openpyxl/workbook/_writer.py to openpyxl/workbook/_writer.pyc
byte-compiling /Users/calum/Developer/Excelerator/env/lib/python3.11/site-packages/openpyxl/workbook/child.py to openpyxl/workbook/child.pyc
byte-compiling /Users/calum/Developer/Excelerator/env/lib/python3.11/site-packages/openpyxl/workbook/defined_name.py to openpyxl/workbook/defined_name.pyc
byte-compiling /Users/calum/Developer/Excelerator/env/lib/python3.11/site-packages/openpyxl/workbook/external_link/__init__.py to openpyxl/workbook/external_link/__init__.pyc
creating /Users/calum/Developer/Excelerator/build/bdist.macosx-14.2-arm64/python3.11-standalone/app/collect/openpyxl/workbook/external_link
byte-compiling /Users/calum/Developer/Excelerator/env/lib/python3.11/site-packages/openpyxl/workbook/external_link/external.py to openpyxl/workbook/external_link/external.pyc
byte-compiling /Users/calum/Developer/Excelerator/env/lib/python3.11/site-packages/openpyxl/workbook/external_reference.py to openpyxl/workbook/external_reference.pyc
byte-compiling /Users/calum/Developer/Excelerator/env/lib/python3.11/site-packages/openpyxl/workbook/function_group.py to openpyxl/workbook/function_group.pyc
byte-compiling /Users/calum/Developer/Excelerator/env/lib/python3.11/site-packages/openpyxl/workbook/properties.py to openpyxl/workbook/properties.pyc
byte-compiling /Users/calum/Developer/Excelerator/env/lib/python3.11/site-packages/openpyxl/workbook/protection.py to openpyxl/workbook/protection.pyc
byte-compiling /Users/calum/Developer/Excelerator/env/lib/python3.11/site-packages/openpyxl/workbook/smart_tags.py to openpyxl/workbook/smart_tags.pyc
byte-compiling /Users/calum/Developer/Excelerator/env/lib/python3.11/site-packages/openpyxl/workbook/views.py to openpyxl/workbook/views.pyc
byte-compiling /Users/calum/Developer/Excelerator/env/lib/python3.11/site-packages/openpyxl/workbook/web.py to openpyxl/workbook/web.pyc
byte-compiling /Users/calum/Developer/Excelerator/env/lib/python3.11/site-packages/openpyxl/workbook/workbook.py to openpyxl/workbook/workbook.pyc
byte-compiling /Users/calum/Developer/Excelerator/env/lib/python3.11/site-packages/openpyxl/worksheet/__init__.py to openpyxl/worksheet/__init__.pyc
creating /Users/calum/Developer/Excelerator/build/bdist.macosx-14.2-arm64/python3.11-standalone/app/collect/openpyxl/worksheet
byte-compiling /Users/calum/Developer/Excelerator/env/lib/python3.11/site-packages/openpyxl/worksheet/_read_only.py to openpyxl/worksheet/_read_only.pyc
byte-compiling /Users/calum/Developer/Excelerator/env/lib/python3.11/site-packages/openpyxl/worksheet/_reader.py to openpyxl/worksheet/_reader.pyc
byte-compiling /Users/calum/Developer/Excelerator/env/lib/python3.11/site-packages/openpyxl/worksheet/_write_only.py to openpyxl/worksheet/_write_only.pyc
byte-compiling /Users/calum/Developer/Excelerator/env/lib/python3.11/site-packages/openpyxl/worksheet/_writer.py to openpyxl/worksheet/_writer.pyc
byte-compiling /Users/calum/Developer/Excelerator/env/lib/python3.11/site-packages/openpyxl/worksheet/cell_range.py to openpyxl/worksheet/cell_range.pyc
byte-compiling /Users/calum/Developer/Excelerator/env/lib/python3.11/site-packages/openpyxl/worksheet/copier.py to openpyxl/worksheet/copier.pyc
byte-compiling /Users/calum/Developer/Excelerator/env/lib/python3.11/site-packages/openpyxl/worksheet/datavalidation.py to openpyxl/worksheet/datavalidation.pyc
byte-compiling /Users/calum/Developer/Excelerator/env/lib/python3.11/site-packages/openpyxl/worksheet/dimensions.py to openpyxl/worksheet/dimensions.pyc
byte-compiling /Users/calum/Developer/Excelerator/env/lib/python3.11/site-packages/openpyxl/worksheet/drawing.py to openpyxl/worksheet/drawing.pyc
byte-compiling /Users/calum/Developer/Excelerator/env/lib/python3.11/site-packages/openpyxl/worksheet/filters.py to openpyxl/worksheet/filters.pyc
byte-compiling /Users/calum/Developer/Excelerator/env/lib/python3.11/site-packages/openpyxl/worksheet/formula.py to openpyxl/worksheet/formula.pyc
byte-compiling /Users/calum/Developer/Excelerator/env/lib/python3.11/site-packages/openpyxl/worksheet/header_footer.py to openpyxl/worksheet/header_footer.pyc
byte-compiling /Users/calum/Developer/Excelerator/env/lib/python3.11/site-packages/openpyxl/worksheet/hyperlink.py to openpyxl/worksheet/hyperlink.pyc
byte-compiling /Users/calum/Developer/Excelerator/env/lib/python3.11/site-packages/openpyxl/worksheet/merge.py to openpyxl/worksheet/merge.pyc
byte-compiling /Users/calum/Developer/Excelerator/env/lib/python3.11/site-packages/openpyxl/worksheet/page.py to openpyxl/worksheet/page.pyc
byte-compiling /Users/calum/Developer/Excelerator/env/lib/python3.11/site-packages/openpyxl/worksheet/pagebreak.py to openpyxl/worksheet/pagebreak.pyc
byte-compiling /Users/calum/Developer/Excelerator/env/lib/python3.11/site-packages/openpyxl/worksheet/print_settings.py to openpyxl/worksheet/print_settings.pyc
byte-compiling /Users/calum/Developer/Excelerator/env/lib/python3.11/site-packages/openpyxl/worksheet/properties.py to openpyxl/worksheet/properties.pyc
byte-compiling /Users/calum/Developer/Excelerator/env/lib/python3.11/site-packages/openpyxl/worksheet/protection.py to openpyxl/worksheet/protection.pyc
byte-compiling /Users/calum/Developer/Excelerator/env/lib/python3.11/site-packages/openpyxl/worksheet/related.py to openpyxl/worksheet/related.pyc
byte-compiling /Users/calum/Developer/Excelerator/env/lib/python3.11/site-packages/openpyxl/worksheet/scenario.py to openpyxl/worksheet/scenario.pyc
byte-compiling /Users/calum/Developer/Excelerator/env/lib/python3.11/site-packages/openpyxl/worksheet/table.py to openpyxl/worksheet/table.pyc
byte-compiling /Users/calum/Developer/Excelerator/env/lib/python3.11/site-packages/openpyxl/worksheet/views.py to openpyxl/worksheet/views.pyc
byte-compiling /Users/calum/Developer/Excelerator/env/lib/python3.11/site-packages/openpyxl/worksheet/worksheet.py to openpyxl/worksheet/worksheet.pyc
byte-compiling /Users/calum/Developer/Excelerator/env/lib/python3.11/site-packages/openpyxl/writer/__init__.py to openpyxl/writer/__init__.pyc
creating /Users/calum/Developer/Excelerator/build/bdist.macosx-14.2-arm64/python3.11-standalone/app/collect/openpyxl/writer
byte-compiling /Users/calum/Developer/Excelerator/env/lib/python3.11/site-packages/openpyxl/writer/excel.py to openpyxl/writer/excel.pyc
byte-compiling /Users/calum/Developer/Excelerator/env/lib/python3.11/site-packages/openpyxl/writer/theme.py to openpyxl/writer/theme.pyc
byte-compiling /Users/calum/Developer/Excelerator/env/lib/python3.11/site-packages/openpyxl/xml/__init__.py to openpyxl/xml/__init__.pyc
creating /Users/calum/Developer/Excelerator/build/bdist.macosx-14.2-arm64/python3.11-standalone/app/collect/openpyxl/xml
byte-compiling /Users/calum/Developer/Excelerator/env/lib/python3.11/site-packages/openpyxl/xml/constants.py to openpyxl/xml/constants.pyc
byte-compiling /Users/calum/Developer/Excelerator/env/lib/python3.11/site-packages/openpyxl/xml/functions.py to openpyxl/xml/functions.pyc
byte-compiling /Users/calum/Developer/Excelerator/env/lib/python3.11/site-packages/packaging/__init__.py to packaging/__init__.pyc
creating /Users/calum/Developer/Excelerator/build/bdist.macosx-14.2-arm64/python3.11-standalone/app/collect/packaging
byte-compiling /Users/calum/Developer/Excelerator/env/lib/python3.11/site-packages/packaging/_elffile.py to packaging/_elffile.pyc
byte-compiling /Users/calum/Developer/Excelerator/env/lib/python3.11/site-packages/packaging/_manylinux.py to packaging/_manylinux.pyc
byte-compiling /Users/calum/Developer/Excelerator/env/lib/python3.11/site-packages/packaging/_musllinux.py to packaging/_musllinux.pyc
byte-compiling /Users/calum/Developer/Excelerator/env/lib/python3.11/site-packages/packaging/_parser.py to packaging/_parser.pyc
byte-compiling /Users/calum/Developer/Excelerator/env/lib/python3.11/site-packages/packaging/_structures.py to packaging/_structures.pyc
byte-compiling /Users/calum/Developer/Excelerator/env/lib/python3.11/site-packages/packaging/_tokenizer.py to packaging/_tokenizer.pyc
byte-compiling /Users/calum/Developer/Excelerator/env/lib/python3.11/site-packages/packaging/markers.py to packaging/markers.pyc
byte-compiling /Users/calum/Developer/Excelerator/env/lib/python3.11/site-packages/packaging/requirements.py to packaging/requirements.pyc
byte-compiling /Users/calum/Developer/Excelerator/env/lib/python3.11/site-packages/packaging/specifiers.py to packaging/specifiers.pyc
byte-compiling /Users/calum/Developer/Excelerator/env/lib/python3.11/site-packages/packaging/tags.py to packaging/tags.pyc
byte-compiling /Users/calum/Developer/Excelerator/env/lib/python3.11/site-packages/packaging/utils.py to packaging/utils.pyc
byte-compiling /Users/calum/Developer/Excelerator/env/lib/python3.11/site-packages/packaging/version.py to packaging/version.pyc
byte-compiling /Users/calum/Developer/Excelerator/env/lib/python3.11/site-packages/pkg_resources/__init__.py to pkg_resources/__init__.pyc
creating /Users/calum/Developer/Excelerator/build/bdist.macosx-14.2-arm64/python3.11-standalone/app/collect/pkg_resources
byte-compiling /Users/calum/Developer/Excelerator/env/lib/python3.11/site-packages/pkg_resources/_vendor/__init__.py to pkg_resources/_vendor/__init__.pyc
creating /Users/calum/Developer/Excelerator/build/bdist.macosx-14.2-arm64/python3.11-standalone/app/collect/pkg_resources/_vendor
byte-compiling /Users/calum/Developer/Excelerator/env/lib/python3.11/site-packages/pkg_resources/_vendor/appdirs.py to pkg_resources/_vendor/appdirs.pyc
byte-compiling /Users/calum/Developer/Excelerator/env/lib/python3.11/site-packages/pkg_resources/_vendor/importlib_resources/__init__.py to pkg_resources/_vendor/importlib_resources/__init__.pyc
creating /Users/calum/Developer/Excelerator/build/bdist.macosx-14.2-arm64/python3.11-standalone/app/collect/pkg_resources/_vendor/importlib_resources
byte-compiling /Users/calum/Developer/Excelerator/env/lib/python3.11/site-packages/pkg_resources/_vendor/importlib_resources/_adapters.py to pkg_resources/_vendor/importlib_resources/_adapters.pyc
byte-compiling /Users/calum/Developer/Excelerator/env/lib/python3.11/site-packages/pkg_resources/_vendor/importlib_resources/_common.py to pkg_resources/_vendor/importlib_resources/_common.pyc
byte-compiling /Users/calum/Developer/Excelerator/env/lib/python3.11/site-packages/pkg_resources/_vendor/importlib_resources/_compat.py to pkg_resources/_vendor/importlib_resources/_compat.pyc
byte-compiling /Users/calum/Developer/Excelerator/env/lib/python3.11/site-packages/pkg_resources/_vendor/importlib_resources/_itertools.py to pkg_resources/_vendor/importlib_resources/_itertools.pyc
byte-compiling /Users/calum/Developer/Excelerator/env/lib/python3.11/site-packages/pkg_resources/_vendor/importlib_resources/_legacy.py to pkg_resources/_vendor/importlib_resources/_legacy.pyc
byte-compiling /Users/calum/Developer/Excelerator/env/lib/python3.11/site-packages/pkg_resources/_vendor/importlib_resources/abc.py to pkg_resources/_vendor/importlib_resources/abc.pyc
byte-compiling /Users/calum/Developer/Excelerator/env/lib/python3.11/site-packages/pkg_resources/_vendor/importlib_resources/readers.py to pkg_resources/_vendor/importlib_resources/readers.pyc
byte-compiling /Users/calum/Developer/Excelerator/env/lib/python3.11/site-packages/pkg_resources/_vendor/importlib_resources/simple.py to pkg_resources/_vendor/importlib_resources/simple.pyc
byte-compiling /Users/calum/Developer/Excelerator/env/lib/python3.11/site-packages/pkg_resources/_vendor/jaraco/__init__.py to pkg_resources/_vendor/jaraco/__init__.pyc
creating /Users/calum/Developer/Excelerator/build/bdist.macosx-14.2-arm64/python3.11-standalone/app/collect/pkg_resources/_vendor/jaraco
byte-compiling /Users/calum/Developer/Excelerator/env/lib/python3.11/site-packages/pkg_resources/_vendor/jaraco/context.py to pkg_resources/_vendor/jaraco/context.pyc
byte-compiling /Users/calum/Developer/Excelerator/env/lib/python3.11/site-packages/pkg_resources/_vendor/jaraco/functools.py to pkg_resources/_vendor/jaraco/functools.pyc
byte-compiling /Users/calum/Developer/Excelerator/env/lib/python3.11/site-packages/pkg_resources/_vendor/jaraco/text/__init__.py to pkg_resources/_vendor/jaraco/text/__init__.pyc
creating /Users/calum/Developer/Excelerator/build/bdist.macosx-14.2-arm64/python3.11-standalone/app/collect/pkg_resources/_vendor/jaraco/text
byte-compiling /Users/calum/Developer/Excelerator/env/lib/python3.11/site-packages/pkg_resources/_vendor/more_itertools/__init__.py to pkg_resources/_vendor/more_itertools/__init__.pyc
creating /Users/calum/Developer/Excelerator/build/bdist.macosx-14.2-arm64/python3.11-standalone/app/collect/pkg_resources/_vendor/more_itertools
byte-compiling /Users/calum/Developer/Excelerator/env/lib/python3.11/site-packages/pkg_resources/_vendor/more_itertools/more.py to pkg_resources/_vendor/more_itertools/more.pyc
byte-compiling /Users/calum/Developer/Excelerator/env/lib/python3.11/site-packages/pkg_resources/_vendor/more_itertools/recipes.py to pkg_resources/_vendor/more_itertools/recipes.pyc
byte-compiling /Users/calum/Developer/Excelerator/env/lib/python3.11/site-packages/pkg_resources/_vendor/packaging/__about__.py to pkg_resources/_vendor/packaging/__about__.pyc
creating /Users/calum/Developer/Excelerator/build/bdist.macosx-14.2-arm64/python3.11-standalone/app/collect/pkg_resources/_vendor/packaging
byte-compiling /Users/calum/Developer/Excelerator/env/lib/python3.11/site-packages/pkg_resources/_vendor/packaging/__init__.py to pkg_resources/_vendor/packaging/__init__.pyc
byte-compiling /Users/calum/Developer/Excelerator/env/lib/python3.11/site-packages/pkg_resources/_vendor/packaging/_manylinux.py to pkg_resources/_vendor/packaging/_manylinux.pyc
byte-compiling /Users/calum/Developer/Excelerator/env/lib/python3.11/site-packages/pkg_resources/_vendor/packaging/_musllinux.py to pkg_resources/_vendor/packaging/_musllinux.pyc
byte-compiling /Users/calum/Developer/Excelerator/env/lib/python3.11/site-packages/pkg_resources/_vendor/packaging/_structures.py to pkg_resources/_vendor/packaging/_structures.pyc
byte-compiling /Users/calum/Developer/Excelerator/env/lib/python3.11/site-packages/pkg_resources/_vendor/packaging/markers.py to pkg_resources/_vendor/packaging/markers.pyc
byte-compiling /Users/calum/Developer/Excelerator/env/lib/python3.11/site-packages/pkg_resources/_vendor/packaging/requirements.py to pkg_resources/_vendor/packaging/requirements.pyc
byte-compiling /Users/calum/Developer/Excelerator/env/lib/python3.11/site-packages/pkg_resources/_vendor/packaging/specifiers.py to pkg_resources/_vendor/packaging/specifiers.pyc
byte-compiling /Users/calum/Developer/Excelerator/env/lib/python3.11/site-packages/pkg_resources/_vendor/packaging/tags.py to pkg_resources/_vendor/packaging/tags.pyc
byte-compiling /Users/calum/Developer/Excelerator/env/lib/python3.11/site-packages/pkg_resources/_vendor/packaging/utils.py to pkg_resources/_vendor/packaging/utils.pyc
byte-compiling /Users/calum/Developer/Excelerator/env/lib/python3.11/site-packages/pkg_resources/_vendor/packaging/version.py to pkg_resources/_vendor/packaging/version.pyc
byte-compiling /Users/calum/Developer/Excelerator/env/lib/python3.11/site-packages/pkg_resources/_vendor/pyparsing/__init__.py to pkg_resources/_vendor/pyparsing/__init__.pyc
creating /Users/calum/Developer/Excelerator/build/bdist.macosx-14.2-arm64/python3.11-standalone/app/collect/pkg_resources/_vendor/pyparsing
byte-compiling /Users/calum/Developer/Excelerator/env/lib/python3.11/site-packages/pkg_resources/_vendor/pyparsing/actions.py to pkg_resources/_vendor/pyparsing/actions.pyc
byte-compiling /Users/calum/Developer/Excelerator/env/lib/python3.11/site-packages/pkg_resources/_vendor/pyparsing/common.py to pkg_resources/_vendor/pyparsing/common.pyc
byte-compiling /Users/calum/Developer/Excelerator/env/lib/python3.11/site-packages/pkg_resources/_vendor/pyparsing/core.py to pkg_resources/_vendor/pyparsing/core.pyc
byte-compiling /Users/calum/Developer/Excelerator/env/lib/python3.11/site-packages/pkg_resources/_vendor/pyparsing/diagram/__init__.py to pkg_resources/_vendor/pyparsing/diagram/__init__.pyc
creating /Users/calum/Developer/Excelerator/build/bdist.macosx-14.2-arm64/python3.11-standalone/app/collect/pkg_resources/_vendor/pyparsing/diagram
byte-compiling /Users/calum/Developer/Excelerator/env/lib/python3.11/site-packages/pkg_resources/_vendor/pyparsing/exceptions.py to pkg_resources/_vendor/pyparsing/exceptions.pyc
byte-compiling /Users/calum/Developer/Excelerator/env/lib/python3.11/site-packages/pkg_resources/_vendor/pyparsing/helpers.py to pkg_resources/_vendor/pyparsing/helpers.pyc
byte-compiling /Users/calum/Developer/Excelerator/env/lib/python3.11/site-packages/pkg_resources/_vendor/pyparsing/results.py to pkg_resources/_vendor/pyparsing/results.pyc
byte-compiling /Users/calum/Developer/Excelerator/env/lib/python3.11/site-packages/pkg_resources/_vendor/pyparsing/testing.py to pkg_resources/_vendor/pyparsing/testing.pyc
byte-compiling /Users/calum/Developer/Excelerator/env/lib/python3.11/site-packages/pkg_resources/_vendor/pyparsing/unicode.py to pkg_resources/_vendor/pyparsing/unicode.pyc
byte-compiling /Users/calum/Developer/Excelerator/env/lib/python3.11/site-packages/pkg_resources/_vendor/pyparsing/util.py to pkg_resources/_vendor/pyparsing/util.pyc
byte-compiling /Users/calum/Developer/Excelerator/env/lib/python3.11/site-packages/pkg_resources/_vendor/zipp.py to pkg_resources/_vendor/zipp.pyc
byte-compiling /Users/calum/Developer/Excelerator/env/lib/python3.11/site-packages/pkg_resources/extern/__init__.py to pkg_resources/extern/__init__.pyc
creating /Users/calum/Developer/Excelerator/build/bdist.macosx-14.2-arm64/python3.11-standalone/app/collect/pkg_resources/extern
byte-compiling /Users/calum/Developer/Excelerator/env/lib/python3.11/site-packages/pycparser/__init__.py to pycparser/__init__.pyc
creating /Users/calum/Developer/Excelerator/build/bdist.macosx-14.2-arm64/python3.11-standalone/app/collect/pycparser
byte-compiling /Users/calum/Developer/Excelerator/env/lib/python3.11/site-packages/pycparser/ast_transforms.py to pycparser/ast_transforms.pyc
byte-compiling /Users/calum/Developer/Excelerator/env/lib/python3.11/site-packages/pycparser/c_ast.py to pycparser/c_ast.pyc
byte-compiling /Users/calum/Developer/Excelerator/env/lib/python3.11/site-packages/pycparser/c_lexer.py to pycparser/c_lexer.pyc
byte-compiling /Users/calum/Developer/Excelerator/env/lib/python3.11/site-packages/pycparser/c_parser.py to pycparser/c_parser.pyc
byte-compiling /Users/calum/Developer/Excelerator/env/lib/python3.11/site-packages/pycparser/lextab.py to pycparser/lextab.pyc
byte-compiling /Users/calum/Developer/Excelerator/env/lib/python3.11/site-packages/pycparser/ply/__init__.py to pycparser/ply/__init__.pyc
creating /Users/calum/Developer/Excelerator/build/bdist.macosx-14.2-arm64/python3.11-standalone/app/collect/pycparser/ply
byte-compiling /Users/calum/Developer/Excelerator/env/lib/python3.11/site-packages/pycparser/ply/lex.py to pycparser/ply/lex.pyc
byte-compiling /Users/calum/Developer/Excelerator/env/lib/python3.11/site-packages/pycparser/ply/yacc.py to pycparser/ply/yacc.pyc
byte-compiling /Users/calum/Developer/Excelerator/env/lib/python3.11/site-packages/pycparser/plyparser.py to pycparser/plyparser.pyc
byte-compiling /Users/calum/Developer/Excelerator/env/lib/python3.11/site-packages/pycparser/yacctab.py to pycparser/yacctab.pyc
byte-compiling /Users/calum/Developer/Excelerator/env/lib/python3.11/site-packages/pyperclip/__init__.py to pyperclip/__init__.pyc
creating /Users/calum/Developer/Excelerator/build/bdist.macosx-14.2-arm64/python3.11-standalone/app/collect/pyperclip
byte-compiling /Users/calum/Developer/Excelerator/env/lib/python3.11/site-packages/requests/__init__.py to requests/__init__.pyc
creating /Users/calum/Developer/Excelerator/build/bdist.macosx-14.2-arm64/python3.11-standalone/app/collect/requests
byte-compiling /Users/calum/Developer/Excelerator/env/lib/python3.11/site-packages/requests/__version__.py to requests/__version__.pyc
byte-compiling /Users/calum/Developer/Excelerator/env/lib/python3.11/site-packages/requests/_internal_utils.py to requests/_internal_utils.pyc
byte-compiling /Users/calum/Developer/Excelerator/env/lib/python3.11/site-packages/requests/adapters.py to requests/adapters.pyc
byte-compiling /Users/calum/Developer/Excelerator/env/lib/python3.11/site-packages/requests/api.py to requests/api.pyc
byte-compiling /Users/calum/Developer/Excelerator/env/lib/python3.11/site-packages/requests/auth.py to requests/auth.pyc
byte-compiling /Users/calum/Developer/Excelerator/env/lib/python3.11/site-packages/requests/certs.py to requests/certs.pyc
byte-compiling /Users/calum/Developer/Excelerator/env/lib/python3.11/site-packages/requests/compat.py to requests/compat.pyc
byte-compiling /Users/calum/Developer/Excelerator/env/lib/python3.11/site-packages/requests/cookies.py to requests/cookies.pyc
byte-compiling /Users/calum/Developer/Excelerator/env/lib/python3.11/site-packages/requests/exceptions.py to requests/exceptions.pyc
byte-compiling /Users/calum/Developer/Excelerator/env/lib/python3.11/site-packages/requests/hooks.py to requests/hooks.pyc
byte-compiling /Users/calum/Developer/Excelerator/env/lib/python3.11/site-packages/requests/models.py to requests/models.pyc
byte-compiling /Users/calum/Developer/Excelerator/env/lib/python3.11/site-packages/requests/packages.py to requests/packages.pyc
byte-compiling /Users/calum/Developer/Excelerator/env/lib/python3.11/site-packages/requests/sessions.py to requests/sessions.pyc
byte-compiling /Users/calum/Developer/Excelerator/env/lib/python3.11/site-packages/requests/status_codes.py to requests/status_codes.pyc
byte-compiling /Users/calum/Developer/Excelerator/env/lib/python3.11/site-packages/requests/structures.py to requests/structures.pyc
byte-compiling /Users/calum/Developer/Excelerator/env/lib/python3.11/site-packages/requests/utils.py to requests/utils.pyc
byte-compiling /Users/calum/Developer/Excelerator/env/lib/python3.11/site-packages/setuptools/__init__.py to setuptools/__init__.pyc
creating /Users/calum/Developer/Excelerator/build/bdist.macosx-14.2-arm64/python3.11-standalone/app/collect/setuptools
byte-compiling /Users/calum/Developer/Excelerator/env/lib/python3.11/site-packages/setuptools/_deprecation_warning.py to setuptools/_deprecation_warning.pyc
byte-compiling /Users/calum/Developer/Excelerator/env/lib/python3.11/site-packages/setuptools/_entry_points.py to setuptools/_entry_points.pyc
byte-compiling /Users/calum/Developer/Excelerator/env/lib/python3.11/site-packages/setuptools/_imp.py to setuptools/_imp.pyc
byte-compiling /Users/calum/Developer/Excelerator/env/lib/python3.11/site-packages/setuptools/_importlib.py to setuptools/_importlib.pyc
byte-compiling /Users/calum/Developer/Excelerator/env/lib/python3.11/site-packages/setuptools/_itertools.py to setuptools/_itertools.pyc
byte-compiling /Users/calum/Developer/Excelerator/env/lib/python3.11/site-packages/setuptools/_path.py to setuptools/_path.pyc
byte-compiling /Users/calum/Developer/Excelerator/env/lib/python3.11/site-packages/setuptools/_reqs.py to setuptools/_reqs.pyc
byte-compiling /Users/calum/Developer/Excelerator/env/lib/python3.11/site-packages/setuptools/_vendor/__init__.py to setuptools/_vendor/__init__.pyc
creating /Users/calum/Developer/Excelerator/build/bdist.macosx-14.2-arm64/python3.11-standalone/app/collect/setuptools/_vendor
byte-compiling /Users/calum/Developer/Excelerator/env/lib/python3.11/site-packages/setuptools/_vendor/packaging/__about__.py to setuptools/_vendor/packaging/__about__.pyc
creating /Users/calum/Developer/Excelerator/build/bdist.macosx-14.2-arm64/python3.11-standalone/app/collect/setuptools/_vendor/packaging
byte-compiling /Users/calum/Developer/Excelerator/env/lib/python3.11/site-packages/setuptools/_vendor/packaging/__init__.py to setuptools/_vendor/packaging/__init__.pyc
byte-compiling /Users/calum/Developer/Excelerator/env/lib/python3.11/site-packages/setuptools/_vendor/packaging/_manylinux.py to setuptools/_vendor/packaging/_manylinux.pyc
byte-compiling /Users/calum/Developer/Excelerator/env/lib/python3.11/site-packages/setuptools/_vendor/packaging/_musllinux.py to setuptools/_vendor/packaging/_musllinux.pyc
byte-compiling /Users/calum/Developer/Excelerator/env/lib/python3.11/site-packages/setuptools/_vendor/packaging/_structures.py to setuptools/_vendor/packaging/_structures.pyc
byte-compiling /Users/calum/Developer/Excelerator/env/lib/python3.11/site-packages/setuptools/_vendor/packaging/markers.py to setuptools/_vendor/packaging/markers.pyc
byte-compiling /Users/calum/Developer/Excelerator/env/lib/python3.11/site-packages/setuptools/_vendor/packaging/requirements.py to setuptools/_vendor/packaging/requirements.pyc
byte-compiling /Users/calum/Developer/Excelerator/env/lib/python3.11/site-packages/setuptools/_vendor/packaging/specifiers.py to setuptools/_vendor/packaging/specifiers.pyc
byte-compiling /Users/calum/Developer/Excelerator/env/lib/python3.11/site-packages/setuptools/_vendor/packaging/tags.py to setuptools/_vendor/packaging/tags.pyc
byte-compiling /Users/calum/Developer/Excelerator/env/lib/python3.11/site-packages/setuptools/_vendor/packaging/utils.py to setuptools/_vendor/packaging/utils.pyc
byte-compiling /Users/calum/Developer/Excelerator/env/lib/python3.11/site-packages/setuptools/_vendor/packaging/version.py to setuptools/_vendor/packaging/version.pyc
byte-compiling /Users/calum/Developer/Excelerator/env/lib/python3.11/site-packages/setuptools/archive_util.py to setuptools/archive_util.pyc
byte-compiling /Users/calum/Developer/Excelerator/env/lib/python3.11/site-packages/setuptools/command/__init__.py to setuptools/command/__init__.pyc
creating /Users/calum/Developer/Excelerator/build/bdist.macosx-14.2-arm64/python3.11-standalone/app/collect/setuptools/command
byte-compiling /Users/calum/Developer/Excelerator/env/lib/python3.11/site-packages/setuptools/command/bdist_egg.py to setuptools/command/bdist_egg.pyc
byte-compiling /Users/calum/Developer/Excelerator/env/lib/python3.11/site-packages/setuptools/command/bdist_rpm.py to setuptools/command/bdist_rpm.pyc
byte-compiling /Users/calum/Developer/Excelerator/env/lib/python3.11/site-packages/setuptools/command/build.py to setuptools/command/build.pyc
byte-compiling /Users/calum/Developer/Excelerator/env/lib/python3.11/site-packages/setuptools/command/build_ext.py to setuptools/command/build_ext.pyc
byte-compiling /Users/calum/Developer/Excelerator/env/lib/python3.11/site-packages/setuptools/command/build_py.py to setuptools/command/build_py.pyc
byte-compiling /Users/calum/Developer/Excelerator/env/lib/python3.11/site-packages/setuptools/command/develop.py to setuptools/command/develop.pyc
byte-compiling /Users/calum/Developer/Excelerator/env/lib/python3.11/site-packages/setuptools/command/easy_install.py to setuptools/command/easy_install.pyc
byte-compiling /Users/calum/Developer/Excelerator/env/lib/python3.11/site-packages/setuptools/command/egg_info.py to setuptools/command/egg_info.pyc
byte-compiling /Users/calum/Developer/Excelerator/env/lib/python3.11/site-packages/setuptools/command/install.py to setuptools/command/install.pyc
byte-compiling /Users/calum/Developer/Excelerator/env/lib/python3.11/site-packages/setuptools/command/py36compat.py to setuptools/command/py36compat.pyc
byte-compiling /Users/calum/Developer/Excelerator/env/lib/python3.11/site-packages/setuptools/command/sdist.py to setuptools/command/sdist.pyc
byte-compiling /Users/calum/Developer/Excelerator/env/lib/python3.11/site-packages/setuptools/command/setopt.py to setuptools/command/setopt.pyc
byte-compiling /Users/calum/Developer/Excelerator/env/lib/python3.11/site-packages/setuptools/config/__init__.py to setuptools/config/__init__.pyc
creating /Users/calum/Developer/Excelerator/build/bdist.macosx-14.2-arm64/python3.11-standalone/app/collect/setuptools/config
byte-compiling /Users/calum/Developer/Excelerator/env/lib/python3.11/site-packages/setuptools/config/_apply_pyprojecttoml.py to setuptools/config/_apply_pyprojecttoml.pyc
byte-compiling /Users/calum/Developer/Excelerator/env/lib/python3.11/site-packages/setuptools/config/_validate_pyproject/__init__.py to setuptools/config/_validate_pyproject/__init__.pyc
creating /Users/calum/Developer/Excelerator/build/bdist.macosx-14.2-arm64/python3.11-standalone/app/collect/setuptools/config/_validate_pyproject
byte-compiling /Users/calum/Developer/Excelerator/env/lib/python3.11/site-packages/setuptools/config/_validate_pyproject/error_reporting.py to setuptools/config/_validate_pyproject/error_reporting.pyc
byte-compiling /Users/calum/Developer/Excelerator/env/lib/python3.11/site-packages/setuptools/config/_validate_pyproject/extra_validations.py to setuptools/config/_validate_pyproject/extra_validations.pyc
byte-compiling /Users/calum/Developer/Excelerator/env/lib/python3.11/site-packages/setuptools/config/_validate_pyproject/fastjsonschema_exceptions.py to setuptools/config/_validate_pyproject/fastjsonschema_exceptions.pyc
byte-compiling /Users/calum/Developer/Excelerator/env/lib/python3.11/site-packages/setuptools/config/_validate_pyproject/fastjsonschema_validations.py to setuptools/config/_validate_pyproject/fastjsonschema_validations.pyc
byte-compiling /Users/calum/Developer/Excelerator/env/lib/python3.11/site-packages/setuptools/config/_validate_pyproject/formats.py to setuptools/config/_validate_pyproject/formats.pyc
byte-compiling /Users/calum/Developer/Excelerator/env/lib/python3.11/site-packages/setuptools/config/expand.py to setuptools/config/expand.pyc
byte-compiling /Users/calum/Developer/Excelerator/env/lib/python3.11/site-packages/setuptools/config/pyprojecttoml.py to setuptools/config/pyprojecttoml.pyc
byte-compiling /Users/calum/Developer/Excelerator/env/lib/python3.11/site-packages/setuptools/config/setupcfg.py to setuptools/config/setupcfg.pyc
byte-compiling /Users/calum/Developer/Excelerator/env/lib/python3.11/site-packages/setuptools/depends.py to setuptools/depends.pyc
byte-compiling /Users/calum/Developer/Excelerator/env/lib/python3.11/site-packages/setuptools/discovery.py to setuptools/discovery.pyc
byte-compiling /Users/calum/Developer/Excelerator/env/lib/python3.11/site-packages/setuptools/dist.py to setuptools/dist.pyc
byte-compiling /Users/calum/Developer/Excelerator/env/lib/python3.11/site-packages/setuptools/errors.py to setuptools/errors.pyc
byte-compiling /Users/calum/Developer/Excelerator/env/lib/python3.11/site-packages/setuptools/extension.py to setuptools/extension.pyc
byte-compiling /Users/calum/Developer/Excelerator/env/lib/python3.11/site-packages/setuptools/extern/__init__.py to setuptools/extern/__init__.pyc
creating /Users/calum/Developer/Excelerator/build/bdist.macosx-14.2-arm64/python3.11-standalone/app/collect/setuptools/extern
byte-compiling /Users/calum/Developer/Excelerator/env/lib/python3.11/site-packages/setuptools/glob.py to setuptools/glob.pyc
byte-compiling /Users/calum/Developer/Excelerator/env/lib/python3.11/site-packages/setuptools/installer.py to setuptools/installer.pyc
byte-compiling /Users/calum/Developer/Excelerator/env/lib/python3.11/site-packages/setuptools/logging.py to setuptools/logging.pyc
byte-compiling /Users/calum/Developer/Excelerator/env/lib/python3.11/site-packages/setuptools/monkey.py to setuptools/monkey.pyc
byte-compiling /Users/calum/Developer/Excelerator/env/lib/python3.11/site-packages/setuptools/namespaces.py to setuptools/namespaces.pyc
byte-compiling /Users/calum/Developer/Excelerator/env/lib/python3.11/site-packages/setuptools/package_index.py to setuptools/package_index.pyc
byte-compiling /Users/calum/Developer/Excelerator/env/lib/python3.11/site-packages/setuptools/py34compat.py to setuptools/py34compat.pyc
byte-compiling /Users/calum/Developer/Excelerator/env/lib/python3.11/site-packages/setuptools/sandbox.py to setuptools/sandbox.pyc
byte-compiling /Users/calum/Developer/Excelerator/env/lib/python3.11/site-packages/setuptools/unicode_utils.py to setuptools/unicode_utils.pyc
byte-compiling /Users/calum/Developer/Excelerator/env/lib/python3.11/site-packages/setuptools/version.py to setuptools/version.pyc
byte-compiling /Users/calum/Developer/Excelerator/env/lib/python3.11/site-packages/setuptools/wheel.py to setuptools/wheel.pyc
byte-compiling /Users/calum/Developer/Excelerator/env/lib/python3.11/site-packages/setuptools/windows_support.py to setuptools/windows_support.pyc
byte-compiling /Users/calum/Developer/Excelerator/env/lib/python3.11/site-packages/six.py to six.pyc
byte-compiling /Users/calum/Developer/Excelerator/env/lib/python3.11/site-packages/tkcalendar/__init__.py to tkcalendar/__init__.pyc
creating /Users/calum/Developer/Excelerator/build/bdist.macosx-14.2-arm64/python3.11-standalone/app/collect/tkcalendar
byte-compiling /Users/calum/Developer/Excelerator/env/lib/python3.11/site-packages/tkcalendar/calendar_.py to tkcalendar/calendar_.pyc
byte-compiling /Users/calum/Developer/Excelerator/env/lib/python3.11/site-packages/tkcalendar/dateentry.py to tkcalendar/dateentry.pyc
byte-compiling /Users/calum/Developer/Excelerator/env/lib/python3.11/site-packages/tkcalendar/tooltip.py to tkcalendar/tooltip.pyc
byte-compiling /Users/calum/Developer/Excelerator/env/lib/python3.11/site-packages/urllib3/__init__.py to urllib3/__init__.pyc
creating /Users/calum/Developer/Excelerator/build/bdist.macosx-14.2-arm64/python3.11-standalone/app/collect/urllib3
byte-compiling /Users/calum/Developer/Excelerator/env/lib/python3.11/site-packages/urllib3/_base_connection.py to urllib3/_base_connection.pyc
byte-compiling /Users/calum/Developer/Excelerator/env/lib/python3.11/site-packages/urllib3/_collections.py to urllib3/_collections.pyc
byte-compiling /Users/calum/Developer/Excelerator/env/lib/python3.11/site-packages/urllib3/_request_methods.py to urllib3/_request_methods.pyc
byte-compiling /Users/calum/Developer/Excelerator/env/lib/python3.11/site-packages/urllib3/_version.py to urllib3/_version.pyc
byte-compiling /Users/calum/Developer/Excelerator/env/lib/python3.11/site-packages/urllib3/connection.py to urllib3/connection.pyc
byte-compiling /Users/calum/Developer/Excelerator/env/lib/python3.11/site-packages/urllib3/connectionpool.py to urllib3/connectionpool.pyc
byte-compiling /Users/calum/Developer/Excelerator/env/lib/python3.11/site-packages/urllib3/contrib/__init__.py to urllib3/contrib/__init__.pyc
creating /Users/calum/Developer/Excelerator/build/bdist.macosx-14.2-arm64/python3.11-standalone/app/collect/urllib3/contrib
byte-compiling /Users/calum/Developer/Excelerator/env/lib/python3.11/site-packages/urllib3/contrib/emscripten/__init__.py to urllib3/contrib/emscripten/__init__.pyc
creating /Users/calum/Developer/Excelerator/build/bdist.macosx-14.2-arm64/python3.11-standalone/app/collect/urllib3/contrib/emscripten
byte-compiling /Users/calum/Developer/Excelerator/env/lib/python3.11/site-packages/urllib3/contrib/emscripten/connection.py to urllib3/contrib/emscripten/connection.pyc
byte-compiling /Users/calum/Developer/Excelerator/env/lib/python3.11/site-packages/urllib3/contrib/emscripten/fetch.py to urllib3/contrib/emscripten/fetch.pyc
byte-compiling /Users/calum/Developer/Excelerator/env/lib/python3.11/site-packages/urllib3/contrib/emscripten/request.py to urllib3/contrib/emscripten/request.pyc
byte-compiling /Users/calum/Developer/Excelerator/env/lib/python3.11/site-packages/urllib3/contrib/emscripten/response.py to urllib3/contrib/emscripten/response.pyc
byte-compiling /Users/calum/Developer/Excelerator/env/lib/python3.11/site-packages/urllib3/contrib/pyopenssl.py to urllib3/contrib/pyopenssl.pyc
byte-compiling /Users/calum/Developer/Excelerator/env/lib/python3.11/site-packages/urllib3/contrib/socks.py to urllib3/contrib/socks.pyc
byte-compiling /Users/calum/Developer/Excelerator/env/lib/python3.11/site-packages/urllib3/exceptions.py to urllib3/exceptions.pyc
byte-compiling /Users/calum/Developer/Excelerator/env/lib/python3.11/site-packages/urllib3/fields.py to urllib3/fields.pyc
byte-compiling /Users/calum/Developer/Excelerator/env/lib/python3.11/site-packages/urllib3/filepost.py to urllib3/filepost.pyc
byte-compiling /Users/calum/Developer/Excelerator/env/lib/python3.11/site-packages/urllib3/poolmanager.py to urllib3/poolmanager.pyc
byte-compiling /Users/calum/Developer/Excelerator/env/lib/python3.11/site-packages/urllib3/response.py to urllib3/response.pyc
byte-compiling /Users/calum/Developer/Excelerator/env/lib/python3.11/site-packages/urllib3/util/__init__.py to urllib3/util/__init__.pyc
creating /Users/calum/Developer/Excelerator/build/bdist.macosx-14.2-arm64/python3.11-standalone/app/collect/urllib3/util
byte-compiling /Users/calum/Developer/Excelerator/env/lib/python3.11/site-packages/urllib3/util/connection.py to urllib3/util/connection.pyc
byte-compiling /Users/calum/Developer/Excelerator/env/lib/python3.11/site-packages/urllib3/util/proxy.py to urllib3/util/proxy.pyc
byte-compiling /Users/calum/Developer/Excelerator/env/lib/python3.11/site-packages/urllib3/util/request.py to urllib3/util/request.pyc
byte-compiling /Users/calum/Developer/Excelerator/env/lib/python3.11/site-packages/urllib3/util/response.py to urllib3/util/response.pyc
byte-compiling /Users/calum/Developer/Excelerator/env/lib/python3.11/site-packages/urllib3/util/retry.py to urllib3/util/retry.pyc
byte-compiling /Users/calum/Developer/Excelerator/env/lib/python3.11/site-packages/urllib3/util/ssl_.py to urllib3/util/ssl_.pyc
byte-compiling /Users/calum/Developer/Excelerator/env/lib/python3.11/site-packages/urllib3/util/ssl_match_hostname.py to urllib3/util/ssl_match_hostname.pyc
byte-compiling /Users/calum/Developer/Excelerator/env/lib/python3.11/site-packages/urllib3/util/ssltransport.py to urllib3/util/ssltransport.pyc
byte-compiling /Users/calum/Developer/Excelerator/env/lib/python3.11/site-packages/urllib3/util/timeout.py to urllib3/util/timeout.pyc
byte-compiling /Users/calum/Developer/Excelerator/env/lib/python3.11/site-packages/urllib3/util/url.py to urllib3/util/url.pyc
byte-compiling /Users/calum/Developer/Excelerator/env/lib/python3.11/site-packages/urllib3/util/util.py to urllib3/util/util.pyc
byte-compiling /Users/calum/Developer/Excelerator/env/lib/python3.11/site-packages/urllib3/util/wait.py to urllib3/util/wait.pyc
byte-compiling /Users/calum/Developer/Excelerator/env/lib/python3.11/site-packages/wheel/__init__.py to wheel/__init__.pyc
creating /Users/calum/Developer/Excelerator/build/bdist.macosx-14.2-arm64/python3.11-standalone/app/collect/wheel
byte-compiling /Users/calum/Developer/Excelerator/log.py to log.pyc
byte-compiling /Users/calum/Developer/Excelerator/pdf_reporter.py to pdf_reporter.pyc
byte-compiling /Users/calum/Developer/Excelerator/workbook.py to workbook.pyc
byte-compiling /Users/calum/Developer/Excelerator/build/bdist.macosx-14.2-arm64/python3.11-standalone/app/temp/PIL/_imaging.py to PIL/_imaging.pyc
byte-compiling /Users/calum/Developer/Excelerator/build/bdist.macosx-14.2-arm64/python3.11-standalone/app/temp/PIL/_imagingcms.py to PIL/_imagingcms.pyc
byte-compiling /Users/calum/Developer/Excelerator/build/bdist.macosx-14.2-arm64/python3.11-standalone/app/temp/PIL/_imagingmath.py to PIL/_imagingmath.pyc
byte-compiling /Users/calum/Developer/Excelerator/build/bdist.macosx-14.2-arm64/python3.11-standalone/app/temp/PIL/_imagingtk.py to PIL/_imagingtk.pyc
byte-compiling /Users/calum/Developer/Excelerator/build/bdist.macosx-14.2-arm64/python3.11-standalone/app/temp/charset_normalizer/md.py to charset_normalizer/md.pyc
byte-compiling /Users/calum/Developer/Excelerator/build/bdist.macosx-14.2-arm64/python3.11-standalone/app/temp/cryptography/hazmat/bindings/_rust.py to cryptography/hazmat/bindings/_rust.pyc
copying file /Users/calum/.pyenv/versions/3.11.1/lib/python3.11/ctypes/macholib/fetch_macholib -> /Users/calum/Developer/Excelerator/build/bdist.macosx-14.2-arm64/python3.11-standalone/app/collect/ctypes/macholib/fetch_macholib
copying file /Users/calum/.pyenv/versions/3.11.1/lib/python3.11/ctypes/macholib/README.ctypes -> /Users/calum/Developer/Excelerator/build/bdist.macosx-14.2-arm64/python3.11-standalone/app/collect/ctypes/macholib/README.ctypes
copying file /Users/calum/.pyenv/versions/3.11.1/lib/python3.11/ctypes/macholib/fetch_macholib.bat -> /Users/calum/Developer/Excelerator/build/bdist.macosx-14.2-arm64/python3.11-standalone/app/collect/ctypes/macholib/fetch_macholib.bat
copying file /Users/calum/.pyenv/versions/3.11.1/lib/python3.11/distutils/README -> /Users/calum/Developer/Excelerator/build/bdist.macosx-14.2-arm64/python3.11-standalone/app/collect/distutils/README
copying file /Users/calum/.pyenv/versions/3.11.1/lib/python3.11/distutils/command/command_template -> /Users/calum/Developer/Excelerator/build/bdist.macosx-14.2-arm64/python3.11-standalone/app/collect/distutils/command/command_template
copying file /Users/calum/.pyenv/versions/3.11.1/lib/python3.11/email/architecture.rst -> /Users/calum/Developer/Excelerator/build/bdist.macosx-14.2-arm64/python3.11-standalone/app/collect/email/architecture.rst
copying file /Users/calum/.pyenv/versions/3.11.1/lib/python3.11/lib2to3/Grammar3.11.1.final.0.pickle -> /Users/calum/Developer/Excelerator/build/bdist.macosx-14.2-arm64/python3.11-standalone/app/collect/lib2to3/Grammar3.11.1.final.0.pickle
copying file /Users/calum/.pyenv/versions/3.11.1/lib/python3.11/lib2to3/Grammar.txt -> /Users/calum/Developer/Excelerator/build/bdist.macosx-14.2-arm64/python3.11-standalone/app/collect/lib2to3/Grammar.txt
copying file /Users/calum/.pyenv/versions/3.11.1/lib/python3.11/lib2to3/PatternGrammar.txt -> /Users/calum/Developer/Excelerator/build/bdist.macosx-14.2-arm64/python3.11-standalone/app/collect/lib2to3/PatternGrammar.txt
copying file /Users/calum/.pyenv/versions/3.11.1/lib/python3.11/lib2to3/PatternGrammar3.11.1.final.0.pickle -> /Users/calum/Developer/Excelerator/build/bdist.macosx-14.2-arm64/python3.11-standalone/app/collect/lib2to3/PatternGrammar3.11.1.final.0.pickle
copying file /Users/calum/.pyenv/versions/3.11.1/lib/python3.11/pydoc_data/_pydoc.css -> /Users/calum/Developer/Excelerator/build/bdist.macosx-14.2-arm64/python3.11-standalone/app/collect/pydoc_data/_pydoc.css
copying file /Users/calum/.pyenv/versions/3.11.1/lib/python3.11/test/test_difflib_expect.html -> /Users/calum/Developer/Excelerator/build/bdist.macosx-14.2-arm64/python3.11-standalone/app/collect/test/test_difflib_expect.html
copying file /Users/calum/.pyenv/versions/3.11.1/lib/python3.11/test/cfgparser.3 -> /Users/calum/Developer/Excelerator/build/bdist.macosx-14.2-arm64/python3.11-standalone/app/collect/test/cfgparser.3
copying file /Users/calum/.pyenv/versions/3.11.1/lib/python3.11/test/pstats.pck -> /Users/calum/Developer/Excelerator/build/bdist.macosx-14.2-arm64/python3.11-standalone/app/collect/test/pstats.pck
copying file /Users/calum/.pyenv/versions/3.11.1/lib/python3.11/test/cfgparser.2 -> /Users/calum/Developer/Excelerator/build/bdist.macosx-14.2-arm64/python3.11-standalone/app/collect/test/cfgparser.2
copying file /Users/calum/.pyenv/versions/3.11.1/lib/python3.11/test/tokenize_tests-utf8-coding-cookie-and-utf8-bom-sig.txt -> /Users/calum/Developer/Excelerator/build/bdist.macosx-14.2-arm64/python3.11-standalone/app/collect/test/tokenize_tests-utf8-coding-cookie-and-utf8-bom-sig.txt
copying file /Users/calum/.pyenv/versions/3.11.1/lib/python3.11/test/nokia.pem -> /Users/calum/Developer/Excelerator/build/bdist.macosx-14.2-arm64/python3.11-standalone/app/collect/test/nokia.pem
copying file /Users/calum/.pyenv/versions/3.11.1/lib/python3.11/test/Sine-1000Hz-300ms.aif -> /Users/calum/Developer/Excelerator/build/bdist.macosx-14.2-arm64/python3.11-standalone/app/collect/test/Sine-1000Hz-300ms.aif
copying file /Users/calum/.pyenv/versions/3.11.1/lib/python3.11/test/nullcert.pem -> /Users/calum/Developer/Excelerator/build/bdist.macosx-14.2-arm64/python3.11-standalone/app/collect/test/nullcert.pem
copying file /Users/calum/.pyenv/versions/3.11.1/lib/python3.11/test/testtar.tar.xz -> /Users/calum/Developer/Excelerator/build/bdist.macosx-14.2-arm64/python3.11-standalone/app/collect/test/testtar.tar.xz
creating /Users/calum/Developer/Excelerator/build/bdist.macosx-14.2-arm64/python3.11-standalone/app/collect/test/ziptestdata
copying file /Users/calum/.pyenv/versions/3.11.1/lib/python3.11/test/ziptestdata/exe_with_zip -> /Users/calum/Developer/Excelerator/build/bdist.macosx-14.2-arm64/python3.11-standalone/app/collect/test/ziptestdata/exe_with_zip
copying file /Users/calum/.pyenv/versions/3.11.1/lib/python3.11/test/ziptestdata/testdata_module_inside_zip.py -> /Users/calum/Developer/Excelerator/build/bdist.macosx-14.2-arm64/python3.11-standalone/app/collect/test/ziptestdata/testdata_module_inside_zip.py
copying file /Users/calum/.pyenv/versions/3.11.1/lib/python3.11/test/ziptestdata/exe_with_z64 -> /Users/calum/Developer/Excelerator/build/bdist.macosx-14.2-arm64/python3.11-standalone/app/collect/test/ziptestdata/exe_with_z64
creating /Users/calum/Developer/Excelerator/build/bdist.macosx-14.2-arm64/python3.11-standalone/app/collect/test/ziptestdata/__pycache__
copying file /Users/calum/.pyenv/versions/3.11.1/lib/python3.11/test/ziptestdata/__pycache__/testdata_module_inside_zip.cpython-311.opt-1.pyc -> /Users/calum/Developer/Excelerator/build/bdist.macosx-14.2-arm64/python3.11-standalone/app/collect/test/ziptestdata/__pycache__/testdata_module_inside_zip.cpython-311.opt-1.pyc
copying file /Users/calum/.pyenv/versions/3.11.1/lib/python3.11/test/ziptestdata/__pycache__/testdata_module_inside_zip.cpython-311.opt-2.pyc -> /Users/calum/Developer/Excelerator/build/bdist.macosx-14.2-arm64/python3.11-standalone/app/collect/test/ziptestdata/__pycache__/testdata_module_inside_zip.cpython-311.opt-2.pyc
copying file /Users/calum/.pyenv/versions/3.11.1/lib/python3.11/test/ziptestdata/__pycache__/testdata_module_inside_zip.cpython-311.pyc -> /Users/calum/Developer/Excelerator/build/bdist.macosx-14.2-arm64/python3.11-standalone/app/collect/test/ziptestdata/__pycache__/testdata_module_inside_zip.cpython-311.pyc
copying file /Users/calum/.pyenv/versions/3.11.1/lib/python3.11/test/ziptestdata/README.md -> /Users/calum/Developer/Excelerator/build/bdist.macosx-14.2-arm64/python3.11-standalone/app/collect/test/ziptestdata/README.md
copying file /Users/calum/.pyenv/versions/3.11.1/lib/python3.11/test/ziptestdata/header.sh -> /Users/calum/Developer/Excelerator/build/bdist.macosx-14.2-arm64/python3.11-standalone/app/collect/test/ziptestdata/header.sh
copying file /Users/calum/.pyenv/versions/3.11.1/lib/python3.11/test/sgml_input.html -> /Users/calum/Developer/Excelerator/build/bdist.macosx-14.2-arm64/python3.11-standalone/app/collect/test/sgml_input.html
copying file /Users/calum/.pyenv/versions/3.11.1/lib/python3.11/test/zipdir.zip -> /Users/calum/Developer/Excelerator/build/bdist.macosx-14.2-arm64/python3.11-standalone/app/collect/test/zipdir.zip
copying file /Users/calum/.pyenv/versions/3.11.1/lib/python3.11/test/tokenize_tests-latin1-coding-cookie-and-utf8-bom-sig.txt -> /Users/calum/Developer/Excelerator/build/bdist.macosx-14.2-arm64/python3.11-standalone/app/collect/test/tokenize_tests-latin1-coding-cookie-and-utf8-bom-sig.txt
copying file /Users/calum/.pyenv/versions/3.11.1/lib/python3.11/test/nosan.pem -> /Users/calum/Developer/Excelerator/build/bdist.macosx-14.2-arm64/python3.11-standalone/app/collect/test/nosan.pem
copying file /Users/calum/.pyenv/versions/3.11.1/lib/python3.11/test/clinic.test -> /Users/calum/Developer/Excelerator/build/bdist.macosx-14.2-arm64/python3.11-standalone/app/collect/test/clinic.test
copying file /Users/calum/.pyenv/versions/3.11.1/lib/python3.11/test/_testcppext.cpp -> /Users/calum/Developer/Excelerator/build/bdist.macosx-14.2-arm64/python3.11-standalone/app/collect/test/_testcppext.cpp
creating /Users/calum/Developer/Excelerator/build/bdist.macosx-14.2-arm64/python3.11-standalone/app/collect/test/audiodata
copying file /Users/calum/.pyenv/versions/3.11.1/lib/python3.11/test/audiodata/pluck-pcm16.aiff -> /Users/calum/Developer/Excelerator/build/bdist.macosx-14.2-arm64/python3.11-standalone/app/collect/test/audiodata/pluck-pcm16.aiff
copying file /Users/calum/.pyenv/versions/3.11.1/lib/python3.11/test/audiodata/pluck-pcm24.wav -> /Users/calum/Developer/Excelerator/build/bdist.macosx-14.2-arm64/python3.11-standalone/app/collect/test/audiodata/pluck-pcm24.wav
copying file /Users/calum/.pyenv/versions/3.11.1/lib/python3.11/test/audiodata/pluck-pcm32.wav -> /Users/calum/Developer/Excelerator/build/bdist.macosx-14.2-arm64/python3.11-standalone/app/collect/test/audiodata/pluck-pcm32.wav
copying file /Users/calum/.pyenv/versions/3.11.1/lib/python3.11/test/audiodata/pluck-pcm24.au -> /Users/calum/Developer/Excelerator/build/bdist.macosx-14.2-arm64/python3.11-standalone/app/collect/test/audiodata/pluck-pcm24.au
copying file /Users/calum/.pyenv/versions/3.11.1/lib/python3.11/test/audiodata/pluck-pcm24.aiff -> /Users/calum/Developer/Excelerator/build/bdist.macosx-14.2-arm64/python3.11-standalone/app/collect/test/audiodata/pluck-pcm24.aiff
copying file /Users/calum/.pyenv/versions/3.11.1/lib/python3.11/test/audiodata/pluck-pcm16.wav -> /Users/calum/Developer/Excelerator/build/bdist.macosx-14.2-arm64/python3.11-standalone/app/collect/test/audiodata/pluck-pcm16.wav
copying file /Users/calum/.pyenv/versions/3.11.1/lib/python3.11/test/audiodata/pluck-pcm32.aiff -> /Users/calum/Developer/Excelerator/build/bdist.macosx-14.2-arm64/python3.11-standalone/app/collect/test/audiodata/pluck-pcm32.aiff
copying file /Users/calum/.pyenv/versions/3.11.1/lib/python3.11/test/audiodata/pluck-ulaw.au -> /Users/calum/Developer/Excelerator/build/bdist.macosx-14.2-arm64/python3.11-standalone/app/collect/test/audiodata/pluck-ulaw.au
copying file /Users/calum/.pyenv/versions/3.11.1/lib/python3.11/test/audiodata/pluck-pcm8.wav -> /Users/calum/Developer/Excelerator/build/bdist.macosx-14.2-arm64/python3.11-standalone/app/collect/test/audiodata/pluck-pcm8.wav
copying file /Users/calum/.pyenv/versions/3.11.1/lib/python3.11/test/audiodata/pluck-ulaw.aifc -> /Users/calum/Developer/Excelerator/build/bdist.macosx-14.2-arm64/python3.11-standalone/app/collect/test/audiodata/pluck-ulaw.aifc
copying file /Users/calum/.pyenv/versions/3.11.1/lib/python3.11/test/audiodata/pluck-pcm8.aiff -> /Users/calum/Developer/Excelerator/build/bdist.macosx-14.2-arm64/python3.11-standalone/app/collect/test/audiodata/pluck-pcm8.aiff
copying file /Users/calum/.pyenv/versions/3.11.1/lib/python3.11/test/audiodata/pluck-alaw.aifc -> /Users/calum/Developer/Excelerator/build/bdist.macosx-14.2-arm64/python3.11-standalone/app/collect/test/audiodata/pluck-alaw.aifc
copying file /Users/calum/.pyenv/versions/3.11.1/lib/python3.11/test/audiodata/pluck-pcm32.au -> /Users/calum/Developer/Excelerator/build/bdist.macosx-14.2-arm64/python3.11-standalone/app/collect/test/audiodata/pluck-pcm32.au
copying file /Users/calum/.pyenv/versions/3.11.1/lib/python3.11/test/audiodata/pluck-pcm16.au -> /Users/calum/Developer/Excelerator/build/bdist.macosx-14.2-arm64/python3.11-standalone/app/collect/test/audiodata/pluck-pcm16.au
copying file /Users/calum/.pyenv/versions/3.11.1/lib/python3.11/test/audiodata/pluck-pcm8.au -> /Users/calum/Developer/Excelerator/build/bdist.macosx-14.2-arm64/python3.11-standalone/app/collect/test/audiodata/pluck-pcm8.au
copying file /Users/calum/.pyenv/versions/3.11.1/lib/python3.11/test/nullbytecert.pem -> /Users/calum/Developer/Excelerator/build/bdist.macosx-14.2-arm64/python3.11-standalone/app/collect/test/nullbytecert.pem
copying file /Users/calum/.pyenv/versions/3.11.1/lib/python3.11/test/mailcap.txt -> /Users/calum/Developer/Excelerator/build/bdist.macosx-14.2-arm64/python3.11-standalone/app/collect/test/mailcap.txt
copying file /Users/calum/.pyenv/versions/3.11.1/lib/python3.11/test/empty.vbs -> /Users/calum/Developer/Excelerator/build/bdist.macosx-14.2-arm64/python3.11-standalone/app/collect/test/empty.vbs
creating /Users/calum/Developer/Excelerator/build/bdist.macosx-14.2-arm64/python3.11-standalone/app/collect/test/dtracedata
copying file /Users/calum/.pyenv/versions/3.11.1/lib/python3.11/test/dtracedata/instance.py -> /Users/calum/Developer/Excelerator/build/bdist.macosx-14.2-arm64/python3.11-standalone/app/collect/test/dtracedata/instance.py
copying file /Users/calum/.pyenv/versions/3.11.1/lib/python3.11/test/dtracedata/gc.d.expected -> /Users/calum/Developer/Excelerator/build/bdist.macosx-14.2-arm64/python3.11-standalone/app/collect/test/dtracedata/gc.d.expected
copying file /Users/calum/.pyenv/versions/3.11.1/lib/python3.11/test/dtracedata/call_stack.py -> /Users/calum/Developer/Excelerator/build/bdist.macosx-14.2-arm64/python3.11-standalone/app/collect/test/dtracedata/call_stack.py
copying file /Users/calum/.pyenv/versions/3.11.1/lib/python3.11/test/dtracedata/gc.py -> /Users/calum/Developer/Excelerator/build/bdist.macosx-14.2-arm64/python3.11-standalone/app/collect/test/dtracedata/gc.py
copying file /Users/calum/.pyenv/versions/3.11.1/lib/python3.11/test/dtracedata/call_stack.stp.expected -> /Users/calum/Developer/Excelerator/build/bdist.macosx-14.2-arm64/python3.11-standalone/app/collect/test/dtracedata/call_stack.stp.expected
copying file /Users/calum/.pyenv/versions/3.11.1/lib/python3.11/test/dtracedata/line.py -> /Users/calum/Developer/Excelerator/build/bdist.macosx-14.2-arm64/python3.11-standalone/app/collect/test/dtracedata/line.py
copying file /Users/calum/.pyenv/versions/3.11.1/lib/python3.11/test/dtracedata/assert_usable.d -> /Users/calum/Developer/Excelerator/build/bdist.macosx-14.2-arm64/python3.11-standalone/app/collect/test/dtracedata/assert_usable.d
copying file /Users/calum/.pyenv/versions/3.11.1/lib/python3.11/test/dtracedata/line.d -> /Users/calum/Developer/Excelerator/build/bdist.macosx-14.2-arm64/python3.11-standalone/app/collect/test/dtracedata/line.d
copying file /Users/calum/.pyenv/versions/3.11.1/lib/python3.11/test/dtracedata/gc.stp -> /Users/calum/Developer/Excelerator/build/bdist.macosx-14.2-arm64/python3.11-standalone/app/collect/test/dtracedata/gc.stp
creating /Users/calum/Developer/Excelerator/build/bdist.macosx-14.2-arm64/python3.11-standalone/app/collect/test/dtracedata/__pycache__
copying file /Users/calum/.pyenv/versions/3.11.1/lib/python3.11/test/dtracedata/__pycache__/instance.cpython-311.pyc -> /Users/calum/Developer/Excelerator/build/bdist.macosx-14.2-arm64/python3.11-standalone/app/collect/test/dtracedata/__pycache__/instance.cpython-311.pyc
copying file /Users/calum/.pyenv/versions/3.11.1/lib/python3.11/test/dtracedata/__pycache__/line.cpython-311.opt-1.pyc -> /Users/calum/Developer/Excelerator/build/bdist.macosx-14.2-arm64/python3.11-standalone/app/collect/test/dtracedata/__pycache__/line.cpython-311.opt-1.pyc
copying file /Users/calum/.pyenv/versions/3.11.1/lib/python3.11/test/dtracedata/__pycache__/line.cpython-311.opt-2.pyc -> /Users/calum/Developer/Excelerator/build/bdist.macosx-14.2-arm64/python3.11-standalone/app/collect/test/dtracedata/__pycache__/line.cpython-311.opt-2.pyc
copying file /Users/calum/.pyenv/versions/3.11.1/lib/python3.11/test/dtracedata/__pycache__/instance.cpython-311.opt-1.pyc -> /Users/calum/Developer/Excelerator/build/bdist.macosx-14.2-arm64/python3.11-standalone/app/collect/test/dtracedata/__pycache__/instance.cpython-311.opt-1.pyc
copying file /Users/calum/.pyenv/versions/3.11.1/lib/python3.11/test/dtracedata/__pycache__/instance.cpython-311.opt-2.pyc -> /Users/calum/Developer/Excelerator/build/bdist.macosx-14.2-arm64/python3.11-standalone/app/collect/test/dtracedata/__pycache__/instance.cpython-311.opt-2.pyc
copying file /Users/calum/.pyenv/versions/3.11.1/lib/python3.11/test/dtracedata/__pycache__/line.cpython-311.pyc -> /Users/calum/Developer/Excelerator/build/bdist.macosx-14.2-arm64/python3.11-standalone/app/collect/test/dtracedata/__pycache__/line.cpython-311.pyc
copying file /Users/calum/.pyenv/versions/3.11.1/lib/python3.11/test/dtracedata/__pycache__/call_stack.cpython-311.pyc -> /Users/calum/Developer/Excelerator/build/bdist.macosx-14.2-arm64/python3.11-standalone/app/collect/test/dtracedata/__pycache__/call_stack.cpython-311.pyc
copying file /Users/calum/.pyenv/versions/3.11.1/lib/python3.11/test/dtracedata/__pycache__/gc.cpython-311.opt-2.pyc -> /Users/calum/Developer/Excelerator/build/bdist.macosx-14.2-arm64/python3.11-standalone/app/collect/test/dtracedata/__pycache__/gc.cpython-311.opt-2.pyc
copying file /Users/calum/.pyenv/versions/3.11.1/lib/python3.11/test/dtracedata/__pycache__/gc.cpython-311.opt-1.pyc -> /Users/calum/Developer/Excelerator/build/bdist.macosx-14.2-arm64/python3.11-standalone/app/collect/test/dtracedata/__pycache__/gc.cpython-311.opt-1.pyc
copying file /Users/calum/.pyenv/versions/3.11.1/lib/python3.11/test/dtracedata/__pycache__/call_stack.cpython-311.opt-2.pyc -> /Users/calum/Developer/Excelerator/build/bdist.macosx-14.2-arm64/python3.11-standalone/app/collect/test/dtracedata/__pycache__/call_stack.cpython-311.opt-2.pyc
copying file /Users/calum/.pyenv/versions/3.11.1/lib/python3.11/test/dtracedata/__pycache__/call_stack.cpython-311.opt-1.pyc -> /Users/calum/Developer/Excelerator/build/bdist.macosx-14.2-arm64/python3.11-standalone/app/collect/test/dtracedata/__pycache__/call_stack.cpython-311.opt-1.pyc
copying file /Users/calum/.pyenv/versions/3.11.1/lib/python3.11/test/dtracedata/__pycache__/gc.cpython-311.pyc -> /Users/calum/Developer/Excelerator/build/bdist.macosx-14.2-arm64/python3.11-standalone/app/collect/test/dtracedata/__pycache__/gc.cpython-311.pyc
copying file /Users/calum/.pyenv/versions/3.11.1/lib/python3.11/test/dtracedata/gc.stp.expected -> /Users/calum/Developer/Excelerator/build/bdist.macosx-14.2-arm64/python3.11-standalone/app/collect/test/dtracedata/gc.stp.expected
copying file /Users/calum/.pyenv/versions/3.11.1/lib/python3.11/test/dtracedata/call_stack.stp -> /Users/calum/Developer/Excelerator/build/bdist.macosx-14.2-arm64/python3.11-standalone/app/collect/test/dtracedata/call_stack.stp
copying file /Users/calum/.pyenv/versions/3.11.1/lib/python3.11/test/dtracedata/line.d.expected -> /Users/calum/Developer/Excelerator/build/bdist.macosx-14.2-arm64/python3.11-standalone/app/collect/test/dtracedata/line.d.expected
copying file /Users/calum/.pyenv/versions/3.11.1/lib/python3.11/test/dtracedata/call_stack.d -> /Users/calum/Developer/Excelerator/build/bdist.macosx-14.2-arm64/python3.11-standalone/app/collect/test/dtracedata/call_stack.d
copying file /Users/calum/.pyenv/versions/3.11.1/lib/python3.11/test/dtracedata/assert_usable.stp -> /Users/calum/Developer/Excelerator/build/bdist.macosx-14.2-arm64/python3.11-standalone/app/collect/test/dtracedata/assert_usable.stp
copying file /Users/calum/.pyenv/versions/3.11.1/lib/python3.11/test/dtracedata/call_stack.d.expected -> /Users/calum/Developer/Excelerator/build/bdist.macosx-14.2-arm64/python3.11-standalone/app/collect/test/dtracedata/call_stack.d.expected
copying file /Users/calum/.pyenv/versions/3.11.1/lib/python3.11/test/dtracedata/gc.d -> /Users/calum/Developer/Excelerator/build/bdist.macosx-14.2-arm64/python3.11-standalone/app/collect/test/dtracedata/gc.d
copying file /Users/calum/.pyenv/versions/3.11.1/lib/python3.11/test/testtar.tar -> /Users/calum/Developer/Excelerator/build/bdist.macosx-14.2-arm64/python3.11-standalone/app/collect/test/testtar.tar
copying file /Users/calum/.pyenv/versions/3.11.1/lib/python3.11/test/cmath_testcases.txt -> /Users/calum/Developer/Excelerator/build/bdist.macosx-14.2-arm64/python3.11-standalone/app/collect/test/cmath_testcases.txt
copying file /Users/calum/.pyenv/versions/3.11.1/lib/python3.11/test/test_doctest.txt -> /Users/calum/Developer/Excelerator/build/bdist.macosx-14.2-arm64/python3.11-standalone/app/collect/test/test_doctest.txt
copying file /Users/calum/.pyenv/versions/3.11.1/lib/python3.11/test/pycacert.pem -> /Users/calum/Developer/Excelerator/build/bdist.macosx-14.2-arm64/python3.11-standalone/app/collect/test/pycacert.pem
copying file /Users/calum/.pyenv/versions/3.11.1/lib/python3.11/test/randv2_32.pck -> /Users/calum/Developer/Excelerator/build/bdist.macosx-14.2-arm64/python3.11-standalone/app/collect/test/randv2_32.pck
copying file /Users/calum/.pyenv/versions/3.11.1/lib/python3.11/test/recursion.tar -> /Users/calum/Developer/Excelerator/build/bdist.macosx-14.2-arm64/python3.11-standalone/app/collect/test/recursion.tar
copying file /Users/calum/.pyenv/versions/3.11.1/lib/python3.11/test/ieee754.txt -> /Users/calum/Developer/Excelerator/build/bdist.macosx-14.2-arm64/python3.11-standalone/app/collect/test/ieee754.txt
copying file /Users/calum/.pyenv/versions/3.11.1/lib/python3.11/test/formatfloat_testcases.txt -> /Users/calum/Developer/Excelerator/build/bdist.macosx-14.2-arm64/python3.11-standalone/app/collect/test/formatfloat_testcases.txt
copying file /Users/calum/.pyenv/versions/3.11.1/lib/python3.11/test/revocation.crl -> /Users/calum/Developer/Excelerator/build/bdist.macosx-14.2-arm64/python3.11-standalone/app/collect/test/revocation.crl
creating /Users/calum/Developer/Excelerator/build/bdist.macosx-14.2-arm64/python3.11-standalone/app/collect/test/decimaltestdata
copying file /Users/calum/.pyenv/versions/3.11.1/lib/python3.11/test/decimaltestdata/shift.decTest -> /Users/calum/Developer/Excelerator/build/bdist.macosx-14.2-arm64/python3.11-standalone/app/collect/test/decimaltestdata/shift.decTest
copying file /Users/calum/.pyenv/versions/3.11.1/lib/python3.11/test/decimaltestdata/decSingle.decTest -> /Users/calum/Developer/Excelerator/build/bdist.macosx-14.2-arm64/python3.11-standalone/app/collect/test/decimaltestdata/decSingle.decTest
copying file /Users/calum/.pyenv/versions/3.11.1/lib/python3.11/test/decimaltestdata/ddCopyNegate.decTest -> /Users/calum/Developer/Excelerator/build/bdist.macosx-14.2-arm64/python3.11-standalone/app/collect/test/decimaltestdata/ddCopyNegate.decTest
copying file /Users/calum/.pyenv/versions/3.11.1/lib/python3.11/test/decimaltestdata/comparetotal.decTest -> /Users/calum/Developer/Excelerator/build/bdist.macosx-14.2-arm64/python3.11-standalone/app/collect/test/decimaltestdata/comparetotal.decTest
copying file /Users/calum/.pyenv/versions/3.11.1/lib/python3.11/test/decimaltestdata/dqMin.decTest -> /Users/calum/Developer/Excelerator/build/bdist.macosx-14.2-arm64/python3.11-standalone/app/collect/test/decimaltestdata/dqMin.decTest
copying file /Users/calum/.pyenv/versions/3.11.1/lib/python3.11/test/decimaltestdata/powersqrt.decTest -> /Users/calum/Developer/Excelerator/build/bdist.macosx-14.2-arm64/python3.11-standalone/app/collect/test/decimaltestdata/powersqrt.decTest
copying file /Users/calum/.pyenv/versions/3.11.1/lib/python3.11/test/decimaltestdata/max.decTest -> /Users/calum/Developer/Excelerator/build/bdist.macosx-14.2-arm64/python3.11-standalone/app/collect/test/decimaltestdata/max.decTest
copying file /Users/calum/.pyenv/versions/3.11.1/lib/python3.11/test/decimaltestdata/samequantum.decTest -> /Users/calum/Developer/Excelerator/build/bdist.macosx-14.2-arm64/python3.11-standalone/app/collect/test/decimaltestdata/samequantum.decTest
copying file /Users/calum/.pyenv/versions/3.11.1/lib/python3.11/test/decimaltestdata/ddClass.decTest -> /Users/calum/Developer/Excelerator/build/bdist.macosx-14.2-arm64/python3.11-standalone/app/collect/test/decimaltestdata/ddClass.decTest
copying file /Users/calum/.pyenv/versions/3.11.1/lib/python3.11/test/decimaltestdata/ddCopy.decTest -> /Users/calum/Developer/Excelerator/build/bdist.macosx-14.2-arm64/python3.11-standalone/app/collect/test/decimaltestdata/ddCopy.decTest
copying file /Users/calum/.pyenv/versions/3.11.1/lib/python3.11/test/decimaltestdata/decDouble.decTest -> /Users/calum/Developer/Excelerator/build/bdist.macosx-14.2-arm64/python3.11-standalone/app/collect/test/decimaltestdata/decDouble.decTest
copying file /Users/calum/.pyenv/versions/3.11.1/lib/python3.11/test/decimaltestdata/ddMaxMag.decTest -> /Users/calum/Developer/Excelerator/build/bdist.macosx-14.2-arm64/python3.11-standalone/app/collect/test/decimaltestdata/ddMaxMag.decTest
copying file /Users/calum/.pyenv/versions/3.11.1/lib/python3.11/test/decimaltestdata/minmag.decTest -> /Users/calum/Developer/Excelerator/build/bdist.macosx-14.2-arm64/python3.11-standalone/app/collect/test/decimaltestdata/minmag.decTest
copying file /Users/calum/.pyenv/versions/3.11.1/lib/python3.11/test/decimaltestdata/dsEncode.decTest -> /Users/calum/Developer/Excelerator/build/bdist.macosx-14.2-arm64/python3.11-standalone/app/collect/test/decimaltestdata/dsEncode.decTest
copying file /Users/calum/.pyenv/versions/3.11.1/lib/python3.11/test/decimaltestdata/log10.decTest -> /Users/calum/Developer/Excelerator/build/bdist.macosx-14.2-arm64/python3.11-standalone/app/collect/test/decimaltestdata/log10.decTest
copying file /Users/calum/.pyenv/versions/3.11.1/lib/python3.11/test/decimaltestdata/dqDivideInt.decTest -> /Users/calum/Developer/Excelerator/build/bdist.macosx-14.2-arm64/python3.11-standalone/app/collect/test/decimaltestdata/dqDivideInt.decTest
copying file /Users/calum/.pyenv/versions/3.11.1/lib/python3.11/test/decimaltestdata/dqReduce.decTest -> /Users/calum/Developer/Excelerator/build/bdist.macosx-14.2-arm64/python3.11-standalone/app/collect/test/decimaltestdata/dqReduce.decTest
copying file /Users/calum/.pyenv/versions/3.11.1/lib/python3.11/test/decimaltestdata/ddNextToward.decTest -> /Users/calum/Developer/Excelerator/build/bdist.macosx-14.2-arm64/python3.11-standalone/app/collect/test/decimaltestdata/ddNextToward.decTest
copying file /Users/calum/.pyenv/versions/3.11.1/lib/python3.11/test/decimaltestdata/power.decTest -> /Users/calum/Developer/Excelerator/build/bdist.macosx-14.2-arm64/python3.11-standalone/app/collect/test/decimaltestdata/power.decTest
copying file /Users/calum/.pyenv/versions/3.11.1/lib/python3.11/test/decimaltestdata/ddCompareTotalMag.decTest -> /Users/calum/Developer/Excelerator/build/bdist.macosx-14.2-arm64/python3.11-standalone/app/collect/test/decimaltestdata/ddCompareTotalMag.decTest
copying file /Users/calum/.pyenv/versions/3.11.1/lib/python3.11/test/decimaltestdata/ddMinus.decTest -> /Users/calum/Developer/Excelerator/build/bdist.macosx-14.2-arm64/python3.11-standalone/app/collect/test/decimaltestdata/ddMinus.decTest
copying file /Users/calum/.pyenv/versions/3.11.1/lib/python3.11/test/decimaltestdata/testall.decTest -> /Users/calum/Developer/Excelerator/build/bdist.macosx-14.2-arm64/python3.11-standalone/app/collect/test/decimaltestdata/testall.decTest
copying file /Users/calum/.pyenv/versions/3.11.1/lib/python3.11/test/decimaltestdata/ddReduce.decTest -> /Users/calum/Developer/Excelerator/build/bdist.macosx-14.2-arm64/python3.11-standalone/app/collect/test/decimaltestdata/ddReduce.decTest
copying file /Users/calum/.pyenv/versions/3.11.1/lib/python3.11/test/decimaltestdata/plus.decTest -> /Users/calum/Developer/Excelerator/build/bdist.macosx-14.2-arm64/python3.11-standalone/app/collect/test/decimaltestdata/plus.decTest
copying file /Users/calum/.pyenv/versions/3.11.1/lib/python3.11/test/decimaltestdata/dqLogB.decTest -> /Users/calum/Developer/Excelerator/build/bdist.macosx-14.2-arm64/python3.11-standalone/app/collect/test/decimaltestdata/dqLogB.decTest
copying file /Users/calum/.pyenv/versions/3.11.1/lib/python3.11/test/decimaltestdata/or.decTest -> /Users/calum/Developer/Excelerator/build/bdist.macosx-14.2-arm64/python3.11-standalone/app/collect/test/decimaltestdata/or.decTest
copying file /Users/calum/.pyenv/versions/3.11.1/lib/python3.11/test/decimaltestdata/dqMaxMag.decTest -> /Users/calum/Developer/Excelerator/build/bdist.macosx-14.2-arm64/python3.11-standalone/app/collect/test/decimaltestdata/dqMaxMag.decTest
copying file /Users/calum/.pyenv/versions/3.11.1/lib/python3.11/test/decimaltestdata/dqSameQuantum.decTest -> /Users/calum/Developer/Excelerator/build/bdist.macosx-14.2-arm64/python3.11-standalone/app/collect/test/decimaltestdata/dqSameQuantum.decTest
copying file /Users/calum/.pyenv/versions/3.11.1/lib/python3.11/test/decimaltestdata/extra.decTest -> /Users/calum/Developer/Excelerator/build/bdist.macosx-14.2-arm64/python3.11-standalone/app/collect/test/decimaltestdata/extra.decTest
copying file /Users/calum/.pyenv/versions/3.11.1/lib/python3.11/test/decimaltestdata/dqPlus.decTest -> /Users/calum/Developer/Excelerator/build/bdist.macosx-14.2-arm64/python3.11-standalone/app/collect/test/decimaltestdata/dqPlus.decTest
copying file /Users/calum/.pyenv/versions/3.11.1/lib/python3.11/test/decimaltestdata/logb.decTest -> /Users/calum/Developer/Excelerator/build/bdist.macosx-14.2-arm64/python3.11-standalone/app/collect/test/decimaltestdata/logb.decTest
copying file /Users/calum/.pyenv/versions/3.11.1/lib/python3.11/test/decimaltestdata/ddMax.decTest -> /Users/calum/Developer/Excelerator/build/bdist.macosx-14.2-arm64/python3.11-standalone/app/collect/test/decimaltestdata/ddMax.decTest
copying file /Users/calum/.pyenv/versions/3.11.1/lib/python3.11/test/decimaltestdata/scaleb.decTest -> /Users/calum/Developer/Excelerator/build/bdist.macosx-14.2-arm64/python3.11-standalone/app/collect/test/decimaltestdata/scaleb.decTest
copying file /Users/calum/.pyenv/versions/3.11.1/lib/python3.11/test/decimaltestdata/dqQuantize.decTest -> /Users/calum/Developer/Excelerator/build/bdist.macosx-14.2-arm64/python3.11-standalone/app/collect/test/decimaltestdata/dqQuantize.decTest
copying file /Users/calum/.pyenv/versions/3.11.1/lib/python3.11/test/decimaltestdata/dqInvert.decTest -> /Users/calum/Developer/Excelerator/build/bdist.macosx-14.2-arm64/python3.11-standalone/app/collect/test/decimaltestdata/dqInvert.decTest
copying file /Users/calum/.pyenv/versions/3.11.1/lib/python3.11/test/decimaltestdata/divideint.decTest -> /Users/calum/Developer/Excelerator/build/bdist.macosx-14.2-arm64/python3.11-standalone/app/collect/test/decimaltestdata/divideint.decTest
copying file /Users/calum/.pyenv/versions/3.11.1/lib/python3.11/test/decimaltestdata/ddQuantize.decTest -> /Users/calum/Developer/Excelerator/build/bdist.macosx-14.2-arm64/python3.11-standalone/app/collect/test/decimaltestdata/ddQuantize.decTest
copying file /Users/calum/.pyenv/versions/3.11.1/lib/python3.11/test/decimaltestdata/comparetotmag.decTest -> /Users/calum/Developer/Excelerator/build/bdist.macosx-14.2-arm64/python3.11-standalone/app/collect/test/decimaltestdata/comparetotmag.decTest
copying file /Users/calum/.pyenv/versions/3.11.1/lib/python3.11/test/decimaltestdata/subtract.decTest -> /Users/calum/Developer/Excelerator/build/bdist.macosx-14.2-arm64/python3.11-standalone/app/collect/test/decimaltestdata/subtract.decTest
copying file /Users/calum/.pyenv/versions/3.11.1/lib/python3.11/test/decimaltestdata/ddLogB.decTest -> /Users/calum/Developer/Excelerator/build/bdist.macosx-14.2-arm64/python3.11-standalone/app/collect/test/decimaltestdata/ddLogB.decTest
copying file /Users/calum/.pyenv/versions/3.11.1/lib/python3.11/test/decimaltestdata/divide.decTest -> /Users/calum/Developer/Excelerator/build/bdist.macosx-14.2-arm64/python3.11-standalone/app/collect/test/decimaltestdata/divide.decTest
copying file /Users/calum/.pyenv/versions/3.11.1/lib/python3.11/test/decimaltestdata/ddPlus.decTest -> /Users/calum/Developer/Excelerator/build/bdist.macosx-14.2-arm64/python3.11-standalone/app/collect/test/decimaltestdata/ddPlus.decTest
copying file /Users/calum/.pyenv/versions/3.11.1/lib/python3.11/test/decimaltestdata/dqFMA.decTest -> /Users/calum/Developer/Excelerator/build/bdist.macosx-14.2-arm64/python3.11-standalone/app/collect/test/decimaltestdata/dqFMA.decTest
copying file /Users/calum/.pyenv/versions/3.11.1/lib/python3.11/test/decimaltestdata/dqMinus.decTest -> /Users/calum/Developer/Excelerator/build/bdist.macosx-14.2-arm64/python3.11-standalone/app/collect/test/decimaltestdata/dqMinus.decTest
copying file /Users/calum/.pyenv/versions/3.11.1/lib/python3.11/test/decimaltestdata/dqCopyAbs.decTest -> /Users/calum/Developer/Excelerator/build/bdist.macosx-14.2-arm64/python3.11-standalone/app/collect/test/decimaltestdata/dqCopyAbs.decTest
copying file /Users/calum/.pyenv/versions/3.11.1/lib/python3.11/test/decimaltestdata/ddInvert.decTest -> /Users/calum/Developer/Excelerator/build/bdist.macosx-14.2-arm64/python3.11-standalone/app/collect/test/decimaltestdata/ddInvert.decTest
copying file /Users/calum/.pyenv/versions/3.11.1/lib/python3.11/test/decimaltestdata/rounding.decTest -> /Users/calum/Developer/Excelerator/build/bdist.macosx-14.2-arm64/python3.11-standalone/app/collect/test/decimaltestdata/rounding.decTest
copying file /Users/calum/.pyenv/versions/3.11.1/lib/python3.11/test/decimaltestdata/ddDivideInt.decTest -> /Users/calum/Developer/Excelerator/build/bdist.macosx-14.2-arm64/python3.11-standalone/app/collect/test/decimaltestdata/ddDivideInt.decTest
copying file /Users/calum/.pyenv/versions/3.11.1/lib/python3.11/test/decimaltestdata/dqRotate.decTest -> /Users/calum/Developer/Excelerator/build/bdist.macosx-14.2-arm64/python3.11-standalone/app/collect/test/decimaltestdata/dqRotate.decTest
copying file /Users/calum/.pyenv/versions/3.11.1/lib/python3.11/test/decimaltestdata/dsBase.decTest -> /Users/calum/Developer/Excelerator/build/bdist.macosx-14.2-arm64/python3.11-standalone/app/collect/test/decimaltestdata/dsBase.decTest
copying file /Users/calum/.pyenv/versions/3.11.1/lib/python3.11/test/decimaltestdata/ddToIntegral.decTest -> /Users/calum/Developer/Excelerator/build/bdist.macosx-14.2-arm64/python3.11-standalone/app/collect/test/decimaltestdata/ddToIntegral.decTest
copying file /Users/calum/.pyenv/versions/3.11.1/lib/python3.11/test/decimaltestdata/copyabs.decTest -> /Users/calum/Developer/Excelerator/build/bdist.macosx-14.2-arm64/python3.11-standalone/app/collect/test/decimaltestdata/copyabs.decTest
copying file /Users/calum/.pyenv/versions/3.11.1/lib/python3.11/test/decimaltestdata/inexact.decTest -> /Users/calum/Developer/Excelerator/build/bdist.macosx-14.2-arm64/python3.11-standalone/app/collect/test/decimaltestdata/inexact.decTest
copying file /Users/calum/.pyenv/versions/3.11.1/lib/python3.11/test/decimaltestdata/dqAbs.decTest -> /Users/calum/Developer/Excelerator/build/bdist.macosx-14.2-arm64/python3.11-standalone/app/collect/test/decimaltestdata/dqAbs.decTest
copying file /Users/calum/.pyenv/versions/3.11.1/lib/python3.11/test/decimaltestdata/dqAdd.decTest -> /Users/calum/Developer/Excelerator/build/bdist.macosx-14.2-arm64/python3.11-standalone/app/collect/test/decimaltestdata/dqAdd.decTest
copying file /Users/calum/.pyenv/versions/3.11.1/lib/python3.11/test/decimaltestdata/quantize.decTest -> /Users/calum/Developer/Excelerator/build/bdist.macosx-14.2-arm64/python3.11-standalone/app/collect/test/decimaltestdata/quantize.decTest
copying file /Users/calum/.pyenv/versions/3.11.1/lib/python3.11/test/decimaltestdata/dqClass.decTest -> /Users/calum/Developer/Excelerator/build/bdist.macosx-14.2-arm64/python3.11-standalone/app/collect/test/decimaltestdata/dqClass.decTest
copying file /Users/calum/.pyenv/versions/3.11.1/lib/python3.11/test/decimaltestdata/dqXor.decTest -> /Users/calum/Developer/Excelerator/build/bdist.macosx-14.2-arm64/python3.11-standalone/app/collect/test/decimaltestdata/dqXor.decTest
copying file /Users/calum/.pyenv/versions/3.11.1/lib/python3.11/test/decimaltestdata/copy.decTest -> /Users/calum/Developer/Excelerator/build/bdist.macosx-14.2-arm64/python3.11-standalone/app/collect/test/decimaltestdata/copy.decTest
copying file /Users/calum/.pyenv/versions/3.11.1/lib/python3.11/test/decimaltestdata/ddCompare.decTest -> /Users/calum/Developer/Excelerator/build/bdist.macosx-14.2-arm64/python3.11-standalone/app/collect/test/decimaltestdata/ddCompare.decTest
copying file /Users/calum/.pyenv/versions/3.11.1/lib/python3.11/test/decimaltestdata/dqOr.decTest -> /Users/calum/Developer/Excelerator/build/bdist.macosx-14.2-arm64/python3.11-standalone/app/collect/test/decimaltestdata/dqOr.decTest
copying file /Users/calum/.pyenv/versions/3.11.1/lib/python3.11/test/decimaltestdata/ddSubtract.decTest -> /Users/calum/Developer/Excelerator/build/bdist.macosx-14.2-arm64/python3.11-standalone/app/collect/test/decimaltestdata/ddSubtract.decTest
copying file /Users/calum/.pyenv/versions/3.11.1/lib/python3.11/test/decimaltestdata/ddCompareSig.decTest -> /Users/calum/Developer/Excelerator/build/bdist.macosx-14.2-arm64/python3.11-standalone/app/collect/test/decimaltestdata/ddCompareSig.decTest
copying file /Users/calum/.pyenv/versions/3.11.1/lib/python3.11/test/decimaltestdata/dqSubtract.decTest -> /Users/calum/Developer/Excelerator/build/bdist.macosx-14.2-arm64/python3.11-standalone/app/collect/test/decimaltestdata/dqSubtract.decTest
copying file /Users/calum/.pyenv/versions/3.11.1/lib/python3.11/test/decimaltestdata/rescale.decTest -> /Users/calum/Developer/Excelerator/build/bdist.macosx-14.2-arm64/python3.11-standalone/app/collect/test/decimaltestdata/rescale.decTest
copying file /Users/calum/.pyenv/versions/3.11.1/lib/python3.11/test/decimaltestdata/ddRotate.decTest -> /Users/calum/Developer/Excelerator/build/bdist.macosx-14.2-arm64/python3.11-standalone/app/collect/test/decimaltestdata/ddRotate.decTest
copying file /Users/calum/.pyenv/versions/3.11.1/lib/python3.11/test/decimaltestdata/dqCopy.decTest -> /Users/calum/Developer/Excelerator/build/bdist.macosx-14.2-arm64/python3.11-standalone/app/collect/test/decimaltestdata/dqCopy.decTest
copying file /Users/calum/.pyenv/versions/3.11.1/lib/python3.11/test/decimaltestdata/dqAnd.decTest -> /Users/calum/Developer/Excelerator/build/bdist.macosx-14.2-arm64/python3.11-standalone/app/collect/test/decimaltestdata/dqAnd.decTest
copying file /Users/calum/.pyenv/versions/3.11.1/lib/python3.11/test/decimaltestdata/ddOr.decTest -> /Users/calum/Developer/Excelerator/build/bdist.macosx-14.2-arm64/python3.11-standalone/app/collect/test/decimaltestdata/ddOr.decTest
copying file /Users/calum/.pyenv/versions/3.11.1/lib/python3.11/test/decimaltestdata/compare.decTest -> /Users/calum/Developer/Excelerator/build/bdist.macosx-14.2-arm64/python3.11-standalone/app/collect/test/decimaltestdata/compare.decTest
copying file /Users/calum/.pyenv/versions/3.11.1/lib/python3.11/test/decimaltestdata/abs.decTest -> /Users/calum/Developer/Excelerator/build/bdist.macosx-14.2-arm64/python3.11-standalone/app/collect/test/decimaltestdata/abs.decTest
copying file /Users/calum/.pyenv/versions/3.11.1/lib/python3.11/test/decimaltestdata/class.decTest -> /Users/calum/Developer/Excelerator/build/bdist.macosx-14.2-arm64/python3.11-standalone/app/collect/test/decimaltestdata/class.decTest
copying file /Users/calum/.pyenv/versions/3.11.1/lib/python3.11/test/decimaltestdata/add.decTest -> /Users/calum/Developer/Excelerator/build/bdist.macosx-14.2-arm64/python3.11-standalone/app/collect/test/decimaltestdata/add.decTest
copying file /Users/calum/.pyenv/versions/3.11.1/lib/python3.11/test/decimaltestdata/randoms.decTest -> /Users/calum/Developer/Excelerator/build/bdist.macosx-14.2-arm64/python3.11-standalone/app/collect/test/decimaltestdata/randoms.decTest
copying file /Users/calum/.pyenv/versions/3.11.1/lib/python3.11/test/decimaltestdata/and.decTest -> /Users/calum/Developer/Excelerator/build/bdist.macosx-14.2-arm64/python3.11-standalone/app/collect/test/decimaltestdata/and.decTest
copying file /Users/calum/.pyenv/versions/3.11.1/lib/python3.11/test/decimaltestdata/ddCopySign.decTest -> /Users/calum/Developer/Excelerator/build/bdist.macosx-14.2-arm64/python3.11-standalone/app/collect/test/decimaltestdata/ddCopySign.decTest
copying file /Users/calum/.pyenv/versions/3.11.1/lib/python3.11/test/decimaltestdata/ddCopyAbs.decTest -> /Users/calum/Developer/Excelerator/build/bdist.macosx-14.2-arm64/python3.11-standalone/app/collect/test/decimaltestdata/ddCopyAbs.decTest
copying file /Users/calum/.pyenv/versions/3.11.1/lib/python3.11/test/decimaltestdata/dqNextToward.decTest -> /Users/calum/Developer/Excelerator/build/bdist.macosx-14.2-arm64/python3.11-standalone/app/collect/test/decimaltestdata/dqNextToward.decTest
copying file /Users/calum/.pyenv/versions/3.11.1/lib/python3.11/test/decimaltestdata/ln.decTest -> /Users/calum/Developer/Excelerator/build/bdist.macosx-14.2-arm64/python3.11-standalone/app/collect/test/decimaltestdata/ln.decTest
copying file /Users/calum/.pyenv/versions/3.11.1/lib/python3.11/test/decimaltestdata/ddShift.decTest -> /Users/calum/Developer/Excelerator/build/bdist.macosx-14.2-arm64/python3.11-standalone/app/collect/test/decimaltestdata/ddShift.decTest
copying file /Users/calum/.pyenv/versions/3.11.1/lib/python3.11/test/decimaltestdata/ddFMA.decTest -> /Users/calum/Developer/Excelerator/build/bdist.macosx-14.2-arm64/python3.11-standalone/app/collect/test/decimaltestdata/ddFMA.decTest
copying file /Users/calum/.pyenv/versions/3.11.1/lib/python3.11/test/decimaltestdata/remainderNear.decTest -> /Users/calum/Developer/Excelerator/build/bdist.macosx-14.2-arm64/python3.11-standalone/app/collect/test/decimaltestdata/remainderNear.decTest
copying file /Users/calum/.pyenv/versions/3.11.1/lib/python3.11/test/decimaltestdata/exp.decTest -> /Users/calum/Developer/Excelerator/build/bdist.macosx-14.2-arm64/python3.11-standalone/app/collect/test/decimaltestdata/exp.decTest
copying file /Users/calum/.pyenv/versions/3.11.1/lib/python3.11/test/decimaltestdata/ddRemainder.decTest -> /Users/calum/Developer/Excelerator/build/bdist.macosx-14.2-arm64/python3.11-standalone/app/collect/test/decimaltestdata/ddRemainder.decTest
copying file /Users/calum/.pyenv/versions/3.11.1/lib/python3.11/test/decimaltestdata/ddCanonical.decTest -> /Users/calum/Developer/Excelerator/build/bdist.macosx-14.2-arm64/python3.11-standalone/app/collect/test/decimaltestdata/ddCanonical.decTest
copying file /Users/calum/.pyenv/versions/3.11.1/lib/python3.11/test/decimaltestdata/xor.decTest -> /Users/calum/Developer/Excelerator/build/bdist.macosx-14.2-arm64/python3.11-standalone/app/collect/test/decimaltestdata/xor.decTest
copying file /Users/calum/.pyenv/versions/3.11.1/lib/python3.11/test/decimaltestdata/dqCopySign.decTest -> /Users/calum/Developer/Excelerator/build/bdist.macosx-14.2-arm64/python3.11-standalone/app/collect/test/decimaltestdata/dqCopySign.decTest
copying file /Users/calum/.pyenv/versions/3.11.1/lib/python3.11/test/decimaltestdata/dqBase.decTest -> /Users/calum/Developer/Excelerator/build/bdist.macosx-14.2-arm64/python3.11-standalone/app/collect/test/decimaltestdata/dqBase.decTest
copying file /Users/calum/.pyenv/versions/3.11.1/lib/python3.11/test/decimaltestdata/maxmag.decTest -> /Users/calum/Developer/Excelerator/build/bdist.macosx-14.2-arm64/python3.11-standalone/app/collect/test/decimaltestdata/maxmag.decTest
copying file /Users/calum/.pyenv/versions/3.11.1/lib/python3.11/test/decimaltestdata/ddMinMag.decTest -> /Users/calum/Developer/Excelerator/build/bdist.macosx-14.2-arm64/python3.11-standalone/app/collect/test/decimaltestdata/ddMinMag.decTest
copying file /Users/calum/.pyenv/versions/3.11.1/lib/python3.11/test/decimaltestdata/ddAdd.decTest -> /Users/calum/Developer/Excelerator/build/bdist.macosx-14.2-arm64/python3.11-standalone/app/collect/test/decimaltestdata/ddAdd.decTest
copying file /Users/calum/.pyenv/versions/3.11.1/lib/python3.11/test/decimaltestdata/minus.decTest -> /Users/calum/Developer/Excelerator/build/bdist.macosx-14.2-arm64/python3.11-standalone/app/collect/test/decimaltestdata/minus.decTest
copying file /Users/calum/.pyenv/versions/3.11.1/lib/python3.11/test/decimaltestdata/ddAbs.decTest -> /Users/calum/Developer/Excelerator/build/bdist.macosx-14.2-arm64/python3.11-standalone/app/collect/test/decimaltestdata/ddAbs.decTest
copying file /Users/calum/.pyenv/versions/3.11.1/lib/python3.11/test/decimaltestdata/base.decTest -> /Users/calum/Developer/Excelerator/build/bdist.macosx-14.2-arm64/python3.11-standalone/app/collect/test/decimaltestdata/base.decTest
copying file /Users/calum/.pyenv/versions/3.11.1/lib/python3.11/test/decimaltestdata/dqNextMinus.decTest -> /Users/calum/Developer/Excelerator/build/bdist.macosx-14.2-arm64/python3.11-standalone/app/collect/test/decimaltestdata/dqNextMinus.decTest
copying file /Users/calum/.pyenv/versions/3.11.1/lib/python3.11/test/decimaltestdata/ddRemainderNear.decTest -> /Users/calum/Developer/Excelerator/build/bdist.macosx-14.2-arm64/python3.11-standalone/app/collect/test/decimaltestdata/ddRemainderNear.decTest
copying file /Users/calum/.pyenv/versions/3.11.1/lib/python3.11/test/decimaltestdata/ddXor.decTest -> /Users/calum/Developer/Excelerator/build/bdist.macosx-14.2-arm64/python3.11-standalone/app/collect/test/decimaltestdata/ddXor.decTest
copying file /Users/calum/.pyenv/versions/3.11.1/lib/python3.11/test/decimaltestdata/decQuad.decTest -> /Users/calum/Developer/Excelerator/build/bdist.macosx-14.2-arm64/python3.11-standalone/app/collect/test/decimaltestdata/decQuad.decTest
copying file /Users/calum/.pyenv/versions/3.11.1/lib/python3.11/test/decimaltestdata/reduce.decTest -> /Users/calum/Developer/Excelerator/build/bdist.macosx-14.2-arm64/python3.11-standalone/app/collect/test/decimaltestdata/reduce.decTest
copying file /Users/calum/.pyenv/versions/3.11.1/lib/python3.11/test/decimaltestdata/remainder.decTest -> /Users/calum/Developer/Excelerator/build/bdist.macosx-14.2-arm64/python3.11-standalone/app/collect/test/decimaltestdata/remainder.decTest
copying file /Users/calum/.pyenv/versions/3.11.1/lib/python3.11/test/decimaltestdata/fma.decTest -> /Users/calum/Developer/Excelerator/build/bdist.macosx-14.2-arm64/python3.11-standalone/app/collect/test/decimaltestdata/fma.decTest
copying file /Users/calum/.pyenv/versions/3.11.1/lib/python3.11/test/decimaltestdata/copysign.decTest -> /Users/calum/Developer/Excelerator/build/bdist.macosx-14.2-arm64/python3.11-standalone/app/collect/test/decimaltestdata/copysign.decTest
copying file /Users/calum/.pyenv/versions/3.11.1/lib/python3.11/test/decimaltestdata/dqCompare.decTest -> /Users/calum/Developer/Excelerator/build/bdist.macosx-14.2-arm64/python3.11-standalone/app/collect/test/decimaltestdata/dqCompare.decTest
copying file /Users/calum/.pyenv/versions/3.11.1/lib/python3.11/test/decimaltestdata/squareroot.decTest -> /Users/calum/Developer/Excelerator/build/bdist.macosx-14.2-arm64/python3.11-standalone/app/collect/test/decimaltestdata/squareroot.decTest
copying file /Users/calum/.pyenv/versions/3.11.1/lib/python3.11/test/decimaltestdata/tointegral.decTest -> /Users/calum/Developer/Excelerator/build/bdist.macosx-14.2-arm64/python3.11-standalone/app/collect/test/decimaltestdata/tointegral.decTest
copying file /Users/calum/.pyenv/versions/3.11.1/lib/python3.11/test/decimaltestdata/dqMinMag.decTest -> /Users/calum/Developer/Excelerator/build/bdist.macosx-14.2-arm64/python3.11-standalone/app/collect/test/decimaltestdata/dqMinMag.decTest
copying file /Users/calum/.pyenv/versions/3.11.1/lib/python3.11/test/decimaltestdata/dqCopyNegate.decTest -> /Users/calum/Developer/Excelerator/build/bdist.macosx-14.2-arm64/python3.11-standalone/app/collect/test/decimaltestdata/dqCopyNegate.decTest
copying file /Users/calum/.pyenv/versions/3.11.1/lib/python3.11/test/decimaltestdata/randomBound32.decTest -> /Users/calum/Developer/Excelerator/build/bdist.macosx-14.2-arm64/python3.11-standalone/app/collect/test/decimaltestdata/randomBound32.decTest
copying file /Users/calum/.pyenv/versions/3.11.1/lib/python3.11/test/decimaltestdata/ddAnd.decTest -> /Users/calum/Developer/Excelerator/build/bdist.macosx-14.2-arm64/python3.11-standalone/app/collect/test/decimaltestdata/ddAnd.decTest
copying file /Users/calum/.pyenv/versions/3.11.1/lib/python3.11/test/decimaltestdata/nextplus.decTest -> /Users/calum/Developer/Excelerator/build/bdist.macosx-14.2-arm64/python3.11-standalone/app/collect/test/decimaltestdata/nextplus.decTest
copying file /Users/calum/.pyenv/versions/3.11.1/lib/python3.11/test/decimaltestdata/ddMultiply.decTest -> /Users/calum/Developer/Excelerator/build/bdist.macosx-14.2-arm64/python3.11-standalone/app/collect/test/decimaltestdata/ddMultiply.decTest
copying file /Users/calum/.pyenv/versions/3.11.1/lib/python3.11/test/decimaltestdata/ddBase.decTest -> /Users/calum/Developer/Excelerator/build/bdist.macosx-14.2-arm64/python3.11-standalone/app/collect/test/decimaltestdata/ddBase.decTest
copying file /Users/calum/.pyenv/versions/3.11.1/lib/python3.11/test/decimaltestdata/ddScaleB.decTest -> /Users/calum/Developer/Excelerator/build/bdist.macosx-14.2-arm64/python3.11-standalone/app/collect/test/decimaltestdata/ddScaleB.decTest
copying file /Users/calum/.pyenv/versions/3.11.1/lib/python3.11/test/decimaltestdata/ddMin.decTest -> /Users/calum/Developer/Excelerator/build/bdist.macosx-14.2-arm64/python3.11-standalone/app/collect/test/decimaltestdata/ddMin.decTest
copying file /Users/calum/.pyenv/versions/3.11.1/lib/python3.11/test/decimaltestdata/dqDivide.decTest -> /Users/calum/Developer/Excelerator/build/bdist.macosx-14.2-arm64/python3.11-standalone/app/collect/test/decimaltestdata/dqDivide.decTest
copying file /Users/calum/.pyenv/versions/3.11.1/lib/python3.11/test/decimaltestdata/dqCompareTotal.decTest -> /Users/calum/Developer/Excelerator/build/bdist.macosx-14.2-arm64/python3.11-standalone/app/collect/test/decimaltestdata/dqCompareTotal.decTest
copying file /Users/calum/.pyenv/versions/3.11.1/lib/python3.11/test/decimaltestdata/nextminus.decTest -> /Users/calum/Developer/Excelerator/build/bdist.macosx-14.2-arm64/python3.11-standalone/app/collect/test/decimaltestdata/nextminus.decTest
copying file /Users/calum/.pyenv/versions/3.11.1/lib/python3.11/test/decimaltestdata/dqCompareSig.decTest -> /Users/calum/Developer/Excelerator/build/bdist.macosx-14.2-arm64/python3.11-standalone/app/collect/test/decimaltestdata/dqCompareSig.decTest
copying file /Users/calum/.pyenv/versions/3.11.1/lib/python3.11/test/decimaltestdata/dqMultiply.decTest -> /Users/calum/Developer/Excelerator/build/bdist.macosx-14.2-arm64/python3.11-standalone/app/collect/test/decimaltestdata/dqMultiply.decTest
copying file /Users/calum/.pyenv/versions/3.11.1/lib/python3.11/test/decimaltestdata/tointegralx.decTest -> /Users/calum/Developer/Excelerator/build/bdist.macosx-14.2-arm64/python3.11-standalone/app/collect/test/decimaltestdata/tointegralx.decTest
copying file /Users/calum/.pyenv/versions/3.11.1/lib/python3.11/test/decimaltestdata/ddDivide.decTest -> /Users/calum/Developer/Excelerator/build/bdist.macosx-14.2-arm64/python3.11-standalone/app/collect/test/decimaltestdata/ddDivide.decTest
copying file /Users/calum/.pyenv/versions/3.11.1/lib/python3.11/test/decimaltestdata/dqRemainderNear.decTest -> /Users/calum/Developer/Excelerator/build/bdist.macosx-14.2-arm64/python3.11-standalone/app/collect/test/decimaltestdata/dqRemainderNear.decTest
copying file /Users/calum/.pyenv/versions/3.11.1/lib/python3.11/test/decimaltestdata/dqRemainder.decTest -> /Users/calum/Developer/Excelerator/build/bdist.macosx-14.2-arm64/python3.11-standalone/app/collect/test/decimaltestdata/dqRemainder.decTest
copying file /Users/calum/.pyenv/versions/3.11.1/lib/python3.11/test/decimaltestdata/dqCanonical.decTest -> /Users/calum/Developer/Excelerator/build/bdist.macosx-14.2-arm64/python3.11-standalone/app/collect/test/decimaltestdata/dqCanonical.decTest
copying file /Users/calum/.pyenv/versions/3.11.1/lib/python3.11/test/decimaltestdata/invert.decTest -> /Users/calum/Developer/Excelerator/build/bdist.macosx-14.2-arm64/python3.11-standalone/app/collect/test/decimaltestdata/invert.decTest
copying file /Users/calum/.pyenv/versions/3.11.1/lib/python3.11/test/decimaltestdata/dqToIntegral.decTest -> /Users/calum/Developer/Excelerator/build/bdist.macosx-14.2-arm64/python3.11-standalone/app/collect/test/decimaltestdata/dqToIntegral.decTest
copying file /Users/calum/.pyenv/versions/3.11.1/lib/python3.11/test/decimaltestdata/copynegate.decTest -> /Users/calum/Developer/Excelerator/build/bdist.macosx-14.2-arm64/python3.11-standalone/app/collect/test/decimaltestdata/copynegate.decTest
copying file /Users/calum/.pyenv/versions/3.11.1/lib/python3.11/test/decimaltestdata/dqScaleB.decTest -> /Users/calum/Developer/Excelerator/build/bdist.macosx-14.2-arm64/python3.11-standalone/app/collect/test/decimaltestdata/dqScaleB.decTest
copying file /Users/calum/.pyenv/versions/3.11.1/lib/python3.11/test/decimaltestdata/ddEncode.decTest -> /Users/calum/Developer/Excelerator/build/bdist.macosx-14.2-arm64/python3.11-standalone/app/collect/test/decimaltestdata/ddEncode.decTest
copying file /Users/calum/.pyenv/versions/3.11.1/lib/python3.11/test/decimaltestdata/min.decTest -> /Users/calum/Developer/Excelerator/build/bdist.macosx-14.2-arm64/python3.11-standalone/app/collect/test/decimaltestdata/min.decTest
copying file /Users/calum/.pyenv/versions/3.11.1/lib/python3.11/test/decimaltestdata/ddNextPlus.decTest -> /Users/calum/Developer/Excelerator/build/bdist.macosx-14.2-arm64/python3.11-standalone/app/collect/test/decimaltestdata/ddNextPlus.decTest
copying file /Users/calum/.pyenv/versions/3.11.1/lib/python3.11/test/decimaltestdata/multiply.decTest -> /Users/calum/Developer/Excelerator/build/bdist.macosx-14.2-arm64/python3.11-standalone/app/collect/test/decimaltestdata/multiply.decTest
copying file /Users/calum/.pyenv/versions/3.11.1/lib/python3.11/test/decimaltestdata/ddNextMinus.decTest -> /Users/calum/Developer/Excelerator/build/bdist.macosx-14.2-arm64/python3.11-standalone/app/collect/test/decimaltestdata/ddNextMinus.decTest
copying file /Users/calum/.pyenv/versions/3.11.1/lib/python3.11/test/decimaltestdata/dqNextPlus.decTest -> /Users/calum/Developer/Excelerator/build/bdist.macosx-14.2-arm64/python3.11-standalone/app/collect/test/decimaltestdata/dqNextPlus.decTest
copying file /Users/calum/.pyenv/versions/3.11.1/lib/python3.11/test/decimaltestdata/clamp.decTest -> /Users/calum/Developer/Excelerator/build/bdist.macosx-14.2-arm64/python3.11-standalone/app/collect/test/decimaltestdata/clamp.decTest
copying file /Users/calum/.pyenv/versions/3.11.1/lib/python3.11/test/decimaltestdata/ddCompareTotal.decTest -> /Users/calum/Developer/Excelerator/build/bdist.macosx-14.2-arm64/python3.11-standalone/app/collect/test/decimaltestdata/ddCompareTotal.decTest
copying file /Users/calum/.pyenv/versions/3.11.1/lib/python3.11/test/decimaltestdata/ddSameQuantum.decTest -> /Users/calum/Developer/Excelerator/build/bdist.macosx-14.2-arm64/python3.11-standalone/app/collect/test/decimaltestdata/ddSameQuantum.decTest
copying file /Users/calum/.pyenv/versions/3.11.1/lib/python3.11/test/decimaltestdata/dqCompareTotalMag.decTest -> /Users/calum/Developer/Excelerator/build/bdist.macosx-14.2-arm64/python3.11-standalone/app/collect/test/decimaltestdata/dqCompareTotalMag.decTest
copying file /Users/calum/.pyenv/versions/3.11.1/lib/python3.11/test/decimaltestdata/nexttoward.decTest -> /Users/calum/Developer/Excelerator/build/bdist.macosx-14.2-arm64/python3.11-standalone/app/collect/test/decimaltestdata/nexttoward.decTest
copying file /Users/calum/.pyenv/versions/3.11.1/lib/python3.11/test/decimaltestdata/dqShift.decTest -> /Users/calum/Developer/Excelerator/build/bdist.macosx-14.2-arm64/python3.11-standalone/app/collect/test/decimaltestdata/dqShift.decTest
copying file /Users/calum/.pyenv/versions/3.11.1/lib/python3.11/test/decimaltestdata/dqEncode.decTest -> /Users/calum/Developer/Excelerator/build/bdist.macosx-14.2-arm64/python3.11-standalone/app/collect/test/decimaltestdata/dqEncode.decTest
copying file /Users/calum/.pyenv/versions/3.11.1/lib/python3.11/test/decimaltestdata/rotate.decTest -> /Users/calum/Developer/Excelerator/build/bdist.macosx-14.2-arm64/python3.11-standalone/app/collect/test/decimaltestdata/rotate.decTest
copying file /Users/calum/.pyenv/versions/3.11.1/lib/python3.11/test/decimaltestdata/dqMax.decTest -> /Users/calum/Developer/Excelerator/build/bdist.macosx-14.2-arm64/python3.11-standalone/app/collect/test/decimaltestdata/dqMax.decTest
creating /Users/calum/Developer/Excelerator/build/bdist.macosx-14.2-arm64/python3.11-standalone/app/collect/test/xmltestdata
copying file /Users/calum/.pyenv/versions/3.11.1/lib/python3.11/test/xmltestdata/simple-ns.xml -> /Users/calum/Developer/Excelerator/build/bdist.macosx-14.2-arm64/python3.11-standalone/app/collect/test/xmltestdata/simple-ns.xml
copying file /Users/calum/.pyenv/versions/3.11.1/lib/python3.11/test/xmltestdata/test.xml -> /Users/calum/Developer/Excelerator/build/bdist.macosx-14.2-arm64/python3.11-standalone/app/collect/test/xmltestdata/test.xml
copying file /Users/calum/.pyenv/versions/3.11.1/lib/python3.11/test/xmltestdata/simple.xml -> /Users/calum/Developer/Excelerator/build/bdist.macosx-14.2-arm64/python3.11-standalone/app/collect/test/xmltestdata/simple.xml
creating /Users/calum/Developer/Excelerator/build/bdist.macosx-14.2-arm64/python3.11-standalone/app/collect/test/xmltestdata/c14n-20
copying file /Users/calum/.pyenv/versions/3.11.1/lib/python3.11/test/xmltestdata/c14n-20/inNsSuperfluous.xml -> /Users/calum/Developer/Excelerator/build/bdist.macosx-14.2-arm64/python3.11-standalone/app/collect/test/xmltestdata/c14n-20/inNsSuperfluous.xml
copying file /Users/calum/.pyenv/versions/3.11.1/lib/python3.11/test/xmltestdata/c14n-20/inNsContent.xml -> /Users/calum/Developer/Excelerator/build/bdist.macosx-14.2-arm64/python3.11-standalone/app/collect/test/xmltestdata/c14n-20/inNsContent.xml
copying file /Users/calum/.pyenv/versions/3.11.1/lib/python3.11/test/xmltestdata/c14n-20/c14nQnameXpathElem.xml -> /Users/calum/Developer/Excelerator/build/bdist.macosx-14.2-arm64/python3.11-standalone/app/collect/test/xmltestdata/c14n-20/c14nQnameXpathElem.xml
copying file /Users/calum/.pyenv/versions/3.11.1/lib/python3.11/test/xmltestdata/c14n-20/out_inNsContent_c14nQnameXpathElem.xml -> /Users/calum/Developer/Excelerator/build/bdist.macosx-14.2-arm64/python3.11-standalone/app/collect/test/xmltestdata/c14n-20/out_inNsContent_c14nQnameXpathElem.xml
copying file /Users/calum/.pyenv/versions/3.11.1/lib/python3.11/test/xmltestdata/c14n-20/out_inNsContent_c14nQnameElem.xml -> /Users/calum/Developer/Excelerator/build/bdist.macosx-14.2-arm64/python3.11-standalone/app/collect/test/xmltestdata/c14n-20/out_inNsContent_c14nQnameElem.xml
copying file /Users/calum/.pyenv/versions/3.11.1/lib/python3.11/test/xmltestdata/c14n-20/c14nPrefix.xml -> /Users/calum/Developer/Excelerator/build/bdist.macosx-14.2-arm64/python3.11-standalone/app/collect/test/xmltestdata/c14n-20/c14nPrefix.xml
copying file /Users/calum/.pyenv/versions/3.11.1/lib/python3.11/test/xmltestdata/c14n-20/c14nTrim.xml -> /Users/calum/Developer/Excelerator/build/bdist.macosx-14.2-arm64/python3.11-standalone/app/collect/test/xmltestdata/c14n-20/c14nTrim.xml
copying file /Users/calum/.pyenv/versions/3.11.1/lib/python3.11/test/xmltestdata/c14n-20/out_inC14N1_c14nComment.xml -> /Users/calum/Developer/Excelerator/build/bdist.macosx-14.2-arm64/python3.11-standalone/app/collect/test/xmltestdata/c14n-20/out_inC14N1_c14nComment.xml
copying file /Users/calum/.pyenv/versions/3.11.1/lib/python3.11/test/xmltestdata/c14n-20/c14nDefault.xml -> /Users/calum/Developer/Excelerator/build/bdist.macosx-14.2-arm64/python3.11-standalone/app/collect/test/xmltestdata/c14n-20/c14nDefault.xml
copying file /Users/calum/.pyenv/versions/3.11.1/lib/python3.11/test/xmltestdata/c14n-20/out_inNsSort_c14nPrefix.xml -> /Users/calum/Developer/Excelerator/build/bdist.macosx-14.2-arm64/python3.11-standalone/app/collect/test/xmltestdata/c14n-20/out_inNsSort_c14nPrefix.xml
copying file /Users/calum/.pyenv/versions/3.11.1/lib/python3.11/test/xmltestdata/c14n-20/world.txt -> /Users/calum/Developer/Excelerator/build/bdist.macosx-14.2-arm64/python3.11-standalone/app/collect/test/xmltestdata/c14n-20/world.txt
copying file /Users/calum/.pyenv/versions/3.11.1/lib/python3.11/test/xmltestdata/c14n-20/out_inC14N6_c14nDefault.xml -> /Users/calum/Developer/Excelerator/build/bdist.macosx-14.2-arm64/python3.11-standalone/app/collect/test/xmltestdata/c14n-20/out_inC14N6_c14nDefault.xml
copying file /Users/calum/.pyenv/versions/3.11.1/lib/python3.11/test/xmltestdata/c14n-20/out_inNsDefault_c14nPrefix.xml -> /Users/calum/Developer/Excelerator/build/bdist.macosx-14.2-arm64/python3.11-standalone/app/collect/test/xmltestdata/c14n-20/out_inNsDefault_c14nPrefix.xml
copying file /Users/calum/.pyenv/versions/3.11.1/lib/python3.11/test/xmltestdata/c14n-20/out_inC14N3_c14nTrim.xml -> /Users/calum/Developer/Excelerator/build/bdist.macosx-14.2-arm64/python3.11-standalone/app/collect/test/xmltestdata/c14n-20/out_inC14N3_c14nTrim.xml
copying file /Users/calum/.pyenv/versions/3.11.1/lib/python3.11/test/xmltestdata/c14n-20/out_inC14N4_c14nTrim.xml -> /Users/calum/Developer/Excelerator/build/bdist.macosx-14.2-arm64/python3.11-standalone/app/collect/test/xmltestdata/c14n-20/out_inC14N4_c14nTrim.xml
copying file /Users/calum/.pyenv/versions/3.11.1/lib/python3.11/test/xmltestdata/c14n-20/out_inNsSuperfluous_c14nPrefix.xml -> /Users/calum/Developer/Excelerator/build/bdist.macosx-14.2-arm64/python3.11-standalone/app/collect/test/xmltestdata/c14n-20/out_inNsSuperfluous_c14nPrefix.xml
copying file /Users/calum/.pyenv/versions/3.11.1/lib/python3.11/test/xmltestdata/c14n-20/out_inC14N5_c14nTrim.xml -> /Users/calum/Developer/Excelerator/build/bdist.macosx-14.2-arm64/python3.11-standalone/app/collect/test/xmltestdata/c14n-20/out_inC14N5_c14nTrim.xml
copying file /Users/calum/.pyenv/versions/3.11.1/lib/python3.11/test/xmltestdata/c14n-20/c14nComment.xml -> /Users/calum/Developer/Excelerator/build/bdist.macosx-14.2-arm64/python3.11-standalone/app/collect/test/xmltestdata/c14n-20/c14nComment.xml
copying file /Users/calum/.pyenv/versions/3.11.1/lib/python3.11/test/xmltestdata/c14n-20/out_inC14N2_c14nTrim.xml -> /Users/calum/Developer/Excelerator/build/bdist.macosx-14.2-arm64/python3.11-standalone/app/collect/test/xmltestdata/c14n-20/out_inC14N2_c14nTrim.xml
copying file /Users/calum/.pyenv/versions/3.11.1/lib/python3.11/test/xmltestdata/c14n-20/out_inC14N1_c14nDefault.xml -> /Users/calum/Developer/Excelerator/build/bdist.macosx-14.2-arm64/python3.11-standalone/app/collect/test/xmltestdata/c14n-20/out_inC14N1_c14nDefault.xml
copying file /Users/calum/.pyenv/versions/3.11.1/lib/python3.11/test/xmltestdata/c14n-20/README -> /Users/calum/Developer/Excelerator/build/bdist.macosx-14.2-arm64/python3.11-standalone/app/collect/test/xmltestdata/c14n-20/README
copying file /Users/calum/.pyenv/versions/3.11.1/lib/python3.11/test/xmltestdata/c14n-20/out_inC14N4_c14nDefault.xml -> /Users/calum/Developer/Excelerator/build/bdist.macosx-14.2-arm64/python3.11-standalone/app/collect/test/xmltestdata/c14n-20/out_inC14N4_c14nDefault.xml
copying file /Users/calum/.pyenv/versions/3.11.1/lib/python3.11/test/xmltestdata/c14n-20/inC14N6.xml -> /Users/calum/Developer/Excelerator/build/bdist.macosx-14.2-arm64/python3.11-standalone/app/collect/test/xmltestdata/c14n-20/inC14N6.xml
copying file /Users/calum/.pyenv/versions/3.11.1/lib/python3.11/test/xmltestdata/c14n-20/out_inNsXml_c14nDefault.xml -> /Users/calum/Developer/Excelerator/build/bdist.macosx-14.2-arm64/python3.11-standalone/app/collect/test/xmltestdata/c14n-20/out_inNsXml_c14nDefault.xml
copying file /Users/calum/.pyenv/versions/3.11.1/lib/python3.11/test/xmltestdata/c14n-20/out_inNsRedecl_c14nPrefix.xml -> /Users/calum/Developer/Excelerator/build/bdist.macosx-14.2-arm64/python3.11-standalone/app/collect/test/xmltestdata/c14n-20/out_inNsRedecl_c14nPrefix.xml
copying file /Users/calum/.pyenv/versions/3.11.1/lib/python3.11/test/xmltestdata/c14n-20/inNsDefault.xml -> /Users/calum/Developer/Excelerator/build/bdist.macosx-14.2-arm64/python3.11-standalone/app/collect/test/xmltestdata/c14n-20/inNsDefault.xml
copying file /Users/calum/.pyenv/versions/3.11.1/lib/python3.11/test/xmltestdata/c14n-20/out_inNsXml_c14nQname.xml -> /Users/calum/Developer/Excelerator/build/bdist.macosx-14.2-arm64/python3.11-standalone/app/collect/test/xmltestdata/c14n-20/out_inNsXml_c14nQname.xml
copying file /Users/calum/.pyenv/versions/3.11.1/lib/python3.11/test/xmltestdata/c14n-20/inC14N5.xml -> /Users/calum/Developer/Excelerator/build/bdist.macosx-14.2-arm64/python3.11-standalone/app/collect/test/xmltestdata/c14n-20/inC14N5.xml
copying file /Users/calum/.pyenv/versions/3.11.1/lib/python3.11/test/xmltestdata/c14n-20/doc.xsl -> /Users/calum/Developer/Excelerator/build/bdist.macosx-14.2-arm64/python3.11-standalone/app/collect/test/xmltestdata/c14n-20/doc.xsl
copying file /Users/calum/.pyenv/versions/3.11.1/lib/python3.11/test/xmltestdata/c14n-20/inC14N4.xml -> /Users/calum/Developer/Excelerator/build/bdist.macosx-14.2-arm64/python3.11-standalone/app/collect/test/xmltestdata/c14n-20/inC14N4.xml
copying file /Users/calum/.pyenv/versions/3.11.1/lib/python3.11/test/xmltestdata/c14n-20/inNsRedecl.xml -> /Users/calum/Developer/Excelerator/build/bdist.macosx-14.2-arm64/python3.11-standalone/app/collect/test/xmltestdata/c14n-20/inNsRedecl.xml
copying file /Users/calum/.pyenv/versions/3.11.1/lib/python3.11/test/xmltestdata/c14n-20/inC14N1.xml -> /Users/calum/Developer/Excelerator/build/bdist.macosx-14.2-arm64/python3.11-standalone/app/collect/test/xmltestdata/c14n-20/inC14N1.xml
copying file /Users/calum/.pyenv/versions/3.11.1/lib/python3.11/test/xmltestdata/c14n-20/c14nQnameElem.xml -> /Users/calum/Developer/Excelerator/build/bdist.macosx-14.2-arm64/python3.11-standalone/app/collect/test/xmltestdata/c14n-20/c14nQnameElem.xml
copying file /Users/calum/.pyenv/versions/3.11.1/lib/python3.11/test/xmltestdata/c14n-20/out_inNsXml_c14nPrefix.xml -> /Users/calum/Developer/Excelerator/build/bdist.macosx-14.2-arm64/python3.11-standalone/app/collect/test/xmltestdata/c14n-20/out_inNsXml_c14nPrefix.xml
copying file /Users/calum/.pyenv/versions/3.11.1/lib/python3.11/test/xmltestdata/c14n-20/out_inNsDefault_c14nDefault.xml -> /Users/calum/Developer/Excelerator/build/bdist.macosx-14.2-arm64/python3.11-standalone/app/collect/test/xmltestdata/c14n-20/out_inNsDefault_c14nDefault.xml
copying file /Users/calum/.pyenv/versions/3.11.1/lib/python3.11/test/xmltestdata/c14n-20/inNsSort.xml -> /Users/calum/Developer/Excelerator/build/bdist.macosx-14.2-arm64/python3.11-standalone/app/collect/test/xmltestdata/c14n-20/inNsSort.xml
copying file /Users/calum/.pyenv/versions/3.11.1/lib/python3.11/test/xmltestdata/c14n-20/inC14N3.xml -> /Users/calum/Developer/Excelerator/build/bdist.macosx-14.2-arm64/python3.11-standalone/app/collect/test/xmltestdata/c14n-20/inC14N3.xml
copying file /Users/calum/.pyenv/versions/3.11.1/lib/python3.11/test/xmltestdata/c14n-20/inC14N2.xml -> /Users/calum/Developer/Excelerator/build/bdist.macosx-14.2-arm64/python3.11-standalone/app/collect/test/xmltestdata/c14n-20/inC14N2.xml
copying file /Users/calum/.pyenv/versions/3.11.1/lib/python3.11/test/xmltestdata/c14n-20/out_inNsRedecl_c14nDefault.xml -> /Users/calum/Developer/Excelerator/build/bdist.macosx-14.2-arm64/python3.11-standalone/app/collect/test/xmltestdata/c14n-20/out_inNsRedecl_c14nDefault.xml
copying file /Users/calum/.pyenv/versions/3.11.1/lib/python3.11/test/xmltestdata/c14n-20/out_inNsXml_c14nPrefixQname.xml -> /Users/calum/Developer/Excelerator/build/bdist.macosx-14.2-arm64/python3.11-standalone/app/collect/test/xmltestdata/c14n-20/out_inNsXml_c14nPrefixQname.xml
copying file /Users/calum/.pyenv/versions/3.11.1/lib/python3.11/test/xmltestdata/c14n-20/out_inNsPushdown_c14nPrefix.xml -> /Users/calum/Developer/Excelerator/build/bdist.macosx-14.2-arm64/python3.11-standalone/app/collect/test/xmltestdata/c14n-20/out_inNsPushdown_c14nPrefix.xml
copying file /Users/calum/.pyenv/versions/3.11.1/lib/python3.11/test/xmltestdata/c14n-20/out_inC14N3_c14nDefault.xml -> /Users/calum/Developer/Excelerator/build/bdist.macosx-14.2-arm64/python3.11-standalone/app/collect/test/xmltestdata/c14n-20/out_inC14N3_c14nDefault.xml
copying file /Users/calum/.pyenv/versions/3.11.1/lib/python3.11/test/xmltestdata/c14n-20/out_inNsContent_c14nPrefixQnameXpathElem.xml -> /Users/calum/Developer/Excelerator/build/bdist.macosx-14.2-arm64/python3.11-standalone/app/collect/test/xmltestdata/c14n-20/out_inNsContent_c14nPrefixQnameXpathElem.xml
copying file /Users/calum/.pyenv/versions/3.11.1/lib/python3.11/test/xmltestdata/c14n-20/out_inNsSuperfluous_c14nDefault.xml -> /Users/calum/Developer/Excelerator/build/bdist.macosx-14.2-arm64/python3.11-standalone/app/collect/test/xmltestdata/c14n-20/out_inNsSuperfluous_c14nDefault.xml
copying file /Users/calum/.pyenv/versions/3.11.1/lib/python3.11/test/xmltestdata/c14n-20/inNsPushdown.xml -> /Users/calum/Developer/Excelerator/build/bdist.macosx-14.2-arm64/python3.11-standalone/app/collect/test/xmltestdata/c14n-20/inNsPushdown.xml
copying file /Users/calum/.pyenv/versions/3.11.1/lib/python3.11/test/xmltestdata/c14n-20/c14nPrefixQnameXpathElem.xml -> /Users/calum/Developer/Excelerator/build/bdist.macosx-14.2-arm64/python3.11-standalone/app/collect/test/xmltestdata/c14n-20/c14nPrefixQnameXpathElem.xml
copying file /Users/calum/.pyenv/versions/3.11.1/lib/python3.11/test/xmltestdata/c14n-20/doc.dtd -> /Users/calum/Developer/Excelerator/build/bdist.macosx-14.2-arm64/python3.11-standalone/app/collect/test/xmltestdata/c14n-20/doc.dtd
copying file /Users/calum/.pyenv/versions/3.11.1/lib/python3.11/test/xmltestdata/c14n-20/out_inC14N2_c14nDefault.xml -> /Users/calum/Developer/Excelerator/build/bdist.macosx-14.2-arm64/python3.11-standalone/app/collect/test/xmltestdata/c14n-20/out_inC14N2_c14nDefault.xml
copying file /Users/calum/.pyenv/versions/3.11.1/lib/python3.11/test/xmltestdata/c14n-20/c14nQname.xml -> /Users/calum/Developer/Excelerator/build/bdist.macosx-14.2-arm64/python3.11-standalone/app/collect/test/xmltestdata/c14n-20/c14nQname.xml
copying file /Users/calum/.pyenv/versions/3.11.1/lib/python3.11/test/xmltestdata/c14n-20/out_inC14N3_c14nPrefix.xml -> /Users/calum/Developer/Excelerator/build/bdist.macosx-14.2-arm64/python3.11-standalone/app/collect/test/xmltestdata/c14n-20/out_inC14N3_c14nPrefix.xml
copying file /Users/calum/.pyenv/versions/3.11.1/lib/python3.11/test/xmltestdata/c14n-20/inNsXml.xml -> /Users/calum/Developer/Excelerator/build/bdist.macosx-14.2-arm64/python3.11-standalone/app/collect/test/xmltestdata/c14n-20/inNsXml.xml
copying file /Users/calum/.pyenv/versions/3.11.1/lib/python3.11/test/xmltestdata/c14n-20/c14nPrefixQname.xml -> /Users/calum/Developer/Excelerator/build/bdist.macosx-14.2-arm64/python3.11-standalone/app/collect/test/xmltestdata/c14n-20/c14nPrefixQname.xml
copying file /Users/calum/.pyenv/versions/3.11.1/lib/python3.11/test/xmltestdata/c14n-20/out_inC14N5_c14nDefault.xml -> /Users/calum/Developer/Excelerator/build/bdist.macosx-14.2-arm64/python3.11-standalone/app/collect/test/xmltestdata/c14n-20/out_inC14N5_c14nDefault.xml
copying file /Users/calum/.pyenv/versions/3.11.1/lib/python3.11/test/xmltestdata/c14n-20/out_inNsContent_c14nDefault.xml -> /Users/calum/Developer/Excelerator/build/bdist.macosx-14.2-arm64/python3.11-standalone/app/collect/test/xmltestdata/c14n-20/out_inNsContent_c14nDefault.xml
copying file /Users/calum/.pyenv/versions/3.11.1/lib/python3.11/test/xmltestdata/c14n-20/out_inNsSort_c14nDefault.xml -> /Users/calum/Developer/Excelerator/build/bdist.macosx-14.2-arm64/python3.11-standalone/app/collect/test/xmltestdata/c14n-20/out_inNsSort_c14nDefault.xml
copying file /Users/calum/.pyenv/versions/3.11.1/lib/python3.11/test/xmltestdata/c14n-20/out_inNsPushdown_c14nDefault.xml -> /Users/calum/Developer/Excelerator/build/bdist.macosx-14.2-arm64/python3.11-standalone/app/collect/test/xmltestdata/c14n-20/out_inNsPushdown_c14nDefault.xml
copying file /Users/calum/.pyenv/versions/3.11.1/lib/python3.11/test/xmltestdata/expat224_utf8_bug.xml -> /Users/calum/Developer/Excelerator/build/bdist.macosx-14.2-arm64/python3.11-standalone/app/collect/test/xmltestdata/expat224_utf8_bug.xml
copying file /Users/calum/.pyenv/versions/3.11.1/lib/python3.11/test/xmltestdata/test.xml.out -> /Users/calum/Developer/Excelerator/build/bdist.macosx-14.2-arm64/python3.11-standalone/app/collect/test/xmltestdata/test.xml.out
copying file /Users/calum/.pyenv/versions/3.11.1/lib/python3.11/test/talos-2019-0758.pem -> /Users/calum/Developer/Excelerator/build/bdist.macosx-14.2-arm64/python3.11-standalone/app/collect/test/talos-2019-0758.pem
copying file /Users/calum/.pyenv/versions/3.11.1/lib/python3.11/test/audiotest.au -> /Users/calum/Developer/Excelerator/build/bdist.macosx-14.2-arm64/python3.11-standalone/app/collect/test/audiotest.au
creating /Users/calum/Developer/Excelerator/build/bdist.macosx-14.2-arm64/python3.11-standalone/app/collect/test/cjkencodings
copying file /Users/calum/.pyenv/versions/3.11.1/lib/python3.11/test/cjkencodings/gb2312-utf8.txt -> /Users/calum/Developer/Excelerator/build/bdist.macosx-14.2-arm64/python3.11-standalone/app/collect/test/cjkencodings/gb2312-utf8.txt
copying file /Users/calum/.pyenv/versions/3.11.1/lib/python3.11/test/cjkencodings/shift_jisx0213-utf8.txt -> /Users/calum/Developer/Excelerator/build/bdist.macosx-14.2-arm64/python3.11-standalone/app/collect/test/cjkencodings/shift_jisx0213-utf8.txt
copying file /Users/calum/.pyenv/versions/3.11.1/lib/python3.11/test/cjkencodings/iso2022_jp.txt -> /Users/calum/Developer/Excelerator/build/bdist.macosx-14.2-arm64/python3.11-standalone/app/collect/test/cjkencodings/iso2022_jp.txt
copying file /Users/calum/.pyenv/versions/3.11.1/lib/python3.11/test/cjkencodings/hz.txt -> /Users/calum/Developer/Excelerator/build/bdist.macosx-14.2-arm64/python3.11-standalone/app/collect/test/cjkencodings/hz.txt
copying file /Users/calum/.pyenv/versions/3.11.1/lib/python3.11/test/cjkencodings/gb2312.txt -> /Users/calum/Developer/Excelerator/build/bdist.macosx-14.2-arm64/python3.11-standalone/app/collect/test/cjkencodings/gb2312.txt
copying file /Users/calum/.pyenv/versions/3.11.1/lib/python3.11/test/cjkencodings/cp949.txt -> /Users/calum/Developer/Excelerator/build/bdist.macosx-14.2-arm64/python3.11-standalone/app/collect/test/cjkencodings/cp949.txt
copying file /Users/calum/.pyenv/versions/3.11.1/lib/python3.11/test/cjkencodings/iso2022_jp-utf8.txt -> /Users/calum/Developer/Excelerator/build/bdist.macosx-14.2-arm64/python3.11-standalone/app/collect/test/cjkencodings/iso2022_jp-utf8.txt
copying file /Users/calum/.pyenv/versions/3.11.1/lib/python3.11/test/cjkencodings/johab.txt -> /Users/calum/Developer/Excelerator/build/bdist.macosx-14.2-arm64/python3.11-standalone/app/collect/test/cjkencodings/johab.txt
copying file /Users/calum/.pyenv/versions/3.11.1/lib/python3.11/test/cjkencodings/big5.txt -> /Users/calum/Developer/Excelerator/build/bdist.macosx-14.2-arm64/python3.11-standalone/app/collect/test/cjkencodings/big5.txt
copying file /Users/calum/.pyenv/versions/3.11.1/lib/python3.11/test/cjkencodings/shift_jis.txt -> /Users/calum/Developer/Excelerator/build/bdist.macosx-14.2-arm64/python3.11-standalone/app/collect/test/cjkencodings/shift_jis.txt
copying file /Users/calum/.pyenv/versions/3.11.1/lib/python3.11/test/cjkencodings/cp949-utf8.txt -> /Users/calum/Developer/Excelerator/build/bdist.macosx-14.2-arm64/python3.11-standalone/app/collect/test/cjkencodings/cp949-utf8.txt
copying file /Users/calum/.pyenv/versions/3.11.1/lib/python3.11/test/cjkencodings/iso2022_kr.txt -> /Users/calum/Developer/Excelerator/build/bdist.macosx-14.2-arm64/python3.11-standalone/app/collect/test/cjkencodings/iso2022_kr.txt
copying file /Users/calum/.pyenv/versions/3.11.1/lib/python3.11/test/cjkencodings/big5hkscs-utf8.txt -> /Users/calum/Developer/Excelerator/build/bdist.macosx-14.2-arm64/python3.11-standalone/app/collect/test/cjkencodings/big5hkscs-utf8.txt
copying file /Users/calum/.pyenv/versions/3.11.1/lib/python3.11/test/cjkencodings/euc_jp-utf8.txt -> /Users/calum/Developer/Excelerator/build/bdist.macosx-14.2-arm64/python3.11-standalone/app/collect/test/cjkencodings/euc_jp-utf8.txt
copying file /Users/calum/.pyenv/versions/3.11.1/lib/python3.11/test/cjkencodings/shift_jis-utf8.txt -> /Users/calum/Developer/Excelerator/build/bdist.macosx-14.2-arm64/python3.11-standalone/app/collect/test/cjkencodings/shift_jis-utf8.txt
copying file /Users/calum/.pyenv/versions/3.11.1/lib/python3.11/test/cjkencodings/euc_jp.txt -> /Users/calum/Developer/Excelerator/build/bdist.macosx-14.2-arm64/python3.11-standalone/app/collect/test/cjkencodings/euc_jp.txt
copying file /Users/calum/.pyenv/versions/3.11.1/lib/python3.11/test/cjkencodings/gbk-utf8.txt -> /Users/calum/Developer/Excelerator/build/bdist.macosx-14.2-arm64/python3.11-standalone/app/collect/test/cjkencodings/gbk-utf8.txt
copying file /Users/calum/.pyenv/versions/3.11.1/lib/python3.11/test/cjkencodings/euc_jisx0213.txt -> /Users/calum/Developer/Excelerator/build/bdist.macosx-14.2-arm64/python3.11-standalone/app/collect/test/cjkencodings/euc_jisx0213.txt
copying file /Users/calum/.pyenv/versions/3.11.1/lib/python3.11/test/cjkencodings/euc_jisx0213-utf8.txt -> /Users/calum/Developer/Excelerator/build/bdist.macosx-14.2-arm64/python3.11-standalone/app/collect/test/cjkencodings/euc_jisx0213-utf8.txt
copying file /Users/calum/.pyenv/versions/3.11.1/lib/python3.11/test/cjkencodings/hz-utf8.txt -> /Users/calum/Developer/Excelerator/build/bdist.macosx-14.2-arm64/python3.11-standalone/app/collect/test/cjkencodings/hz-utf8.txt
copying file /Users/calum/.pyenv/versions/3.11.1/lib/python3.11/test/cjkencodings/euc_kr-utf8.txt -> /Users/calum/Developer/Excelerator/build/bdist.macosx-14.2-arm64/python3.11-standalone/app/collect/test/cjkencodings/euc_kr-utf8.txt
copying file /Users/calum/.pyenv/versions/3.11.1/lib/python3.11/test/cjkencodings/euc_kr.txt -> /Users/calum/Developer/Excelerator/build/bdist.macosx-14.2-arm64/python3.11-standalone/app/collect/test/cjkencodings/euc_kr.txt
copying file /Users/calum/.pyenv/versions/3.11.1/lib/python3.11/test/cjkencodings/big5-utf8.txt -> /Users/calum/Developer/Excelerator/build/bdist.macosx-14.2-arm64/python3.11-standalone/app/collect/test/cjkencodings/big5-utf8.txt
copying file /Users/calum/.pyenv/versions/3.11.1/lib/python3.11/test/cjkencodings/johab-utf8.txt -> /Users/calum/Developer/Excelerator/build/bdist.macosx-14.2-arm64/python3.11-standalone/app/collect/test/cjkencodings/johab-utf8.txt
copying file /Users/calum/.pyenv/versions/3.11.1/lib/python3.11/test/cjkencodings/gb18030-utf8.txt -> /Users/calum/Developer/Excelerator/build/bdist.macosx-14.2-arm64/python3.11-standalone/app/collect/test/cjkencodings/gb18030-utf8.txt
copying file /Users/calum/.pyenv/versions/3.11.1/lib/python3.11/test/cjkencodings/gb18030.txt -> /Users/calum/Developer/Excelerator/build/bdist.macosx-14.2-arm64/python3.11-standalone/app/collect/test/cjkencodings/gb18030.txt
copying file /Users/calum/.pyenv/versions/3.11.1/lib/python3.11/test/cjkencodings/shift_jisx0213.txt -> /Users/calum/Developer/Excelerator/build/bdist.macosx-14.2-arm64/python3.11-standalone/app/collect/test/cjkencodings/shift_jisx0213.txt
copying file /Users/calum/.pyenv/versions/3.11.1/lib/python3.11/test/cjkencodings/iso2022_kr-utf8.txt -> /Users/calum/Developer/Excelerator/build/bdist.macosx-14.2-arm64/python3.11-standalone/app/collect/test/cjkencodings/iso2022_kr-utf8.txt
copying file /Users/calum/.pyenv/versions/3.11.1/lib/python3.11/test/cjkencodings/gbk.txt -> /Users/calum/Developer/Excelerator/build/bdist.macosx-14.2-arm64/python3.11-standalone/app/collect/test/cjkencodings/gbk.txt
copying file /Users/calum/.pyenv/versions/3.11.1/lib/python3.11/test/cjkencodings/big5hkscs.txt -> /Users/calum/Developer/Excelerator/build/bdist.macosx-14.2-arm64/python3.11-standalone/app/collect/test/cjkencodings/big5hkscs.txt
copying file /Users/calum/.pyenv/versions/3.11.1/lib/python3.11/test/keycert.passwd.pem -> /Users/calum/Developer/Excelerator/build/bdist.macosx-14.2-arm64/python3.11-standalone/app/collect/test/keycert.passwd.pem
copying file /Users/calum/.pyenv/versions/3.11.1/lib/python3.11/test/keycert.pem -> /Users/calum/Developer/Excelerator/build/bdist.macosx-14.2-arm64/python3.11-standalone/app/collect/test/keycert.pem
copying file /Users/calum/.pyenv/versions/3.11.1/lib/python3.11/test/tokenize_tests-no-coding-cookie-and-utf8-bom-sig-only.txt -> /Users/calum/Developer/Excelerator/build/bdist.macosx-14.2-arm64/python3.11-standalone/app/collect/test/tokenize_tests-no-coding-cookie-and-utf8-bom-sig-only.txt
copying file /Users/calum/.pyenv/versions/3.11.1/lib/python3.11/test/pycakey.pem -> /Users/calum/Developer/Excelerator/build/bdist.macosx-14.2-arm64/python3.11-standalone/app/collect/test/pycakey.pem
copying file /Users/calum/.pyenv/versions/3.11.1/lib/python3.11/test/selfsigned_pythontestdotnet.pem -> /Users/calum/Developer/Excelerator/build/bdist.macosx-14.2-arm64/python3.11-standalone/app/collect/test/selfsigned_pythontestdotnet.pem
copying file /Users/calum/.pyenv/versions/3.11.1/lib/python3.11/test/allsans.pem -> /Users/calum/Developer/Excelerator/build/bdist.macosx-14.2-arm64/python3.11-standalone/app/collect/test/allsans.pem
copying file /Users/calum/.pyenv/versions/3.11.1/lib/python3.11/test/keycert4.pem -> /Users/calum/Developer/Excelerator/build/bdist.macosx-14.2-arm64/python3.11-standalone/app/collect/test/keycert4.pem
copying file /Users/calum/.pyenv/versions/3.11.1/lib/python3.11/test/cfgparser.1 -> /Users/calum/Developer/Excelerator/build/bdist.macosx-14.2-arm64/python3.11-standalone/app/collect/test/cfgparser.1
copying file /Users/calum/.pyenv/versions/3.11.1/lib/python3.11/test/exception_hierarchy.txt -> /Users/calum/Developer/Excelerator/build/bdist.macosx-14.2-arm64/python3.11-standalone/app/collect/test/exception_hierarchy.txt
copying file /Users/calum/.pyenv/versions/3.11.1/lib/python3.11/test/mime.types -> /Users/calum/Developer/Excelerator/build/bdist.macosx-14.2-arm64/python3.11-standalone/app/collect/test/mime.types
copying file /Users/calum/.pyenv/versions/3.11.1/lib/python3.11/test/badkey.pem -> /Users/calum/Developer/Excelerator/build/bdist.macosx-14.2-arm64/python3.11-standalone/app/collect/test/badkey.pem
copying file /Users/calum/.pyenv/versions/3.11.1/lib/python3.11/test/idnsans.pem -> /Users/calum/Developer/Excelerator/build/bdist.macosx-14.2-arm64/python3.11-standalone/app/collect/test/idnsans.pem
creating /Users/calum/Developer/Excelerator/build/bdist.macosx-14.2-arm64/python3.11-standalone/app/collect/test/imghdrdata
copying file /Users/calum/.pyenv/versions/3.11.1/lib/python3.11/test/imghdrdata/python.ppm -> /Users/calum/Developer/Excelerator/build/bdist.macosx-14.2-arm64/python3.11-standalone/app/collect/test/imghdrdata/python.ppm
copying file /Users/calum/.pyenv/versions/3.11.1/lib/python3.11/test/imghdrdata/python.webp -> /Users/calum/Developer/Excelerator/build/bdist.macosx-14.2-arm64/python3.11-standalone/app/collect/test/imghdrdata/python.webp
copying file /Users/calum/.pyenv/versions/3.11.1/lib/python3.11/test/imghdrdata/python.exr -> /Users/calum/Developer/Excelerator/build/bdist.macosx-14.2-arm64/python3.11-standalone/app/collect/test/imghdrdata/python.exr
copying file /Users/calum/.pyenv/versions/3.11.1/lib/python3.11/test/imghdrdata/python.jpg -> /Users/calum/Developer/Excelerator/build/bdist.macosx-14.2-arm64/python3.11-standalone/app/collect/test/imghdrdata/python.jpg
copying file /Users/calum/.pyenv/versions/3.11.1/lib/python3.11/test/imghdrdata/python.png -> /Users/calum/Developer/Excelerator/build/bdist.macosx-14.2-arm64/python3.11-standalone/app/collect/test/imghdrdata/python.png
copying file /Users/calum/.pyenv/versions/3.11.1/lib/python3.11/test/imghdrdata/python.ras -> /Users/calum/Developer/Excelerator/build/bdist.macosx-14.2-arm64/python3.11-standalone/app/collect/test/imghdrdata/python.ras
copying file /Users/calum/.pyenv/versions/3.11.1/lib/python3.11/test/imghdrdata/python.pbm -> /Users/calum/Developer/Excelerator/build/bdist.macosx-14.2-arm64/python3.11-standalone/app/collect/test/imghdrdata/python.pbm
copying file /Users/calum/.pyenv/versions/3.11.1/lib/python3.11/test/imghdrdata/python.sgi -> /Users/calum/Developer/Excelerator/build/bdist.macosx-14.2-arm64/python3.11-standalone/app/collect/test/imghdrdata/python.sgi
copying file /Users/calum/.pyenv/versions/3.11.1/lib/python3.11/test/imghdrdata/python.bmp -> /Users/calum/Developer/Excelerator/build/bdist.macosx-14.2-arm64/python3.11-standalone/app/collect/test/imghdrdata/python.bmp
copying file /Users/calum/.pyenv/versions/3.11.1/lib/python3.11/test/imghdrdata/python.tiff -> /Users/calum/Developer/Excelerator/build/bdist.macosx-14.2-arm64/python3.11-standalone/app/collect/test/imghdrdata/python.tiff
copying file /Users/calum/.pyenv/versions/3.11.1/lib/python3.11/test/imghdrdata/python.gif -> /Users/calum/Developer/Excelerator/build/bdist.macosx-14.2-arm64/python3.11-standalone/app/collect/test/imghdrdata/python.gif
copying file /Users/calum/.pyenv/versions/3.11.1/lib/python3.11/test/imghdrdata/python.xbm -> /Users/calum/Developer/Excelerator/build/bdist.macosx-14.2-arm64/python3.11-standalone/app/collect/test/imghdrdata/python.xbm
copying file /Users/calum/.pyenv/versions/3.11.1/lib/python3.11/test/imghdrdata/python.pgm -> /Users/calum/Developer/Excelerator/build/bdist.macosx-14.2-arm64/python3.11-standalone/app/collect/test/imghdrdata/python.pgm
copying file /Users/calum/.pyenv/versions/3.11.1/lib/python3.11/test/imghdrdata/python-raw.jpg -> /Users/calum/Developer/Excelerator/build/bdist.macosx-14.2-arm64/python3.11-standalone/app/collect/test/imghdrdata/python-raw.jpg
copying file /Users/calum/.pyenv/versions/3.11.1/lib/python3.11/test/tokenize_tests.txt -> /Users/calum/Developer/Excelerator/build/bdist.macosx-14.2-arm64/python3.11-standalone/app/collect/test/tokenize_tests.txt
copying file /Users/calum/.pyenv/versions/3.11.1/lib/python3.11/test/zip_cp437_header.zip -> /Users/calum/Developer/Excelerator/build/bdist.macosx-14.2-arm64/python3.11-standalone/app/collect/test/zip_cp437_header.zip
copying file /Users/calum/.pyenv/versions/3.11.1/lib/python3.11/test/keycert2.pem -> /Users/calum/Developer/Excelerator/build/bdist.macosx-14.2-arm64/python3.11-standalone/app/collect/test/keycert2.pem
copying file /Users/calum/.pyenv/versions/3.11.1/lib/python3.11/test/randv3.pck -> /Users/calum/Developer/Excelerator/build/bdist.macosx-14.2-arm64/python3.11-standalone/app/collect/test/randv3.pck
creating /Users/calum/Developer/Excelerator/build/bdist.macosx-14.2-arm64/python3.11-standalone/app/collect/test/sndhdrdata
copying file /Users/calum/.pyenv/versions/3.11.1/lib/python3.11/test/sndhdrdata/sndhdr.8svx -> /Users/calum/Developer/Excelerator/build/bdist.macosx-14.2-arm64/python3.11-standalone/app/collect/test/sndhdrdata/sndhdr.8svx
copying file /Users/calum/.pyenv/versions/3.11.1/lib/python3.11/test/sndhdrdata/sndhdr.aifc -> /Users/calum/Developer/Excelerator/build/bdist.macosx-14.2-arm64/python3.11-standalone/app/collect/test/sndhdrdata/sndhdr.aifc
copying file /Users/calum/.pyenv/versions/3.11.1/lib/python3.11/test/sndhdrdata/sndhdr.sndt -> /Users/calum/Developer/Excelerator/build/bdist.macosx-14.2-arm64/python3.11-standalone/app/collect/test/sndhdrdata/sndhdr.sndt
copying file /Users/calum/.pyenv/versions/3.11.1/lib/python3.11/test/sndhdrdata/sndhdr.wav -> /Users/calum/Developer/Excelerator/build/bdist.macosx-14.2-arm64/python3.11-standalone/app/collect/test/sndhdrdata/sndhdr.wav
copying file /Users/calum/.pyenv/versions/3.11.1/lib/python3.11/test/sndhdrdata/README -> /Users/calum/Developer/Excelerator/build/bdist.macosx-14.2-arm64/python3.11-standalone/app/collect/test/sndhdrdata/README
copying file /Users/calum/.pyenv/versions/3.11.1/lib/python3.11/test/sndhdrdata/sndhdr.hcom -> /Users/calum/Developer/Excelerator/build/bdist.macosx-14.2-arm64/python3.11-standalone/app/collect/test/sndhdrdata/sndhdr.hcom
copying file /Users/calum/.pyenv/versions/3.11.1/lib/python3.11/test/sndhdrdata/sndhdr.aiff -> /Users/calum/Developer/Excelerator/build/bdist.macosx-14.2-arm64/python3.11-standalone/app/collect/test/sndhdrdata/sndhdr.aiff
copying file /Users/calum/.pyenv/versions/3.11.1/lib/python3.11/test/sndhdrdata/sndhdr.au -> /Users/calum/Developer/Excelerator/build/bdist.macosx-14.2-arm64/python3.11-standalone/app/collect/test/sndhdrdata/sndhdr.au
copying file /Users/calum/.pyenv/versions/3.11.1/lib/python3.11/test/sndhdrdata/sndhdr.voc -> /Users/calum/Developer/Excelerator/build/bdist.macosx-14.2-arm64/python3.11-standalone/app/collect/test/sndhdrdata/sndhdr.voc
copying file /Users/calum/.pyenv/versions/3.11.1/lib/python3.11/test/ssl_cert.pem -> /Users/calum/Developer/Excelerator/build/bdist.macosx-14.2-arm64/python3.11-standalone/app/collect/test/ssl_cert.pem
copying file /Users/calum/.pyenv/versions/3.11.1/lib/python3.11/test/ssl_key.passwd.pem -> /Users/calum/Developer/Excelerator/build/bdist.macosx-14.2-arm64/python3.11-standalone/app/collect/test/ssl_key.passwd.pem
copying file /Users/calum/.pyenv/versions/3.11.1/lib/python3.11/test/keycert3.pem -> /Users/calum/Developer/Excelerator/build/bdist.macosx-14.2-arm64/python3.11-standalone/app/collect/test/keycert3.pem
copying file /Users/calum/.pyenv/versions/3.11.1/lib/python3.11/test/badcert.pem -> /Users/calum/Developer/Excelerator/build/bdist.macosx-14.2-arm64/python3.11-standalone/app/collect/test/badcert.pem
copying file /Users/calum/.pyenv/versions/3.11.1/lib/python3.11/test/ssl_key.pem -> /Users/calum/Developer/Excelerator/build/bdist.macosx-14.2-arm64/python3.11-standalone/app/collect/test/ssl_key.pem
copying file /Users/calum/.pyenv/versions/3.11.1/lib/python3.11/test/keycertecc.pem -> /Users/calum/Developer/Excelerator/build/bdist.macosx-14.2-arm64/python3.11-standalone/app/collect/test/keycertecc.pem
copying file /Users/calum/.pyenv/versions/3.11.1/lib/python3.11/test/test_doctest2.txt -> /Users/calum/Developer/Excelerator/build/bdist.macosx-14.2-arm64/python3.11-standalone/app/collect/test/test_doctest2.txt
copying file /Users/calum/.pyenv/versions/3.11.1/lib/python3.11/test/test_doctest3.txt -> /Users/calum/Developer/Excelerator/build/bdist.macosx-14.2-arm64/python3.11-standalone/app/collect/test/test_doctest3.txt
creating /Users/calum/Developer/Excelerator/build/bdist.macosx-14.2-arm64/python3.11-standalone/app/collect/test/data
copying file /Users/calum/.pyenv/versions/3.11.1/lib/python3.11/test/data/README -> /Users/calum/Developer/Excelerator/build/bdist.macosx-14.2-arm64/python3.11-standalone/app/collect/test/data/README
copying file /Users/calum/.pyenv/versions/3.11.1/lib/python3.11/test/randv2_64.pck -> /Users/calum/Developer/Excelerator/build/bdist.macosx-14.2-arm64/python3.11-standalone/app/collect/test/randv2_64.pck
copying file /Users/calum/.pyenv/versions/3.11.1/lib/python3.11/test/ffdh3072.pem -> /Users/calum/Developer/Excelerator/build/bdist.macosx-14.2-arm64/python3.11-standalone/app/collect/test/ffdh3072.pem
copying file /Users/calum/.pyenv/versions/3.11.1/lib/python3.11/test/test_doctest4.txt -> /Users/calum/Developer/Excelerator/build/bdist.macosx-14.2-arm64/python3.11-standalone/app/collect/test/test_doctest4.txt
copying file /Users/calum/.pyenv/versions/3.11.1/lib/python3.11/test/tokenize_tests-utf8-coding-cookie-and-no-utf8-bom-sig.txt -> /Users/calum/Developer/Excelerator/build/bdist.macosx-14.2-arm64/python3.11-standalone/app/collect/test/tokenize_tests-utf8-coding-cookie-and-no-utf8-bom-sig.txt
creating /Users/calum/Developer/Excelerator/build/bdist.macosx-14.2-arm64/python3.11-standalone/app/collect/test/capath
copying file /Users/calum/.pyenv/versions/3.11.1/lib/python3.11/test/capath/4e1295a3.0 -> /Users/calum/Developer/Excelerator/build/bdist.macosx-14.2-arm64/python3.11-standalone/app/collect/test/capath/4e1295a3.0
copying file /Users/calum/.pyenv/versions/3.11.1/lib/python3.11/test/capath/5ed36f99.0 -> /Users/calum/Developer/Excelerator/build/bdist.macosx-14.2-arm64/python3.11-standalone/app/collect/test/capath/5ed36f99.0
copying file /Users/calum/.pyenv/versions/3.11.1/lib/python3.11/test/capath/99d0fa06.0 -> /Users/calum/Developer/Excelerator/build/bdist.macosx-14.2-arm64/python3.11-standalone/app/collect/test/capath/99d0fa06.0
copying file /Users/calum/.pyenv/versions/3.11.1/lib/python3.11/test/capath/6e88d7b8.0 -> /Users/calum/Developer/Excelerator/build/bdist.macosx-14.2-arm64/python3.11-standalone/app/collect/test/capath/6e88d7b8.0
copying file /Users/calum/.pyenv/versions/3.11.1/lib/python3.11/test/capath/ceff1710.0 -> /Users/calum/Developer/Excelerator/build/bdist.macosx-14.2-arm64/python3.11-standalone/app/collect/test/capath/ceff1710.0
copying file /Users/calum/.pyenv/versions/3.11.1/lib/python3.11/test/capath/b1930218.0 -> /Users/calum/Developer/Excelerator/build/bdist.macosx-14.2-arm64/python3.11-standalone/app/collect/test/capath/b1930218.0
creating /Users/calum/Developer/Excelerator/build/bdist.macosx-14.2-arm64/python3.11-standalone/app/collect/test/subprocessdata
copying file /Users/calum/.pyenv/versions/3.11.1/lib/python3.11/test/subprocessdata/fd_status.py -> /Users/calum/Developer/Excelerator/build/bdist.macosx-14.2-arm64/python3.11-standalone/app/collect/test/subprocessdata/fd_status.py
creating /Users/calum/Developer/Excelerator/build/bdist.macosx-14.2-arm64/python3.11-standalone/app/collect/test/subprocessdata/__pycache__
copying file /Users/calum/.pyenv/versions/3.11.1/lib/python3.11/test/subprocessdata/__pycache__/fd_status.cpython-311.pyc -> /Users/calum/Developer/Excelerator/build/bdist.macosx-14.2-arm64/python3.11-standalone/app/collect/test/subprocessdata/__pycache__/fd_status.cpython-311.pyc
copying file /Users/calum/.pyenv/versions/3.11.1/lib/python3.11/test/subprocessdata/__pycache__/input_reader.cpython-311.pyc -> /Users/calum/Developer/Excelerator/build/bdist.macosx-14.2-arm64/python3.11-standalone/app/collect/test/subprocessdata/__pycache__/input_reader.cpython-311.pyc
copying file /Users/calum/.pyenv/versions/3.11.1/lib/python3.11/test/subprocessdata/__pycache__/sigchild_ignore.cpython-311.pyc -> /Users/calum/Developer/Excelerator/build/bdist.macosx-14.2-arm64/python3.11-standalone/app/collect/test/subprocessdata/__pycache__/sigchild_ignore.cpython-311.pyc
copying file /Users/calum/.pyenv/versions/3.11.1/lib/python3.11/test/subprocessdata/__pycache__/qcat.cpython-311.opt-2.pyc -> /Users/calum/Developer/Excelerator/build/bdist.macosx-14.2-arm64/python3.11-standalone/app/collect/test/subprocessdata/__pycache__/qcat.cpython-311.opt-2.pyc
copying file /Users/calum/.pyenv/versions/3.11.1/lib/python3.11/test/subprocessdata/__pycache__/qgrep.cpython-311.opt-2.pyc -> /Users/calum/Developer/Excelerator/build/bdist.macosx-14.2-arm64/python3.11-standalone/app/collect/test/subprocessdata/__pycache__/qgrep.cpython-311.opt-2.pyc
copying file /Users/calum/.pyenv/versions/3.11.1/lib/python3.11/test/subprocessdata/__pycache__/qcat.cpython-311.opt-1.pyc -> /Users/calum/Developer/Excelerator/build/bdist.macosx-14.2-arm64/python3.11-standalone/app/collect/test/subprocessdata/__pycache__/qcat.cpython-311.opt-1.pyc
copying file /Users/calum/.pyenv/versions/3.11.1/lib/python3.11/test/subprocessdata/__pycache__/qgrep.cpython-311.opt-1.pyc -> /Users/calum/Developer/Excelerator/build/bdist.macosx-14.2-arm64/python3.11-standalone/app/collect/test/subprocessdata/__pycache__/qgrep.cpython-311.opt-1.pyc
copying file /Users/calum/.pyenv/versions/3.11.1/lib/python3.11/test/subprocessdata/__pycache__/fd_status.cpython-311.opt-2.pyc -> /Users/calum/Developer/Excelerator/build/bdist.macosx-14.2-arm64/python3.11-standalone/app/collect/test/subprocessdata/__pycache__/fd_status.cpython-311.opt-2.pyc
copying file /Users/calum/.pyenv/versions/3.11.1/lib/python3.11/test/subprocessdata/__pycache__/sigchild_ignore.cpython-311.opt-2.pyc -> /Users/calum/Developer/Excelerator/build/bdist.macosx-14.2-arm64/python3.11-standalone/app/collect/test/subprocessdata/__pycache__/sigchild_ignore.cpython-311.opt-2.pyc
copying file /Users/calum/.pyenv/versions/3.11.1/lib/python3.11/test/subprocessdata/__pycache__/fd_status.cpython-311.opt-1.pyc -> /Users/calum/Developer/Excelerator/build/bdist.macosx-14.2-arm64/python3.11-standalone/app/collect/test/subprocessdata/__pycache__/fd_status.cpython-311.opt-1.pyc
copying file /Users/calum/.pyenv/versions/3.11.1/lib/python3.11/test/subprocessdata/__pycache__/sigchild_ignore.cpython-311.opt-1.pyc -> /Users/calum/Developer/Excelerator/build/bdist.macosx-14.2-arm64/python3.11-standalone/app/collect/test/subprocessdata/__pycache__/sigchild_ignore.cpython-311.opt-1.pyc
copying file /Users/calum/.pyenv/versions/3.11.1/lib/python3.11/test/subprocessdata/__pycache__/qgrep.cpython-311.pyc -> /Users/calum/Developer/Excelerator/build/bdist.macosx-14.2-arm64/python3.11-standalone/app/collect/test/subprocessdata/__pycache__/qgrep.cpython-311.pyc
copying file /Users/calum/.pyenv/versions/3.11.1/lib/python3.11/test/subprocessdata/__pycache__/input_reader.cpython-311.opt-2.pyc -> /Users/calum/Developer/Excelerator/build/bdist.macosx-14.2-arm64/python3.11-standalone/app/collect/test/subprocessdata/__pycache__/input_reader.cpython-311.opt-2.pyc
copying file /Users/calum/.pyenv/versions/3.11.1/lib/python3.11/test/subprocessdata/__pycache__/input_reader.cpython-311.opt-1.pyc -> /Users/calum/Developer/Excelerator/build/bdist.macosx-14.2-arm64/python3.11-standalone/app/collect/test/subprocessdata/__pycache__/input_reader.cpython-311.opt-1.pyc
copying file /Users/calum/.pyenv/versions/3.11.1/lib/python3.11/test/subprocessdata/__pycache__/qcat.cpython-311.pyc -> /Users/calum/Developer/Excelerator/build/bdist.macosx-14.2-arm64/python3.11-standalone/app/collect/test/subprocessdata/__pycache__/qcat.cpython-311.pyc
copying file /Users/calum/.pyenv/versions/3.11.1/lib/python3.11/test/subprocessdata/qcat.py -> /Users/calum/Developer/Excelerator/build/bdist.macosx-14.2-arm64/python3.11-standalone/app/collect/test/subprocessdata/qcat.py
copying file /Users/calum/.pyenv/versions/3.11.1/lib/python3.11/test/subprocessdata/sigchild_ignore.py -> /Users/calum/Developer/Excelerator/build/bdist.macosx-14.2-arm64/python3.11-standalone/app/collect/test/subprocessdata/sigchild_ignore.py
copying file /Users/calum/.pyenv/versions/3.11.1/lib/python3.11/test/subprocessdata/input_reader.py -> /Users/calum/Developer/Excelerator/build/bdist.macosx-14.2-arm64/python3.11-standalone/app/collect/test/subprocessdata/input_reader.py
copying file /Users/calum/.pyenv/versions/3.11.1/lib/python3.11/test/subprocessdata/qgrep.py -> /Users/calum/Developer/Excelerator/build/bdist.macosx-14.2-arm64/python3.11-standalone/app/collect/test/subprocessdata/qgrep.py
copying file /Users/calum/.pyenv/versions/3.11.1/lib/python3.11/test/secp384r1.pem -> /Users/calum/Developer/Excelerator/build/bdist.macosx-14.2-arm64/python3.11-standalone/app/collect/test/secp384r1.pem
copying file /Users/calum/.pyenv/versions/3.11.1/lib/python3.11/test/math_testcases.txt -> /Users/calum/Developer/Excelerator/build/bdist.macosx-14.2-arm64/python3.11-standalone/app/collect/test/math_testcases.txt
copying file /Users/calum/.pyenv/versions/3.11.1/lib/python3.11/test/floating_points.txt -> /Users/calum/Developer/Excelerator/build/bdist.macosx-14.2-arm64/python3.11-standalone/app/collect/test/floating_points.txt
creating /Users/calum/Developer/Excelerator/build/bdist.macosx-14.2-arm64/python3.11-standalone/app/collect/numpy/random/_examples/cffi/__pycache__
copying file /Users/calum/Developer/Excelerator/env/lib/python3.11/site-packages/numpy/random/_examples/cffi/__pycache__/parse.cpython-311.pyc -> /Users/calum/Developer/Excelerator/build/bdist.macosx-14.2-arm64/python3.11-standalone/app/collect/numpy/random/_examples/cffi/__pycache__/parse.cpython-311.pyc
copying file /Users/calum/Developer/Excelerator/env/lib/python3.11/site-packages/numpy/random/_examples/cffi/__pycache__/extending.cpython-311.pyc -> /Users/calum/Developer/Excelerator/build/bdist.macosx-14.2-arm64/python3.11-standalone/app/collect/numpy/random/_examples/cffi/__pycache__/extending.cpython-311.pyc
copying file /Users/calum/Developer/Excelerator/env/lib/python3.11/site-packages/numpy/random/_examples/cffi/parse.py -> /Users/calum/Developer/Excelerator/build/bdist.macosx-14.2-arm64/python3.11-standalone/app/collect/numpy/random/_examples/cffi/parse.py
copying file /Users/calum/Developer/Excelerator/env/lib/python3.11/site-packages/numpy/random/_examples/cffi/extending.py -> /Users/calum/Developer/Excelerator/build/bdist.macosx-14.2-arm64/python3.11-standalone/app/collect/numpy/random/_examples/cffi/extending.py
creating /Users/calum/Developer/Excelerator/build/bdist.macosx-14.2-arm64/python3.11-standalone/app/collect/numpy/random/_examples/cython
copying file /Users/calum/Developer/Excelerator/env/lib/python3.11/site-packages/numpy/random/_examples/cython/meson.build -> /Users/calum/Developer/Excelerator/build/bdist.macosx-14.2-arm64/python3.11-standalone/app/collect/numpy/random/_examples/cython/meson.build
copying file /Users/calum/Developer/Excelerator/env/lib/python3.11/site-packages/numpy/random/_examples/cython/extending_distributions.pyx -> /Users/calum/Developer/Excelerator/build/bdist.macosx-14.2-arm64/python3.11-standalone/app/collect/numpy/random/_examples/cython/extending_distributions.pyx
copying file /Users/calum/Developer/Excelerator/env/lib/python3.11/site-packages/numpy/random/_examples/cython/extending.pyx -> /Users/calum/Developer/Excelerator/build/bdist.macosx-14.2-arm64/python3.11-standalone/app/collect/numpy/random/_examples/cython/extending.pyx
creating /Users/calum/Developer/Excelerator/build/bdist.macosx-14.2-arm64/python3.11-standalone/app/collect/numpy/random/_examples/numba/__pycache__
copying file /Users/calum/Developer/Excelerator/env/lib/python3.11/site-packages/numpy/random/_examples/numba/__pycache__/extending_distributions.cpython-311.pyc -> /Users/calum/Developer/Excelerator/build/bdist.macosx-14.2-arm64/python3.11-standalone/app/collect/numpy/random/_examples/numba/__pycache__/extending_distributions.cpython-311.pyc
copying file /Users/calum/Developer/Excelerator/env/lib/python3.11/site-packages/numpy/random/_examples/numba/__pycache__/extending.cpython-311.pyc -> /Users/calum/Developer/Excelerator/build/bdist.macosx-14.2-arm64/python3.11-standalone/app/collect/numpy/random/_examples/numba/__pycache__/extending.cpython-311.pyc
copying file /Users/calum/Developer/Excelerator/env/lib/python3.11/site-packages/numpy/random/_examples/numba/extending.py -> /Users/calum/Developer/Excelerator/build/bdist.macosx-14.2-arm64/python3.11-standalone/app/collect/numpy/random/_examples/numba/extending.py
copying file /Users/calum/Developer/Excelerator/env/lib/python3.11/site-packages/numpy/random/_examples/numba/extending_distributions.py -> /Users/calum/Developer/Excelerator/build/bdist.macosx-14.2-arm64/python3.11-standalone/app/collect/numpy/random/_examples/numba/extending_distributions.py
copying file /Users/calum/Developer/Excelerator/env/lib/python3.11/site-packages/PIL/_imagingmath.pyi -> /Users/calum/Developer/Excelerator/build/bdist.macosx-14.2-arm64/python3.11-standalone/app/collect/PIL/_imagingmath.pyi
copying file /Users/calum/Developer/Excelerator/env/lib/python3.11/site-packages/PIL/_imagingmorph.pyi -> /Users/calum/Developer/Excelerator/build/bdist.macosx-14.2-arm64/python3.11-standalone/app/collect/PIL/_imagingmorph.pyi
copying file /Users/calum/Developer/Excelerator/env/lib/python3.11/site-packages/PIL/_imagingcms.pyi -> /Users/calum/Developer/Excelerator/build/bdist.macosx-14.2-arm64/python3.11-standalone/app/collect/PIL/_imagingcms.pyi
copying file /Users/calum/Developer/Excelerator/env/lib/python3.11/site-packages/PIL/_webp.pyi -> /Users/calum/Developer/Excelerator/build/bdist.macosx-14.2-arm64/python3.11-standalone/app/collect/PIL/_webp.pyi
creating /Users/calum/Developer/Excelerator/build/bdist.macosx-14.2-arm64/python3.11-standalone/app/collect/PIL/.dylibs
copying file /Users/calum/Developer/Excelerator/env/lib/python3.11/site-packages/PIL/.dylibs/libxcb.1.dylib -> /Users/calum/Developer/Excelerator/build/bdist.macosx-14.2-arm64/python3.11-standalone/app/collect/PIL/.dylibs/libxcb.1.dylib
copying file /Users/calum/Developer/Excelerator/env/lib/python3.11/site-packages/PIL/.dylibs/liblcms2.2.dylib -> /Users/calum/Developer/Excelerator/build/bdist.macosx-14.2-arm64/python3.11-standalone/app/collect/PIL/.dylibs/liblcms2.2.dylib
copying file /Users/calum/Developer/Excelerator/env/lib/python3.11/site-packages/PIL/.dylibs/libpng16.16.dylib -> /Users/calum/Developer/Excelerator/build/bdist.macosx-14.2-arm64/python3.11-standalone/app/collect/PIL/.dylibs/libpng16.16.dylib
copying file /Users/calum/Developer/Excelerator/env/lib/python3.11/site-packages/PIL/.dylibs/libjpeg.62.4.0.dylib -> /Users/calum/Developer/Excelerator/build/bdist.macosx-14.2-arm64/python3.11-standalone/app/collect/PIL/.dylibs/libjpeg.62.4.0.dylib
copying file /Users/calum/Developer/Excelerator/env/lib/python3.11/site-packages/PIL/.dylibs/libbrotlidec.1.1.0.dylib -> /Users/calum/Developer/Excelerator/build/bdist.macosx-14.2-arm64/python3.11-standalone/app/collect/PIL/.dylibs/libbrotlidec.1.1.0.dylib
copying file /Users/calum/Developer/Excelerator/env/lib/python3.11/site-packages/PIL/.dylibs/libfreetype.6.dylib -> /Users/calum/Developer/Excelerator/build/bdist.macosx-14.2-arm64/python3.11-standalone/app/collect/PIL/.dylibs/libfreetype.6.dylib
copying file /Users/calum/Developer/Excelerator/env/lib/python3.11/site-packages/PIL/.dylibs/libXau.6.0.0.dylib -> /Users/calum/Developer/Excelerator/build/bdist.macosx-14.2-arm64/python3.11-standalone/app/collect/PIL/.dylibs/libXau.6.0.0.dylib
copying file /Users/calum/Developer/Excelerator/env/lib/python3.11/site-packages/PIL/.dylibs/libbrotlicommon.1.1.0.dylib -> /Users/calum/Developer/Excelerator/build/bdist.macosx-14.2-arm64/python3.11-standalone/app/collect/PIL/.dylibs/libbrotlicommon.1.1.0.dylib
copying file /Users/calum/Developer/Excelerator/env/lib/python3.11/site-packages/PIL/.dylibs/libharfbuzz.0.dylib -> /Users/calum/Developer/Excelerator/build/bdist.macosx-14.2-arm64/python3.11-standalone/app/collect/PIL/.dylibs/libharfbuzz.0.dylib
copying file /Users/calum/Developer/Excelerator/env/lib/python3.11/site-packages/PIL/.dylibs/libsharpyuv.0.dylib -> /Users/calum/Developer/Excelerator/build/bdist.macosx-14.2-arm64/python3.11-standalone/app/collect/PIL/.dylibs/libsharpyuv.0.dylib
copying file /Users/calum/Developer/Excelerator/env/lib/python3.11/site-packages/PIL/.dylibs/libz.1.3.1.dylib -> /Users/calum/Developer/Excelerator/build/bdist.macosx-14.2-arm64/python3.11-standalone/app/collect/PIL/.dylibs/libz.1.3.1.dylib
copying file /Users/calum/Developer/Excelerator/env/lib/python3.11/site-packages/PIL/.dylibs/libwebp.7.dylib -> /Users/calum/Developer/Excelerator/build/bdist.macosx-14.2-arm64/python3.11-standalone/app/collect/PIL/.dylibs/libwebp.7.dylib
copying file /Users/calum/Developer/Excelerator/env/lib/python3.11/site-packages/PIL/.dylibs/libopenjp2.2.5.2.dylib -> /Users/calum/Developer/Excelerator/build/bdist.macosx-14.2-arm64/python3.11-standalone/app/collect/PIL/.dylibs/libopenjp2.2.5.2.dylib
copying file /Users/calum/Developer/Excelerator/env/lib/python3.11/site-packages/PIL/.dylibs/libwebpmux.3.dylib -> /Users/calum/Developer/Excelerator/build/bdist.macosx-14.2-arm64/python3.11-standalone/app/collect/PIL/.dylibs/libwebpmux.3.dylib
copying file /Users/calum/Developer/Excelerator/env/lib/python3.11/site-packages/PIL/.dylibs/libwebpdemux.2.dylib -> /Users/calum/Developer/Excelerator/build/bdist.macosx-14.2-arm64/python3.11-standalone/app/collect/PIL/.dylibs/libwebpdemux.2.dylib
copying file /Users/calum/Developer/Excelerator/env/lib/python3.11/site-packages/PIL/.dylibs/liblzma.5.dylib -> /Users/calum/Developer/Excelerator/build/bdist.macosx-14.2-arm64/python3.11-standalone/app/collect/PIL/.dylibs/liblzma.5.dylib
copying file /Users/calum/Developer/Excelerator/env/lib/python3.11/site-packages/PIL/.dylibs/libtiff.6.dylib -> /Users/calum/Developer/Excelerator/build/bdist.macosx-14.2-arm64/python3.11-standalone/app/collect/PIL/.dylibs/libtiff.6.dylib
copying file /Users/calum/Developer/Excelerator/env/lib/python3.11/site-packages/PIL/_imaging.pyi -> /Users/calum/Developer/Excelerator/build/bdist.macosx-14.2-arm64/python3.11-standalone/app/collect/PIL/_imaging.pyi
copying file /Users/calum/Developer/Excelerator/env/lib/python3.11/site-packages/PIL/_imagingft.pyi -> /Users/calum/Developer/Excelerator/build/bdist.macosx-14.2-arm64/python3.11-standalone/app/collect/PIL/_imagingft.pyi
copying file /Users/calum/Developer/Excelerator/env/lib/python3.11/site-packages/PIL/py.typed -> /Users/calum/Developer/Excelerator/build/bdist.macosx-14.2-arm64/python3.11-standalone/app/collect/PIL/py.typed
copying file /Users/calum/Developer/Excelerator/env/lib/python3.11/site-packages/PyPDF2/py.typed -> /Users/calum/Developer/Excelerator/build/bdist.macosx-14.2-arm64/python3.11-standalone/app/collect/PyPDF2/py.typed
copying file /Users/calum/Developer/Excelerator/env/lib/python3.11/site-packages/chardet/py.typed -> /Users/calum/Developer/Excelerator/build/bdist.macosx-14.2-arm64/python3.11-standalone/app/collect/chardet/py.typed
copying file /Users/calum/Developer/Excelerator/env/lib/python3.11/site-packages/charset_normalizer/py.typed -> /Users/calum/Developer/Excelerator/build/bdist.macosx-14.2-arm64/python3.11-standalone/app/collect/charset_normalizer/py.typed
copying file /Users/calum/Developer/Excelerator/env/lib/python3.11/site-packages/cryptography/py.typed -> /Users/calum/Developer/Excelerator/build/bdist.macosx-14.2-arm64/python3.11-standalone/app/collect/cryptography/py.typed
creating /Users/calum/Developer/Excelerator/build/bdist.macosx-14.2-arm64/python3.11-standalone/app/collect/cryptography/hazmat/bindings/_rust
copying file /Users/calum/Developer/Excelerator/env/lib/python3.11/site-packages/cryptography/hazmat/bindings/_rust/_openssl.pyi -> /Users/calum/Developer/Excelerator/build/bdist.macosx-14.2-arm64/python3.11-standalone/app/collect/cryptography/hazmat/bindings/_rust/_openssl.pyi
copying file /Users/calum/Developer/Excelerator/env/lib/python3.11/site-packages/cryptography/hazmat/bindings/_rust/__init__.pyi -> /Users/calum/Developer/Excelerator/build/bdist.macosx-14.2-arm64/python3.11-standalone/app/collect/cryptography/hazmat/bindings/_rust/__init__.pyi
copying file /Users/calum/Developer/Excelerator/env/lib/python3.11/site-packages/cryptography/hazmat/bindings/_rust/x509.pyi -> /Users/calum/Developer/Excelerator/build/bdist.macosx-14.2-arm64/python3.11-standalone/app/collect/cryptography/hazmat/bindings/_rust/x509.pyi
copying file /Users/calum/Developer/Excelerator/env/lib/python3.11/site-packages/cryptography/hazmat/bindings/_rust/exceptions.pyi -> /Users/calum/Developer/Excelerator/build/bdist.macosx-14.2-arm64/python3.11-standalone/app/collect/cryptography/hazmat/bindings/_rust/exceptions.pyi
copying file /Users/calum/Developer/Excelerator/env/lib/python3.11/site-packages/cryptography/hazmat/bindings/_rust/ocsp.pyi -> /Users/calum/Developer/Excelerator/build/bdist.macosx-14.2-arm64/python3.11-standalone/app/collect/cryptography/hazmat/bindings/_rust/ocsp.pyi
copying file /Users/calum/Developer/Excelerator/env/lib/python3.11/site-packages/cryptography/hazmat/bindings/_rust/asn1.pyi -> /Users/calum/Developer/Excelerator/build/bdist.macosx-14.2-arm64/python3.11-standalone/app/collect/cryptography/hazmat/bindings/_rust/asn1.pyi
creating /Users/calum/Developer/Excelerator/build/bdist.macosx-14.2-arm64/python3.11-standalone/app/collect/cryptography/hazmat/bindings/_rust/openssl
copying file /Users/calum/Developer/Excelerator/env/lib/python3.11/site-packages/cryptography/hazmat/bindings/_rust/openssl/ed25519.pyi -> /Users/calum/Developer/Excelerator/build/bdist.macosx-14.2-arm64/python3.11-standalone/app/collect/cryptography/hazmat/bindings/_rust/openssl/ed25519.pyi
copying file /Users/calum/Developer/Excelerator/env/lib/python3.11/site-packages/cryptography/hazmat/bindings/_rust/openssl/ec.pyi -> /Users/calum/Developer/Excelerator/build/bdist.macosx-14.2-arm64/python3.11-standalone/app/collect/cryptography/hazmat/bindings/_rust/openssl/ec.pyi
copying file /Users/calum/Developer/Excelerator/env/lib/python3.11/site-packages/cryptography/hazmat/bindings/_rust/openssl/dsa.pyi -> /Users/calum/Developer/Excelerator/build/bdist.macosx-14.2-arm64/python3.11-standalone/app/collect/cryptography/hazmat/bindings/_rust/openssl/dsa.pyi
copying file /Users/calum/Developer/Excelerator/env/lib/python3.11/site-packages/cryptography/hazmat/bindings/_rust/openssl/cmac.pyi -> /Users/calum/Developer/Excelerator/build/bdist.macosx-14.2-arm64/python3.11-standalone/app/collect/cryptography/hazmat/bindings/_rust/openssl/cmac.pyi
copying file /Users/calum/Developer/Excelerator/env/lib/python3.11/site-packages/cryptography/hazmat/bindings/_rust/openssl/__init__.pyi -> /Users/calum/Developer/Excelerator/build/bdist.macosx-14.2-arm64/python3.11-standalone/app/collect/cryptography/hazmat/bindings/_rust/openssl/__init__.pyi
copying file /Users/calum/Developer/Excelerator/env/lib/python3.11/site-packages/cryptography/hazmat/bindings/_rust/openssl/hashes.pyi -> /Users/calum/Developer/Excelerator/build/bdist.macosx-14.2-arm64/python3.11-standalone/app/collect/cryptography/hazmat/bindings/_rust/openssl/hashes.pyi
copying file /Users/calum/Developer/Excelerator/env/lib/python3.11/site-packages/cryptography/hazmat/bindings/_rust/openssl/kdf.pyi -> /Users/calum/Developer/Excelerator/build/bdist.macosx-14.2-arm64/python3.11-standalone/app/collect/cryptography/hazmat/bindings/_rust/openssl/kdf.pyi
copying file /Users/calum/Developer/Excelerator/env/lib/python3.11/site-packages/cryptography/hazmat/bindings/_rust/openssl/rsa.pyi -> /Users/calum/Developer/Excelerator/build/bdist.macosx-14.2-arm64/python3.11-standalone/app/collect/cryptography/hazmat/bindings/_rust/openssl/rsa.pyi
copying file /Users/calum/Developer/Excelerator/env/lib/python3.11/site-packages/cryptography/hazmat/bindings/_rust/openssl/keys.pyi -> /Users/calum/Developer/Excelerator/build/bdist.macosx-14.2-arm64/python3.11-standalone/app/collect/cryptography/hazmat/bindings/_rust/openssl/keys.pyi
copying file /Users/calum/Developer/Excelerator/env/lib/python3.11/site-packages/cryptography/hazmat/bindings/_rust/openssl/x448.pyi -> /Users/calum/Developer/Excelerator/build/bdist.macosx-14.2-arm64/python3.11-standalone/app/collect/cryptography/hazmat/bindings/_rust/openssl/x448.pyi
copying file /Users/calum/Developer/Excelerator/env/lib/python3.11/site-packages/cryptography/hazmat/bindings/_rust/openssl/x25519.pyi -> /Users/calum/Developer/Excelerator/build/bdist.macosx-14.2-arm64/python3.11-standalone/app/collect/cryptography/hazmat/bindings/_rust/openssl/x25519.pyi
copying file /Users/calum/Developer/Excelerator/env/lib/python3.11/site-packages/cryptography/hazmat/bindings/_rust/openssl/ed448.pyi -> /Users/calum/Developer/Excelerator/build/bdist.macosx-14.2-arm64/python3.11-standalone/app/collect/cryptography/hazmat/bindings/_rust/openssl/ed448.pyi
copying file /Users/calum/Developer/Excelerator/env/lib/python3.11/site-packages/cryptography/hazmat/bindings/_rust/openssl/poly1305.pyi -> /Users/calum/Developer/Excelerator/build/bdist.macosx-14.2-arm64/python3.11-standalone/app/collect/cryptography/hazmat/bindings/_rust/openssl/poly1305.pyi
copying file /Users/calum/Developer/Excelerator/env/lib/python3.11/site-packages/cryptography/hazmat/bindings/_rust/openssl/aead.pyi -> /Users/calum/Developer/Excelerator/build/bdist.macosx-14.2-arm64/python3.11-standalone/app/collect/cryptography/hazmat/bindings/_rust/openssl/aead.pyi
copying file /Users/calum/Developer/Excelerator/env/lib/python3.11/site-packages/cryptography/hazmat/bindings/_rust/openssl/dh.pyi -> /Users/calum/Developer/Excelerator/build/bdist.macosx-14.2-arm64/python3.11-standalone/app/collect/cryptography/hazmat/bindings/_rust/openssl/dh.pyi
copying file /Users/calum/Developer/Excelerator/env/lib/python3.11/site-packages/cryptography/hazmat/bindings/_rust/openssl/hmac.pyi -> /Users/calum/Developer/Excelerator/build/bdist.macosx-14.2-arm64/python3.11-standalone/app/collect/cryptography/hazmat/bindings/_rust/openssl/hmac.pyi
copying file /Users/calum/Developer/Excelerator/env/lib/python3.11/site-packages/cryptography/hazmat/bindings/_rust/pkcs7.pyi -> /Users/calum/Developer/Excelerator/build/bdist.macosx-14.2-arm64/python3.11-standalone/app/collect/cryptography/hazmat/bindings/_rust/pkcs7.pyi
copying file /Users/calum/Developer/Excelerator/env/lib/python3.11/site-packages/dateutil/zoneinfo/dateutil-zoneinfo.tar.gz -> /Users/calum/Developer/Excelerator/build/bdist.macosx-14.2-arm64/python3.11-standalone/app/collect/dateutil/zoneinfo/dateutil-zoneinfo.tar.gz
copying file /Users/calum/Developer/Excelerator/env/lib/python3.11/site-packages/idna/py.typed -> /Users/calum/Developer/Excelerator/build/bdist.macosx-14.2-arm64/python3.11-standalone/app/collect/idna/py.typed
copying file /Users/calum/Developer/Excelerator/env/lib/python3.11/site-packages/jwt/py.typed -> /Users/calum/Developer/Excelerator/build/bdist.macosx-14.2-arm64/python3.11-standalone/app/collect/jwt/py.typed
copying file /Users/calum/Developer/Excelerator/env/lib/python3.11/site-packages/packaging/py.typed -> /Users/calum/Developer/Excelerator/build/bdist.macosx-14.2-arm64/python3.11-standalone/app/collect/packaging/py.typed
copying file /Users/calum/Developer/Excelerator/env/lib/python3.11/site-packages/pycparser/_c_ast.cfg -> /Users/calum/Developer/Excelerator/build/bdist.macosx-14.2-arm64/python3.11-standalone/app/collect/pycparser/_c_ast.cfg
copying file /Users/calum/Developer/Excelerator/env/lib/python3.11/site-packages/setuptools/cli-arm64.exe -> /Users/calum/Developer/Excelerator/build/bdist.macosx-14.2-arm64/python3.11-standalone/app/collect/setuptools/cli-arm64.exe
copying file /Users/calum/Developer/Excelerator/env/lib/python3.11/site-packages/setuptools/cli-64.exe -> /Users/calum/Developer/Excelerator/build/bdist.macosx-14.2-arm64/python3.11-standalone/app/collect/setuptools/cli-64.exe
copying file /Users/calum/Developer/Excelerator/env/lib/python3.11/site-packages/setuptools/gui-64.exe -> /Users/calum/Developer/Excelerator/build/bdist.macosx-14.2-arm64/python3.11-standalone/app/collect/setuptools/gui-64.exe
copying file /Users/calum/Developer/Excelerator/env/lib/python3.11/site-packages/setuptools/script.tmpl -> /Users/calum/Developer/Excelerator/build/bdist.macosx-14.2-arm64/python3.11-standalone/app/collect/setuptools/script.tmpl
copying file /Users/calum/Developer/Excelerator/env/lib/python3.11/site-packages/setuptools/cli.exe -> /Users/calum/Developer/Excelerator/build/bdist.macosx-14.2-arm64/python3.11-standalone/app/collect/setuptools/cli.exe
copying file /Users/calum/Developer/Excelerator/env/lib/python3.11/site-packages/setuptools/cli-32.exe -> /Users/calum/Developer/Excelerator/build/bdist.macosx-14.2-arm64/python3.11-standalone/app/collect/setuptools/cli-32.exe
copying file /Users/calum/Developer/Excelerator/env/lib/python3.11/site-packages/setuptools/gui-32.exe -> /Users/calum/Developer/Excelerator/build/bdist.macosx-14.2-arm64/python3.11-standalone/app/collect/setuptools/gui-32.exe
copying file /Users/calum/Developer/Excelerator/env/lib/python3.11/site-packages/setuptools/gui.exe -> /Users/calum/Developer/Excelerator/build/bdist.macosx-14.2-arm64/python3.11-standalone/app/collect/setuptools/gui.exe
copying file /Users/calum/Developer/Excelerator/env/lib/python3.11/site-packages/setuptools/gui-arm64.exe -> /Users/calum/Developer/Excelerator/build/bdist.macosx-14.2-arm64/python3.11-standalone/app/collect/setuptools/gui-arm64.exe
copying file /Users/calum/Developer/Excelerator/env/lib/python3.11/site-packages/setuptools/script (dev).tmpl -> /Users/calum/Developer/Excelerator/build/bdist.macosx-14.2-arm64/python3.11-standalone/app/collect/setuptools/script (dev).tmpl
copying file /Users/calum/Developer/Excelerator/env/lib/python3.11/site-packages/setuptools/command/launcher manifest.xml -> /Users/calum/Developer/Excelerator/build/bdist.macosx-14.2-arm64/python3.11-standalone/app/collect/setuptools/command/launcher manifest.xml
copying file /Users/calum/Developer/Excelerator/env/lib/python3.11/site-packages/urllib3/py.typed -> /Users/calum/Developer/Excelerator/build/bdist.macosx-14.2-arm64/python3.11-standalone/app/collect/urllib3/py.typed
copying file /Users/calum/Developer/Excelerator/env/lib/python3.11/site-packages/urllib3/contrib/emscripten/emscripten_fetch_worker.js -> /Users/calum/Developer/Excelerator/build/bdist.macosx-14.2-arm64/python3.11-standalone/app/collect/urllib3/contrib/emscripten/emscripten_fetch_worker.js
copying file /Users/calum/Developer/Excelerator/env/lib/python3.11/site-packages/PyJWT-2.8.0.dist-info/LICENSE -> /Users/calum/Developer/Excelerator/build/bdist.macosx-14.2-arm64/python3.11-standalone/app/collect/PyJWT-2.8.0.dist-info/LICENSE
copying file /Users/calum/Developer/Excelerator/env/lib/python3.11/site-packages/PyJWT-2.8.0.dist-info/WHEEL -> /Users/calum/Developer/Excelerator/build/bdist.macosx-14.2-arm64/python3.11-standalone/app/collect/PyJWT-2.8.0.dist-info/WHEEL
copying file /Users/calum/Developer/Excelerator/env/lib/python3.11/site-packages/PyJWT-2.8.0.dist-info/AUTHORS.rst -> /Users/calum/Developer/Excelerator/build/bdist.macosx-14.2-arm64/python3.11-standalone/app/collect/PyJWT-2.8.0.dist-info/AUTHORS.rst
copying file /Users/calum/Developer/Excelerator/env/lib/python3.11/site-packages/PyJWT-2.8.0.dist-info/top_level.txt -> /Users/calum/Developer/Excelerator/build/bdist.macosx-14.2-arm64/python3.11-standalone/app/collect/PyJWT-2.8.0.dist-info/top_level.txt
copying file /Users/calum/Developer/Excelerator/env/lib/python3.11/site-packages/PyJWT-2.8.0.dist-info/INSTALLER -> /Users/calum/Developer/Excelerator/build/bdist.macosx-14.2-arm64/python3.11-standalone/app/collect/PyJWT-2.8.0.dist-info/INSTALLER
copying file /Users/calum/Developer/Excelerator/env/lib/python3.11/site-packages/PyJWT-2.8.0.dist-info/METADATA -> /Users/calum/Developer/Excelerator/build/bdist.macosx-14.2-arm64/python3.11-standalone/app/collect/PyJWT-2.8.0.dist-info/METADATA
copying file /Users/calum/Developer/Excelerator/env/lib/python3.11/site-packages/tkcalendar-1.6.1.dist-info/WHEEL -> /Users/calum/Developer/Excelerator/build/bdist.macosx-14.2-arm64/python3.11-standalone/app/collect/tkcalendar-1.6.1.dist-info/WHEEL
copying file /Users/calum/Developer/Excelerator/env/lib/python3.11/site-packages/tkcalendar-1.6.1.dist-info/top_level.txt -> /Users/calum/Developer/Excelerator/build/bdist.macosx-14.2-arm64/python3.11-standalone/app/collect/tkcalendar-1.6.1.dist-info/top_level.txt
copying file /Users/calum/Developer/Excelerator/env/lib/python3.11/site-packages/tkcalendar-1.6.1.dist-info/LICENSE.txt -> /Users/calum/Developer/Excelerator/build/bdist.macosx-14.2-arm64/python3.11-standalone/app/collect/tkcalendar-1.6.1.dist-info/LICENSE.txt
copying file /Users/calum/Developer/Excelerator/env/lib/python3.11/site-packages/tkcalendar-1.6.1.dist-info/REQUESTED -> /Users/calum/Developer/Excelerator/build/bdist.macosx-14.2-arm64/python3.11-standalone/app/collect/tkcalendar-1.6.1.dist-info/REQUESTED
copying file /Users/calum/Developer/Excelerator/env/lib/python3.11/site-packages/tkcalendar-1.6.1.dist-info/INSTALLER -> /Users/calum/Developer/Excelerator/build/bdist.macosx-14.2-arm64/python3.11-standalone/app/collect/tkcalendar-1.6.1.dist-info/INSTALLER
copying file /Users/calum/Developer/Excelerator/env/lib/python3.11/site-packages/tkcalendar-1.6.1.dist-info/METADATA -> /Users/calum/Developer/Excelerator/build/bdist.macosx-14.2-arm64/python3.11-standalone/app/collect/tkcalendar-1.6.1.dist-info/METADATA
copying file /Users/calum/Developer/Excelerator/env/lib/python3.11/site-packages/requests-2.32.2.dist-info/LICENSE -> /Users/calum/Developer/Excelerator/build/bdist.macosx-14.2-arm64/python3.11-standalone/app/collect/requests-2.32.2.dist-info/LICENSE
copying file /Users/calum/Developer/Excelerator/env/lib/python3.11/site-packages/requests-2.32.2.dist-info/WHEEL -> /Users/calum/Developer/Excelerator/build/bdist.macosx-14.2-arm64/python3.11-standalone/app/collect/requests-2.32.2.dist-info/WHEEL
copying file /Users/calum/Developer/Excelerator/env/lib/python3.11/site-packages/requests-2.32.2.dist-info/top_level.txt -> /Users/calum/Developer/Excelerator/build/bdist.macosx-14.2-arm64/python3.11-standalone/app/collect/requests-2.32.2.dist-info/top_level.txt
copying file /Users/calum/Developer/Excelerator/env/lib/python3.11/site-packages/requests-2.32.2.dist-info/INSTALLER -> /Users/calum/Developer/Excelerator/build/bdist.macosx-14.2-arm64/python3.11-standalone/app/collect/requests-2.32.2.dist-info/INSTALLER
copying file /Users/calum/Developer/Excelerator/env/lib/python3.11/site-packages/requests-2.32.2.dist-info/METADATA -> /Users/calum/Developer/Excelerator/build/bdist.macosx-14.2-arm64/python3.11-standalone/app/collect/requests-2.32.2.dist-info/METADATA
copying file /Users/calum/Developer/Excelerator/env/lib/python3.11/site-packages/six-1.16.0.dist-info/LICENSE -> /Users/calum/Developer/Excelerator/build/bdist.macosx-14.2-arm64/python3.11-standalone/app/collect/six-1.16.0.dist-info/LICENSE
copying file /Users/calum/Developer/Excelerator/env/lib/python3.11/site-packages/six-1.16.0.dist-info/WHEEL -> /Users/calum/Developer/Excelerator/build/bdist.macosx-14.2-arm64/python3.11-standalone/app/collect/six-1.16.0.dist-info/WHEEL
copying file /Users/calum/Developer/Excelerator/env/lib/python3.11/site-packages/six-1.16.0.dist-info/top_level.txt -> /Users/calum/Developer/Excelerator/build/bdist.macosx-14.2-arm64/python3.11-standalone/app/collect/six-1.16.0.dist-info/top_level.txt
copying file /Users/calum/Developer/Excelerator/env/lib/python3.11/site-packages/six-1.16.0.dist-info/INSTALLER -> /Users/calum/Developer/Excelerator/build/bdist.macosx-14.2-arm64/python3.11-standalone/app/collect/six-1.16.0.dist-info/INSTALLER
copying file /Users/calum/Developer/Excelerator/env/lib/python3.11/site-packages/six-1.16.0.dist-info/METADATA -> /Users/calum/Developer/Excelerator/build/bdist.macosx-14.2-arm64/python3.11-standalone/app/collect/six-1.16.0.dist-info/METADATA
copying file /Users/calum/Developer/Excelerator/env/lib/python3.11/site-packages/pytz-2024.1.dist-info/zip-safe -> /Users/calum/Developer/Excelerator/build/bdist.macosx-14.2-arm64/python3.11-standalone/app/collect/pytz-2024.1.dist-info/zip-safe
copying file /Users/calum/Developer/Excelerator/env/lib/python3.11/site-packages/pytz-2024.1.dist-info/WHEEL -> /Users/calum/Developer/Excelerator/build/bdist.macosx-14.2-arm64/python3.11-standalone/app/collect/pytz-2024.1.dist-info/WHEEL
copying file /Users/calum/Developer/Excelerator/env/lib/python3.11/site-packages/pytz-2024.1.dist-info/top_level.txt -> /Users/calum/Developer/Excelerator/build/bdist.macosx-14.2-arm64/python3.11-standalone/app/collect/pytz-2024.1.dist-info/top_level.txt
copying file /Users/calum/Developer/Excelerator/env/lib/python3.11/site-packages/pytz-2024.1.dist-info/LICENSE.txt -> /Users/calum/Developer/Excelerator/build/bdist.macosx-14.2-arm64/python3.11-standalone/app/collect/pytz-2024.1.dist-info/LICENSE.txt
copying file /Users/calum/Developer/Excelerator/env/lib/python3.11/site-packages/pytz-2024.1.dist-info/INSTALLER -> /Users/calum/Developer/Excelerator/build/bdist.macosx-14.2-arm64/python3.11-standalone/app/collect/pytz-2024.1.dist-info/INSTALLER
copying file /Users/calum/Developer/Excelerator/env/lib/python3.11/site-packages/pytz-2024.1.dist-info/METADATA -> /Users/calum/Developer/Excelerator/build/bdist.macosx-14.2-arm64/python3.11-standalone/app/collect/pytz-2024.1.dist-info/METADATA
copying file /Users/calum/Developer/Excelerator/env/lib/python3.11/site-packages/darkdetect-0.8.0.dist-info/LICENSE -> /Users/calum/Developer/Excelerator/build/bdist.macosx-14.2-arm64/python3.11-standalone/app/collect/darkdetect-0.8.0.dist-info/LICENSE
copying file /Users/calum/Developer/Excelerator/env/lib/python3.11/site-packages/darkdetect-0.8.0.dist-info/WHEEL -> /Users/calum/Developer/Excelerator/build/bdist.macosx-14.2-arm64/python3.11-standalone/app/collect/darkdetect-0.8.0.dist-info/WHEEL
copying file /Users/calum/Developer/Excelerator/env/lib/python3.11/site-packages/darkdetect-0.8.0.dist-info/top_level.txt -> /Users/calum/Developer/Excelerator/build/bdist.macosx-14.2-arm64/python3.11-standalone/app/collect/darkdetect-0.8.0.dist-info/top_level.txt
copying file /Users/calum/Developer/Excelerator/env/lib/python3.11/site-packages/darkdetect-0.8.0.dist-info/INSTALLER -> /Users/calum/Developer/Excelerator/build/bdist.macosx-14.2-arm64/python3.11-standalone/app/collect/darkdetect-0.8.0.dist-info/INSTALLER
copying file /Users/calum/Developer/Excelerator/env/lib/python3.11/site-packages/darkdetect-0.8.0.dist-info/METADATA -> /Users/calum/Developer/Excelerator/build/bdist.macosx-14.2-arm64/python3.11-standalone/app/collect/darkdetect-0.8.0.dist-info/METADATA
copying file /Users/calum/Developer/Excelerator/env/lib/python3.11/site-packages/Babel-2.15.0.dist-info/LICENSE -> /Users/calum/Developer/Excelerator/build/bdist.macosx-14.2-arm64/python3.11-standalone/app/collect/Babel-2.15.0.dist-info/LICENSE
copying file /Users/calum/Developer/Excelerator/env/lib/python3.11/site-packages/Babel-2.15.0.dist-info/WHEEL -> /Users/calum/Developer/Excelerator/build/bdist.macosx-14.2-arm64/python3.11-standalone/app/collect/Babel-2.15.0.dist-info/WHEEL
copying file /Users/calum/Developer/Excelerator/env/lib/python3.11/site-packages/Babel-2.15.0.dist-info/entry_points.txt -> /Users/calum/Developer/Excelerator/build/bdist.macosx-14.2-arm64/python3.11-standalone/app/collect/Babel-2.15.0.dist-info/entry_points.txt
copying file /Users/calum/Developer/Excelerator/env/lib/python3.11/site-packages/Babel-2.15.0.dist-info/top_level.txt -> /Users/calum/Developer/Excelerator/build/bdist.macosx-14.2-arm64/python3.11-standalone/app/collect/Babel-2.15.0.dist-info/top_level.txt
copying file /Users/calum/Developer/Excelerator/env/lib/python3.11/site-packages/Babel-2.15.0.dist-info/INSTALLER -> /Users/calum/Developer/Excelerator/build/bdist.macosx-14.2-arm64/python3.11-standalone/app/collect/Babel-2.15.0.dist-info/INSTALLER
copying file /Users/calum/Developer/Excelerator/env/lib/python3.11/site-packages/Babel-2.15.0.dist-info/METADATA -> /Users/calum/Developer/Excelerator/build/bdist.macosx-14.2-arm64/python3.11-standalone/app/collect/Babel-2.15.0.dist-info/METADATA
copying file /Users/calum/Developer/Excelerator/env/lib/python3.11/site-packages/python_dateutil-2.9.0.post0.dist-info/zip-safe -> /Users/calum/Developer/Excelerator/build/bdist.macosx-14.2-arm64/python3.11-standalone/app/collect/python_dateutil-2.9.0.post0.dist-info/zip-safe
copying file /Users/calum/Developer/Excelerator/env/lib/python3.11/site-packages/python_dateutil-2.9.0.post0.dist-info/LICENSE -> /Users/calum/Developer/Excelerator/build/bdist.macosx-14.2-arm64/python3.11-standalone/app/collect/python_dateutil-2.9.0.post0.dist-info/LICENSE
copying file /Users/calum/Developer/Excelerator/env/lib/python3.11/site-packages/python_dateutil-2.9.0.post0.dist-info/WHEEL -> /Users/calum/Developer/Excelerator/build/bdist.macosx-14.2-arm64/python3.11-standalone/app/collect/python_dateutil-2.9.0.post0.dist-info/WHEEL
copying file /Users/calum/Developer/Excelerator/env/lib/python3.11/site-packages/python_dateutil-2.9.0.post0.dist-info/top_level.txt -> /Users/calum/Developer/Excelerator/build/bdist.macosx-14.2-arm64/python3.11-standalone/app/collect/python_dateutil-2.9.0.post0.dist-info/top_level.txt
copying file /Users/calum/Developer/Excelerator/env/lib/python3.11/site-packages/python_dateutil-2.9.0.post0.dist-info/INSTALLER -> /Users/calum/Developer/Excelerator/build/bdist.macosx-14.2-arm64/python3.11-standalone/app/collect/python_dateutil-2.9.0.post0.dist-info/INSTALLER
copying file /Users/calum/Developer/Excelerator/env/lib/python3.11/site-packages/python_dateutil-2.9.0.post0.dist-info/METADATA -> /Users/calum/Developer/Excelerator/build/bdist.macosx-14.2-arm64/python3.11-standalone/app/collect/python_dateutil-2.9.0.post0.dist-info/METADATA
copying file /Users/calum/Developer/Excelerator/env/lib/python3.11/site-packages/cryptography-42.0.7.dist-info/LICENSE -> /Users/calum/Developer/Excelerator/build/bdist.macosx-14.2-arm64/python3.11-standalone/app/collect/cryptography-42.0.7.dist-info/LICENSE
copying file /Users/calum/Developer/Excelerator/env/lib/python3.11/site-packages/cryptography-42.0.7.dist-info/LICENSE.APACHE -> /Users/calum/Developer/Excelerator/build/bdist.macosx-14.2-arm64/python3.11-standalone/app/collect/cryptography-42.0.7.dist-info/LICENSE.APACHE
copying file /Users/calum/Developer/Excelerator/env/lib/python3.11/site-packages/cryptography-42.0.7.dist-info/WHEEL -> /Users/calum/Developer/Excelerator/build/bdist.macosx-14.2-arm64/python3.11-standalone/app/collect/cryptography-42.0.7.dist-info/WHEEL
copying file /Users/calum/Developer/Excelerator/env/lib/python3.11/site-packages/cryptography-42.0.7.dist-info/LICENSE.BSD -> /Users/calum/Developer/Excelerator/build/bdist.macosx-14.2-arm64/python3.11-standalone/app/collect/cryptography-42.0.7.dist-info/LICENSE.BSD
copying file /Users/calum/Developer/Excelerator/env/lib/python3.11/site-packages/cryptography-42.0.7.dist-info/top_level.txt -> /Users/calum/Developer/Excelerator/build/bdist.macosx-14.2-arm64/python3.11-standalone/app/collect/cryptography-42.0.7.dist-info/top_level.txt
copying file /Users/calum/Developer/Excelerator/env/lib/python3.11/site-packages/cryptography-42.0.7.dist-info/INSTALLER -> /Users/calum/Developer/Excelerator/build/bdist.macosx-14.2-arm64/python3.11-standalone/app/collect/cryptography-42.0.7.dist-info/INSTALLER
copying file /Users/calum/Developer/Excelerator/env/lib/python3.11/site-packages/cryptography-42.0.7.dist-info/METADATA -> /Users/calum/Developer/Excelerator/build/bdist.macosx-14.2-arm64/python3.11-standalone/app/collect/cryptography-42.0.7.dist-info/METADATA
copying file /Users/calum/Developer/Excelerator/env/lib/python3.11/site-packages/cffi-1.16.0.dist-info/LICENSE -> /Users/calum/Developer/Excelerator/build/bdist.macosx-14.2-arm64/python3.11-standalone/app/collect/cffi-1.16.0.dist-info/LICENSE
copying file /Users/calum/Developer/Excelerator/env/lib/python3.11/site-packages/cffi-1.16.0.dist-info/WHEEL -> /Users/calum/Developer/Excelerator/build/bdist.macosx-14.2-arm64/python3.11-standalone/app/collect/cffi-1.16.0.dist-info/WHEEL
copying file /Users/calum/Developer/Excelerator/env/lib/python3.11/site-packages/cffi-1.16.0.dist-info/entry_points.txt -> /Users/calum/Developer/Excelerator/build/bdist.macosx-14.2-arm64/python3.11-standalone/app/collect/cffi-1.16.0.dist-info/entry_points.txt
copying file /Users/calum/Developer/Excelerator/env/lib/python3.11/site-packages/cffi-1.16.0.dist-info/top_level.txt -> /Users/calum/Developer/Excelerator/build/bdist.macosx-14.2-arm64/python3.11-standalone/app/collect/cffi-1.16.0.dist-info/top_level.txt
copying file /Users/calum/Developer/Excelerator/env/lib/python3.11/site-packages/cffi-1.16.0.dist-info/INSTALLER -> /Users/calum/Developer/Excelerator/build/bdist.macosx-14.2-arm64/python3.11-standalone/app/collect/cffi-1.16.0.dist-info/INSTALLER
copying file /Users/calum/Developer/Excelerator/env/lib/python3.11/site-packages/cffi-1.16.0.dist-info/METADATA -> /Users/calum/Developer/Excelerator/build/bdist.macosx-14.2-arm64/python3.11-standalone/app/collect/cffi-1.16.0.dist-info/METADATA
copying file /Users/calum/Developer/Excelerator/env/lib/python3.11/site-packages/numpy-1.26.4.dist-info/WHEEL -> /Users/calum/Developer/Excelerator/build/bdist.macosx-14.2-arm64/python3.11-standalone/app/collect/numpy-1.26.4.dist-info/WHEEL
copying file /Users/calum/Developer/Excelerator/env/lib/python3.11/site-packages/numpy-1.26.4.dist-info/entry_points.txt -> /Users/calum/Developer/Excelerator/build/bdist.macosx-14.2-arm64/python3.11-standalone/app/collect/numpy-1.26.4.dist-info/entry_points.txt
copying file /Users/calum/Developer/Excelerator/env/lib/python3.11/site-packages/numpy-1.26.4.dist-info/LICENSE.txt -> /Users/calum/Developer/Excelerator/build/bdist.macosx-14.2-arm64/python3.11-standalone/app/collect/numpy-1.26.4.dist-info/LICENSE.txt
copying file /Users/calum/Developer/Excelerator/env/lib/python3.11/site-packages/numpy-1.26.4.dist-info/INSTALLER -> /Users/calum/Developer/Excelerator/build/bdist.macosx-14.2-arm64/python3.11-standalone/app/collect/numpy-1.26.4.dist-info/INSTALLER
copying file /Users/calum/Developer/Excelerator/env/lib/python3.11/site-packages/numpy-1.26.4.dist-info/METADATA -> /Users/calum/Developer/Excelerator/build/bdist.macosx-14.2-arm64/python3.11-standalone/app/collect/numpy-1.26.4.dist-info/METADATA
copying file /Users/calum/Developer/Excelerator/env/lib/python3.11/site-packages/chardet-5.2.0.dist-info/LICENSE -> /Users/calum/Developer/Excelerator/build/bdist.macosx-14.2-arm64/python3.11-standalone/app/collect/chardet-5.2.0.dist-info/LICENSE
copying file /Users/calum/Developer/Excelerator/env/lib/python3.11/site-packages/chardet-5.2.0.dist-info/WHEEL -> /Users/calum/Developer/Excelerator/build/bdist.macosx-14.2-arm64/python3.11-standalone/app/collect/chardet-5.2.0.dist-info/WHEEL
copying file /Users/calum/Developer/Excelerator/env/lib/python3.11/site-packages/chardet-5.2.0.dist-info/entry_points.txt -> /Users/calum/Developer/Excelerator/build/bdist.macosx-14.2-arm64/python3.11-standalone/app/collect/chardet-5.2.0.dist-info/entry_points.txt
copying file /Users/calum/Developer/Excelerator/env/lib/python3.11/site-packages/chardet-5.2.0.dist-info/top_level.txt -> /Users/calum/Developer/Excelerator/build/bdist.macosx-14.2-arm64/python3.11-standalone/app/collect/chardet-5.2.0.dist-info/top_level.txt
copying file /Users/calum/Developer/Excelerator/env/lib/python3.11/site-packages/chardet-5.2.0.dist-info/INSTALLER -> /Users/calum/Developer/Excelerator/build/bdist.macosx-14.2-arm64/python3.11-standalone/app/collect/chardet-5.2.0.dist-info/INSTALLER
copying file /Users/calum/Developer/Excelerator/env/lib/python3.11/site-packages/chardet-5.2.0.dist-info/METADATA -> /Users/calum/Developer/Excelerator/build/bdist.macosx-14.2-arm64/python3.11-standalone/app/collect/chardet-5.2.0.dist-info/METADATA
copying file /Users/calum/Developer/Excelerator/env/lib/python3.11/site-packages/pillow-10.3.0.dist-info/zip-safe -> /Users/calum/Developer/Excelerator/build/bdist.macosx-14.2-arm64/python3.11-standalone/app/collect/pillow-10.3.0.dist-info/zip-safe
copying file /Users/calum/Developer/Excelerator/env/lib/python3.11/site-packages/pillow-10.3.0.dist-info/LICENSE -> /Users/calum/Developer/Excelerator/build/bdist.macosx-14.2-arm64/python3.11-standalone/app/collect/pillow-10.3.0.dist-info/LICENSE
copying file /Users/calum/Developer/Excelerator/env/lib/python3.11/site-packages/pillow-10.3.0.dist-info/WHEEL -> /Users/calum/Developer/Excelerator/build/bdist.macosx-14.2-arm64/python3.11-standalone/app/collect/pillow-10.3.0.dist-info/WHEEL
copying file /Users/calum/Developer/Excelerator/env/lib/python3.11/site-packages/pillow-10.3.0.dist-info/top_level.txt -> /Users/calum/Developer/Excelerator/build/bdist.macosx-14.2-arm64/python3.11-standalone/app/collect/pillow-10.3.0.dist-info/top_level.txt
copying file /Users/calum/Developer/Excelerator/env/lib/python3.11/site-packages/pillow-10.3.0.dist-info/REQUESTED -> /Users/calum/Developer/Excelerator/build/bdist.macosx-14.2-arm64/python3.11-standalone/app/collect/pillow-10.3.0.dist-info/REQUESTED
copying file /Users/calum/Developer/Excelerator/env/lib/python3.11/site-packages/pillow-10.3.0.dist-info/INSTALLER -> /Users/calum/Developer/Excelerator/build/bdist.macosx-14.2-arm64/python3.11-standalone/app/collect/pillow-10.3.0.dist-info/INSTALLER
copying file /Users/calum/Developer/Excelerator/env/lib/python3.11/site-packages/pillow-10.3.0.dist-info/METADATA -> /Users/calum/Developer/Excelerator/build/bdist.macosx-14.2-arm64/python3.11-standalone/app/collect/pillow-10.3.0.dist-info/METADATA
copying file /Users/calum/Developer/Excelerator/env/lib/python3.11/site-packages/pycparser-2.22.dist-info/LICENSE -> /Users/calum/Developer/Excelerator/build/bdist.macosx-14.2-arm64/python3.11-standalone/app/collect/pycparser-2.22.dist-info/LICENSE
copying file /Users/calum/Developer/Excelerator/env/lib/python3.11/site-packages/pycparser-2.22.dist-info/WHEEL -> /Users/calum/Developer/Excelerator/build/bdist.macosx-14.2-arm64/python3.11-standalone/app/collect/pycparser-2.22.dist-info/WHEEL
copying file /Users/calum/Developer/Excelerator/env/lib/python3.11/site-packages/pycparser-2.22.dist-info/top_level.txt -> /Users/calum/Developer/Excelerator/build/bdist.macosx-14.2-arm64/python3.11-standalone/app/collect/pycparser-2.22.dist-info/top_level.txt
copying file /Users/calum/Developer/Excelerator/env/lib/python3.11/site-packages/pycparser-2.22.dist-info/INSTALLER -> /Users/calum/Developer/Excelerator/build/bdist.macosx-14.2-arm64/python3.11-standalone/app/collect/pycparser-2.22.dist-info/INSTALLER
copying file /Users/calum/Developer/Excelerator/env/lib/python3.11/site-packages/pycparser-2.22.dist-info/METADATA -> /Users/calum/Developer/Excelerator/build/bdist.macosx-14.2-arm64/python3.11-standalone/app/collect/pycparser-2.22.dist-info/METADATA
copying file /Users/calum/Developer/Excelerator/env/lib/python3.11/site-packages/reportlab-4.2.0.dist-info/LICENSE -> /Users/calum/Developer/Excelerator/build/bdist.macosx-14.2-arm64/python3.11-standalone/app/collect/reportlab-4.2.0.dist-info/LICENSE
copying file /Users/calum/Developer/Excelerator/env/lib/python3.11/site-packages/reportlab-4.2.0.dist-info/WHEEL -> /Users/calum/Developer/Excelerator/build/bdist.macosx-14.2-arm64/python3.11-standalone/app/collect/reportlab-4.2.0.dist-info/WHEEL
copying file /Users/calum/Developer/Excelerator/env/lib/python3.11/site-packages/reportlab-4.2.0.dist-info/top_level.txt -> /Users/calum/Developer/Excelerator/build/bdist.macosx-14.2-arm64/python3.11-standalone/app/collect/reportlab-4.2.0.dist-info/top_level.txt
copying file /Users/calum/Developer/Excelerator/env/lib/python3.11/site-packages/reportlab-4.2.0.dist-info/REQUESTED -> /Users/calum/Developer/Excelerator/build/bdist.macosx-14.2-arm64/python3.11-standalone/app/collect/reportlab-4.2.0.dist-info/REQUESTED
copying file /Users/calum/Developer/Excelerator/env/lib/python3.11/site-packages/reportlab-4.2.0.dist-info/INSTALLER -> /Users/calum/Developer/Excelerator/build/bdist.macosx-14.2-arm64/python3.11-standalone/app/collect/reportlab-4.2.0.dist-info/INSTALLER
copying file /Users/calum/Developer/Excelerator/env/lib/python3.11/site-packages/reportlab-4.2.0.dist-info/METADATA -> /Users/calum/Developer/Excelerator/build/bdist.macosx-14.2-arm64/python3.11-standalone/app/collect/reportlab-4.2.0.dist-info/METADATA
copying file /Users/calum/Developer/Excelerator/env/lib/python3.11/site-packages/packaging-24.0.dist-info/LICENSE -> /Users/calum/Developer/Excelerator/build/bdist.macosx-14.2-arm64/python3.11-standalone/app/collect/packaging-24.0.dist-info/LICENSE
copying file /Users/calum/Developer/Excelerator/env/lib/python3.11/site-packages/packaging-24.0.dist-info/LICENSE.APACHE -> /Users/calum/Developer/Excelerator/build/bdist.macosx-14.2-arm64/python3.11-standalone/app/collect/packaging-24.0.dist-info/LICENSE.APACHE
copying file /Users/calum/Developer/Excelerator/env/lib/python3.11/site-packages/packaging-24.0.dist-info/WHEEL -> /Users/calum/Developer/Excelerator/build/bdist.macosx-14.2-arm64/python3.11-standalone/app/collect/packaging-24.0.dist-info/WHEEL
copying file /Users/calum/Developer/Excelerator/env/lib/python3.11/site-packages/packaging-24.0.dist-info/LICENSE.BSD -> /Users/calum/Developer/Excelerator/build/bdist.macosx-14.2-arm64/python3.11-standalone/app/collect/packaging-24.0.dist-info/LICENSE.BSD
copying file /Users/calum/Developer/Excelerator/env/lib/python3.11/site-packages/packaging-24.0.dist-info/INSTALLER -> /Users/calum/Developer/Excelerator/build/bdist.macosx-14.2-arm64/python3.11-standalone/app/collect/packaging-24.0.dist-info/INSTALLER
copying file /Users/calum/Developer/Excelerator/env/lib/python3.11/site-packages/packaging-24.0.dist-info/METADATA -> /Users/calum/Developer/Excelerator/build/bdist.macosx-14.2-arm64/python3.11-standalone/app/collect/packaging-24.0.dist-info/METADATA
copying file /Users/calum/Developer/Excelerator/env/lib/python3.11/site-packages/certifi-2024.2.2.dist-info/LICENSE -> /Users/calum/Developer/Excelerator/build/bdist.macosx-14.2-arm64/python3.11-standalone/app/collect/certifi-2024.2.2.dist-info/LICENSE
copying file /Users/calum/Developer/Excelerator/env/lib/python3.11/site-packages/certifi-2024.2.2.dist-info/WHEEL -> /Users/calum/Developer/Excelerator/build/bdist.macosx-14.2-arm64/python3.11-standalone/app/collect/certifi-2024.2.2.dist-info/WHEEL
copying file /Users/calum/Developer/Excelerator/env/lib/python3.11/site-packages/certifi-2024.2.2.dist-info/top_level.txt -> /Users/calum/Developer/Excelerator/build/bdist.macosx-14.2-arm64/python3.11-standalone/app/collect/certifi-2024.2.2.dist-info/top_level.txt
copying file /Users/calum/Developer/Excelerator/env/lib/python3.11/site-packages/certifi-2024.2.2.dist-info/INSTALLER -> /Users/calum/Developer/Excelerator/build/bdist.macosx-14.2-arm64/python3.11-standalone/app/collect/certifi-2024.2.2.dist-info/INSTALLER
copying file /Users/calum/Developer/Excelerator/env/lib/python3.11/site-packages/certifi-2024.2.2.dist-info/METADATA -> /Users/calum/Developer/Excelerator/build/bdist.macosx-14.2-arm64/python3.11-standalone/app/collect/certifi-2024.2.2.dist-info/METADATA
copying file /Users/calum/Developer/Excelerator/env/lib/python3.11/site-packages/setuptools-65.5.0.dist-info/LICENSE -> /Users/calum/Developer/Excelerator/build/bdist.macosx-14.2-arm64/python3.11-standalone/app/collect/setuptools-65.5.0.dist-info/LICENSE
copying file /Users/calum/Developer/Excelerator/env/lib/python3.11/site-packages/setuptools-65.5.0.dist-info/WHEEL -> /Users/calum/Developer/Excelerator/build/bdist.macosx-14.2-arm64/python3.11-standalone/app/collect/setuptools-65.5.0.dist-info/WHEEL
copying file /Users/calum/Developer/Excelerator/env/lib/python3.11/site-packages/setuptools-65.5.0.dist-info/entry_points.txt -> /Users/calum/Developer/Excelerator/build/bdist.macosx-14.2-arm64/python3.11-standalone/app/collect/setuptools-65.5.0.dist-info/entry_points.txt
copying file /Users/calum/Developer/Excelerator/env/lib/python3.11/site-packages/setuptools-65.5.0.dist-info/top_level.txt -> /Users/calum/Developer/Excelerator/build/bdist.macosx-14.2-arm64/python3.11-standalone/app/collect/setuptools-65.5.0.dist-info/top_level.txt
copying file /Users/calum/Developer/Excelerator/env/lib/python3.11/site-packages/setuptools-65.5.0.dist-info/REQUESTED -> /Users/calum/Developer/Excelerator/build/bdist.macosx-14.2-arm64/python3.11-standalone/app/collect/setuptools-65.5.0.dist-info/REQUESTED
copying file /Users/calum/Developer/Excelerator/env/lib/python3.11/site-packages/setuptools-65.5.0.dist-info/INSTALLER -> /Users/calum/Developer/Excelerator/build/bdist.macosx-14.2-arm64/python3.11-standalone/app/collect/setuptools-65.5.0.dist-info/INSTALLER
copying file /Users/calum/Developer/Excelerator/env/lib/python3.11/site-packages/setuptools-65.5.0.dist-info/METADATA -> /Users/calum/Developer/Excelerator/build/bdist.macosx-14.2-arm64/python3.11-standalone/app/collect/setuptools-65.5.0.dist-info/METADATA
copying file /Users/calum/Developer/Excelerator/env/lib/python3.11/site-packages/msal-1.28.0.dist-info/LICENSE -> /Users/calum/Developer/Excelerator/build/bdist.macosx-14.2-arm64/python3.11-standalone/app/collect/msal-1.28.0.dist-info/LICENSE
copying file /Users/calum/Developer/Excelerator/env/lib/python3.11/site-packages/msal-1.28.0.dist-info/WHEEL -> /Users/calum/Developer/Excelerator/build/bdist.macosx-14.2-arm64/python3.11-standalone/app/collect/msal-1.28.0.dist-info/WHEEL
copying file /Users/calum/Developer/Excelerator/env/lib/python3.11/site-packages/msal-1.28.0.dist-info/top_level.txt -> /Users/calum/Developer/Excelerator/build/bdist.macosx-14.2-arm64/python3.11-standalone/app/collect/msal-1.28.0.dist-info/top_level.txt
copying file /Users/calum/Developer/Excelerator/env/lib/python3.11/site-packages/msal-1.28.0.dist-info/REQUESTED -> /Users/calum/Developer/Excelerator/build/bdist.macosx-14.2-arm64/python3.11-standalone/app/collect/msal-1.28.0.dist-info/REQUESTED
copying file /Users/calum/Developer/Excelerator/env/lib/python3.11/site-packages/msal-1.28.0.dist-info/INSTALLER -> /Users/calum/Developer/Excelerator/build/bdist.macosx-14.2-arm64/python3.11-standalone/app/collect/msal-1.28.0.dist-info/INSTALLER
copying file /Users/calum/Developer/Excelerator/env/lib/python3.11/site-packages/msal-1.28.0.dist-info/METADATA -> /Users/calum/Developer/Excelerator/build/bdist.macosx-14.2-arm64/python3.11-standalone/app/collect/msal-1.28.0.dist-info/METADATA
copying file /Users/calum/Developer/Excelerator/env/lib/python3.11/site-packages/pandas-2.2.2.dist-info/LICENSE -> /Users/calum/Developer/Excelerator/build/bdist.macosx-14.2-arm64/python3.11-standalone/app/collect/pandas-2.2.2.dist-info/LICENSE
copying file /Users/calum/Developer/Excelerator/env/lib/python3.11/site-packages/pandas-2.2.2.dist-info/WHEEL -> /Users/calum/Developer/Excelerator/build/bdist.macosx-14.2-arm64/python3.11-standalone/app/collect/pandas-2.2.2.dist-info/WHEEL
copying file /Users/calum/Developer/Excelerator/env/lib/python3.11/site-packages/pandas-2.2.2.dist-info/entry_points.txt -> /Users/calum/Developer/Excelerator/build/bdist.macosx-14.2-arm64/python3.11-standalone/app/collect/pandas-2.2.2.dist-info/entry_points.txt
copying file /Users/calum/Developer/Excelerator/env/lib/python3.11/site-packages/pandas-2.2.2.dist-info/REQUESTED -> /Users/calum/Developer/Excelerator/build/bdist.macosx-14.2-arm64/python3.11-standalone/app/collect/pandas-2.2.2.dist-info/REQUESTED
copying file /Users/calum/Developer/Excelerator/env/lib/python3.11/site-packages/pandas-2.2.2.dist-info/INSTALLER -> /Users/calum/Developer/Excelerator/build/bdist.macosx-14.2-arm64/python3.11-standalone/app/collect/pandas-2.2.2.dist-info/INSTALLER
copying file /Users/calum/Developer/Excelerator/env/lib/python3.11/site-packages/pandas-2.2.2.dist-info/METADATA -> /Users/calum/Developer/Excelerator/build/bdist.macosx-14.2-arm64/python3.11-standalone/app/collect/pandas-2.2.2.dist-info/METADATA
copying file /Users/calum/Developer/Excelerator/env/lib/python3.11/site-packages/idna-3.7.dist-info/LICENSE.md -> /Users/calum/Developer/Excelerator/build/bdist.macosx-14.2-arm64/python3.11-standalone/app/collect/idna-3.7.dist-info/LICENSE.md
copying file /Users/calum/Developer/Excelerator/env/lib/python3.11/site-packages/idna-3.7.dist-info/WHEEL -> /Users/calum/Developer/Excelerator/build/bdist.macosx-14.2-arm64/python3.11-standalone/app/collect/idna-3.7.dist-info/WHEEL
copying file /Users/calum/Developer/Excelerator/env/lib/python3.11/site-packages/idna-3.7.dist-info/INSTALLER -> /Users/calum/Developer/Excelerator/build/bdist.macosx-14.2-arm64/python3.11-standalone/app/collect/idna-3.7.dist-info/INSTALLER
copying file /Users/calum/Developer/Excelerator/env/lib/python3.11/site-packages/idna-3.7.dist-info/METADATA -> /Users/calum/Developer/Excelerator/build/bdist.macosx-14.2-arm64/python3.11-standalone/app/collect/idna-3.7.dist-info/METADATA
copying file /Users/calum/Developer/Excelerator/env/lib/python3.11/site-packages/pyperclip-1.8.2.dist-info/WHEEL -> /Users/calum/Developer/Excelerator/build/bdist.macosx-14.2-arm64/python3.11-standalone/app/collect/pyperclip-1.8.2.dist-info/WHEEL
copying file /Users/calum/Developer/Excelerator/env/lib/python3.11/site-packages/pyperclip-1.8.2.dist-info/top_level.txt -> /Users/calum/Developer/Excelerator/build/bdist.macosx-14.2-arm64/python3.11-standalone/app/collect/pyperclip-1.8.2.dist-info/top_level.txt
copying file /Users/calum/Developer/Excelerator/env/lib/python3.11/site-packages/pyperclip-1.8.2.dist-info/LICENSE.txt -> /Users/calum/Developer/Excelerator/build/bdist.macosx-14.2-arm64/python3.11-standalone/app/collect/pyperclip-1.8.2.dist-info/LICENSE.txt
copying file /Users/calum/Developer/Excelerator/env/lib/python3.11/site-packages/pyperclip-1.8.2.dist-info/AUTHORS.txt -> /Users/calum/Developer/Excelerator/build/bdist.macosx-14.2-arm64/python3.11-standalone/app/collect/pyperclip-1.8.2.dist-info/AUTHORS.txt
copying file /Users/calum/Developer/Excelerator/env/lib/python3.11/site-packages/pyperclip-1.8.2.dist-info/REQUESTED -> /Users/calum/Developer/Excelerator/build/bdist.macosx-14.2-arm64/python3.11-standalone/app/collect/pyperclip-1.8.2.dist-info/REQUESTED
copying file /Users/calum/Developer/Excelerator/env/lib/python3.11/site-packages/pyperclip-1.8.2.dist-info/INSTALLER -> /Users/calum/Developer/Excelerator/build/bdist.macosx-14.2-arm64/python3.11-standalone/app/collect/pyperclip-1.8.2.dist-info/INSTALLER
copying file /Users/calum/Developer/Excelerator/env/lib/python3.11/site-packages/pyperclip-1.8.2.dist-info/METADATA -> /Users/calum/Developer/Excelerator/build/bdist.macosx-14.2-arm64/python3.11-standalone/app/collect/pyperclip-1.8.2.dist-info/METADATA
creating /Users/calum/Developer/Excelerator/build/bdist.macosx-14.2-arm64/python3.11-standalone/app/collect/urllib3-2.2.1.dist-info/licenses
copying file /Users/calum/Developer/Excelerator/env/lib/python3.11/site-packages/urllib3-2.2.1.dist-info/licenses/LICENSE.txt -> /Users/calum/Developer/Excelerator/build/bdist.macosx-14.2-arm64/python3.11-standalone/app/collect/urllib3-2.2.1.dist-info/licenses/LICENSE.txt
copying file /Users/calum/Developer/Excelerator/env/lib/python3.11/site-packages/urllib3-2.2.1.dist-info/WHEEL -> /Users/calum/Developer/Excelerator/build/bdist.macosx-14.2-arm64/python3.11-standalone/app/collect/urllib3-2.2.1.dist-info/WHEEL
copying file /Users/calum/Developer/Excelerator/env/lib/python3.11/site-packages/urllib3-2.2.1.dist-info/INSTALLER -> /Users/calum/Developer/Excelerator/build/bdist.macosx-14.2-arm64/python3.11-standalone/app/collect/urllib3-2.2.1.dist-info/INSTALLER
copying file /Users/calum/Developer/Excelerator/env/lib/python3.11/site-packages/urllib3-2.2.1.dist-info/METADATA -> /Users/calum/Developer/Excelerator/build/bdist.macosx-14.2-arm64/python3.11-standalone/app/collect/urllib3-2.2.1.dist-info/METADATA
copying file /Users/calum/Developer/Excelerator/env/lib/python3.11/site-packages/wheel-0.43.0.dist-info/WHEEL -> /Users/calum/Developer/Excelerator/build/bdist.macosx-14.2-arm64/python3.11-standalone/app/collect/wheel-0.43.0.dist-info/WHEEL
copying file /Users/calum/Developer/Excelerator/env/lib/python3.11/site-packages/wheel-0.43.0.dist-info/entry_points.txt -> /Users/calum/Developer/Excelerator/build/bdist.macosx-14.2-arm64/python3.11-standalone/app/collect/wheel-0.43.0.dist-info/entry_points.txt
copying file /Users/calum/Developer/Excelerator/env/lib/python3.11/site-packages/wheel-0.43.0.dist-info/LICENSE.txt -> /Users/calum/Developer/Excelerator/build/bdist.macosx-14.2-arm64/python3.11-standalone/app/collect/wheel-0.43.0.dist-info/LICENSE.txt
copying file /Users/calum/Developer/Excelerator/env/lib/python3.11/site-packages/wheel-0.43.0.dist-info/REQUESTED -> /Users/calum/Developer/Excelerator/build/bdist.macosx-14.2-arm64/python3.11-standalone/app/collect/wheel-0.43.0.dist-info/REQUESTED
copying file /Users/calum/Developer/Excelerator/env/lib/python3.11/site-packages/wheel-0.43.0.dist-info/INSTALLER -> /Users/calum/Developer/Excelerator/build/bdist.macosx-14.2-arm64/python3.11-standalone/app/collect/wheel-0.43.0.dist-info/INSTALLER
copying file /Users/calum/Developer/Excelerator/env/lib/python3.11/site-packages/wheel-0.43.0.dist-info/METADATA -> /Users/calum/Developer/Excelerator/build/bdist.macosx-14.2-arm64/python3.11-standalone/app/collect/wheel-0.43.0.dist-info/METADATA
copying file /Users/calum/Developer/Excelerator/env/lib/python3.11/site-packages/openpyxl-3.1.2.dist-info/LICENCE.rst -> /Users/calum/Developer/Excelerator/build/bdist.macosx-14.2-arm64/python3.11-standalone/app/collect/openpyxl-3.1.2.dist-info/LICENCE.rst
copying file /Users/calum/Developer/Excelerator/env/lib/python3.11/site-packages/openpyxl-3.1.2.dist-info/WHEEL -> /Users/calum/Developer/Excelerator/build/bdist.macosx-14.2-arm64/python3.11-standalone/app/collect/openpyxl-3.1.2.dist-info/WHEEL
copying file /Users/calum/Developer/Excelerator/env/lib/python3.11/site-packages/openpyxl-3.1.2.dist-info/top_level.txt -> /Users/calum/Developer/Excelerator/build/bdist.macosx-14.2-arm64/python3.11-standalone/app/collect/openpyxl-3.1.2.dist-info/top_level.txt
copying file /Users/calum/Developer/Excelerator/env/lib/python3.11/site-packages/openpyxl-3.1.2.dist-info/REQUESTED -> /Users/calum/Developer/Excelerator/build/bdist.macosx-14.2-arm64/python3.11-standalone/app/collect/openpyxl-3.1.2.dist-info/REQUESTED
copying file /Users/calum/Developer/Excelerator/env/lib/python3.11/site-packages/openpyxl-3.1.2.dist-info/INSTALLER -> /Users/calum/Developer/Excelerator/build/bdist.macosx-14.2-arm64/python3.11-standalone/app/collect/openpyxl-3.1.2.dist-info/INSTALLER
copying file /Users/calum/Developer/Excelerator/env/lib/python3.11/site-packages/openpyxl-3.1.2.dist-info/METADATA -> /Users/calum/Developer/Excelerator/build/bdist.macosx-14.2-arm64/python3.11-standalone/app/collect/openpyxl-3.1.2.dist-info/METADATA
copying file /Users/calum/Developer/Excelerator/env/lib/python3.11/site-packages/pypdf2-3.0.1.dist-info/LICENSE -> /Users/calum/Developer/Excelerator/build/bdist.macosx-14.2-arm64/python3.11-standalone/app/collect/pypdf2-3.0.1.dist-info/LICENSE
copying file /Users/calum/Developer/Excelerator/env/lib/python3.11/site-packages/pypdf2-3.0.1.dist-info/WHEEL -> /Users/calum/Developer/Excelerator/build/bdist.macosx-14.2-arm64/python3.11-standalone/app/collect/pypdf2-3.0.1.dist-info/WHEEL
copying file /Users/calum/Developer/Excelerator/env/lib/python3.11/site-packages/pypdf2-3.0.1.dist-info/REQUESTED -> /Users/calum/Developer/Excelerator/build/bdist.macosx-14.2-arm64/python3.11-standalone/app/collect/pypdf2-3.0.1.dist-info/REQUESTED
copying file /Users/calum/Developer/Excelerator/env/lib/python3.11/site-packages/pypdf2-3.0.1.dist-info/INSTALLER -> /Users/calum/Developer/Excelerator/build/bdist.macosx-14.2-arm64/python3.11-standalone/app/collect/pypdf2-3.0.1.dist-info/INSTALLER
copying file /Users/calum/Developer/Excelerator/env/lib/python3.11/site-packages/pypdf2-3.0.1.dist-info/METADATA -> /Users/calum/Developer/Excelerator/build/bdist.macosx-14.2-arm64/python3.11-standalone/app/collect/pypdf2-3.0.1.dist-info/METADATA
copying file /Users/calum/Developer/Excelerator/env/lib/python3.11/site-packages/et_xmlfile-1.1.0.dist-info/LICENCE.rst -> /Users/calum/Developer/Excelerator/build/bdist.macosx-14.2-arm64/python3.11-standalone/app/collect/et_xmlfile-1.1.0.dist-info/LICENCE.rst
copying file /Users/calum/Developer/Excelerator/env/lib/python3.11/site-packages/et_xmlfile-1.1.0.dist-info/WHEEL -> /Users/calum/Developer/Excelerator/build/bdist.macosx-14.2-arm64/python3.11-standalone/app/collect/et_xmlfile-1.1.0.dist-info/WHEEL
copying file /Users/calum/Developer/Excelerator/env/lib/python3.11/site-packages/et_xmlfile-1.1.0.dist-info/top_level.txt -> /Users/calum/Developer/Excelerator/build/bdist.macosx-14.2-arm64/python3.11-standalone/app/collect/et_xmlfile-1.1.0.dist-info/top_level.txt
copying file /Users/calum/Developer/Excelerator/env/lib/python3.11/site-packages/et_xmlfile-1.1.0.dist-info/AUTHORS.txt -> /Users/calum/Developer/Excelerator/build/bdist.macosx-14.2-arm64/python3.11-standalone/app/collect/et_xmlfile-1.1.0.dist-info/AUTHORS.txt
copying file /Users/calum/Developer/Excelerator/env/lib/python3.11/site-packages/et_xmlfile-1.1.0.dist-info/INSTALLER -> /Users/calum/Developer/Excelerator/build/bdist.macosx-14.2-arm64/python3.11-standalone/app/collect/et_xmlfile-1.1.0.dist-info/INSTALLER
copying file /Users/calum/Developer/Excelerator/env/lib/python3.11/site-packages/et_xmlfile-1.1.0.dist-info/METADATA -> /Users/calum/Developer/Excelerator/build/bdist.macosx-14.2-arm64/python3.11-standalone/app/collect/et_xmlfile-1.1.0.dist-info/METADATA
copying file /Users/calum/Developer/Excelerator/env/lib/python3.11/site-packages/charset_normalizer-3.3.2.dist-info/LICENSE -> /Users/calum/Developer/Excelerator/build/bdist.macosx-14.2-arm64/python3.11-standalone/app/collect/charset_normalizer-3.3.2.dist-info/LICENSE
copying file /Users/calum/Developer/Excelerator/env/lib/python3.11/site-packages/charset_normalizer-3.3.2.dist-info/WHEEL -> /Users/calum/Developer/Excelerator/build/bdist.macosx-14.2-arm64/python3.11-standalone/app/collect/charset_normalizer-3.3.2.dist-info/WHEEL
copying file /Users/calum/Developer/Excelerator/env/lib/python3.11/site-packages/charset_normalizer-3.3.2.dist-info/entry_points.txt -> /Users/calum/Developer/Excelerator/build/bdist.macosx-14.2-arm64/python3.11-standalone/app/collect/charset_normalizer-3.3.2.dist-info/entry_points.txt
copying file /Users/calum/Developer/Excelerator/env/lib/python3.11/site-packages/charset_normalizer-3.3.2.dist-info/top_level.txt -> /Users/calum/Developer/Excelerator/build/bdist.macosx-14.2-arm64/python3.11-standalone/app/collect/charset_normalizer-3.3.2.dist-info/top_level.txt
copying file /Users/calum/Developer/Excelerator/env/lib/python3.11/site-packages/charset_normalizer-3.3.2.dist-info/INSTALLER -> /Users/calum/Developer/Excelerator/build/bdist.macosx-14.2-arm64/python3.11-standalone/app/collect/charset_normalizer-3.3.2.dist-info/INSTALLER
copying file /Users/calum/Developer/Excelerator/env/lib/python3.11/site-packages/charset_normalizer-3.3.2.dist-info/METADATA -> /Users/calum/Developer/Excelerator/build/bdist.macosx-14.2-arm64/python3.11-standalone/app/collect/charset_normalizer-3.3.2.dist-info/METADATA
copying file /Users/calum/Developer/Excelerator/env/lib/python3.11/site-packages/customtkinter-5.2.2.dist-info/LICENSE -> /Users/calum/Developer/Excelerator/build/bdist.macosx-14.2-arm64/python3.11-standalone/app/collect/customtkinter-5.2.2.dist-info/LICENSE
copying file /Users/calum/Developer/Excelerator/env/lib/python3.11/site-packages/customtkinter-5.2.2.dist-info/WHEEL -> /Users/calum/Developer/Excelerator/build/bdist.macosx-14.2-arm64/python3.11-standalone/app/collect/customtkinter-5.2.2.dist-info/WHEEL
copying file /Users/calum/Developer/Excelerator/env/lib/python3.11/site-packages/customtkinter-5.2.2.dist-info/top_level.txt -> /Users/calum/Developer/Excelerator/build/bdist.macosx-14.2-arm64/python3.11-standalone/app/collect/customtkinter-5.2.2.dist-info/top_level.txt
copying file /Users/calum/Developer/Excelerator/env/lib/python3.11/site-packages/customtkinter-5.2.2.dist-info/REQUESTED -> /Users/calum/Developer/Excelerator/build/bdist.macosx-14.2-arm64/python3.11-standalone/app/collect/customtkinter-5.2.2.dist-info/REQUESTED
copying file /Users/calum/Developer/Excelerator/env/lib/python3.11/site-packages/customtkinter-5.2.2.dist-info/INSTALLER -> /Users/calum/Developer/Excelerator/build/bdist.macosx-14.2-arm64/python3.11-standalone/app/collect/customtkinter-5.2.2.dist-info/INSTALLER
copying file /Users/calum/Developer/Excelerator/env/lib/python3.11/site-packages/customtkinter-5.2.2.dist-info/METADATA -> /Users/calum/Developer/Excelerator/build/bdist.macosx-14.2-arm64/python3.11-standalone/app/collect/customtkinter-5.2.2.dist-info/METADATA
*** creating application bundle: Excelerate ***
Copy '/Users/calum/Developer/Excelerator/.eggs/py2app-0.28.7-py3.11.egg/py2app/apptemplate/prebuilt/main-arm64' -> '/Users/calum/Developer/Excelerator/dist/Excelerate.app/Contents/MacOS/Excelerate'
byte-compiling /Users/calum/Developer/Excelerator/dist/Excelerate.app/Contents/Resources/site.py to site.pyc
copying file main.py -> /Users/calum/Developer/Excelerator/dist/Excelerate.app/Contents/Resources
creating /Users/calum/Developer/Excelerator/dist/Excelerate.app/Contents/Resources/lib
creating /Users/calum/Developer/Excelerator/dist/Excelerate.app/Contents/Resources/lib/python3.11
creating /Users/calum/Developer/Excelerator/dist/Excelerate.app/Contents/Resources/lib/python3.11/config-3.11-darwin
creating /Users/calum/Developer/Excelerator/dist/Excelerate.app/Contents/Resources/include
creating /Users/calum/Developer/Excelerator/dist/Excelerate.app/Contents/Resources/include/python3.11
copying file /Users/calum/.pyenv/versions/3.11.1/include/python3.11/pyconfig.h -> /Users/calum/Developer/Excelerator/dist/Excelerate.app/Contents/Resources/include/python3.11/pyconfig.h
copying file build/bdist.macosx-14.2-arm64/python3.11-standalone/app/python311.zip -> /Users/calum/Developer/Excelerator/dist/Excelerate.app/Contents/Resources/lib
copying file /Users/calum/.pyenv/versions/3.11.1/lib/python3.11/lib-dynload/zlib.cpython-311-darwin.so -> /Users/calum/Developer/Excelerator/dist/Excelerate.app/Contents/Resources
creating /Users/calum/Developer/Excelerator/dist/Excelerate.app/Contents/Resources/lib/python3.11/lib-dynload
creating /Users/calum/Developer/Excelerator/dist/Excelerate.app/Contents/Frameworks
creating /Users/calum/Developer/Excelerator/dist/Excelerate.app/Contents/Resources/lib/python3.11/pandas
copying file /Users/calum/Developer/Excelerator/env/lib/python3.11/site-packages/pandas/conftest.py -> /Users/calum/Developer/Excelerator/dist/Excelerate.app/Contents/Resources/lib/python3.11/pandas/conftest.py
creating /Users/calum/Developer/Excelerator/dist/Excelerate.app/Contents/Resources/lib/python3.11/pandas/compat
copying file /Users/calum/Developer/Excelerator/env/lib/python3.11/site-packages/pandas/compat/_constants.py -> /Users/calum/Developer/Excelerator/dist/Excelerate.app/Contents/Resources/lib/python3.11/pandas/compat/_constants.py
copying file /Users/calum/Developer/Excelerator/env/lib/python3.11/site-packages/pandas/compat/_optional.py -> /Users/calum/Developer/Excelerator/dist/Excelerate.app/Contents/Resources/lib/python3.11/pandas/compat/_optional.py
copying file /Users/calum/Developer/Excelerator/env/lib/python3.11/site-packages/pandas/compat/pyarrow.py -> /Users/calum/Developer/Excelerator/dist/Excelerate.app/Contents/Resources/lib/python3.11/pandas/compat/pyarrow.py
copying file /Users/calum/Developer/Excelerator/env/lib/python3.11/site-packages/pandas/compat/__init__.py -> /Users/calum/Developer/Excelerator/dist/Excelerate.app/Contents/Resources/lib/python3.11/pandas/compat/__init__.py
creating /Users/calum/Developer/Excelerator/dist/Excelerate.app/Contents/Resources/lib/python3.11/pandas/compat/__pycache__
copying file /Users/calum/Developer/Excelerator/env/lib/python3.11/site-packages/pandas/compat/__pycache__/pickle_compat.cpython-311.pyc -> /Users/calum/Developer/Excelerator/dist/Excelerate.app/Contents/Resources/lib/python3.11/pandas/compat/__pycache__/pickle_compat.cpython-311.pyc
copying file /Users/calum/Developer/Excelerator/env/lib/python3.11/site-packages/pandas/compat/__pycache__/_optional.cpython-311.pyc -> /Users/calum/Developer/Excelerator/dist/Excelerate.app/Contents/Resources/lib/python3.11/pandas/compat/__pycache__/_optional.cpython-311.pyc
copying file /Users/calum/Developer/Excelerator/env/lib/python3.11/site-packages/pandas/compat/__pycache__/compressors.cpython-311.pyc -> /Users/calum/Developer/Excelerator/dist/Excelerate.app/Contents/Resources/lib/python3.11/pandas/compat/__pycache__/compressors.cpython-311.pyc
copying file /Users/calum/Developer/Excelerator/env/lib/python3.11/site-packages/pandas/compat/__pycache__/pyarrow.cpython-311.pyc -> /Users/calum/Developer/Excelerator/dist/Excelerate.app/Contents/Resources/lib/python3.11/pandas/compat/__pycache__/pyarrow.cpython-311.pyc
copying file /Users/calum/Developer/Excelerator/env/lib/python3.11/site-packages/pandas/compat/__pycache__/_constants.cpython-311.pyc -> /Users/calum/Developer/Excelerator/dist/Excelerate.app/Contents/Resources/lib/python3.11/pandas/compat/__pycache__/_constants.cpython-311.pyc
copying file /Users/calum/Developer/Excelerator/env/lib/python3.11/site-packages/pandas/compat/__pycache__/__init__.cpython-311.pyc -> /Users/calum/Developer/Excelerator/dist/Excelerate.app/Contents/Resources/lib/python3.11/pandas/compat/__pycache__/__init__.cpython-311.pyc
creating /Users/calum/Developer/Excelerator/dist/Excelerate.app/Contents/Resources/lib/python3.11/pandas/compat/numpy
copying file /Users/calum/Developer/Excelerator/env/lib/python3.11/site-packages/pandas/compat/numpy/__init__.py -> /Users/calum/Developer/Excelerator/dist/Excelerate.app/Contents/Resources/lib/python3.11/pandas/compat/numpy/__init__.py
creating /Users/calum/Developer/Excelerator/dist/Excelerate.app/Contents/Resources/lib/python3.11/pandas/compat/numpy/__pycache__
copying file /Users/calum/Developer/Excelerator/env/lib/python3.11/site-packages/pandas/compat/numpy/__pycache__/function.cpython-311.pyc -> /Users/calum/Developer/Excelerator/dist/Excelerate.app/Contents/Resources/lib/python3.11/pandas/compat/numpy/__pycache__/function.cpython-311.pyc
copying file /Users/calum/Developer/Excelerator/env/lib/python3.11/site-packages/pandas/compat/numpy/__pycache__/__init__.cpython-311.pyc -> /Users/calum/Developer/Excelerator/dist/Excelerate.app/Contents/Resources/lib/python3.11/pandas/compat/numpy/__pycache__/__init__.cpython-311.pyc
copying file /Users/calum/Developer/Excelerator/env/lib/python3.11/site-packages/pandas/compat/numpy/function.py -> /Users/calum/Developer/Excelerator/dist/Excelerate.app/Contents/Resources/lib/python3.11/pandas/compat/numpy/function.py
copying file /Users/calum/Developer/Excelerator/env/lib/python3.11/site-packages/pandas/compat/pickle_compat.py -> /Users/calum/Developer/Excelerator/dist/Excelerate.app/Contents/Resources/lib/python3.11/pandas/compat/pickle_compat.py
copying file /Users/calum/Developer/Excelerator/env/lib/python3.11/site-packages/pandas/compat/compressors.py -> /Users/calum/Developer/Excelerator/dist/Excelerate.app/Contents/Resources/lib/python3.11/pandas/compat/compressors.py
creating /Users/calum/Developer/Excelerator/dist/Excelerate.app/Contents/Resources/lib/python3.11/pandas/core
creating /Users/calum/Developer/Excelerator/dist/Excelerate.app/Contents/Resources/lib/python3.11/pandas/core/indexers
copying file /Users/calum/Developer/Excelerator/env/lib/python3.11/site-packages/pandas/core/indexers/__init__.py -> /Users/calum/Developer/Excelerator/dist/Excelerate.app/Contents/Resources/lib/python3.11/pandas/core/indexers/__init__.py
creating /Users/calum/Developer/Excelerator/dist/Excelerate.app/Contents/Resources/lib/python3.11/pandas/core/indexers/__pycache__
copying file /Users/calum/Developer/Excelerator/env/lib/python3.11/site-packages/pandas/core/indexers/__pycache__/objects.cpython-311.pyc -> /Users/calum/Developer/Excelerator/dist/Excelerate.app/Contents/Resources/lib/python3.11/pandas/core/indexers/__pycache__/objects.cpython-311.pyc
copying file /Users/calum/Developer/Excelerator/env/lib/python3.11/site-packages/pandas/core/indexers/__pycache__/utils.cpython-311.pyc -> /Users/calum/Developer/Excelerator/dist/Excelerate.app/Contents/Resources/lib/python3.11/pandas/core/indexers/__pycache__/utils.cpython-311.pyc
copying file /Users/calum/Developer/Excelerator/env/lib/python3.11/site-packages/pandas/core/indexers/__pycache__/__init__.cpython-311.pyc -> /Users/calum/Developer/Excelerator/dist/Excelerate.app/Contents/Resources/lib/python3.11/pandas/core/indexers/__pycache__/__init__.cpython-311.pyc
copying file /Users/calum/Developer/Excelerator/env/lib/python3.11/site-packages/pandas/core/indexers/utils.py -> /Users/calum/Developer/Excelerator/dist/Excelerate.app/Contents/Resources/lib/python3.11/pandas/core/indexers/utils.py
copying file /Users/calum/Developer/Excelerator/env/lib/python3.11/site-packages/pandas/core/indexers/objects.py -> /Users/calum/Developer/Excelerator/dist/Excelerate.app/Contents/Resources/lib/python3.11/pandas/core/indexers/objects.py
creating /Users/calum/Developer/Excelerator/dist/Excelerate.app/Contents/Resources/lib/python3.11/pandas/core/reshape
copying file /Users/calum/Developer/Excelerator/env/lib/python3.11/site-packages/pandas/core/reshape/tile.py -> /Users/calum/Developer/Excelerator/dist/Excelerate.app/Contents/Resources/lib/python3.11/pandas/core/reshape/tile.py
copying file /Users/calum/Developer/Excelerator/env/lib/python3.11/site-packages/pandas/core/reshape/merge.py -> /Users/calum/Developer/Excelerator/dist/Excelerate.app/Contents/Resources/lib/python3.11/pandas/core/reshape/merge.py
copying file /Users/calum/Developer/Excelerator/env/lib/python3.11/site-packages/pandas/core/reshape/encoding.py -> /Users/calum/Developer/Excelerator/dist/Excelerate.app/Contents/Resources/lib/python3.11/pandas/core/reshape/encoding.py
copying file /Users/calum/Developer/Excelerator/env/lib/python3.11/site-packages/pandas/core/reshape/concat.py -> /Users/calum/Developer/Excelerator/dist/Excelerate.app/Contents/Resources/lib/python3.11/pandas/core/reshape/concat.py
copying file /Users/calum/Developer/Excelerator/env/lib/python3.11/site-packages/pandas/core/reshape/util.py -> /Users/calum/Developer/Excelerator/dist/Excelerate.app/Contents/Resources/lib/python3.11/pandas/core/reshape/util.py
copying file /Users/calum/Developer/Excelerator/env/lib/python3.11/site-packages/pandas/core/reshape/reshape.py -> /Users/calum/Developer/Excelerator/dist/Excelerate.app/Contents/Resources/lib/python3.11/pandas/core/reshape/reshape.py
copying file /Users/calum/Developer/Excelerator/env/lib/python3.11/site-packages/pandas/core/reshape/__init__.py -> /Users/calum/Developer/Excelerator/dist/Excelerate.app/Contents/Resources/lib/python3.11/pandas/core/reshape/__init__.py
creating /Users/calum/Developer/Excelerator/dist/Excelerate.app/Contents/Resources/lib/python3.11/pandas/core/reshape/__pycache__
copying file /Users/calum/Developer/Excelerator/env/lib/python3.11/site-packages/pandas/core/reshape/__pycache__/reshape.cpython-311.pyc -> /Users/calum/Developer/Excelerator/dist/Excelerate.app/Contents/Resources/lib/python3.11/pandas/core/reshape/__pycache__/reshape.cpython-311.pyc
copying file /Users/calum/Developer/Excelerator/env/lib/python3.11/site-packages/pandas/core/reshape/__pycache__/tile.cpython-311.pyc -> /Users/calum/Developer/Excelerator/dist/Excelerate.app/Contents/Resources/lib/python3.11/pandas/core/reshape/__pycache__/tile.cpython-311.pyc
copying file /Users/calum/Developer/Excelerator/env/lib/python3.11/site-packages/pandas/core/reshape/__pycache__/pivot.cpython-311.pyc -> /Users/calum/Developer/Excelerator/dist/Excelerate.app/Contents/Resources/lib/python3.11/pandas/core/reshape/__pycache__/pivot.cpython-311.pyc
copying file /Users/calum/Developer/Excelerator/env/lib/python3.11/site-packages/pandas/core/reshape/__pycache__/api.cpython-311.pyc -> /Users/calum/Developer/Excelerator/dist/Excelerate.app/Contents/Resources/lib/python3.11/pandas/core/reshape/__pycache__/api.cpython-311.pyc
copying file /Users/calum/Developer/Excelerator/env/lib/python3.11/site-packages/pandas/core/reshape/__pycache__/encoding.cpython-311.pyc -> /Users/calum/Developer/Excelerator/dist/Excelerate.app/Contents/Resources/lib/python3.11/pandas/core/reshape/__pycache__/encoding.cpython-311.pyc
copying file /Users/calum/Developer/Excelerator/env/lib/python3.11/site-packages/pandas/core/reshape/__pycache__/melt.cpython-311.pyc -> /Users/calum/Developer/Excelerator/dist/Excelerate.app/Contents/Resources/lib/python3.11/pandas/core/reshape/__pycache__/melt.cpython-311.pyc
copying file /Users/calum/Developer/Excelerator/env/lib/python3.11/site-packages/pandas/core/reshape/__pycache__/util.cpython-311.pyc -> /Users/calum/Developer/Excelerator/dist/Excelerate.app/Contents/Resources/lib/python3.11/pandas/core/reshape/__pycache__/util.cpython-311.pyc
copying file /Users/calum/Developer/Excelerator/env/lib/python3.11/site-packages/pandas/core/reshape/__pycache__/concat.cpython-311.pyc -> /Users/calum/Developer/Excelerator/dist/Excelerate.app/Contents/Resources/lib/python3.11/pandas/core/reshape/__pycache__/concat.cpython-311.pyc
copying file /Users/calum/Developer/Excelerator/env/lib/python3.11/site-packages/pandas/core/reshape/__pycache__/__init__.cpython-311.pyc -> /Users/calum/Developer/Excelerator/dist/Excelerate.app/Contents/Resources/lib/python3.11/pandas/core/reshape/__pycache__/__init__.cpython-311.pyc
copying file /Users/calum/Developer/Excelerator/env/lib/python3.11/site-packages/pandas/core/reshape/__pycache__/merge.cpython-311.pyc -> /Users/calum/Developer/Excelerator/dist/Excelerate.app/Contents/Resources/lib/python3.11/pandas/core/reshape/__pycache__/merge.cpython-311.pyc
copying file /Users/calum/Developer/Excelerator/env/lib/python3.11/site-packages/pandas/core/reshape/api.py -> /Users/calum/Developer/Excelerator/dist/Excelerate.app/Contents/Resources/lib/python3.11/pandas/core/reshape/api.py
copying file /Users/calum/Developer/Excelerator/env/lib/python3.11/site-packages/pandas/core/reshape/melt.py -> /Users/calum/Developer/Excelerator/dist/Excelerate.app/Contents/Resources/lib/python3.11/pandas/core/reshape/melt.py
copying file /Users/calum/Developer/Excelerator/env/lib/python3.11/site-packages/pandas/core/reshape/pivot.py -> /Users/calum/Developer/Excelerator/dist/Excelerate.app/Contents/Resources/lib/python3.11/pandas/core/reshape/pivot.py
copying file /Users/calum/Developer/Excelerator/env/lib/python3.11/site-packages/pandas/core/accessor.py -> /Users/calum/Developer/Excelerator/dist/Excelerate.app/Contents/Resources/lib/python3.11/pandas/core/accessor.py
copying file /Users/calum/Developer/Excelerator/env/lib/python3.11/site-packages/pandas/core/nanops.py -> /Users/calum/Developer/Excelerator/dist/Excelerate.app/Contents/Resources/lib/python3.11/pandas/core/nanops.py
copying file /Users/calum/Developer/Excelerator/env/lib/python3.11/site-packages/pandas/core/roperator.py -> /Users/calum/Developer/Excelerator/dist/Excelerate.app/Contents/Resources/lib/python3.11/pandas/core/roperator.py
creating /Users/calum/Developer/Excelerator/dist/Excelerate.app/Contents/Resources/lib/python3.11/pandas/core/strings
copying file /Users/calum/Developer/Excelerator/env/lib/python3.11/site-packages/pandas/core/strings/accessor.py -> /Users/calum/Developer/Excelerator/dist/Excelerate.app/Contents/Resources/lib/python3.11/pandas/core/strings/accessor.py
copying file /Users/calum/Developer/Excelerator/env/lib/python3.11/site-packages/pandas/core/strings/object_array.py -> /Users/calum/Developer/Excelerator/dist/Excelerate.app/Contents/Resources/lib/python3.11/pandas/core/strings/object_array.py
copying file /Users/calum/Developer/Excelerator/env/lib/python3.11/site-packages/pandas/core/strings/__init__.py -> /Users/calum/Developer/Excelerator/dist/Excelerate.app/Contents/Resources/lib/python3.11/pandas/core/strings/__init__.py
creating /Users/calum/Developer/Excelerator/dist/Excelerate.app/Contents/Resources/lib/python3.11/pandas/core/strings/__pycache__
copying file /Users/calum/Developer/Excelerator/env/lib/python3.11/site-packages/pandas/core/strings/__pycache__/object_array.cpython-311.pyc -> /Users/calum/Developer/Excelerator/dist/Excelerate.app/Contents/Resources/lib/python3.11/pandas/core/strings/__pycache__/object_array.cpython-311.pyc
copying file /Users/calum/Developer/Excelerator/env/lib/python3.11/site-packages/pandas/core/strings/__pycache__/base.cpython-311.pyc -> /Users/calum/Developer/Excelerator/dist/Excelerate.app/Contents/Resources/lib/python3.11/pandas/core/strings/__pycache__/base.cpython-311.pyc
copying file /Users/calum/Developer/Excelerator/env/lib/python3.11/site-packages/pandas/core/strings/__pycache__/__init__.cpython-311.pyc -> /Users/calum/Developer/Excelerator/dist/Excelerate.app/Contents/Resources/lib/python3.11/pandas/core/strings/__pycache__/__init__.cpython-311.pyc
copying file /Users/calum/Developer/Excelerator/env/lib/python3.11/site-packages/pandas/core/strings/__pycache__/accessor.cpython-311.pyc -> /Users/calum/Developer/Excelerator/dist/Excelerate.app/Contents/Resources/lib/python3.11/pandas/core/strings/__pycache__/accessor.cpython-311.pyc
copying file /Users/calum/Developer/Excelerator/env/lib/python3.11/site-packages/pandas/core/strings/base.py -> /Users/calum/Developer/Excelerator/dist/Excelerate.app/Contents/Resources/lib/python3.11/pandas/core/strings/base.py
copying file /Users/calum/Developer/Excelerator/env/lib/python3.11/site-packages/pandas/core/missing.py -> /Users/calum/Developer/Excelerator/dist/Excelerate.app/Contents/Resources/lib/python3.11/pandas/core/missing.py
creating /Users/calum/Developer/Excelerator/dist/Excelerate.app/Contents/Resources/lib/python3.11/pandas/core/tools
copying file /Users/calum/Developer/Excelerator/env/lib/python3.11/site-packages/pandas/core/tools/timedeltas.py -> /Users/calum/Developer/Excelerator/dist/Excelerate.app/Contents/Resources/lib/python3.11/pandas/core/tools/timedeltas.py
copying file /Users/calum/Developer/Excelerator/env/lib/python3.11/site-packages/pandas/core/tools/datetimes.py -> /Users/calum/Developer/Excelerator/dist/Excelerate.app/Contents/Resources/lib/python3.11/pandas/core/tools/datetimes.py
copying file /Users/calum/Developer/Excelerator/env/lib/python3.11/site-packages/pandas/core/tools/__init__.py -> /Users/calum/Developer/Excelerator/dist/Excelerate.app/Contents/Resources/lib/python3.11/pandas/core/tools/__init__.py
creating /Users/calum/Developer/Excelerator/dist/Excelerate.app/Contents/Resources/lib/python3.11/pandas/core/tools/__pycache__
copying file /Users/calum/Developer/Excelerator/env/lib/python3.11/site-packages/pandas/core/tools/__pycache__/times.cpython-311.pyc -> /Users/calum/Developer/Excelerator/dist/Excelerate.app/Contents/Resources/lib/python3.11/pandas/core/tools/__pycache__/times.cpython-311.pyc
copying file /Users/calum/Developer/Excelerator/env/lib/python3.11/site-packages/pandas/core/tools/__pycache__/datetimes.cpython-311.pyc -> /Users/calum/Developer/Excelerator/dist/Excelerate.app/Contents/Resources/lib/python3.11/pandas/core/tools/__pycache__/datetimes.cpython-311.pyc
copying file /Users/calum/Developer/Excelerator/env/lib/python3.11/site-packages/pandas/core/tools/__pycache__/timedeltas.cpython-311.pyc -> /Users/calum/Developer/Excelerator/dist/Excelerate.app/Contents/Resources/lib/python3.11/pandas/core/tools/__pycache__/timedeltas.cpython-311.pyc
copying file /Users/calum/Developer/Excelerator/env/lib/python3.11/site-packages/pandas/core/tools/__pycache__/numeric.cpython-311.pyc -> /Users/calum/Developer/Excelerator/dist/Excelerate.app/Contents/Resources/lib/python3.11/pandas/core/tools/__pycache__/numeric.cpython-311.pyc
copying file /Users/calum/Developer/Excelerator/env/lib/python3.11/site-packages/pandas/core/tools/__pycache__/__init__.cpython-311.pyc -> /Users/calum/Developer/Excelerator/dist/Excelerate.app/Contents/Resources/lib/python3.11/pandas/core/tools/__pycache__/__init__.cpython-311.pyc
copying file /Users/calum/Developer/Excelerator/env/lib/python3.11/site-packages/pandas/core/tools/times.py -> /Users/calum/Developer/Excelerator/dist/Excelerate.app/Contents/Resources/lib/python3.11/pandas/core/tools/times.py
copying file /Users/calum/Developer/Excelerator/env/lib/python3.11/site-packages/pandas/core/tools/numeric.py -> /Users/calum/Developer/Excelerator/dist/Excelerate.app/Contents/Resources/lib/python3.11/pandas/core/tools/numeric.py
creating /Users/calum/Developer/Excelerator/dist/Excelerate.app/Contents/Resources/lib/python3.11/pandas/core/methods
copying file /Users/calum/Developer/Excelerator/env/lib/python3.11/site-packages/pandas/core/methods/describe.py -> /Users/calum/Developer/Excelerator/dist/Excelerate.app/Contents/Resources/lib/python3.11/pandas/core/methods/describe.py
copying file /Users/calum/Developer/Excelerator/env/lib/python3.11/site-packages/pandas/core/methods/__init__.py -> /Users/calum/Developer/Excelerator/dist/Excelerate.app/Contents/Resources/lib/python3.11/pandas/core/methods/__init__.py
creating /Users/calum/Developer/Excelerator/dist/Excelerate.app/Contents/Resources/lib/python3.11/pandas/core/methods/__pycache__
copying file /Users/calum/Developer/Excelerator/env/lib/python3.11/site-packages/pandas/core/methods/__pycache__/selectn.cpython-311.pyc -> /Users/calum/Developer/Excelerator/dist/Excelerate.app/Contents/Resources/lib/python3.11/pandas/core/methods/__pycache__/selectn.cpython-311.pyc
copying file /Users/calum/Developer/Excelerator/env/lib/python3.11/site-packages/pandas/core/methods/__pycache__/describe.cpython-311.pyc -> /Users/calum/Developer/Excelerator/dist/Excelerate.app/Contents/Resources/lib/python3.11/pandas/core/methods/__pycache__/describe.cpython-311.pyc
copying file /Users/calum/Developer/Excelerator/env/lib/python3.11/site-packages/pandas/core/methods/__pycache__/to_dict.cpython-311.pyc -> /Users/calum/Developer/Excelerator/dist/Excelerate.app/Contents/Resources/lib/python3.11/pandas/core/methods/__pycache__/to_dict.cpython-311.pyc
copying file /Users/calum/Developer/Excelerator/env/lib/python3.11/site-packages/pandas/core/methods/__pycache__/__init__.cpython-311.pyc -> /Users/calum/Developer/Excelerator/dist/Excelerate.app/Contents/Resources/lib/python3.11/pandas/core/methods/__pycache__/__init__.cpython-311.pyc
copying file /Users/calum/Developer/Excelerator/env/lib/python3.11/site-packages/pandas/core/methods/selectn.py -> /Users/calum/Developer/Excelerator/dist/Excelerate.app/Contents/Resources/lib/python3.11/pandas/core/methods/selectn.py
copying file /Users/calum/Developer/Excelerator/env/lib/python3.11/site-packages/pandas/core/methods/to_dict.py -> /Users/calum/Developer/Excelerator/dist/Excelerate.app/Contents/Resources/lib/python3.11/pandas/core/methods/to_dict.py
copying file /Users/calum/Developer/Excelerator/env/lib/python3.11/site-packages/pandas/core/algorithms.py -> /Users/calum/Developer/Excelerator/dist/Excelerate.app/Contents/Resources/lib/python3.11/pandas/core/algorithms.py
copying file /Users/calum/Developer/Excelerator/env/lib/python3.11/site-packages/pandas/core/resample.py -> /Users/calum/Developer/Excelerator/dist/Excelerate.app/Contents/Resources/lib/python3.11/pandas/core/resample.py
copying file /Users/calum/Developer/Excelerator/env/lib/python3.11/site-packages/pandas/core/arraylike.py -> /Users/calum/Developer/Excelerator/dist/Excelerate.app/Contents/Resources/lib/python3.11/pandas/core/arraylike.py
creating /Users/calum/Developer/Excelerator/dist/Excelerate.app/Contents/Resources/lib/python3.11/pandas/core/util
copying file /Users/calum/Developer/Excelerator/env/lib/python3.11/site-packages/pandas/core/util/__init__.py -> /Users/calum/Developer/Excelerator/dist/Excelerate.app/Contents/Resources/lib/python3.11/pandas/core/util/__init__.py
creating /Users/calum/Developer/Excelerator/dist/Excelerate.app/Contents/Resources/lib/python3.11/pandas/core/util/__pycache__
copying file /Users/calum/Developer/Excelerator/env/lib/python3.11/site-packages/pandas/core/util/__pycache__/numba_.cpython-311.pyc -> /Users/calum/Developer/Excelerator/dist/Excelerate.app/Contents/Resources/lib/python3.11/pandas/core/util/__pycache__/numba_.cpython-311.pyc
copying file /Users/calum/Developer/Excelerator/env/lib/python3.11/site-packages/pandas/core/util/__pycache__/hashing.cpython-311.pyc -> /Users/calum/Developer/Excelerator/dist/Excelerate.app/Contents/Resources/lib/python3.11/pandas/core/util/__pycache__/hashing.cpython-311.pyc
copying file /Users/calum/Developer/Excelerator/env/lib/python3.11/site-packages/pandas/core/util/__pycache__/__init__.cpython-311.pyc -> /Users/calum/Developer/Excelerator/dist/Excelerate.app/Contents/Resources/lib/python3.11/pandas/core/util/__pycache__/__init__.cpython-311.pyc
copying file /Users/calum/Developer/Excelerator/env/lib/python3.11/site-packages/pandas/core/util/hashing.py -> /Users/calum/Developer/Excelerator/dist/Excelerate.app/Contents/Resources/lib/python3.11/pandas/core/util/hashing.py
copying file /Users/calum/Developer/Excelerator/env/lib/python3.11/site-packages/pandas/core/util/numba_.py -> /Users/calum/Developer/Excelerator/dist/Excelerate.app/Contents/Resources/lib/python3.11/pandas/core/util/numba_.py
copying file /Users/calum/Developer/Excelerator/env/lib/python3.11/site-packages/pandas/core/construction.py -> /Users/calum/Developer/Excelerator/dist/Excelerate.app/Contents/Resources/lib/python3.11/pandas/core/construction.py
copying file /Users/calum/Developer/Excelerator/env/lib/python3.11/site-packages/pandas/core/config_init.py -> /Users/calum/Developer/Excelerator/dist/Excelerate.app/Contents/Resources/lib/python3.11/pandas/core/config_init.py
copying file /Users/calum/Developer/Excelerator/env/lib/python3.11/site-packages/pandas/core/flags.py -> /Users/calum/Developer/Excelerator/dist/Excelerate.app/Contents/Resources/lib/python3.11/pandas/core/flags.py
creating /Users/calum/Developer/Excelerator/dist/Excelerate.app/Contents/Resources/lib/python3.11/pandas/core/array_algos
copying file /Users/calum/Developer/Excelerator/env/lib/python3.11/site-packages/pandas/core/array_algos/transforms.py -> /Users/calum/Developer/Excelerator/dist/Excelerate.app/Contents/Resources/lib/python3.11/pandas/core/array_algos/transforms.py
copying file /Users/calum/Developer/Excelerator/env/lib/python3.11/site-packages/pandas/core/array_algos/masked_accumulations.py -> /Users/calum/Developer/Excelerator/dist/Excelerate.app/Contents/Resources/lib/python3.11/pandas/core/array_algos/masked_accumulations.py
copying file /Users/calum/Developer/Excelerator/env/lib/python3.11/site-packages/pandas/core/array_algos/quantile.py -> /Users/calum/Developer/Excelerator/dist/Excelerate.app/Contents/Resources/lib/python3.11/pandas/core/array_algos/quantile.py
copying file /Users/calum/Developer/Excelerator/env/lib/python3.11/site-packages/pandas/core/array_algos/__init__.py -> /Users/calum/Developer/Excelerator/dist/Excelerate.app/Contents/Resources/lib/python3.11/pandas/core/array_algos/__init__.py
creating /Users/calum/Developer/Excelerator/dist/Excelerate.app/Contents/Resources/lib/python3.11/pandas/core/array_algos/__pycache__
copying file /Users/calum/Developer/Excelerator/env/lib/python3.11/site-packages/pandas/core/array_algos/__pycache__/take.cpython-311.pyc -> /Users/calum/Developer/Excelerator/dist/Excelerate.app/Contents/Resources/lib/python3.11/pandas/core/array_algos/__pycache__/take.cpython-311.pyc
copying file /Users/calum/Developer/Excelerator/env/lib/python3.11/site-packages/pandas/core/array_algos/__pycache__/replace.cpython-311.pyc -> /Users/calum/Developer/Excelerator/dist/Excelerate.app/Contents/Resources/lib/python3.11/pandas/core/array_algos/__pycache__/replace.cpython-311.pyc
copying file /Users/calum/Developer/Excelerator/env/lib/python3.11/site-packages/pandas/core/array_algos/__pycache__/masked_reductions.cpython-311.pyc -> /Users/calum/Developer/Excelerator/dist/Excelerate.app/Contents/Resources/lib/python3.11/pandas/core/array_algos/__pycache__/masked_reductions.cpython-311.pyc
copying file /Users/calum/Developer/Excelerator/env/lib/python3.11/site-packages/pandas/core/array_algos/__pycache__/datetimelike_accumulations.cpython-311.pyc -> /Users/calum/Developer/Excelerator/dist/Excelerate.app/Contents/Resources/lib/python3.11/pandas/core/array_algos/__pycache__/datetimelike_accumulations.cpython-311.pyc
copying file /Users/calum/Developer/Excelerator/env/lib/python3.11/site-packages/pandas/core/array_algos/__pycache__/putmask.cpython-311.pyc -> /Users/calum/Developer/Excelerator/dist/Excelerate.app/Contents/Resources/lib/python3.11/pandas/core/array_algos/__pycache__/putmask.cpython-311.pyc
copying file /Users/calum/Developer/Excelerator/env/lib/python3.11/site-packages/pandas/core/array_algos/__pycache__/masked_accumulations.cpython-311.pyc -> /Users/calum/Developer/Excelerator/dist/Excelerate.app/Contents/Resources/lib/python3.11/pandas/core/array_algos/__pycache__/masked_accumulations.cpython-311.pyc
copying file /Users/calum/Developer/Excelerator/env/lib/python3.11/site-packages/pandas/core/array_algos/__pycache__/transforms.cpython-311.pyc -> /Users/calum/Developer/Excelerator/dist/Excelerate.app/Contents/Resources/lib/python3.11/pandas/core/array_algos/__pycache__/transforms.cpython-311.pyc
copying file /Users/calum/Developer/Excelerator/env/lib/python3.11/site-packages/pandas/core/array_algos/__pycache__/quantile.cpython-311.pyc -> /Users/calum/Developer/Excelerator/dist/Excelerate.app/Contents/Resources/lib/python3.11/pandas/core/array_algos/__pycache__/quantile.cpython-311.pyc
copying file /Users/calum/Developer/Excelerator/env/lib/python3.11/site-packages/pandas/core/array_algos/__pycache__/__init__.cpython-311.pyc -> /Users/calum/Developer/Excelerator/dist/Excelerate.app/Contents/Resources/lib/python3.11/pandas/core/array_algos/__pycache__/__init__.cpython-311.pyc
copying file /Users/calum/Developer/Excelerator/env/lib/python3.11/site-packages/pandas/core/array_algos/masked_reductions.py -> /Users/calum/Developer/Excelerator/dist/Excelerate.app/Contents/Resources/lib/python3.11/pandas/core/array_algos/masked_reductions.py
copying file /Users/calum/Developer/Excelerator/env/lib/python3.11/site-packages/pandas/core/array_algos/take.py -> /Users/calum/Developer/Excelerator/dist/Excelerate.app/Contents/Resources/lib/python3.11/pandas/core/array_algos/take.py
copying file /Users/calum/Developer/Excelerator/env/lib/python3.11/site-packages/pandas/core/array_algos/datetimelike_accumulations.py -> /Users/calum/Developer/Excelerator/dist/Excelerate.app/Contents/Resources/lib/python3.11/pandas/core/array_algos/datetimelike_accumulations.py
copying file /Users/calum/Developer/Excelerator/env/lib/python3.11/site-packages/pandas/core/array_algos/putmask.py -> /Users/calum/Developer/Excelerator/dist/Excelerate.app/Contents/Resources/lib/python3.11/pandas/core/array_algos/putmask.py
copying file /Users/calum/Developer/Excelerator/env/lib/python3.11/site-packages/pandas/core/array_algos/replace.py -> /Users/calum/Developer/Excelerator/dist/Excelerate.app/Contents/Resources/lib/python3.11/pandas/core/array_algos/replace.py
copying file /Users/calum/Developer/Excelerator/env/lib/python3.11/site-packages/pandas/core/generic.py -> /Users/calum/Developer/Excelerator/dist/Excelerate.app/Contents/Resources/lib/python3.11/pandas/core/generic.py
copying file /Users/calum/Developer/Excelerator/env/lib/python3.11/site-packages/pandas/core/series.py -> /Users/calum/Developer/Excelerator/dist/Excelerate.app/Contents/Resources/lib/python3.11/pandas/core/series.py
copying file /Users/calum/Developer/Excelerator/env/lib/python3.11/site-packages/pandas/core/sorting.py -> /Users/calum/Developer/Excelerator/dist/Excelerate.app/Contents/Resources/lib/python3.11/pandas/core/sorting.py
creating /Users/calum/Developer/Excelerator/dist/Excelerate.app/Contents/Resources/lib/python3.11/pandas/core/interchange
copying file /Users/calum/Developer/Excelerator/env/lib/python3.11/site-packages/pandas/core/interchange/from_dataframe.py -> /Users/calum/Developer/Excelerator/dist/Excelerate.app/Contents/Resources/lib/python3.11/pandas/core/interchange/from_dataframe.py
copying file /Users/calum/Developer/Excelerator/env/lib/python3.11/site-packages/pandas/core/interchange/dataframe.py -> /Users/calum/Developer/Excelerator/dist/Excelerate.app/Contents/Resources/lib/python3.11/pandas/core/interchange/dataframe.py
copying file /Users/calum/Developer/Excelerator/env/lib/python3.11/site-packages/pandas/core/interchange/__init__.py -> /Users/calum/Developer/Excelerator/dist/Excelerate.app/Contents/Resources/lib/python3.11/pandas/core/interchange/__init__.py
creating /Users/calum/Developer/Excelerator/dist/Excelerate.app/Contents/Resources/lib/python3.11/pandas/core/interchange/__pycache__
copying file /Users/calum/Developer/Excelerator/env/lib/python3.11/site-packages/pandas/core/interchange/__pycache__/dataframe_protocol.cpython-311.pyc -> /Users/calum/Developer/Excelerator/dist/Excelerate.app/Contents/Resources/lib/python3.11/pandas/core/interchange/__pycache__/dataframe_protocol.cpython-311.pyc
copying file /Users/calum/Developer/Excelerator/env/lib/python3.11/site-packages/pandas/core/interchange/__pycache__/from_dataframe.cpython-311.pyc -> /Users/calum/Developer/Excelerator/dist/Excelerate.app/Contents/Resources/lib/python3.11/pandas/core/interchange/__pycache__/from_dataframe.cpython-311.pyc
copying file /Users/calum/Developer/Excelerator/env/lib/python3.11/site-packages/pandas/core/interchange/__pycache__/column.cpython-311.pyc -> /Users/calum/Developer/Excelerator/dist/Excelerate.app/Contents/Resources/lib/python3.11/pandas/core/interchange/__pycache__/column.cpython-311.pyc
copying file /Users/calum/Developer/Excelerator/env/lib/python3.11/site-packages/pandas/core/interchange/__pycache__/utils.cpython-311.pyc -> /Users/calum/Developer/Excelerator/dist/Excelerate.app/Contents/Resources/lib/python3.11/pandas/core/interchange/__pycache__/utils.cpython-311.pyc
copying file /Users/calum/Developer/Excelerator/env/lib/python3.11/site-packages/pandas/core/interchange/__pycache__/dataframe.cpython-311.pyc -> /Users/calum/Developer/Excelerator/dist/Excelerate.app/Contents/Resources/lib/python3.11/pandas/core/interchange/__pycache__/dataframe.cpython-311.pyc
copying file /Users/calum/Developer/Excelerator/env/lib/python3.11/site-packages/pandas/core/interchange/__pycache__/buffer.cpython-311.pyc -> /Users/calum/Developer/Excelerator/dist/Excelerate.app/Contents/Resources/lib/python3.11/pandas/core/interchange/__pycache__/buffer.cpython-311.pyc
copying file /Users/calum/Developer/Excelerator/env/lib/python3.11/site-packages/pandas/core/interchange/__pycache__/__init__.cpython-311.pyc -> /Users/calum/Developer/Excelerator/dist/Excelerate.app/Contents/Resources/lib/python3.11/pandas/core/interchange/__pycache__/__init__.cpython-311.pyc
copying file /Users/calum/Developer/Excelerator/env/lib/python3.11/site-packages/pandas/core/interchange/dataframe_protocol.py -> /Users/calum/Developer/Excelerator/dist/Excelerate.app/Contents/Resources/lib/python3.11/pandas/core/interchange/dataframe_protocol.py
copying file /Users/calum/Developer/Excelerator/env/lib/python3.11/site-packages/pandas/core/interchange/utils.py -> /Users/calum/Developer/Excelerator/dist/Excelerate.app/Contents/Resources/lib/python3.11/pandas/core/interchange/utils.py
copying file /Users/calum/Developer/Excelerator/env/lib/python3.11/site-packages/pandas/core/interchange/buffer.py -> /Users/calum/Developer/Excelerator/dist/Excelerate.app/Contents/Resources/lib/python3.11/pandas/core/interchange/buffer.py
copying file /Users/calum/Developer/Excelerator/env/lib/python3.11/site-packages/pandas/core/interchange/column.py -> /Users/calum/Developer/Excelerator/dist/Excelerate.app/Contents/Resources/lib/python3.11/pandas/core/interchange/column.py
copying file /Users/calum/Developer/Excelerator/env/lib/python3.11/site-packages/pandas/core/__init__.py -> /Users/calum/Developer/Excelerator/dist/Excelerate.app/Contents/Resources/lib/python3.11/pandas/core/__init__.py
creating /Users/calum/Developer/Excelerator/dist/Excelerate.app/Contents/Resources/lib/python3.11/pandas/core/__pycache__
copying file /Users/calum/Developer/Excelerator/env/lib/python3.11/site-packages/pandas/core/__pycache__/generic.cpython-311.pyc -> /Users/calum/Developer/Excelerator/dist/Excelerate.app/Contents/Resources/lib/python3.11/pandas/core/__pycache__/generic.cpython-311.pyc
copying file /Users/calum/Developer/Excelerator/env/lib/python3.11/site-packages/pandas/core/__pycache__/api.cpython-311.pyc -> /Users/calum/Developer/Excelerator/dist/Excelerate.app/Contents/Resources/lib/python3.11/pandas/core/__pycache__/api.cpython-311.pyc
copying file /Users/calum/Developer/Excelerator/env/lib/python3.11/site-packages/pandas/core/__pycache__/base.cpython-311.pyc -> /Users/calum/Developer/Excelerator/dist/Excelerate.app/Contents/Resources/lib/python3.11/pandas/core/__pycache__/base.cpython-311.pyc
copying file /Users/calum/Developer/Excelerator/env/lib/python3.11/site-packages/pandas/core/__pycache__/missing.cpython-311.pyc -> /Users/calum/Developer/Excelerator/dist/Excelerate.app/Contents/Resources/lib/python3.11/pandas/core/__pycache__/missing.cpython-311.pyc
copying file /Users/calum/Developer/Excelerator/env/lib/python3.11/site-packages/pandas/core/__pycache__/frame.cpython-311.pyc -> /Users/calum/Developer/Excelerator/dist/Excelerate.app/Contents/Resources/lib/python3.11/pandas/core/__pycache__/frame.cpython-311.pyc
copying file /Users/calum/Developer/Excelerator/env/lib/python3.11/site-packages/pandas/core/__pycache__/apply.cpython-311.pyc -> /Users/calum/Developer/Excelerator/dist/Excelerate.app/Contents/Resources/lib/python3.11/pandas/core/__pycache__/apply.cpython-311.pyc
copying file /Users/calum/Developer/Excelerator/env/lib/python3.11/site-packages/pandas/core/__pycache__/common.cpython-311.pyc -> /Users/calum/Developer/Excelerator/dist/Excelerate.app/Contents/Resources/lib/python3.11/pandas/core/__pycache__/common.cpython-311.pyc
copying file /Users/calum/Developer/Excelerator/env/lib/python3.11/site-packages/pandas/core/__pycache__/arraylike.cpython-311.pyc -> /Users/calum/Developer/Excelerator/dist/Excelerate.app/Contents/Resources/lib/python3.11/pandas/core/__pycache__/arraylike.cpython-311.pyc
copying file /Users/calum/Developer/Excelerator/env/lib/python3.11/site-packages/pandas/core/__pycache__/series.cpython-311.pyc -> /Users/calum/Developer/Excelerator/dist/Excelerate.app/Contents/Resources/lib/python3.11/pandas/core/__pycache__/series.cpython-311.pyc
copying file /Users/calum/Developer/Excelerator/env/lib/python3.11/site-packages/pandas/core/__pycache__/sample.cpython-311.pyc -> /Users/calum/Developer/Excelerator/dist/Excelerate.app/Contents/Resources/lib/python3.11/pandas/core/__pycache__/sample.cpython-311.pyc
copying file /Users/calum/Developer/Excelerator/env/lib/python3.11/site-packages/pandas/core/__pycache__/flags.cpython-311.pyc -> /Users/calum/Developer/Excelerator/dist/Excelerate.app/Contents/Resources/lib/python3.11/pandas/core/__pycache__/flags.cpython-311.pyc
copying file /Users/calum/Developer/Excelerator/env/lib/python3.11/site-packages/pandas/core/__pycache__/roperator.cpython-311.pyc -> /Users/calum/Developer/Excelerator/dist/Excelerate.app/Contents/Resources/lib/python3.11/pandas/core/__pycache__/roperator.cpython-311.pyc
copying file /Users/calum/Developer/Excelerator/env/lib/python3.11/site-packages/pandas/core/__pycache__/resample.cpython-311.pyc -> /Users/calum/Developer/Excelerator/dist/Excelerate.app/Contents/Resources/lib/python3.11/pandas/core/__pycache__/resample.cpython-311.pyc
copying file /Users/calum/Developer/Excelerator/env/lib/python3.11/site-packages/pandas/core/__pycache__/config_init.cpython-311.pyc -> /Users/calum/Developer/Excelerator/dist/Excelerate.app/Contents/Resources/lib/python3.11/pandas/core/__pycache__/config_init.cpython-311.pyc
copying file /Users/calum/Developer/Excelerator/env/lib/python3.11/site-packages/pandas/core/__pycache__/sorting.cpython-311.pyc -> /Users/calum/Developer/Excelerator/dist/Excelerate.app/Contents/Resources/lib/python3.11/pandas/core/__pycache__/sorting.cpython-311.pyc
copying file /Users/calum/Developer/Excelerator/env/lib/python3.11/site-packages/pandas/core/__pycache__/algorithms.cpython-311.pyc -> /Users/calum/Developer/Excelerator/dist/Excelerate.app/Contents/Resources/lib/python3.11/pandas/core/__pycache__/algorithms.cpython-311.pyc
copying file /Users/calum/Developer/Excelerator/env/lib/python3.11/site-packages/pandas/core/__pycache__/nanops.cpython-311.pyc -> /Users/calum/Developer/Excelerator/dist/Excelerate.app/Contents/Resources/lib/python3.11/pandas/core/__pycache__/nanops.cpython-311.pyc
copying file /Users/calum/Developer/Excelerator/env/lib/python3.11/site-packages/pandas/core/__pycache__/indexing.cpython-311.pyc -> /Users/calum/Developer/Excelerator/dist/Excelerate.app/Contents/Resources/lib/python3.11/pandas/core/__pycache__/indexing.cpython-311.pyc
copying file /Users/calum/Developer/Excelerator/env/lib/python3.11/site-packages/pandas/core/__pycache__/construction.cpython-311.pyc -> /Users/calum/Developer/Excelerator/dist/Excelerate.app/Contents/Resources/lib/python3.11/pandas/core/__pycache__/construction.cpython-311.pyc
copying file /Users/calum/Developer/Excelerator/env/lib/python3.11/site-packages/pandas/core/__pycache__/__init__.cpython-311.pyc -> /Users/calum/Developer/Excelerator/dist/Excelerate.app/Contents/Resources/lib/python3.11/pandas/core/__pycache__/__init__.cpython-311.pyc
copying file /Users/calum/Developer/Excelerator/env/lib/python3.11/site-packages/pandas/core/__pycache__/accessor.cpython-311.pyc -> /Users/calum/Developer/Excelerator/dist/Excelerate.app/Contents/Resources/lib/python3.11/pandas/core/__pycache__/accessor.cpython-311.pyc
copying file /Users/calum/Developer/Excelerator/env/lib/python3.11/site-packages/pandas/core/__pycache__/shared_docs.cpython-311.pyc -> /Users/calum/Developer/Excelerator/dist/Excelerate.app/Contents/Resources/lib/python3.11/pandas/core/__pycache__/shared_docs.cpython-311.pyc
creating /Users/calum/Developer/Excelerator/dist/Excelerate.app/Contents/Resources/lib/python3.11/pandas/core/dtypes
copying file /Users/calum/Developer/Excelerator/env/lib/python3.11/site-packages/pandas/core/dtypes/astype.py -> /Users/calum/Developer/Excelerator/dist/Excelerate.app/Contents/Resources/lib/python3.11/pandas/core/dtypes/astype.py
copying file /Users/calum/Developer/Excelerator/env/lib/python3.11/site-packages/pandas/core/dtypes/cast.py -> /Users/calum/Developer/Excelerator/dist/Excelerate.app/Contents/Resources/lib/python3.11/pandas/core/dtypes/cast.py
copying file /Users/calum/Developer/Excelerator/env/lib/python3.11/site-packages/pandas/core/dtypes/missing.py -> /Users/calum/Developer/Excelerator/dist/Excelerate.app/Contents/Resources/lib/python3.11/pandas/core/dtypes/missing.py
copying file /Users/calum/Developer/Excelerator/env/lib/python3.11/site-packages/pandas/core/dtypes/concat.py -> /Users/calum/Developer/Excelerator/dist/Excelerate.app/Contents/Resources/lib/python3.11/pandas/core/dtypes/concat.py
copying file /Users/calum/Developer/Excelerator/env/lib/python3.11/site-packages/pandas/core/dtypes/generic.py -> /Users/calum/Developer/Excelerator/dist/Excelerate.app/Contents/Resources/lib/python3.11/pandas/core/dtypes/generic.py
copying file /Users/calum/Developer/Excelerator/env/lib/python3.11/site-packages/pandas/core/dtypes/__init__.py -> /Users/calum/Developer/Excelerator/dist/Excelerate.app/Contents/Resources/lib/python3.11/pandas/core/dtypes/__init__.py
copying file /Users/calum/Developer/Excelerator/env/lib/python3.11/site-packages/pandas/core/dtypes/dtypes.py -> /Users/calum/Developer/Excelerator/dist/Excelerate.app/Contents/Resources/lib/python3.11/pandas/core/dtypes/dtypes.py
creating /Users/calum/Developer/Excelerator/dist/Excelerate.app/Contents/Resources/lib/python3.11/pandas/core/dtypes/__pycache__
copying file /Users/calum/Developer/Excelerator/env/lib/python3.11/site-packages/pandas/core/dtypes/__pycache__/generic.cpython-311.pyc -> /Users/calum/Developer/Excelerator/dist/Excelerate.app/Contents/Resources/lib/python3.11/pandas/core/dtypes/__pycache__/generic.cpython-311.pyc
copying file /Users/calum/Developer/Excelerator/env/lib/python3.11/site-packages/pandas/core/dtypes/__pycache__/api.cpython-311.pyc -> /Users/calum/Developer/Excelerator/dist/Excelerate.app/Contents/Resources/lib/python3.11/pandas/core/dtypes/__pycache__/api.cpython-311.pyc
copying file /Users/calum/Developer/Excelerator/env/lib/python3.11/site-packages/pandas/core/dtypes/__pycache__/base.cpython-311.pyc -> /Users/calum/Developer/Excelerator/dist/Excelerate.app/Contents/Resources/lib/python3.11/pandas/core/dtypes/__pycache__/base.cpython-311.pyc
copying file /Users/calum/Developer/Excelerator/env/lib/python3.11/site-packages/pandas/core/dtypes/__pycache__/inference.cpython-311.pyc -> /Users/calum/Developer/Excelerator/dist/Excelerate.app/Contents/Resources/lib/python3.11/pandas/core/dtypes/__pycache__/inference.cpython-311.pyc
copying file /Users/calum/Developer/Excelerator/env/lib/python3.11/site-packages/pandas/core/dtypes/__pycache__/missing.cpython-311.pyc -> /Users/calum/Developer/Excelerator/dist/Excelerate.app/Contents/Resources/lib/python3.11/pandas/core/dtypes/__pycache__/missing.cpython-311.pyc
copying file /Users/calum/Developer/Excelerator/env/lib/python3.11/site-packages/pandas/core/dtypes/__pycache__/common.cpython-311.pyc -> /Users/calum/Developer/Excelerator/dist/Excelerate.app/Contents/Resources/lib/python3.11/pandas/core/dtypes/__pycache__/common.cpython-311.pyc
copying file /Users/calum/Developer/Excelerator/env/lib/python3.11/site-packages/pandas/core/dtypes/__pycache__/cast.cpython-311.pyc -> /Users/calum/Developer/Excelerator/dist/Excelerate.app/Contents/Resources/lib/python3.11/pandas/core/dtypes/__pycache__/cast.cpython-311.pyc
copying file /Users/calum/Developer/Excelerator/env/lib/python3.11/site-packages/pandas/core/dtypes/__pycache__/dtypes.cpython-311.pyc -> /Users/calum/Developer/Excelerator/dist/Excelerate.app/Contents/Resources/lib/python3.11/pandas/core/dtypes/__pycache__/dtypes.cpython-311.pyc
copying file /Users/calum/Developer/Excelerator/env/lib/python3.11/site-packages/pandas/core/dtypes/__pycache__/astype.cpython-311.pyc -> /Users/calum/Developer/Excelerator/dist/Excelerate.app/Contents/Resources/lib/python3.11/pandas/core/dtypes/__pycache__/astype.cpython-311.pyc
copying file /Users/calum/Developer/Excelerator/env/lib/python3.11/site-packages/pandas/core/dtypes/__pycache__/concat.cpython-311.pyc -> /Users/calum/Developer/Excelerator/dist/Excelerate.app/Contents/Resources/lib/python3.11/pandas/core/dtypes/__pycache__/concat.cpython-311.pyc
copying file /Users/calum/Developer/Excelerator/env/lib/python3.11/site-packages/pandas/core/dtypes/__pycache__/__init__.cpython-311.pyc -> /Users/calum/Developer/Excelerator/dist/Excelerate.app/Contents/Resources/lib/python3.11/pandas/core/dtypes/__pycache__/__init__.cpython-311.pyc
copying file /Users/calum/Developer/Excelerator/env/lib/python3.11/site-packages/pandas/core/dtypes/api.py -> /Users/calum/Developer/Excelerator/dist/Excelerate.app/Contents/Resources/lib/python3.11/pandas/core/dtypes/api.py
copying file /Users/calum/Developer/Excelerator/env/lib/python3.11/site-packages/pandas/core/dtypes/common.py -> /Users/calum/Developer/Excelerator/dist/Excelerate.app/Contents/Resources/lib/python3.11/pandas/core/dtypes/common.py
copying file /Users/calum/Developer/Excelerator/env/lib/python3.11/site-packages/pandas/core/dtypes/inference.py -> /Users/calum/Developer/Excelerator/dist/Excelerate.app/Contents/Resources/lib/python3.11/pandas/core/dtypes/inference.py
copying file /Users/calum/Developer/Excelerator/env/lib/python3.11/site-packages/pandas/core/dtypes/base.py -> /Users/calum/Developer/Excelerator/dist/Excelerate.app/Contents/Resources/lib/python3.11/pandas/core/dtypes/base.py
creating /Users/calum/Developer/Excelerator/dist/Excelerate.app/Contents/Resources/lib/python3.11/pandas/core/groupby
copying file /Users/calum/Developer/Excelerator/env/lib/python3.11/site-packages/pandas/core/groupby/categorical.py -> /Users/calum/Developer/Excelerator/dist/Excelerate.app/Contents/Resources/lib/python3.11/pandas/core/groupby/categorical.py
copying file /Users/calum/Developer/Excelerator/env/lib/python3.11/site-packages/pandas/core/groupby/generic.py -> /Users/calum/Developer/Excelerator/dist/Excelerate.app/Contents/Resources/lib/python3.11/pandas/core/groupby/generic.py
copying file /Users/calum/Developer/Excelerator/env/lib/python3.11/site-packages/pandas/core/groupby/__init__.py -> /Users/calum/Developer/Excelerator/dist/Excelerate.app/Contents/Resources/lib/python3.11/pandas/core/groupby/__init__.py
creating /Users/calum/Developer/Excelerator/dist/Excelerate.app/Contents/Resources/lib/python3.11/pandas/core/groupby/__pycache__
copying file /Users/calum/Developer/Excelerator/env/lib/python3.11/site-packages/pandas/core/groupby/__pycache__/groupby.cpython-311.pyc -> /Users/calum/Developer/Excelerator/dist/Excelerate.app/Contents/Resources/lib/python3.11/pandas/core/groupby/__pycache__/groupby.cpython-311.pyc
copying file /Users/calum/Developer/Excelerator/env/lib/python3.11/site-packages/pandas/core/groupby/__pycache__/generic.cpython-311.pyc -> /Users/calum/Developer/Excelerator/dist/Excelerate.app/Contents/Resources/lib/python3.11/pandas/core/groupby/__pycache__/generic.cpython-311.pyc
copying file /Users/calum/Developer/Excelerator/env/lib/python3.11/site-packages/pandas/core/groupby/__pycache__/base.cpython-311.pyc -> /Users/calum/Developer/Excelerator/dist/Excelerate.app/Contents/Resources/lib/python3.11/pandas/core/groupby/__pycache__/base.cpython-311.pyc
copying file /Users/calum/Developer/Excelerator/env/lib/python3.11/site-packages/pandas/core/groupby/__pycache__/grouper.cpython-311.pyc -> /Users/calum/Developer/Excelerator/dist/Excelerate.app/Contents/Resources/lib/python3.11/pandas/core/groupby/__pycache__/grouper.cpython-311.pyc
copying file /Users/calum/Developer/Excelerator/env/lib/python3.11/site-packages/pandas/core/groupby/__pycache__/numba_.cpython-311.pyc -> /Users/calum/Developer/Excelerator/dist/Excelerate.app/Contents/Resources/lib/python3.11/pandas/core/groupby/__pycache__/numba_.cpython-311.pyc
copying file /Users/calum/Developer/Excelerator/env/lib/python3.11/site-packages/pandas/core/groupby/__pycache__/categorical.cpython-311.pyc -> /Users/calum/Developer/Excelerator/dist/Excelerate.app/Contents/Resources/lib/python3.11/pandas/core/groupby/__pycache__/categorical.cpython-311.pyc
copying file /Users/calum/Developer/Excelerator/env/lib/python3.11/site-packages/pandas/core/groupby/__pycache__/ops.cpython-311.pyc -> /Users/calum/Developer/Excelerator/dist/Excelerate.app/Contents/Resources/lib/python3.11/pandas/core/groupby/__pycache__/ops.cpython-311.pyc
copying file /Users/calum/Developer/Excelerator/env/lib/python3.11/site-packages/pandas/core/groupby/__pycache__/indexing.cpython-311.pyc -> /Users/calum/Developer/Excelerator/dist/Excelerate.app/Contents/Resources/lib/python3.11/pandas/core/groupby/__pycache__/indexing.cpython-311.pyc
copying file /Users/calum/Developer/Excelerator/env/lib/python3.11/site-packages/pandas/core/groupby/__pycache__/__init__.cpython-311.pyc -> /Users/calum/Developer/Excelerator/dist/Excelerate.app/Contents/Resources/lib/python3.11/pandas/core/groupby/__pycache__/__init__.cpython-311.pyc
copying file /Users/calum/Developer/Excelerator/env/lib/python3.11/site-packages/pandas/core/groupby/ops.py -> /Users/calum/Developer/Excelerator/dist/Excelerate.app/Contents/Resources/lib/python3.11/pandas/core/groupby/ops.py
copying file /Users/calum/Developer/Excelerator/env/lib/python3.11/site-packages/pandas/core/groupby/grouper.py -> /Users/calum/Developer/Excelerator/dist/Excelerate.app/Contents/Resources/lib/python3.11/pandas/core/groupby/grouper.py
copying file /Users/calum/Developer/Excelerator/env/lib/python3.11/site-packages/pandas/core/groupby/indexing.py -> /Users/calum/Developer/Excelerator/dist/Excelerate.app/Contents/Resources/lib/python3.11/pandas/core/groupby/indexing.py
copying file /Users/calum/Developer/Excelerator/env/lib/python3.11/site-packages/pandas/core/groupby/groupby.py -> /Users/calum/Developer/Excelerator/dist/Excelerate.app/Contents/Resources/lib/python3.11/pandas/core/groupby/groupby.py
copying file /Users/calum/Developer/Excelerator/env/lib/python3.11/site-packages/pandas/core/groupby/numba_.py -> /Users/calum/Developer/Excelerator/dist/Excelerate.app/Contents/Resources/lib/python3.11/pandas/core/groupby/numba_.py
copying file /Users/calum/Developer/Excelerator/env/lib/python3.11/site-packages/pandas/core/groupby/base.py -> /Users/calum/Developer/Excelerator/dist/Excelerate.app/Contents/Resources/lib/python3.11/pandas/core/groupby/base.py
copying file /Users/calum/Developer/Excelerator/env/lib/python3.11/site-packages/pandas/core/api.py -> /Users/calum/Developer/Excelerator/dist/Excelerate.app/Contents/Resources/lib/python3.11/pandas/core/api.py
creating /Users/calum/Developer/Excelerator/dist/Excelerate.app/Contents/Resources/lib/python3.11/pandas/core/internals
copying file /Users/calum/Developer/Excelerator/env/lib/python3.11/site-packages/pandas/core/internals/concat.py -> /Users/calum/Developer/Excelerator/dist/Excelerate.app/Contents/Resources/lib/python3.11/pandas/core/internals/concat.py
copying file /Users/calum/Developer/Excelerator/env/lib/python3.11/site-packages/pandas/core/internals/construction.py -> /Users/calum/Developer/Excelerator/dist/Excelerate.app/Contents/Resources/lib/python3.11/pandas/core/internals/construction.py
copying file /Users/calum/Developer/Excelerator/env/lib/python3.11/site-packages/pandas/core/internals/__init__.py -> /Users/calum/Developer/Excelerator/dist/Excelerate.app/Contents/Resources/lib/python3.11/pandas/core/internals/__init__.py
copying file /Users/calum/Developer/Excelerator/env/lib/python3.11/site-packages/pandas/core/internals/array_manager.py -> /Users/calum/Developer/Excelerator/dist/Excelerate.app/Contents/Resources/lib/python3.11/pandas/core/internals/array_manager.py
creating /Users/calum/Developer/Excelerator/dist/Excelerate.app/Contents/Resources/lib/python3.11/pandas/core/internals/__pycache__
copying file /Users/calum/Developer/Excelerator/env/lib/python3.11/site-packages/pandas/core/internals/__pycache__/api.cpython-311.pyc -> /Users/calum/Developer/Excelerator/dist/Excelerate.app/Contents/Resources/lib/python3.11/pandas/core/internals/__pycache__/api.cpython-311.pyc
copying file /Users/calum/Developer/Excelerator/env/lib/python3.11/site-packages/pandas/core/internals/__pycache__/base.cpython-311.pyc -> /Users/calum/Developer/Excelerator/dist/Excelerate.app/Contents/Resources/lib/python3.11/pandas/core/internals/__pycache__/base.cpython-311.pyc
copying file /Users/calum/Developer/Excelerator/env/lib/python3.11/site-packages/pandas/core/internals/__pycache__/managers.cpython-311.pyc -> /Users/calum/Developer/Excelerator/dist/Excelerate.app/Contents/Resources/lib/python3.11/pandas/core/internals/__pycache__/managers.cpython-311.pyc
copying file /Users/calum/Developer/Excelerator/env/lib/python3.11/site-packages/pandas/core/internals/__pycache__/blocks.cpython-311.pyc -> /Users/calum/Developer/Excelerator/dist/Excelerate.app/Contents/Resources/lib/python3.11/pandas/core/internals/__pycache__/blocks.cpython-311.pyc
copying file /Users/calum/Developer/Excelerator/env/lib/python3.11/site-packages/pandas/core/internals/__pycache__/ops.cpython-311.pyc -> /Users/calum/Developer/Excelerator/dist/Excelerate.app/Contents/Resources/lib/python3.11/pandas/core/internals/__pycache__/ops.cpython-311.pyc
copying file /Users/calum/Developer/Excelerator/env/lib/python3.11/site-packages/pandas/core/internals/__pycache__/array_manager.cpython-311.pyc -> /Users/calum/Developer/Excelerator/dist/Excelerate.app/Contents/Resources/lib/python3.11/pandas/core/internals/__pycache__/array_manager.cpython-311.pyc
copying file /Users/calum/Developer/Excelerator/env/lib/python3.11/site-packages/pandas/core/internals/__pycache__/concat.cpython-311.pyc -> /Users/calum/Developer/Excelerator/dist/Excelerate.app/Contents/Resources/lib/python3.11/pandas/core/internals/__pycache__/concat.cpython-311.pyc
copying file /Users/calum/Developer/Excelerator/env/lib/python3.11/site-packages/pandas/core/internals/__pycache__/construction.cpython-311.pyc -> /Users/calum/Developer/Excelerator/dist/Excelerate.app/Contents/Resources/lib/python3.11/pandas/core/internals/__pycache__/construction.cpython-311.pyc
copying file /Users/calum/Developer/Excelerator/env/lib/python3.11/site-packages/pandas/core/internals/__pycache__/__init__.cpython-311.pyc -> /Users/calum/Developer/Excelerator/dist/Excelerate.app/Contents/Resources/lib/python3.11/pandas/core/internals/__pycache__/__init__.cpython-311.pyc
copying file /Users/calum/Developer/Excelerator/env/lib/python3.11/site-packages/pandas/core/internals/api.py -> /Users/calum/Developer/Excelerator/dist/Excelerate.app/Contents/Resources/lib/python3.11/pandas/core/internals/api.py
copying file /Users/calum/Developer/Excelerator/env/lib/python3.11/site-packages/pandas/core/internals/ops.py -> /Users/calum/Developer/Excelerator/dist/Excelerate.app/Contents/Resources/lib/python3.11/pandas/core/internals/ops.py
copying file /Users/calum/Developer/Excelerator/env/lib/python3.11/site-packages/pandas/core/internals/blocks.py -> /Users/calum/Developer/Excelerator/dist/Excelerate.app/Contents/Resources/lib/python3.11/pandas/core/internals/blocks.py
copying file /Users/calum/Developer/Excelerator/env/lib/python3.11/site-packages/pandas/core/internals/base.py -> /Users/calum/Developer/Excelerator/dist/Excelerate.app/Contents/Resources/lib/python3.11/pandas/core/internals/base.py
copying file /Users/calum/Developer/Excelerator/env/lib/python3.11/site-packages/pandas/core/internals/managers.py -> /Users/calum/Developer/Excelerator/dist/Excelerate.app/Contents/Resources/lib/python3.11/pandas/core/internals/managers.py
creating /Users/calum/Developer/Excelerator/dist/Excelerate.app/Contents/Resources/lib/python3.11/pandas/core/computation
copying file /Users/calum/Developer/Excelerator/env/lib/python3.11/site-packages/pandas/core/computation/parsing.py -> /Users/calum/Developer/Excelerator/dist/Excelerate.app/Contents/Resources/lib/python3.11/pandas/core/computation/parsing.py
copying file /Users/calum/Developer/Excelerator/env/lib/python3.11/site-packages/pandas/core/computation/check.py -> /Users/calum/Developer/Excelerator/dist/Excelerate.app/Contents/Resources/lib/python3.11/pandas/core/computation/check.py
copying file /Users/calum/Developer/Excelerator/env/lib/python3.11/site-packages/pandas/core/computation/align.py -> /Users/calum/Developer/Excelerator/dist/Excelerate.app/Contents/Resources/lib/python3.11/pandas/core/computation/align.py
copying file /Users/calum/Developer/Excelerator/env/lib/python3.11/site-packages/pandas/core/computation/pytables.py -> /Users/calum/Developer/Excelerator/dist/Excelerate.app/Contents/Resources/lib/python3.11/pandas/core/computation/pytables.py
copying file /Users/calum/Developer/Excelerator/env/lib/python3.11/site-packages/pandas/core/computation/engines.py -> /Users/calum/Developer/Excelerator/dist/Excelerate.app/Contents/Resources/lib/python3.11/pandas/core/computation/engines.py
copying file /Users/calum/Developer/Excelerator/env/lib/python3.11/site-packages/pandas/core/computation/expressions.py -> /Users/calum/Developer/Excelerator/dist/Excelerate.app/Contents/Resources/lib/python3.11/pandas/core/computation/expressions.py
copying file /Users/calum/Developer/Excelerator/env/lib/python3.11/site-packages/pandas/core/computation/__init__.py -> /Users/calum/Developer/Excelerator/dist/Excelerate.app/Contents/Resources/lib/python3.11/pandas/core/computation/__init__.py
creating /Users/calum/Developer/Excelerator/dist/Excelerate.app/Contents/Resources/lib/python3.11/pandas/core/computation/__pycache__
copying file /Users/calum/Developer/Excelerator/env/lib/python3.11/site-packages/pandas/core/computation/__pycache__/expressions.cpython-311.pyc -> /Users/calum/Developer/Excelerator/dist/Excelerate.app/Contents/Resources/lib/python3.11/pandas/core/computation/__pycache__/expressions.cpython-311.pyc
copying file /Users/calum/Developer/Excelerator/env/lib/python3.11/site-packages/pandas/core/computation/__pycache__/api.cpython-311.pyc -> /Users/calum/Developer/Excelerator/dist/Excelerate.app/Contents/Resources/lib/python3.11/pandas/core/computation/__pycache__/api.cpython-311.pyc
copying file /Users/calum/Developer/Excelerator/env/lib/python3.11/site-packages/pandas/core/computation/__pycache__/pytables.cpython-311.pyc -> /Users/calum/Developer/Excelerator/dist/Excelerate.app/Contents/Resources/lib/python3.11/pandas/core/computation/__pycache__/pytables.cpython-311.pyc
copying file /Users/calum/Developer/Excelerator/env/lib/python3.11/site-packages/pandas/core/computation/__pycache__/check.cpython-311.pyc -> /Users/calum/Developer/Excelerator/dist/Excelerate.app/Contents/Resources/lib/python3.11/pandas/core/computation/__pycache__/check.cpython-311.pyc
copying file /Users/calum/Developer/Excelerator/env/lib/python3.11/site-packages/pandas/core/computation/__pycache__/common.cpython-311.pyc -> /Users/calum/Developer/Excelerator/dist/Excelerate.app/Contents/Resources/lib/python3.11/pandas/core/computation/__pycache__/common.cpython-311.pyc
copying file /Users/calum/Developer/Excelerator/env/lib/python3.11/site-packages/pandas/core/computation/__pycache__/scope.cpython-311.pyc -> /Users/calum/Developer/Excelerator/dist/Excelerate.app/Contents/Resources/lib/python3.11/pandas/core/computation/__pycache__/scope.cpython-311.pyc
copying file /Users/calum/Developer/Excelerator/env/lib/python3.11/site-packages/pandas/core/computation/__pycache__/engines.cpython-311.pyc -> /Users/calum/Developer/Excelerator/dist/Excelerate.app/Contents/Resources/lib/python3.11/pandas/core/computation/__pycache__/engines.cpython-311.pyc
copying file /Users/calum/Developer/Excelerator/env/lib/python3.11/site-packages/pandas/core/computation/__pycache__/ops.cpython-311.pyc -> /Users/calum/Developer/Excelerator/dist/Excelerate.app/Contents/Resources/lib/python3.11/pandas/core/computation/__pycache__/ops.cpython-311.pyc
copying file /Users/calum/Developer/Excelerator/env/lib/python3.11/site-packages/pandas/core/computation/__pycache__/eval.cpython-311.pyc -> /Users/calum/Developer/Excelerator/dist/Excelerate.app/Contents/Resources/lib/python3.11/pandas/core/computation/__pycache__/eval.cpython-311.pyc
copying file /Users/calum/Developer/Excelerator/env/lib/python3.11/site-packages/pandas/core/computation/__pycache__/align.cpython-311.pyc -> /Users/calum/Developer/Excelerator/dist/Excelerate.app/Contents/Resources/lib/python3.11/pandas/core/computation/__pycache__/align.cpython-311.pyc
copying file /Users/calum/Developer/Excelerator/env/lib/python3.11/site-packages/pandas/core/computation/__pycache__/parsing.cpython-311.pyc -> /Users/calum/Developer/Excelerator/dist/Excelerate.app/Contents/Resources/lib/python3.11/pandas/core/computation/__pycache__/parsing.cpython-311.pyc
copying file /Users/calum/Developer/Excelerator/env/lib/python3.11/site-packages/pandas/core/computation/__pycache__/__init__.cpython-311.pyc -> /Users/calum/Developer/Excelerator/dist/Excelerate.app/Contents/Resources/lib/python3.11/pandas/core/computation/__pycache__/__init__.cpython-311.pyc
copying file /Users/calum/Developer/Excelerator/env/lib/python3.11/site-packages/pandas/core/computation/__pycache__/expr.cpython-311.pyc -> /Users/calum/Developer/Excelerator/dist/Excelerate.app/Contents/Resources/lib/python3.11/pandas/core/computation/__pycache__/expr.cpython-311.pyc
copying file /Users/calum/Developer/Excelerator/env/lib/python3.11/site-packages/pandas/core/computation/api.py -> /Users/calum/Developer/Excelerator/dist/Excelerate.app/Contents/Resources/lib/python3.11/pandas/core/computation/api.py
copying file /Users/calum/Developer/Excelerator/env/lib/python3.11/site-packages/pandas/core/computation/ops.py -> /Users/calum/Developer/Excelerator/dist/Excelerate.app/Contents/Resources/lib/python3.11/pandas/core/computation/ops.py
copying file /Users/calum/Developer/Excelerator/env/lib/python3.11/site-packages/pandas/core/computation/common.py -> /Users/calum/Developer/Excelerator/dist/Excelerate.app/Contents/Resources/lib/python3.11/pandas/core/computation/common.py
copying file /Users/calum/Developer/Excelerator/env/lib/python3.11/site-packages/pandas/core/computation/eval.py -> /Users/calum/Developer/Excelerator/dist/Excelerate.app/Contents/Resources/lib/python3.11/pandas/core/computation/eval.py
copying file /Users/calum/Developer/Excelerator/env/lib/python3.11/site-packages/pandas/core/computation/scope.py -> /Users/calum/Developer/Excelerator/dist/Excelerate.app/Contents/Resources/lib/python3.11/pandas/core/computation/scope.py
copying file /Users/calum/Developer/Excelerator/env/lib/python3.11/site-packages/pandas/core/computation/expr.py -> /Users/calum/Developer/Excelerator/dist/Excelerate.app/Contents/Resources/lib/python3.11/pandas/core/computation/expr.py
copying file /Users/calum/Developer/Excelerator/env/lib/python3.11/site-packages/pandas/core/common.py -> /Users/calum/Developer/Excelerator/dist/Excelerate.app/Contents/Resources/lib/python3.11/pandas/core/common.py
creating /Users/calum/Developer/Excelerator/dist/Excelerate.app/Contents/Resources/lib/python3.11/pandas/core/_numba
creating /Users/calum/Developer/Excelerator/dist/Excelerate.app/Contents/Resources/lib/python3.11/pandas/core/_numba/kernels
copying file /Users/calum/Developer/Excelerator/env/lib/python3.11/site-packages/pandas/core/_numba/kernels/sum_.py -> /Users/calum/Developer/Excelerator/dist/Excelerate.app/Contents/Resources/lib/python3.11/pandas/core/_numba/kernels/sum_.py
copying file /Users/calum/Developer/Excelerator/env/lib/python3.11/site-packages/pandas/core/_numba/kernels/min_max_.py -> /Users/calum/Developer/Excelerator/dist/Excelerate.app/Contents/Resources/lib/python3.11/pandas/core/_numba/kernels/min_max_.py
copying file /Users/calum/Developer/Excelerator/env/lib/python3.11/site-packages/pandas/core/_numba/kernels/__init__.py -> /Users/calum/Developer/Excelerator/dist/Excelerate.app/Contents/Resources/lib/python3.11/pandas/core/_numba/kernels/__init__.py
copying file /Users/calum/Developer/Excelerator/env/lib/python3.11/site-packages/pandas/core/_numba/kernels/mean_.py -> /Users/calum/Developer/Excelerator/dist/Excelerate.app/Contents/Resources/lib/python3.11/pandas/core/_numba/kernels/mean_.py
creating /Users/calum/Developer/Excelerator/dist/Excelerate.app/Contents/Resources/lib/python3.11/pandas/core/_numba/kernels/__pycache__
copying file /Users/calum/Developer/Excelerator/env/lib/python3.11/site-packages/pandas/core/_numba/kernels/__pycache__/var_.cpython-311.pyc -> /Users/calum/Developer/Excelerator/dist/Excelerate.app/Contents/Resources/lib/python3.11/pandas/core/_numba/kernels/__pycache__/var_.cpython-311.pyc
copying file /Users/calum/Developer/Excelerator/env/lib/python3.11/site-packages/pandas/core/_numba/kernels/__pycache__/shared.cpython-311.pyc -> /Users/calum/Developer/Excelerator/dist/Excelerate.app/Contents/Resources/lib/python3.11/pandas/core/_numba/kernels/__pycache__/shared.cpython-311.pyc
copying file /Users/calum/Developer/Excelerator/env/lib/python3.11/site-packages/pandas/core/_numba/kernels/__pycache__/sum_.cpython-311.pyc -> /Users/calum/Developer/Excelerator/dist/Excelerate.app/Contents/Resources/lib/python3.11/pandas/core/_numba/kernels/__pycache__/sum_.cpython-311.pyc
copying file /Users/calum/Developer/Excelerator/env/lib/python3.11/site-packages/pandas/core/_numba/kernels/__pycache__/mean_.cpython-311.pyc -> /Users/calum/Developer/Excelerator/dist/Excelerate.app/Contents/Resources/lib/python3.11/pandas/core/_numba/kernels/__pycache__/mean_.cpython-311.pyc
copying file /Users/calum/Developer/Excelerator/env/lib/python3.11/site-packages/pandas/core/_numba/kernels/__pycache__/min_max_.cpython-311.pyc -> /Users/calum/Developer/Excelerator/dist/Excelerate.app/Contents/Resources/lib/python3.11/pandas/core/_numba/kernels/__pycache__/min_max_.cpython-311.pyc
copying file /Users/calum/Developer/Excelerator/env/lib/python3.11/site-packages/pandas/core/_numba/kernels/__pycache__/__init__.cpython-311.pyc -> /Users/calum/Developer/Excelerator/dist/Excelerate.app/Contents/Resources/lib/python3.11/pandas/core/_numba/kernels/__pycache__/__init__.cpython-311.pyc
copying file /Users/calum/Developer/Excelerator/env/lib/python3.11/site-packages/pandas/core/_numba/kernels/shared.py -> /Users/calum/Developer/Excelerator/dist/Excelerate.app/Contents/Resources/lib/python3.11/pandas/core/_numba/kernels/shared.py
copying file /Users/calum/Developer/Excelerator/env/lib/python3.11/site-packages/pandas/core/_numba/kernels/var_.py -> /Users/calum/Developer/Excelerator/dist/Excelerate.app/Contents/Resources/lib/python3.11/pandas/core/_numba/kernels/var_.py
copying file /Users/calum/Developer/Excelerator/env/lib/python3.11/site-packages/pandas/core/_numba/__init__.py -> /Users/calum/Developer/Excelerator/dist/Excelerate.app/Contents/Resources/lib/python3.11/pandas/core/_numba/__init__.py
creating /Users/calum/Developer/Excelerator/dist/Excelerate.app/Contents/Resources/lib/python3.11/pandas/core/_numba/__pycache__
copying file /Users/calum/Developer/Excelerator/env/lib/python3.11/site-packages/pandas/core/_numba/__pycache__/executor.cpython-311.pyc -> /Users/calum/Developer/Excelerator/dist/Excelerate.app/Contents/Resources/lib/python3.11/pandas/core/_numba/__pycache__/executor.cpython-311.pyc
copying file /Users/calum/Developer/Excelerator/env/lib/python3.11/site-packages/pandas/core/_numba/__pycache__/extensions.cpython-311.pyc -> /Users/calum/Developer/Excelerator/dist/Excelerate.app/Contents/Resources/lib/python3.11/pandas/core/_numba/__pycache__/extensions.cpython-311.pyc
copying file /Users/calum/Developer/Excelerator/env/lib/python3.11/site-packages/pandas/core/_numba/__pycache__/__init__.cpython-311.pyc -> /Users/calum/Developer/Excelerator/dist/Excelerate.app/Contents/Resources/lib/python3.11/pandas/core/_numba/__pycache__/__init__.cpython-311.pyc
copying file /Users/calum/Developer/Excelerator/env/lib/python3.11/site-packages/pandas/core/_numba/extensions.py -> /Users/calum/Developer/Excelerator/dist/Excelerate.app/Contents/Resources/lib/python3.11/pandas/core/_numba/extensions.py
copying file /Users/calum/Developer/Excelerator/env/lib/python3.11/site-packages/pandas/core/_numba/executor.py -> /Users/calum/Developer/Excelerator/dist/Excelerate.app/Contents/Resources/lib/python3.11/pandas/core/_numba/executor.py
creating /Users/calum/Developer/Excelerator/dist/Excelerate.app/Contents/Resources/lib/python3.11/pandas/core/window
copying file /Users/calum/Developer/Excelerator/env/lib/python3.11/site-packages/pandas/core/window/ewm.py -> /Users/calum/Developer/Excelerator/dist/Excelerate.app/Contents/Resources/lib/python3.11/pandas/core/window/ewm.py
copying file /Users/calum/Developer/Excelerator/env/lib/python3.11/site-packages/pandas/core/window/online.py -> /Users/calum/Developer/Excelerator/dist/Excelerate.app/Contents/Resources/lib/python3.11/pandas/core/window/online.py
copying file /Users/calum/Developer/Excelerator/env/lib/python3.11/site-packages/pandas/core/window/__init__.py -> /Users/calum/Developer/Excelerator/dist/Excelerate.app/Contents/Resources/lib/python3.11/pandas/core/window/__init__.py
creating /Users/calum/Developer/Excelerator/dist/Excelerate.app/Contents/Resources/lib/python3.11/pandas/core/window/__pycache__
copying file /Users/calum/Developer/Excelerator/env/lib/python3.11/site-packages/pandas/core/window/__pycache__/common.cpython-311.pyc -> /Users/calum/Developer/Excelerator/dist/Excelerate.app/Contents/Resources/lib/python3.11/pandas/core/window/__pycache__/common.cpython-311.pyc
copying file /Users/calum/Developer/Excelerator/env/lib/python3.11/site-packages/pandas/core/window/__pycache__/ewm.cpython-311.pyc -> /Users/calum/Developer/Excelerator/dist/Excelerate.app/Contents/Resources/lib/python3.11/pandas/core/window/__pycache__/ewm.cpython-311.pyc
copying file /Users/calum/Developer/Excelerator/env/lib/python3.11/site-packages/pandas/core/window/__pycache__/rolling.cpython-311.pyc -> /Users/calum/Developer/Excelerator/dist/Excelerate.app/Contents/Resources/lib/python3.11/pandas/core/window/__pycache__/rolling.cpython-311.pyc
copying file /Users/calum/Developer/Excelerator/env/lib/python3.11/site-packages/pandas/core/window/__pycache__/numba_.cpython-311.pyc -> /Users/calum/Developer/Excelerator/dist/Excelerate.app/Contents/Resources/lib/python3.11/pandas/core/window/__pycache__/numba_.cpython-311.pyc
copying file /Users/calum/Developer/Excelerator/env/lib/python3.11/site-packages/pandas/core/window/__pycache__/expanding.cpython-311.pyc -> /Users/calum/Developer/Excelerator/dist/Excelerate.app/Contents/Resources/lib/python3.11/pandas/core/window/__pycache__/expanding.cpython-311.pyc
copying file /Users/calum/Developer/Excelerator/env/lib/python3.11/site-packages/pandas/core/window/__pycache__/online.cpython-311.pyc -> /Users/calum/Developer/Excelerator/dist/Excelerate.app/Contents/Resources/lib/python3.11/pandas/core/window/__pycache__/online.cpython-311.pyc
copying file /Users/calum/Developer/Excelerator/env/lib/python3.11/site-packages/pandas/core/window/__pycache__/__init__.cpython-311.pyc -> /Users/calum/Developer/Excelerator/dist/Excelerate.app/Contents/Resources/lib/python3.11/pandas/core/window/__pycache__/__init__.cpython-311.pyc
copying file /Users/calum/Developer/Excelerator/env/lib/python3.11/site-packages/pandas/core/window/__pycache__/doc.cpython-311.pyc -> /Users/calum/Developer/Excelerator/dist/Excelerate.app/Contents/Resources/lib/python3.11/pandas/core/window/__pycache__/doc.cpython-311.pyc
copying file /Users/calum/Developer/Excelerator/env/lib/python3.11/site-packages/pandas/core/window/rolling.py -> /Users/calum/Developer/Excelerator/dist/Excelerate.app/Contents/Resources/lib/python3.11/pandas/core/window/rolling.py
copying file /Users/calum/Developer/Excelerator/env/lib/python3.11/site-packages/pandas/core/window/common.py -> /Users/calum/Developer/Excelerator/dist/Excelerate.app/Contents/Resources/lib/python3.11/pandas/core/window/common.py
copying file /Users/calum/Developer/Excelerator/env/lib/python3.11/site-packages/pandas/core/window/doc.py -> /Users/calum/Developer/Excelerator/dist/Excelerate.app/Contents/Resources/lib/python3.11/pandas/core/window/doc.py
copying file /Users/calum/Developer/Excelerator/env/lib/python3.11/site-packages/pandas/core/window/numba_.py -> /Users/calum/Developer/Excelerator/dist/Excelerate.app/Contents/Resources/lib/python3.11/pandas/core/window/numba_.py
copying file /Users/calum/Developer/Excelerator/env/lib/python3.11/site-packages/pandas/core/window/expanding.py -> /Users/calum/Developer/Excelerator/dist/Excelerate.app/Contents/Resources/lib/python3.11/pandas/core/window/expanding.py
creating /Users/calum/Developer/Excelerator/dist/Excelerate.app/Contents/Resources/lib/python3.11/pandas/core/arrays
copying file /Users/calum/Developer/Excelerator/env/lib/python3.11/site-packages/pandas/core/arrays/floating.py -> /Users/calum/Developer/Excelerator/dist/Excelerate.app/Contents/Resources/lib/python3.11/pandas/core/arrays/floating.py
copying file /Users/calum/Developer/Excelerator/env/lib/python3.11/site-packages/pandas/core/arrays/categorical.py -> /Users/calum/Developer/Excelerator/dist/Excelerate.app/Contents/Resources/lib/python3.11/pandas/core/arrays/categorical.py
copying file /Users/calum/Developer/Excelerator/env/lib/python3.11/site-packages/pandas/core/arrays/interval.py -> /Users/calum/Developer/Excelerator/dist/Excelerate.app/Contents/Resources/lib/python3.11/pandas/core/arrays/interval.py
copying file /Users/calum/Developer/Excelerator/env/lib/python3.11/site-packages/pandas/core/arrays/_arrow_string_mixins.py -> /Users/calum/Developer/Excelerator/dist/Excelerate.app/Contents/Resources/lib/python3.11/pandas/core/arrays/_arrow_string_mixins.py
creating /Users/calum/Developer/Excelerator/dist/Excelerate.app/Contents/Resources/lib/python3.11/pandas/core/arrays/arrow
copying file /Users/calum/Developer/Excelerator/env/lib/python3.11/site-packages/pandas/core/arrays/arrow/accessors.py -> /Users/calum/Developer/Excelerator/dist/Excelerate.app/Contents/Resources/lib/python3.11/pandas/core/arrays/arrow/accessors.py
copying file /Users/calum/Developer/Excelerator/env/lib/python3.11/site-packages/pandas/core/arrays/arrow/_arrow_utils.py -> /Users/calum/Developer/Excelerator/dist/Excelerate.app/Contents/Resources/lib/python3.11/pandas/core/arrays/arrow/_arrow_utils.py
copying file /Users/calum/Developer/Excelerator/env/lib/python3.11/site-packages/pandas/core/arrays/arrow/__init__.py -> /Users/calum/Developer/Excelerator/dist/Excelerate.app/Contents/Resources/lib/python3.11/pandas/core/arrays/arrow/__init__.py
copying file /Users/calum/Developer/Excelerator/env/lib/python3.11/site-packages/pandas/core/arrays/arrow/extension_types.py -> /Users/calum/Developer/Excelerator/dist/Excelerate.app/Contents/Resources/lib/python3.11/pandas/core/arrays/arrow/extension_types.py
creating /Users/calum/Developer/Excelerator/dist/Excelerate.app/Contents/Resources/lib/python3.11/pandas/core/arrays/arrow/__pycache__
copying file /Users/calum/Developer/Excelerator/env/lib/python3.11/site-packages/pandas/core/arrays/arrow/__pycache__/extension_types.cpython-311.pyc -> /Users/calum/Developer/Excelerator/dist/Excelerate.app/Contents/Resources/lib/python3.11/pandas/core/arrays/arrow/__pycache__/extension_types.cpython-311.pyc
copying file /Users/calum/Developer/Excelerator/env/lib/python3.11/site-packages/pandas/core/arrays/arrow/__pycache__/array.cpython-311.pyc -> /Users/calum/Developer/Excelerator/dist/Excelerate.app/Contents/Resources/lib/python3.11/pandas/core/arrays/arrow/__pycache__/array.cpython-311.pyc
copying file /Users/calum/Developer/Excelerator/env/lib/python3.11/site-packages/pandas/core/arrays/arrow/__pycache__/_arrow_utils.cpython-311.pyc -> /Users/calum/Developer/Excelerator/dist/Excelerate.app/Contents/Resources/lib/python3.11/pandas/core/arrays/arrow/__pycache__/_arrow_utils.cpython-311.pyc
copying file /Users/calum/Developer/Excelerator/env/lib/python3.11/site-packages/pandas/core/arrays/arrow/__pycache__/accessors.cpython-311.pyc -> /Users/calum/Developer/Excelerator/dist/Excelerate.app/Contents/Resources/lib/python3.11/pandas/core/arrays/arrow/__pycache__/accessors.cpython-311.pyc
copying file /Users/calum/Developer/Excelerator/env/lib/python3.11/site-packages/pandas/core/arrays/arrow/__pycache__/__init__.cpython-311.pyc -> /Users/calum/Developer/Excelerator/dist/Excelerate.app/Contents/Resources/lib/python3.11/pandas/core/arrays/arrow/__pycache__/__init__.cpython-311.pyc
copying file /Users/calum/Developer/Excelerator/env/lib/python3.11/site-packages/pandas/core/arrays/arrow/array.py -> /Users/calum/Developer/Excelerator/dist/Excelerate.app/Contents/Resources/lib/python3.11/pandas/core/arrays/arrow/array.py
copying file /Users/calum/Developer/Excelerator/env/lib/python3.11/site-packages/pandas/core/arrays/timedeltas.py -> /Users/calum/Developer/Excelerator/dist/Excelerate.app/Contents/Resources/lib/python3.11/pandas/core/arrays/timedeltas.py
copying file /Users/calum/Developer/Excelerator/env/lib/python3.11/site-packages/pandas/core/arrays/datetimes.py -> /Users/calum/Developer/Excelerator/dist/Excelerate.app/Contents/Resources/lib/python3.11/pandas/core/arrays/datetimes.py
copying file /Users/calum/Developer/Excelerator/env/lib/python3.11/site-packages/pandas/core/arrays/string_.py -> /Users/calum/Developer/Excelerator/dist/Excelerate.app/Contents/Resources/lib/python3.11/pandas/core/arrays/string_.py
copying file /Users/calum/Developer/Excelerator/env/lib/python3.11/site-packages/pandas/core/arrays/__init__.py -> /Users/calum/Developer/Excelerator/dist/Excelerate.app/Contents/Resources/lib/python3.11/pandas/core/arrays/__init__.py
copying file /Users/calum/Developer/Excelerator/env/lib/python3.11/site-packages/pandas/core/arrays/numpy_.py -> /Users/calum/Developer/Excelerator/dist/Excelerate.app/Contents/Resources/lib/python3.11/pandas/core/arrays/numpy_.py
copying file /Users/calum/Developer/Excelerator/env/lib/python3.11/site-packages/pandas/core/arrays/_ranges.py -> /Users/calum/Developer/Excelerator/dist/Excelerate.app/Contents/Resources/lib/python3.11/pandas/core/arrays/_ranges.py
creating /Users/calum/Developer/Excelerator/dist/Excelerate.app/Contents/Resources/lib/python3.11/pandas/core/arrays/__pycache__
copying file /Users/calum/Developer/Excelerator/env/lib/python3.11/site-packages/pandas/core/arrays/__pycache__/datetimelike.cpython-311.pyc -> /Users/calum/Developer/Excelerator/dist/Excelerate.app/Contents/Resources/lib/python3.11/pandas/core/arrays/__pycache__/datetimelike.cpython-311.pyc
copying file /Users/calum/Developer/Excelerator/env/lib/python3.11/site-packages/pandas/core/arrays/__pycache__/period.cpython-311.pyc -> /Users/calum/Developer/Excelerator/dist/Excelerate.app/Contents/Resources/lib/python3.11/pandas/core/arrays/__pycache__/period.cpython-311.pyc
copying file /Users/calum/Developer/Excelerator/env/lib/python3.11/site-packages/pandas/core/arrays/__pycache__/masked.cpython-311.pyc -> /Users/calum/Developer/Excelerator/dist/Excelerate.app/Contents/Resources/lib/python3.11/pandas/core/arrays/__pycache__/masked.cpython-311.pyc
copying file /Users/calum/Developer/Excelerator/env/lib/python3.11/site-packages/pandas/core/arrays/__pycache__/base.cpython-311.pyc -> /Users/calum/Developer/Excelerator/dist/Excelerate.app/Contents/Resources/lib/python3.11/pandas/core/arrays/__pycache__/base.cpython-311.pyc
copying file /Users/calum/Developer/Excelerator/env/lib/python3.11/site-packages/pandas/core/arrays/__pycache__/floating.cpython-311.pyc -> /Users/calum/Developer/Excelerator/dist/Excelerate.app/Contents/Resources/lib/python3.11/pandas/core/arrays/__pycache__/floating.cpython-311.pyc
copying file /Users/calum/Developer/Excelerator/env/lib/python3.11/site-packages/pandas/core/arrays/__pycache__/string_arrow.cpython-311.pyc -> /Users/calum/Developer/Excelerator/dist/Excelerate.app/Contents/Resources/lib/python3.11/pandas/core/arrays/__pycache__/string_arrow.cpython-311.pyc
copying file /Users/calum/Developer/Excelerator/env/lib/python3.11/site-packages/pandas/core/arrays/__pycache__/string_.cpython-311.pyc -> /Users/calum/Developer/Excelerator/dist/Excelerate.app/Contents/Resources/lib/python3.11/pandas/core/arrays/__pycache__/string_.cpython-311.pyc
copying file /Users/calum/Developer/Excelerator/env/lib/python3.11/site-packages/pandas/core/arrays/__pycache__/numpy_.cpython-311.pyc -> /Users/calum/Developer/Excelerator/dist/Excelerate.app/Contents/Resources/lib/python3.11/pandas/core/arrays/__pycache__/numpy_.cpython-311.pyc
copying file /Users/calum/Developer/Excelerator/env/lib/python3.11/site-packages/pandas/core/arrays/__pycache__/_arrow_string_mixins.cpython-311.pyc -> /Users/calum/Developer/Excelerator/dist/Excelerate.app/Contents/Resources/lib/python3.11/pandas/core/arrays/__pycache__/_arrow_string_mixins.cpython-311.pyc
copying file /Users/calum/Developer/Excelerator/env/lib/python3.11/site-packages/pandas/core/arrays/__pycache__/_utils.cpython-311.pyc -> /Users/calum/Developer/Excelerator/dist/Excelerate.app/Contents/Resources/lib/python3.11/pandas/core/arrays/__pycache__/_utils.cpython-311.pyc
copying file /Users/calum/Developer/Excelerator/env/lib/python3.11/site-packages/pandas/core/arrays/__pycache__/boolean.cpython-311.pyc -> /Users/calum/Developer/Excelerator/dist/Excelerate.app/Contents/Resources/lib/python3.11/pandas/core/arrays/__pycache__/boolean.cpython-311.pyc
copying file /Users/calum/Developer/Excelerator/env/lib/python3.11/site-packages/pandas/core/arrays/__pycache__/categorical.cpython-311.pyc -> /Users/calum/Developer/Excelerator/dist/Excelerate.app/Contents/Resources/lib/python3.11/pandas/core/arrays/__pycache__/categorical.cpython-311.pyc
copying file /Users/calum/Developer/Excelerator/env/lib/python3.11/site-packages/pandas/core/arrays/__pycache__/_mixins.cpython-311.pyc -> /Users/calum/Developer/Excelerator/dist/Excelerate.app/Contents/Resources/lib/python3.11/pandas/core/arrays/__pycache__/_mixins.cpython-311.pyc
copying file /Users/calum/Developer/Excelerator/env/lib/python3.11/site-packages/pandas/core/arrays/__pycache__/interval.cpython-311.pyc -> /Users/calum/Developer/Excelerator/dist/Excelerate.app/Contents/Resources/lib/python3.11/pandas/core/arrays/__pycache__/interval.cpython-311.pyc
copying file /Users/calum/Developer/Excelerator/env/lib/python3.11/site-packages/pandas/core/arrays/__pycache__/integer.cpython-311.pyc -> /Users/calum/Developer/Excelerator/dist/Excelerate.app/Contents/Resources/lib/python3.11/pandas/core/arrays/__pycache__/integer.cpython-311.pyc
copying file /Users/calum/Developer/Excelerator/env/lib/python3.11/site-packages/pandas/core/arrays/__pycache__/datetimes.cpython-311.pyc -> /Users/calum/Developer/Excelerator/dist/Excelerate.app/Contents/Resources/lib/python3.11/pandas/core/arrays/__pycache__/datetimes.cpython-311.pyc
copying file /Users/calum/Developer/Excelerator/env/lib/python3.11/site-packages/pandas/core/arrays/__pycache__/timedeltas.cpython-311.pyc -> /Users/calum/Developer/Excelerator/dist/Excelerate.app/Contents/Resources/lib/python3.11/pandas/core/arrays/__pycache__/timedeltas.cpython-311.pyc
copying file /Users/calum/Developer/Excelerator/env/lib/python3.11/site-packages/pandas/core/arrays/__pycache__/_ranges.cpython-311.pyc -> /Users/calum/Developer/Excelerator/dist/Excelerate.app/Contents/Resources/lib/python3.11/pandas/core/arrays/__pycache__/_ranges.cpython-311.pyc
copying file /Users/calum/Developer/Excelerator/env/lib/python3.11/site-packages/pandas/core/arrays/__pycache__/numeric.cpython-311.pyc -> /Users/calum/Developer/Excelerator/dist/Excelerate.app/Contents/Resources/lib/python3.11/pandas/core/arrays/__pycache__/numeric.cpython-311.pyc
copying file /Users/calum/Developer/Excelerator/env/lib/python3.11/site-packages/pandas/core/arrays/__pycache__/__init__.cpython-311.pyc -> /Users/calum/Developer/Excelerator/dist/Excelerate.app/Contents/Resources/lib/python3.11/pandas/core/arrays/__pycache__/__init__.cpython-311.pyc
copying file /Users/calum/Developer/Excelerator/env/lib/python3.11/site-packages/pandas/core/arrays/string_arrow.py -> /Users/calum/Developer/Excelerator/dist/Excelerate.app/Contents/Resources/lib/python3.11/pandas/core/arrays/string_arrow.py
copying file /Users/calum/Developer/Excelerator/env/lib/python3.11/site-packages/pandas/core/arrays/boolean.py -> /Users/calum/Developer/Excelerator/dist/Excelerate.app/Contents/Resources/lib/python3.11/pandas/core/arrays/boolean.py
copying file /Users/calum/Developer/Excelerator/env/lib/python3.11/site-packages/pandas/core/arrays/integer.py -> /Users/calum/Developer/Excelerator/dist/Excelerate.app/Contents/Resources/lib/python3.11/pandas/core/arrays/integer.py
copying file /Users/calum/Developer/Excelerator/env/lib/python3.11/site-packages/pandas/core/arrays/masked.py -> /Users/calum/Developer/Excelerator/dist/Excelerate.app/Contents/Resources/lib/python3.11/pandas/core/arrays/masked.py
copying file /Users/calum/Developer/Excelerator/env/lib/python3.11/site-packages/pandas/core/arrays/period.py -> /Users/calum/Developer/Excelerator/dist/Excelerate.app/Contents/Resources/lib/python3.11/pandas/core/arrays/period.py
copying file /Users/calum/Developer/Excelerator/env/lib/python3.11/site-packages/pandas/core/arrays/numeric.py -> /Users/calum/Developer/Excelerator/dist/Excelerate.app/Contents/Resources/lib/python3.11/pandas/core/arrays/numeric.py
copying file /Users/calum/Developer/Excelerator/env/lib/python3.11/site-packages/pandas/core/arrays/datetimelike.py -> /Users/calum/Developer/Excelerator/dist/Excelerate.app/Contents/Resources/lib/python3.11/pandas/core/arrays/datetimelike.py
creating /Users/calum/Developer/Excelerator/dist/Excelerate.app/Contents/Resources/lib/python3.11/pandas/core/arrays/sparse
copying file /Users/calum/Developer/Excelerator/env/lib/python3.11/site-packages/pandas/core/arrays/sparse/accessor.py -> /Users/calum/Developer/Excelerator/dist/Excelerate.app/Contents/Resources/lib/python3.11/pandas/core/arrays/sparse/accessor.py
copying file /Users/calum/Developer/Excelerator/env/lib/python3.11/site-packages/pandas/core/arrays/sparse/scipy_sparse.py -> /Users/calum/Developer/Excelerator/dist/Excelerate.app/Contents/Resources/lib/python3.11/pandas/core/arrays/sparse/scipy_sparse.py
copying file /Users/calum/Developer/Excelerator/env/lib/python3.11/site-packages/pandas/core/arrays/sparse/__init__.py -> /Users/calum/Developer/Excelerator/dist/Excelerate.app/Contents/Resources/lib/python3.11/pandas/core/arrays/sparse/__init__.py
creating /Users/calum/Developer/Excelerator/dist/Excelerate.app/Contents/Resources/lib/python3.11/pandas/core/arrays/sparse/__pycache__
copying file /Users/calum/Developer/Excelerator/env/lib/python3.11/site-packages/pandas/core/arrays/sparse/__pycache__/scipy_sparse.cpython-311.pyc -> /Users/calum/Developer/Excelerator/dist/Excelerate.app/Contents/Resources/lib/python3.11/pandas/core/arrays/sparse/__pycache__/scipy_sparse.cpython-311.pyc
copying file /Users/calum/Developer/Excelerator/env/lib/python3.11/site-packages/pandas/core/arrays/sparse/__pycache__/array.cpython-311.pyc -> /Users/calum/Developer/Excelerator/dist/Excelerate.app/Contents/Resources/lib/python3.11/pandas/core/arrays/sparse/__pycache__/array.cpython-311.pyc
copying file /Users/calum/Developer/Excelerator/env/lib/python3.11/site-packages/pandas/core/arrays/sparse/__pycache__/__init__.cpython-311.pyc -> /Users/calum/Developer/Excelerator/dist/Excelerate.app/Contents/Resources/lib/python3.11/pandas/core/arrays/sparse/__pycache__/__init__.cpython-311.pyc
copying file /Users/calum/Developer/Excelerator/env/lib/python3.11/site-packages/pandas/core/arrays/sparse/__pycache__/accessor.cpython-311.pyc -> /Users/calum/Developer/Excelerator/dist/Excelerate.app/Contents/Resources/lib/python3.11/pandas/core/arrays/sparse/__pycache__/accessor.cpython-311.pyc
copying file /Users/calum/Developer/Excelerator/env/lib/python3.11/site-packages/pandas/core/arrays/sparse/array.py -> /Users/calum/Developer/Excelerator/dist/Excelerate.app/Contents/Resources/lib/python3.11/pandas/core/arrays/sparse/array.py
copying file /Users/calum/Developer/Excelerator/env/lib/python3.11/site-packages/pandas/core/arrays/base.py -> /Users/calum/Developer/Excelerator/dist/Excelerate.app/Contents/Resources/lib/python3.11/pandas/core/arrays/base.py
copying file /Users/calum/Developer/Excelerator/env/lib/python3.11/site-packages/pandas/core/arrays/_mixins.py -> /Users/calum/Developer/Excelerator/dist/Excelerate.app/Contents/Resources/lib/python3.11/pandas/core/arrays/_mixins.py
copying file /Users/calum/Developer/Excelerator/env/lib/python3.11/site-packages/pandas/core/arrays/_utils.py -> /Users/calum/Developer/Excelerator/dist/Excelerate.app/Contents/Resources/lib/python3.11/pandas/core/arrays/_utils.py
copying file /Users/calum/Developer/Excelerator/env/lib/python3.11/site-packages/pandas/core/frame.py -> /Users/calum/Developer/Excelerator/dist/Excelerate.app/Contents/Resources/lib/python3.11/pandas/core/frame.py
copying file /Users/calum/Developer/Excelerator/env/lib/python3.11/site-packages/pandas/core/shared_docs.py -> /Users/calum/Developer/Excelerator/dist/Excelerate.app/Contents/Resources/lib/python3.11/pandas/core/shared_docs.py
copying file /Users/calum/Developer/Excelerator/env/lib/python3.11/site-packages/pandas/core/sample.py -> /Users/calum/Developer/Excelerator/dist/Excelerate.app/Contents/Resources/lib/python3.11/pandas/core/sample.py
creating /Users/calum/Developer/Excelerator/dist/Excelerate.app/Contents/Resources/lib/python3.11/pandas/core/ops
copying file /Users/calum/Developer/Excelerator/env/lib/python3.11/site-packages/pandas/core/ops/array_ops.py -> /Users/calum/Developer/Excelerator/dist/Excelerate.app/Contents/Resources/lib/python3.11/pandas/core/ops/array_ops.py
copying file /Users/calum/Developer/Excelerator/env/lib/python3.11/site-packages/pandas/core/ops/missing.py -> /Users/calum/Developer/Excelerator/dist/Excelerate.app/Contents/Resources/lib/python3.11/pandas/core/ops/missing.py
copying file /Users/calum/Developer/Excelerator/env/lib/python3.11/site-packages/pandas/core/ops/dispatch.py -> /Users/calum/Developer/Excelerator/dist/Excelerate.app/Contents/Resources/lib/python3.11/pandas/core/ops/dispatch.py
copying file /Users/calum/Developer/Excelerator/env/lib/python3.11/site-packages/pandas/core/ops/invalid.py -> /Users/calum/Developer/Excelerator/dist/Excelerate.app/Contents/Resources/lib/python3.11/pandas/core/ops/invalid.py
copying file /Users/calum/Developer/Excelerator/env/lib/python3.11/site-packages/pandas/core/ops/__init__.py -> /Users/calum/Developer/Excelerator/dist/Excelerate.app/Contents/Resources/lib/python3.11/pandas/core/ops/__init__.py
creating /Users/calum/Developer/Excelerator/dist/Excelerate.app/Contents/Resources/lib/python3.11/pandas/core/ops/__pycache__
copying file /Users/calum/Developer/Excelerator/env/lib/python3.11/site-packages/pandas/core/ops/__pycache__/missing.cpython-311.pyc -> /Users/calum/Developer/Excelerator/dist/Excelerate.app/Contents/Resources/lib/python3.11/pandas/core/ops/__pycache__/missing.cpython-311.pyc
copying file /Users/calum/Developer/Excelerator/env/lib/python3.11/site-packages/pandas/core/ops/__pycache__/docstrings.cpython-311.pyc -> /Users/calum/Developer/Excelerator/dist/Excelerate.app/Contents/Resources/lib/python3.11/pandas/core/ops/__pycache__/docstrings.cpython-311.pyc
copying file /Users/calum/Developer/Excelerator/env/lib/python3.11/site-packages/pandas/core/ops/__pycache__/dispatch.cpython-311.pyc -> /Users/calum/Developer/Excelerator/dist/Excelerate.app/Contents/Resources/lib/python3.11/pandas/core/ops/__pycache__/dispatch.cpython-311.pyc
copying file /Users/calum/Developer/Excelerator/env/lib/python3.11/site-packages/pandas/core/ops/__pycache__/common.cpython-311.pyc -> /Users/calum/Developer/Excelerator/dist/Excelerate.app/Contents/Resources/lib/python3.11/pandas/core/ops/__pycache__/common.cpython-311.pyc
copying file /Users/calum/Developer/Excelerator/env/lib/python3.11/site-packages/pandas/core/ops/__pycache__/array_ops.cpython-311.pyc -> /Users/calum/Developer/Excelerator/dist/Excelerate.app/Contents/Resources/lib/python3.11/pandas/core/ops/__pycache__/array_ops.cpython-311.pyc
copying file /Users/calum/Developer/Excelerator/env/lib/python3.11/site-packages/pandas/core/ops/__pycache__/invalid.cpython-311.pyc -> /Users/calum/Developer/Excelerator/dist/Excelerate.app/Contents/Resources/lib/python3.11/pandas/core/ops/__pycache__/invalid.cpython-311.pyc
copying file /Users/calum/Developer/Excelerator/env/lib/python3.11/site-packages/pandas/core/ops/__pycache__/__init__.cpython-311.pyc -> /Users/calum/Developer/Excelerator/dist/Excelerate.app/Contents/Resources/lib/python3.11/pandas/core/ops/__pycache__/__init__.cpython-311.pyc
copying file /Users/calum/Developer/Excelerator/env/lib/python3.11/site-packages/pandas/core/ops/__pycache__/mask_ops.cpython-311.pyc -> /Users/calum/Developer/Excelerator/dist/Excelerate.app/Contents/Resources/lib/python3.11/pandas/core/ops/__pycache__/mask_ops.cpython-311.pyc
copying file /Users/calum/Developer/Excelerator/env/lib/python3.11/site-packages/pandas/core/ops/docstrings.py -> /Users/calum/Developer/Excelerator/dist/Excelerate.app/Contents/Resources/lib/python3.11/pandas/core/ops/docstrings.py
copying file /Users/calum/Developer/Excelerator/env/lib/python3.11/site-packages/pandas/core/ops/mask_ops.py -> /Users/calum/Developer/Excelerator/dist/Excelerate.app/Contents/Resources/lib/python3.11/pandas/core/ops/mask_ops.py
copying file /Users/calum/Developer/Excelerator/env/lib/python3.11/site-packages/pandas/core/ops/common.py -> /Users/calum/Developer/Excelerator/dist/Excelerate.app/Contents/Resources/lib/python3.11/pandas/core/ops/common.py
creating /Users/calum/Developer/Excelerator/dist/Excelerate.app/Contents/Resources/lib/python3.11/pandas/core/sparse
copying file /Users/calum/Developer/Excelerator/env/lib/python3.11/site-packages/pandas/core/sparse/__init__.py -> /Users/calum/Developer/Excelerator/dist/Excelerate.app/Contents/Resources/lib/python3.11/pandas/core/sparse/__init__.py
creating /Users/calum/Developer/Excelerator/dist/Excelerate.app/Contents/Resources/lib/python3.11/pandas/core/sparse/__pycache__
copying file /Users/calum/Developer/Excelerator/env/lib/python3.11/site-packages/pandas/core/sparse/__pycache__/api.cpython-311.pyc -> /Users/calum/Developer/Excelerator/dist/Excelerate.app/Contents/Resources/lib/python3.11/pandas/core/sparse/__pycache__/api.cpython-311.pyc
copying file /Users/calum/Developer/Excelerator/env/lib/python3.11/site-packages/pandas/core/sparse/__pycache__/__init__.cpython-311.pyc -> /Users/calum/Developer/Excelerator/dist/Excelerate.app/Contents/Resources/lib/python3.11/pandas/core/sparse/__pycache__/__init__.cpython-311.pyc
copying file /Users/calum/Developer/Excelerator/env/lib/python3.11/site-packages/pandas/core/sparse/api.py -> /Users/calum/Developer/Excelerator/dist/Excelerate.app/Contents/Resources/lib/python3.11/pandas/core/sparse/api.py
copying file /Users/calum/Developer/Excelerator/env/lib/python3.11/site-packages/pandas/core/indexing.py -> /Users/calum/Developer/Excelerator/dist/Excelerate.app/Contents/Resources/lib/python3.11/pandas/core/indexing.py
copying file /Users/calum/Developer/Excelerator/env/lib/python3.11/site-packages/pandas/core/base.py -> /Users/calum/Developer/Excelerator/dist/Excelerate.app/Contents/Resources/lib/python3.11/pandas/core/base.py
copying file /Users/calum/Developer/Excelerator/env/lib/python3.11/site-packages/pandas/core/apply.py -> /Users/calum/Developer/Excelerator/dist/Excelerate.app/Contents/Resources/lib/python3.11/pandas/core/apply.py
creating /Users/calum/Developer/Excelerator/dist/Excelerate.app/Contents/Resources/lib/python3.11/pandas/core/indexes
copying file /Users/calum/Developer/Excelerator/env/lib/python3.11/site-packages/pandas/core/indexes/accessors.py -> /Users/calum/Developer/Excelerator/dist/Excelerate.app/Contents/Resources/lib/python3.11/pandas/core/indexes/accessors.py
copying file /Users/calum/Developer/Excelerator/env/lib/python3.11/site-packages/pandas/core/indexes/interval.py -> /Users/calum/Developer/Excelerator/dist/Excelerate.app/Contents/Resources/lib/python3.11/pandas/core/indexes/interval.py
copying file /Users/calum/Developer/Excelerator/env/lib/python3.11/site-packages/pandas/core/indexes/timedeltas.py -> /Users/calum/Developer/Excelerator/dist/Excelerate.app/Contents/Resources/lib/python3.11/pandas/core/indexes/timedeltas.py
copying file /Users/calum/Developer/Excelerator/env/lib/python3.11/site-packages/pandas/core/indexes/range.py -> /Users/calum/Developer/Excelerator/dist/Excelerate.app/Contents/Resources/lib/python3.11/pandas/core/indexes/range.py
copying file /Users/calum/Developer/Excelerator/env/lib/python3.11/site-packages/pandas/core/indexes/datetimes.py -> /Users/calum/Developer/Excelerator/dist/Excelerate.app/Contents/Resources/lib/python3.11/pandas/core/indexes/datetimes.py
copying file /Users/calum/Developer/Excelerator/env/lib/python3.11/site-packages/pandas/core/indexes/multi.py -> /Users/calum/Developer/Excelerator/dist/Excelerate.app/Contents/Resources/lib/python3.11/pandas/core/indexes/multi.py
copying file /Users/calum/Developer/Excelerator/env/lib/python3.11/site-packages/pandas/core/indexes/__init__.py -> /Users/calum/Developer/Excelerator/dist/Excelerate.app/Contents/Resources/lib/python3.11/pandas/core/indexes/__init__.py
creating /Users/calum/Developer/Excelerator/dist/Excelerate.app/Contents/Resources/lib/python3.11/pandas/core/indexes/__pycache__
copying file /Users/calum/Developer/Excelerator/env/lib/python3.11/site-packages/pandas/core/indexes/__pycache__/datetimelike.cpython-311.pyc -> /Users/calum/Developer/Excelerator/dist/Excelerate.app/Contents/Resources/lib/python3.11/pandas/core/indexes/__pycache__/datetimelike.cpython-311.pyc
copying file /Users/calum/Developer/Excelerator/env/lib/python3.11/site-packages/pandas/core/indexes/__pycache__/period.cpython-311.pyc -> /Users/calum/Developer/Excelerator/dist/Excelerate.app/Contents/Resources/lib/python3.11/pandas/core/indexes/__pycache__/period.cpython-311.pyc
copying file /Users/calum/Developer/Excelerator/env/lib/python3.11/site-packages/pandas/core/indexes/__pycache__/api.cpython-311.pyc -> /Users/calum/Developer/Excelerator/dist/Excelerate.app/Contents/Resources/lib/python3.11/pandas/core/indexes/__pycache__/api.cpython-311.pyc
copying file /Users/calum/Developer/Excelerator/env/lib/python3.11/site-packages/pandas/core/indexes/__pycache__/base.cpython-311.pyc -> /Users/calum/Developer/Excelerator/dist/Excelerate.app/Contents/Resources/lib/python3.11/pandas/core/indexes/__pycache__/base.cpython-311.pyc
copying file /Users/calum/Developer/Excelerator/env/lib/python3.11/site-packages/pandas/core/indexes/__pycache__/multi.cpython-311.pyc -> /Users/calum/Developer/Excelerator/dist/Excelerate.app/Contents/Resources/lib/python3.11/pandas/core/indexes/__pycache__/multi.cpython-311.pyc
copying file /Users/calum/Developer/Excelerator/env/lib/python3.11/site-packages/pandas/core/indexes/__pycache__/category.cpython-311.pyc -> /Users/calum/Developer/Excelerator/dist/Excelerate.app/Contents/Resources/lib/python3.11/pandas/core/indexes/__pycache__/category.cpython-311.pyc
copying file /Users/calum/Developer/Excelerator/env/lib/python3.11/site-packages/pandas/core/indexes/__pycache__/frozen.cpython-311.pyc -> /Users/calum/Developer/Excelerator/dist/Excelerate.app/Contents/Resources/lib/python3.11/pandas/core/indexes/__pycache__/frozen.cpython-311.pyc
copying file /Users/calum/Developer/Excelerator/env/lib/python3.11/site-packages/pandas/core/indexes/__pycache__/range.cpython-311.pyc -> /Users/calum/Developer/Excelerator/dist/Excelerate.app/Contents/Resources/lib/python3.11/pandas/core/indexes/__pycache__/range.cpython-311.pyc
copying file /Users/calum/Developer/Excelerator/env/lib/python3.11/site-packages/pandas/core/indexes/__pycache__/extension.cpython-311.pyc -> /Users/calum/Developer/Excelerator/dist/Excelerate.app/Contents/Resources/lib/python3.11/pandas/core/indexes/__pycache__/extension.cpython-311.pyc
copying file /Users/calum/Developer/Excelerator/env/lib/python3.11/site-packages/pandas/core/indexes/__pycache__/interval.cpython-311.pyc -> /Users/calum/Developer/Excelerator/dist/Excelerate.app/Contents/Resources/lib/python3.11/pandas/core/indexes/__pycache__/interval.cpython-311.pyc
copying file /Users/calum/Developer/Excelerator/env/lib/python3.11/site-packages/pandas/core/indexes/__pycache__/accessors.cpython-311.pyc -> /Users/calum/Developer/Excelerator/dist/Excelerate.app/Contents/Resources/lib/python3.11/pandas/core/indexes/__pycache__/accessors.cpython-311.pyc
copying file /Users/calum/Developer/Excelerator/env/lib/python3.11/site-packages/pandas/core/indexes/__pycache__/datetimes.cpython-311.pyc -> /Users/calum/Developer/Excelerator/dist/Excelerate.app/Contents/Resources/lib/python3.11/pandas/core/indexes/__pycache__/datetimes.cpython-311.pyc
copying file /Users/calum/Developer/Excelerator/env/lib/python3.11/site-packages/pandas/core/indexes/__pycache__/timedeltas.cpython-311.pyc -> /Users/calum/Developer/Excelerator/dist/Excelerate.app/Contents/Resources/lib/python3.11/pandas/core/indexes/__pycache__/timedeltas.cpython-311.pyc
copying file /Users/calum/Developer/Excelerator/env/lib/python3.11/site-packages/pandas/core/indexes/__pycache__/__init__.cpython-311.pyc -> /Users/calum/Developer/Excelerator/dist/Excelerate.app/Contents/Resources/lib/python3.11/pandas/core/indexes/__pycache__/__init__.cpython-311.pyc
copying file /Users/calum/Developer/Excelerator/env/lib/python3.11/site-packages/pandas/core/indexes/api.py -> /Users/calum/Developer/Excelerator/dist/Excelerate.app/Contents/Resources/lib/python3.11/pandas/core/indexes/api.py
copying file /Users/calum/Developer/Excelerator/env/lib/python3.11/site-packages/pandas/core/indexes/period.py -> /Users/calum/Developer/Excelerator/dist/Excelerate.app/Contents/Resources/lib/python3.11/pandas/core/indexes/period.py
copying file /Users/calum/Developer/Excelerator/env/lib/python3.11/site-packages/pandas/core/indexes/frozen.py -> /Users/calum/Developer/Excelerator/dist/Excelerate.app/Contents/Resources/lib/python3.11/pandas/core/indexes/frozen.py
copying file /Users/calum/Developer/Excelerator/env/lib/python3.11/site-packages/pandas/core/indexes/extension.py -> /Users/calum/Developer/Excelerator/dist/Excelerate.app/Contents/Resources/lib/python3.11/pandas/core/indexes/extension.py
copying file /Users/calum/Developer/Excelerator/env/lib/python3.11/site-packages/pandas/core/indexes/datetimelike.py -> /Users/calum/Developer/Excelerator/dist/Excelerate.app/Contents/Resources/lib/python3.11/pandas/core/indexes/datetimelike.py
copying file /Users/calum/Developer/Excelerator/env/lib/python3.11/site-packages/pandas/core/indexes/base.py -> /Users/calum/Developer/Excelerator/dist/Excelerate.app/Contents/Resources/lib/python3.11/pandas/core/indexes/base.py
copying file /Users/calum/Developer/Excelerator/env/lib/python3.11/site-packages/pandas/core/indexes/category.py -> /Users/calum/Developer/Excelerator/dist/Excelerate.app/Contents/Resources/lib/python3.11/pandas/core/indexes/category.py
copying file /Users/calum/Developer/Excelerator/env/lib/python3.11/site-packages/pandas/_typing.py -> /Users/calum/Developer/Excelerator/dist/Excelerate.app/Contents/Resources/lib/python3.11/pandas/_typing.py
creating /Users/calum/Developer/Excelerator/dist/Excelerate.app/Contents/Resources/lib/python3.11/pandas/util
copying file /Users/calum/Developer/Excelerator/env/lib/python3.11/site-packages/pandas/util/_test_decorators.py -> /Users/calum/Developer/Excelerator/dist/Excelerate.app/Contents/Resources/lib/python3.11/pandas/util/_test_decorators.py
copying file /Users/calum/Developer/Excelerator/env/lib/python3.11/site-packages/pandas/util/_validators.py -> /Users/calum/Developer/Excelerator/dist/Excelerate.app/Contents/Resources/lib/python3.11/pandas/util/_validators.py
copying file /Users/calum/Developer/Excelerator/env/lib/python3.11/site-packages/pandas/util/_print_versions.py -> /Users/calum/Developer/Excelerator/dist/Excelerate.app/Contents/Resources/lib/python3.11/pandas/util/_print_versions.py
copying file /Users/calum/Developer/Excelerator/env/lib/python3.11/site-packages/pandas/util/__init__.py -> /Users/calum/Developer/Excelerator/dist/Excelerate.app/Contents/Resources/lib/python3.11/pandas/util/__init__.py
creating /Users/calum/Developer/Excelerator/dist/Excelerate.app/Contents/Resources/lib/python3.11/pandas/util/__pycache__
copying file /Users/calum/Developer/Excelerator/env/lib/python3.11/site-packages/pandas/util/__pycache__/_test_decorators.cpython-311.pyc -> /Users/calum/Developer/Excelerator/dist/Excelerate.app/Contents/Resources/lib/python3.11/pandas/util/__pycache__/_test_decorators.cpython-311.pyc
copying file /Users/calum/Developer/Excelerator/env/lib/python3.11/site-packages/pandas/util/__pycache__/_validators.cpython-311.pyc -> /Users/calum/Developer/Excelerator/dist/Excelerate.app/Contents/Resources/lib/python3.11/pandas/util/__pycache__/_validators.cpython-311.pyc
copying file /Users/calum/Developer/Excelerator/env/lib/python3.11/site-packages/pandas/util/__pycache__/_tester.cpython-311.pyc -> /Users/calum/Developer/Excelerator/dist/Excelerate.app/Contents/Resources/lib/python3.11/pandas/util/__pycache__/_tester.cpython-311.pyc
copying file /Users/calum/Developer/Excelerator/env/lib/python3.11/site-packages/pandas/util/__pycache__/_decorators.cpython-311.pyc -> /Users/calum/Developer/Excelerator/dist/Excelerate.app/Contents/Resources/lib/python3.11/pandas/util/__pycache__/_decorators.cpython-311.pyc
copying file /Users/calum/Developer/Excelerator/env/lib/python3.11/site-packages/pandas/util/__pycache__/_exceptions.cpython-311.pyc -> /Users/calum/Developer/Excelerator/dist/Excelerate.app/Contents/Resources/lib/python3.11/pandas/util/__pycache__/_exceptions.cpython-311.pyc
copying file /Users/calum/Developer/Excelerator/env/lib/python3.11/site-packages/pandas/util/__pycache__/_print_versions.cpython-311.pyc -> /Users/calum/Developer/Excelerator/dist/Excelerate.app/Contents/Resources/lib/python3.11/pandas/util/__pycache__/_print_versions.cpython-311.pyc
copying file /Users/calum/Developer/Excelerator/env/lib/python3.11/site-packages/pandas/util/__pycache__/__init__.cpython-311.pyc -> /Users/calum/Developer/Excelerator/dist/Excelerate.app/Contents/Resources/lib/python3.11/pandas/util/__pycache__/__init__.cpython-311.pyc
copying file /Users/calum/Developer/Excelerator/env/lib/python3.11/site-packages/pandas/util/__pycache__/_doctools.cpython-311.pyc -> /Users/calum/Developer/Excelerator/dist/Excelerate.app/Contents/Resources/lib/python3.11/pandas/util/__pycache__/_doctools.cpython-311.pyc
creating /Users/calum/Developer/Excelerator/dist/Excelerate.app/Contents/Resources/lib/python3.11/pandas/util/version
copying file /Users/calum/Developer/Excelerator/env/lib/python3.11/site-packages/pandas/util/version/__init__.py -> /Users/calum/Developer/Excelerator/dist/Excelerate.app/Contents/Resources/lib/python3.11/pandas/util/version/__init__.py
creating /Users/calum/Developer/Excelerator/dist/Excelerate.app/Contents/Resources/lib/python3.11/pandas/util/version/__pycache__
copying file /Users/calum/Developer/Excelerator/env/lib/python3.11/site-packages/pandas/util/version/__pycache__/__init__.cpython-311.pyc -> /Users/calum/Developer/Excelerator/dist/Excelerate.app/Contents/Resources/lib/python3.11/pandas/util/version/__pycache__/__init__.cpython-311.pyc
copying file /Users/calum/Developer/Excelerator/env/lib/python3.11/site-packages/pandas/util/_decorators.py -> /Users/calum/Developer/Excelerator/dist/Excelerate.app/Contents/Resources/lib/python3.11/pandas/util/_decorators.py
copying file /Users/calum/Developer/Excelerator/env/lib/python3.11/site-packages/pandas/util/_doctools.py -> /Users/calum/Developer/Excelerator/dist/Excelerate.app/Contents/Resources/lib/python3.11/pandas/util/_doctools.py
copying file /Users/calum/Developer/Excelerator/env/lib/python3.11/site-packages/pandas/util/_exceptions.py -> /Users/calum/Developer/Excelerator/dist/Excelerate.app/Contents/Resources/lib/python3.11/pandas/util/_exceptions.py
copying file /Users/calum/Developer/Excelerator/env/lib/python3.11/site-packages/pandas/util/_tester.py -> /Users/calum/Developer/Excelerator/dist/Excelerate.app/Contents/Resources/lib/python3.11/pandas/util/_tester.py
copying file /Users/calum/Developer/Excelerator/env/lib/python3.11/site-packages/pandas/_version.py -> /Users/calum/Developer/Excelerator/dist/Excelerate.app/Contents/Resources/lib/python3.11/pandas/_version.py
copying file /Users/calum/Developer/Excelerator/env/lib/python3.11/site-packages/pandas/pyproject.toml -> /Users/calum/Developer/Excelerator/dist/Excelerate.app/Contents/Resources/lib/python3.11/pandas/pyproject.toml
creating /Users/calum/Developer/Excelerator/dist/Excelerate.app/Contents/Resources/lib/python3.11/pandas/io
copying file /Users/calum/Developer/Excelerator/env/lib/python3.11/site-packages/pandas/io/orc.py -> /Users/calum/Developer/Excelerator/dist/Excelerate.app/Contents/Resources/lib/python3.11/pandas/io/orc.py
copying file /Users/calum/Developer/Excelerator/env/lib/python3.11/site-packages/pandas/io/feather_format.py -> /Users/calum/Developer/Excelerator/dist/Excelerate.app/Contents/Resources/lib/python3.11/pandas/io/feather_format.py
creating /Users/calum/Developer/Excelerator/dist/Excelerate.app/Contents/Resources/lib/python3.11/pandas/io/parsers
copying file /Users/calum/Developer/Excelerator/env/lib/python3.11/site-packages/pandas/io/parsers/readers.py -> /Users/calum/Developer/Excelerator/dist/Excelerate.app/Contents/Resources/lib/python3.11/pandas/io/parsers/readers.py
copying file /Users/calum/Developer/Excelerator/env/lib/python3.11/site-packages/pandas/io/parsers/__init__.py -> /Users/calum/Developer/Excelerator/dist/Excelerate.app/Contents/Resources/lib/python3.11/pandas/io/parsers/__init__.py
creating /Users/calum/Developer/Excelerator/dist/Excelerate.app/Contents/Resources/lib/python3.11/pandas/io/parsers/__pycache__
copying file /Users/calum/Developer/Excelerator/env/lib/python3.11/site-packages/pandas/io/parsers/__pycache__/c_parser_wrapper.cpython-311.pyc -> /Users/calum/Developer/Excelerator/dist/Excelerate.app/Contents/Resources/lib/python3.11/pandas/io/parsers/__pycache__/c_parser_wrapper.cpython-311.pyc
copying file /Users/calum/Developer/Excelerator/env/lib/python3.11/site-packages/pandas/io/parsers/__pycache__/base_parser.cpython-311.pyc -> /Users/calum/Developer/Excelerator/dist/Excelerate.app/Contents/Resources/lib/python3.11/pandas/io/parsers/__pycache__/base_parser.cpython-311.pyc
copying file /Users/calum/Developer/Excelerator/env/lib/python3.11/site-packages/pandas/io/parsers/__pycache__/python_parser.cpython-311.pyc -> /Users/calum/Developer/Excelerator/dist/Excelerate.app/Contents/Resources/lib/python3.11/pandas/io/parsers/__pycache__/python_parser.cpython-311.pyc
copying file /Users/calum/Developer/Excelerator/env/lib/python3.11/site-packages/pandas/io/parsers/__pycache__/arrow_parser_wrapper.cpython-311.pyc -> /Users/calum/Developer/Excelerator/dist/Excelerate.app/Contents/Resources/lib/python3.11/pandas/io/parsers/__pycache__/arrow_parser_wrapper.cpython-311.pyc
copying file /Users/calum/Developer/Excelerator/env/lib/python3.11/site-packages/pandas/io/parsers/__pycache__/__init__.cpython-311.pyc -> /Users/calum/Developer/Excelerator/dist/Excelerate.app/Contents/Resources/lib/python3.11/pandas/io/parsers/__pycache__/__init__.cpython-311.pyc
copying file /Users/calum/Developer/Excelerator/env/lib/python3.11/site-packages/pandas/io/parsers/__pycache__/readers.cpython-311.pyc -> /Users/calum/Developer/Excelerator/dist/Excelerate.app/Contents/Resources/lib/python3.11/pandas/io/parsers/__pycache__/readers.cpython-311.pyc
copying file /Users/calum/Developer/Excelerator/env/lib/python3.11/site-packages/pandas/io/parsers/python_parser.py -> /Users/calum/Developer/Excelerator/dist/Excelerate.app/Contents/Resources/lib/python3.11/pandas/io/parsers/python_parser.py
copying file /Users/calum/Developer/Excelerator/env/lib/python3.11/site-packages/pandas/io/parsers/base_parser.py -> /Users/calum/Developer/Excelerator/dist/Excelerate.app/Contents/Resources/lib/python3.11/pandas/io/parsers/base_parser.py
copying file /Users/calum/Developer/Excelerator/env/lib/python3.11/site-packages/pandas/io/parsers/arrow_parser_wrapper.py -> /Users/calum/Developer/Excelerator/dist/Excelerate.app/Contents/Resources/lib/python3.11/pandas/io/parsers/arrow_parser_wrapper.py
copying file /Users/calum/Developer/Excelerator/env/lib/python3.11/site-packages/pandas/io/parsers/c_parser_wrapper.py -> /Users/calum/Developer/Excelerator/dist/Excelerate.app/Contents/Resources/lib/python3.11/pandas/io/parsers/c_parser_wrapper.py
creating /Users/calum/Developer/Excelerator/dist/Excelerate.app/Contents/Resources/lib/python3.11/pandas/io/formats
copying file /Users/calum/Developer/Excelerator/env/lib/python3.11/site-packages/pandas/io/formats/console.py -> /Users/calum/Developer/Excelerator/dist/Excelerate.app/Contents/Resources/lib/python3.11/pandas/io/formats/console.py
copying file /Users/calum/Developer/Excelerator/env/lib/python3.11/site-packages/pandas/io/formats/style.py -> /Users/calum/Developer/Excelerator/dist/Excelerate.app/Contents/Resources/lib/python3.11/pandas/io/formats/style.py
copying file /Users/calum/Developer/Excelerator/env/lib/python3.11/site-packages/pandas/io/formats/html.py -> /Users/calum/Developer/Excelerator/dist/Excelerate.app/Contents/Resources/lib/python3.11/pandas/io/formats/html.py
copying file /Users/calum/Developer/Excelerator/env/lib/python3.11/site-packages/pandas/io/formats/xml.py -> /Users/calum/Developer/Excelerator/dist/Excelerate.app/Contents/Resources/lib/python3.11/pandas/io/formats/xml.py
copying file /Users/calum/Developer/Excelerator/env/lib/python3.11/site-packages/pandas/io/formats/__init__.py -> /Users/calum/Developer/Excelerator/dist/Excelerate.app/Contents/Resources/lib/python3.11/pandas/io/formats/__init__.py
copying file /Users/calum/Developer/Excelerator/env/lib/python3.11/site-packages/pandas/io/formats/format.py -> /Users/calum/Developer/Excelerator/dist/Excelerate.app/Contents/Resources/lib/python3.11/pandas/io/formats/format.py
creating /Users/calum/Developer/Excelerator/dist/Excelerate.app/Contents/Resources/lib/python3.11/pandas/io/formats/__pycache__
copying file /Users/calum/Developer/Excelerator/env/lib/python3.11/site-packages/pandas/io/formats/__pycache__/string.cpython-311.pyc -> /Users/calum/Developer/Excelerator/dist/Excelerate.app/Contents/Resources/lib/python3.11/pandas/io/formats/__pycache__/string.cpython-311.pyc
copying file /Users/calum/Developer/Excelerator/env/lib/python3.11/site-packages/pandas/io/formats/__pycache__/html.cpython-311.pyc -> /Users/calum/Developer/Excelerator/dist/Excelerate.app/Contents/Resources/lib/python3.11/pandas/io/formats/__pycache__/html.cpython-311.pyc
copying file /Users/calum/Developer/Excelerator/env/lib/python3.11/site-packages/pandas/io/formats/__pycache__/xml.cpython-311.pyc -> /Users/calum/Developer/Excelerator/dist/Excelerate.app/Contents/Resources/lib/python3.11/pandas/io/formats/__pycache__/xml.cpython-311.pyc
copying file /Users/calum/Developer/Excelerator/env/lib/python3.11/site-packages/pandas/io/formats/__pycache__/style.cpython-311.pyc -> /Users/calum/Developer/Excelerator/dist/Excelerate.app/Contents/Resources/lib/python3.11/pandas/io/formats/__pycache__/style.cpython-311.pyc
copying file /Users/calum/Developer/Excelerator/env/lib/python3.11/site-packages/pandas/io/formats/__pycache__/format.cpython-311.pyc -> /Users/calum/Developer/Excelerator/dist/Excelerate.app/Contents/Resources/lib/python3.11/pandas/io/formats/__pycache__/format.cpython-311.pyc
copying file /Users/calum/Developer/Excelerator/env/lib/python3.11/site-packages/pandas/io/formats/__pycache__/excel.cpython-311.pyc -> /Users/calum/Developer/Excelerator/dist/Excelerate.app/Contents/Resources/lib/python3.11/pandas/io/formats/__pycache__/excel.cpython-311.pyc
copying file /Users/calum/Developer/Excelerator/env/lib/python3.11/site-packages/pandas/io/formats/__pycache__/_color_data.cpython-311.pyc -> /Users/calum/Developer/Excelerator/dist/Excelerate.app/Contents/Resources/lib/python3.11/pandas/io/formats/__pycache__/_color_data.cpython-311.pyc
copying file /Users/calum/Developer/Excelerator/env/lib/python3.11/site-packages/pandas/io/formats/__pycache__/info.cpython-311.pyc -> /Users/calum/Developer/Excelerator/dist/Excelerate.app/Contents/Resources/lib/python3.11/pandas/io/formats/__pycache__/info.cpython-311.pyc
copying file /Users/calum/Developer/Excelerator/env/lib/python3.11/site-packages/pandas/io/formats/__pycache__/css.cpython-311.pyc -> /Users/calum/Developer/Excelerator/dist/Excelerate.app/Contents/Resources/lib/python3.11/pandas/io/formats/__pycache__/css.cpython-311.pyc
copying file /Users/calum/Developer/Excelerator/env/lib/python3.11/site-packages/pandas/io/formats/__pycache__/printing.cpython-311.pyc -> /Users/calum/Developer/Excelerator/dist/Excelerate.app/Contents/Resources/lib/python3.11/pandas/io/formats/__pycache__/printing.cpython-311.pyc
copying file /Users/calum/Developer/Excelerator/env/lib/python3.11/site-packages/pandas/io/formats/__pycache__/style_render.cpython-311.pyc -> /Users/calum/Developer/Excelerator/dist/Excelerate.app/Contents/Resources/lib/python3.11/pandas/io/formats/__pycache__/style_render.cpython-311.pyc
copying file /Users/calum/Developer/Excelerator/env/lib/python3.11/site-packages/pandas/io/formats/__pycache__/console.cpython-311.pyc -> /Users/calum/Developer/Excelerator/dist/Excelerate.app/Contents/Resources/lib/python3.11/pandas/io/formats/__pycache__/console.cpython-311.pyc
copying file /Users/calum/Developer/Excelerator/env/lib/python3.11/site-packages/pandas/io/formats/__pycache__/csvs.cpython-311.pyc -> /Users/calum/Developer/Excelerator/dist/Excelerate.app/Contents/Resources/lib/python3.11/pandas/io/formats/__pycache__/csvs.cpython-311.pyc
copying file /Users/calum/Developer/Excelerator/env/lib/python3.11/site-packages/pandas/io/formats/__pycache__/__init__.cpython-311.pyc -> /Users/calum/Developer/Excelerator/dist/Excelerate.app/Contents/Resources/lib/python3.11/pandas/io/formats/__pycache__/__init__.cpython-311.pyc
copying file /Users/calum/Developer/Excelerator/env/lib/python3.11/site-packages/pandas/io/formats/excel.py -> /Users/calum/Developer/Excelerator/dist/Excelerate.app/Contents/Resources/lib/python3.11/pandas/io/formats/excel.py
copying file /Users/calum/Developer/Excelerator/env/lib/python3.11/site-packages/pandas/io/formats/style_render.py -> /Users/calum/Developer/Excelerator/dist/Excelerate.app/Contents/Resources/lib/python3.11/pandas/io/formats/style_render.py
copying file /Users/calum/Developer/Excelerator/env/lib/python3.11/site-packages/pandas/io/formats/css.py -> /Users/calum/Developer/Excelerator/dist/Excelerate.app/Contents/Resources/lib/python3.11/pandas/io/formats/css.py
copying file /Users/calum/Developer/Excelerator/env/lib/python3.11/site-packages/pandas/io/formats/_color_data.py -> /Users/calum/Developer/Excelerator/dist/Excelerate.app/Contents/Resources/lib/python3.11/pandas/io/formats/_color_data.py
copying file /Users/calum/Developer/Excelerator/env/lib/python3.11/site-packages/pandas/io/formats/csvs.py -> /Users/calum/Developer/Excelerator/dist/Excelerate.app/Contents/Resources/lib/python3.11/pandas/io/formats/csvs.py
creating /Users/calum/Developer/Excelerator/dist/Excelerate.app/Contents/Resources/lib/python3.11/pandas/io/formats/templates
copying file /Users/calum/Developer/Excelerator/env/lib/python3.11/site-packages/pandas/io/formats/templates/latex_longtable.tpl -> /Users/calum/Developer/Excelerator/dist/Excelerate.app/Contents/Resources/lib/python3.11/pandas/io/formats/templates/latex_longtable.tpl
copying file /Users/calum/Developer/Excelerator/env/lib/python3.11/site-packages/pandas/io/formats/templates/html_table.tpl -> /Users/calum/Developer/Excelerator/dist/Excelerate.app/Contents/Resources/lib/python3.11/pandas/io/formats/templates/html_table.tpl
copying file /Users/calum/Developer/Excelerator/env/lib/python3.11/site-packages/pandas/io/formats/templates/html_style.tpl -> /Users/calum/Developer/Excelerator/dist/Excelerate.app/Contents/Resources/lib/python3.11/pandas/io/formats/templates/html_style.tpl
copying file /Users/calum/Developer/Excelerator/env/lib/python3.11/site-packages/pandas/io/formats/templates/html.tpl -> /Users/calum/Developer/Excelerator/dist/Excelerate.app/Contents/Resources/lib/python3.11/pandas/io/formats/templates/html.tpl
copying file /Users/calum/Developer/Excelerator/env/lib/python3.11/site-packages/pandas/io/formats/templates/string.tpl -> /Users/calum/Developer/Excelerator/dist/Excelerate.app/Contents/Resources/lib/python3.11/pandas/io/formats/templates/string.tpl
copying file /Users/calum/Developer/Excelerator/env/lib/python3.11/site-packages/pandas/io/formats/templates/latex_table.tpl -> /Users/calum/Developer/Excelerator/dist/Excelerate.app/Contents/Resources/lib/python3.11/pandas/io/formats/templates/latex_table.tpl
copying file /Users/calum/Developer/Excelerator/env/lib/python3.11/site-packages/pandas/io/formats/templates/latex.tpl -> /Users/calum/Developer/Excelerator/dist/Excelerate.app/Contents/Resources/lib/python3.11/pandas/io/formats/templates/latex.tpl
copying file /Users/calum/Developer/Excelerator/env/lib/python3.11/site-packages/pandas/io/formats/string.py -> /Users/calum/Developer/Excelerator/dist/Excelerate.app/Contents/Resources/lib/python3.11/pandas/io/formats/string.py
copying file /Users/calum/Developer/Excelerator/env/lib/python3.11/site-packages/pandas/io/formats/info.py -> /Users/calum/Developer/Excelerator/dist/Excelerate.app/Contents/Resources/lib/python3.11/pandas/io/formats/info.py
copying file /Users/calum/Developer/Excelerator/env/lib/python3.11/site-packages/pandas/io/formats/printing.py -> /Users/calum/Developer/Excelerator/dist/Excelerate.app/Contents/Resources/lib/python3.11/pandas/io/formats/printing.py
copying file /Users/calum/Developer/Excelerator/env/lib/python3.11/site-packages/pandas/io/parquet.py -> /Users/calum/Developer/Excelerator/dist/Excelerate.app/Contents/Resources/lib/python3.11/pandas/io/parquet.py
copying file /Users/calum/Developer/Excelerator/env/lib/python3.11/site-packages/pandas/io/pytables.py -> /Users/calum/Developer/Excelerator/dist/Excelerate.app/Contents/Resources/lib/python3.11/pandas/io/pytables.py
copying file /Users/calum/Developer/Excelerator/env/lib/python3.11/site-packages/pandas/io/html.py -> /Users/calum/Developer/Excelerator/dist/Excelerate.app/Contents/Resources/lib/python3.11/pandas/io/html.py
creating /Users/calum/Developer/Excelerator/dist/Excelerate.app/Contents/Resources/lib/python3.11/pandas/io/excel
copying file /Users/calum/Developer/Excelerator/env/lib/python3.11/site-packages/pandas/io/excel/_openpyxl.py -> /Users/calum/Developer/Excelerator/dist/Excelerate.app/Contents/Resources/lib/python3.11/pandas/io/excel/_openpyxl.py
copying file /Users/calum/Developer/Excelerator/env/lib/python3.11/site-packages/pandas/io/excel/_base.py -> /Users/calum/Developer/Excelerator/dist/Excelerate.app/Contents/Resources/lib/python3.11/pandas/io/excel/_base.py
copying file /Users/calum/Developer/Excelerator/env/lib/python3.11/site-packages/pandas/io/excel/_calamine.py -> /Users/calum/Developer/Excelerator/dist/Excelerate.app/Contents/Resources/lib/python3.11/pandas/io/excel/_calamine.py
copying file /Users/calum/Developer/Excelerator/env/lib/python3.11/site-packages/pandas/io/excel/_xlrd.py -> /Users/calum/Developer/Excelerator/dist/Excelerate.app/Contents/Resources/lib/python3.11/pandas/io/excel/_xlrd.py
copying file /Users/calum/Developer/Excelerator/env/lib/python3.11/site-packages/pandas/io/excel/__init__.py -> /Users/calum/Developer/Excelerator/dist/Excelerate.app/Contents/Resources/lib/python3.11/pandas/io/excel/__init__.py
copying file /Users/calum/Developer/Excelerator/env/lib/python3.11/site-packages/pandas/io/excel/_pyxlsb.py -> /Users/calum/Developer/Excelerator/dist/Excelerate.app/Contents/Resources/lib/python3.11/pandas/io/excel/_pyxlsb.py
creating /Users/calum/Developer/Excelerator/dist/Excelerate.app/Contents/Resources/lib/python3.11/pandas/io/excel/__pycache__
copying file /Users/calum/Developer/Excelerator/env/lib/python3.11/site-packages/pandas/io/excel/__pycache__/_base.cpython-311.pyc -> /Users/calum/Developer/Excelerator/dist/Excelerate.app/Contents/Resources/lib/python3.11/pandas/io/excel/__pycache__/_base.cpython-311.pyc
copying file /Users/calum/Developer/Excelerator/env/lib/python3.11/site-packages/pandas/io/excel/__pycache__/_calamine.cpython-311.pyc -> /Users/calum/Developer/Excelerator/dist/Excelerate.app/Contents/Resources/lib/python3.11/pandas/io/excel/__pycache__/_calamine.cpython-311.pyc
copying file /Users/calum/Developer/Excelerator/env/lib/python3.11/site-packages/pandas/io/excel/__pycache__/_openpyxl.cpython-311.pyc -> /Users/calum/Developer/Excelerator/dist/Excelerate.app/Contents/Resources/lib/python3.11/pandas/io/excel/__pycache__/_openpyxl.cpython-311.pyc
copying file /Users/calum/Developer/Excelerator/env/lib/python3.11/site-packages/pandas/io/excel/__pycache__/_odfreader.cpython-311.pyc -> /Users/calum/Developer/Excelerator/dist/Excelerate.app/Contents/Resources/lib/python3.11/pandas/io/excel/__pycache__/_odfreader.cpython-311.pyc
copying file /Users/calum/Developer/Excelerator/env/lib/python3.11/site-packages/pandas/io/excel/__pycache__/_pyxlsb.cpython-311.pyc -> /Users/calum/Developer/Excelerator/dist/Excelerate.app/Contents/Resources/lib/python3.11/pandas/io/excel/__pycache__/_pyxlsb.cpython-311.pyc
copying file /Users/calum/Developer/Excelerator/env/lib/python3.11/site-packages/pandas/io/excel/__pycache__/_xlsxwriter.cpython-311.pyc -> /Users/calum/Developer/Excelerator/dist/Excelerate.app/Contents/Resources/lib/python3.11/pandas/io/excel/__pycache__/_xlsxwriter.cpython-311.pyc
copying file /Users/calum/Developer/Excelerator/env/lib/python3.11/site-packages/pandas/io/excel/__pycache__/_util.cpython-311.pyc -> /Users/calum/Developer/Excelerator/dist/Excelerate.app/Contents/Resources/lib/python3.11/pandas/io/excel/__pycache__/_util.cpython-311.pyc
copying file /Users/calum/Developer/Excelerator/env/lib/python3.11/site-packages/pandas/io/excel/__pycache__/_odswriter.cpython-311.pyc -> /Users/calum/Developer/Excelerator/dist/Excelerate.app/Contents/Resources/lib/python3.11/pandas/io/excel/__pycache__/_odswriter.cpython-311.pyc
copying file /Users/calum/Developer/Excelerator/env/lib/python3.11/site-packages/pandas/io/excel/__pycache__/_xlrd.cpython-311.pyc -> /Users/calum/Developer/Excelerator/dist/Excelerate.app/Contents/Resources/lib/python3.11/pandas/io/excel/__pycache__/_xlrd.cpython-311.pyc
copying file /Users/calum/Developer/Excelerator/env/lib/python3.11/site-packages/pandas/io/excel/__pycache__/__init__.cpython-311.pyc -> /Users/calum/Developer/Excelerator/dist/Excelerate.app/Contents/Resources/lib/python3.11/pandas/io/excel/__pycache__/__init__.cpython-311.pyc
copying file /Users/calum/Developer/Excelerator/env/lib/python3.11/site-packages/pandas/io/excel/_odswriter.py -> /Users/calum/Developer/Excelerator/dist/Excelerate.app/Contents/Resources/lib/python3.11/pandas/io/excel/_odswriter.py
copying file /Users/calum/Developer/Excelerator/env/lib/python3.11/site-packages/pandas/io/excel/_util.py -> /Users/calum/Developer/Excelerator/dist/Excelerate.app/Contents/Resources/lib/python3.11/pandas/io/excel/_util.py
copying file /Users/calum/Developer/Excelerator/env/lib/python3.11/site-packages/pandas/io/excel/_odfreader.py -> /Users/calum/Developer/Excelerator/dist/Excelerate.app/Contents/Resources/lib/python3.11/pandas/io/excel/_odfreader.py
copying file /Users/calum/Developer/Excelerator/env/lib/python3.11/site-packages/pandas/io/excel/_xlsxwriter.py -> /Users/calum/Developer/Excelerator/dist/Excelerate.app/Contents/Resources/lib/python3.11/pandas/io/excel/_xlsxwriter.py
copying file /Users/calum/Developer/Excelerator/env/lib/python3.11/site-packages/pandas/io/xml.py -> /Users/calum/Developer/Excelerator/dist/Excelerate.app/Contents/Resources/lib/python3.11/pandas/io/xml.py
copying file /Users/calum/Developer/Excelerator/env/lib/python3.11/site-packages/pandas/io/__init__.py -> /Users/calum/Developer/Excelerator/dist/Excelerate.app/Contents/Resources/lib/python3.11/pandas/io/__init__.py
copying file /Users/calum/Developer/Excelerator/env/lib/python3.11/site-packages/pandas/io/clipboards.py -> /Users/calum/Developer/Excelerator/dist/Excelerate.app/Contents/Resources/lib/python3.11/pandas/io/clipboards.py
creating /Users/calum/Developer/Excelerator/dist/Excelerate.app/Contents/Resources/lib/python3.11/pandas/io/__pycache__
copying file /Users/calum/Developer/Excelerator/env/lib/python3.11/site-packages/pandas/io/__pycache__/parquet.cpython-311.pyc -> /Users/calum/Developer/Excelerator/dist/Excelerate.app/Contents/Resources/lib/python3.11/pandas/io/__pycache__/parquet.cpython-311.pyc
copying file /Users/calum/Developer/Excelerator/env/lib/python3.11/site-packages/pandas/io/__pycache__/api.cpython-311.pyc -> /Users/calum/Developer/Excelerator/dist/Excelerate.app/Contents/Resources/lib/python3.11/pandas/io/__pycache__/api.cpython-311.pyc
copying file /Users/calum/Developer/Excelerator/env/lib/python3.11/site-packages/pandas/io/__pycache__/html.cpython-311.pyc -> /Users/calum/Developer/Excelerator/dist/Excelerate.app/Contents/Resources/lib/python3.11/pandas/io/__pycache__/html.cpython-311.pyc
copying file /Users/calum/Developer/Excelerator/env/lib/python3.11/site-packages/pandas/io/__pycache__/gbq.cpython-311.pyc -> /Users/calum/Developer/Excelerator/dist/Excelerate.app/Contents/Resources/lib/python3.11/pandas/io/__pycache__/gbq.cpython-311.pyc
copying file /Users/calum/Developer/Excelerator/env/lib/python3.11/site-packages/pandas/io/__pycache__/pytables.cpython-311.pyc -> /Users/calum/Developer/Excelerator/dist/Excelerate.app/Contents/Resources/lib/python3.11/pandas/io/__pycache__/pytables.cpython-311.pyc
copying file /Users/calum/Developer/Excelerator/env/lib/python3.11/site-packages/pandas/io/__pycache__/xml.cpython-311.pyc -> /Users/calum/Developer/Excelerator/dist/Excelerate.app/Contents/Resources/lib/python3.11/pandas/io/__pycache__/xml.cpython-311.pyc
copying file /Users/calum/Developer/Excelerator/env/lib/python3.11/site-packages/pandas/io/__pycache__/sql.cpython-311.pyc -> /Users/calum/Developer/Excelerator/dist/Excelerate.app/Contents/Resources/lib/python3.11/pandas/io/__pycache__/sql.cpython-311.pyc
copying file /Users/calum/Developer/Excelerator/env/lib/python3.11/site-packages/pandas/io/__pycache__/common.cpython-311.pyc -> /Users/calum/Developer/Excelerator/dist/Excelerate.app/Contents/Resources/lib/python3.11/pandas/io/__pycache__/common.cpython-311.pyc
copying file /Users/calum/Developer/Excelerator/env/lib/python3.11/site-packages/pandas/io/__pycache__/stata.cpython-311.pyc -> /Users/calum/Developer/Excelerator/dist/Excelerate.app/Contents/Resources/lib/python3.11/pandas/io/__pycache__/stata.cpython-311.pyc
copying file /Users/calum/Developer/Excelerator/env/lib/python3.11/site-packages/pandas/io/__pycache__/clipboards.cpython-311.pyc -> /Users/calum/Developer/Excelerator/dist/Excelerate.app/Contents/Resources/lib/python3.11/pandas/io/__pycache__/clipboards.cpython-311.pyc
copying file /Users/calum/Developer/Excelerator/env/lib/python3.11/site-packages/pandas/io/__pycache__/spss.cpython-311.pyc -> /Users/calum/Developer/Excelerator/dist/Excelerate.app/Contents/Resources/lib/python3.11/pandas/io/__pycache__/spss.cpython-311.pyc
copying file /Users/calum/Developer/Excelerator/env/lib/python3.11/site-packages/pandas/io/__pycache__/_util.cpython-311.pyc -> /Users/calum/Developer/Excelerator/dist/Excelerate.app/Contents/Resources/lib/python3.11/pandas/io/__pycache__/_util.cpython-311.pyc
copying file /Users/calum/Developer/Excelerator/env/lib/python3.11/site-packages/pandas/io/__pycache__/orc.cpython-311.pyc -> /Users/calum/Developer/Excelerator/dist/Excelerate.app/Contents/Resources/lib/python3.11/pandas/io/__pycache__/orc.cpython-311.pyc
copying file /Users/calum/Developer/Excelerator/env/lib/python3.11/site-packages/pandas/io/__pycache__/feather_format.cpython-311.pyc -> /Users/calum/Developer/Excelerator/dist/Excelerate.app/Contents/Resources/lib/python3.11/pandas/io/__pycache__/feather_format.cpython-311.pyc
copying file /Users/calum/Developer/Excelerator/env/lib/python3.11/site-packages/pandas/io/__pycache__/pickle.cpython-311.pyc -> /Users/calum/Developer/Excelerator/dist/Excelerate.app/Contents/Resources/lib/python3.11/pandas/io/__pycache__/pickle.cpython-311.pyc
copying file /Users/calum/Developer/Excelerator/env/lib/python3.11/site-packages/pandas/io/__pycache__/__init__.cpython-311.pyc -> /Users/calum/Developer/Excelerator/dist/Excelerate.app/Contents/Resources/lib/python3.11/pandas/io/__pycache__/__init__.cpython-311.pyc
copying file /Users/calum/Developer/Excelerator/env/lib/python3.11/site-packages/pandas/io/api.py -> /Users/calum/Developer/Excelerator/dist/Excelerate.app/Contents/Resources/lib/python3.11/pandas/io/api.py
creating /Users/calum/Developer/Excelerator/dist/Excelerate.app/Contents/Resources/lib/python3.11/pandas/io/json
copying file /Users/calum/Developer/Excelerator/env/lib/python3.11/site-packages/pandas/io/json/_json.py -> /Users/calum/Developer/Excelerator/dist/Excelerate.app/Contents/Resources/lib/python3.11/pandas/io/json/_json.py
copying file /Users/calum/Developer/Excelerator/env/lib/python3.11/site-packages/pandas/io/json/_normalize.py -> /Users/calum/Developer/Excelerator/dist/Excelerate.app/Contents/Resources/lib/python3.11/pandas/io/json/_normalize.py
copying file /Users/calum/Developer/Excelerator/env/lib/python3.11/site-packages/pandas/io/json/_table_schema.py -> /Users/calum/Developer/Excelerator/dist/Excelerate.app/Contents/Resources/lib/python3.11/pandas/io/json/_table_schema.py
copying file /Users/calum/Developer/Excelerator/env/lib/python3.11/site-packages/pandas/io/json/__init__.py -> /Users/calum/Developer/Excelerator/dist/Excelerate.app/Contents/Resources/lib/python3.11/pandas/io/json/__init__.py
creating /Users/calum/Developer/Excelerator/dist/Excelerate.app/Contents/Resources/lib/python3.11/pandas/io/json/__pycache__
copying file /Users/calum/Developer/Excelerator/env/lib/python3.11/site-packages/pandas/io/json/__pycache__/_table_schema.cpython-311.pyc -> /Users/calum/Developer/Excelerator/dist/Excelerate.app/Contents/Resources/lib/python3.11/pandas/io/json/__pycache__/_table_schema.cpython-311.pyc
copying file /Users/calum/Developer/Excelerator/env/lib/python3.11/site-packages/pandas/io/json/__pycache__/_normalize.cpython-311.pyc -> /Users/calum/Developer/Excelerator/dist/Excelerate.app/Contents/Resources/lib/python3.11/pandas/io/json/__pycache__/_normalize.cpython-311.pyc
copying file /Users/calum/Developer/Excelerator/env/lib/python3.11/site-packages/pandas/io/json/__pycache__/_json.cpython-311.pyc -> /Users/calum/Developer/Excelerator/dist/Excelerate.app/Contents/Resources/lib/python3.11/pandas/io/json/__pycache__/_json.cpython-311.pyc
copying file /Users/calum/Developer/Excelerator/env/lib/python3.11/site-packages/pandas/io/json/__pycache__/__init__.cpython-311.pyc -> /Users/calum/Developer/Excelerator/dist/Excelerate.app/Contents/Resources/lib/python3.11/pandas/io/json/__pycache__/__init__.cpython-311.pyc
copying file /Users/calum/Developer/Excelerator/env/lib/python3.11/site-packages/pandas/io/common.py -> /Users/calum/Developer/Excelerator/dist/Excelerate.app/Contents/Resources/lib/python3.11/pandas/io/common.py
creating /Users/calum/Developer/Excelerator/dist/Excelerate.app/Contents/Resources/lib/python3.11/pandas/io/sas
copying file /Users/calum/Developer/Excelerator/env/lib/python3.11/site-packages/pandas/io/sas/sas7bdat.py -> /Users/calum/Developer/Excelerator/dist/Excelerate.app/Contents/Resources/lib/python3.11/pandas/io/sas/sas7bdat.py
copying file /Users/calum/Developer/Excelerator/env/lib/python3.11/site-packages/pandas/io/sas/sas_constants.py -> /Users/calum/Developer/Excelerator/dist/Excelerate.app/Contents/Resources/lib/python3.11/pandas/io/sas/sas_constants.py
copying file /Users/calum/Developer/Excelerator/env/lib/python3.11/site-packages/pandas/io/sas/sasreader.py -> /Users/calum/Developer/Excelerator/dist/Excelerate.app/Contents/Resources/lib/python3.11/pandas/io/sas/sasreader.py
copying file /Users/calum/Developer/Excelerator/env/lib/python3.11/site-packages/pandas/io/sas/__init__.py -> /Users/calum/Developer/Excelerator/dist/Excelerate.app/Contents/Resources/lib/python3.11/pandas/io/sas/__init__.py
creating /Users/calum/Developer/Excelerator/dist/Excelerate.app/Contents/Resources/lib/python3.11/pandas/io/sas/__pycache__
copying file /Users/calum/Developer/Excelerator/env/lib/python3.11/site-packages/pandas/io/sas/__pycache__/sas7bdat.cpython-311.pyc -> /Users/calum/Developer/Excelerator/dist/Excelerate.app/Contents/Resources/lib/python3.11/pandas/io/sas/__pycache__/sas7bdat.cpython-311.pyc
copying file /Users/calum/Developer/Excelerator/env/lib/python3.11/site-packages/pandas/io/sas/__pycache__/sas_constants.cpython-311.pyc -> /Users/calum/Developer/Excelerator/dist/Excelerate.app/Contents/Resources/lib/python3.11/pandas/io/sas/__pycache__/sas_constants.cpython-311.pyc
copying file /Users/calum/Developer/Excelerator/env/lib/python3.11/site-packages/pandas/io/sas/__pycache__/sasreader.cpython-311.pyc -> /Users/calum/Developer/Excelerator/dist/Excelerate.app/Contents/Resources/lib/python3.11/pandas/io/sas/__pycache__/sasreader.cpython-311.pyc
copying file /Users/calum/Developer/Excelerator/env/lib/python3.11/site-packages/pandas/io/sas/__pycache__/sas_xport.cpython-311.pyc -> /Users/calum/Developer/Excelerator/dist/Excelerate.app/Contents/Resources/lib/python3.11/pandas/io/sas/__pycache__/sas_xport.cpython-311.pyc
copying file /Users/calum/Developer/Excelerator/env/lib/python3.11/site-packages/pandas/io/sas/__pycache__/__init__.cpython-311.pyc -> /Users/calum/Developer/Excelerator/dist/Excelerate.app/Contents/Resources/lib/python3.11/pandas/io/sas/__pycache__/__init__.cpython-311.pyc
copying file /Users/calum/Developer/Excelerator/env/lib/python3.11/site-packages/pandas/io/sas/sas_xport.py -> /Users/calum/Developer/Excelerator/dist/Excelerate.app/Contents/Resources/lib/python3.11/pandas/io/sas/sas_xport.py
copying file /Users/calum/Developer/Excelerator/env/lib/python3.11/site-packages/pandas/io/_util.py -> /Users/calum/Developer/Excelerator/dist/Excelerate.app/Contents/Resources/lib/python3.11/pandas/io/_util.py
copying file /Users/calum/Developer/Excelerator/env/lib/python3.11/site-packages/pandas/io/pickle.py -> /Users/calum/Developer/Excelerator/dist/Excelerate.app/Contents/Resources/lib/python3.11/pandas/io/pickle.py
copying file /Users/calum/Developer/Excelerator/env/lib/python3.11/site-packages/pandas/io/sql.py -> /Users/calum/Developer/Excelerator/dist/Excelerate.app/Contents/Resources/lib/python3.11/pandas/io/sql.py
copying file /Users/calum/Developer/Excelerator/env/lib/python3.11/site-packages/pandas/io/stata.py -> /Users/calum/Developer/Excelerator/dist/Excelerate.app/Contents/Resources/lib/python3.11/pandas/io/stata.py
copying file /Users/calum/Developer/Excelerator/env/lib/python3.11/site-packages/pandas/io/gbq.py -> /Users/calum/Developer/Excelerator/dist/Excelerate.app/Contents/Resources/lib/python3.11/pandas/io/gbq.py
copying file /Users/calum/Developer/Excelerator/env/lib/python3.11/site-packages/pandas/io/spss.py -> /Users/calum/Developer/Excelerator/dist/Excelerate.app/Contents/Resources/lib/python3.11/pandas/io/spss.py
creating /Users/calum/Developer/Excelerator/dist/Excelerate.app/Contents/Resources/lib/python3.11/pandas/io/clipboard
copying file /Users/calum/Developer/Excelerator/env/lib/python3.11/site-packages/pandas/io/clipboard/__init__.py -> /Users/calum/Developer/Excelerator/dist/Excelerate.app/Contents/Resources/lib/python3.11/pandas/io/clipboard/__init__.py
creating /Users/calum/Developer/Excelerator/dist/Excelerate.app/Contents/Resources/lib/python3.11/pandas/io/clipboard/__pycache__
copying file /Users/calum/Developer/Excelerator/env/lib/python3.11/site-packages/pandas/io/clipboard/__pycache__/__init__.cpython-311.pyc -> /Users/calum/Developer/Excelerator/dist/Excelerate.app/Contents/Resources/lib/python3.11/pandas/io/clipboard/__pycache__/__init__.cpython-311.pyc
creating /Users/calum/Developer/Excelerator/dist/Excelerate.app/Contents/Resources/lib/python3.11/pandas/tseries
copying file /Users/calum/Developer/Excelerator/env/lib/python3.11/site-packages/pandas/tseries/__init__.py -> /Users/calum/Developer/Excelerator/dist/Excelerate.app/Contents/Resources/lib/python3.11/pandas/tseries/__init__.py
creating /Users/calum/Developer/Excelerator/dist/Excelerate.app/Contents/Resources/lib/python3.11/pandas/tseries/__pycache__
copying file /Users/calum/Developer/Excelerator/env/lib/python3.11/site-packages/pandas/tseries/__pycache__/api.cpython-311.pyc -> /Users/calum/Developer/Excelerator/dist/Excelerate.app/Contents/Resources/lib/python3.11/pandas/tseries/__pycache__/api.cpython-311.pyc
copying file /Users/calum/Developer/Excelerator/env/lib/python3.11/site-packages/pandas/tseries/__pycache__/holiday.cpython-311.pyc -> /Users/calum/Developer/Excelerator/dist/Excelerate.app/Contents/Resources/lib/python3.11/pandas/tseries/__pycache__/holiday.cpython-311.pyc
copying file /Users/calum/Developer/Excelerator/env/lib/python3.11/site-packages/pandas/tseries/__pycache__/offsets.cpython-311.pyc -> /Users/calum/Developer/Excelerator/dist/Excelerate.app/Contents/Resources/lib/python3.11/pandas/tseries/__pycache__/offsets.cpython-311.pyc
copying file /Users/calum/Developer/Excelerator/env/lib/python3.11/site-packages/pandas/tseries/__pycache__/frequencies.cpython-311.pyc -> /Users/calum/Developer/Excelerator/dist/Excelerate.app/Contents/Resources/lib/python3.11/pandas/tseries/__pycache__/frequencies.cpython-311.pyc
copying file /Users/calum/Developer/Excelerator/env/lib/python3.11/site-packages/pandas/tseries/__pycache__/__init__.cpython-311.pyc -> /Users/calum/Developer/Excelerator/dist/Excelerate.app/Contents/Resources/lib/python3.11/pandas/tseries/__pycache__/__init__.cpython-311.pyc
copying file /Users/calum/Developer/Excelerator/env/lib/python3.11/site-packages/pandas/tseries/api.py -> /Users/calum/Developer/Excelerator/dist/Excelerate.app/Contents/Resources/lib/python3.11/pandas/tseries/api.py
copying file /Users/calum/Developer/Excelerator/env/lib/python3.11/site-packages/pandas/tseries/offsets.py -> /Users/calum/Developer/Excelerator/dist/Excelerate.app/Contents/Resources/lib/python3.11/pandas/tseries/offsets.py
copying file /Users/calum/Developer/Excelerator/env/lib/python3.11/site-packages/pandas/tseries/frequencies.py -> /Users/calum/Developer/Excelerator/dist/Excelerate.app/Contents/Resources/lib/python3.11/pandas/tseries/frequencies.py
copying file /Users/calum/Developer/Excelerator/env/lib/python3.11/site-packages/pandas/tseries/holiday.py -> /Users/calum/Developer/Excelerator/dist/Excelerate.app/Contents/Resources/lib/python3.11/pandas/tseries/holiday.py
creating /Users/calum/Developer/Excelerator/dist/Excelerate.app/Contents/Resources/lib/python3.11/pandas/tests
creating /Users/calum/Developer/Excelerator/dist/Excelerate.app/Contents/Resources/lib/python3.11/pandas/tests/series
copying file /Users/calum/Developer/Excelerator/env/lib/python3.11/site-packages/pandas/tests/series/test_logical_ops.py -> /Users/calum/Developer/Excelerator/dist/Excelerate.app/Contents/Resources/lib/python3.11/pandas/tests/series/test_logical_ops.py
copying file /Users/calum/Developer/Excelerator/env/lib/python3.11/site-packages/pandas/tests/series/test_reductions.py -> /Users/calum/Developer/Excelerator/dist/Excelerate.app/Contents/Resources/lib/python3.11/pandas/tests/series/test_reductions.py
creating /Users/calum/Developer/Excelerator/dist/Excelerate.app/Contents/Resources/lib/python3.11/pandas/tests/series/methods
copying file /Users/calum/Developer/Excelerator/env/lib/python3.11/site-packages/pandas/tests/series/methods/test_autocorr.py -> /Users/calum/Developer/Excelerator/dist/Excelerate.app/Contents/Resources/lib/python3.11/pandas/tests/series/methods/test_autocorr.py
copying file /Users/calum/Developer/Excelerator/env/lib/python3.11/site-packages/pandas/tests/series/methods/test_value_counts.py -> /Users/calum/Developer/Excelerator/dist/Excelerate.app/Contents/Resources/lib/python3.11/pandas/tests/series/methods/test_value_counts.py
copying file /Users/calum/Developer/Excelerator/env/lib/python3.11/site-packages/pandas/tests/series/methods/test_combine.py -> /Users/calum/Developer/Excelerator/dist/Excelerate.app/Contents/Resources/lib/python3.11/pandas/tests/series/methods/test_combine.py
copying file /Users/calum/Developer/Excelerator/env/lib/python3.11/site-packages/pandas/tests/series/methods/test_convert_dtypes.py -> /Users/calum/Developer/Excelerator/dist/Excelerate.app/Contents/Resources/lib/python3.11/pandas/tests/series/methods/test_convert_dtypes.py
copying file /Users/calum/Developer/Excelerator/env/lib/python3.11/site-packages/pandas/tests/series/methods/test_cov_corr.py -> /Users/calum/Developer/Excelerator/dist/Excelerate.app/Contents/Resources/lib/python3.11/pandas/tests/series/methods/test_cov_corr.py
copying file /Users/calum/Developer/Excelerator/env/lib/python3.11/site-packages/pandas/tests/series/methods/test_repeat.py -> /Users/calum/Developer/Excelerator/dist/Excelerate.app/Contents/Resources/lib/python3.11/pandas/tests/series/methods/test_repeat.py
copying file /Users/calum/Developer/Excelerator/env/lib/python3.11/site-packages/pandas/tests/series/methods/test_searchsorted.py -> /Users/calum/Developer/Excelerator/dist/Excelerate.app/Contents/Resources/lib/python3.11/pandas/tests/series/methods/test_searchsorted.py
copying file /Users/calum/Developer/Excelerator/env/lib/python3.11/site-packages/pandas/tests/series/methods/test_add_prefix_suffix.py -> /Users/calum/Developer/Excelerator/dist/Excelerate.app/Contents/Resources/lib/python3.11/pandas/tests/series/methods/test_add_prefix_suffix.py
copying file /Users/calum/Developer/Excelerator/env/lib/python3.11/site-packages/pandas/tests/series/methods/test_round.py -> /Users/calum/Developer/Excelerator/dist/Excelerate.app/Contents/Resources/lib/python3.11/pandas/tests/series/methods/test_round.py
copying file /Users/calum/Developer/Excelerator/env/lib/python3.11/site-packages/pandas/tests/series/methods/test_combine_first.py -> /Users/calum/Developer/Excelerator/dist/Excelerate.app/Contents/Resources/lib/python3.11/pandas/tests/series/methods/test_combine_first.py
copying file /Users/calum/Developer/Excelerator/env/lib/python3.11/site-packages/pandas/tests/series/methods/test_infer_objects.py -> /Users/calum/Developer/Excelerator/dist/Excelerate.app/Contents/Resources/lib/python3.11/pandas/tests/series/methods/test_infer_objects.py
copying file /Users/calum/Developer/Excelerator/env/lib/python3.11/site-packages/pandas/tests/series/methods/test_sort_values.py -> /Users/calum/Developer/Excelerator/dist/Excelerate.app/Contents/Resources/lib/python3.11/pandas/tests/series/methods/test_sort_values.py
copying file /Users/calum/Developer/Excelerator/env/lib/python3.11/site-packages/pandas/tests/series/methods/test_to_frame.py -> /Users/calum/Developer/Excelerator/dist/Excelerate.app/Contents/Resources/lib/python3.11/pandas/tests/series/methods/test_to_frame.py
copying file /Users/calum/Developer/Excelerator/env/lib/python3.11/site-packages/pandas/tests/series/methods/test_nunique.py -> /Users/calum/Developer/Excelerator/dist/Excelerate.app/Contents/Resources/lib/python3.11/pandas/tests/series/methods/test_nunique.py
copying file /Users/calum/Developer/Excelerator/env/lib/python3.11/site-packages/pandas/tests/series/methods/test_argsort.py -> /Users/calum/Developer/Excelerator/dist/Excelerate.app/Contents/Resources/lib/python3.11/pandas/tests/series/methods/test_argsort.py
copying file /Users/calum/Developer/Excelerator/env/lib/python3.11/site-packages/pandas/tests/series/methods/test_reset_index.py -> /Users/calum/Developer/Excelerator/dist/Excelerate.app/Contents/Resources/lib/python3.11/pandas/tests/series/methods/test_reset_index.py
copying file /Users/calum/Developer/Excelerator/env/lib/python3.11/site-packages/pandas/tests/series/methods/test_describe.py -> /Users/calum/Developer/Excelerator/dist/Excelerate.app/Contents/Resources/lib/python3.11/pandas/tests/series/methods/test_describe.py
copying file /Users/calum/Developer/Excelerator/env/lib/python3.11/site-packages/pandas/tests/series/methods/test_size.py -> /Users/calum/Developer/Excelerator/dist/Excelerate.app/Contents/Resources/lib/python3.11/pandas/tests/series/methods/test_size.py
copying file /Users/calum/Developer/Excelerator/env/lib/python3.11/site-packages/pandas/tests/series/methods/test_reindex_like.py -> /Users/calum/Developer/Excelerator/dist/Excelerate.app/Contents/Resources/lib/python3.11/pandas/tests/series/methods/test_reindex_like.py
copying file /Users/calum/Developer/Excelerator/env/lib/python3.11/site-packages/pandas/tests/series/methods/test_copy.py -> /Users/calum/Developer/Excelerator/dist/Excelerate.app/Contents/Resources/lib/python3.11/pandas/tests/series/methods/test_copy.py
copying file /Users/calum/Developer/Excelerator/env/lib/python3.11/site-packages/pandas/tests/series/methods/test_set_name.py -> /Users/calum/Developer/Excelerator/dist/Excelerate.app/Contents/Resources/lib/python3.11/pandas/tests/series/methods/test_set_name.py
copying file /Users/calum/Developer/Excelerator/env/lib/python3.11/site-packages/pandas/tests/series/methods/test_truncate.py -> /Users/calum/Developer/Excelerator/dist/Excelerate.app/Contents/Resources/lib/python3.11/pandas/tests/series/methods/test_truncate.py
copying file /Users/calum/Developer/Excelerator/env/lib/python3.11/site-packages/pandas/tests/series/methods/test_drop_duplicates.py -> /Users/calum/Developer/Excelerator/dist/Excelerate.app/Contents/Resources/lib/python3.11/pandas/tests/series/methods/test_drop_duplicates.py
copying file /Users/calum/Developer/Excelerator/env/lib/python3.11/site-packages/pandas/tests/series/methods/__init__.py -> /Users/calum/Developer/Excelerator/dist/Excelerate.app/Contents/Resources/lib/python3.11/pandas/tests/series/methods/__init__.py
copying file /Users/calum/Developer/Excelerator/env/lib/python3.11/site-packages/pandas/tests/series/methods/test_head_tail.py -> /Users/calum/Developer/Excelerator/dist/Excelerate.app/Contents/Resources/lib/python3.11/pandas/tests/series/methods/test_head_tail.py
creating /Users/calum/Developer/Excelerator/dist/Excelerate.app/Contents/Resources/lib/python3.11/pandas/tests/series/methods/__pycache__
copying file /Users/calum/Developer/Excelerator/env/lib/python3.11/site-packages/pandas/tests/series/methods/__pycache__/test_autocorr.cpython-311.pyc -> /Users/calum/Developer/Excelerator/dist/Excelerate.app/Contents/Resources/lib/python3.11/pandas/tests/series/methods/__pycache__/test_autocorr.cpython-311.pyc
copying file /Users/calum/Developer/Excelerator/env/lib/python3.11/site-packages/pandas/tests/series/methods/__pycache__/test_update.cpython-311.pyc -> /Users/calum/Developer/Excelerator/dist/Excelerate.app/Contents/Resources/lib/python3.11/pandas/tests/series/methods/__pycache__/test_update.cpython-311.pyc
copying file /Users/calum/Developer/Excelerator/env/lib/python3.11/site-packages/pandas/tests/series/methods/__pycache__/test_explode.cpython-311.pyc -> /Users/calum/Developer/Excelerator/dist/Excelerate.app/Contents/Resources/lib/python3.11/pandas/tests/series/methods/__pycache__/test_explode.cpython-311.pyc
copying file /Users/calum/Developer/Excelerator/env/lib/python3.11/site-packages/pandas/tests/series/methods/__pycache__/test_quantile.cpython-311.pyc -> /Users/calum/Developer/Excelerator/dist/Excelerate.app/Contents/Resources/lib/python3.11/pandas/tests/series/methods/__pycache__/test_quantile.cpython-311.pyc
copying file /Users/calum/Developer/Excelerator/env/lib/python3.11/site-packages/pandas/tests/series/methods/__pycache__/test_asof.cpython-311.pyc -> /Users/calum/Developer/Excelerator/dist/Excelerate.app/Contents/Resources/lib/python3.11/pandas/tests/series/methods/__pycache__/test_asof.cpython-311.pyc
copying file /Users/calum/Developer/Excelerator/env/lib/python3.11/site-packages/pandas/tests/series/methods/__pycache__/test_value_counts.cpython-311.pyc -> /Users/calum/Developer/Excelerator/dist/Excelerate.app/Contents/Resources/lib/python3.11/pandas/tests/series/methods/__pycache__/test_value_counts.cpython-311.pyc
copying file /Users/calum/Developer/Excelerator/env/lib/python3.11/site-packages/pandas/tests/series/methods/__pycache__/test_convert_dtypes.cpython-311.pyc -> /Users/calum/Developer/Excelerator/dist/Excelerate.app/Contents/Resources/lib/python3.11/pandas/tests/series/methods/__pycache__/test_convert_dtypes.cpython-311.pyc
copying file /Users/calum/Developer/Excelerator/env/lib/python3.11/site-packages/pandas/tests/series/methods/__pycache__/test_isna.cpython-311.pyc -> /Users/calum/Developer/Excelerator/dist/Excelerate.app/Contents/Resources/lib/python3.11/pandas/tests/series/methods/__pycache__/test_isna.cpython-311.pyc
copying file /Users/calum/Developer/Excelerator/env/lib/python3.11/site-packages/pandas/tests/series/methods/__pycache__/test_sort_index.cpython-311.pyc -> /Users/calum/Developer/Excelerator/dist/Excelerate.app/Contents/Resources/lib/python3.11/pandas/tests/series/methods/__pycache__/test_sort_index.cpython-311.pyc
copying file /Users/calum/Developer/Excelerator/env/lib/python3.11/site-packages/pandas/tests/series/methods/__pycache__/test_reset_index.cpython-311.pyc -> /Users/calum/Developer/Excelerator/dist/Excelerate.app/Contents/Resources/lib/python3.11/pandas/tests/series/methods/__pycache__/test_reset_index.cpython-311.pyc
copying file /Users/calum/Developer/Excelerator/env/lib/python3.11/site-packages/pandas/tests/series/methods/__pycache__/test_argsort.cpython-311.pyc -> /Users/calum/Developer/Excelerator/dist/Excelerate.app/Contents/Resources/lib/python3.11/pandas/tests/series/methods/__pycache__/test_argsort.cpython-311.pyc
copying file /Users/calum/Developer/Excelerator/env/lib/python3.11/site-packages/pandas/tests/series/methods/__pycache__/test_dropna.cpython-311.pyc -> /Users/calum/Developer/Excelerator/dist/Excelerate.app/Contents/Resources/lib/python3.11/pandas/tests/series/methods/__pycache__/test_dropna.cpython-311.pyc
copying file /Users/calum/Developer/Excelerator/env/lib/python3.11/site-packages/pandas/tests/series/methods/__pycache__/test_drop_duplicates.cpython-311.pyc -> /Users/calum/Developer/Excelerator/dist/Excelerate.app/Contents/Resources/lib/python3.11/pandas/tests/series/methods/__pycache__/test_drop_duplicates.cpython-311.pyc
copying file /Users/calum/Developer/Excelerator/env/lib/python3.11/site-packages/pandas/tests/series/methods/__pycache__/test_searchsorted.cpython-311.pyc -> /Users/calum/Developer/Excelerator/dist/Excelerate.app/Contents/Resources/lib/python3.11/pandas/tests/series/methods/__pycache__/test_searchsorted.cpython-311.pyc
copying file /Users/calum/Developer/Excelerator/env/lib/python3.11/site-packages/pandas/tests/series/methods/__pycache__/test_duplicated.cpython-311.pyc -> /Users/calum/Developer/Excelerator/dist/Excelerate.app/Contents/Resources/lib/python3.11/pandas/tests/series/methods/__pycache__/test_duplicated.cpython-311.pyc
copying file /Users/calum/Developer/Excelerator/env/lib/python3.11/site-packages/pandas/tests/series/methods/__pycache__/test_to_dict.cpython-311.pyc -> /Users/calum/Developer/Excelerator/dist/Excelerate.app/Contents/Resources/lib/python3.11/pandas/tests/series/methods/__pycache__/test_to_dict.cpython-311.pyc
copying file /Users/calum/Developer/Excelerator/env/lib/python3.11/site-packages/pandas/tests/series/methods/__pycache__/test_nunique.cpython-311.pyc -> /Users/calum/Developer/Excelerator/dist/Excelerate.app/Contents/Resources/lib/python3.11/pandas/tests/series/methods/__pycache__/test_nunique.cpython-311.pyc
copying file /Users/calum/Developer/Excelerator/env/lib/python3.11/site-packages/pandas/tests/series/methods/__pycache__/test_sort_values.cpython-311.pyc -> /Users/calum/Developer/Excelerator/dist/Excelerate.app/Contents/Resources/lib/python3.11/pandas/tests/series/methods/__pycache__/test_sort_values.cpython-311.pyc
copying file /Users/calum/Developer/Excelerator/env/lib/python3.11/site-packages/pandas/tests/series/methods/__pycache__/test_combine_first.cpython-311.pyc -> /Users/calum/Developer/Excelerator/dist/Excelerate.app/Contents/Resources/lib/python3.11/pandas/tests/series/methods/__pycache__/test_combine_first.cpython-311.pyc
copying file /Users/calum/Developer/Excelerator/env/lib/python3.11/site-packages/pandas/tests/series/methods/__pycache__/test_equals.cpython-311.pyc -> /Users/calum/Developer/Excelerator/dist/Excelerate.app/Contents/Resources/lib/python3.11/pandas/tests/series/methods/__pycache__/test_equals.cpython-311.pyc
copying file /Users/calum/Developer/Excelerator/env/lib/python3.11/site-packages/pandas/tests/series/methods/__pycache__/test_repeat.cpython-311.pyc -> /Users/calum/Developer/Excelerator/dist/Excelerate.app/Contents/Resources/lib/python3.11/pandas/tests/series/methods/__pycache__/test_repeat.cpython-311.pyc
copying file /Users/calum/Developer/Excelerator/env/lib/python3.11/site-packages/pandas/tests/series/methods/__pycache__/test_is_unique.cpython-311.pyc -> /Users/calum/Developer/Excelerator/dist/Excelerate.app/Contents/Resources/lib/python3.11/pandas/tests/series/methods/__pycache__/test_is_unique.cpython-311.pyc
copying file /Users/calum/Developer/Excelerator/env/lib/python3.11/site-packages/pandas/tests/series/methods/__pycache__/test_round.cpython-311.pyc -> /Users/calum/Developer/Excelerator/dist/Excelerate.app/Contents/Resources/lib/python3.11/pandas/tests/series/methods/__pycache__/test_round.cpython-311.pyc
copying file /Users/calum/Developer/Excelerator/env/lib/python3.11/site-packages/pandas/tests/series/methods/__pycache__/test_nlargest.cpython-311.pyc -> /Users/calum/Developer/Excelerator/dist/Excelerate.app/Contents/Resources/lib/python3.11/pandas/tests/series/methods/__pycache__/test_nlargest.cpython-311.pyc
copying file /Users/calum/Developer/Excelerator/env/lib/python3.11/site-packages/pandas/tests/series/methods/__pycache__/test_align.cpython-311.pyc -> /Users/calum/Developer/Excelerator/dist/Excelerate.app/Contents/Resources/lib/python3.11/pandas/tests/series/methods/__pycache__/test_align.cpython-311.pyc
copying file /Users/calum/Developer/Excelerator/env/lib/python3.11/site-packages/pandas/tests/series/methods/__pycache__/test_reindex_like.cpython-311.pyc -> /Users/calum/Developer/Excelerator/dist/Excelerate.app/Contents/Resources/lib/python3.11/pandas/tests/series/methods/__pycache__/test_reindex_like.cpython-311.pyc
copying file /Users/calum/Developer/Excelerator/env/lib/python3.11/site-packages/pandas/tests/series/methods/__pycache__/test_to_numpy.cpython-311.pyc -> /Users/calum/Developer/Excelerator/dist/Excelerate.app/Contents/Resources/lib/python3.11/pandas/tests/series/methods/__pycache__/test_to_numpy.cpython-311.pyc
copying file /Users/calum/Developer/Excelerator/env/lib/python3.11/site-packages/pandas/tests/series/methods/__pycache__/test_get_numeric_data.cpython-311.pyc -> /Users/calum/Developer/Excelerator/dist/Excelerate.app/Contents/Resources/lib/python3.11/pandas/tests/series/methods/__pycache__/test_get_numeric_data.cpython-311.pyc
copying file /Users/calum/Developer/Excelerator/env/lib/python3.11/site-packages/pandas/tests/series/methods/__pycache__/test_copy.cpython-311.pyc -> /Users/calum/Developer/Excelerator/dist/Excelerate.app/Contents/Resources/lib/python3.11/pandas/tests/series/methods/__pycache__/test_copy.cpython-311.pyc
copying file /Users/calum/Developer/Excelerator/env/lib/python3.11/site-packages/pandas/tests/series/methods/__pycache__/test_unique.cpython-311.pyc -> /Users/calum/Developer/Excelerator/dist/Excelerate.app/Contents/Resources/lib/python3.11/pandas/tests/series/methods/__pycache__/test_unique.cpython-311.pyc
copying file /Users/calum/Developer/Excelerator/env/lib/python3.11/site-packages/pandas/tests/series/methods/__pycache__/test_size.cpython-311.pyc -> /Users/calum/Developer/Excelerator/dist/Excelerate.app/Contents/Resources/lib/python3.11/pandas/tests/series/methods/__pycache__/test_size.cpython-311.pyc
copying file /Users/calum/Developer/Excelerator/env/lib/python3.11/site-packages/pandas/tests/series/methods/__pycache__/test_set_name.cpython-311.pyc -> /Users/calum/Developer/Excelerator/dist/Excelerate.app/Contents/Resources/lib/python3.11/pandas/tests/series/methods/__pycache__/test_set_name.cpython-311.pyc
copying file /Users/calum/Developer/Excelerator/env/lib/python3.11/site-packages/pandas/tests/series/methods/__pycache__/test_rename_axis.cpython-311.pyc -> /Users/calum/Developer/Excelerator/dist/Excelerate.app/Contents/Resources/lib/python3.11/pandas/tests/series/methods/__pycache__/test_rename_axis.cpython-311.pyc
copying file /Users/calum/Developer/Excelerator/env/lib/python3.11/site-packages/pandas/tests/series/methods/__pycache__/test_pct_change.cpython-311.pyc -> /Users/calum/Developer/Excelerator/dist/Excelerate.app/Contents/Resources/lib/python3.11/pandas/tests/series/methods/__pycache__/test_pct_change.cpython-311.pyc
copying file /Users/calum/Developer/Excelerator/env/lib/python3.11/site-packages/pandas/tests/series/methods/__pycache__/test_is_monotonic.cpython-311.pyc -> /Users/calum/Developer/Excelerator/dist/Excelerate.app/Contents/Resources/lib/python3.11/pandas/tests/series/methods/__pycache__/test_is_monotonic.cpython-311.pyc
copying file /Users/calum/Developer/Excelerator/env/lib/python3.11/site-packages/pandas/tests/series/methods/__pycache__/test_infer_objects.cpython-311.pyc -> /Users/calum/Developer/Excelerator/dist/Excelerate.app/Contents/Resources/lib/python3.11/pandas/tests/series/methods/__pycache__/test_infer_objects.cpython-311.pyc
copying file /Users/calum/Developer/Excelerator/env/lib/python3.11/site-packages/pandas/tests/series/methods/__pycache__/test_to_frame.cpython-311.pyc -> /Users/calum/Developer/Excelerator/dist/Excelerate.app/Contents/Resources/lib/python3.11/pandas/tests/series/methods/__pycache__/test_to_frame.cpython-311.pyc
copying file /Users/calum/Developer/Excelerator/env/lib/python3.11/site-packages/pandas/tests/series/methods/__pycache__/test_count.cpython-311.pyc -> /Users/calum/Developer/Excelerator/dist/Excelerate.app/Contents/Resources/lib/python3.11/pandas/tests/series/methods/__pycache__/test_count.cpython-311.pyc
copying file /Users/calum/Developer/Excelerator/env/lib/python3.11/site-packages/pandas/tests/series/methods/__pycache__/test_compare.cpython-311.pyc -> /Users/calum/Developer/Excelerator/dist/Excelerate.app/Contents/Resources/lib/python3.11/pandas/tests/series/methods/__pycache__/test_compare.cpython-311.pyc
copying file /Users/calum/Developer/Excelerator/env/lib/python3.11/site-packages/pandas/tests/series/methods/__pycache__/test_fillna.cpython-311.pyc -> /Users/calum/Developer/Excelerator/dist/Excelerate.app/Contents/Resources/lib/python3.11/pandas/tests/series/methods/__pycache__/test_fillna.cpython-311.pyc
copying file /Users/calum/Developer/Excelerator/env/lib/python3.11/site-packages/pandas/tests/series/methods/__pycache__/test_rename.cpython-311.pyc -> /Users/calum/Developer/Excelerator/dist/Excelerate.app/Contents/Resources/lib/python3.11/pandas/tests/series/methods/__pycache__/test_rename.cpython-311.pyc
copying file /Users/calum/Developer/Excelerator/env/lib/python3.11/site-packages/pandas/tests/series/methods/__pycache__/test_to_csv.cpython-311.pyc -> /Users/calum/Developer/Excelerator/dist/Excelerate.app/Contents/Resources/lib/python3.11/pandas/tests/series/methods/__pycache__/test_to_csv.cpython-311.pyc
copying file /Users/calum/Developer/Excelerator/env/lib/python3.11/site-packages/pandas/tests/series/methods/__pycache__/test_truncate.cpython-311.pyc -> /Users/calum/Developer/Excelerator/dist/Excelerate.app/Contents/Resources/lib/python3.11/pandas/tests/series/methods/__pycache__/test_truncate.cpython-311.pyc
copying file /Users/calum/Developer/Excelerator/env/lib/python3.11/site-packages/pandas/tests/series/methods/__pycache__/test_matmul.cpython-311.pyc -> /Users/calum/Developer/Excelerator/dist/Excelerate.app/Contents/Resources/lib/python3.11/pandas/tests/series/methods/__pycache__/test_matmul.cpython-311.pyc
copying file /Users/calum/Developer/Excelerator/env/lib/python3.11/site-packages/pandas/tests/series/methods/__pycache__/test_between.cpython-311.pyc -> /Users/calum/Developer/Excelerator/dist/Excelerate.app/Contents/Resources/lib/python3.11/pandas/tests/series/methods/__pycache__/test_between.cpython-311.pyc
copying file /Users/calum/Developer/Excelerator/env/lib/python3.11/site-packages/pandas/tests/series/methods/__pycache__/test_head_tail.cpython-311.pyc -> /Users/calum/Developer/Excelerator/dist/Excelerate.app/Contents/Resources/lib/python3.11/pandas/tests/series/methods/__pycache__/test_head_tail.cpython-311.pyc
copying file /Users/calum/Developer/Excelerator/env/lib/python3.11/site-packages/pandas/tests/series/methods/__pycache__/test_combine.cpython-311.pyc -> /Users/calum/Developer/Excelerator/dist/Excelerate.app/Contents/Resources/lib/python3.11/pandas/tests/series/methods/__pycache__/test_combine.cpython-311.pyc
copying file /Users/calum/Developer/Excelerator/env/lib/python3.11/site-packages/pandas/tests/series/methods/__pycache__/test_rank.cpython-311.pyc -> /Users/calum/Developer/Excelerator/dist/Excelerate.app/Contents/Resources/lib/python3.11/pandas/tests/series/methods/__pycache__/test_rank.cpython-311.pyc
copying file /Users/calum/Developer/Excelerator/env/lib/python3.11/site-packages/pandas/tests/series/methods/__pycache__/test_dtypes.cpython-311.pyc -> /Users/calum/Developer/Excelerator/dist/Excelerate.app/Contents/Resources/lib/python3.11/pandas/tests/series/methods/__pycache__/test_dtypes.cpython-311.pyc
copying file /Users/calum/Developer/Excelerator/env/lib/python3.11/site-packages/pandas/tests/series/methods/__pycache__/test_tolist.cpython-311.pyc -> /Users/calum/Developer/Excelerator/dist/Excelerate.app/Contents/Resources/lib/python3.11/pandas/tests/series/methods/__pycache__/test_tolist.cpython-311.pyc
copying file /Users/calum/Developer/Excelerator/env/lib/python3.11/site-packages/pandas/tests/series/methods/__pycache__/test_case_when.cpython-311.pyc -> /Users/calum/Developer/Excelerator/dist/Excelerate.app/Contents/Resources/lib/python3.11/pandas/tests/series/methods/__pycache__/test_case_when.cpython-311.pyc
copying file /Users/calum/Developer/Excelerator/env/lib/python3.11/site-packages/pandas/tests/series/methods/__pycache__/test_isin.cpython-311.pyc -> /Users/calum/Developer/Excelerator/dist/Excelerate.app/Contents/Resources/lib/python3.11/pandas/tests/series/methods/__pycache__/test_isin.cpython-311.pyc
copying file /Users/calum/Developer/Excelerator/env/lib/python3.11/site-packages/pandas/tests/series/methods/__pycache__/test_drop.cpython-311.pyc -> /Users/calum/Developer/Excelerator/dist/Excelerate.app/Contents/Resources/lib/python3.11/pandas/tests/series/methods/__pycache__/test_drop.cpython-311.pyc
copying file /Users/calum/Developer/Excelerator/env/lib/python3.11/site-packages/pandas/tests/series/methods/__pycache__/test_item.cpython-311.pyc -> /Users/calum/Developer/Excelerator/dist/Excelerate.app/Contents/Resources/lib/python3.11/pandas/tests/series/methods/__pycache__/test_item.cpython-311.pyc
copying file /Users/calum/Developer/Excelerator/env/lib/python3.11/site-packages/pandas/tests/series/methods/__pycache__/test_unstack.cpython-311.pyc -> /Users/calum/Developer/Excelerator/dist/Excelerate.app/Contents/Resources/lib/python3.11/pandas/tests/series/methods/__pycache__/test_unstack.cpython-311.pyc
copying file /Users/calum/Developer/Excelerator/env/lib/python3.11/site-packages/pandas/tests/series/methods/__pycache__/test_reindex.cpython-311.pyc -> /Users/calum/Developer/Excelerator/dist/Excelerate.app/Contents/Resources/lib/python3.11/pandas/tests/series/methods/__pycache__/test_reindex.cpython-311.pyc
copying file /Users/calum/Developer/Excelerator/env/lib/python3.11/site-packages/pandas/tests/series/methods/__pycache__/test_add_prefix_suffix.cpython-311.pyc -> /Users/calum/Developer/Excelerator/dist/Excelerate.app/Contents/Resources/lib/python3.11/pandas/tests/series/methods/__pycache__/test_add_prefix_suffix.cpython-311.pyc
copying file /Users/calum/Developer/Excelerator/env/lib/python3.11/site-packages/pandas/tests/series/methods/__pycache__/test_tz_localize.cpython-311.pyc -> /Users/calum/Developer/Excelerator/dist/Excelerate.app/Contents/Resources/lib/python3.11/pandas/tests/series/methods/__pycache__/test_tz_localize.cpython-311.pyc
copying file /Users/calum/Developer/Excelerator/env/lib/python3.11/site-packages/pandas/tests/series/methods/__pycache__/test_clip.cpython-311.pyc -> /Users/calum/Developer/Excelerator/dist/Excelerate.app/Contents/Resources/lib/python3.11/pandas/tests/series/methods/__pycache__/test_clip.cpython-311.pyc
copying file /Users/calum/Developer/Excelerator/env/lib/python3.11/site-packages/pandas/tests/series/methods/__pycache__/test_diff.cpython-311.pyc -> /Users/calum/Developer/Excelerator/dist/Excelerate.app/Contents/Resources/lib/python3.11/pandas/tests/series/methods/__pycache__/test_diff.cpython-311.pyc
copying file /Users/calum/Developer/Excelerator/env/lib/python3.11/site-packages/pandas/tests/series/methods/__pycache__/test_view.cpython-311.pyc -> /Users/calum/Developer/Excelerator/dist/Excelerate.app/Contents/Resources/lib/python3.11/pandas/tests/series/methods/__pycache__/test_view.cpython-311.pyc
copying file /Users/calum/Developer/Excelerator/env/lib/python3.11/site-packages/pandas/tests/series/methods/__pycache__/test_astype.cpython-311.pyc -> /Users/calum/Developer/Excelerator/dist/Excelerate.app/Contents/Resources/lib/python3.11/pandas/tests/series/methods/__pycache__/test_astype.cpython-311.pyc
copying file /Users/calum/Developer/Excelerator/env/lib/python3.11/site-packages/pandas/tests/series/methods/__pycache__/test_describe.cpython-311.pyc -> /Users/calum/Developer/Excelerator/dist/Excelerate.app/Contents/Resources/lib/python3.11/pandas/tests/series/methods/__pycache__/test_describe.cpython-311.pyc
copying file /Users/calum/Developer/Excelerator/env/lib/python3.11/site-packages/pandas/tests/series/methods/__pycache__/test_values.cpython-311.pyc -> /Users/calum/Developer/Excelerator/dist/Excelerate.app/Contents/Resources/lib/python3.11/pandas/tests/series/methods/__pycache__/test_values.cpython-311.pyc
copying file /Users/calum/Developer/Excelerator/env/lib/python3.11/site-packages/pandas/tests/series/methods/__pycache__/__init__.cpython-311.pyc -> /Users/calum/Developer/Excelerator/dist/Excelerate.app/Contents/Resources/lib/python3.11/pandas/tests/series/methods/__pycache__/__init__.cpython-311.pyc
copying file /Users/calum/Developer/Excelerator/env/lib/python3.11/site-packages/pandas/tests/series/methods/__pycache__/test_map.cpython-311.pyc -> /Users/calum/Developer/Excelerator/dist/Excelerate.app/Contents/Resources/lib/python3.11/pandas/tests/series/methods/__pycache__/test_map.cpython-311.pyc
copying file /Users/calum/Developer/Excelerator/env/lib/python3.11/site-packages/pandas/tests/series/methods/__pycache__/test_replace.cpython-311.pyc -> /Users/calum/Developer/Excelerator/dist/Excelerate.app/Contents/Resources/lib/python3.11/pandas/tests/series/methods/__pycache__/test_replace.cpython-311.pyc
copying file /Users/calum/Developer/Excelerator/env/lib/python3.11/site-packages/pandas/tests/series/methods/__pycache__/test_info.cpython-311.pyc -> /Users/calum/Developer/Excelerator/dist/Excelerate.app/Contents/Resources/lib/python3.11/pandas/tests/series/methods/__pycache__/test_info.cpython-311.pyc
copying file /Users/calum/Developer/Excelerator/env/lib/python3.11/site-packages/pandas/tests/series/methods/__pycache__/test_pop.cpython-311.pyc -> /Users/calum/Developer/Excelerator/dist/Excelerate.app/Contents/Resources/lib/python3.11/pandas/tests/series/methods/__pycache__/test_pop.cpython-311.pyc
copying file /Users/calum/Developer/Excelerator/env/lib/python3.11/site-packages/pandas/tests/series/methods/__pycache__/test_interpolate.cpython-311.pyc -> /Users/calum/Developer/Excelerator/dist/Excelerate.app/Contents/Resources/lib/python3.11/pandas/tests/series/methods/__pycache__/test_interpolate.cpython-311.pyc
copying file /Users/calum/Developer/Excelerator/env/lib/python3.11/site-packages/pandas/tests/series/methods/__pycache__/test_cov_corr.cpython-311.pyc -> /Users/calum/Developer/Excelerator/dist/Excelerate.app/Contents/Resources/lib/python3.11/pandas/tests/series/methods/__pycache__/test_cov_corr.cpython-311.pyc
copying file /Users/calum/Developer/Excelerator/env/lib/python3.11/site-packages/pandas/tests/series/methods/test_unstack.py -> /Users/calum/Developer/Excelerator/dist/Excelerate.app/Contents/Resources/lib/python3.11/pandas/tests/series/methods/test_unstack.py
copying file /Users/calum/Developer/Excelerator/env/lib/python3.11/site-packages/pandas/tests/series/methods/test_count.py -> /Users/calum/Developer/Excelerator/dist/Excelerate.app/Contents/Resources/lib/python3.11/pandas/tests/series/methods/test_count.py
copying file /Users/calum/Developer/Excelerator/env/lib/python3.11/site-packages/pandas/tests/series/methods/test_quantile.py -> /Users/calum/Developer/Excelerator/dist/Excelerate.app/Contents/Resources/lib/python3.11/pandas/tests/series/methods/test_quantile.py
copying file /Users/calum/Developer/Excelerator/env/lib/python3.11/site-packages/pandas/tests/series/methods/test_between.py -> /Users/calum/Developer/Excelerator/dist/Excelerate.app/Contents/Resources/lib/python3.11/pandas/tests/series/methods/test_between.py
copying file /Users/calum/Developer/Excelerator/env/lib/python3.11/site-packages/pandas/tests/series/methods/test_equals.py -> /Users/calum/Developer/Excelerator/dist/Excelerate.app/Contents/Resources/lib/python3.11/pandas/tests/series/methods/test_equals.py
copying file /Users/calum/Developer/Excelerator/env/lib/python3.11/site-packages/pandas/tests/series/methods/test_nlargest.py -> /Users/calum/Developer/Excelerator/dist/Excelerate.app/Contents/Resources/lib/python3.11/pandas/tests/series/methods/test_nlargest.py
copying file /Users/calum/Developer/Excelerator/env/lib/python3.11/site-packages/pandas/tests/series/methods/test_tz_localize.py -> /Users/calum/Developer/Excelerator/dist/Excelerate.app/Contents/Resources/lib/python3.11/pandas/tests/series/methods/test_tz_localize.py
copying file /Users/calum/Developer/Excelerator/env/lib/python3.11/site-packages/pandas/tests/series/methods/test_update.py -> /Users/calum/Developer/Excelerator/dist/Excelerate.app/Contents/Resources/lib/python3.11/pandas/tests/series/methods/test_update.py
copying file /Users/calum/Developer/Excelerator/env/lib/python3.11/site-packages/pandas/tests/series/methods/test_diff.py -> /Users/calum/Developer/Excelerator/dist/Excelerate.app/Contents/Resources/lib/python3.11/pandas/tests/series/methods/test_diff.py
copying file /Users/calum/Developer/Excelerator/env/lib/python3.11/site-packages/pandas/tests/series/methods/test_astype.py -> /Users/calum/Developer/Excelerator/dist/Excelerate.app/Contents/Resources/lib/python3.11/pandas/tests/series/methods/test_astype.py
copying file /Users/calum/Developer/Excelerator/env/lib/python3.11/site-packages/pandas/tests/series/methods/test_dropna.py -> /Users/calum/Developer/Excelerator/dist/Excelerate.app/Contents/Resources/lib/python3.11/pandas/tests/series/methods/test_dropna.py
copying file /Users/calum/Developer/Excelerator/env/lib/python3.11/site-packages/pandas/tests/series/methods/test_explode.py -> /Users/calum/Developer/Excelerator/dist/Excelerate.app/Contents/Resources/lib/python3.11/pandas/tests/series/methods/test_explode.py
copying file /Users/calum/Developer/Excelerator/env/lib/python3.11/site-packages/pandas/tests/series/methods/test_matmul.py -> /Users/calum/Developer/Excelerator/dist/Excelerate.app/Contents/Resources/lib/python3.11/pandas/tests/series/methods/test_matmul.py
copying file /Users/calum/Developer/Excelerator/env/lib/python3.11/site-packages/pandas/tests/series/methods/test_values.py -> /Users/calum/Developer/Excelerator/dist/Excelerate.app/Contents/Resources/lib/python3.11/pandas/tests/series/methods/test_values.py
copying file /Users/calum/Developer/Excelerator/env/lib/python3.11/site-packages/pandas/tests/series/methods/test_view.py -> /Users/calum/Developer/Excelerator/dist/Excelerate.app/Contents/Resources/lib/python3.11/pandas/tests/series/methods/test_view.py
copying file /Users/calum/Developer/Excelerator/env/lib/python3.11/site-packages/pandas/tests/series/methods/test_duplicated.py -> /Users/calum/Developer/Excelerator/dist/Excelerate.app/Contents/Resources/lib/python3.11/pandas/tests/series/methods/test_duplicated.py
copying file /Users/calum/Developer/Excelerator/env/lib/python3.11/site-packages/pandas/tests/series/methods/test_case_when.py -> /Users/calum/Developer/Excelerator/dist/Excelerate.app/Contents/Resources/lib/python3.11/pandas/tests/series/methods/test_case_when.py
copying file /Users/calum/Developer/Excelerator/env/lib/python3.11/site-packages/pandas/tests/series/methods/test_align.py -> /Users/calum/Developer/Excelerator/dist/Excelerate.app/Contents/Resources/lib/python3.11/pandas/tests/series/methods/test_align.py
copying file /Users/calum/Developer/Excelerator/env/lib/python3.11/site-packages/pandas/tests/series/methods/test_pop.py -> /Users/calum/Developer/Excelerator/dist/Excelerate.app/Contents/Resources/lib/python3.11/pandas/tests/series/methods/test_pop.py
copying file /Users/calum/Developer/Excelerator/env/lib/python3.11/site-packages/pandas/tests/series/methods/test_pct_change.py -> /Users/calum/Developer/Excelerator/dist/Excelerate.app/Contents/Resources/lib/python3.11/pandas/tests/series/methods/test_pct_change.py
copying file /Users/calum/Developer/Excelerator/env/lib/python3.11/site-packages/pandas/tests/series/methods/test_tolist.py -> /Users/calum/Developer/Excelerator/dist/Excelerate.app/Contents/Resources/lib/python3.11/pandas/tests/series/methods/test_tolist.py
copying file /Users/calum/Developer/Excelerator/env/lib/python3.11/site-packages/pandas/tests/series/methods/test_isin.py -> /Users/calum/Developer/Excelerator/dist/Excelerate.app/Contents/Resources/lib/python3.11/pandas/tests/series/methods/test_isin.py
copying file /Users/calum/Developer/Excelerator/env/lib/python3.11/site-packages/pandas/tests/series/methods/test_rename.py -> /Users/calum/Developer/Excelerator/dist/Excelerate.app/Contents/Resources/lib/python3.11/pandas/tests/series/methods/test_rename.py
copying file /Users/calum/Developer/Excelerator/env/lib/python3.11/site-packages/pandas/tests/series/methods/test_fillna.py -> /Users/calum/Developer/Excelerator/dist/Excelerate.app/Contents/Resources/lib/python3.11/pandas/tests/series/methods/test_fillna.py
copying file /Users/calum/Developer/Excelerator/env/lib/python3.11/site-packages/pandas/tests/series/methods/test_sort_index.py -> /Users/calum/Developer/Excelerator/dist/Excelerate.app/Contents/Resources/lib/python3.11/pandas/tests/series/methods/test_sort_index.py
copying file /Users/calum/Developer/Excelerator/env/lib/python3.11/site-packages/pandas/tests/series/methods/test_map.py -> /Users/calum/Developer/Excelerator/dist/Excelerate.app/Contents/Resources/lib/python3.11/pandas/tests/series/methods/test_map.py
copying file /Users/calum/Developer/Excelerator/env/lib/python3.11/site-packages/pandas/tests/series/methods/test_drop.py -> /Users/calum/Developer/Excelerator/dist/Excelerate.app/Contents/Resources/lib/python3.11/pandas/tests/series/methods/test_drop.py
copying file /Users/calum/Developer/Excelerator/env/lib/python3.11/site-packages/pandas/tests/series/methods/test_is_unique.py -> /Users/calum/Developer/Excelerator/dist/Excelerate.app/Contents/Resources/lib/python3.11/pandas/tests/series/methods/test_is_unique.py
copying file /Users/calum/Developer/Excelerator/env/lib/python3.11/site-packages/pandas/tests/series/methods/test_item.py -> /Users/calum/Developer/Excelerator/dist/Excelerate.app/Contents/Resources/lib/python3.11/pandas/tests/series/methods/test_item.py
copying file /Users/calum/Developer/Excelerator/env/lib/python3.11/site-packages/pandas/tests/series/methods/test_is_monotonic.py -> /Users/calum/Developer/Excelerator/dist/Excelerate.app/Contents/Resources/lib/python3.11/pandas/tests/series/methods/test_is_monotonic.py
copying file /Users/calum/Developer/Excelerator/env/lib/python3.11/site-packages/pandas/tests/series/methods/test_asof.py -> /Users/calum/Developer/Excelerator/dist/Excelerate.app/Contents/Resources/lib/python3.11/pandas/tests/series/methods/test_asof.py
copying file /Users/calum/Developer/Excelerator/env/lib/python3.11/site-packages/pandas/tests/series/methods/test_get_numeric_data.py -> /Users/calum/Developer/Excelerator/dist/Excelerate.app/Contents/Resources/lib/python3.11/pandas/tests/series/methods/test_get_numeric_data.py
copying file /Users/calum/Developer/Excelerator/env/lib/python3.11/site-packages/pandas/tests/series/methods/test_compare.py -> /Users/calum/Developer/Excelerator/dist/Excelerate.app/Contents/Resources/lib/python3.11/pandas/tests/series/methods/test_compare.py
copying file /Users/calum/Developer/Excelerator/env/lib/python3.11/site-packages/pandas/tests/series/methods/test_to_dict.py -> /Users/calum/Developer/Excelerator/dist/Excelerate.app/Contents/Resources/lib/python3.11/pandas/tests/series/methods/test_to_dict.py
copying file /Users/calum/Developer/Excelerator/env/lib/python3.11/site-packages/pandas/tests/series/methods/test_rename_axis.py -> /Users/calum/Developer/Excelerator/dist/Excelerate.app/Contents/Resources/lib/python3.11/pandas/tests/series/methods/test_rename_axis.py
copying file /Users/calum/Developer/Excelerator/env/lib/python3.11/site-packages/pandas/tests/series/methods/test_rank.py -> /Users/calum/Developer/Excelerator/dist/Excelerate.app/Contents/Resources/lib/python3.11/pandas/tests/series/methods/test_rank.py
copying file /Users/calum/Developer/Excelerator/env/lib/python3.11/site-packages/pandas/tests/series/methods/test_replace.py -> /Users/calum/Developer/Excelerator/dist/Excelerate.app/Contents/Resources/lib/python3.11/pandas/tests/series/methods/test_replace.py
copying file /Users/calum/Developer/Excelerator/env/lib/python3.11/site-packages/pandas/tests/series/methods/test_unique.py -> /Users/calum/Developer/Excelerator/dist/Excelerate.app/Contents/Resources/lib/python3.11/pandas/tests/series/methods/test_unique.py
copying file /Users/calum/Developer/Excelerator/env/lib/python3.11/site-packages/pandas/tests/series/methods/test_clip.py -> /Users/calum/Developer/Excelerator/dist/Excelerate.app/Contents/Resources/lib/python3.11/pandas/tests/series/methods/test_clip.py
copying file /Users/calum/Developer/Excelerator/env/lib/python3.11/site-packages/pandas/tests/series/methods/test_info.py -> /Users/calum/Developer/Excelerator/dist/Excelerate.app/Contents/Resources/lib/python3.11/pandas/tests/series/methods/test_info.py
copying file /Users/calum/Developer/Excelerator/env/lib/python3.11/site-packages/pandas/tests/series/methods/test_dtypes.py -> /Users/calum/Developer/Excelerator/dist/Excelerate.app/Contents/Resources/lib/python3.11/pandas/tests/series/methods/test_dtypes.py
copying file /Users/calum/Developer/Excelerator/env/lib/python3.11/site-packages/pandas/tests/series/methods/test_isna.py -> /Users/calum/Developer/Excelerator/dist/Excelerate.app/Contents/Resources/lib/python3.11/pandas/tests/series/methods/test_isna.py
copying file /Users/calum/Developer/Excelerator/env/lib/python3.11/site-packages/pandas/tests/series/methods/test_to_numpy.py -> /Users/calum/Developer/Excelerator/dist/Excelerate.app/Contents/Resources/lib/python3.11/pandas/tests/series/methods/test_to_numpy.py
copying file /Users/calum/Developer/Excelerator/env/lib/python3.11/site-packages/pandas/tests/series/methods/test_interpolate.py -> /Users/calum/Developer/Excelerator/dist/Excelerate.app/Contents/Resources/lib/python3.11/pandas/tests/series/methods/test_interpolate.py
copying file /Users/calum/Developer/Excelerator/env/lib/python3.11/site-packages/pandas/tests/series/methods/test_reindex.py -> /Users/calum/Developer/Excelerator/dist/Excelerate.app/Contents/Resources/lib/python3.11/pandas/tests/series/methods/test_reindex.py
copying file /Users/calum/Developer/Excelerator/env/lib/python3.11/site-packages/pandas/tests/series/methods/test_to_csv.py -> /Users/calum/Developer/Excelerator/dist/Excelerate.app/Contents/Resources/lib/python3.11/pandas/tests/series/methods/test_to_csv.py
copying file /Users/calum/Developer/Excelerator/env/lib/python3.11/site-packages/pandas/tests/series/test_constructors.py -> /Users/calum/Developer/Excelerator/dist/Excelerate.app/Contents/Resources/lib/python3.11/pandas/tests/series/test_constructors.py
copying file /Users/calum/Developer/Excelerator/env/lib/python3.11/site-packages/pandas/tests/series/test_missing.py -> /Users/calum/Developer/Excelerator/dist/Excelerate.app/Contents/Resources/lib/python3.11/pandas/tests/series/test_missing.py
copying file /Users/calum/Developer/Excelerator/env/lib/python3.11/site-packages/pandas/tests/series/test_unary.py -> /Users/calum/Developer/Excelerator/dist/Excelerate.app/Contents/Resources/lib/python3.11/pandas/tests/series/test_unary.py
creating /Users/calum/Developer/Excelerator/dist/Excelerate.app/Contents/Resources/lib/python3.11/pandas/tests/series/accessors
copying file /Users/calum/Developer/Excelerator/env/lib/python3.11/site-packages/pandas/tests/series/accessors/test_dt_accessor.py -> /Users/calum/Developer/Excelerator/dist/Excelerate.app/Contents/Resources/lib/python3.11/pandas/tests/series/accessors/test_dt_accessor.py
copying file /Users/calum/Developer/Excelerator/env/lib/python3.11/site-packages/pandas/tests/series/accessors/test_str_accessor.py -> /Users/calum/Developer/Excelerator/dist/Excelerate.app/Contents/Resources/lib/python3.11/pandas/tests/series/accessors/test_str_accessor.py
copying file /Users/calum/Developer/Excelerator/env/lib/python3.11/site-packages/pandas/tests/series/accessors/__init__.py -> /Users/calum/Developer/Excelerator/dist/Excelerate.app/Contents/Resources/lib/python3.11/pandas/tests/series/accessors/__init__.py
creating /Users/calum/Developer/Excelerator/dist/Excelerate.app/Contents/Resources/lib/python3.11/pandas/tests/series/accessors/__pycache__
copying file /Users/calum/Developer/Excelerator/env/lib/python3.11/site-packages/pandas/tests/series/accessors/__pycache__/test_dt_accessor.cpython-311.pyc -> /Users/calum/Developer/Excelerator/dist/Excelerate.app/Contents/Resources/lib/python3.11/pandas/tests/series/accessors/__pycache__/test_dt_accessor.cpython-311.pyc
copying file /Users/calum/Developer/Excelerator/env/lib/python3.11/site-packages/pandas/tests/series/accessors/__pycache__/test_str_accessor.cpython-311.pyc -> /Users/calum/Developer/Excelerator/dist/Excelerate.app/Contents/Resources/lib/python3.11/pandas/tests/series/accessors/__pycache__/test_str_accessor.cpython-311.pyc
copying file /Users/calum/Developer/Excelerator/env/lib/python3.11/site-packages/pandas/tests/series/accessors/__pycache__/test_struct_accessor.cpython-311.pyc -> /Users/calum/Developer/Excelerator/dist/Excelerate.app/Contents/Resources/lib/python3.11/pandas/tests/series/accessors/__pycache__/test_struct_accessor.cpython-311.pyc
copying file /Users/calum/Developer/Excelerator/env/lib/python3.11/site-packages/pandas/tests/series/accessors/__pycache__/test_cat_accessor.cpython-311.pyc -> /Users/calum/Developer/Excelerator/dist/Excelerate.app/Contents/Resources/lib/python3.11/pandas/tests/series/accessors/__pycache__/test_cat_accessor.cpython-311.pyc
copying file /Users/calum/Developer/Excelerator/env/lib/python3.11/site-packages/pandas/tests/series/accessors/__pycache__/test_sparse_accessor.cpython-311.pyc -> /Users/calum/Developer/Excelerator/dist/Excelerate.app/Contents/Resources/lib/python3.11/pandas/tests/series/accessors/__pycache__/test_sparse_accessor.cpython-311.pyc
copying file /Users/calum/Developer/Excelerator/env/lib/python3.11/site-packages/pandas/tests/series/accessors/__pycache__/__init__.cpython-311.pyc -> /Users/calum/Developer/Excelerator/dist/Excelerate.app/Contents/Resources/lib/python3.11/pandas/tests/series/accessors/__pycache__/__init__.cpython-311.pyc
copying file /Users/calum/Developer/Excelerator/env/lib/python3.11/site-packages/pandas/tests/series/accessors/__pycache__/test_list_accessor.cpython-311.pyc -> /Users/calum/Developer/Excelerator/dist/Excelerate.app/Contents/Resources/lib/python3.11/pandas/tests/series/accessors/__pycache__/test_list_accessor.cpython-311.pyc
copying file /Users/calum/Developer/Excelerator/env/lib/python3.11/site-packages/pandas/tests/series/accessors/test_list_accessor.py -> /Users/calum/Developer/Excelerator/dist/Excelerate.app/Contents/Resources/lib/python3.11/pandas/tests/series/accessors/test_list_accessor.py
copying file /Users/calum/Developer/Excelerator/env/lib/python3.11/site-packages/pandas/tests/series/accessors/test_cat_accessor.py -> /Users/calum/Developer/Excelerator/dist/Excelerate.app/Contents/Resources/lib/python3.11/pandas/tests/series/accessors/test_cat_accessor.py
copying file /Users/calum/Developer/Excelerator/env/lib/python3.11/site-packages/pandas/tests/series/accessors/test_sparse_accessor.py -> /Users/calum/Developer/Excelerator/dist/Excelerate.app/Contents/Resources/lib/python3.11/pandas/tests/series/accessors/test_sparse_accessor.py
copying file /Users/calum/Developer/Excelerator/env/lib/python3.11/site-packages/pandas/tests/series/accessors/test_struct_accessor.py -> /Users/calum/Developer/Excelerator/dist/Excelerate.app/Contents/Resources/lib/python3.11/pandas/tests/series/accessors/test_struct_accessor.py
copying file /Users/calum/Developer/Excelerator/env/lib/python3.11/site-packages/pandas/tests/series/test_cumulative.py -> /Users/calum/Developer/Excelerator/dist/Excelerate.app/Contents/Resources/lib/python3.11/pandas/tests/series/test_cumulative.py
copying file /Users/calum/Developer/Excelerator/env/lib/python3.11/site-packages/pandas/tests/series/__init__.py -> /Users/calum/Developer/Excelerator/dist/Excelerate.app/Contents/Resources/lib/python3.11/pandas/tests/series/__init__.py
copying file /Users/calum/Developer/Excelerator/env/lib/python3.11/site-packages/pandas/tests/series/test_subclass.py -> /Users/calum/Developer/Excelerator/dist/Excelerate.app/Contents/Resources/lib/python3.11/pandas/tests/series/test_subclass.py
creating /Users/calum/Developer/Excelerator/dist/Excelerate.app/Contents/Resources/lib/python3.11/pandas/tests/series/__pycache__
copying file /Users/calum/Developer/Excelerator/env/lib/python3.11/site-packages/pandas/tests/series/__pycache__/test_arithmetic.cpython-311.pyc -> /Users/calum/Developer/Excelerator/dist/Excelerate.app/Contents/Resources/lib/python3.11/pandas/tests/series/__pycache__/test_arithmetic.cpython-311.pyc
copying file /Users/calum/Developer/Excelerator/env/lib/python3.11/site-packages/pandas/tests/series/__pycache__/test_reductions.cpython-311.pyc -> /Users/calum/Developer/Excelerator/dist/Excelerate.app/Contents/Resources/lib/python3.11/pandas/tests/series/__pycache__/test_reductions.cpython-311.pyc
copying file /Users/calum/Developer/Excelerator/env/lib/python3.11/site-packages/pandas/tests/series/__pycache__/test_iteration.cpython-311.pyc -> /Users/calum/Developer/Excelerator/dist/Excelerate.app/Contents/Resources/lib/python3.11/pandas/tests/series/__pycache__/test_iteration.cpython-311.pyc
copying file /Users/calum/Developer/Excelerator/env/lib/python3.11/site-packages/pandas/tests/series/__pycache__/test_cumulative.cpython-311.pyc -> /Users/calum/Developer/Excelerator/dist/Excelerate.app/Contents/Resources/lib/python3.11/pandas/tests/series/__pycache__/test_cumulative.cpython-311.pyc
copying file /Users/calum/Developer/Excelerator/env/lib/python3.11/site-packages/pandas/tests/series/__pycache__/test_logical_ops.cpython-311.pyc -> /Users/calum/Developer/Excelerator/dist/Excelerate.app/Contents/Resources/lib/python3.11/pandas/tests/series/__pycache__/test_logical_ops.cpython-311.pyc
copying file /Users/calum/Developer/Excelerator/env/lib/python3.11/site-packages/pandas/tests/series/__pycache__/test_subclass.cpython-311.pyc -> /Users/calum/Developer/Excelerator/dist/Excelerate.app/Contents/Resources/lib/python3.11/pandas/tests/series/__pycache__/test_subclass.cpython-311.pyc
copying file /Users/calum/Developer/Excelerator/env/lib/python3.11/site-packages/pandas/tests/series/__pycache__/test_npfuncs.cpython-311.pyc -> /Users/calum/Developer/Excelerator/dist/Excelerate.app/Contents/Resources/lib/python3.11/pandas/tests/series/__pycache__/test_npfuncs.cpython-311.pyc
copying file /Users/calum/Developer/Excelerator/env/lib/python3.11/site-packages/pandas/tests/series/__pycache__/test_missing.cpython-311.pyc -> /Users/calum/Developer/Excelerator/dist/Excelerate.app/Contents/Resources/lib/python3.11/pandas/tests/series/__pycache__/test_missing.cpython-311.pyc
copying file /Users/calum/Developer/Excelerator/env/lib/python3.11/site-packages/pandas/tests/series/__pycache__/test_constructors.cpython-311.pyc -> /Users/calum/Developer/Excelerator/dist/Excelerate.app/Contents/Resources/lib/python3.11/pandas/tests/series/__pycache__/test_constructors.cpython-311.pyc
copying file /Users/calum/Developer/Excelerator/env/lib/python3.11/site-packages/pandas/tests/series/__pycache__/test_formats.cpython-311.pyc -> /Users/calum/Developer/Excelerator/dist/Excelerate.app/Contents/Resources/lib/python3.11/pandas/tests/series/__pycache__/test_formats.cpython-311.pyc
copying file /Users/calum/Developer/Excelerator/env/lib/python3.11/site-packages/pandas/tests/series/__pycache__/test_ufunc.cpython-311.pyc -> /Users/calum/Developer/Excelerator/dist/Excelerate.app/Contents/Resources/lib/python3.11/pandas/tests/series/__pycache__/test_ufunc.cpython-311.pyc
copying file /Users/calum/Developer/Excelerator/env/lib/python3.11/site-packages/pandas/tests/series/__pycache__/test_unary.cpython-311.pyc -> /Users/calum/Developer/Excelerator/dist/Excelerate.app/Contents/Resources/lib/python3.11/pandas/tests/series/__pycache__/test_unary.cpython-311.pyc
copying file /Users/calum/Developer/Excelerator/env/lib/python3.11/site-packages/pandas/tests/series/__pycache__/test_api.cpython-311.pyc -> /Users/calum/Developer/Excelerator/dist/Excelerate.app/Contents/Resources/lib/python3.11/pandas/tests/series/__pycache__/test_api.cpython-311.pyc
copying file /Users/calum/Developer/Excelerator/env/lib/python3.11/site-packages/pandas/tests/series/__pycache__/test_validate.cpython-311.pyc -> /Users/calum/Developer/Excelerator/dist/Excelerate.app/Contents/Resources/lib/python3.11/pandas/tests/series/__pycache__/test_validate.cpython-311.pyc
copying file /Users/calum/Developer/Excelerator/env/lib/python3.11/site-packages/pandas/tests/series/__pycache__/__init__.cpython-311.pyc -> /Users/calum/Developer/Excelerator/dist/Excelerate.app/Contents/Resources/lib/python3.11/pandas/tests/series/__pycache__/__init__.cpython-311.pyc
copying file /Users/calum/Developer/Excelerator/env/lib/python3.11/site-packages/pandas/tests/series/test_formats.py -> /Users/calum/Developer/Excelerator/dist/Excelerate.app/Contents/Resources/lib/python3.11/pandas/tests/series/test_formats.py
copying file /Users/calum/Developer/Excelerator/env/lib/python3.11/site-packages/pandas/tests/series/test_iteration.py -> /Users/calum/Developer/Excelerator/dist/Excelerate.app/Contents/Resources/lib/python3.11/pandas/tests/series/test_iteration.py
copying file /Users/calum/Developer/Excelerator/env/lib/python3.11/site-packages/pandas/tests/series/test_ufunc.py -> /Users/calum/Developer/Excelerator/dist/Excelerate.app/Contents/Resources/lib/python3.11/pandas/tests/series/test_ufunc.py
copying file /Users/calum/Developer/Excelerator/env/lib/python3.11/site-packages/pandas/tests/series/test_validate.py -> /Users/calum/Developer/Excelerator/dist/Excelerate.app/Contents/Resources/lib/python3.11/pandas/tests/series/test_validate.py
copying file /Users/calum/Developer/Excelerator/env/lib/python3.11/site-packages/pandas/tests/series/test_npfuncs.py -> /Users/calum/Developer/Excelerator/dist/Excelerate.app/Contents/Resources/lib/python3.11/pandas/tests/series/test_npfuncs.py
creating /Users/calum/Developer/Excelerator/dist/Excelerate.app/Contents/Resources/lib/python3.11/pandas/tests/series/indexing
copying file /Users/calum/Developer/Excelerator/env/lib/python3.11/site-packages/pandas/tests/series/indexing/test_set_value.py -> /Users/calum/Developer/Excelerator/dist/Excelerate.app/Contents/Resources/lib/python3.11/pandas/tests/series/indexing/test_set_value.py
copying file /Users/calum/Developer/Excelerator/env/lib/python3.11/site-packages/pandas/tests/series/indexing/test_mask.py -> /Users/calum/Developer/Excelerator/dist/Excelerate.app/Contents/Resources/lib/python3.11/pandas/tests/series/indexing/test_mask.py
copying file /Users/calum/Developer/Excelerator/env/lib/python3.11/site-packages/pandas/tests/series/indexing/test_xs.py -> /Users/calum/Developer/Excelerator/dist/Excelerate.app/Contents/Resources/lib/python3.11/pandas/tests/series/indexing/test_xs.py
copying file /Users/calum/Developer/Excelerator/env/lib/python3.11/site-packages/pandas/tests/series/indexing/test_getitem.py -> /Users/calum/Developer/Excelerator/dist/Excelerate.app/Contents/Resources/lib/python3.11/pandas/tests/series/indexing/test_getitem.py
copying file /Users/calum/Developer/Excelerator/env/lib/python3.11/site-packages/pandas/tests/series/indexing/test_setitem.py -> /Users/calum/Developer/Excelerator/dist/Excelerate.app/Contents/Resources/lib/python3.11/pandas/tests/series/indexing/test_setitem.py
copying file /Users/calum/Developer/Excelerator/env/lib/python3.11/site-packages/pandas/tests/series/indexing/__init__.py -> /Users/calum/Developer/Excelerator/dist/Excelerate.app/Contents/Resources/lib/python3.11/pandas/tests/series/indexing/__init__.py
creating /Users/calum/Developer/Excelerator/dist/Excelerate.app/Contents/Resources/lib/python3.11/pandas/tests/series/indexing/__pycache__
copying file /Users/calum/Developer/Excelerator/env/lib/python3.11/site-packages/pandas/tests/series/indexing/__pycache__/test_mask.cpython-311.pyc -> /Users/calum/Developer/Excelerator/dist/Excelerate.app/Contents/Resources/lib/python3.11/pandas/tests/series/indexing/__pycache__/test_mask.cpython-311.pyc
copying file /Users/calum/Developer/Excelerator/env/lib/python3.11/site-packages/pandas/tests/series/indexing/__pycache__/test_indexing.cpython-311.pyc -> /Users/calum/Developer/Excelerator/dist/Excelerate.app/Contents/Resources/lib/python3.11/pandas/tests/series/indexing/__pycache__/test_indexing.cpython-311.pyc
copying file /Users/calum/Developer/Excelerator/env/lib/python3.11/site-packages/pandas/tests/series/indexing/__pycache__/test_delitem.cpython-311.pyc -> /Users/calum/Developer/Excelerator/dist/Excelerate.app/Contents/Resources/lib/python3.11/pandas/tests/series/indexing/__pycache__/test_delitem.cpython-311.pyc
copying file /Users/calum/Developer/Excelerator/env/lib/python3.11/site-packages/pandas/tests/series/indexing/__pycache__/test_setitem.cpython-311.pyc -> /Users/calum/Developer/Excelerator/dist/Excelerate.app/Contents/Resources/lib/python3.11/pandas/tests/series/indexing/__pycache__/test_setitem.cpython-311.pyc
copying file /Users/calum/Developer/Excelerator/env/lib/python3.11/site-packages/pandas/tests/series/indexing/__pycache__/test_datetime.cpython-311.pyc -> /Users/calum/Developer/Excelerator/dist/Excelerate.app/Contents/Resources/lib/python3.11/pandas/tests/series/indexing/__pycache__/test_datetime.cpython-311.pyc
copying file /Users/calum/Developer/Excelerator/env/lib/python3.11/site-packages/pandas/tests/series/indexing/__pycache__/test_xs.cpython-311.pyc -> /Users/calum/Developer/Excelerator/dist/Excelerate.app/Contents/Resources/lib/python3.11/pandas/tests/series/indexing/__pycache__/test_xs.cpython-311.pyc
copying file /Users/calum/Developer/Excelerator/env/lib/python3.11/site-packages/pandas/tests/series/indexing/__pycache__/test_set_value.cpython-311.pyc -> /Users/calum/Developer/Excelerator/dist/Excelerate.app/Contents/Resources/lib/python3.11/pandas/tests/series/indexing/__pycache__/test_set_value.cpython-311.pyc
copying file /Users/calum/Developer/Excelerator/env/lib/python3.11/site-packages/pandas/tests/series/indexing/__pycache__/test_take.cpython-311.pyc -> /Users/calum/Developer/Excelerator/dist/Excelerate.app/Contents/Resources/lib/python3.11/pandas/tests/series/indexing/__pycache__/test_take.cpython-311.pyc
copying file /Users/calum/Developer/Excelerator/env/lib/python3.11/site-packages/pandas/tests/series/indexing/__pycache__/test_get.cpython-311.pyc -> /Users/calum/Developer/Excelerator/dist/Excelerate.app/Contents/Resources/lib/python3.11/pandas/tests/series/indexing/__pycache__/test_get.cpython-311.pyc
copying file /Users/calum/Developer/Excelerator/env/lib/python3.11/site-packages/pandas/tests/series/indexing/__pycache__/test_where.cpython-311.pyc -> /Users/calum/Developer/Excelerator/dist/Excelerate.app/Contents/Resources/lib/python3.11/pandas/tests/series/indexing/__pycache__/test_where.cpython-311.pyc
copying file /Users/calum/Developer/Excelerator/env/lib/python3.11/site-packages/pandas/tests/series/indexing/__pycache__/__init__.cpython-311.pyc -> /Users/calum/Developer/Excelerator/dist/Excelerate.app/Contents/Resources/lib/python3.11/pandas/tests/series/indexing/__pycache__/__init__.cpython-311.pyc
copying file /Users/calum/Developer/Excelerator/env/lib/python3.11/site-packages/pandas/tests/series/indexing/__pycache__/test_getitem.cpython-311.pyc -> /Users/calum/Developer/Excelerator/dist/Excelerate.app/Contents/Resources/lib/python3.11/pandas/tests/series/indexing/__pycache__/test_getitem.cpython-311.pyc
copying file /Users/calum/Developer/Excelerator/env/lib/python3.11/site-packages/pandas/tests/series/indexing/test_indexing.py -> /Users/calum/Developer/Excelerator/dist/Excelerate.app/Contents/Resources/lib/python3.11/pandas/tests/series/indexing/test_indexing.py
copying file /Users/calum/Developer/Excelerator/env/lib/python3.11/site-packages/pandas/tests/series/indexing/test_datetime.py -> /Users/calum/Developer/Excelerator/dist/Excelerate.app/Contents/Resources/lib/python3.11/pandas/tests/series/indexing/test_datetime.py
copying file /Users/calum/Developer/Excelerator/env/lib/python3.11/site-packages/pandas/tests/series/indexing/test_take.py -> /Users/calum/Developer/Excelerator/dist/Excelerate.app/Contents/Resources/lib/python3.11/pandas/tests/series/indexing/test_take.py
copying file /Users/calum/Developer/Excelerator/env/lib/python3.11/site-packages/pandas/tests/series/indexing/test_get.py -> /Users/calum/Developer/Excelerator/dist/Excelerate.app/Contents/Resources/lib/python3.11/pandas/tests/series/indexing/test_get.py
copying file /Users/calum/Developer/Excelerator/env/lib/python3.11/site-packages/pandas/tests/series/indexing/test_where.py -> /Users/calum/Developer/Excelerator/dist/Excelerate.app/Contents/Resources/lib/python3.11/pandas/tests/series/indexing/test_where.py
copying file /Users/calum/Developer/Excelerator/env/lib/python3.11/site-packages/pandas/tests/series/indexing/test_delitem.py -> /Users/calum/Developer/Excelerator/dist/Excelerate.app/Contents/Resources/lib/python3.11/pandas/tests/series/indexing/test_delitem.py
copying file /Users/calum/Developer/Excelerator/env/lib/python3.11/site-packages/pandas/tests/series/test_api.py -> /Users/calum/Developer/Excelerator/dist/Excelerate.app/Contents/Resources/lib/python3.11/pandas/tests/series/test_api.py
copying file /Users/calum/Developer/Excelerator/env/lib/python3.11/site-packages/pandas/tests/series/test_arithmetic.py -> /Users/calum/Developer/Excelerator/dist/Excelerate.app/Contents/Resources/lib/python3.11/pandas/tests/series/test_arithmetic.py
creating /Users/calum/Developer/Excelerator/dist/Excelerate.app/Contents/Resources/lib/python3.11/pandas/tests/reshape
creating /Users/calum/Developer/Excelerator/dist/Excelerate.app/Contents/Resources/lib/python3.11/pandas/tests/reshape/concat
copying file /Users/calum/Developer/Excelerator/env/lib/python3.11/site-packages/pandas/tests/reshape/concat/conftest.py -> /Users/calum/Developer/Excelerator/dist/Excelerate.app/Contents/Resources/lib/python3.11/pandas/tests/reshape/concat/conftest.py
copying file /Users/calum/Developer/Excelerator/env/lib/python3.11/site-packages/pandas/tests/reshape/concat/test_categorical.py -> /Users/calum/Developer/Excelerator/dist/Excelerate.app/Contents/Resources/lib/python3.11/pandas/tests/reshape/concat/test_categorical.py
copying file /Users/calum/Developer/Excelerator/env/lib/python3.11/site-packages/pandas/tests/reshape/concat/test_append.py -> /Users/calum/Developer/Excelerator/dist/Excelerate.app/Contents/Resources/lib/python3.11/pandas/tests/reshape/concat/test_append.py
copying file /Users/calum/Developer/Excelerator/env/lib/python3.11/site-packages/pandas/tests/reshape/concat/__init__.py -> /Users/calum/Developer/Excelerator/dist/Excelerate.app/Contents/Resources/lib/python3.11/pandas/tests/reshape/concat/__init__.py
creating /Users/calum/Developer/Excelerator/dist/Excelerate.app/Contents/Resources/lib/python3.11/pandas/tests/reshape/concat/__pycache__
copying file /Users/calum/Developer/Excelerator/env/lib/python3.11/site-packages/pandas/tests/reshape/concat/__pycache__/test_datetimes.cpython-311.pyc -> /Users/calum/Developer/Excelerator/dist/Excelerate.app/Contents/Resources/lib/python3.11/pandas/tests/reshape/concat/__pycache__/test_datetimes.cpython-311.pyc
copying file /Users/calum/Developer/Excelerator/env/lib/python3.11/site-packages/pandas/tests/reshape/concat/__pycache__/test_index.cpython-311.pyc -> /Users/calum/Developer/Excelerator/dist/Excelerate.app/Contents/Resources/lib/python3.11/pandas/tests/reshape/concat/__pycache__/test_index.cpython-311.pyc
copying file /Users/calum/Developer/Excelerator/env/lib/python3.11/site-packages/pandas/tests/reshape/concat/__pycache__/test_append.cpython-311.pyc -> /Users/calum/Developer/Excelerator/dist/Excelerate.app/Contents/Resources/lib/python3.11/pandas/tests/reshape/concat/__pycache__/test_append.cpython-311.pyc
copying file /Users/calum/Developer/Excelerator/env/lib/python3.11/site-packages/pandas/tests/reshape/concat/__pycache__/test_dataframe.cpython-311.pyc -> /Users/calum/Developer/Excelerator/dist/Excelerate.app/Contents/Resources/lib/python3.11/pandas/tests/reshape/concat/__pycache__/test_dataframe.cpython-311.pyc
copying file /Users/calum/Developer/Excelerator/env/lib/python3.11/site-packages/pandas/tests/reshape/concat/__pycache__/test_series.cpython-311.pyc -> /Users/calum/Developer/Excelerator/dist/Excelerate.app/Contents/Resources/lib/python3.11/pandas/tests/reshape/concat/__pycache__/test_series.cpython-311.pyc
copying file /Users/calum/Developer/Excelerator/env/lib/python3.11/site-packages/pandas/tests/reshape/concat/__pycache__/test_invalid.cpython-311.pyc -> /Users/calum/Developer/Excelerator/dist/Excelerate.app/Contents/Resources/lib/python3.11/pandas/tests/reshape/concat/__pycache__/test_invalid.cpython-311.pyc
copying file /Users/calum/Developer/Excelerator/env/lib/python3.11/site-packages/pandas/tests/reshape/concat/__pycache__/test_categorical.cpython-311.pyc -> /Users/calum/Developer/Excelerator/dist/Excelerate.app/Contents/Resources/lib/python3.11/pandas/tests/reshape/concat/__pycache__/test_categorical.cpython-311.pyc
copying file /Users/calum/Developer/Excelerator/env/lib/python3.11/site-packages/pandas/tests/reshape/concat/__pycache__/conftest.cpython-311.pyc -> /Users/calum/Developer/Excelerator/dist/Excelerate.app/Contents/Resources/lib/python3.11/pandas/tests/reshape/concat/__pycache__/conftest.cpython-311.pyc
copying file /Users/calum/Developer/Excelerator/env/lib/python3.11/site-packages/pandas/tests/reshape/concat/__pycache__/test_sort.cpython-311.pyc -> /Users/calum/Developer/Excelerator/dist/Excelerate.app/Contents/Resources/lib/python3.11/pandas/tests/reshape/concat/__pycache__/test_sort.cpython-311.pyc
copying file /Users/calum/Developer/Excelerator/env/lib/python3.11/site-packages/pandas/tests/reshape/concat/__pycache__/test_append_common.cpython-311.pyc -> /Users/calum/Developer/Excelerator/dist/Excelerate.app/Contents/Resources/lib/python3.11/pandas/tests/reshape/concat/__pycache__/test_append_common.cpython-311.pyc
copying file /Users/calum/Developer/Excelerator/env/lib/python3.11/site-packages/pandas/tests/reshape/concat/__pycache__/test_empty.cpython-311.pyc -> /Users/calum/Developer/Excelerator/dist/Excelerate.app/Contents/Resources/lib/python3.11/pandas/tests/reshape/concat/__pycache__/test_empty.cpython-311.pyc
copying file /Users/calum/Developer/Excelerator/env/lib/python3.11/site-packages/pandas/tests/reshape/concat/__pycache__/test_concat.cpython-311.pyc -> /Users/calum/Developer/Excelerator/dist/Excelerate.app/Contents/Resources/lib/python3.11/pandas/tests/reshape/concat/__pycache__/test_concat.cpython-311.pyc
copying file /Users/calum/Developer/Excelerator/env/lib/python3.11/site-packages/pandas/tests/reshape/concat/__pycache__/__init__.cpython-311.pyc -> /Users/calum/Developer/Excelerator/dist/Excelerate.app/Contents/Resources/lib/python3.11/pandas/tests/reshape/concat/__pycache__/__init__.cpython-311.pyc
copying file /Users/calum/Developer/Excelerator/env/lib/python3.11/site-packages/pandas/tests/reshape/concat/test_invalid.py -> /Users/calum/Developer/Excelerator/dist/Excelerate.app/Contents/Resources/lib/python3.11/pandas/tests/reshape/concat/test_invalid.py
copying file /Users/calum/Developer/Excelerator/env/lib/python3.11/site-packages/pandas/tests/reshape/concat/test_sort.py -> /Users/calum/Developer/Excelerator/dist/Excelerate.app/Contents/Resources/lib/python3.11/pandas/tests/reshape/concat/test_sort.py
copying file /Users/calum/Developer/Excelerator/env/lib/python3.11/site-packages/pandas/tests/reshape/concat/test_concat.py -> /Users/calum/Developer/Excelerator/dist/Excelerate.app/Contents/Resources/lib/python3.11/pandas/tests/reshape/concat/test_concat.py
copying file /Users/calum/Developer/Excelerator/env/lib/python3.11/site-packages/pandas/tests/reshape/concat/test_index.py -> /Users/calum/Developer/Excelerator/dist/Excelerate.app/Contents/Resources/lib/python3.11/pandas/tests/reshape/concat/test_index.py
copying file /Users/calum/Developer/Excelerator/env/lib/python3.11/site-packages/pandas/tests/reshape/concat/test_empty.py -> /Users/calum/Developer/Excelerator/dist/Excelerate.app/Contents/Resources/lib/python3.11/pandas/tests/reshape/concat/test_empty.py
copying file /Users/calum/Developer/Excelerator/env/lib/python3.11/site-packages/pandas/tests/reshape/concat/test_datetimes.py -> /Users/calum/Developer/Excelerator/dist/Excelerate.app/Contents/Resources/lib/python3.11/pandas/tests/reshape/concat/test_datetimes.py
copying file /Users/calum/Developer/Excelerator/env/lib/python3.11/site-packages/pandas/tests/reshape/concat/test_series.py -> /Users/calum/Developer/Excelerator/dist/Excelerate.app/Contents/Resources/lib/python3.11/pandas/tests/reshape/concat/test_series.py
copying file /Users/calum/Developer/Excelerator/env/lib/python3.11/site-packages/pandas/tests/reshape/concat/test_append_common.py -> /Users/calum/Developer/Excelerator/dist/Excelerate.app/Contents/Resources/lib/python3.11/pandas/tests/reshape/concat/test_append_common.py
copying file /Users/calum/Developer/Excelerator/env/lib/python3.11/site-packages/pandas/tests/reshape/concat/test_dataframe.py -> /Users/calum/Developer/Excelerator/dist/Excelerate.app/Contents/Resources/lib/python3.11/pandas/tests/reshape/concat/test_dataframe.py
copying file /Users/calum/Developer/Excelerator/env/lib/python3.11/site-packages/pandas/tests/reshape/test_pivot_multilevel.py -> /Users/calum/Developer/Excelerator/dist/Excelerate.app/Contents/Resources/lib/python3.11/pandas/tests/reshape/test_pivot_multilevel.py
copying file /Users/calum/Developer/Excelerator/env/lib/python3.11/site-packages/pandas/tests/reshape/test_cut.py -> /Users/calum/Developer/Excelerator/dist/Excelerate.app/Contents/Resources/lib/python3.11/pandas/tests/reshape/test_cut.py
copying file /Users/calum/Developer/Excelerator/env/lib/python3.11/site-packages/pandas/tests/reshape/test_get_dummies.py -> /Users/calum/Developer/Excelerator/dist/Excelerate.app/Contents/Resources/lib/python3.11/pandas/tests/reshape/test_get_dummies.py
copying file /Users/calum/Developer/Excelerator/env/lib/python3.11/site-packages/pandas/tests/reshape/test_union_categoricals.py -> /Users/calum/Developer/Excelerator/dist/Excelerate.app/Contents/Resources/lib/python3.11/pandas/tests/reshape/test_union_categoricals.py
creating /Users/calum/Developer/Excelerator/dist/Excelerate.app/Contents/Resources/lib/python3.11/pandas/tests/reshape/merge
copying file /Users/calum/Developer/Excelerator/env/lib/python3.11/site-packages/pandas/tests/reshape/merge/test_merge_index_as_string.py -> /Users/calum/Developer/Excelerator/dist/Excelerate.app/Contents/Resources/lib/python3.11/pandas/tests/reshape/merge/test_merge_index_as_string.py
copying file /Users/calum/Developer/Excelerator/env/lib/python3.11/site-packages/pandas/tests/reshape/merge/test_merge_asof.py -> /Users/calum/Developer/Excelerator/dist/Excelerate.app/Contents/Resources/lib/python3.11/pandas/tests/reshape/merge/test_merge_asof.py
copying file /Users/calum/Developer/Excelerator/env/lib/python3.11/site-packages/pandas/tests/reshape/merge/test_join.py -> /Users/calum/Developer/Excelerator/dist/Excelerate.app/Contents/Resources/lib/python3.11/pandas/tests/reshape/merge/test_join.py
copying file /Users/calum/Developer/Excelerator/env/lib/python3.11/site-packages/pandas/tests/reshape/merge/__init__.py -> /Users/calum/Developer/Excelerator/dist/Excelerate.app/Contents/Resources/lib/python3.11/pandas/tests/reshape/merge/__init__.py
creating /Users/calum/Developer/Excelerator/dist/Excelerate.app/Contents/Resources/lib/python3.11/pandas/tests/reshape/merge/__pycache__
copying file /Users/calum/Developer/Excelerator/env/lib/python3.11/site-packages/pandas/tests/reshape/merge/__pycache__/test_merge.cpython-311.pyc -> /Users/calum/Developer/Excelerator/dist/Excelerate.app/Contents/Resources/lib/python3.11/pandas/tests/reshape/merge/__pycache__/test_merge.cpython-311.pyc
copying file /Users/calum/Developer/Excelerator/env/lib/python3.11/site-packages/pandas/tests/reshape/merge/__pycache__/test_merge_index_as_string.cpython-311.pyc -> /Users/calum/Developer/Excelerator/dist/Excelerate.app/Contents/Resources/lib/python3.11/pandas/tests/reshape/merge/__pycache__/test_merge_index_as_string.cpython-311.pyc
copying file /Users/calum/Developer/Excelerator/env/lib/python3.11/site-packages/pandas/tests/reshape/merge/__pycache__/test_merge_asof.cpython-311.pyc -> /Users/calum/Developer/Excelerator/dist/Excelerate.app/Contents/Resources/lib/python3.11/pandas/tests/reshape/merge/__pycache__/test_merge_asof.cpython-311.pyc
copying file /Users/calum/Developer/Excelerator/env/lib/python3.11/site-packages/pandas/tests/reshape/merge/__pycache__/test_join.cpython-311.pyc -> /Users/calum/Developer/Excelerator/dist/Excelerate.app/Contents/Resources/lib/python3.11/pandas/tests/reshape/merge/__pycache__/test_join.cpython-311.pyc
copying file /Users/calum/Developer/Excelerator/env/lib/python3.11/site-packages/pandas/tests/reshape/merge/__pycache__/test_merge_cross.cpython-311.pyc -> /Users/calum/Developer/Excelerator/dist/Excelerate.app/Contents/Resources/lib/python3.11/pandas/tests/reshape/merge/__pycache__/test_merge_cross.cpython-311.pyc
copying file /Users/calum/Developer/Excelerator/env/lib/python3.11/site-packages/pandas/tests/reshape/merge/__pycache__/test_merge_ordered.cpython-311.pyc -> /Users/calum/Developer/Excelerator/dist/Excelerate.app/Contents/Resources/lib/python3.11/pandas/tests/reshape/merge/__pycache__/test_merge_ordered.cpython-311.pyc
copying file /Users/calum/Developer/Excelerator/env/lib/python3.11/site-packages/pandas/tests/reshape/merge/__pycache__/test_multi.cpython-311.pyc -> /Users/calum/Developer/Excelerator/dist/Excelerate.app/Contents/Resources/lib/python3.11/pandas/tests/reshape/merge/__pycache__/test_multi.cpython-311.pyc
copying file /Users/calum/Developer/Excelerator/env/lib/python3.11/site-packages/pandas/tests/reshape/merge/__pycache__/__init__.cpython-311.pyc -> /Users/calum/Developer/Excelerator/dist/Excelerate.app/Contents/Resources/lib/python3.11/pandas/tests/reshape/merge/__pycache__/__init__.cpython-311.pyc
copying file /Users/calum/Developer/Excelerator/env/lib/python3.11/site-packages/pandas/tests/reshape/merge/test_merge.py -> /Users/calum/Developer/Excelerator/dist/Excelerate.app/Contents/Resources/lib/python3.11/pandas/tests/reshape/merge/test_merge.py
copying file /Users/calum/Developer/Excelerator/env/lib/python3.11/site-packages/pandas/tests/reshape/merge/test_merge_cross.py -> /Users/calum/Developer/Excelerator/dist/Excelerate.app/Contents/Resources/lib/python3.11/pandas/tests/reshape/merge/test_merge_cross.py
copying file /Users/calum/Developer/Excelerator/env/lib/python3.11/site-packages/pandas/tests/reshape/merge/test_multi.py -> /Users/calum/Developer/Excelerator/dist/Excelerate.app/Contents/Resources/lib/python3.11/pandas/tests/reshape/merge/test_multi.py
copying file /Users/calum/Developer/Excelerator/env/lib/python3.11/site-packages/pandas/tests/reshape/merge/test_merge_ordered.py -> /Users/calum/Developer/Excelerator/dist/Excelerate.app/Contents/Resources/lib/python3.11/pandas/tests/reshape/merge/test_merge_ordered.py
copying file /Users/calum/Developer/Excelerator/env/lib/python3.11/site-packages/pandas/tests/reshape/test_qcut.py -> /Users/calum/Developer/Excelerator/dist/Excelerate.app/Contents/Resources/lib/python3.11/pandas/tests/reshape/test_qcut.py
copying file /Users/calum/Developer/Excelerator/env/lib/python3.11/site-packages/pandas/tests/reshape/__init__.py -> /Users/calum/Developer/Excelerator/dist/Excelerate.app/Contents/Resources/lib/python3.11/pandas/tests/reshape/__init__.py
copying file /Users/calum/Developer/Excelerator/env/lib/python3.11/site-packages/pandas/tests/reshape/test_pivot.py -> /Users/calum/Developer/Excelerator/dist/Excelerate.app/Contents/Resources/lib/python3.11/pandas/tests/reshape/test_pivot.py
creating /Users/calum/Developer/Excelerator/dist/Excelerate.app/Contents/Resources/lib/python3.11/pandas/tests/reshape/__pycache__
copying file /Users/calum/Developer/Excelerator/env/lib/python3.11/site-packages/pandas/tests/reshape/__pycache__/test_get_dummies.cpython-311.pyc -> /Users/calum/Developer/Excelerator/dist/Excelerate.app/Contents/Resources/lib/python3.11/pandas/tests/reshape/__pycache__/test_get_dummies.cpython-311.pyc
copying file /Users/calum/Developer/Excelerator/env/lib/python3.11/site-packages/pandas/tests/reshape/__pycache__/test_util.cpython-311.pyc -> /Users/calum/Developer/Excelerator/dist/Excelerate.app/Contents/Resources/lib/python3.11/pandas/tests/reshape/__pycache__/test_util.cpython-311.pyc
copying file /Users/calum/Developer/Excelerator/env/lib/python3.11/site-packages/pandas/tests/reshape/__pycache__/test_crosstab.cpython-311.pyc -> /Users/calum/Developer/Excelerator/dist/Excelerate.app/Contents/Resources/lib/python3.11/pandas/tests/reshape/__pycache__/test_crosstab.cpython-311.pyc
copying file /Users/calum/Developer/Excelerator/env/lib/python3.11/site-packages/pandas/tests/reshape/__pycache__/test_qcut.cpython-311.pyc -> /Users/calum/Developer/Excelerator/dist/Excelerate.app/Contents/Resources/lib/python3.11/pandas/tests/reshape/__pycache__/test_qcut.cpython-311.pyc
copying file /Users/calum/Developer/Excelerator/env/lib/python3.11/site-packages/pandas/tests/reshape/__pycache__/test_from_dummies.cpython-311.pyc -> /Users/calum/Developer/Excelerator/dist/Excelerate.app/Contents/Resources/lib/python3.11/pandas/tests/reshape/__pycache__/test_from_dummies.cpython-311.pyc
copying file /Users/calum/Developer/Excelerator/env/lib/python3.11/site-packages/pandas/tests/reshape/__pycache__/test_melt.cpython-311.pyc -> /Users/calum/Developer/Excelerator/dist/Excelerate.app/Contents/Resources/lib/python3.11/pandas/tests/reshape/__pycache__/test_melt.cpython-311.pyc
copying file /Users/calum/Developer/Excelerator/env/lib/python3.11/site-packages/pandas/tests/reshape/__pycache__/test_cut.cpython-311.pyc -> /Users/calum/Developer/Excelerator/dist/Excelerate.app/Contents/Resources/lib/python3.11/pandas/tests/reshape/__pycache__/test_cut.cpython-311.pyc
copying file /Users/calum/Developer/Excelerator/env/lib/python3.11/site-packages/pandas/tests/reshape/__pycache__/test_union_categoricals.cpython-311.pyc -> /Users/calum/Developer/Excelerator/dist/Excelerate.app/Contents/Resources/lib/python3.11/pandas/tests/reshape/__pycache__/test_union_categoricals.cpython-311.pyc
copying file /Users/calum/Developer/Excelerator/env/lib/python3.11/site-packages/pandas/tests/reshape/__pycache__/test_pivot_multilevel.cpython-311.pyc -> /Users/calum/Developer/Excelerator/dist/Excelerate.app/Contents/Resources/lib/python3.11/pandas/tests/reshape/__pycache__/test_pivot_multilevel.cpython-311.pyc
copying file /Users/calum/Developer/Excelerator/env/lib/python3.11/site-packages/pandas/tests/reshape/__pycache__/test_pivot.cpython-311.pyc -> /Users/calum/Developer/Excelerator/dist/Excelerate.app/Contents/Resources/lib/python3.11/pandas/tests/reshape/__pycache__/test_pivot.cpython-311.pyc
copying file /Users/calum/Developer/Excelerator/env/lib/python3.11/site-packages/pandas/tests/reshape/__pycache__/__init__.cpython-311.pyc -> /Users/calum/Developer/Excelerator/dist/Excelerate.app/Contents/Resources/lib/python3.11/pandas/tests/reshape/__pycache__/__init__.cpython-311.pyc
copying file /Users/calum/Developer/Excelerator/env/lib/python3.11/site-packages/pandas/tests/reshape/test_util.py -> /Users/calum/Developer/Excelerator/dist/Excelerate.app/Contents/Resources/lib/python3.11/pandas/tests/reshape/test_util.py
copying file /Users/calum/Developer/Excelerator/env/lib/python3.11/site-packages/pandas/tests/reshape/test_melt.py -> /Users/calum/Developer/Excelerator/dist/Excelerate.app/Contents/Resources/lib/python3.11/pandas/tests/reshape/test_melt.py
copying file /Users/calum/Developer/Excelerator/env/lib/python3.11/site-packages/pandas/tests/reshape/test_from_dummies.py -> /Users/calum/Developer/Excelerator/dist/Excelerate.app/Contents/Resources/lib/python3.11/pandas/tests/reshape/test_from_dummies.py
copying file /Users/calum/Developer/Excelerator/env/lib/python3.11/site-packages/pandas/tests/reshape/test_crosstab.py -> /Users/calum/Developer/Excelerator/dist/Excelerate.app/Contents/Resources/lib/python3.11/pandas/tests/reshape/test_crosstab.py
copying file /Users/calum/Developer/Excelerator/env/lib/python3.11/site-packages/pandas/tests/test_optional_dependency.py -> /Users/calum/Developer/Excelerator/dist/Excelerate.app/Contents/Resources/lib/python3.11/pandas/tests/test_optional_dependency.py
creating /Users/calum/Developer/Excelerator/dist/Excelerate.app/Contents/Resources/lib/python3.11/pandas/tests/apply
copying file /Users/calum/Developer/Excelerator/env/lib/python3.11/site-packages/pandas/tests/apply/test_invalid_arg.py -> /Users/calum/Developer/Excelerator/dist/Excelerate.app/Contents/Resources/lib/python3.11/pandas/tests/apply/test_invalid_arg.py
copying file /Users/calum/Developer/Excelerator/env/lib/python3.11/site-packages/pandas/tests/apply/__init__.py -> /Users/calum/Developer/Excelerator/dist/Excelerate.app/Contents/Resources/lib/python3.11/pandas/tests/apply/__init__.py
copying file /Users/calum/Developer/Excelerator/env/lib/python3.11/site-packages/pandas/tests/apply/test_series_transform.py -> /Users/calum/Developer/Excelerator/dist/Excelerate.app/Contents/Resources/lib/python3.11/pandas/tests/apply/test_series_transform.py
creating /Users/calum/Developer/Excelerator/dist/Excelerate.app/Contents/Resources/lib/python3.11/pandas/tests/apply/__pycache__
copying file /Users/calum/Developer/Excelerator/env/lib/python3.11/site-packages/pandas/tests/apply/__pycache__/test_frame_apply.cpython-311.pyc -> /Users/calum/Developer/Excelerator/dist/Excelerate.app/Contents/Resources/lib/python3.11/pandas/tests/apply/__pycache__/test_frame_apply.cpython-311.pyc
copying file /Users/calum/Developer/Excelerator/env/lib/python3.11/site-packages/pandas/tests/apply/__pycache__/common.cpython-311.pyc -> /Users/calum/Developer/Excelerator/dist/Excelerate.app/Contents/Resources/lib/python3.11/pandas/tests/apply/__pycache__/common.cpython-311.pyc
copying file /Users/calum/Developer/Excelerator/env/lib/python3.11/site-packages/pandas/tests/apply/__pycache__/test_series_apply.cpython-311.pyc -> /Users/calum/Developer/Excelerator/dist/Excelerate.app/Contents/Resources/lib/python3.11/pandas/tests/apply/__pycache__/test_series_apply.cpython-311.pyc
copying file /Users/calum/Developer/Excelerator/env/lib/python3.11/site-packages/pandas/tests/apply/__pycache__/test_numba.cpython-311.pyc -> /Users/calum/Developer/Excelerator/dist/Excelerate.app/Contents/Resources/lib/python3.11/pandas/tests/apply/__pycache__/test_numba.cpython-311.pyc
copying file /Users/calum/Developer/Excelerator/env/lib/python3.11/site-packages/pandas/tests/apply/__pycache__/test_invalid_arg.cpython-311.pyc -> /Users/calum/Developer/Excelerator/dist/Excelerate.app/Contents/Resources/lib/python3.11/pandas/tests/apply/__pycache__/test_invalid_arg.cpython-311.pyc
copying file /Users/calum/Developer/Excelerator/env/lib/python3.11/site-packages/pandas/tests/apply/__pycache__/test_str.cpython-311.pyc -> /Users/calum/Developer/Excelerator/dist/Excelerate.app/Contents/Resources/lib/python3.11/pandas/tests/apply/__pycache__/test_str.cpython-311.pyc
copying file /Users/calum/Developer/Excelerator/env/lib/python3.11/site-packages/pandas/tests/apply/__pycache__/test_frame_transform.cpython-311.pyc -> /Users/calum/Developer/Excelerator/dist/Excelerate.app/Contents/Resources/lib/python3.11/pandas/tests/apply/__pycache__/test_frame_transform.cpython-311.pyc
copying file /Users/calum/Developer/Excelerator/env/lib/python3.11/site-packages/pandas/tests/apply/__pycache__/test_frame_apply_relabeling.cpython-311.pyc -> /Users/calum/Developer/Excelerator/dist/Excelerate.app/Contents/Resources/lib/python3.11/pandas/tests/apply/__pycache__/test_frame_apply_relabeling.cpython-311.pyc
copying file /Users/calum/Developer/Excelerator/env/lib/python3.11/site-packages/pandas/tests/apply/__pycache__/test_series_transform.cpython-311.pyc -> /Users/calum/Developer/Excelerator/dist/Excelerate.app/Contents/Resources/lib/python3.11/pandas/tests/apply/__pycache__/test_series_transform.cpython-311.pyc
copying file /Users/calum/Developer/Excelerator/env/lib/python3.11/site-packages/pandas/tests/apply/__pycache__/__init__.cpython-311.pyc -> /Users/calum/Developer/Excelerator/dist/Excelerate.app/Contents/Resources/lib/python3.11/pandas/tests/apply/__pycache__/__init__.cpython-311.pyc
copying file /Users/calum/Developer/Excelerator/env/lib/python3.11/site-packages/pandas/tests/apply/__pycache__/test_series_apply_relabeling.cpython-311.pyc -> /Users/calum/Developer/Excelerator/dist/Excelerate.app/Contents/Resources/lib/python3.11/pandas/tests/apply/__pycache__/test_series_apply_relabeling.cpython-311.pyc
copying file /Users/calum/Developer/Excelerator/env/lib/python3.11/site-packages/pandas/tests/apply/test_str.py -> /Users/calum/Developer/Excelerator/dist/Excelerate.app/Contents/Resources/lib/python3.11/pandas/tests/apply/test_str.py
copying file /Users/calum/Developer/Excelerator/env/lib/python3.11/site-packages/pandas/tests/apply/test_series_apply.py -> /Users/calum/Developer/Excelerator/dist/Excelerate.app/Contents/Resources/lib/python3.11/pandas/tests/apply/test_series_apply.py
copying file /Users/calum/Developer/Excelerator/env/lib/python3.11/site-packages/pandas/tests/apply/common.py -> /Users/calum/Developer/Excelerator/dist/Excelerate.app/Contents/Resources/lib/python3.11/pandas/tests/apply/common.py
copying file /Users/calum/Developer/Excelerator/env/lib/python3.11/site-packages/pandas/tests/apply/test_series_apply_relabeling.py -> /Users/calum/Developer/Excelerator/dist/Excelerate.app/Contents/Resources/lib/python3.11/pandas/tests/apply/test_series_apply_relabeling.py
copying file /Users/calum/Developer/Excelerator/env/lib/python3.11/site-packages/pandas/tests/apply/test_frame_apply.py -> /Users/calum/Developer/Excelerator/dist/Excelerate.app/Contents/Resources/lib/python3.11/pandas/tests/apply/test_frame_apply.py
copying file /Users/calum/Developer/Excelerator/env/lib/python3.11/site-packages/pandas/tests/apply/test_frame_apply_relabeling.py -> /Users/calum/Developer/Excelerator/dist/Excelerate.app/Contents/Resources/lib/python3.11/pandas/tests/apply/test_frame_apply_relabeling.py
copying file /Users/calum/Developer/Excelerator/env/lib/python3.11/site-packages/pandas/tests/apply/test_numba.py -> /Users/calum/Developer/Excelerator/dist/Excelerate.app/Contents/Resources/lib/python3.11/pandas/tests/apply/test_numba.py
copying file /Users/calum/Developer/Excelerator/env/lib/python3.11/site-packages/pandas/tests/apply/test_frame_transform.py -> /Users/calum/Developer/Excelerator/dist/Excelerate.app/Contents/Resources/lib/python3.11/pandas/tests/apply/test_frame_transform.py
copying file /Users/calum/Developer/Excelerator/env/lib/python3.11/site-packages/pandas/tests/test_expressions.py -> /Users/calum/Developer/Excelerator/dist/Excelerate.app/Contents/Resources/lib/python3.11/pandas/tests/test_expressions.py
creating /Users/calum/Developer/Excelerator/dist/Excelerate.app/Contents/Resources/lib/python3.11/pandas/tests/strings
copying file /Users/calum/Developer/Excelerator/env/lib/python3.11/site-packages/pandas/tests/strings/test_cat.py -> /Users/calum/Developer/Excelerator/dist/Excelerate.app/Contents/Resources/lib/python3.11/pandas/tests/strings/test_cat.py
copying file /Users/calum/Developer/Excelerator/env/lib/python3.11/site-packages/pandas/tests/strings/test_string_array.py -> /Users/calum/Developer/Excelerator/dist/Excelerate.app/Contents/Resources/lib/python3.11/pandas/tests/strings/test_string_array.py
copying file /Users/calum/Developer/Excelerator/env/lib/python3.11/site-packages/pandas/tests/strings/test_split_partition.py -> /Users/calum/Developer/Excelerator/dist/Excelerate.app/Contents/Resources/lib/python3.11/pandas/tests/strings/test_split_partition.py
copying file /Users/calum/Developer/Excelerator/env/lib/python3.11/site-packages/pandas/tests/strings/conftest.py -> /Users/calum/Developer/Excelerator/dist/Excelerate.app/Contents/Resources/lib/python3.11/pandas/tests/strings/conftest.py
copying file /Users/calum/Developer/Excelerator/env/lib/python3.11/site-packages/pandas/tests/strings/test_get_dummies.py -> /Users/calum/Developer/Excelerator/dist/Excelerate.app/Contents/Resources/lib/python3.11/pandas/tests/strings/test_get_dummies.py
copying file /Users/calum/Developer/Excelerator/env/lib/python3.11/site-packages/pandas/tests/strings/test_find_replace.py -> /Users/calum/Developer/Excelerator/dist/Excelerate.app/Contents/Resources/lib/python3.11/pandas/tests/strings/test_find_replace.py
copying file /Users/calum/Developer/Excelerator/env/lib/python3.11/site-packages/pandas/tests/strings/__init__.py -> /Users/calum/Developer/Excelerator/dist/Excelerate.app/Contents/Resources/lib/python3.11/pandas/tests/strings/__init__.py
creating /Users/calum/Developer/Excelerator/dist/Excelerate.app/Contents/Resources/lib/python3.11/pandas/tests/strings/__pycache__
copying file /Users/calum/Developer/Excelerator/env/lib/python3.11/site-packages/pandas/tests/strings/__pycache__/test_strings.cpython-311.pyc -> /Users/calum/Developer/Excelerator/dist/Excelerate.app/Contents/Resources/lib/python3.11/pandas/tests/strings/__pycache__/test_strings.cpython-311.pyc
copying file /Users/calum/Developer/Excelerator/env/lib/python3.11/site-packages/pandas/tests/strings/__pycache__/test_case_justify.cpython-311.pyc -> /Users/calum/Developer/Excelerator/dist/Excelerate.app/Contents/Resources/lib/python3.11/pandas/tests/strings/__pycache__/test_case_justify.cpython-311.pyc
copying file /Users/calum/Developer/Excelerator/env/lib/python3.11/site-packages/pandas/tests/strings/__pycache__/test_get_dummies.cpython-311.pyc -> /Users/calum/Developer/Excelerator/dist/Excelerate.app/Contents/Resources/lib/python3.11/pandas/tests/strings/__pycache__/test_get_dummies.cpython-311.pyc
copying file /Users/calum/Developer/Excelerator/env/lib/python3.11/site-packages/pandas/tests/strings/__pycache__/test_extract.cpython-311.pyc -> /Users/calum/Developer/Excelerator/dist/Excelerate.app/Contents/Resources/lib/python3.11/pandas/tests/strings/__pycache__/test_extract.cpython-311.pyc
copying file /Users/calum/Developer/Excelerator/env/lib/python3.11/site-packages/pandas/tests/strings/__pycache__/conftest.cpython-311.pyc -> /Users/calum/Developer/Excelerator/dist/Excelerate.app/Contents/Resources/lib/python3.11/pandas/tests/strings/__pycache__/conftest.cpython-311.pyc
copying file /Users/calum/Developer/Excelerator/env/lib/python3.11/site-packages/pandas/tests/strings/__pycache__/test_string_array.cpython-311.pyc -> /Users/calum/Developer/Excelerator/dist/Excelerate.app/Contents/Resources/lib/python3.11/pandas/tests/strings/__pycache__/test_string_array.cpython-311.pyc
copying file /Users/calum/Developer/Excelerator/env/lib/python3.11/site-packages/pandas/tests/strings/__pycache__/test_split_partition.cpython-311.pyc -> /Users/calum/Developer/Excelerator/dist/Excelerate.app/Contents/Resources/lib/python3.11/pandas/tests/strings/__pycache__/test_split_partition.cpython-311.pyc
copying file /Users/calum/Developer/Excelerator/env/lib/python3.11/site-packages/pandas/tests/strings/__pycache__/test_cat.cpython-311.pyc -> /Users/calum/Developer/Excelerator/dist/Excelerate.app/Contents/Resources/lib/python3.11/pandas/tests/strings/__pycache__/test_cat.cpython-311.pyc
copying file /Users/calum/Developer/Excelerator/env/lib/python3.11/site-packages/pandas/tests/strings/__pycache__/test_find_replace.cpython-311.pyc -> /Users/calum/Developer/Excelerator/dist/Excelerate.app/Contents/Resources/lib/python3.11/pandas/tests/strings/__pycache__/test_find_replace.cpython-311.pyc
copying file /Users/calum/Developer/Excelerator/env/lib/python3.11/site-packages/pandas/tests/strings/__pycache__/test_api.cpython-311.pyc -> /Users/calum/Developer/Excelerator/dist/Excelerate.app/Contents/Resources/lib/python3.11/pandas/tests/strings/__pycache__/test_api.cpython-311.pyc
copying file /Users/calum/Developer/Excelerator/env/lib/python3.11/site-packages/pandas/tests/strings/__pycache__/__init__.cpython-311.pyc -> /Users/calum/Developer/Excelerator/dist/Excelerate.app/Contents/Resources/lib/python3.11/pandas/tests/strings/__pycache__/__init__.cpython-311.pyc
copying file /Users/calum/Developer/Excelerator/env/lib/python3.11/site-packages/pandas/tests/strings/test_case_justify.py -> /Users/calum/Developer/Excelerator/dist/Excelerate.app/Contents/Resources/lib/python3.11/pandas/tests/strings/test_case_justify.py
copying file /Users/calum/Developer/Excelerator/env/lib/python3.11/site-packages/pandas/tests/strings/test_strings.py -> /Users/calum/Developer/Excelerator/dist/Excelerate.app/Contents/Resources/lib/python3.11/pandas/tests/strings/test_strings.py
copying file /Users/calum/Developer/Excelerator/env/lib/python3.11/site-packages/pandas/tests/strings/test_api.py -> /Users/calum/Developer/Excelerator/dist/Excelerate.app/Contents/Resources/lib/python3.11/pandas/tests/strings/test_api.py
copying file /Users/calum/Developer/Excelerator/env/lib/python3.11/site-packages/pandas/tests/strings/test_extract.py -> /Users/calum/Developer/Excelerator/dist/Excelerate.app/Contents/Resources/lib/python3.11/pandas/tests/strings/test_extract.py
copying file /Users/calum/Developer/Excelerator/env/lib/python3.11/site-packages/pandas/tests/test_register_accessor.py -> /Users/calum/Developer/Excelerator/dist/Excelerate.app/Contents/Resources/lib/python3.11/pandas/tests/test_register_accessor.py
copying file /Users/calum/Developer/Excelerator/env/lib/python3.11/site-packages/pandas/tests/test_common.py -> /Users/calum/Developer/Excelerator/dist/Excelerate.app/Contents/Resources/lib/python3.11/pandas/tests/test_common.py
creating /Users/calum/Developer/Excelerator/dist/Excelerate.app/Contents/Resources/lib/python3.11/pandas/tests/tools
copying file /Users/calum/Developer/Excelerator/env/lib/python3.11/site-packages/pandas/tests/tools/test_to_time.py -> /Users/calum/Developer/Excelerator/dist/Excelerate.app/Contents/Resources/lib/python3.11/pandas/tests/tools/test_to_time.py
copying file /Users/calum/Developer/Excelerator/env/lib/python3.11/site-packages/pandas/tests/tools/__init__.py -> /Users/calum/Developer/Excelerator/dist/Excelerate.app/Contents/Resources/lib/python3.11/pandas/tests/tools/__init__.py
creating /Users/calum/Developer/Excelerator/dist/Excelerate.app/Contents/Resources/lib/python3.11/pandas/tests/tools/__pycache__
copying file /Users/calum/Developer/Excelerator/env/lib/python3.11/site-packages/pandas/tests/tools/__pycache__/test_to_time.cpython-311.pyc -> /Users/calum/Developer/Excelerator/dist/Excelerate.app/Contents/Resources/lib/python3.11/pandas/tests/tools/__pycache__/test_to_time.cpython-311.pyc
copying file /Users/calum/Developer/Excelerator/env/lib/python3.11/site-packages/pandas/tests/tools/__pycache__/test_to_datetime.cpython-311.pyc -> /Users/calum/Developer/Excelerator/dist/Excelerate.app/Contents/Resources/lib/python3.11/pandas/tests/tools/__pycache__/test_to_datetime.cpython-311.pyc
copying file /Users/calum/Developer/Excelerator/env/lib/python3.11/site-packages/pandas/tests/tools/__pycache__/test_to_numeric.cpython-311.pyc -> /Users/calum/Developer/Excelerator/dist/Excelerate.app/Contents/Resources/lib/python3.11/pandas/tests/tools/__pycache__/test_to_numeric.cpython-311.pyc
copying file /Users/calum/Developer/Excelerator/env/lib/python3.11/site-packages/pandas/tests/tools/__pycache__/__init__.cpython-311.pyc -> /Users/calum/Developer/Excelerator/dist/Excelerate.app/Contents/Resources/lib/python3.11/pandas/tests/tools/__pycache__/__init__.cpython-311.pyc
copying file /Users/calum/Developer/Excelerator/env/lib/python3.11/site-packages/pandas/tests/tools/__pycache__/test_to_timedelta.cpython-311.pyc -> /Users/calum/Developer/Excelerator/dist/Excelerate.app/Contents/Resources/lib/python3.11/pandas/tests/tools/__pycache__/test_to_timedelta.cpython-311.pyc
copying file /Users/calum/Developer/Excelerator/env/lib/python3.11/site-packages/pandas/tests/tools/test_to_timedelta.py -> /Users/calum/Developer/Excelerator/dist/Excelerate.app/Contents/Resources/lib/python3.11/pandas/tests/tools/test_to_timedelta.py
copying file /Users/calum/Developer/Excelerator/env/lib/python3.11/site-packages/pandas/tests/tools/test_to_datetime.py -> /Users/calum/Developer/Excelerator/dist/Excelerate.app/Contents/Resources/lib/python3.11/pandas/tests/tools/test_to_datetime.py
copying file /Users/calum/Developer/Excelerator/env/lib/python3.11/site-packages/pandas/tests/tools/test_to_numeric.py -> /Users/calum/Developer/Excelerator/dist/Excelerate.app/Contents/Resources/lib/python3.11/pandas/tests/tools/test_to_numeric.py
creating /Users/calum/Developer/Excelerator/dist/Excelerate.app/Contents/Resources/lib/python3.11/pandas/tests/extension
creating /Users/calum/Developer/Excelerator/dist/Excelerate.app/Contents/Resources/lib/python3.11/pandas/tests/extension/decimal
copying file /Users/calum/Developer/Excelerator/env/lib/python3.11/site-packages/pandas/tests/extension/decimal/test_decimal.py -> /Users/calum/Developer/Excelerator/dist/Excelerate.app/Contents/Resources/lib/python3.11/pandas/tests/extension/decimal/test_decimal.py
copying file /Users/calum/Developer/Excelerator/env/lib/python3.11/site-packages/pandas/tests/extension/decimal/__init__.py -> /Users/calum/Developer/Excelerator/dist/Excelerate.app/Contents/Resources/lib/python3.11/pandas/tests/extension/decimal/__init__.py
creating /Users/calum/Developer/Excelerator/dist/Excelerate.app/Contents/Resources/lib/python3.11/pandas/tests/extension/decimal/__pycache__
copying file /Users/calum/Developer/Excelerator/env/lib/python3.11/site-packages/pandas/tests/extension/decimal/__pycache__/array.cpython-311.pyc -> /Users/calum/Developer/Excelerator/dist/Excelerate.app/Contents/Resources/lib/python3.11/pandas/tests/extension/decimal/__pycache__/array.cpython-311.pyc
copying file /Users/calum/Developer/Excelerator/env/lib/python3.11/site-packages/pandas/tests/extension/decimal/__pycache__/test_decimal.cpython-311.pyc -> /Users/calum/Developer/Excelerator/dist/Excelerate.app/Contents/Resources/lib/python3.11/pandas/tests/extension/decimal/__pycache__/test_decimal.cpython-311.pyc
copying file /Users/calum/Developer/Excelerator/env/lib/python3.11/site-packages/pandas/tests/extension/decimal/__pycache__/__init__.cpython-311.pyc -> /Users/calum/Developer/Excelerator/dist/Excelerate.app/Contents/Resources/lib/python3.11/pandas/tests/extension/decimal/__pycache__/__init__.cpython-311.pyc
copying file /Users/calum/Developer/Excelerator/env/lib/python3.11/site-packages/pandas/tests/extension/decimal/array.py -> /Users/calum/Developer/Excelerator/dist/Excelerate.app/Contents/Resources/lib/python3.11/pandas/tests/extension/decimal/array.py
copying file /Users/calum/Developer/Excelerator/env/lib/python3.11/site-packages/pandas/tests/extension/test_period.py -> /Users/calum/Developer/Excelerator/dist/Excelerate.app/Contents/Resources/lib/python3.11/pandas/tests/extension/test_period.py
copying file /Users/calum/Developer/Excelerator/env/lib/python3.11/site-packages/pandas/tests/extension/test_masked.py -> /Users/calum/Developer/Excelerator/dist/Excelerate.app/Contents/Resources/lib/python3.11/pandas/tests/extension/test_masked.py
copying file /Users/calum/Developer/Excelerator/env/lib/python3.11/site-packages/pandas/tests/extension/test_extension.py -> /Users/calum/Developer/Excelerator/dist/Excelerate.app/Contents/Resources/lib/python3.11/pandas/tests/extension/test_extension.py
copying file /Users/calum/Developer/Excelerator/env/lib/python3.11/site-packages/pandas/tests/extension/conftest.py -> /Users/calum/Developer/Excelerator/dist/Excelerate.app/Contents/Resources/lib/python3.11/pandas/tests/extension/conftest.py
copying file /Users/calum/Developer/Excelerator/env/lib/python3.11/site-packages/pandas/tests/extension/test_common.py -> /Users/calum/Developer/Excelerator/dist/Excelerate.app/Contents/Resources/lib/python3.11/pandas/tests/extension/test_common.py
copying file /Users/calum/Developer/Excelerator/env/lib/python3.11/site-packages/pandas/tests/extension/test_sparse.py -> /Users/calum/Developer/Excelerator/dist/Excelerate.app/Contents/Resources/lib/python3.11/pandas/tests/extension/test_sparse.py
creating /Users/calum/Developer/Excelerator/dist/Excelerate.app/Contents/Resources/lib/python3.11/pandas/tests/extension/array_with_attr
copying file /Users/calum/Developer/Excelerator/env/lib/python3.11/site-packages/pandas/tests/extension/array_with_attr/test_array_with_attr.py -> /Users/calum/Developer/Excelerator/dist/Excelerate.app/Contents/Resources/lib/python3.11/pandas/tests/extension/array_with_attr/test_array_with_attr.py
copying file /Users/calum/Developer/Excelerator/env/lib/python3.11/site-packages/pandas/tests/extension/array_with_attr/__init__.py -> /Users/calum/Developer/Excelerator/dist/Excelerate.app/Contents/Resources/lib/python3.11/pandas/tests/extension/array_with_attr/__init__.py
creating /Users/calum/Developer/Excelerator/dist/Excelerate.app/Contents/Resources/lib/python3.11/pandas/tests/extension/array_with_attr/__pycache__
copying file /Users/calum/Developer/Excelerator/env/lib/python3.11/site-packages/pandas/tests/extension/array_with_attr/__pycache__/array.cpython-311.pyc -> /Users/calum/Developer/Excelerator/dist/Excelerate.app/Contents/Resources/lib/python3.11/pandas/tests/extension/array_with_attr/__pycache__/array.cpython-311.pyc
copying file /Users/calum/Developer/Excelerator/env/lib/python3.11/site-packages/pandas/tests/extension/array_with_attr/__pycache__/__init__.cpython-311.pyc -> /Users/calum/Developer/Excelerator/dist/Excelerate.app/Contents/Resources/lib/python3.11/pandas/tests/extension/array_with_attr/__pycache__/__init__.cpython-311.pyc
copying file /Users/calum/Developer/Excelerator/env/lib/python3.11/site-packages/pandas/tests/extension/array_with_attr/__pycache__/test_array_with_attr.cpython-311.pyc -> /Users/calum/Developer/Excelerator/dist/Excelerate.app/Contents/Resources/lib/python3.11/pandas/tests/extension/array_with_attr/__pycache__/test_array_with_attr.cpython-311.pyc
copying file /Users/calum/Developer/Excelerator/env/lib/python3.11/site-packages/pandas/tests/extension/array_with_attr/array.py -> /Users/calum/Developer/Excelerator/dist/Excelerate.app/Contents/Resources/lib/python3.11/pandas/tests/extension/array_with_attr/array.py
copying file /Users/calum/Developer/Excelerator/env/lib/python3.11/site-packages/pandas/tests/extension/test_string.py -> /Users/calum/Developer/Excelerator/dist/Excelerate.app/Contents/Resources/lib/python3.11/pandas/tests/extension/test_string.py
copying file /Users/calum/Developer/Excelerator/env/lib/python3.11/site-packages/pandas/tests/extension/test_categorical.py -> /Users/calum/Developer/Excelerator/dist/Excelerate.app/Contents/Resources/lib/python3.11/pandas/tests/extension/test_categorical.py
creating /Users/calum/Developer/Excelerator/dist/Excelerate.app/Contents/Resources/lib/python3.11/pandas/tests/extension/date
copying file /Users/calum/Developer/Excelerator/env/lib/python3.11/site-packages/pandas/tests/extension/date/__init__.py -> /Users/calum/Developer/Excelerator/dist/Excelerate.app/Contents/Resources/lib/python3.11/pandas/tests/extension/date/__init__.py
creating /Users/calum/Developer/Excelerator/dist/Excelerate.app/Contents/Resources/lib/python3.11/pandas/tests/extension/date/__pycache__
copying file /Users/calum/Developer/Excelerator/env/lib/python3.11/site-packages/pandas/tests/extension/date/__pycache__/array.cpython-311.pyc -> /Users/calum/Developer/Excelerator/dist/Excelerate.app/Contents/Resources/lib/python3.11/pandas/tests/extension/date/__pycache__/array.cpython-311.pyc
copying file /Users/calum/Developer/Excelerator/env/lib/python3.11/site-packages/pandas/tests/extension/date/__pycache__/__init__.cpython-311.pyc -> /Users/calum/Developer/Excelerator/dist/Excelerate.app/Contents/Resources/lib/python3.11/pandas/tests/extension/date/__pycache__/__init__.cpython-311.pyc
copying file /Users/calum/Developer/Excelerator/env/lib/python3.11/site-packages/pandas/tests/extension/date/array.py -> /Users/calum/Developer/Excelerator/dist/Excelerate.app/Contents/Resources/lib/python3.11/pandas/tests/extension/date/array.py
copying file /Users/calum/Developer/Excelerator/env/lib/python3.11/site-packages/pandas/tests/extension/__init__.py -> /Users/calum/Developer/Excelerator/dist/Excelerate.app/Contents/Resources/lib/python3.11/pandas/tests/extension/__init__.py
creating /Users/calum/Developer/Excelerator/dist/Excelerate.app/Contents/Resources/lib/python3.11/pandas/tests/extension/__pycache__
copying file /Users/calum/Developer/Excelerator/env/lib/python3.11/site-packages/pandas/tests/extension/__pycache__/test_common.cpython-311.pyc -> /Users/calum/Developer/Excelerator/dist/Excelerate.app/Contents/Resources/lib/python3.11/pandas/tests/extension/__pycache__/test_common.cpython-311.pyc
copying file /Users/calum/Developer/Excelerator/env/lib/python3.11/site-packages/pandas/tests/extension/__pycache__/test_extension.cpython-311.pyc -> /Users/calum/Developer/Excelerator/dist/Excelerate.app/Contents/Resources/lib/python3.11/pandas/tests/extension/__pycache__/test_extension.cpython-311.pyc
copying file /Users/calum/Developer/Excelerator/env/lib/python3.11/site-packages/pandas/tests/extension/__pycache__/test_numpy.cpython-311.pyc -> /Users/calum/Developer/Excelerator/dist/Excelerate.app/Contents/Resources/lib/python3.11/pandas/tests/extension/__pycache__/test_numpy.cpython-311.pyc
copying file /Users/calum/Developer/Excelerator/env/lib/python3.11/site-packages/pandas/tests/extension/__pycache__/test_masked.cpython-311.pyc -> /Users/calum/Developer/Excelerator/dist/Excelerate.app/Contents/Resources/lib/python3.11/pandas/tests/extension/__pycache__/test_masked.cpython-311.pyc
copying file /Users/calum/Developer/Excelerator/env/lib/python3.11/site-packages/pandas/tests/extension/__pycache__/test_string.cpython-311.pyc -> /Users/calum/Developer/Excelerator/dist/Excelerate.app/Contents/Resources/lib/python3.11/pandas/tests/extension/__pycache__/test_string.cpython-311.pyc
copying file /Users/calum/Developer/Excelerator/env/lib/python3.11/site-packages/pandas/tests/extension/__pycache__/test_categorical.cpython-311.pyc -> /Users/calum/Developer/Excelerator/dist/Excelerate.app/Contents/Resources/lib/python3.11/pandas/tests/extension/__pycache__/test_categorical.cpython-311.pyc
copying file /Users/calum/Developer/Excelerator/env/lib/python3.11/site-packages/pandas/tests/extension/__pycache__/test_period.cpython-311.pyc -> /Users/calum/Developer/Excelerator/dist/Excelerate.app/Contents/Resources/lib/python3.11/pandas/tests/extension/__pycache__/test_period.cpython-311.pyc
copying file /Users/calum/Developer/Excelerator/env/lib/python3.11/site-packages/pandas/tests/extension/__pycache__/test_interval.cpython-311.pyc -> /Users/calum/Developer/Excelerator/dist/Excelerate.app/Contents/Resources/lib/python3.11/pandas/tests/extension/__pycache__/test_interval.cpython-311.pyc
copying file /Users/calum/Developer/Excelerator/env/lib/python3.11/site-packages/pandas/tests/extension/__pycache__/test_datetime.cpython-311.pyc -> /Users/calum/Developer/Excelerator/dist/Excelerate.app/Contents/Resources/lib/python3.11/pandas/tests/extension/__pycache__/test_datetime.cpython-311.pyc
copying file /Users/calum/Developer/Excelerator/env/lib/python3.11/site-packages/pandas/tests/extension/__pycache__/conftest.cpython-311.pyc -> /Users/calum/Developer/Excelerator/dist/Excelerate.app/Contents/Resources/lib/python3.11/pandas/tests/extension/__pycache__/conftest.cpython-311.pyc
copying file /Users/calum/Developer/Excelerator/env/lib/python3.11/site-packages/pandas/tests/extension/__pycache__/test_sparse.cpython-311.pyc -> /Users/calum/Developer/Excelerator/dist/Excelerate.app/Contents/Resources/lib/python3.11/pandas/tests/extension/__pycache__/test_sparse.cpython-311.pyc
copying file /Users/calum/Developer/Excelerator/env/lib/python3.11/site-packages/pandas/tests/extension/__pycache__/test_arrow.cpython-311.pyc -> /Users/calum/Developer/Excelerator/dist/Excelerate.app/Contents/Resources/lib/python3.11/pandas/tests/extension/__pycache__/test_arrow.cpython-311.pyc
copying file /Users/calum/Developer/Excelerator/env/lib/python3.11/site-packages/pandas/tests/extension/__pycache__/__init__.cpython-311.pyc -> /Users/calum/Developer/Excelerator/dist/Excelerate.app/Contents/Resources/lib/python3.11/pandas/tests/extension/__pycache__/__init__.cpython-311.pyc
copying file /Users/calum/Developer/Excelerator/env/lib/python3.11/site-packages/pandas/tests/extension/test_interval.py -> /Users/calum/Developer/Excelerator/dist/Excelerate.app/Contents/Resources/lib/python3.11/pandas/tests/extension/test_interval.py
creating /Users/calum/Developer/Excelerator/dist/Excelerate.app/Contents/Resources/lib/python3.11/pandas/tests/extension/json
copying file /Users/calum/Developer/Excelerator/env/lib/python3.11/site-packages/pandas/tests/extension/json/__init__.py -> /Users/calum/Developer/Excelerator/dist/Excelerate.app/Contents/Resources/lib/python3.11/pandas/tests/extension/json/__init__.py
creating /Users/calum/Developer/Excelerator/dist/Excelerate.app/Contents/Resources/lib/python3.11/pandas/tests/extension/json/__pycache__
copying file /Users/calum/Developer/Excelerator/env/lib/python3.11/site-packages/pandas/tests/extension/json/__pycache__/test_json.cpython-311.pyc -> /Users/calum/Developer/Excelerator/dist/Excelerate.app/Contents/Resources/lib/python3.11/pandas/tests/extension/json/__pycache__/test_json.cpython-311.pyc
copying file /Users/calum/Developer/Excelerator/env/lib/python3.11/site-packages/pandas/tests/extension/json/__pycache__/array.cpython-311.pyc -> /Users/calum/Developer/Excelerator/dist/Excelerate.app/Contents/Resources/lib/python3.11/pandas/tests/extension/json/__pycache__/array.cpython-311.pyc
copying file /Users/calum/Developer/Excelerator/env/lib/python3.11/site-packages/pandas/tests/extension/json/__pycache__/__init__.cpython-311.pyc -> /Users/calum/Developer/Excelerator/dist/Excelerate.app/Contents/Resources/lib/python3.11/pandas/tests/extension/json/__pycache__/__init__.cpython-311.pyc
copying file /Users/calum/Developer/Excelerator/env/lib/python3.11/site-packages/pandas/tests/extension/json/test_json.py -> /Users/calum/Developer/Excelerator/dist/Excelerate.app/Contents/Resources/lib/python3.11/pandas/tests/extension/json/test_json.py
copying file /Users/calum/Developer/Excelerator/env/lib/python3.11/site-packages/pandas/tests/extension/json/array.py -> /Users/calum/Developer/Excelerator/dist/Excelerate.app/Contents/Resources/lib/python3.11/pandas/tests/extension/json/array.py
copying file /Users/calum/Developer/Excelerator/env/lib/python3.11/site-packages/pandas/tests/extension/test_datetime.py -> /Users/calum/Developer/Excelerator/dist/Excelerate.app/Contents/Resources/lib/python3.11/pandas/tests/extension/test_datetime.py
creating /Users/calum/Developer/Excelerator/dist/Excelerate.app/Contents/Resources/lib/python3.11/pandas/tests/extension/list
copying file /Users/calum/Developer/Excelerator/env/lib/python3.11/site-packages/pandas/tests/extension/list/test_list.py -> /Users/calum/Developer/Excelerator/dist/Excelerate.app/Contents/Resources/lib/python3.11/pandas/tests/extension/list/test_list.py
copying file /Users/calum/Developer/Excelerator/env/lib/python3.11/site-packages/pandas/tests/extension/list/__init__.py -> /Users/calum/Developer/Excelerator/dist/Excelerate.app/Contents/Resources/lib/python3.11/pandas/tests/extension/list/__init__.py
creating /Users/calum/Developer/Excelerator/dist/Excelerate.app/Contents/Resources/lib/python3.11/pandas/tests/extension/list/__pycache__
copying file /Users/calum/Developer/Excelerator/env/lib/python3.11/site-packages/pandas/tests/extension/list/__pycache__/array.cpython-311.pyc -> /Users/calum/Developer/Excelerator/dist/Excelerate.app/Contents/Resources/lib/python3.11/pandas/tests/extension/list/__pycache__/array.cpython-311.pyc
copying file /Users/calum/Developer/Excelerator/env/lib/python3.11/site-packages/pandas/tests/extension/list/__pycache__/test_list.cpython-311.pyc -> /Users/calum/Developer/Excelerator/dist/Excelerate.app/Contents/Resources/lib/python3.11/pandas/tests/extension/list/__pycache__/test_list.cpython-311.pyc
copying file /Users/calum/Developer/Excelerator/env/lib/python3.11/site-packages/pandas/tests/extension/list/__pycache__/__init__.cpython-311.pyc -> /Users/calum/Developer/Excelerator/dist/Excelerate.app/Contents/Resources/lib/python3.11/pandas/tests/extension/list/__pycache__/__init__.cpython-311.pyc
copying file /Users/calum/Developer/Excelerator/env/lib/python3.11/site-packages/pandas/tests/extension/list/array.py -> /Users/calum/Developer/Excelerator/dist/Excelerate.app/Contents/Resources/lib/python3.11/pandas/tests/extension/list/array.py
copying file /Users/calum/Developer/Excelerator/env/lib/python3.11/site-packages/pandas/tests/extension/test_numpy.py -> /Users/calum/Developer/Excelerator/dist/Excelerate.app/Contents/Resources/lib/python3.11/pandas/tests/extension/test_numpy.py
copying file /Users/calum/Developer/Excelerator/env/lib/python3.11/site-packages/pandas/tests/extension/test_arrow.py -> /Users/calum/Developer/Excelerator/dist/Excelerate.app/Contents/Resources/lib/python3.11/pandas/tests/extension/test_arrow.py
creating /Users/calum/Developer/Excelerator/dist/Excelerate.app/Contents/Resources/lib/python3.11/pandas/tests/extension/base
copying file /Users/calum/Developer/Excelerator/env/lib/python3.11/site-packages/pandas/tests/extension/base/missing.py -> /Users/calum/Developer/Excelerator/dist/Excelerate.app/Contents/Resources/lib/python3.11/pandas/tests/extension/base/missing.py
copying file /Users/calum/Developer/Excelerator/env/lib/python3.11/site-packages/pandas/tests/extension/base/reshaping.py -> /Users/calum/Developer/Excelerator/dist/Excelerate.app/Contents/Resources/lib/python3.11/pandas/tests/extension/base/reshaping.py
copying file /Users/calum/Developer/Excelerator/env/lib/python3.11/site-packages/pandas/tests/extension/base/index.py -> /Users/calum/Developer/Excelerator/dist/Excelerate.app/Contents/Resources/lib/python3.11/pandas/tests/extension/base/index.py
copying file /Users/calum/Developer/Excelerator/env/lib/python3.11/site-packages/pandas/tests/extension/base/methods.py -> /Users/calum/Developer/Excelerator/dist/Excelerate.app/Contents/Resources/lib/python3.11/pandas/tests/extension/base/methods.py
copying file /Users/calum/Developer/Excelerator/env/lib/python3.11/site-packages/pandas/tests/extension/base/reduce.py -> /Users/calum/Developer/Excelerator/dist/Excelerate.app/Contents/Resources/lib/python3.11/pandas/tests/extension/base/reduce.py
copying file /Users/calum/Developer/Excelerator/env/lib/python3.11/site-packages/pandas/tests/extension/base/setitem.py -> /Users/calum/Developer/Excelerator/dist/Excelerate.app/Contents/Resources/lib/python3.11/pandas/tests/extension/base/setitem.py
copying file /Users/calum/Developer/Excelerator/env/lib/python3.11/site-packages/pandas/tests/extension/base/dtype.py -> /Users/calum/Developer/Excelerator/dist/Excelerate.app/Contents/Resources/lib/python3.11/pandas/tests/extension/base/dtype.py
copying file /Users/calum/Developer/Excelerator/env/lib/python3.11/site-packages/pandas/tests/extension/base/io.py -> /Users/calum/Developer/Excelerator/dist/Excelerate.app/Contents/Resources/lib/python3.11/pandas/tests/extension/base/io.py
copying file /Users/calum/Developer/Excelerator/env/lib/python3.11/site-packages/pandas/tests/extension/base/accumulate.py -> /Users/calum/Developer/Excelerator/dist/Excelerate.app/Contents/Resources/lib/python3.11/pandas/tests/extension/base/accumulate.py
copying file /Users/calum/Developer/Excelerator/env/lib/python3.11/site-packages/pandas/tests/extension/base/interface.py -> /Users/calum/Developer/Excelerator/dist/Excelerate.app/Contents/Resources/lib/python3.11/pandas/tests/extension/base/interface.py
copying file /Users/calum/Developer/Excelerator/env/lib/python3.11/site-packages/pandas/tests/extension/base/__init__.py -> /Users/calum/Developer/Excelerator/dist/Excelerate.app/Contents/Resources/lib/python3.11/pandas/tests/extension/base/__init__.py
copying file /Users/calum/Developer/Excelerator/env/lib/python3.11/site-packages/pandas/tests/extension/base/getitem.py -> /Users/calum/Developer/Excelerator/dist/Excelerate.app/Contents/Resources/lib/python3.11/pandas/tests/extension/base/getitem.py
creating /Users/calum/Developer/Excelerator/dist/Excelerate.app/Contents/Resources/lib/python3.11/pandas/tests/extension/base/__pycache__
copying file /Users/calum/Developer/Excelerator/env/lib/python3.11/site-packages/pandas/tests/extension/base/__pycache__/groupby.cpython-311.pyc -> /Users/calum/Developer/Excelerator/dist/Excelerate.app/Contents/Resources/lib/python3.11/pandas/tests/extension/base/__pycache__/groupby.cpython-311.pyc
copying file /Users/calum/Developer/Excelerator/env/lib/python3.11/site-packages/pandas/tests/extension/base/__pycache__/io.cpython-311.pyc -> /Users/calum/Developer/Excelerator/dist/Excelerate.app/Contents/Resources/lib/python3.11/pandas/tests/extension/base/__pycache__/io.cpython-311.pyc
copying file /Users/calum/Developer/Excelerator/env/lib/python3.11/site-packages/pandas/tests/extension/base/__pycache__/base.cpython-311.pyc -> /Users/calum/Developer/Excelerator/dist/Excelerate.app/Contents/Resources/lib/python3.11/pandas/tests/extension/base/__pycache__/base.cpython-311.pyc
copying file /Users/calum/Developer/Excelerator/env/lib/python3.11/site-packages/pandas/tests/extension/base/__pycache__/missing.cpython-311.pyc -> /Users/calum/Developer/Excelerator/dist/Excelerate.app/Contents/Resources/lib/python3.11/pandas/tests/extension/base/__pycache__/missing.cpython-311.pyc
copying file /Users/calum/Developer/Excelerator/env/lib/python3.11/site-packages/pandas/tests/extension/base/__pycache__/constructors.cpython-311.pyc -> /Users/calum/Developer/Excelerator/dist/Excelerate.app/Contents/Resources/lib/python3.11/pandas/tests/extension/base/__pycache__/constructors.cpython-311.pyc
copying file /Users/calum/Developer/Excelerator/env/lib/python3.11/site-packages/pandas/tests/extension/base/__pycache__/dim2.cpython-311.pyc -> /Users/calum/Developer/Excelerator/dist/Excelerate.app/Contents/Resources/lib/python3.11/pandas/tests/extension/base/__pycache__/dim2.cpython-311.pyc
copying file /Users/calum/Developer/Excelerator/env/lib/python3.11/site-packages/pandas/tests/extension/base/__pycache__/interface.cpython-311.pyc -> /Users/calum/Developer/Excelerator/dist/Excelerate.app/Contents/Resources/lib/python3.11/pandas/tests/extension/base/__pycache__/interface.cpython-311.pyc
copying file /Users/calum/Developer/Excelerator/env/lib/python3.11/site-packages/pandas/tests/extension/base/__pycache__/methods.cpython-311.pyc -> /Users/calum/Developer/Excelerator/dist/Excelerate.app/Contents/Resources/lib/python3.11/pandas/tests/extension/base/__pycache__/methods.cpython-311.pyc
copying file /Users/calum/Developer/Excelerator/env/lib/python3.11/site-packages/pandas/tests/extension/base/__pycache__/getitem.cpython-311.pyc -> /Users/calum/Developer/Excelerator/dist/Excelerate.app/Contents/Resources/lib/python3.11/pandas/tests/extension/base/__pycache__/getitem.cpython-311.pyc
copying file /Users/calum/Developer/Excelerator/env/lib/python3.11/site-packages/pandas/tests/extension/base/__pycache__/accumulate.cpython-311.pyc -> /Users/calum/Developer/Excelerator/dist/Excelerate.app/Contents/Resources/lib/python3.11/pandas/tests/extension/base/__pycache__/accumulate.cpython-311.pyc
copying file /Users/calum/Developer/Excelerator/env/lib/python3.11/site-packages/pandas/tests/extension/base/__pycache__/casting.cpython-311.pyc -> /Users/calum/Developer/Excelerator/dist/Excelerate.app/Contents/Resources/lib/python3.11/pandas/tests/extension/base/__pycache__/casting.cpython-311.pyc
copying file /Users/calum/Developer/Excelerator/env/lib/python3.11/site-packages/pandas/tests/extension/base/__pycache__/reduce.cpython-311.pyc -> /Users/calum/Developer/Excelerator/dist/Excelerate.app/Contents/Resources/lib/python3.11/pandas/tests/extension/base/__pycache__/reduce.cpython-311.pyc
copying file /Users/calum/Developer/Excelerator/env/lib/python3.11/site-packages/pandas/tests/extension/base/__pycache__/setitem.cpython-311.pyc -> /Users/calum/Developer/Excelerator/dist/Excelerate.app/Contents/Resources/lib/python3.11/pandas/tests/extension/base/__pycache__/setitem.cpython-311.pyc
copying file /Users/calum/Developer/Excelerator/env/lib/python3.11/site-packages/pandas/tests/extension/base/__pycache__/ops.cpython-311.pyc -> /Users/calum/Developer/Excelerator/dist/Excelerate.app/Contents/Resources/lib/python3.11/pandas/tests/extension/base/__pycache__/ops.cpython-311.pyc
copying file /Users/calum/Developer/Excelerator/env/lib/python3.11/site-packages/pandas/tests/extension/base/__pycache__/printing.cpython-311.pyc -> /Users/calum/Developer/Excelerator/dist/Excelerate.app/Contents/Resources/lib/python3.11/pandas/tests/extension/base/__pycache__/printing.cpython-311.pyc
copying file /Users/calum/Developer/Excelerator/env/lib/python3.11/site-packages/pandas/tests/extension/base/__pycache__/dtype.cpython-311.pyc -> /Users/calum/Developer/Excelerator/dist/Excelerate.app/Contents/Resources/lib/python3.11/pandas/tests/extension/base/__pycache__/dtype.cpython-311.pyc
copying file /Users/calum/Developer/Excelerator/env/lib/python3.11/site-packages/pandas/tests/extension/base/__pycache__/index.cpython-311.pyc -> /Users/calum/Developer/Excelerator/dist/Excelerate.app/Contents/Resources/lib/python3.11/pandas/tests/extension/base/__pycache__/index.cpython-311.pyc
copying file /Users/calum/Developer/Excelerator/env/lib/python3.11/site-packages/pandas/tests/extension/base/__pycache__/reshaping.cpython-311.pyc -> /Users/calum/Developer/Excelerator/dist/Excelerate.app/Contents/Resources/lib/python3.11/pandas/tests/extension/base/__pycache__/reshaping.cpython-311.pyc
copying file /Users/calum/Developer/Excelerator/env/lib/python3.11/site-packages/pandas/tests/extension/base/__pycache__/__init__.cpython-311.pyc -> /Users/calum/Developer/Excelerator/dist/Excelerate.app/Contents/Resources/lib/python3.11/pandas/tests/extension/base/__pycache__/__init__.cpython-311.pyc
copying file /Users/calum/Developer/Excelerator/env/lib/python3.11/site-packages/pandas/tests/extension/base/ops.py -> /Users/calum/Developer/Excelerator/dist/Excelerate.app/Contents/Resources/lib/python3.11/pandas/tests/extension/base/ops.py
copying file /Users/calum/Developer/Excelerator/env/lib/python3.11/site-packages/pandas/tests/extension/base/dim2.py -> /Users/calum/Developer/Excelerator/dist/Excelerate.app/Contents/Resources/lib/python3.11/pandas/tests/extension/base/dim2.py
copying file /Users/calum/Developer/Excelerator/env/lib/python3.11/site-packages/pandas/tests/extension/base/casting.py -> /Users/calum/Developer/Excelerator/dist/Excelerate.app/Contents/Resources/lib/python3.11/pandas/tests/extension/base/casting.py
copying file /Users/calum/Developer/Excelerator/env/lib/python3.11/site-packages/pandas/tests/extension/base/groupby.py -> /Users/calum/Developer/Excelerator/dist/Excelerate.app/Contents/Resources/lib/python3.11/pandas/tests/extension/base/groupby.py
copying file /Users/calum/Developer/Excelerator/env/lib/python3.11/site-packages/pandas/tests/extension/base/base.py -> /Users/calum/Developer/Excelerator/dist/Excelerate.app/Contents/Resources/lib/python3.11/pandas/tests/extension/base/base.py
copying file /Users/calum/Developer/Excelerator/env/lib/python3.11/site-packages/pandas/tests/extension/base/constructors.py -> /Users/calum/Developer/Excelerator/dist/Excelerate.app/Contents/Resources/lib/python3.11/pandas/tests/extension/base/constructors.py
copying file /Users/calum/Developer/Excelerator/env/lib/python3.11/site-packages/pandas/tests/extension/base/printing.py -> /Users/calum/Developer/Excelerator/dist/Excelerate.app/Contents/Resources/lib/python3.11/pandas/tests/extension/base/printing.py
creating /Users/calum/Developer/Excelerator/dist/Excelerate.app/Contents/Resources/lib/python3.11/pandas/tests/resample
copying file /Users/calum/Developer/Excelerator/env/lib/python3.11/site-packages/pandas/tests/resample/conftest.py -> /Users/calum/Developer/Excelerator/dist/Excelerate.app/Contents/Resources/lib/python3.11/pandas/tests/resample/conftest.py
copying file /Users/calum/Developer/Excelerator/env/lib/python3.11/site-packages/pandas/tests/resample/test_resampler_grouper.py -> /Users/calum/Developer/Excelerator/dist/Excelerate.app/Contents/Resources/lib/python3.11/pandas/tests/resample/test_resampler_grouper.py
copying file /Users/calum/Developer/Excelerator/env/lib/python3.11/site-packages/pandas/tests/resample/__init__.py -> /Users/calum/Developer/Excelerator/dist/Excelerate.app/Contents/Resources/lib/python3.11/pandas/tests/resample/__init__.py
creating /Users/calum/Developer/Excelerator/dist/Excelerate.app/Contents/Resources/lib/python3.11/pandas/tests/resample/__pycache__
copying file /Users/calum/Developer/Excelerator/env/lib/python3.11/site-packages/pandas/tests/resample/__pycache__/test_time_grouper.cpython-311.pyc -> /Users/calum/Developer/Excelerator/dist/Excelerate.app/Contents/Resources/lib/python3.11/pandas/tests/resample/__pycache__/test_time_grouper.cpython-311.pyc
copying file /Users/calum/Developer/Excelerator/env/lib/python3.11/site-packages/pandas/tests/resample/__pycache__/test_period_index.cpython-311.pyc -> /Users/calum/Developer/Excelerator/dist/Excelerate.app/Contents/Resources/lib/python3.11/pandas/tests/resample/__pycache__/test_period_index.cpython-311.pyc
copying file /Users/calum/Developer/Excelerator/env/lib/python3.11/site-packages/pandas/tests/resample/__pycache__/test_resample_api.cpython-311.pyc -> /Users/calum/Developer/Excelerator/dist/Excelerate.app/Contents/Resources/lib/python3.11/pandas/tests/resample/__pycache__/test_resample_api.cpython-311.pyc
copying file /Users/calum/Developer/Excelerator/env/lib/python3.11/site-packages/pandas/tests/resample/__pycache__/test_resampler_grouper.cpython-311.pyc -> /Users/calum/Developer/Excelerator/dist/Excelerate.app/Contents/Resources/lib/python3.11/pandas/tests/resample/__pycache__/test_resampler_grouper.cpython-311.pyc
copying file /Users/calum/Developer/Excelerator/env/lib/python3.11/site-packages/pandas/tests/resample/__pycache__/test_timedelta.cpython-311.pyc -> /Users/calum/Developer/Excelerator/dist/Excelerate.app/Contents/Resources/lib/python3.11/pandas/tests/resample/__pycache__/test_timedelta.cpython-311.pyc
copying file /Users/calum/Developer/Excelerator/env/lib/python3.11/site-packages/pandas/tests/resample/__pycache__/conftest.cpython-311.pyc -> /Users/calum/Developer/Excelerator/dist/Excelerate.app/Contents/Resources/lib/python3.11/pandas/tests/resample/__pycache__/conftest.cpython-311.pyc
copying file /Users/calum/Developer/Excelerator/env/lib/python3.11/site-packages/pandas/tests/resample/__pycache__/test_base.cpython-311.pyc -> /Users/calum/Developer/Excelerator/dist/Excelerate.app/Contents/Resources/lib/python3.11/pandas/tests/resample/__pycache__/test_base.cpython-311.pyc
copying file /Users/calum/Developer/Excelerator/env/lib/python3.11/site-packages/pandas/tests/resample/__pycache__/test_datetime_index.cpython-311.pyc -> /Users/calum/Developer/Excelerator/dist/Excelerate.app/Contents/Resources/lib/python3.11/pandas/tests/resample/__pycache__/test_datetime_index.cpython-311.pyc
copying file /Users/calum/Developer/Excelerator/env/lib/python3.11/site-packages/pandas/tests/resample/__pycache__/__init__.cpython-311.pyc -> /Users/calum/Developer/Excelerator/dist/Excelerate.app/Contents/Resources/lib/python3.11/pandas/tests/resample/__pycache__/__init__.cpython-311.pyc
copying file /Users/calum/Developer/Excelerator/env/lib/python3.11/site-packages/pandas/tests/resample/test_timedelta.py -> /Users/calum/Developer/Excelerator/dist/Excelerate.app/Contents/Resources/lib/python3.11/pandas/tests/resample/test_timedelta.py
copying file /Users/calum/Developer/Excelerator/env/lib/python3.11/site-packages/pandas/tests/resample/test_period_index.py -> /Users/calum/Developer/Excelerator/dist/Excelerate.app/Contents/Resources/lib/python3.11/pandas/tests/resample/test_period_index.py
copying file /Users/calum/Developer/Excelerator/env/lib/python3.11/site-packages/pandas/tests/resample/test_datetime_index.py -> /Users/calum/Developer/Excelerator/dist/Excelerate.app/Contents/Resources/lib/python3.11/pandas/tests/resample/test_datetime_index.py
copying file /Users/calum/Developer/Excelerator/env/lib/python3.11/site-packages/pandas/tests/resample/test_base.py -> /Users/calum/Developer/Excelerator/dist/Excelerate.app/Contents/Resources/lib/python3.11/pandas/tests/resample/test_base.py
copying file /Users/calum/Developer/Excelerator/env/lib/python3.11/site-packages/pandas/tests/resample/test_time_grouper.py -> /Users/calum/Developer/Excelerator/dist/Excelerate.app/Contents/Resources/lib/python3.11/pandas/tests/resample/test_time_grouper.py
copying file /Users/calum/Developer/Excelerator/env/lib/python3.11/site-packages/pandas/tests/resample/test_resample_api.py -> /Users/calum/Developer/Excelerator/dist/Excelerate.app/Contents/Resources/lib/python3.11/pandas/tests/resample/test_resample_api.py
copying file /Users/calum/Developer/Excelerator/env/lib/python3.11/site-packages/pandas/tests/test_downstream.py -> /Users/calum/Developer/Excelerator/dist/Excelerate.app/Contents/Resources/lib/python3.11/pandas/tests/test_downstream.py
creating /Users/calum/Developer/Excelerator/dist/Excelerate.app/Contents/Resources/lib/python3.11/pandas/tests/util
copying file /Users/calum/Developer/Excelerator/env/lib/python3.11/site-packages/pandas/tests/util/test_deprecate_nonkeyword_arguments.py -> /Users/calum/Developer/Excelerator/dist/Excelerate.app/Contents/Resources/lib/python3.11/pandas/tests/util/test_deprecate_nonkeyword_arguments.py
copying file /Users/calum/Developer/Excelerator/env/lib/python3.11/site-packages/pandas/tests/util/test_validate_args_and_kwargs.py -> /Users/calum/Developer/Excelerator/dist/Excelerate.app/Contents/Resources/lib/python3.11/pandas/tests/util/test_validate_args_and_kwargs.py
copying file /Users/calum/Developer/Excelerator/env/lib/python3.11/site-packages/pandas/tests/util/test_assert_series_equal.py -> /Users/calum/Developer/Excelerator/dist/Excelerate.app/Contents/Resources/lib/python3.11/pandas/tests/util/test_assert_series_equal.py
copying file /Users/calum/Developer/Excelerator/env/lib/python3.11/site-packages/pandas/tests/util/conftest.py -> /Users/calum/Developer/Excelerator/dist/Excelerate.app/Contents/Resources/lib/python3.11/pandas/tests/util/conftest.py
copying file /Users/calum/Developer/Excelerator/env/lib/python3.11/site-packages/pandas/tests/util/test_assert_frame_equal.py -> /Users/calum/Developer/Excelerator/dist/Excelerate.app/Contents/Resources/lib/python3.11/pandas/tests/util/test_assert_frame_equal.py
copying file /Users/calum/Developer/Excelerator/env/lib/python3.11/site-packages/pandas/tests/util/test_show_versions.py -> /Users/calum/Developer/Excelerator/dist/Excelerate.app/Contents/Resources/lib/python3.11/pandas/tests/util/test_show_versions.py
copying file /Users/calum/Developer/Excelerator/env/lib/python3.11/site-packages/pandas/tests/util/test_assert_interval_array_equal.py -> /Users/calum/Developer/Excelerator/dist/Excelerate.app/Contents/Resources/lib/python3.11/pandas/tests/util/test_assert_interval_array_equal.py
copying file /Users/calum/Developer/Excelerator/env/lib/python3.11/site-packages/pandas/tests/util/__init__.py -> /Users/calum/Developer/Excelerator/dist/Excelerate.app/Contents/Resources/lib/python3.11/pandas/tests/util/__init__.py
copying file /Users/calum/Developer/Excelerator/env/lib/python3.11/site-packages/pandas/tests/util/test_assert_attr_equal.py -> /Users/calum/Developer/Excelerator/dist/Excelerate.app/Contents/Resources/lib/python3.11/pandas/tests/util/test_assert_attr_equal.py
creating /Users/calum/Developer/Excelerator/dist/Excelerate.app/Contents/Resources/lib/python3.11/pandas/tests/util/__pycache__
copying file /Users/calum/Developer/Excelerator/env/lib/python3.11/site-packages/pandas/tests/util/__pycache__/test_assert_almost_equal.cpython-311.pyc -> /Users/calum/Developer/Excelerator/dist/Excelerate.app/Contents/Resources/lib/python3.11/pandas/tests/util/__pycache__/test_assert_almost_equal.cpython-311.pyc
copying file /Users/calum/Developer/Excelerator/env/lib/python3.11/site-packages/pandas/tests/util/__pycache__/test_deprecate.cpython-311.pyc -> /Users/calum/Developer/Excelerator/dist/Excelerate.app/Contents/Resources/lib/python3.11/pandas/tests/util/__pycache__/test_deprecate.cpython-311.pyc
copying file /Users/calum/Developer/Excelerator/env/lib/python3.11/site-packages/pandas/tests/util/__pycache__/test_assert_extension_array_equal.cpython-311.pyc -> /Users/calum/Developer/Excelerator/dist/Excelerate.app/Contents/Resources/lib/python3.11/pandas/tests/util/__pycache__/test_assert_extension_array_equal.cpython-311.pyc
copying file /Users/calum/Developer/Excelerator/env/lib/python3.11/site-packages/pandas/tests/util/__pycache__/test_hashing.cpython-311.pyc -> /Users/calum/Developer/Excelerator/dist/Excelerate.app/Contents/Resources/lib/python3.11/pandas/tests/util/__pycache__/test_hashing.cpython-311.pyc
copying file /Users/calum/Developer/Excelerator/env/lib/python3.11/site-packages/pandas/tests/util/__pycache__/test_show_versions.cpython-311.pyc -> /Users/calum/Developer/Excelerator/dist/Excelerate.app/Contents/Resources/lib/python3.11/pandas/tests/util/__pycache__/test_show_versions.cpython-311.pyc
copying file /Users/calum/Developer/Excelerator/env/lib/python3.11/site-packages/pandas/tests/util/__pycache__/test_validate_inclusive.cpython-311.pyc -> /Users/calum/Developer/Excelerator/dist/Excelerate.app/Contents/Resources/lib/python3.11/pandas/tests/util/__pycache__/test_validate_inclusive.cpython-311.pyc
copying file /Users/calum/Developer/Excelerator/env/lib/python3.11/site-packages/pandas/tests/util/__pycache__/test_util.cpython-311.pyc -> /Users/calum/Developer/Excelerator/dist/Excelerate.app/Contents/Resources/lib/python3.11/pandas/tests/util/__pycache__/test_util.cpython-311.pyc
copying file /Users/calum/Developer/Excelerator/env/lib/python3.11/site-packages/pandas/tests/util/__pycache__/test_doc.cpython-311.pyc -> /Users/calum/Developer/Excelerator/dist/Excelerate.app/Contents/Resources/lib/python3.11/pandas/tests/util/__pycache__/test_doc.cpython-311.pyc
copying file /Users/calum/Developer/Excelerator/env/lib/python3.11/site-packages/pandas/tests/util/__pycache__/test_assert_attr_equal.cpython-311.pyc -> /Users/calum/Developer/Excelerator/dist/Excelerate.app/Contents/Resources/lib/python3.11/pandas/tests/util/__pycache__/test_assert_attr_equal.cpython-311.pyc
copying file /Users/calum/Developer/Excelerator/env/lib/python3.11/site-packages/pandas/tests/util/__pycache__/test_numba.cpython-311.pyc -> /Users/calum/Developer/Excelerator/dist/Excelerate.app/Contents/Resources/lib/python3.11/pandas/tests/util/__pycache__/test_numba.cpython-311.pyc
copying file /Users/calum/Developer/Excelerator/env/lib/python3.11/site-packages/pandas/tests/util/__pycache__/test_assert_index_equal.cpython-311.pyc -> /Users/calum/Developer/Excelerator/dist/Excelerate.app/Contents/Resources/lib/python3.11/pandas/tests/util/__pycache__/test_assert_index_equal.cpython-311.pyc
copying file /Users/calum/Developer/Excelerator/env/lib/python3.11/site-packages/pandas/tests/util/__pycache__/test_assert_series_equal.cpython-311.pyc -> /Users/calum/Developer/Excelerator/dist/Excelerate.app/Contents/Resources/lib/python3.11/pandas/tests/util/__pycache__/test_assert_series_equal.cpython-311.pyc
copying file /Users/calum/Developer/Excelerator/env/lib/python3.11/site-packages/pandas/tests/util/__pycache__/test_assert_interval_array_equal.cpython-311.pyc -> /Users/calum/Developer/Excelerator/dist/Excelerate.app/Contents/Resources/lib/python3.11/pandas/tests/util/__pycache__/test_assert_interval_array_equal.cpython-311.pyc
copying file /Users/calum/Developer/Excelerator/env/lib/python3.11/site-packages/pandas/tests/util/__pycache__/test_shares_memory.cpython-311.pyc -> /Users/calum/Developer/Excelerator/dist/Excelerate.app/Contents/Resources/lib/python3.11/pandas/tests/util/__pycache__/test_shares_memory.cpython-311.pyc
copying file /Users/calum/Developer/Excelerator/env/lib/python3.11/site-packages/pandas/tests/util/__pycache__/test_assert_numpy_array_equal.cpython-311.pyc -> /Users/calum/Developer/Excelerator/dist/Excelerate.app/Contents/Resources/lib/python3.11/pandas/tests/util/__pycache__/test_assert_numpy_array_equal.cpython-311.pyc
copying file /Users/calum/Developer/Excelerator/env/lib/python3.11/site-packages/pandas/tests/util/__pycache__/conftest.cpython-311.pyc -> /Users/calum/Developer/Excelerator/dist/Excelerate.app/Contents/Resources/lib/python3.11/pandas/tests/util/__pycache__/conftest.cpython-311.pyc
copying file /Users/calum/Developer/Excelerator/env/lib/python3.11/site-packages/pandas/tests/util/__pycache__/test_rewrite_warning.cpython-311.pyc -> /Users/calum/Developer/Excelerator/dist/Excelerate.app/Contents/Resources/lib/python3.11/pandas/tests/util/__pycache__/test_rewrite_warning.cpython-311.pyc
copying file /Users/calum/Developer/Excelerator/env/lib/python3.11/site-packages/pandas/tests/util/__pycache__/test_validate_kwargs.cpython-311.pyc -> /Users/calum/Developer/Excelerator/dist/Excelerate.app/Contents/Resources/lib/python3.11/pandas/tests/util/__pycache__/test_validate_kwargs.cpython-311.pyc
copying file /Users/calum/Developer/Excelerator/env/lib/python3.11/site-packages/pandas/tests/util/__pycache__/test_validate_args_and_kwargs.cpython-311.pyc -> /Users/calum/Developer/Excelerator/dist/Excelerate.app/Contents/Resources/lib/python3.11/pandas/tests/util/__pycache__/test_validate_args_and_kwargs.cpython-311.pyc
copying file /Users/calum/Developer/Excelerator/env/lib/python3.11/site-packages/pandas/tests/util/__pycache__/test_deprecate_nonkeyword_arguments.cpython-311.pyc -> /Users/calum/Developer/Excelerator/dist/Excelerate.app/Contents/Resources/lib/python3.11/pandas/tests/util/__pycache__/test_deprecate_nonkeyword_arguments.cpython-311.pyc
copying file /Users/calum/Developer/Excelerator/env/lib/python3.11/site-packages/pandas/tests/util/__pycache__/test_assert_categorical_equal.cpython-311.pyc -> /Users/calum/Developer/Excelerator/dist/Excelerate.app/Contents/Resources/lib/python3.11/pandas/tests/util/__pycache__/test_assert_categorical_equal.cpython-311.pyc
copying file /Users/calum/Developer/Excelerator/env/lib/python3.11/site-packages/pandas/tests/util/__pycache__/test_deprecate_kwarg.cpython-311.pyc -> /Users/calum/Developer/Excelerator/dist/Excelerate.app/Contents/Resources/lib/python3.11/pandas/tests/util/__pycache__/test_deprecate_kwarg.cpython-311.pyc
copying file /Users/calum/Developer/Excelerator/env/lib/python3.11/site-packages/pandas/tests/util/__pycache__/test_assert_produces_warning.cpython-311.pyc -> /Users/calum/Developer/Excelerator/dist/Excelerate.app/Contents/Resources/lib/python3.11/pandas/tests/util/__pycache__/test_assert_produces_warning.cpython-311.pyc
copying file /Users/calum/Developer/Excelerator/env/lib/python3.11/site-packages/pandas/tests/util/__pycache__/test_validate_args.cpython-311.pyc -> /Users/calum/Developer/Excelerator/dist/Excelerate.app/Contents/Resources/lib/python3.11/pandas/tests/util/__pycache__/test_validate_args.cpython-311.pyc
copying file /Users/calum/Developer/Excelerator/env/lib/python3.11/site-packages/pandas/tests/util/__pycache__/__init__.cpython-311.pyc -> /Users/calum/Developer/Excelerator/dist/Excelerate.app/Contents/Resources/lib/python3.11/pandas/tests/util/__pycache__/__init__.cpython-311.pyc
copying file /Users/calum/Developer/Excelerator/env/lib/python3.11/site-packages/pandas/tests/util/__pycache__/test_assert_frame_equal.cpython-311.pyc -> /Users/calum/Developer/Excelerator/dist/Excelerate.app/Contents/Resources/lib/python3.11/pandas/tests/util/__pycache__/test_assert_frame_equal.cpython-311.pyc
copying file /Users/calum/Developer/Excelerator/env/lib/python3.11/site-packages/pandas/tests/util/test_util.py -> /Users/calum/Developer/Excelerator/dist/Excelerate.app/Contents/Resources/lib/python3.11/pandas/tests/util/test_util.py
copying file /Users/calum/Developer/Excelerator/env/lib/python3.11/site-packages/pandas/tests/util/test_assert_index_equal.py -> /Users/calum/Developer/Excelerator/dist/Excelerate.app/Contents/Resources/lib/python3.11/pandas/tests/util/test_assert_index_equal.py
copying file /Users/calum/Developer/Excelerator/env/lib/python3.11/site-packages/pandas/tests/util/test_shares_memory.py -> /Users/calum/Developer/Excelerator/dist/Excelerate.app/Contents/Resources/lib/python3.11/pandas/tests/util/test_shares_memory.py
copying file /Users/calum/Developer/Excelerator/env/lib/python3.11/site-packages/pandas/tests/util/test_validate_args.py -> /Users/calum/Developer/Excelerator/dist/Excelerate.app/Contents/Resources/lib/python3.11/pandas/tests/util/test_validate_args.py
copying file /Users/calum/Developer/Excelerator/env/lib/python3.11/site-packages/pandas/tests/util/test_validate_kwargs.py -> /Users/calum/Developer/Excelerator/dist/Excelerate.app/Contents/Resources/lib/python3.11/pandas/tests/util/test_validate_kwargs.py
copying file /Users/calum/Developer/Excelerator/env/lib/python3.11/site-packages/pandas/tests/util/test_assert_categorical_equal.py -> /Users/calum/Developer/Excelerator/dist/Excelerate.app/Contents/Resources/lib/python3.11/pandas/tests/util/test_assert_categorical_equal.py
copying file /Users/calum/Developer/Excelerator/env/lib/python3.11/site-packages/pandas/tests/util/test_assert_numpy_array_equal.py -> /Users/calum/Developer/Excelerator/dist/Excelerate.app/Contents/Resources/lib/python3.11/pandas/tests/util/test_assert_numpy_array_equal.py
copying file /Users/calum/Developer/Excelerator/env/lib/python3.11/site-packages/pandas/tests/util/test_assert_extension_array_equal.py -> /Users/calum/Developer/Excelerator/dist/Excelerate.app/Contents/Resources/lib/python3.11/pandas/tests/util/test_assert_extension_array_equal.py
copying file /Users/calum/Developer/Excelerator/env/lib/python3.11/site-packages/pandas/tests/util/test_deprecate.py -> /Users/calum/Developer/Excelerator/dist/Excelerate.app/Contents/Resources/lib/python3.11/pandas/tests/util/test_deprecate.py
copying file /Users/calum/Developer/Excelerator/env/lib/python3.11/site-packages/pandas/tests/util/test_hashing.py -> /Users/calum/Developer/Excelerator/dist/Excelerate.app/Contents/Resources/lib/python3.11/pandas/tests/util/test_hashing.py
copying file /Users/calum/Developer/Excelerator/env/lib/python3.11/site-packages/pandas/tests/util/test_validate_inclusive.py -> /Users/calum/Developer/Excelerator/dist/Excelerate.app/Contents/Resources/lib/python3.11/pandas/tests/util/test_validate_inclusive.py
copying file /Users/calum/Developer/Excelerator/env/lib/python3.11/site-packages/pandas/tests/util/test_assert_produces_warning.py -> /Users/calum/Developer/Excelerator/dist/Excelerate.app/Contents/Resources/lib/python3.11/pandas/tests/util/test_assert_produces_warning.py
copying file /Users/calum/Developer/Excelerator/env/lib/python3.11/site-packages/pandas/tests/util/test_numba.py -> /Users/calum/Developer/Excelerator/dist/Excelerate.app/Contents/Resources/lib/python3.11/pandas/tests/util/test_numba.py
copying file /Users/calum/Developer/Excelerator/env/lib/python3.11/site-packages/pandas/tests/util/test_doc.py -> /Users/calum/Developer/Excelerator/dist/Excelerate.app/Contents/Resources/lib/python3.11/pandas/tests/util/test_doc.py
copying file /Users/calum/Developer/Excelerator/env/lib/python3.11/site-packages/pandas/tests/util/test_deprecate_kwarg.py -> /Users/calum/Developer/Excelerator/dist/Excelerate.app/Contents/Resources/lib/python3.11/pandas/tests/util/test_deprecate_kwarg.py
copying file /Users/calum/Developer/Excelerator/env/lib/python3.11/site-packages/pandas/tests/util/test_assert_almost_equal.py -> /Users/calum/Developer/Excelerator/dist/Excelerate.app/Contents/Resources/lib/python3.11/pandas/tests/util/test_assert_almost_equal.py
copying file /Users/calum/Developer/Excelerator/env/lib/python3.11/site-packages/pandas/tests/util/test_rewrite_warning.py -> /Users/calum/Developer/Excelerator/dist/Excelerate.app/Contents/Resources/lib/python3.11/pandas/tests/util/test_rewrite_warning.py
creating /Users/calum/Developer/Excelerator/dist/Excelerate.app/Contents/Resources/lib/python3.11/pandas/tests/config
copying file /Users/calum/Developer/Excelerator/env/lib/python3.11/site-packages/pandas/tests/config/test_localization.py -> /Users/calum/Developer/Excelerator/dist/Excelerate.app/Contents/Resources/lib/python3.11/pandas/tests/config/test_localization.py
copying file /Users/calum/Developer/Excelerator/env/lib/python3.11/site-packages/pandas/tests/config/__init__.py -> /Users/calum/Developer/Excelerator/dist/Excelerate.app/Contents/Resources/lib/python3.11/pandas/tests/config/__init__.py
creating /Users/calum/Developer/Excelerator/dist/Excelerate.app/Contents/Resources/lib/python3.11/pandas/tests/config/__pycache__
copying file /Users/calum/Developer/Excelerator/env/lib/python3.11/site-packages/pandas/tests/config/__pycache__/test_localization.cpython-311.pyc -> /Users/calum/Developer/Excelerator/dist/Excelerate.app/Contents/Resources/lib/python3.11/pandas/tests/config/__pycache__/test_localization.cpython-311.pyc
copying file /Users/calum/Developer/Excelerator/env/lib/python3.11/site-packages/pandas/tests/config/__pycache__/test_config.cpython-311.pyc -> /Users/calum/Developer/Excelerator/dist/Excelerate.app/Contents/Resources/lib/python3.11/pandas/tests/config/__pycache__/test_config.cpython-311.pyc
copying file /Users/calum/Developer/Excelerator/env/lib/python3.11/site-packages/pandas/tests/config/__pycache__/__init__.cpython-311.pyc -> /Users/calum/Developer/Excelerator/dist/Excelerate.app/Contents/Resources/lib/python3.11/pandas/tests/config/__pycache__/__init__.cpython-311.pyc
copying file /Users/calum/Developer/Excelerator/env/lib/python3.11/site-packages/pandas/tests/config/test_config.py -> /Users/calum/Developer/Excelerator/dist/Excelerate.app/Contents/Resources/lib/python3.11/pandas/tests/config/test_config.py
copying file /Users/calum/Developer/Excelerator/env/lib/python3.11/site-packages/pandas/tests/test_errors.py -> /Users/calum/Developer/Excelerator/dist/Excelerate.app/Contents/Resources/lib/python3.11/pandas/tests/test_errors.py
copying file /Users/calum/Developer/Excelerator/env/lib/python3.11/site-packages/pandas/tests/test_sorting.py -> /Users/calum/Developer/Excelerator/dist/Excelerate.app/Contents/Resources/lib/python3.11/pandas/tests/test_sorting.py
creating /Users/calum/Developer/Excelerator/dist/Excelerate.app/Contents/Resources/lib/python3.11/pandas/tests/io
copying file /Users/calum/Developer/Excelerator/env/lib/python3.11/site-packages/pandas/tests/io/test_parquet.py -> /Users/calum/Developer/Excelerator/dist/Excelerate.app/Contents/Resources/lib/python3.11/pandas/tests/io/test_parquet.py
copying file /Users/calum/Developer/Excelerator/env/lib/python3.11/site-packages/pandas/tests/io/test_fsspec.py -> /Users/calum/Developer/Excelerator/dist/Excelerate.app/Contents/Resources/lib/python3.11/pandas/tests/io/test_fsspec.py
copying file /Users/calum/Developer/Excelerator/env/lib/python3.11/site-packages/pandas/tests/io/test_compression.py -> /Users/calum/Developer/Excelerator/dist/Excelerate.app/Contents/Resources/lib/python3.11/pandas/tests/io/test_compression.py
copying file /Users/calum/Developer/Excelerator/env/lib/python3.11/site-packages/pandas/tests/io/conftest.py -> /Users/calum/Developer/Excelerator/dist/Excelerate.app/Contents/Resources/lib/python3.11/pandas/tests/io/conftest.py
copying file /Users/calum/Developer/Excelerator/env/lib/python3.11/site-packages/pandas/tests/io/test_common.py -> /Users/calum/Developer/Excelerator/dist/Excelerate.app/Contents/Resources/lib/python3.11/pandas/tests/io/test_common.py
creating /Users/calum/Developer/Excelerator/dist/Excelerate.app/Contents/Resources/lib/python3.11/pandas/tests/io/formats
copying file /Users/calum/Developer/Excelerator/env/lib/python3.11/site-packages/pandas/tests/io/formats/test_to_string.py -> /Users/calum/Developer/Excelerator/dist/Excelerate.app/Contents/Resources/lib/python3.11/pandas/tests/io/formats/test_to_string.py
copying file /Users/calum/Developer/Excelerator/env/lib/python3.11/site-packages/pandas/tests/io/formats/test_console.py -> /Users/calum/Developer/Excelerator/dist/Excelerate.app/Contents/Resources/lib/python3.11/pandas/tests/io/formats/test_console.py
copying file /Users/calum/Developer/Excelerator/env/lib/python3.11/site-packages/pandas/tests/io/formats/test_to_latex.py -> /Users/calum/Developer/Excelerator/dist/Excelerate.app/Contents/Resources/lib/python3.11/pandas/tests/io/formats/test_to_latex.py
copying file /Users/calum/Developer/Excelerator/env/lib/python3.11/site-packages/pandas/tests/io/formats/test_to_html.py -> /Users/calum/Developer/Excelerator/dist/Excelerate.app/Contents/Resources/lib/python3.11/pandas/tests/io/formats/test_to_html.py
copying file /Users/calum/Developer/Excelerator/env/lib/python3.11/site-packages/pandas/tests/io/formats/__init__.py -> /Users/calum/Developer/Excelerator/dist/Excelerate.app/Contents/Resources/lib/python3.11/pandas/tests/io/formats/__init__.py
creating /Users/calum/Developer/Excelerator/dist/Excelerate.app/Contents/Resources/lib/python3.11/pandas/tests/io/formats/style
copying file /Users/calum/Developer/Excelerator/env/lib/python3.11/site-packages/pandas/tests/io/formats/style/test_to_string.py -> /Users/calum/Developer/Excelerator/dist/Excelerate.app/Contents/Resources/lib/python3.11/pandas/tests/io/formats/style/test_to_string.py
copying file /Users/calum/Developer/Excelerator/env/lib/python3.11/site-packages/pandas/tests/io/formats/style/test_to_latex.py -> /Users/calum/Developer/Excelerator/dist/Excelerate.app/Contents/Resources/lib/python3.11/pandas/tests/io/formats/style/test_to_latex.py
copying file /Users/calum/Developer/Excelerator/env/lib/python3.11/site-packages/pandas/tests/io/formats/style/test_tooltip.py -> /Users/calum/Developer/Excelerator/dist/Excelerate.app/Contents/Resources/lib/python3.11/pandas/tests/io/formats/style/test_tooltip.py
copying file /Users/calum/Developer/Excelerator/env/lib/python3.11/site-packages/pandas/tests/io/formats/style/test_exceptions.py -> /Users/calum/Developer/Excelerator/dist/Excelerate.app/Contents/Resources/lib/python3.11/pandas/tests/io/formats/style/test_exceptions.py
copying file /Users/calum/Developer/Excelerator/env/lib/python3.11/site-packages/pandas/tests/io/formats/style/__init__.py -> /Users/calum/Developer/Excelerator/dist/Excelerate.app/Contents/Resources/lib/python3.11/pandas/tests/io/formats/style/__init__.py
copying file /Users/calum/Developer/Excelerator/env/lib/python3.11/site-packages/pandas/tests/io/formats/style/test_html.py -> /Users/calum/Developer/Excelerator/dist/Excelerate.app/Contents/Resources/lib/python3.11/pandas/tests/io/formats/style/test_html.py
creating /Users/calum/Developer/Excelerator/dist/Excelerate.app/Contents/Resources/lib/python3.11/pandas/tests/io/formats/style/__pycache__
copying file /Users/calum/Developer/Excelerator/env/lib/python3.11/site-packages/pandas/tests/io/formats/style/__pycache__/test_tooltip.cpython-311.pyc -> /Users/calum/Developer/Excelerator/dist/Excelerate.app/Contents/Resources/lib/python3.11/pandas/tests/io/formats/style/__pycache__/test_tooltip.cpython-311.pyc
copying file /Users/calum/Developer/Excelerator/env/lib/python3.11/site-packages/pandas/tests/io/formats/style/__pycache__/test_to_latex.cpython-311.pyc -> /Users/calum/Developer/Excelerator/dist/Excelerate.app/Contents/Resources/lib/python3.11/pandas/tests/io/formats/style/__pycache__/test_to_latex.cpython-311.pyc
copying file /Users/calum/Developer/Excelerator/env/lib/python3.11/site-packages/pandas/tests/io/formats/style/__pycache__/test_matplotlib.cpython-311.pyc -> /Users/calum/Developer/Excelerator/dist/Excelerate.app/Contents/Resources/lib/python3.11/pandas/tests/io/formats/style/__pycache__/test_matplotlib.cpython-311.pyc
copying file /Users/calum/Developer/Excelerator/env/lib/python3.11/site-packages/pandas/tests/io/formats/style/__pycache__/test_to_string.cpython-311.pyc -> /Users/calum/Developer/Excelerator/dist/Excelerate.app/Contents/Resources/lib/python3.11/pandas/tests/io/formats/style/__pycache__/test_to_string.cpython-311.pyc
copying file /Users/calum/Developer/Excelerator/env/lib/python3.11/site-packages/pandas/tests/io/formats/style/__pycache__/test_format.cpython-311.pyc -> /Users/calum/Developer/Excelerator/dist/Excelerate.app/Contents/Resources/lib/python3.11/pandas/tests/io/formats/style/__pycache__/test_format.cpython-311.pyc
copying file /Users/calum/Developer/Excelerator/env/lib/python3.11/site-packages/pandas/tests/io/formats/style/__pycache__/test_html.cpython-311.pyc -> /Users/calum/Developer/Excelerator/dist/Excelerate.app/Contents/Resources/lib/python3.11/pandas/tests/io/formats/style/__pycache__/test_html.cpython-311.pyc
copying file /Users/calum/Developer/Excelerator/env/lib/python3.11/site-packages/pandas/tests/io/formats/style/__pycache__/test_style.cpython-311.pyc -> /Users/calum/Developer/Excelerator/dist/Excelerate.app/Contents/Resources/lib/python3.11/pandas/tests/io/formats/style/__pycache__/test_style.cpython-311.pyc
copying file /Users/calum/Developer/Excelerator/env/lib/python3.11/site-packages/pandas/tests/io/formats/style/__pycache__/test_bar.cpython-311.pyc -> /Users/calum/Developer/Excelerator/dist/Excelerate.app/Contents/Resources/lib/python3.11/pandas/tests/io/formats/style/__pycache__/test_bar.cpython-311.pyc
copying file /Users/calum/Developer/Excelerator/env/lib/python3.11/site-packages/pandas/tests/io/formats/style/__pycache__/test_highlight.cpython-311.pyc -> /Users/calum/Developer/Excelerator/dist/Excelerate.app/Contents/Resources/lib/python3.11/pandas/tests/io/formats/style/__pycache__/test_highlight.cpython-311.pyc
copying file /Users/calum/Developer/Excelerator/env/lib/python3.11/site-packages/pandas/tests/io/formats/style/__pycache__/test_exceptions.cpython-311.pyc -> /Users/calum/Developer/Excelerator/dist/Excelerate.app/Contents/Resources/lib/python3.11/pandas/tests/io/formats/style/__pycache__/test_exceptions.cpython-311.pyc
copying file /Users/calum/Developer/Excelerator/env/lib/python3.11/site-packages/pandas/tests/io/formats/style/__pycache__/test_non_unique.cpython-311.pyc -> /Users/calum/Developer/Excelerator/dist/Excelerate.app/Contents/Resources/lib/python3.11/pandas/tests/io/formats/style/__pycache__/test_non_unique.cpython-311.pyc
copying file /Users/calum/Developer/Excelerator/env/lib/python3.11/site-packages/pandas/tests/io/formats/style/__pycache__/__init__.cpython-311.pyc -> /Users/calum/Developer/Excelerator/dist/Excelerate.app/Contents/Resources/lib/python3.11/pandas/tests/io/formats/style/__pycache__/__init__.cpython-311.pyc
copying file /Users/calum/Developer/Excelerator/env/lib/python3.11/site-packages/pandas/tests/io/formats/style/test_highlight.py -> /Users/calum/Developer/Excelerator/dist/Excelerate.app/Contents/Resources/lib/python3.11/pandas/tests/io/formats/style/test_highlight.py
copying file /Users/calum/Developer/Excelerator/env/lib/python3.11/site-packages/pandas/tests/io/formats/style/test_non_unique.py -> /Users/calum/Developer/Excelerator/dist/Excelerate.app/Contents/Resources/lib/python3.11/pandas/tests/io/formats/style/test_non_unique.py
copying file /Users/calum/Developer/Excelerator/env/lib/python3.11/site-packages/pandas/tests/io/formats/style/test_style.py -> /Users/calum/Developer/Excelerator/dist/Excelerate.app/Contents/Resources/lib/python3.11/pandas/tests/io/formats/style/test_style.py
copying file /Users/calum/Developer/Excelerator/env/lib/python3.11/site-packages/pandas/tests/io/formats/style/test_format.py -> /Users/calum/Developer/Excelerator/dist/Excelerate.app/Contents/Resources/lib/python3.11/pandas/tests/io/formats/style/test_format.py
copying file /Users/calum/Developer/Excelerator/env/lib/python3.11/site-packages/pandas/tests/io/formats/style/test_bar.py -> /Users/calum/Developer/Excelerator/dist/Excelerate.app/Contents/Resources/lib/python3.11/pandas/tests/io/formats/style/test_bar.py
copying file /Users/calum/Developer/Excelerator/env/lib/python3.11/site-packages/pandas/tests/io/formats/style/test_matplotlib.py -> /Users/calum/Developer/Excelerator/dist/Excelerate.app/Contents/Resources/lib/python3.11/pandas/tests/io/formats/style/test_matplotlib.py
creating /Users/calum/Developer/Excelerator/dist/Excelerate.app/Contents/Resources/lib/python3.11/pandas/tests/io/formats/__pycache__
copying file /Users/calum/Developer/Excelerator/env/lib/python3.11/site-packages/pandas/tests/io/formats/__pycache__/test_ipython_compat.cpython-311.pyc -> /Users/calum/Developer/Excelerator/dist/Excelerate.app/Contents/Resources/lib/python3.11/pandas/tests/io/formats/__pycache__/test_ipython_compat.cpython-311.pyc
copying file /Users/calum/Developer/Excelerator/env/lib/python3.11/site-packages/pandas/tests/io/formats/__pycache__/test_to_latex.cpython-311.pyc -> /Users/calum/Developer/Excelerator/dist/Excelerate.app/Contents/Resources/lib/python3.11/pandas/tests/io/formats/__pycache__/test_to_latex.cpython-311.pyc
copying file /Users/calum/Developer/Excelerator/env/lib/python3.11/site-packages/pandas/tests/io/formats/__pycache__/test_to_string.cpython-311.pyc -> /Users/calum/Developer/Excelerator/dist/Excelerate.app/Contents/Resources/lib/python3.11/pandas/tests/io/formats/__pycache__/test_to_string.cpython-311.pyc
copying file /Users/calum/Developer/Excelerator/env/lib/python3.11/site-packages/pandas/tests/io/formats/__pycache__/test_format.cpython-311.pyc -> /Users/calum/Developer/Excelerator/dist/Excelerate.app/Contents/Resources/lib/python3.11/pandas/tests/io/formats/__pycache__/test_format.cpython-311.pyc
copying file /Users/calum/Developer/Excelerator/env/lib/python3.11/site-packages/pandas/tests/io/formats/__pycache__/test_eng_formatting.cpython-311.pyc -> /Users/calum/Developer/Excelerator/dist/Excelerate.app/Contents/Resources/lib/python3.11/pandas/tests/io/formats/__pycache__/test_eng_formatting.cpython-311.pyc
copying file /Users/calum/Developer/Excelerator/env/lib/python3.11/site-packages/pandas/tests/io/formats/__pycache__/test_console.cpython-311.pyc -> /Users/calum/Developer/Excelerator/dist/Excelerate.app/Contents/Resources/lib/python3.11/pandas/tests/io/formats/__pycache__/test_console.cpython-311.pyc
copying file /Users/calum/Developer/Excelerator/env/lib/python3.11/site-packages/pandas/tests/io/formats/__pycache__/test_css.cpython-311.pyc -> /Users/calum/Developer/Excelerator/dist/Excelerate.app/Contents/Resources/lib/python3.11/pandas/tests/io/formats/__pycache__/test_css.cpython-311.pyc
copying file /Users/calum/Developer/Excelerator/env/lib/python3.11/site-packages/pandas/tests/io/formats/__pycache__/test_printing.cpython-311.pyc -> /Users/calum/Developer/Excelerator/dist/Excelerate.app/Contents/Resources/lib/python3.11/pandas/tests/io/formats/__pycache__/test_printing.cpython-311.pyc
copying file /Users/calum/Developer/Excelerator/env/lib/python3.11/site-packages/pandas/tests/io/formats/__pycache__/test_to_html.cpython-311.pyc -> /Users/calum/Developer/Excelerator/dist/Excelerate.app/Contents/Resources/lib/python3.11/pandas/tests/io/formats/__pycache__/test_to_html.cpython-311.pyc
copying file /Users/calum/Developer/Excelerator/env/lib/python3.11/site-packages/pandas/tests/io/formats/__pycache__/test_to_csv.cpython-311.pyc -> /Users/calum/Developer/Excelerator/dist/Excelerate.app/Contents/Resources/lib/python3.11/pandas/tests/io/formats/__pycache__/test_to_csv.cpython-311.pyc
copying file /Users/calum/Developer/Excelerator/env/lib/python3.11/site-packages/pandas/tests/io/formats/__pycache__/test_to_excel.cpython-311.pyc -> /Users/calum/Developer/Excelerator/dist/Excelerate.app/Contents/Resources/lib/python3.11/pandas/tests/io/formats/__pycache__/test_to_excel.cpython-311.pyc
copying file /Users/calum/Developer/Excelerator/env/lib/python3.11/site-packages/pandas/tests/io/formats/__pycache__/test_to_markdown.cpython-311.pyc -> /Users/calum/Developer/Excelerator/dist/Excelerate.app/Contents/Resources/lib/python3.11/pandas/tests/io/formats/__pycache__/test_to_markdown.cpython-311.pyc
copying file /Users/calum/Developer/Excelerator/env/lib/python3.11/site-packages/pandas/tests/io/formats/__pycache__/__init__.cpython-311.pyc -> /Users/calum/Developer/Excelerator/dist/Excelerate.app/Contents/Resources/lib/python3.11/pandas/tests/io/formats/__pycache__/__init__.cpython-311.pyc
copying file /Users/calum/Developer/Excelerator/env/lib/python3.11/site-packages/pandas/tests/io/formats/test_eng_formatting.py -> /Users/calum/Developer/Excelerator/dist/Excelerate.app/Contents/Resources/lib/python3.11/pandas/tests/io/formats/test_eng_formatting.py
copying file /Users/calum/Developer/Excelerator/env/lib/python3.11/site-packages/pandas/tests/io/formats/test_printing.py -> /Users/calum/Developer/Excelerator/dist/Excelerate.app/Contents/Resources/lib/python3.11/pandas/tests/io/formats/test_printing.py
copying file /Users/calum/Developer/Excelerator/env/lib/python3.11/site-packages/pandas/tests/io/formats/test_css.py -> /Users/calum/Developer/Excelerator/dist/Excelerate.app/Contents/Resources/lib/python3.11/pandas/tests/io/formats/test_css.py
copying file /Users/calum/Developer/Excelerator/env/lib/python3.11/site-packages/pandas/tests/io/formats/test_ipython_compat.py -> /Users/calum/Developer/Excelerator/dist/Excelerate.app/Contents/Resources/lib/python3.11/pandas/tests/io/formats/test_ipython_compat.py
copying file /Users/calum/Developer/Excelerator/env/lib/python3.11/site-packages/pandas/tests/io/formats/test_to_excel.py -> /Users/calum/Developer/Excelerator/dist/Excelerate.app/Contents/Resources/lib/python3.11/pandas/tests/io/formats/test_to_excel.py
copying file /Users/calum/Developer/Excelerator/env/lib/python3.11/site-packages/pandas/tests/io/formats/test_to_markdown.py -> /Users/calum/Developer/Excelerator/dist/Excelerate.app/Contents/Resources/lib/python3.11/pandas/tests/io/formats/test_to_markdown.py
copying file /Users/calum/Developer/Excelerator/env/lib/python3.11/site-packages/pandas/tests/io/formats/test_format.py -> /Users/calum/Developer/Excelerator/dist/Excelerate.app/Contents/Resources/lib/python3.11/pandas/tests/io/formats/test_format.py
copying file /Users/calum/Developer/Excelerator/env/lib/python3.11/site-packages/pandas/tests/io/formats/test_to_csv.py -> /Users/calum/Developer/Excelerator/dist/Excelerate.app/Contents/Resources/lib/python3.11/pandas/tests/io/formats/test_to_csv.py
copying file /Users/calum/Developer/Excelerator/env/lib/python3.11/site-packages/pandas/tests/io/test_pickle.py -> /Users/calum/Developer/Excelerator/dist/Excelerate.app/Contents/Resources/lib/python3.11/pandas/tests/io/test_pickle.py
copying file /Users/calum/Developer/Excelerator/env/lib/python3.11/site-packages/pandas/tests/io/test_orc.py -> /Users/calum/Developer/Excelerator/dist/Excelerate.app/Contents/Resources/lib/python3.11/pandas/tests/io/test_orc.py
creating /Users/calum/Developer/Excelerator/dist/Excelerate.app/Contents/Resources/lib/python3.11/pandas/tests/io/excel
copying file /Users/calum/Developer/Excelerator/env/lib/python3.11/site-packages/pandas/tests/io/excel/test_readers.py -> /Users/calum/Developer/Excelerator/dist/Excelerate.app/Contents/Resources/lib/python3.11/pandas/tests/io/excel/test_readers.py
copying file /Users/calum/Developer/Excelerator/env/lib/python3.11/site-packages/pandas/tests/io/excel/test_odswriter.py -> /Users/calum/Developer/Excelerator/dist/Excelerate.app/Contents/Resources/lib/python3.11/pandas/tests/io/excel/test_odswriter.py
copying file /Users/calum/Developer/Excelerator/env/lib/python3.11/site-packages/pandas/tests/io/excel/test_xlsxwriter.py -> /Users/calum/Developer/Excelerator/dist/Excelerate.app/Contents/Resources/lib/python3.11/pandas/tests/io/excel/test_xlsxwriter.py
copying file /Users/calum/Developer/Excelerator/env/lib/python3.11/site-packages/pandas/tests/io/excel/test_writers.py -> /Users/calum/Developer/Excelerator/dist/Excelerate.app/Contents/Resources/lib/python3.11/pandas/tests/io/excel/test_writers.py
copying file /Users/calum/Developer/Excelerator/env/lib/python3.11/site-packages/pandas/tests/io/excel/test_odf.py -> /Users/calum/Developer/Excelerator/dist/Excelerate.app/Contents/Resources/lib/python3.11/pandas/tests/io/excel/test_odf.py
copying file /Users/calum/Developer/Excelerator/env/lib/python3.11/site-packages/pandas/tests/io/excel/__init__.py -> /Users/calum/Developer/Excelerator/dist/Excelerate.app/Contents/Resources/lib/python3.11/pandas/tests/io/excel/__init__.py
creating /Users/calum/Developer/Excelerator/dist/Excelerate.app/Contents/Resources/lib/python3.11/pandas/tests/io/excel/__pycache__
copying file /Users/calum/Developer/Excelerator/env/lib/python3.11/site-packages/pandas/tests/io/excel/__pycache__/test_xlsxwriter.cpython-311.pyc -> /Users/calum/Developer/Excelerator/dist/Excelerate.app/Contents/Resources/lib/python3.11/pandas/tests/io/excel/__pycache__/test_xlsxwriter.cpython-311.pyc
copying file /Users/calum/Developer/Excelerator/env/lib/python3.11/site-packages/pandas/tests/io/excel/__pycache__/test_odswriter.cpython-311.pyc -> /Users/calum/Developer/Excelerator/dist/Excelerate.app/Contents/Resources/lib/python3.11/pandas/tests/io/excel/__pycache__/test_odswriter.cpython-311.pyc
copying file /Users/calum/Developer/Excelerator/env/lib/python3.11/site-packages/pandas/tests/io/excel/__pycache__/test_xlrd.cpython-311.pyc -> /Users/calum/Developer/Excelerator/dist/Excelerate.app/Contents/Resources/lib/python3.11/pandas/tests/io/excel/__pycache__/test_xlrd.cpython-311.pyc
copying file /Users/calum/Developer/Excelerator/env/lib/python3.11/site-packages/pandas/tests/io/excel/__pycache__/test_readers.cpython-311.pyc -> /Users/calum/Developer/Excelerator/dist/Excelerate.app/Contents/Resources/lib/python3.11/pandas/tests/io/excel/__pycache__/test_readers.cpython-311.pyc
copying file /Users/calum/Developer/Excelerator/env/lib/python3.11/site-packages/pandas/tests/io/excel/__pycache__/test_odf.cpython-311.pyc -> /Users/calum/Developer/Excelerator/dist/Excelerate.app/Contents/Resources/lib/python3.11/pandas/tests/io/excel/__pycache__/test_odf.cpython-311.pyc
copying file /Users/calum/Developer/Excelerator/env/lib/python3.11/site-packages/pandas/tests/io/excel/__pycache__/test_openpyxl.cpython-311.pyc -> /Users/calum/Developer/Excelerator/dist/Excelerate.app/Contents/Resources/lib/python3.11/pandas/tests/io/excel/__pycache__/test_openpyxl.cpython-311.pyc
copying file /Users/calum/Developer/Excelerator/env/lib/python3.11/site-packages/pandas/tests/io/excel/__pycache__/test_writers.cpython-311.pyc -> /Users/calum/Developer/Excelerator/dist/Excelerate.app/Contents/Resources/lib/python3.11/pandas/tests/io/excel/__pycache__/test_writers.cpython-311.pyc
copying file /Users/calum/Developer/Excelerator/env/lib/python3.11/site-packages/pandas/tests/io/excel/__pycache__/test_style.cpython-311.pyc -> /Users/calum/Developer/Excelerator/dist/Excelerate.app/Contents/Resources/lib/python3.11/pandas/tests/io/excel/__pycache__/test_style.cpython-311.pyc
copying file /Users/calum/Developer/Excelerator/env/lib/python3.11/site-packages/pandas/tests/io/excel/__pycache__/__init__.cpython-311.pyc -> /Users/calum/Developer/Excelerator/dist/Excelerate.app/Contents/Resources/lib/python3.11/pandas/tests/io/excel/__pycache__/__init__.cpython-311.pyc
copying file /Users/calum/Developer/Excelerator/env/lib/python3.11/site-packages/pandas/tests/io/excel/test_openpyxl.py -> /Users/calum/Developer/Excelerator/dist/Excelerate.app/Contents/Resources/lib/python3.11/pandas/tests/io/excel/test_openpyxl.py
copying file /Users/calum/Developer/Excelerator/env/lib/python3.11/site-packages/pandas/tests/io/excel/test_xlrd.py -> /Users/calum/Developer/Excelerator/dist/Excelerate.app/Contents/Resources/lib/python3.11/pandas/tests/io/excel/test_xlrd.py
copying file /Users/calum/Developer/Excelerator/env/lib/python3.11/site-packages/pandas/tests/io/excel/test_style.py -> /Users/calum/Developer/Excelerator/dist/Excelerate.app/Contents/Resources/lib/python3.11/pandas/tests/io/excel/test_style.py
copying file /Users/calum/Developer/Excelerator/env/lib/python3.11/site-packages/pandas/tests/io/test_clipboard.py -> /Users/calum/Developer/Excelerator/dist/Excelerate.app/Contents/Resources/lib/python3.11/pandas/tests/io/test_clipboard.py
copying file /Users/calum/Developer/Excelerator/env/lib/python3.11/site-packages/pandas/tests/io/__init__.py -> /Users/calum/Developer/Excelerator/dist/Excelerate.app/Contents/Resources/lib/python3.11/pandas/tests/io/__init__.py
copying file /Users/calum/Developer/Excelerator/env/lib/python3.11/site-packages/pandas/tests/io/test_stata.py -> /Users/calum/Developer/Excelerator/dist/Excelerate.app/Contents/Resources/lib/python3.11/pandas/tests/io/test_stata.py
copying file /Users/calum/Developer/Excelerator/env/lib/python3.11/site-packages/pandas/tests/io/test_html.py -> /Users/calum/Developer/Excelerator/dist/Excelerate.app/Contents/Resources/lib/python3.11/pandas/tests/io/test_html.py
creating /Users/calum/Developer/Excelerator/dist/Excelerate.app/Contents/Resources/lib/python3.11/pandas/tests/io/__pycache__
copying file /Users/calum/Developer/Excelerator/env/lib/python3.11/site-packages/pandas/tests/io/__pycache__/test_orc.cpython-311.pyc -> /Users/calum/Developer/Excelerator/dist/Excelerate.app/Contents/Resources/lib/python3.11/pandas/tests/io/__pycache__/test_orc.cpython-311.pyc
copying file /Users/calum/Developer/Excelerator/env/lib/python3.11/site-packages/pandas/tests/io/__pycache__/test_common.cpython-311.pyc -> /Users/calum/Developer/Excelerator/dist/Excelerate.app/Contents/Resources/lib/python3.11/pandas/tests/io/__pycache__/test_common.cpython-311.pyc
copying file /Users/calum/Developer/Excelerator/env/lib/python3.11/site-packages/pandas/tests/io/__pycache__/test_fsspec.cpython-311.pyc -> /Users/calum/Developer/Excelerator/dist/Excelerate.app/Contents/Resources/lib/python3.11/pandas/tests/io/__pycache__/test_fsspec.cpython-311.pyc
copying file /Users/calum/Developer/Excelerator/env/lib/python3.11/site-packages/pandas/tests/io/__pycache__/test_gcs.cpython-311.pyc -> /Users/calum/Developer/Excelerator/dist/Excelerate.app/Contents/Resources/lib/python3.11/pandas/tests/io/__pycache__/test_gcs.cpython-311.pyc
copying file /Users/calum/Developer/Excelerator/env/lib/python3.11/site-packages/pandas/tests/io/__pycache__/test_compression.cpython-311.pyc -> /Users/calum/Developer/Excelerator/dist/Excelerate.app/Contents/Resources/lib/python3.11/pandas/tests/io/__pycache__/test_compression.cpython-311.pyc
copying file /Users/calum/Developer/Excelerator/env/lib/python3.11/site-packages/pandas/tests/io/__pycache__/test_feather.cpython-311.pyc -> /Users/calum/Developer/Excelerator/dist/Excelerate.app/Contents/Resources/lib/python3.11/pandas/tests/io/__pycache__/test_feather.cpython-311.pyc
copying file /Users/calum/Developer/Excelerator/env/lib/python3.11/site-packages/pandas/tests/io/__pycache__/conftest.cpython-311.pyc -> /Users/calum/Developer/Excelerator/dist/Excelerate.app/Contents/Resources/lib/python3.11/pandas/tests/io/__pycache__/conftest.cpython-311.pyc
copying file /Users/calum/Developer/Excelerator/env/lib/python3.11/site-packages/pandas/tests/io/__pycache__/test_sql.cpython-311.pyc -> /Users/calum/Developer/Excelerator/dist/Excelerate.app/Contents/Resources/lib/python3.11/pandas/tests/io/__pycache__/test_sql.cpython-311.pyc
copying file /Users/calum/Developer/Excelerator/env/lib/python3.11/site-packages/pandas/tests/io/__pycache__/test_stata.cpython-311.pyc -> /Users/calum/Developer/Excelerator/dist/Excelerate.app/Contents/Resources/lib/python3.11/pandas/tests/io/__pycache__/test_stata.cpython-311.pyc
copying file /Users/calum/Developer/Excelerator/env/lib/python3.11/site-packages/pandas/tests/io/__pycache__/test_html.cpython-311.pyc -> /Users/calum/Developer/Excelerator/dist/Excelerate.app/Contents/Resources/lib/python3.11/pandas/tests/io/__pycache__/test_html.cpython-311.pyc
copying file /Users/calum/Developer/Excelerator/env/lib/python3.11/site-packages/pandas/tests/io/__pycache__/test_parquet.cpython-311.pyc -> /Users/calum/Developer/Excelerator/dist/Excelerate.app/Contents/Resources/lib/python3.11/pandas/tests/io/__pycache__/test_parquet.cpython-311.pyc
copying file /Users/calum/Developer/Excelerator/env/lib/python3.11/site-packages/pandas/tests/io/__pycache__/test_http_headers.cpython-311.pyc -> /Users/calum/Developer/Excelerator/dist/Excelerate.app/Contents/Resources/lib/python3.11/pandas/tests/io/__pycache__/test_http_headers.cpython-311.pyc
copying file /Users/calum/Developer/Excelerator/env/lib/python3.11/site-packages/pandas/tests/io/__pycache__/test_s3.cpython-311.pyc -> /Users/calum/Developer/Excelerator/dist/Excelerate.app/Contents/Resources/lib/python3.11/pandas/tests/io/__pycache__/test_s3.cpython-311.pyc
copying file /Users/calum/Developer/Excelerator/env/lib/python3.11/site-packages/pandas/tests/io/__pycache__/test_pickle.cpython-311.pyc -> /Users/calum/Developer/Excelerator/dist/Excelerate.app/Contents/Resources/lib/python3.11/pandas/tests/io/__pycache__/test_pickle.cpython-311.pyc
copying file /Users/calum/Developer/Excelerator/env/lib/python3.11/site-packages/pandas/tests/io/__pycache__/test_clipboard.cpython-311.pyc -> /Users/calum/Developer/Excelerator/dist/Excelerate.app/Contents/Resources/lib/python3.11/pandas/tests/io/__pycache__/test_clipboard.cpython-311.pyc
copying file /Users/calum/Developer/Excelerator/env/lib/python3.11/site-packages/pandas/tests/io/__pycache__/test_gbq.cpython-311.pyc -> /Users/calum/Developer/Excelerator/dist/Excelerate.app/Contents/Resources/lib/python3.11/pandas/tests/io/__pycache__/test_gbq.cpython-311.pyc
copying file /Users/calum/Developer/Excelerator/env/lib/python3.11/site-packages/pandas/tests/io/__pycache__/__init__.cpython-311.pyc -> /Users/calum/Developer/Excelerator/dist/Excelerate.app/Contents/Resources/lib/python3.11/pandas/tests/io/__pycache__/__init__.cpython-311.pyc
copying file /Users/calum/Developer/Excelerator/env/lib/python3.11/site-packages/pandas/tests/io/__pycache__/generate_legacy_storage_files.cpython-311.pyc -> /Users/calum/Developer/Excelerator/dist/Excelerate.app/Contents/Resources/lib/python3.11/pandas/tests/io/__pycache__/generate_legacy_storage_files.cpython-311.pyc
copying file /Users/calum/Developer/Excelerator/env/lib/python3.11/site-packages/pandas/tests/io/__pycache__/test_spss.cpython-311.pyc -> /Users/calum/Developer/Excelerator/dist/Excelerate.app/Contents/Resources/lib/python3.11/pandas/tests/io/__pycache__/test_spss.cpython-311.pyc
creating /Users/calum/Developer/Excelerator/dist/Excelerate.app/Contents/Resources/lib/python3.11/pandas/tests/io/parser
copying file /Users/calum/Developer/Excelerator/env/lib/python3.11/site-packages/pandas/tests/io/parser/test_comment.py -> /Users/calum/Developer/Excelerator/dist/Excelerate.app/Contents/Resources/lib/python3.11/pandas/tests/io/parser/test_comment.py
copying file /Users/calum/Developer/Excelerator/env/lib/python3.11/site-packages/pandas/tests/io/parser/test_multi_thread.py -> /Users/calum/Developer/Excelerator/dist/Excelerate.app/Contents/Resources/lib/python3.11/pandas/tests/io/parser/test_multi_thread.py
copying file /Users/calum/Developer/Excelerator/env/lib/python3.11/site-packages/pandas/tests/io/parser/test_compression.py -> /Users/calum/Developer/Excelerator/dist/Excelerate.app/Contents/Resources/lib/python3.11/pandas/tests/io/parser/test_compression.py
copying file /Users/calum/Developer/Excelerator/env/lib/python3.11/site-packages/pandas/tests/io/parser/conftest.py -> /Users/calum/Developer/Excelerator/dist/Excelerate.app/Contents/Resources/lib/python3.11/pandas/tests/io/parser/conftest.py
copying file /Users/calum/Developer/Excelerator/env/lib/python3.11/site-packages/pandas/tests/io/parser/test_converters.py -> /Users/calum/Developer/Excelerator/dist/Excelerate.app/Contents/Resources/lib/python3.11/pandas/tests/io/parser/test_converters.py
copying file /Users/calum/Developer/Excelerator/env/lib/python3.11/site-packages/pandas/tests/io/parser/test_concatenate_chunks.py -> /Users/calum/Developer/Excelerator/dist/Excelerate.app/Contents/Resources/lib/python3.11/pandas/tests/io/parser/test_concatenate_chunks.py
creating /Users/calum/Developer/Excelerator/dist/Excelerate.app/Contents/Resources/lib/python3.11/pandas/tests/io/parser/usecols
copying file /Users/calum/Developer/Excelerator/env/lib/python3.11/site-packages/pandas/tests/io/parser/usecols/test_usecols_basic.py -> /Users/calum/Developer/Excelerator/dist/Excelerate.app/Contents/Resources/lib/python3.11/pandas/tests/io/parser/usecols/test_usecols_basic.py
copying file /Users/calum/Developer/Excelerator/env/lib/python3.11/site-packages/pandas/tests/io/parser/usecols/test_parse_dates.py -> /Users/calum/Developer/Excelerator/dist/Excelerate.app/Contents/Resources/lib/python3.11/pandas/tests/io/parser/usecols/test_parse_dates.py
copying file /Users/calum/Developer/Excelerator/env/lib/python3.11/site-packages/pandas/tests/io/parser/usecols/__init__.py -> /Users/calum/Developer/Excelerator/dist/Excelerate.app/Contents/Resources/lib/python3.11/pandas/tests/io/parser/usecols/__init__.py
creating /Users/calum/Developer/Excelerator/dist/Excelerate.app/Contents/Resources/lib/python3.11/pandas/tests/io/parser/usecols/__pycache__
copying file /Users/calum/Developer/Excelerator/env/lib/python3.11/site-packages/pandas/tests/io/parser/usecols/__pycache__/test_strings.cpython-311.pyc -> /Users/calum/Developer/Excelerator/dist/Excelerate.app/Contents/Resources/lib/python3.11/pandas/tests/io/parser/usecols/__pycache__/test_strings.cpython-311.pyc
copying file /Users/calum/Developer/Excelerator/env/lib/python3.11/site-packages/pandas/tests/io/parser/usecols/__pycache__/test_parse_dates.cpython-311.pyc -> /Users/calum/Developer/Excelerator/dist/Excelerate.app/Contents/Resources/lib/python3.11/pandas/tests/io/parser/usecols/__pycache__/test_parse_dates.cpython-311.pyc
copying file /Users/calum/Developer/Excelerator/env/lib/python3.11/site-packages/pandas/tests/io/parser/usecols/__pycache__/test_usecols_basic.cpython-311.pyc -> /Users/calum/Developer/Excelerator/dist/Excelerate.app/Contents/Resources/lib/python3.11/pandas/tests/io/parser/usecols/__pycache__/test_usecols_basic.cpython-311.pyc
copying file /Users/calum/Developer/Excelerator/env/lib/python3.11/site-packages/pandas/tests/io/parser/usecols/__pycache__/__init__.cpython-311.pyc -> /Users/calum/Developer/Excelerator/dist/Excelerate.app/Contents/Resources/lib/python3.11/pandas/tests/io/parser/usecols/__pycache__/__init__.cpython-311.pyc
copying file /Users/calum/Developer/Excelerator/env/lib/python3.11/site-packages/pandas/tests/io/parser/usecols/test_strings.py -> /Users/calum/Developer/Excelerator/dist/Excelerate.app/Contents/Resources/lib/python3.11/pandas/tests/io/parser/usecols/test_strings.py
copying file /Users/calum/Developer/Excelerator/env/lib/python3.11/site-packages/pandas/tests/io/parser/test_parse_dates.py -> /Users/calum/Developer/Excelerator/dist/Excelerate.app/Contents/Resources/lib/python3.11/pandas/tests/io/parser/test_parse_dates.py
copying file /Users/calum/Developer/Excelerator/env/lib/python3.11/site-packages/pandas/tests/io/parser/test_c_parser_only.py -> /Users/calum/Developer/Excelerator/dist/Excelerate.app/Contents/Resources/lib/python3.11/pandas/tests/io/parser/test_c_parser_only.py
copying file /Users/calum/Developer/Excelerator/env/lib/python3.11/site-packages/pandas/tests/io/parser/test_dialect.py -> /Users/calum/Developer/Excelerator/dist/Excelerate.app/Contents/Resources/lib/python3.11/pandas/tests/io/parser/test_dialect.py
copying file /Users/calum/Developer/Excelerator/env/lib/python3.11/site-packages/pandas/tests/io/parser/test_skiprows.py -> /Users/calum/Developer/Excelerator/dist/Excelerate.app/Contents/Resources/lib/python3.11/pandas/tests/io/parser/test_skiprows.py
copying file /Users/calum/Developer/Excelerator/env/lib/python3.11/site-packages/pandas/tests/io/parser/test_encoding.py -> /Users/calum/Developer/Excelerator/dist/Excelerate.app/Contents/Resources/lib/python3.11/pandas/tests/io/parser/test_encoding.py
copying file /Users/calum/Developer/Excelerator/env/lib/python3.11/site-packages/pandas/tests/io/parser/__init__.py -> /Users/calum/Developer/Excelerator/dist/Excelerate.app/Contents/Resources/lib/python3.11/pandas/tests/io/parser/__init__.py
copying file /Users/calum/Developer/Excelerator/env/lib/python3.11/site-packages/pandas/tests/io/parser/test_read_fwf.py -> /Users/calum/Developer/Excelerator/dist/Excelerate.app/Contents/Resources/lib/python3.11/pandas/tests/io/parser/test_read_fwf.py
copying file /Users/calum/Developer/Excelerator/env/lib/python3.11/site-packages/pandas/tests/io/parser/test_upcast.py -> /Users/calum/Developer/Excelerator/dist/Excelerate.app/Contents/Resources/lib/python3.11/pandas/tests/io/parser/test_upcast.py
creating /Users/calum/Developer/Excelerator/dist/Excelerate.app/Contents/Resources/lib/python3.11/pandas/tests/io/parser/__pycache__
copying file /Users/calum/Developer/Excelerator/env/lib/python3.11/site-packages/pandas/tests/io/parser/__pycache__/test_header.cpython-311.pyc -> /Users/calum/Developer/Excelerator/dist/Excelerate.app/Contents/Resources/lib/python3.11/pandas/tests/io/parser/__pycache__/test_header.cpython-311.pyc
copying file /Users/calum/Developer/Excelerator/env/lib/python3.11/site-packages/pandas/tests/io/parser/__pycache__/test_textreader.cpython-311.pyc -> /Users/calum/Developer/Excelerator/dist/Excelerate.app/Contents/Resources/lib/python3.11/pandas/tests/io/parser/__pycache__/test_textreader.cpython-311.pyc
copying file /Users/calum/Developer/Excelerator/env/lib/python3.11/site-packages/pandas/tests/io/parser/__pycache__/test_index_col.cpython-311.pyc -> /Users/calum/Developer/Excelerator/dist/Excelerate.app/Contents/Resources/lib/python3.11/pandas/tests/io/parser/__pycache__/test_index_col.cpython-311.pyc
copying file /Users/calum/Developer/Excelerator/env/lib/python3.11/site-packages/pandas/tests/io/parser/__pycache__/test_read_fwf.cpython-311.pyc -> /Users/calum/Developer/Excelerator/dist/Excelerate.app/Contents/Resources/lib/python3.11/pandas/tests/io/parser/__pycache__/test_read_fwf.cpython-311.pyc
copying file /Users/calum/Developer/Excelerator/env/lib/python3.11/site-packages/pandas/tests/io/parser/__pycache__/test_python_parser_only.cpython-311.pyc -> /Users/calum/Developer/Excelerator/dist/Excelerate.app/Contents/Resources/lib/python3.11/pandas/tests/io/parser/__pycache__/test_python_parser_only.cpython-311.pyc
copying file /Users/calum/Developer/Excelerator/env/lib/python3.11/site-packages/pandas/tests/io/parser/__pycache__/test_quoting.cpython-311.pyc -> /Users/calum/Developer/Excelerator/dist/Excelerate.app/Contents/Resources/lib/python3.11/pandas/tests/io/parser/__pycache__/test_quoting.cpython-311.pyc
copying file /Users/calum/Developer/Excelerator/env/lib/python3.11/site-packages/pandas/tests/io/parser/__pycache__/test_unsupported.cpython-311.pyc -> /Users/calum/Developer/Excelerator/dist/Excelerate.app/Contents/Resources/lib/python3.11/pandas/tests/io/parser/__pycache__/test_unsupported.cpython-311.pyc
copying file /Users/calum/Developer/Excelerator/env/lib/python3.11/site-packages/pandas/tests/io/parser/__pycache__/test_network.cpython-311.pyc -> /Users/calum/Developer/Excelerator/dist/Excelerate.app/Contents/Resources/lib/python3.11/pandas/tests/io/parser/__pycache__/test_network.cpython-311.pyc
copying file /Users/calum/Developer/Excelerator/env/lib/python3.11/site-packages/pandas/tests/io/parser/__pycache__/test_dialect.cpython-311.pyc -> /Users/calum/Developer/Excelerator/dist/Excelerate.app/Contents/Resources/lib/python3.11/pandas/tests/io/parser/__pycache__/test_dialect.cpython-311.pyc
copying file /Users/calum/Developer/Excelerator/env/lib/python3.11/site-packages/pandas/tests/io/parser/__pycache__/test_mangle_dupes.cpython-311.pyc -> /Users/calum/Developer/Excelerator/dist/Excelerate.app/Contents/Resources/lib/python3.11/pandas/tests/io/parser/__pycache__/test_mangle_dupes.cpython-311.pyc
copying file /Users/calum/Developer/Excelerator/env/lib/python3.11/site-packages/pandas/tests/io/parser/__pycache__/test_compression.cpython-311.pyc -> /Users/calum/Developer/Excelerator/dist/Excelerate.app/Contents/Resources/lib/python3.11/pandas/tests/io/parser/__pycache__/test_compression.cpython-311.pyc
copying file /Users/calum/Developer/Excelerator/env/lib/python3.11/site-packages/pandas/tests/io/parser/__pycache__/test_comment.cpython-311.pyc -> /Users/calum/Developer/Excelerator/dist/Excelerate.app/Contents/Resources/lib/python3.11/pandas/tests/io/parser/__pycache__/test_comment.cpython-311.pyc
copying file /Users/calum/Developer/Excelerator/env/lib/python3.11/site-packages/pandas/tests/io/parser/__pycache__/test_converters.cpython-311.pyc -> /Users/calum/Developer/Excelerator/dist/Excelerate.app/Contents/Resources/lib/python3.11/pandas/tests/io/parser/__pycache__/test_converters.cpython-311.pyc
copying file /Users/calum/Developer/Excelerator/env/lib/python3.11/site-packages/pandas/tests/io/parser/__pycache__/conftest.cpython-311.pyc -> /Users/calum/Developer/Excelerator/dist/Excelerate.app/Contents/Resources/lib/python3.11/pandas/tests/io/parser/__pycache__/conftest.cpython-311.pyc
copying file /Users/calum/Developer/Excelerator/env/lib/python3.11/site-packages/pandas/tests/io/parser/__pycache__/test_multi_thread.cpython-311.pyc -> /Users/calum/Developer/Excelerator/dist/Excelerate.app/Contents/Resources/lib/python3.11/pandas/tests/io/parser/__pycache__/test_multi_thread.cpython-311.pyc
copying file /Users/calum/Developer/Excelerator/env/lib/python3.11/site-packages/pandas/tests/io/parser/__pycache__/test_na_values.cpython-311.pyc -> /Users/calum/Developer/Excelerator/dist/Excelerate.app/Contents/Resources/lib/python3.11/pandas/tests/io/parser/__pycache__/test_na_values.cpython-311.pyc
copying file /Users/calum/Developer/Excelerator/env/lib/python3.11/site-packages/pandas/tests/io/parser/__pycache__/test_concatenate_chunks.cpython-311.pyc -> /Users/calum/Developer/Excelerator/dist/Excelerate.app/Contents/Resources/lib/python3.11/pandas/tests/io/parser/__pycache__/test_concatenate_chunks.cpython-311.pyc
copying file /Users/calum/Developer/Excelerator/env/lib/python3.11/site-packages/pandas/tests/io/parser/__pycache__/test_c_parser_only.cpython-311.pyc -> /Users/calum/Developer/Excelerator/dist/Excelerate.app/Contents/Resources/lib/python3.11/pandas/tests/io/parser/__pycache__/test_c_parser_only.cpython-311.pyc
copying file /Users/calum/Developer/Excelerator/env/lib/python3.11/site-packages/pandas/tests/io/parser/__pycache__/test_parse_dates.cpython-311.pyc -> /Users/calum/Developer/Excelerator/dist/Excelerate.app/Contents/Resources/lib/python3.11/pandas/tests/io/parser/__pycache__/test_parse_dates.cpython-311.pyc
copying file /Users/calum/Developer/Excelerator/env/lib/python3.11/site-packages/pandas/tests/io/parser/__pycache__/test_encoding.cpython-311.pyc -> /Users/calum/Developer/Excelerator/dist/Excelerate.app/Contents/Resources/lib/python3.11/pandas/tests/io/parser/__pycache__/test_encoding.cpython-311.pyc
copying file /Users/calum/Developer/Excelerator/env/lib/python3.11/site-packages/pandas/tests/io/parser/__pycache__/test_upcast.cpython-311.pyc -> /Users/calum/Developer/Excelerator/dist/Excelerate.app/Contents/Resources/lib/python3.11/pandas/tests/io/parser/__pycache__/test_upcast.cpython-311.pyc
copying file /Users/calum/Developer/Excelerator/env/lib/python3.11/site-packages/pandas/tests/io/parser/__pycache__/test_skiprows.cpython-311.pyc -> /Users/calum/Developer/Excelerator/dist/Excelerate.app/Contents/Resources/lib/python3.11/pandas/tests/io/parser/__pycache__/test_skiprows.cpython-311.pyc
copying file /Users/calum/Developer/Excelerator/env/lib/python3.11/site-packages/pandas/tests/io/parser/__pycache__/__init__.cpython-311.pyc -> /Users/calum/Developer/Excelerator/dist/Excelerate.app/Contents/Resources/lib/python3.11/pandas/tests/io/parser/__pycache__/__init__.cpython-311.pyc
copying file /Users/calum/Developer/Excelerator/env/lib/python3.11/site-packages/pandas/tests/io/parser/test_unsupported.py -> /Users/calum/Developer/Excelerator/dist/Excelerate.app/Contents/Resources/lib/python3.11/pandas/tests/io/parser/test_unsupported.py
copying file /Users/calum/Developer/Excelerator/env/lib/python3.11/site-packages/pandas/tests/io/parser/test_mangle_dupes.py -> /Users/calum/Developer/Excelerator/dist/Excelerate.app/Contents/Resources/lib/python3.11/pandas/tests/io/parser/test_mangle_dupes.py
creating /Users/calum/Developer/Excelerator/dist/Excelerate.app/Contents/Resources/lib/python3.11/pandas/tests/io/parser/dtypes
copying file /Users/calum/Developer/Excelerator/env/lib/python3.11/site-packages/pandas/tests/io/parser/dtypes/test_dtypes_basic.py -> /Users/calum/Developer/Excelerator/dist/Excelerate.app/Contents/Resources/lib/python3.11/pandas/tests/io/parser/dtypes/test_dtypes_basic.py
copying file /Users/calum/Developer/Excelerator/env/lib/python3.11/site-packages/pandas/tests/io/parser/dtypes/test_categorical.py -> /Users/calum/Developer/Excelerator/dist/Excelerate.app/Contents/Resources/lib/python3.11/pandas/tests/io/parser/dtypes/test_categorical.py
copying file /Users/calum/Developer/Excelerator/env/lib/python3.11/site-packages/pandas/tests/io/parser/dtypes/__init__.py -> /Users/calum/Developer/Excelerator/dist/Excelerate.app/Contents/Resources/lib/python3.11/pandas/tests/io/parser/dtypes/__init__.py
creating /Users/calum/Developer/Excelerator/dist/Excelerate.app/Contents/Resources/lib/python3.11/pandas/tests/io/parser/dtypes/__pycache__
copying file /Users/calum/Developer/Excelerator/env/lib/python3.11/site-packages/pandas/tests/io/parser/dtypes/__pycache__/test_categorical.cpython-311.pyc -> /Users/calum/Developer/Excelerator/dist/Excelerate.app/Contents/Resources/lib/python3.11/pandas/tests/io/parser/dtypes/__pycache__/test_categorical.cpython-311.pyc
copying file /Users/calum/Developer/Excelerator/env/lib/python3.11/site-packages/pandas/tests/io/parser/dtypes/__pycache__/test_dtypes_basic.cpython-311.pyc -> /Users/calum/Developer/Excelerator/dist/Excelerate.app/Contents/Resources/lib/python3.11/pandas/tests/io/parser/dtypes/__pycache__/test_dtypes_basic.cpython-311.pyc
copying file /Users/calum/Developer/Excelerator/env/lib/python3.11/site-packages/pandas/tests/io/parser/dtypes/__pycache__/test_empty.cpython-311.pyc -> /Users/calum/Developer/Excelerator/dist/Excelerate.app/Contents/Resources/lib/python3.11/pandas/tests/io/parser/dtypes/__pycache__/test_empty.cpython-311.pyc
copying file /Users/calum/Developer/Excelerator/env/lib/python3.11/site-packages/pandas/tests/io/parser/dtypes/__pycache__/__init__.cpython-311.pyc -> /Users/calum/Developer/Excelerator/dist/Excelerate.app/Contents/Resources/lib/python3.11/pandas/tests/io/parser/dtypes/__pycache__/__init__.cpython-311.pyc
copying file /Users/calum/Developer/Excelerator/env/lib/python3.11/site-packages/pandas/tests/io/parser/dtypes/test_empty.py -> /Users/calum/Developer/Excelerator/dist/Excelerate.app/Contents/Resources/lib/python3.11/pandas/tests/io/parser/dtypes/test_empty.py
copying file /Users/calum/Developer/Excelerator/env/lib/python3.11/site-packages/pandas/tests/io/parser/test_python_parser_only.py -> /Users/calum/Developer/Excelerator/dist/Excelerate.app/Contents/Resources/lib/python3.11/pandas/tests/io/parser/test_python_parser_only.py
copying file /Users/calum/Developer/Excelerator/env/lib/python3.11/site-packages/pandas/tests/io/parser/test_textreader.py -> /Users/calum/Developer/Excelerator/dist/Excelerate.app/Contents/Resources/lib/python3.11/pandas/tests/io/parser/test_textreader.py
creating /Users/calum/Developer/Excelerator/dist/Excelerate.app/Contents/Resources/lib/python3.11/pandas/tests/io/parser/common
copying file /Users/calum/Developer/Excelerator/env/lib/python3.11/site-packages/pandas/tests/io/parser/common/test_common_basic.py -> /Users/calum/Developer/Excelerator/dist/Excelerate.app/Contents/Resources/lib/python3.11/pandas/tests/io/parser/common/test_common_basic.py
copying file /Users/calum/Developer/Excelerator/env/lib/python3.11/site-packages/pandas/tests/io/parser/common/test_verbose.py -> /Users/calum/Developer/Excelerator/dist/Excelerate.app/Contents/Resources/lib/python3.11/pandas/tests/io/parser/common/test_verbose.py
copying file /Users/calum/Developer/Excelerator/env/lib/python3.11/site-packages/pandas/tests/io/parser/common/test_decimal.py -> /Users/calum/Developer/Excelerator/dist/Excelerate.app/Contents/Resources/lib/python3.11/pandas/tests/io/parser/common/test_decimal.py
copying file /Users/calum/Developer/Excelerator/env/lib/python3.11/site-packages/pandas/tests/io/parser/common/__init__.py -> /Users/calum/Developer/Excelerator/dist/Excelerate.app/Contents/Resources/lib/python3.11/pandas/tests/io/parser/common/__init__.py
creating /Users/calum/Developer/Excelerator/dist/Excelerate.app/Contents/Resources/lib/python3.11/pandas/tests/io/parser/common/__pycache__
copying file /Users/calum/Developer/Excelerator/env/lib/python3.11/site-packages/pandas/tests/io/parser/common/__pycache__/test_ints.cpython-311.pyc -> /Users/calum/Developer/Excelerator/dist/Excelerate.app/Contents/Resources/lib/python3.11/pandas/tests/io/parser/common/__pycache__/test_ints.cpython-311.pyc
copying file /Users/calum/Developer/Excelerator/env/lib/python3.11/site-packages/pandas/tests/io/parser/common/__pycache__/test_index.cpython-311.pyc -> /Users/calum/Developer/Excelerator/dist/Excelerate.app/Contents/Resources/lib/python3.11/pandas/tests/io/parser/common/__pycache__/test_index.cpython-311.pyc
copying file /Users/calum/Developer/Excelerator/env/lib/python3.11/site-packages/pandas/tests/io/parser/common/__pycache__/test_verbose.cpython-311.pyc -> /Users/calum/Developer/Excelerator/dist/Excelerate.app/Contents/Resources/lib/python3.11/pandas/tests/io/parser/common/__pycache__/test_verbose.cpython-311.pyc
copying file /Users/calum/Developer/Excelerator/env/lib/python3.11/site-packages/pandas/tests/io/parser/common/__pycache__/test_inf.cpython-311.pyc -> /Users/calum/Developer/Excelerator/dist/Excelerate.app/Contents/Resources/lib/python3.11/pandas/tests/io/parser/common/__pycache__/test_inf.cpython-311.pyc
copying file /Users/calum/Developer/Excelerator/env/lib/python3.11/site-packages/pandas/tests/io/parser/common/__pycache__/test_chunksize.cpython-311.pyc -> /Users/calum/Developer/Excelerator/dist/Excelerate.app/Contents/Resources/lib/python3.11/pandas/tests/io/parser/common/__pycache__/test_chunksize.cpython-311.pyc
copying file /Users/calum/Developer/Excelerator/env/lib/python3.11/site-packages/pandas/tests/io/parser/common/__pycache__/test_decimal.cpython-311.pyc -> /Users/calum/Developer/Excelerator/dist/Excelerate.app/Contents/Resources/lib/python3.11/pandas/tests/io/parser/common/__pycache__/test_decimal.cpython-311.pyc
copying file /Users/calum/Developer/Excelerator/env/lib/python3.11/site-packages/pandas/tests/io/parser/common/__pycache__/test_data_list.cpython-311.pyc -> /Users/calum/Developer/Excelerator/dist/Excelerate.app/Contents/Resources/lib/python3.11/pandas/tests/io/parser/common/__pycache__/test_data_list.cpython-311.pyc
copying file /Users/calum/Developer/Excelerator/env/lib/python3.11/site-packages/pandas/tests/io/parser/common/__pycache__/test_float.cpython-311.pyc -> /Users/calum/Developer/Excelerator/dist/Excelerate.app/Contents/Resources/lib/python3.11/pandas/tests/io/parser/common/__pycache__/test_float.cpython-311.pyc
copying file /Users/calum/Developer/Excelerator/env/lib/python3.11/site-packages/pandas/tests/io/parser/common/__pycache__/test_common_basic.cpython-311.pyc -> /Users/calum/Developer/Excelerator/dist/Excelerate.app/Contents/Resources/lib/python3.11/pandas/tests/io/parser/common/__pycache__/test_common_basic.cpython-311.pyc
copying file /Users/calum/Developer/Excelerator/env/lib/python3.11/site-packages/pandas/tests/io/parser/common/__pycache__/test_iterator.cpython-311.pyc -> /Users/calum/Developer/Excelerator/dist/Excelerate.app/Contents/Resources/lib/python3.11/pandas/tests/io/parser/common/__pycache__/test_iterator.cpython-311.pyc
copying file /Users/calum/Developer/Excelerator/env/lib/python3.11/site-packages/pandas/tests/io/parser/common/__pycache__/test_file_buffer_url.cpython-311.pyc -> /Users/calum/Developer/Excelerator/dist/Excelerate.app/Contents/Resources/lib/python3.11/pandas/tests/io/parser/common/__pycache__/test_file_buffer_url.cpython-311.pyc
copying file /Users/calum/Developer/Excelerator/env/lib/python3.11/site-packages/pandas/tests/io/parser/common/__pycache__/test_read_errors.cpython-311.pyc -> /Users/calum/Developer/Excelerator/dist/Excelerate.app/Contents/Resources/lib/python3.11/pandas/tests/io/parser/common/__pycache__/test_read_errors.cpython-311.pyc
copying file /Users/calum/Developer/Excelerator/env/lib/python3.11/site-packages/pandas/tests/io/parser/common/__pycache__/__init__.cpython-311.pyc -> /Users/calum/Developer/Excelerator/dist/Excelerate.app/Contents/Resources/lib/python3.11/pandas/tests/io/parser/common/__pycache__/__init__.cpython-311.pyc
copying file /Users/calum/Developer/Excelerator/env/lib/python3.11/site-packages/pandas/tests/io/parser/common/test_read_errors.py -> /Users/calum/Developer/Excelerator/dist/Excelerate.app/Contents/Resources/lib/python3.11/pandas/tests/io/parser/common/test_read_errors.py
copying file /Users/calum/Developer/Excelerator/env/lib/python3.11/site-packages/pandas/tests/io/parser/common/test_data_list.py -> /Users/calum/Developer/Excelerator/dist/Excelerate.app/Contents/Resources/lib/python3.11/pandas/tests/io/parser/common/test_data_list.py
copying file /Users/calum/Developer/Excelerator/env/lib/python3.11/site-packages/pandas/tests/io/parser/common/test_index.py -> /Users/calum/Developer/Excelerator/dist/Excelerate.app/Contents/Resources/lib/python3.11/pandas/tests/io/parser/common/test_index.py
copying file /Users/calum/Developer/Excelerator/env/lib/python3.11/site-packages/pandas/tests/io/parser/common/test_ints.py -> /Users/calum/Developer/Excelerator/dist/Excelerate.app/Contents/Resources/lib/python3.11/pandas/tests/io/parser/common/test_ints.py
copying file /Users/calum/Developer/Excelerator/env/lib/python3.11/site-packages/pandas/tests/io/parser/common/test_float.py -> /Users/calum/Developer/Excelerator/dist/Excelerate.app/Contents/Resources/lib/python3.11/pandas/tests/io/parser/common/test_float.py
copying file /Users/calum/Developer/Excelerator/env/lib/python3.11/site-packages/pandas/tests/io/parser/common/test_chunksize.py -> /Users/calum/Developer/Excelerator/dist/Excelerate.app/Contents/Resources/lib/python3.11/pandas/tests/io/parser/common/test_chunksize.py
copying file /Users/calum/Developer/Excelerator/env/lib/python3.11/site-packages/pandas/tests/io/parser/common/test_iterator.py -> /Users/calum/Developer/Excelerator/dist/Excelerate.app/Contents/Resources/lib/python3.11/pandas/tests/io/parser/common/test_iterator.py
copying file /Users/calum/Developer/Excelerator/env/lib/python3.11/site-packages/pandas/tests/io/parser/common/test_file_buffer_url.py -> /Users/calum/Developer/Excelerator/dist/Excelerate.app/Contents/Resources/lib/python3.11/pandas/tests/io/parser/common/test_file_buffer_url.py
copying file /Users/calum/Developer/Excelerator/env/lib/python3.11/site-packages/pandas/tests/io/parser/common/test_inf.py -> /Users/calum/Developer/Excelerator/dist/Excelerate.app/Contents/Resources/lib/python3.11/pandas/tests/io/parser/common/test_inf.py
copying file /Users/calum/Developer/Excelerator/env/lib/python3.11/site-packages/pandas/tests/io/parser/test_network.py -> /Users/calum/Developer/Excelerator/dist/Excelerate.app/Contents/Resources/lib/python3.11/pandas/tests/io/parser/test_network.py
copying file /Users/calum/Developer/Excelerator/env/lib/python3.11/site-packages/pandas/tests/io/parser/test_na_values.py -> /Users/calum/Developer/Excelerator/dist/Excelerate.app/Contents/Resources/lib/python3.11/pandas/tests/io/parser/test_na_values.py
copying file /Users/calum/Developer/Excelerator/env/lib/python3.11/site-packages/pandas/tests/io/parser/test_quoting.py -> /Users/calum/Developer/Excelerator/dist/Excelerate.app/Contents/Resources/lib/python3.11/pandas/tests/io/parser/test_quoting.py
copying file /Users/calum/Developer/Excelerator/env/lib/python3.11/site-packages/pandas/tests/io/parser/test_header.py -> /Users/calum/Developer/Excelerator/dist/Excelerate.app/Contents/Resources/lib/python3.11/pandas/tests/io/parser/test_header.py
copying file /Users/calum/Developer/Excelerator/env/lib/python3.11/site-packages/pandas/tests/io/parser/test_index_col.py -> /Users/calum/Developer/Excelerator/dist/Excelerate.app/Contents/Resources/lib/python3.11/pandas/tests/io/parser/test_index_col.py
copying file /Users/calum/Developer/Excelerator/env/lib/python3.11/site-packages/pandas/tests/io/test_gcs.py -> /Users/calum/Developer/Excelerator/dist/Excelerate.app/Contents/Resources/lib/python3.11/pandas/tests/io/test_gcs.py
creating /Users/calum/Developer/Excelerator/dist/Excelerate.app/Contents/Resources/lib/python3.11/pandas/tests/io/xml
copying file /Users/calum/Developer/Excelerator/env/lib/python3.11/site-packages/pandas/tests/io/xml/conftest.py -> /Users/calum/Developer/Excelerator/dist/Excelerate.app/Contents/Resources/lib/python3.11/pandas/tests/io/xml/conftest.py
copying file /Users/calum/Developer/Excelerator/env/lib/python3.11/site-packages/pandas/tests/io/xml/test_xml.py -> /Users/calum/Developer/Excelerator/dist/Excelerate.app/Contents/Resources/lib/python3.11/pandas/tests/io/xml/test_xml.py
copying file /Users/calum/Developer/Excelerator/env/lib/python3.11/site-packages/pandas/tests/io/xml/test_to_xml.py -> /Users/calum/Developer/Excelerator/dist/Excelerate.app/Contents/Resources/lib/python3.11/pandas/tests/io/xml/test_to_xml.py
copying file /Users/calum/Developer/Excelerator/env/lib/python3.11/site-packages/pandas/tests/io/xml/__init__.py -> /Users/calum/Developer/Excelerator/dist/Excelerate.app/Contents/Resources/lib/python3.11/pandas/tests/io/xml/__init__.py
creating /Users/calum/Developer/Excelerator/dist/Excelerate.app/Contents/Resources/lib/python3.11/pandas/tests/io/xml/__pycache__
copying file /Users/calum/Developer/Excelerator/env/lib/python3.11/site-packages/pandas/tests/io/xml/__pycache__/conftest.cpython-311.pyc -> /Users/calum/Developer/Excelerator/dist/Excelerate.app/Contents/Resources/lib/python3.11/pandas/tests/io/xml/__pycache__/conftest.cpython-311.pyc
copying file /Users/calum/Developer/Excelerator/env/lib/python3.11/site-packages/pandas/tests/io/xml/__pycache__/test_xml_dtypes.cpython-311.pyc -> /Users/calum/Developer/Excelerator/dist/Excelerate.app/Contents/Resources/lib/python3.11/pandas/tests/io/xml/__pycache__/test_xml_dtypes.cpython-311.pyc
copying file /Users/calum/Developer/Excelerator/env/lib/python3.11/site-packages/pandas/tests/io/xml/__pycache__/__init__.cpython-311.pyc -> /Users/calum/Developer/Excelerator/dist/Excelerate.app/Contents/Resources/lib/python3.11/pandas/tests/io/xml/__pycache__/__init__.cpython-311.pyc
copying file /Users/calum/Developer/Excelerator/env/lib/python3.11/site-packages/pandas/tests/io/xml/__pycache__/test_to_xml.cpython-311.pyc -> /Users/calum/Developer/Excelerator/dist/Excelerate.app/Contents/Resources/lib/python3.11/pandas/tests/io/xml/__pycache__/test_to_xml.cpython-311.pyc
copying file /Users/calum/Developer/Excelerator/env/lib/python3.11/site-packages/pandas/tests/io/xml/__pycache__/test_xml.cpython-311.pyc -> /Users/calum/Developer/Excelerator/dist/Excelerate.app/Contents/Resources/lib/python3.11/pandas/tests/io/xml/__pycache__/test_xml.cpython-311.pyc
copying file /Users/calum/Developer/Excelerator/env/lib/python3.11/site-packages/pandas/tests/io/xml/test_xml_dtypes.py -> /Users/calum/Developer/Excelerator/dist/Excelerate.app/Contents/Resources/lib/python3.11/pandas/tests/io/xml/test_xml_dtypes.py
copying file /Users/calum/Developer/Excelerator/env/lib/python3.11/site-packages/pandas/tests/io/test_sql.py -> /Users/calum/Developer/Excelerator/dist/Excelerate.app/Contents/Resources/lib/python3.11/pandas/tests/io/test_sql.py
creating /Users/calum/Developer/Excelerator/dist/Excelerate.app/Contents/Resources/lib/python3.11/pandas/tests/io/json
copying file /Users/calum/Developer/Excelerator/env/lib/python3.11/site-packages/pandas/tests/io/json/test_compression.py -> /Users/calum/Developer/Excelerator/dist/Excelerate.app/Contents/Resources/lib/python3.11/pandas/tests/io/json/test_compression.py
copying file /Users/calum/Developer/Excelerator/env/lib/python3.11/site-packages/pandas/tests/io/json/conftest.py -> /Users/calum/Developer/Excelerator/dist/Excelerate.app/Contents/Resources/lib/python3.11/pandas/tests/io/json/conftest.py
copying file /Users/calum/Developer/Excelerator/env/lib/python3.11/site-packages/pandas/tests/io/json/test_deprecated_kwargs.py -> /Users/calum/Developer/Excelerator/dist/Excelerate.app/Contents/Resources/lib/python3.11/pandas/tests/io/json/test_deprecated_kwargs.py
copying file /Users/calum/Developer/Excelerator/env/lib/python3.11/site-packages/pandas/tests/io/json/test_json_table_schema.py -> /Users/calum/Developer/Excelerator/dist/Excelerate.app/Contents/Resources/lib/python3.11/pandas/tests/io/json/test_json_table_schema.py
copying file /Users/calum/Developer/Excelerator/env/lib/python3.11/site-packages/pandas/tests/io/json/__init__.py -> /Users/calum/Developer/Excelerator/dist/Excelerate.app/Contents/Resources/lib/python3.11/pandas/tests/io/json/__init__.py
creating /Users/calum/Developer/Excelerator/dist/Excelerate.app/Contents/Resources/lib/python3.11/pandas/tests/io/json/__pycache__
copying file /Users/calum/Developer/Excelerator/env/lib/python3.11/site-packages/pandas/tests/io/json/__pycache__/test_json_table_schema_ext_dtype.cpython-311.pyc -> /Users/calum/Developer/Excelerator/dist/Excelerate.app/Contents/Resources/lib/python3.11/pandas/tests/io/json/__pycache__/test_json_table_schema_ext_dtype.cpython-311.pyc
copying file /Users/calum/Developer/Excelerator/env/lib/python3.11/site-packages/pandas/tests/io/json/__pycache__/test_readlines.cpython-311.pyc -> /Users/calum/Developer/Excelerator/dist/Excelerate.app/Contents/Resources/lib/python3.11/pandas/tests/io/json/__pycache__/test_readlines.cpython-311.pyc
copying file /Users/calum/Developer/Excelerator/env/lib/python3.11/site-packages/pandas/tests/io/json/__pycache__/test_json_table_schema.cpython-311.pyc -> /Users/calum/Developer/Excelerator/dist/Excelerate.app/Contents/Resources/lib/python3.11/pandas/tests/io/json/__pycache__/test_json_table_schema.cpython-311.pyc
copying file /Users/calum/Developer/Excelerator/env/lib/python3.11/site-packages/pandas/tests/io/json/__pycache__/test_pandas.cpython-311.pyc -> /Users/calum/Developer/Excelerator/dist/Excelerate.app/Contents/Resources/lib/python3.11/pandas/tests/io/json/__pycache__/test_pandas.cpython-311.pyc
copying file /Users/calum/Developer/Excelerator/env/lib/python3.11/site-packages/pandas/tests/io/json/__pycache__/test_compression.cpython-311.pyc -> /Users/calum/Developer/Excelerator/dist/Excelerate.app/Contents/Resources/lib/python3.11/pandas/tests/io/json/__pycache__/test_compression.cpython-311.pyc
copying file /Users/calum/Developer/Excelerator/env/lib/python3.11/site-packages/pandas/tests/io/json/__pycache__/conftest.cpython-311.pyc -> /Users/calum/Developer/Excelerator/dist/Excelerate.app/Contents/Resources/lib/python3.11/pandas/tests/io/json/__pycache__/conftest.cpython-311.pyc
copying file /Users/calum/Developer/Excelerator/env/lib/python3.11/site-packages/pandas/tests/io/json/__pycache__/test_normalize.cpython-311.pyc -> /Users/calum/Developer/Excelerator/dist/Excelerate.app/Contents/Resources/lib/python3.11/pandas/tests/io/json/__pycache__/test_normalize.cpython-311.pyc
copying file /Users/calum/Developer/Excelerator/env/lib/python3.11/site-packages/pandas/tests/io/json/__pycache__/test_deprecated_kwargs.cpython-311.pyc -> /Users/calum/Developer/Excelerator/dist/Excelerate.app/Contents/Resources/lib/python3.11/pandas/tests/io/json/__pycache__/test_deprecated_kwargs.cpython-311.pyc
copying file /Users/calum/Developer/Excelerator/env/lib/python3.11/site-packages/pandas/tests/io/json/__pycache__/test_ujson.cpython-311.pyc -> /Users/calum/Developer/Excelerator/dist/Excelerate.app/Contents/Resources/lib/python3.11/pandas/tests/io/json/__pycache__/test_ujson.cpython-311.pyc
copying file /Users/calum/Developer/Excelerator/env/lib/python3.11/site-packages/pandas/tests/io/json/__pycache__/__init__.cpython-311.pyc -> /Users/calum/Developer/Excelerator/dist/Excelerate.app/Contents/Resources/lib/python3.11/pandas/tests/io/json/__pycache__/__init__.cpython-311.pyc
copying file /Users/calum/Developer/Excelerator/env/lib/python3.11/site-packages/pandas/tests/io/json/test_json_table_schema_ext_dtype.py -> /Users/calum/Developer/Excelerator/dist/Excelerate.app/Contents/Resources/lib/python3.11/pandas/tests/io/json/test_json_table_schema_ext_dtype.py
copying file /Users/calum/Developer/Excelerator/env/lib/python3.11/site-packages/pandas/tests/io/json/test_readlines.py -> /Users/calum/Developer/Excelerator/dist/Excelerate.app/Contents/Resources/lib/python3.11/pandas/tests/io/json/test_readlines.py
copying file /Users/calum/Developer/Excelerator/env/lib/python3.11/site-packages/pandas/tests/io/json/test_ujson.py -> /Users/calum/Developer/Excelerator/dist/Excelerate.app/Contents/Resources/lib/python3.11/pandas/tests/io/json/test_ujson.py
copying file /Users/calum/Developer/Excelerator/env/lib/python3.11/site-packages/pandas/tests/io/json/test_pandas.py -> /Users/calum/Developer/Excelerator/dist/Excelerate.app/Contents/Resources/lib/python3.11/pandas/tests/io/json/test_pandas.py
copying file /Users/calum/Developer/Excelerator/env/lib/python3.11/site-packages/pandas/tests/io/json/test_normalize.py -> /Users/calum/Developer/Excelerator/dist/Excelerate.app/Contents/Resources/lib/python3.11/pandas/tests/io/json/test_normalize.py
copying file /Users/calum/Developer/Excelerator/env/lib/python3.11/site-packages/pandas/tests/io/test_gbq.py -> /Users/calum/Developer/Excelerator/dist/Excelerate.app/Contents/Resources/lib/python3.11/pandas/tests/io/test_gbq.py
copying file /Users/calum/Developer/Excelerator/env/lib/python3.11/site-packages/pandas/tests/io/test_http_headers.py -> /Users/calum/Developer/Excelerator/dist/Excelerate.app/Contents/Resources/lib/python3.11/pandas/tests/io/test_http_headers.py
creating /Users/calum/Developer/Excelerator/dist/Excelerate.app/Contents/Resources/lib/python3.11/pandas/tests/io/sas
copying file /Users/calum/Developer/Excelerator/env/lib/python3.11/site-packages/pandas/tests/io/sas/test_sas7bdat.py -> /Users/calum/Developer/Excelerator/dist/Excelerate.app/Contents/Resources/lib/python3.11/pandas/tests/io/sas/test_sas7bdat.py
copying file /Users/calum/Developer/Excelerator/env/lib/python3.11/site-packages/pandas/tests/io/sas/test_sas.py -> /Users/calum/Developer/Excelerator/dist/Excelerate.app/Contents/Resources/lib/python3.11/pandas/tests/io/sas/test_sas.py
copying file /Users/calum/Developer/Excelerator/env/lib/python3.11/site-packages/pandas/tests/io/sas/__init__.py -> /Users/calum/Developer/Excelerator/dist/Excelerate.app/Contents/Resources/lib/python3.11/pandas/tests/io/sas/__init__.py
creating /Users/calum/Developer/Excelerator/dist/Excelerate.app/Contents/Resources/lib/python3.11/pandas/tests/io/sas/__pycache__
copying file /Users/calum/Developer/Excelerator/env/lib/python3.11/site-packages/pandas/tests/io/sas/__pycache__/test_sas.cpython-311.pyc -> /Users/calum/Developer/Excelerator/dist/Excelerate.app/Contents/Resources/lib/python3.11/pandas/tests/io/sas/__pycache__/test_sas.cpython-311.pyc
copying file /Users/calum/Developer/Excelerator/env/lib/python3.11/site-packages/pandas/tests/io/sas/__pycache__/test_xport.cpython-311.pyc -> /Users/calum/Developer/Excelerator/dist/Excelerate.app/Contents/Resources/lib/python3.11/pandas/tests/io/sas/__pycache__/test_xport.cpython-311.pyc
copying file /Users/calum/Developer/Excelerator/env/lib/python3.11/site-packages/pandas/tests/io/sas/__pycache__/test_sas7bdat.cpython-311.pyc -> /Users/calum/Developer/Excelerator/dist/Excelerate.app/Contents/Resources/lib/python3.11/pandas/tests/io/sas/__pycache__/test_sas7bdat.cpython-311.pyc
copying file /Users/calum/Developer/Excelerator/env/lib/python3.11/site-packages/pandas/tests/io/sas/__pycache__/__init__.cpython-311.pyc -> /Users/calum/Developer/Excelerator/dist/Excelerate.app/Contents/Resources/lib/python3.11/pandas/tests/io/sas/__pycache__/__init__.cpython-311.pyc
copying file /Users/calum/Developer/Excelerator/env/lib/python3.11/site-packages/pandas/tests/io/sas/__pycache__/test_byteswap.cpython-311.pyc -> /Users/calum/Developer/Excelerator/dist/Excelerate.app/Contents/Resources/lib/python3.11/pandas/tests/io/sas/__pycache__/test_byteswap.cpython-311.pyc
copying file /Users/calum/Developer/Excelerator/env/lib/python3.11/site-packages/pandas/tests/io/sas/test_byteswap.py -> /Users/calum/Developer/Excelerator/dist/Excelerate.app/Contents/Resources/lib/python3.11/pandas/tests/io/sas/test_byteswap.py
copying file /Users/calum/Developer/Excelerator/env/lib/python3.11/site-packages/pandas/tests/io/sas/test_xport.py -> /Users/calum/Developer/Excelerator/dist/Excelerate.app/Contents/Resources/lib/python3.11/pandas/tests/io/sas/test_xport.py
copying file /Users/calum/Developer/Excelerator/env/lib/python3.11/site-packages/pandas/tests/io/test_feather.py -> /Users/calum/Developer/Excelerator/dist/Excelerate.app/Contents/Resources/lib/python3.11/pandas/tests/io/test_feather.py
copying file /Users/calum/Developer/Excelerator/env/lib/python3.11/site-packages/pandas/tests/io/test_spss.py -> /Users/calum/Developer/Excelerator/dist/Excelerate.app/Contents/Resources/lib/python3.11/pandas/tests/io/test_spss.py
creating /Users/calum/Developer/Excelerator/dist/Excelerate.app/Contents/Resources/lib/python3.11/pandas/tests/io/pytables
copying file /Users/calum/Developer/Excelerator/env/lib/python3.11/site-packages/pandas/tests/io/pytables/conftest.py -> /Users/calum/Developer/Excelerator/dist/Excelerate.app/Contents/Resources/lib/python3.11/pandas/tests/io/pytables/conftest.py
copying file /Users/calum/Developer/Excelerator/env/lib/python3.11/site-packages/pandas/tests/io/pytables/test_time_series.py -> /Users/calum/Developer/Excelerator/dist/Excelerate.app/Contents/Resources/lib/python3.11/pandas/tests/io/pytables/test_time_series.py
copying file /Users/calum/Developer/Excelerator/env/lib/python3.11/site-packages/pandas/tests/io/pytables/test_put.py -> /Users/calum/Developer/Excelerator/dist/Excelerate.app/Contents/Resources/lib/python3.11/pandas/tests/io/pytables/test_put.py
copying file /Users/calum/Developer/Excelerator/env/lib/python3.11/site-packages/pandas/tests/io/pytables/test_errors.py -> /Users/calum/Developer/Excelerator/dist/Excelerate.app/Contents/Resources/lib/python3.11/pandas/tests/io/pytables/test_errors.py
copying file /Users/calum/Developer/Excelerator/env/lib/python3.11/site-packages/pandas/tests/io/pytables/test_select.py -> /Users/calum/Developer/Excelerator/dist/Excelerate.app/Contents/Resources/lib/python3.11/pandas/tests/io/pytables/test_select.py
copying file /Users/calum/Developer/Excelerator/env/lib/python3.11/site-packages/pandas/tests/io/pytables/test_categorical.py -> /Users/calum/Developer/Excelerator/dist/Excelerate.app/Contents/Resources/lib/python3.11/pandas/tests/io/pytables/test_categorical.py
copying file /Users/calum/Developer/Excelerator/env/lib/python3.11/site-packages/pandas/tests/io/pytables/test_append.py -> /Users/calum/Developer/Excelerator/dist/Excelerate.app/Contents/Resources/lib/python3.11/pandas/tests/io/pytables/test_append.py
copying file /Users/calum/Developer/Excelerator/env/lib/python3.11/site-packages/pandas/tests/io/pytables/test_keys.py -> /Users/calum/Developer/Excelerator/dist/Excelerate.app/Contents/Resources/lib/python3.11/pandas/tests/io/pytables/test_keys.py
copying file /Users/calum/Developer/Excelerator/env/lib/python3.11/site-packages/pandas/tests/io/pytables/test_pytables_missing.py -> /Users/calum/Developer/Excelerator/dist/Excelerate.app/Contents/Resources/lib/python3.11/pandas/tests/io/pytables/test_pytables_missing.py
copying file /Users/calum/Developer/Excelerator/env/lib/python3.11/site-packages/pandas/tests/io/pytables/test_timezones.py -> /Users/calum/Developer/Excelerator/dist/Excelerate.app/Contents/Resources/lib/python3.11/pandas/tests/io/pytables/test_timezones.py
copying file /Users/calum/Developer/Excelerator/env/lib/python3.11/site-packages/pandas/tests/io/pytables/__init__.py -> /Users/calum/Developer/Excelerator/dist/Excelerate.app/Contents/Resources/lib/python3.11/pandas/tests/io/pytables/__init__.py
copying file /Users/calum/Developer/Excelerator/env/lib/python3.11/site-packages/pandas/tests/io/pytables/test_subclass.py -> /Users/calum/Developer/Excelerator/dist/Excelerate.app/Contents/Resources/lib/python3.11/pandas/tests/io/pytables/test_subclass.py
creating /Users/calum/Developer/Excelerator/dist/Excelerate.app/Contents/Resources/lib/python3.11/pandas/tests/io/pytables/__pycache__
copying file /Users/calum/Developer/Excelerator/env/lib/python3.11/site-packages/pandas/tests/io/pytables/__pycache__/test_put.cpython-311.pyc -> /Users/calum/Developer/Excelerator/dist/Excelerate.app/Contents/Resources/lib/python3.11/pandas/tests/io/pytables/__pycache__/test_put.cpython-311.pyc
copying file /Users/calum/Developer/Excelerator/env/lib/python3.11/site-packages/pandas/tests/io/pytables/__pycache__/test_compat.cpython-311.pyc -> /Users/calum/Developer/Excelerator/dist/Excelerate.app/Contents/Resources/lib/python3.11/pandas/tests/io/pytables/__pycache__/test_compat.cpython-311.pyc
copying file /Users/calum/Developer/Excelerator/env/lib/python3.11/site-packages/pandas/tests/io/pytables/__pycache__/test_store.cpython-311.pyc -> /Users/calum/Developer/Excelerator/dist/Excelerate.app/Contents/Resources/lib/python3.11/pandas/tests/io/pytables/__pycache__/test_store.cpython-311.pyc
copying file /Users/calum/Developer/Excelerator/env/lib/python3.11/site-packages/pandas/tests/io/pytables/__pycache__/test_append.cpython-311.pyc -> /Users/calum/Developer/Excelerator/dist/Excelerate.app/Contents/Resources/lib/python3.11/pandas/tests/io/pytables/__pycache__/test_append.cpython-311.pyc
copying file /Users/calum/Developer/Excelerator/env/lib/python3.11/site-packages/pandas/tests/io/pytables/__pycache__/test_errors.cpython-311.pyc -> /Users/calum/Developer/Excelerator/dist/Excelerate.app/Contents/Resources/lib/python3.11/pandas/tests/io/pytables/__pycache__/test_errors.cpython-311.pyc
copying file /Users/calum/Developer/Excelerator/env/lib/python3.11/site-packages/pandas/tests/io/pytables/__pycache__/test_time_series.cpython-311.pyc -> /Users/calum/Developer/Excelerator/dist/Excelerate.app/Contents/Resources/lib/python3.11/pandas/tests/io/pytables/__pycache__/test_time_series.cpython-311.pyc
copying file /Users/calum/Developer/Excelerator/env/lib/python3.11/site-packages/pandas/tests/io/pytables/__pycache__/test_retain_attributes.cpython-311.pyc -> /Users/calum/Developer/Excelerator/dist/Excelerate.app/Contents/Resources/lib/python3.11/pandas/tests/io/pytables/__pycache__/test_retain_attributes.cpython-311.pyc
copying file /Users/calum/Developer/Excelerator/env/lib/python3.11/site-packages/pandas/tests/io/pytables/__pycache__/common.cpython-311.pyc -> /Users/calum/Developer/Excelerator/dist/Excelerate.app/Contents/Resources/lib/python3.11/pandas/tests/io/pytables/__pycache__/common.cpython-311.pyc
copying file /Users/calum/Developer/Excelerator/env/lib/python3.11/site-packages/pandas/tests/io/pytables/__pycache__/test_categorical.cpython-311.pyc -> /Users/calum/Developer/Excelerator/dist/Excelerate.app/Contents/Resources/lib/python3.11/pandas/tests/io/pytables/__pycache__/test_categorical.cpython-311.pyc
copying file /Users/calum/Developer/Excelerator/env/lib/python3.11/site-packages/pandas/tests/io/pytables/__pycache__/test_subclass.cpython-311.pyc -> /Users/calum/Developer/Excelerator/dist/Excelerate.app/Contents/Resources/lib/python3.11/pandas/tests/io/pytables/__pycache__/test_subclass.cpython-311.pyc
copying file /Users/calum/Developer/Excelerator/env/lib/python3.11/site-packages/pandas/tests/io/pytables/__pycache__/conftest.cpython-311.pyc -> /Users/calum/Developer/Excelerator/dist/Excelerate.app/Contents/Resources/lib/python3.11/pandas/tests/io/pytables/__pycache__/conftest.cpython-311.pyc
copying file /Users/calum/Developer/Excelerator/env/lib/python3.11/site-packages/pandas/tests/io/pytables/__pycache__/test_timezones.cpython-311.pyc -> /Users/calum/Developer/Excelerator/dist/Excelerate.app/Contents/Resources/lib/python3.11/pandas/tests/io/pytables/__pycache__/test_timezones.cpython-311.pyc
copying file /Users/calum/Developer/Excelerator/env/lib/python3.11/site-packages/pandas/tests/io/pytables/__pycache__/test_file_handling.cpython-311.pyc -> /Users/calum/Developer/Excelerator/dist/Excelerate.app/Contents/Resources/lib/python3.11/pandas/tests/io/pytables/__pycache__/test_file_handling.cpython-311.pyc
copying file /Users/calum/Developer/Excelerator/env/lib/python3.11/site-packages/pandas/tests/io/pytables/__pycache__/test_complex.cpython-311.pyc -> /Users/calum/Developer/Excelerator/dist/Excelerate.app/Contents/Resources/lib/python3.11/pandas/tests/io/pytables/__pycache__/test_complex.cpython-311.pyc
copying file /Users/calum/Developer/Excelerator/env/lib/python3.11/site-packages/pandas/tests/io/pytables/__pycache__/test_round_trip.cpython-311.pyc -> /Users/calum/Developer/Excelerator/dist/Excelerate.app/Contents/Resources/lib/python3.11/pandas/tests/io/pytables/__pycache__/test_round_trip.cpython-311.pyc
copying file /Users/calum/Developer/Excelerator/env/lib/python3.11/site-packages/pandas/tests/io/pytables/__pycache__/test_keys.cpython-311.pyc -> /Users/calum/Developer/Excelerator/dist/Excelerate.app/Contents/Resources/lib/python3.11/pandas/tests/io/pytables/__pycache__/test_keys.cpython-311.pyc
copying file /Users/calum/Developer/Excelerator/env/lib/python3.11/site-packages/pandas/tests/io/pytables/__pycache__/test_read.cpython-311.pyc -> /Users/calum/Developer/Excelerator/dist/Excelerate.app/Contents/Resources/lib/python3.11/pandas/tests/io/pytables/__pycache__/test_read.cpython-311.pyc
copying file /Users/calum/Developer/Excelerator/env/lib/python3.11/site-packages/pandas/tests/io/pytables/__pycache__/test_pytables_missing.cpython-311.pyc -> /Users/calum/Developer/Excelerator/dist/Excelerate.app/Contents/Resources/lib/python3.11/pandas/tests/io/pytables/__pycache__/test_pytables_missing.cpython-311.pyc
copying file /Users/calum/Developer/Excelerator/env/lib/python3.11/site-packages/pandas/tests/io/pytables/__pycache__/test_select.cpython-311.pyc -> /Users/calum/Developer/Excelerator/dist/Excelerate.app/Contents/Resources/lib/python3.11/pandas/tests/io/pytables/__pycache__/test_select.cpython-311.pyc
copying file /Users/calum/Developer/Excelerator/env/lib/python3.11/site-packages/pandas/tests/io/pytables/__pycache__/__init__.cpython-311.pyc -> /Users/calum/Developer/Excelerator/dist/Excelerate.app/Contents/Resources/lib/python3.11/pandas/tests/io/pytables/__pycache__/__init__.cpython-311.pyc
copying file /Users/calum/Developer/Excelerator/env/lib/python3.11/site-packages/pandas/tests/io/pytables/test_round_trip.py -> /Users/calum/Developer/Excelerator/dist/Excelerate.app/Contents/Resources/lib/python3.11/pandas/tests/io/pytables/test_round_trip.py
copying file /Users/calum/Developer/Excelerator/env/lib/python3.11/site-packages/pandas/tests/io/pytables/test_store.py -> /Users/calum/Developer/Excelerator/dist/Excelerate.app/Contents/Resources/lib/python3.11/pandas/tests/io/pytables/test_store.py
copying file /Users/calum/Developer/Excelerator/env/lib/python3.11/site-packages/pandas/tests/io/pytables/common.py -> /Users/calum/Developer/Excelerator/dist/Excelerate.app/Contents/Resources/lib/python3.11/pandas/tests/io/pytables/common.py
copying file /Users/calum/Developer/Excelerator/env/lib/python3.11/site-packages/pandas/tests/io/pytables/test_compat.py -> /Users/calum/Developer/Excelerator/dist/Excelerate.app/Contents/Resources/lib/python3.11/pandas/tests/io/pytables/test_compat.py
copying file /Users/calum/Developer/Excelerator/env/lib/python3.11/site-packages/pandas/tests/io/pytables/test_retain_attributes.py -> /Users/calum/Developer/Excelerator/dist/Excelerate.app/Contents/Resources/lib/python3.11/pandas/tests/io/pytables/test_retain_attributes.py
copying file /Users/calum/Developer/Excelerator/env/lib/python3.11/site-packages/pandas/tests/io/pytables/test_complex.py -> /Users/calum/Developer/Excelerator/dist/Excelerate.app/Contents/Resources/lib/python3.11/pandas/tests/io/pytables/test_complex.py
copying file /Users/calum/Developer/Excelerator/env/lib/python3.11/site-packages/pandas/tests/io/pytables/test_read.py -> /Users/calum/Developer/Excelerator/dist/Excelerate.app/Contents/Resources/lib/python3.11/pandas/tests/io/pytables/test_read.py
copying file /Users/calum/Developer/Excelerator/env/lib/python3.11/site-packages/pandas/tests/io/pytables/test_file_handling.py -> /Users/calum/Developer/Excelerator/dist/Excelerate.app/Contents/Resources/lib/python3.11/pandas/tests/io/pytables/test_file_handling.py
copying file /Users/calum/Developer/Excelerator/env/lib/python3.11/site-packages/pandas/tests/io/generate_legacy_storage_files.py -> /Users/calum/Developer/Excelerator/dist/Excelerate.app/Contents/Resources/lib/python3.11/pandas/tests/io/generate_legacy_storage_files.py
copying file /Users/calum/Developer/Excelerator/env/lib/python3.11/site-packages/pandas/tests/io/test_s3.py -> /Users/calum/Developer/Excelerator/dist/Excelerate.app/Contents/Resources/lib/python3.11/pandas/tests/io/test_s3.py
creating /Users/calum/Developer/Excelerator/dist/Excelerate.app/Contents/Resources/lib/python3.11/pandas/tests/tseries
creating /Users/calum/Developer/Excelerator/dist/Excelerate.app/Contents/Resources/lib/python3.11/pandas/tests/tseries/holiday
copying file /Users/calum/Developer/Excelerator/env/lib/python3.11/site-packages/pandas/tests/tseries/holiday/__init__.py -> /Users/calum/Developer/Excelerator/dist/Excelerate.app/Contents/Resources/lib/python3.11/pandas/tests/tseries/holiday/__init__.py
creating /Users/calum/Developer/Excelerator/dist/Excelerate.app/Contents/Resources/lib/python3.11/pandas/tests/tseries/holiday/__pycache__
copying file /Users/calum/Developer/Excelerator/env/lib/python3.11/site-packages/pandas/tests/tseries/holiday/__pycache__/test_observance.cpython-311.pyc -> /Users/calum/Developer/Excelerator/dist/Excelerate.app/Contents/Resources/lib/python3.11/pandas/tests/tseries/holiday/__pycache__/test_observance.cpython-311.pyc
copying file /Users/calum/Developer/Excelerator/env/lib/python3.11/site-packages/pandas/tests/tseries/holiday/__pycache__/test_calendar.cpython-311.pyc -> /Users/calum/Developer/Excelerator/dist/Excelerate.app/Contents/Resources/lib/python3.11/pandas/tests/tseries/holiday/__pycache__/test_calendar.cpython-311.pyc
copying file /Users/calum/Developer/Excelerator/env/lib/python3.11/site-packages/pandas/tests/tseries/holiday/__pycache__/test_federal.cpython-311.pyc -> /Users/calum/Developer/Excelerator/dist/Excelerate.app/Contents/Resources/lib/python3.11/pandas/tests/tseries/holiday/__pycache__/test_federal.cpython-311.pyc
copying file /Users/calum/Developer/Excelerator/env/lib/python3.11/site-packages/pandas/tests/tseries/holiday/__pycache__/test_holiday.cpython-311.pyc -> /Users/calum/Developer/Excelerator/dist/Excelerate.app/Contents/Resources/lib/python3.11/pandas/tests/tseries/holiday/__pycache__/test_holiday.cpython-311.pyc
copying file /Users/calum/Developer/Excelerator/env/lib/python3.11/site-packages/pandas/tests/tseries/holiday/__pycache__/__init__.cpython-311.pyc -> /Users/calum/Developer/Excelerator/dist/Excelerate.app/Contents/Resources/lib/python3.11/pandas/tests/tseries/holiday/__pycache__/__init__.cpython-311.pyc
copying file /Users/calum/Developer/Excelerator/env/lib/python3.11/site-packages/pandas/tests/tseries/holiday/test_observance.py -> /Users/calum/Developer/Excelerator/dist/Excelerate.app/Contents/Resources/lib/python3.11/pandas/tests/tseries/holiday/test_observance.py
copying file /Users/calum/Developer/Excelerator/env/lib/python3.11/site-packages/pandas/tests/tseries/holiday/test_federal.py -> /Users/calum/Developer/Excelerator/dist/Excelerate.app/Contents/Resources/lib/python3.11/pandas/tests/tseries/holiday/test_federal.py
copying file /Users/calum/Developer/Excelerator/env/lib/python3.11/site-packages/pandas/tests/tseries/holiday/test_calendar.py -> /Users/calum/Developer/Excelerator/dist/Excelerate.app/Contents/Resources/lib/python3.11/pandas/tests/tseries/holiday/test_calendar.py
copying file /Users/calum/Developer/Excelerator/env/lib/python3.11/site-packages/pandas/tests/tseries/holiday/test_holiday.py -> /Users/calum/Developer/Excelerator/dist/Excelerate.app/Contents/Resources/lib/python3.11/pandas/tests/tseries/holiday/test_holiday.py
creating /Users/calum/Developer/Excelerator/dist/Excelerate.app/Contents/Resources/lib/python3.11/pandas/tests/tseries/frequencies
copying file /Users/calum/Developer/Excelerator/env/lib/python3.11/site-packages/pandas/tests/tseries/frequencies/test_inference.py -> /Users/calum/Developer/Excelerator/dist/Excelerate.app/Contents/Resources/lib/python3.11/pandas/tests/tseries/frequencies/test_inference.py
copying file /Users/calum/Developer/Excelerator/env/lib/python3.11/site-packages/pandas/tests/tseries/frequencies/__init__.py -> /Users/calum/Developer/Excelerator/dist/Excelerate.app/Contents/Resources/lib/python3.11/pandas/tests/tseries/frequencies/__init__.py
creating /Users/calum/Developer/Excelerator/dist/Excelerate.app/Contents/Resources/lib/python3.11/pandas/tests/tseries/frequencies/__pycache__
copying file /Users/calum/Developer/Excelerator/env/lib/python3.11/site-packages/pandas/tests/tseries/frequencies/__pycache__/test_frequencies.cpython-311.pyc -> /Users/calum/Developer/Excelerator/dist/Excelerate.app/Contents/Resources/lib/python3.11/pandas/tests/tseries/frequencies/__pycache__/test_frequencies.cpython-311.pyc
copying file /Users/calum/Developer/Excelerator/env/lib/python3.11/site-packages/pandas/tests/tseries/frequencies/__pycache__/test_freq_code.cpython-311.pyc -> /Users/calum/Developer/Excelerator/dist/Excelerate.app/Contents/Resources/lib/python3.11/pandas/tests/tseries/frequencies/__pycache__/test_freq_code.cpython-311.pyc
copying file /Users/calum/Developer/Excelerator/env/lib/python3.11/site-packages/pandas/tests/tseries/frequencies/__pycache__/test_inference.cpython-311.pyc -> /Users/calum/Developer/Excelerator/dist/Excelerate.app/Contents/Resources/lib/python3.11/pandas/tests/tseries/frequencies/__pycache__/test_inference.cpython-311.pyc
copying file /Users/calum/Developer/Excelerator/env/lib/python3.11/site-packages/pandas/tests/tseries/frequencies/__pycache__/__init__.cpython-311.pyc -> /Users/calum/Developer/Excelerator/dist/Excelerate.app/Contents/Resources/lib/python3.11/pandas/tests/tseries/frequencies/__pycache__/__init__.cpython-311.pyc
copying file /Users/calum/Developer/Excelerator/env/lib/python3.11/site-packages/pandas/tests/tseries/frequencies/test_frequencies.py -> /Users/calum/Developer/Excelerator/dist/Excelerate.app/Contents/Resources/lib/python3.11/pandas/tests/tseries/frequencies/test_frequencies.py
copying file /Users/calum/Developer/Excelerator/env/lib/python3.11/site-packages/pandas/tests/tseries/frequencies/test_freq_code.py -> /Users/calum/Developer/Excelerator/dist/Excelerate.app/Contents/Resources/lib/python3.11/pandas/tests/tseries/frequencies/test_freq_code.py
copying file /Users/calum/Developer/Excelerator/env/lib/python3.11/site-packages/pandas/tests/tseries/__init__.py -> /Users/calum/Developer/Excelerator/dist/Excelerate.app/Contents/Resources/lib/python3.11/pandas/tests/tseries/__init__.py
creating /Users/calum/Developer/Excelerator/dist/Excelerate.app/Contents/Resources/lib/python3.11/pandas/tests/tseries/__pycache__
copying file /Users/calum/Developer/Excelerator/env/lib/python3.11/site-packages/pandas/tests/tseries/__pycache__/__init__.cpython-311.pyc -> /Users/calum/Developer/Excelerator/dist/Excelerate.app/Contents/Resources/lib/python3.11/pandas/tests/tseries/__pycache__/__init__.cpython-311.pyc
creating /Users/calum/Developer/Excelerator/dist/Excelerate.app/Contents/Resources/lib/python3.11/pandas/tests/tseries/offsets
copying file /Users/calum/Developer/Excelerator/env/lib/python3.11/site-packages/pandas/tests/tseries/offsets/test_business_quarter.py -> /Users/calum/Developer/Excelerator/dist/Excelerate.app/Contents/Resources/lib/python3.11/pandas/tests/tseries/offsets/test_business_quarter.py
copying file /Users/calum/Developer/Excelerator/env/lib/python3.11/site-packages/pandas/tests/tseries/offsets/test_year.py -> /Users/calum/Developer/Excelerator/dist/Excelerate.app/Contents/Resources/lib/python3.11/pandas/tests/tseries/offsets/test_year.py
copying file /Users/calum/Developer/Excelerator/env/lib/python3.11/site-packages/pandas/tests/tseries/offsets/test_custom_business_month.py -> /Users/calum/Developer/Excelerator/dist/Excelerate.app/Contents/Resources/lib/python3.11/pandas/tests/tseries/offsets/test_custom_business_month.py
copying file /Users/calum/Developer/Excelerator/env/lib/python3.11/site-packages/pandas/tests/tseries/offsets/test_common.py -> /Users/calum/Developer/Excelerator/dist/Excelerate.app/Contents/Resources/lib/python3.11/pandas/tests/tseries/offsets/test_common.py
copying file /Users/calum/Developer/Excelerator/env/lib/python3.11/site-packages/pandas/tests/tseries/offsets/test_offsets_properties.py -> /Users/calum/Developer/Excelerator/dist/Excelerate.app/Contents/Resources/lib/python3.11/pandas/tests/tseries/offsets/test_offsets_properties.py
copying file /Users/calum/Developer/Excelerator/env/lib/python3.11/site-packages/pandas/tests/tseries/offsets/test_business_day.py -> /Users/calum/Developer/Excelerator/dist/Excelerate.app/Contents/Resources/lib/python3.11/pandas/tests/tseries/offsets/test_business_day.py
copying file /Users/calum/Developer/Excelerator/env/lib/python3.11/site-packages/pandas/tests/tseries/offsets/test_fiscal.py -> /Users/calum/Developer/Excelerator/dist/Excelerate.app/Contents/Resources/lib/python3.11/pandas/tests/tseries/offsets/test_fiscal.py
copying file /Users/calum/Developer/Excelerator/env/lib/python3.11/site-packages/pandas/tests/tseries/offsets/test_easter.py -> /Users/calum/Developer/Excelerator/dist/Excelerate.app/Contents/Resources/lib/python3.11/pandas/tests/tseries/offsets/test_easter.py
copying file /Users/calum/Developer/Excelerator/env/lib/python3.11/site-packages/pandas/tests/tseries/offsets/test_quarter.py -> /Users/calum/Developer/Excelerator/dist/Excelerate.app/Contents/Resources/lib/python3.11/pandas/tests/tseries/offsets/test_quarter.py
copying file /Users/calum/Developer/Excelerator/env/lib/python3.11/site-packages/pandas/tests/tseries/offsets/test_dst.py -> /Users/calum/Developer/Excelerator/dist/Excelerate.app/Contents/Resources/lib/python3.11/pandas/tests/tseries/offsets/test_dst.py
copying file /Users/calum/Developer/Excelerator/env/lib/python3.11/site-packages/pandas/tests/tseries/offsets/test_custom_business_day.py -> /Users/calum/Developer/Excelerator/dist/Excelerate.app/Contents/Resources/lib/python3.11/pandas/tests/tseries/offsets/test_custom_business_day.py
copying file /Users/calum/Developer/Excelerator/env/lib/python3.11/site-packages/pandas/tests/tseries/offsets/test_business_hour.py -> /Users/calum/Developer/Excelerator/dist/Excelerate.app/Contents/Resources/lib/python3.11/pandas/tests/tseries/offsets/test_business_hour.py
copying file /Users/calum/Developer/Excelerator/env/lib/python3.11/site-packages/pandas/tests/tseries/offsets/__init__.py -> /Users/calum/Developer/Excelerator/dist/Excelerate.app/Contents/Resources/lib/python3.11/pandas/tests/tseries/offsets/__init__.py
creating /Users/calum/Developer/Excelerator/dist/Excelerate.app/Contents/Resources/lib/python3.11/pandas/tests/tseries/offsets/__pycache__
copying file /Users/calum/Developer/Excelerator/env/lib/python3.11/site-packages/pandas/tests/tseries/offsets/__pycache__/test_business_year.cpython-311.pyc -> /Users/calum/Developer/Excelerator/dist/Excelerate.app/Contents/Resources/lib/python3.11/pandas/tests/tseries/offsets/__pycache__/test_business_year.cpython-311.pyc
copying file /Users/calum/Developer/Excelerator/env/lib/python3.11/site-packages/pandas/tests/tseries/offsets/__pycache__/test_common.cpython-311.pyc -> /Users/calum/Developer/Excelerator/dist/Excelerate.app/Contents/Resources/lib/python3.11/pandas/tests/tseries/offsets/__pycache__/test_common.cpython-311.pyc
copying file /Users/calum/Developer/Excelerator/env/lib/python3.11/site-packages/pandas/tests/tseries/offsets/__pycache__/test_year.cpython-311.pyc -> /Users/calum/Developer/Excelerator/dist/Excelerate.app/Contents/Resources/lib/python3.11/pandas/tests/tseries/offsets/__pycache__/test_year.cpython-311.pyc
copying file /Users/calum/Developer/Excelerator/env/lib/python3.11/site-packages/pandas/tests/tseries/offsets/__pycache__/test_index.cpython-311.pyc -> /Users/calum/Developer/Excelerator/dist/Excelerate.app/Contents/Resources/lib/python3.11/pandas/tests/tseries/offsets/__pycache__/test_index.cpython-311.pyc
copying file /Users/calum/Developer/Excelerator/env/lib/python3.11/site-packages/pandas/tests/tseries/offsets/__pycache__/test_business_day.cpython-311.pyc -> /Users/calum/Developer/Excelerator/dist/Excelerate.app/Contents/Resources/lib/python3.11/pandas/tests/tseries/offsets/__pycache__/test_business_day.cpython-311.pyc
copying file /Users/calum/Developer/Excelerator/env/lib/python3.11/site-packages/pandas/tests/tseries/offsets/__pycache__/test_dst.cpython-311.pyc -> /Users/calum/Developer/Excelerator/dist/Excelerate.app/Contents/Resources/lib/python3.11/pandas/tests/tseries/offsets/__pycache__/test_dst.cpython-311.pyc
copying file /Users/calum/Developer/Excelerator/env/lib/python3.11/site-packages/pandas/tests/tseries/offsets/__pycache__/test_quarter.cpython-311.pyc -> /Users/calum/Developer/Excelerator/dist/Excelerate.app/Contents/Resources/lib/python3.11/pandas/tests/tseries/offsets/__pycache__/test_quarter.cpython-311.pyc
copying file /Users/calum/Developer/Excelerator/env/lib/python3.11/site-packages/pandas/tests/tseries/offsets/__pycache__/test_ticks.cpython-311.pyc -> /Users/calum/Developer/Excelerator/dist/Excelerate.app/Contents/Resources/lib/python3.11/pandas/tests/tseries/offsets/__pycache__/test_ticks.cpython-311.pyc
copying file /Users/calum/Developer/Excelerator/env/lib/python3.11/site-packages/pandas/tests/tseries/offsets/__pycache__/test_custom_business_hour.cpython-311.pyc -> /Users/calum/Developer/Excelerator/dist/Excelerate.app/Contents/Resources/lib/python3.11/pandas/tests/tseries/offsets/__pycache__/test_custom_business_hour.cpython-311.pyc
copying file /Users/calum/Developer/Excelerator/env/lib/python3.11/site-packages/pandas/tests/tseries/offsets/__pycache__/common.cpython-311.pyc -> /Users/calum/Developer/Excelerator/dist/Excelerate.app/Contents/Resources/lib/python3.11/pandas/tests/tseries/offsets/__pycache__/common.cpython-311.pyc
copying file /Users/calum/Developer/Excelerator/env/lib/python3.11/site-packages/pandas/tests/tseries/offsets/__pycache__/test_business_quarter.cpython-311.pyc -> /Users/calum/Developer/Excelerator/dist/Excelerate.app/Contents/Resources/lib/python3.11/pandas/tests/tseries/offsets/__pycache__/test_business_quarter.cpython-311.pyc
copying file /Users/calum/Developer/Excelerator/env/lib/python3.11/site-packages/pandas/tests/tseries/offsets/__pycache__/test_easter.cpython-311.pyc -> /Users/calum/Developer/Excelerator/dist/Excelerate.app/Contents/Resources/lib/python3.11/pandas/tests/tseries/offsets/__pycache__/test_easter.cpython-311.pyc
copying file /Users/calum/Developer/Excelerator/env/lib/python3.11/site-packages/pandas/tests/tseries/offsets/__pycache__/test_offsets.cpython-311.pyc -> /Users/calum/Developer/Excelerator/dist/Excelerate.app/Contents/Resources/lib/python3.11/pandas/tests/tseries/offsets/__pycache__/test_offsets.cpython-311.pyc
copying file /Users/calum/Developer/Excelerator/env/lib/python3.11/site-packages/pandas/tests/tseries/offsets/__pycache__/test_fiscal.cpython-311.pyc -> /Users/calum/Developer/Excelerator/dist/Excelerate.app/Contents/Resources/lib/python3.11/pandas/tests/tseries/offsets/__pycache__/test_fiscal.cpython-311.pyc
copying file /Users/calum/Developer/Excelerator/env/lib/python3.11/site-packages/pandas/tests/tseries/offsets/__pycache__/test_custom_business_month.cpython-311.pyc -> /Users/calum/Developer/Excelerator/dist/Excelerate.app/Contents/Resources/lib/python3.11/pandas/tests/tseries/offsets/__pycache__/test_custom_business_month.cpython-311.pyc
copying file /Users/calum/Developer/Excelerator/env/lib/python3.11/site-packages/pandas/tests/tseries/offsets/__pycache__/test_week.cpython-311.pyc -> /Users/calum/Developer/Excelerator/dist/Excelerate.app/Contents/Resources/lib/python3.11/pandas/tests/tseries/offsets/__pycache__/test_week.cpython-311.pyc
copying file /Users/calum/Developer/Excelerator/env/lib/python3.11/site-packages/pandas/tests/tseries/offsets/__pycache__/test_month.cpython-311.pyc -> /Users/calum/Developer/Excelerator/dist/Excelerate.app/Contents/Resources/lib/python3.11/pandas/tests/tseries/offsets/__pycache__/test_month.cpython-311.pyc
copying file /Users/calum/Developer/Excelerator/env/lib/python3.11/site-packages/pandas/tests/tseries/offsets/__pycache__/test_business_month.cpython-311.pyc -> /Users/calum/Developer/Excelerator/dist/Excelerate.app/Contents/Resources/lib/python3.11/pandas/tests/tseries/offsets/__pycache__/test_business_month.cpython-311.pyc
copying file /Users/calum/Developer/Excelerator/env/lib/python3.11/site-packages/pandas/tests/tseries/offsets/__pycache__/test_business_hour.cpython-311.pyc -> /Users/calum/Developer/Excelerator/dist/Excelerate.app/Contents/Resources/lib/python3.11/pandas/tests/tseries/offsets/__pycache__/test_business_hour.cpython-311.pyc
copying file /Users/calum/Developer/Excelerator/env/lib/python3.11/site-packages/pandas/tests/tseries/offsets/__pycache__/test_custom_business_day.cpython-311.pyc -> /Users/calum/Developer/Excelerator/dist/Excelerate.app/Contents/Resources/lib/python3.11/pandas/tests/tseries/offsets/__pycache__/test_custom_business_day.cpython-311.pyc
copying file /Users/calum/Developer/Excelerator/env/lib/python3.11/site-packages/pandas/tests/tseries/offsets/__pycache__/__init__.cpython-311.pyc -> /Users/calum/Developer/Excelerator/dist/Excelerate.app/Contents/Resources/lib/python3.11/pandas/tests/tseries/offsets/__pycache__/__init__.cpython-311.pyc
copying file /Users/calum/Developer/Excelerator/env/lib/python3.11/site-packages/pandas/tests/tseries/offsets/__pycache__/test_offsets_properties.cpython-311.pyc -> /Users/calum/Developer/Excelerator/dist/Excelerate.app/Contents/Resources/lib/python3.11/pandas/tests/tseries/offsets/__pycache__/test_offsets_properties.cpython-311.pyc
copying file /Users/calum/Developer/Excelerator/env/lib/python3.11/site-packages/pandas/tests/tseries/offsets/test_month.py -> /Users/calum/Developer/Excelerator/dist/Excelerate.app/Contents/Resources/lib/python3.11/pandas/tests/tseries/offsets/test_month.py
copying file /Users/calum/Developer/Excelerator/env/lib/python3.11/site-packages/pandas/tests/tseries/offsets/test_custom_business_hour.py -> /Users/calum/Developer/Excelerator/dist/Excelerate.app/Contents/Resources/lib/python3.11/pandas/tests/tseries/offsets/test_custom_business_hour.py
copying file /Users/calum/Developer/Excelerator/env/lib/python3.11/site-packages/pandas/tests/tseries/offsets/common.py -> /Users/calum/Developer/Excelerator/dist/Excelerate.app/Contents/Resources/lib/python3.11/pandas/tests/tseries/offsets/common.py
copying file /Users/calum/Developer/Excelerator/env/lib/python3.11/site-packages/pandas/tests/tseries/offsets/test_index.py -> /Users/calum/Developer/Excelerator/dist/Excelerate.app/Contents/Resources/lib/python3.11/pandas/tests/tseries/offsets/test_index.py
copying file /Users/calum/Developer/Excelerator/env/lib/python3.11/site-packages/pandas/tests/tseries/offsets/test_ticks.py -> /Users/calum/Developer/Excelerator/dist/Excelerate.app/Contents/Resources/lib/python3.11/pandas/tests/tseries/offsets/test_ticks.py
copying file /Users/calum/Developer/Excelerator/env/lib/python3.11/site-packages/pandas/tests/tseries/offsets/test_offsets.py -> /Users/calum/Developer/Excelerator/dist/Excelerate.app/Contents/Resources/lib/python3.11/pandas/tests/tseries/offsets/test_offsets.py
copying file /Users/calum/Developer/Excelerator/env/lib/python3.11/site-packages/pandas/tests/tseries/offsets/test_business_year.py -> /Users/calum/Developer/Excelerator/dist/Excelerate.app/Contents/Resources/lib/python3.11/pandas/tests/tseries/offsets/test_business_year.py
copying file /Users/calum/Developer/Excelerator/env/lib/python3.11/site-packages/pandas/tests/tseries/offsets/test_business_month.py -> /Users/calum/Developer/Excelerator/dist/Excelerate.app/Contents/Resources/lib/python3.11/pandas/tests/tseries/offsets/test_business_month.py
copying file /Users/calum/Developer/Excelerator/env/lib/python3.11/site-packages/pandas/tests/tseries/offsets/test_week.py -> /Users/calum/Developer/Excelerator/dist/Excelerate.app/Contents/Resources/lib/python3.11/pandas/tests/tseries/offsets/test_week.py
creating /Users/calum/Developer/Excelerator/dist/Excelerate.app/Contents/Resources/lib/python3.11/pandas/tests/copy_view
copying file /Users/calum/Developer/Excelerator/env/lib/python3.11/site-packages/pandas/tests/copy_view/test_methods.py -> /Users/calum/Developer/Excelerator/dist/Excelerate.app/Contents/Resources/lib/python3.11/pandas/tests/copy_view/test_methods.py
copying file /Users/calum/Developer/Excelerator/env/lib/python3.11/site-packages/pandas/tests/copy_view/test_interp_fillna.py -> /Users/calum/Developer/Excelerator/dist/Excelerate.app/Contents/Resources/lib/python3.11/pandas/tests/copy_view/test_interp_fillna.py
copying file /Users/calum/Developer/Excelerator/env/lib/python3.11/site-packages/pandas/tests/copy_view/test_chained_assignment_deprecation.py -> /Users/calum/Developer/Excelerator/dist/Excelerate.app/Contents/Resources/lib/python3.11/pandas/tests/copy_view/test_chained_assignment_deprecation.py
copying file /Users/calum/Developer/Excelerator/env/lib/python3.11/site-packages/pandas/tests/copy_view/test_constructors.py -> /Users/calum/Developer/Excelerator/dist/Excelerate.app/Contents/Resources/lib/python3.11/pandas/tests/copy_view/test_constructors.py
copying file /Users/calum/Developer/Excelerator/env/lib/python3.11/site-packages/pandas/tests/copy_view/util.py -> /Users/calum/Developer/Excelerator/dist/Excelerate.app/Contents/Resources/lib/python3.11/pandas/tests/copy_view/util.py
copying file /Users/calum/Developer/Excelerator/env/lib/python3.11/site-packages/pandas/tests/copy_view/test_array.py -> /Users/calum/Developer/Excelerator/dist/Excelerate.app/Contents/Resources/lib/python3.11/pandas/tests/copy_view/test_array.py
copying file /Users/calum/Developer/Excelerator/env/lib/python3.11/site-packages/pandas/tests/copy_view/test_setitem.py -> /Users/calum/Developer/Excelerator/dist/Excelerate.app/Contents/Resources/lib/python3.11/pandas/tests/copy_view/test_setitem.py
copying file /Users/calum/Developer/Excelerator/env/lib/python3.11/site-packages/pandas/tests/copy_view/__init__.py -> /Users/calum/Developer/Excelerator/dist/Excelerate.app/Contents/Resources/lib/python3.11/pandas/tests/copy_view/__init__.py
creating /Users/calum/Developer/Excelerator/dist/Excelerate.app/Contents/Resources/lib/python3.11/pandas/tests/copy_view/__pycache__
copying file /Users/calum/Developer/Excelerator/env/lib/python3.11/site-packages/pandas/tests/copy_view/__pycache__/test_indexing.cpython-311.pyc -> /Users/calum/Developer/Excelerator/dist/Excelerate.app/Contents/Resources/lib/python3.11/pandas/tests/copy_view/__pycache__/test_indexing.cpython-311.pyc
copying file /Users/calum/Developer/Excelerator/env/lib/python3.11/site-packages/pandas/tests/copy_view/__pycache__/test_util.cpython-311.pyc -> /Users/calum/Developer/Excelerator/dist/Excelerate.app/Contents/Resources/lib/python3.11/pandas/tests/copy_view/__pycache__/test_util.cpython-311.pyc
copying file /Users/calum/Developer/Excelerator/env/lib/python3.11/site-packages/pandas/tests/copy_view/__pycache__/test_setitem.cpython-311.pyc -> /Users/calum/Developer/Excelerator/dist/Excelerate.app/Contents/Resources/lib/python3.11/pandas/tests/copy_view/__pycache__/test_setitem.cpython-311.pyc
copying file /Users/calum/Developer/Excelerator/env/lib/python3.11/site-packages/pandas/tests/copy_view/__pycache__/test_chained_assignment_deprecation.cpython-311.pyc -> /Users/calum/Developer/Excelerator/dist/Excelerate.app/Contents/Resources/lib/python3.11/pandas/tests/copy_view/__pycache__/test_chained_assignment_deprecation.cpython-311.pyc
copying file /Users/calum/Developer/Excelerator/env/lib/python3.11/site-packages/pandas/tests/copy_view/__pycache__/test_core_functionalities.cpython-311.pyc -> /Users/calum/Developer/Excelerator/dist/Excelerate.app/Contents/Resources/lib/python3.11/pandas/tests/copy_view/__pycache__/test_core_functionalities.cpython-311.pyc
copying file /Users/calum/Developer/Excelerator/env/lib/python3.11/site-packages/pandas/tests/copy_view/__pycache__/test_internals.cpython-311.pyc -> /Users/calum/Developer/Excelerator/dist/Excelerate.app/Contents/Resources/lib/python3.11/pandas/tests/copy_view/__pycache__/test_internals.cpython-311.pyc
copying file /Users/calum/Developer/Excelerator/env/lib/python3.11/site-packages/pandas/tests/copy_view/__pycache__/test_functions.cpython-311.pyc -> /Users/calum/Developer/Excelerator/dist/Excelerate.app/Contents/Resources/lib/python3.11/pandas/tests/copy_view/__pycache__/test_functions.cpython-311.pyc
copying file /Users/calum/Developer/Excelerator/env/lib/python3.11/site-packages/pandas/tests/copy_view/__pycache__/test_interp_fillna.cpython-311.pyc -> /Users/calum/Developer/Excelerator/dist/Excelerate.app/Contents/Resources/lib/python3.11/pandas/tests/copy_view/__pycache__/test_interp_fillna.cpython-311.pyc
copying file /Users/calum/Developer/Excelerator/env/lib/python3.11/site-packages/pandas/tests/copy_view/__pycache__/test_constructors.cpython-311.pyc -> /Users/calum/Developer/Excelerator/dist/Excelerate.app/Contents/Resources/lib/python3.11/pandas/tests/copy_view/__pycache__/test_constructors.cpython-311.pyc
copying file /Users/calum/Developer/Excelerator/env/lib/python3.11/site-packages/pandas/tests/copy_view/__pycache__/test_array.cpython-311.pyc -> /Users/calum/Developer/Excelerator/dist/Excelerate.app/Contents/Resources/lib/python3.11/pandas/tests/copy_view/__pycache__/test_array.cpython-311.pyc
copying file /Users/calum/Developer/Excelerator/env/lib/python3.11/site-packages/pandas/tests/copy_view/__pycache__/util.cpython-311.pyc -> /Users/calum/Developer/Excelerator/dist/Excelerate.app/Contents/Resources/lib/python3.11/pandas/tests/copy_view/__pycache__/util.cpython-311.pyc
copying file /Users/calum/Developer/Excelerator/env/lib/python3.11/site-packages/pandas/tests/copy_view/__pycache__/test_clip.cpython-311.pyc -> /Users/calum/Developer/Excelerator/dist/Excelerate.app/Contents/Resources/lib/python3.11/pandas/tests/copy_view/__pycache__/test_clip.cpython-311.pyc
copying file /Users/calum/Developer/Excelerator/env/lib/python3.11/site-packages/pandas/tests/copy_view/__pycache__/test_astype.cpython-311.pyc -> /Users/calum/Developer/Excelerator/dist/Excelerate.app/Contents/Resources/lib/python3.11/pandas/tests/copy_view/__pycache__/test_astype.cpython-311.pyc
copying file /Users/calum/Developer/Excelerator/env/lib/python3.11/site-packages/pandas/tests/copy_view/__pycache__/__init__.cpython-311.pyc -> /Users/calum/Developer/Excelerator/dist/Excelerate.app/Contents/Resources/lib/python3.11/pandas/tests/copy_view/__pycache__/__init__.cpython-311.pyc
copying file /Users/calum/Developer/Excelerator/env/lib/python3.11/site-packages/pandas/tests/copy_view/__pycache__/test_methods.cpython-311.pyc -> /Users/calum/Developer/Excelerator/dist/Excelerate.app/Contents/Resources/lib/python3.11/pandas/tests/copy_view/__pycache__/test_methods.cpython-311.pyc
copying file /Users/calum/Developer/Excelerator/env/lib/python3.11/site-packages/pandas/tests/copy_view/__pycache__/test_replace.cpython-311.pyc -> /Users/calum/Developer/Excelerator/dist/Excelerate.app/Contents/Resources/lib/python3.11/pandas/tests/copy_view/__pycache__/test_replace.cpython-311.pyc
copying file /Users/calum/Developer/Excelerator/env/lib/python3.11/site-packages/pandas/tests/copy_view/test_util.py -> /Users/calum/Developer/Excelerator/dist/Excelerate.app/Contents/Resources/lib/python3.11/pandas/tests/copy_view/test_util.py
copying file /Users/calum/Developer/Excelerator/env/lib/python3.11/site-packages/pandas/tests/copy_view/test_indexing.py -> /Users/calum/Developer/Excelerator/dist/Excelerate.app/Contents/Resources/lib/python3.11/pandas/tests/copy_view/test_indexing.py
copying file /Users/calum/Developer/Excelerator/env/lib/python3.11/site-packages/pandas/tests/copy_view/test_astype.py -> /Users/calum/Developer/Excelerator/dist/Excelerate.app/Contents/Resources/lib/python3.11/pandas/tests/copy_view/test_astype.py
copying file /Users/calum/Developer/Excelerator/env/lib/python3.11/site-packages/pandas/tests/copy_view/test_internals.py -> /Users/calum/Developer/Excelerator/dist/Excelerate.app/Contents/Resources/lib/python3.11/pandas/tests/copy_view/test_internals.py
copying file /Users/calum/Developer/Excelerator/env/lib/python3.11/site-packages/pandas/tests/copy_view/test_functions.py -> /Users/calum/Developer/Excelerator/dist/Excelerate.app/Contents/Resources/lib/python3.11/pandas/tests/copy_view/test_functions.py
creating /Users/calum/Developer/Excelerator/dist/Excelerate.app/Contents/Resources/lib/python3.11/pandas/tests/copy_view/index
copying file /Users/calum/Developer/Excelerator/env/lib/python3.11/site-packages/pandas/tests/copy_view/index/test_datetimeindex.py -> /Users/calum/Developer/Excelerator/dist/Excelerate.app/Contents/Resources/lib/python3.11/pandas/tests/copy_view/index/test_datetimeindex.py
copying file /Users/calum/Developer/Excelerator/env/lib/python3.11/site-packages/pandas/tests/copy_view/index/test_timedeltaindex.py -> /Users/calum/Developer/Excelerator/dist/Excelerate.app/Contents/Resources/lib/python3.11/pandas/tests/copy_view/index/test_timedeltaindex.py
copying file /Users/calum/Developer/Excelerator/env/lib/python3.11/site-packages/pandas/tests/copy_view/index/__init__.py -> /Users/calum/Developer/Excelerator/dist/Excelerate.app/Contents/Resources/lib/python3.11/pandas/tests/copy_view/index/__init__.py
creating /Users/calum/Developer/Excelerator/dist/Excelerate.app/Contents/Resources/lib/python3.11/pandas/tests/copy_view/index/__pycache__
copying file /Users/calum/Developer/Excelerator/env/lib/python3.11/site-packages/pandas/tests/copy_view/index/__pycache__/test_index.cpython-311.pyc -> /Users/calum/Developer/Excelerator/dist/Excelerate.app/Contents/Resources/lib/python3.11/pandas/tests/copy_view/index/__pycache__/test_index.cpython-311.pyc
copying file /Users/calum/Developer/Excelerator/env/lib/python3.11/site-packages/pandas/tests/copy_view/index/__pycache__/test_datetimeindex.cpython-311.pyc -> /Users/calum/Developer/Excelerator/dist/Excelerate.app/Contents/Resources/lib/python3.11/pandas/tests/copy_view/index/__pycache__/test_datetimeindex.cpython-311.pyc
copying file /Users/calum/Developer/Excelerator/env/lib/python3.11/site-packages/pandas/tests/copy_view/index/__pycache__/test_periodindex.cpython-311.pyc -> /Users/calum/Developer/Excelerator/dist/Excelerate.app/Contents/Resources/lib/python3.11/pandas/tests/copy_view/index/__pycache__/test_periodindex.cpython-311.pyc
copying file /Users/calum/Developer/Excelerator/env/lib/python3.11/site-packages/pandas/tests/copy_view/index/__pycache__/test_timedeltaindex.cpython-311.pyc -> /Users/calum/Developer/Excelerator/dist/Excelerate.app/Contents/Resources/lib/python3.11/pandas/tests/copy_view/index/__pycache__/test_timedeltaindex.cpython-311.pyc
copying file /Users/calum/Developer/Excelerator/env/lib/python3.11/site-packages/pandas/tests/copy_view/index/__pycache__/__init__.cpython-311.pyc -> /Users/calum/Developer/Excelerator/dist/Excelerate.app/Contents/Resources/lib/python3.11/pandas/tests/copy_view/index/__pycache__/__init__.cpython-311.pyc
copying file /Users/calum/Developer/Excelerator/env/lib/python3.11/site-packages/pandas/tests/copy_view/index/test_index.py -> /Users/calum/Developer/Excelerator/dist/Excelerate.app/Contents/Resources/lib/python3.11/pandas/tests/copy_view/index/test_index.py
copying file /Users/calum/Developer/Excelerator/env/lib/python3.11/site-packages/pandas/tests/copy_view/index/test_periodindex.py -> /Users/calum/Developer/Excelerator/dist/Excelerate.app/Contents/Resources/lib/python3.11/pandas/tests/copy_view/index/test_periodindex.py
copying file /Users/calum/Developer/Excelerator/env/lib/python3.11/site-packages/pandas/tests/copy_view/test_replace.py -> /Users/calum/Developer/Excelerator/dist/Excelerate.app/Contents/Resources/lib/python3.11/pandas/tests/copy_view/test_replace.py
copying file /Users/calum/Developer/Excelerator/env/lib/python3.11/site-packages/pandas/tests/copy_view/test_clip.py -> /Users/calum/Developer/Excelerator/dist/Excelerate.app/Contents/Resources/lib/python3.11/pandas/tests/copy_view/test_clip.py
copying file /Users/calum/Developer/Excelerator/env/lib/python3.11/site-packages/pandas/tests/copy_view/test_core_functionalities.py -> /Users/calum/Developer/Excelerator/dist/Excelerate.app/Contents/Resources/lib/python3.11/pandas/tests/copy_view/test_core_functionalities.py
creating /Users/calum/Developer/Excelerator/dist/Excelerate.app/Contents/Resources/lib/python3.11/pandas/tests/interchange
copying file /Users/calum/Developer/Excelerator/env/lib/python3.11/site-packages/pandas/tests/interchange/test_utils.py -> /Users/calum/Developer/Excelerator/dist/Excelerate.app/Contents/Resources/lib/python3.11/pandas/tests/interchange/test_utils.py
copying file /Users/calum/Developer/Excelerator/env/lib/python3.11/site-packages/pandas/tests/interchange/test_spec_conformance.py -> /Users/calum/Developer/Excelerator/dist/Excelerate.app/Contents/Resources/lib/python3.11/pandas/tests/interchange/test_spec_conformance.py
copying file /Users/calum/Developer/Excelerator/env/lib/python3.11/site-packages/pandas/tests/interchange/__init__.py -> /Users/calum/Developer/Excelerator/dist/Excelerate.app/Contents/Resources/lib/python3.11/pandas/tests/interchange/__init__.py
creating /Users/calum/Developer/Excelerator/dist/Excelerate.app/Contents/Resources/lib/python3.11/pandas/tests/interchange/__pycache__
copying file /Users/calum/Developer/Excelerator/env/lib/python3.11/site-packages/pandas/tests/interchange/__pycache__/test_spec_conformance.cpython-311.pyc -> /Users/calum/Developer/Excelerator/dist/Excelerate.app/Contents/Resources/lib/python3.11/pandas/tests/interchange/__pycache__/test_spec_conformance.cpython-311.pyc
copying file /Users/calum/Developer/Excelerator/env/lib/python3.11/site-packages/pandas/tests/interchange/__pycache__/test_utils.cpython-311.pyc -> /Users/calum/Developer/Excelerator/dist/Excelerate.app/Contents/Resources/lib/python3.11/pandas/tests/interchange/__pycache__/test_utils.cpython-311.pyc
copying file /Users/calum/Developer/Excelerator/env/lib/python3.11/site-packages/pandas/tests/interchange/__pycache__/test_impl.cpython-311.pyc -> /Users/calum/Developer/Excelerator/dist/Excelerate.app/Contents/Resources/lib/python3.11/pandas/tests/interchange/__pycache__/test_impl.cpython-311.pyc
copying file /Users/calum/Developer/Excelerator/env/lib/python3.11/site-packages/pandas/tests/interchange/__pycache__/__init__.cpython-311.pyc -> /Users/calum/Developer/Excelerator/dist/Excelerate.app/Contents/Resources/lib/python3.11/pandas/tests/interchange/__pycache__/__init__.cpython-311.pyc
copying file /Users/calum/Developer/Excelerator/env/lib/python3.11/site-packages/pandas/tests/interchange/test_impl.py -> /Users/calum/Developer/Excelerator/dist/Excelerate.app/Contents/Resources/lib/python3.11/pandas/tests/interchange/test_impl.py
copying file /Users/calum/Developer/Excelerator/env/lib/python3.11/site-packages/pandas/tests/test_aggregation.py -> /Users/calum/Developer/Excelerator/dist/Excelerate.app/Contents/Resources/lib/python3.11/pandas/tests/test_aggregation.py
copying file /Users/calum/Developer/Excelerator/env/lib/python3.11/site-packages/pandas/tests/__init__.py -> /Users/calum/Developer/Excelerator/dist/Excelerate.app/Contents/Resources/lib/python3.11/pandas/tests/__init__.py
creating /Users/calum/Developer/Excelerator/dist/Excelerate.app/Contents/Resources/lib/python3.11/pandas/tests/frame
copying file /Users/calum/Developer/Excelerator/env/lib/python3.11/site-packages/pandas/tests/frame/test_block_internals.py -> /Users/calum/Developer/Excelerator/dist/Excelerate.app/Contents/Resources/lib/python3.11/pandas/tests/frame/test_block_internals.py
copying file /Users/calum/Developer/Excelerator/env/lib/python3.11/site-packages/pandas/tests/frame/test_alter_axes.py -> /Users/calum/Developer/Excelerator/dist/Excelerate.app/Contents/Resources/lib/python3.11/pandas/tests/frame/test_alter_axes.py
copying file /Users/calum/Developer/Excelerator/env/lib/python3.11/site-packages/pandas/tests/frame/test_logical_ops.py -> /Users/calum/Developer/Excelerator/dist/Excelerate.app/Contents/Resources/lib/python3.11/pandas/tests/frame/test_logical_ops.py
copying file /Users/calum/Developer/Excelerator/env/lib/python3.11/site-packages/pandas/tests/frame/conftest.py -> /Users/calum/Developer/Excelerator/dist/Excelerate.app/Contents/Resources/lib/python3.11/pandas/tests/frame/conftest.py
copying file /Users/calum/Developer/Excelerator/env/lib/python3.11/site-packages/pandas/tests/frame/test_reductions.py -> /Users/calum/Developer/Excelerator/dist/Excelerate.app/Contents/Resources/lib/python3.11/pandas/tests/frame/test_reductions.py
creating /Users/calum/Developer/Excelerator/dist/Excelerate.app/Contents/Resources/lib/python3.11/pandas/tests/frame/methods
copying file /Users/calum/Developer/Excelerator/env/lib/python3.11/site-packages/pandas/tests/frame/methods/test_isetitem.py -> /Users/calum/Developer/Excelerator/dist/Excelerate.app/Contents/Resources/lib/python3.11/pandas/tests/frame/methods/test_isetitem.py
copying file /Users/calum/Developer/Excelerator/env/lib/python3.11/site-packages/pandas/tests/frame/methods/test_value_counts.py -> /Users/calum/Developer/Excelerator/dist/Excelerate.app/Contents/Resources/lib/python3.11/pandas/tests/frame/methods/test_value_counts.py
copying file /Users/calum/Developer/Excelerator/env/lib/python3.11/site-packages/pandas/tests/frame/methods/test_combine.py -> /Users/calum/Developer/Excelerator/dist/Excelerate.app/Contents/Resources/lib/python3.11/pandas/tests/frame/methods/test_combine.py
copying file /Users/calum/Developer/Excelerator/env/lib/python3.11/site-packages/pandas/tests/frame/methods/test_convert_dtypes.py -> /Users/calum/Developer/Excelerator/dist/Excelerate.app/Contents/Resources/lib/python3.11/pandas/tests/frame/methods/test_convert_dtypes.py
copying file /Users/calum/Developer/Excelerator/env/lib/python3.11/site-packages/pandas/tests/frame/methods/test_iterrows.py -> /Users/calum/Developer/Excelerator/dist/Excelerate.app/Contents/Resources/lib/python3.11/pandas/tests/frame/methods/test_iterrows.py
copying file /Users/calum/Developer/Excelerator/env/lib/python3.11/site-packages/pandas/tests/frame/methods/test_cov_corr.py -> /Users/calum/Developer/Excelerator/dist/Excelerate.app/Contents/Resources/lib/python3.11/pandas/tests/frame/methods/test_cov_corr.py
copying file /Users/calum/Developer/Excelerator/env/lib/python3.11/site-packages/pandas/tests/frame/methods/test_add_prefix_suffix.py -> /Users/calum/Developer/Excelerator/dist/Excelerate.app/Contents/Resources/lib/python3.11/pandas/tests/frame/methods/test_add_prefix_suffix.py
copying file /Users/calum/Developer/Excelerator/env/lib/python3.11/site-packages/pandas/tests/frame/methods/test_shift.py -> /Users/calum/Developer/Excelerator/dist/Excelerate.app/Contents/Resources/lib/python3.11/pandas/tests/frame/methods/test_shift.py
copying file /Users/calum/Developer/Excelerator/env/lib/python3.11/site-packages/pandas/tests/frame/methods/test_round.py -> /Users/calum/Developer/Excelerator/dist/Excelerate.app/Contents/Resources/lib/python3.11/pandas/tests/frame/methods/test_round.py
copying file /Users/calum/Developer/Excelerator/env/lib/python3.11/site-packages/pandas/tests/frame/methods/test_combine_first.py -> /Users/calum/Developer/Excelerator/dist/Excelerate.app/Contents/Resources/lib/python3.11/pandas/tests/frame/methods/test_combine_first.py
copying file /Users/calum/Developer/Excelerator/env/lib/python3.11/site-packages/pandas/tests/frame/methods/test_infer_objects.py -> /Users/calum/Developer/Excelerator/dist/Excelerate.app/Contents/Resources/lib/python3.11/pandas/tests/frame/methods/test_infer_objects.py
copying file /Users/calum/Developer/Excelerator/env/lib/python3.11/site-packages/pandas/tests/frame/methods/test_assign.py -> /Users/calum/Developer/Excelerator/dist/Excelerate.app/Contents/Resources/lib/python3.11/pandas/tests/frame/methods/test_assign.py
copying file /Users/calum/Developer/Excelerator/env/lib/python3.11/site-packages/pandas/tests/frame/methods/test_to_records.py -> /Users/calum/Developer/Excelerator/dist/Excelerate.app/Contents/Resources/lib/python3.11/pandas/tests/frame/methods/test_to_records.py
copying file /Users/calum/Developer/Excelerator/env/lib/python3.11/site-packages/pandas/tests/frame/methods/test_sort_values.py -> /Users/calum/Developer/Excelerator/dist/Excelerate.app/Contents/Resources/lib/python3.11/pandas/tests/frame/methods/test_sort_values.py
copying file /Users/calum/Developer/Excelerator/env/lib/python3.11/site-packages/pandas/tests/frame/methods/test_transpose.py -> /Users/calum/Developer/Excelerator/dist/Excelerate.app/Contents/Resources/lib/python3.11/pandas/tests/frame/methods/test_transpose.py
copying file /Users/calum/Developer/Excelerator/env/lib/python3.11/site-packages/pandas/tests/frame/methods/test_sample.py -> /Users/calum/Developer/Excelerator/dist/Excelerate.app/Contents/Resources/lib/python3.11/pandas/tests/frame/methods/test_sample.py
copying file /Users/calum/Developer/Excelerator/env/lib/python3.11/site-packages/pandas/tests/frame/methods/test_filter.py -> /Users/calum/Developer/Excelerator/dist/Excelerate.app/Contents/Resources/lib/python3.11/pandas/tests/frame/methods/test_filter.py
copying file /Users/calum/Developer/Excelerator/env/lib/python3.11/site-packages/pandas/tests/frame/methods/test_reset_index.py -> /Users/calum/Developer/Excelerator/dist/Excelerate.app/Contents/Resources/lib/python3.11/pandas/tests/frame/methods/test_reset_index.py
copying file /Users/calum/Developer/Excelerator/env/lib/python3.11/site-packages/pandas/tests/frame/methods/test_describe.py -> /Users/calum/Developer/Excelerator/dist/Excelerate.app/Contents/Resources/lib/python3.11/pandas/tests/frame/methods/test_describe.py
copying file /Users/calum/Developer/Excelerator/env/lib/python3.11/site-packages/pandas/tests/frame/methods/test_size.py -> /Users/calum/Developer/Excelerator/dist/Excelerate.app/Contents/Resources/lib/python3.11/pandas/tests/frame/methods/test_size.py
copying file /Users/calum/Developer/Excelerator/env/lib/python3.11/site-packages/pandas/tests/frame/methods/test_to_period.py -> /Users/calum/Developer/Excelerator/dist/Excelerate.app/Contents/Resources/lib/python3.11/pandas/tests/frame/methods/test_to_period.py
copying file /Users/calum/Developer/Excelerator/env/lib/python3.11/site-packages/pandas/tests/frame/methods/test_join.py -> /Users/calum/Developer/Excelerator/dist/Excelerate.app/Contents/Resources/lib/python3.11/pandas/tests/frame/methods/test_join.py
copying file /Users/calum/Developer/Excelerator/env/lib/python3.11/site-packages/pandas/tests/frame/methods/test_first_and_last.py -> /Users/calum/Developer/Excelerator/dist/Excelerate.app/Contents/Resources/lib/python3.11/pandas/tests/frame/methods/test_first_and_last.py
copying file /Users/calum/Developer/Excelerator/env/lib/python3.11/site-packages/pandas/tests/frame/methods/test_is_homogeneous_dtype.py -> /Users/calum/Developer/Excelerator/dist/Excelerate.app/Contents/Resources/lib/python3.11/pandas/tests/frame/methods/test_is_homogeneous_dtype.py
copying file /Users/calum/Developer/Excelerator/env/lib/python3.11/site-packages/pandas/tests/frame/methods/test_reindex_like.py -> /Users/calum/Developer/Excelerator/dist/Excelerate.app/Contents/Resources/lib/python3.11/pandas/tests/frame/methods/test_reindex_like.py
copying file /Users/calum/Developer/Excelerator/env/lib/python3.11/site-packages/pandas/tests/frame/methods/test_copy.py -> /Users/calum/Developer/Excelerator/dist/Excelerate.app/Contents/Resources/lib/python3.11/pandas/tests/frame/methods/test_copy.py
copying file /Users/calum/Developer/Excelerator/env/lib/python3.11/site-packages/pandas/tests/frame/methods/test_swaplevel.py -> /Users/calum/Developer/Excelerator/dist/Excelerate.app/Contents/Resources/lib/python3.11/pandas/tests/frame/methods/test_swaplevel.py
copying file /Users/calum/Developer/Excelerator/env/lib/python3.11/site-packages/pandas/tests/frame/methods/test_truncate.py -> /Users/calum/Developer/Excelerator/dist/Excelerate.app/Contents/Resources/lib/python3.11/pandas/tests/frame/methods/test_truncate.py
copying file /Users/calum/Developer/Excelerator/env/lib/python3.11/site-packages/pandas/tests/frame/methods/test_drop_duplicates.py -> /Users/calum/Developer/Excelerator/dist/Excelerate.app/Contents/Resources/lib/python3.11/pandas/tests/frame/methods/test_drop_duplicates.py
copying file /Users/calum/Developer/Excelerator/env/lib/python3.11/site-packages/pandas/tests/frame/methods/__init__.py -> /Users/calum/Developer/Excelerator/dist/Excelerate.app/Contents/Resources/lib/python3.11/pandas/tests/frame/methods/__init__.py
copying file /Users/calum/Developer/Excelerator/env/lib/python3.11/site-packages/pandas/tests/frame/methods/test_between_time.py -> /Users/calum/Developer/Excelerator/dist/Excelerate.app/Contents/Resources/lib/python3.11/pandas/tests/frame/methods/test_between_time.py
copying file /Users/calum/Developer/Excelerator/env/lib/python3.11/site-packages/pandas/tests/frame/methods/test_head_tail.py -> /Users/calum/Developer/Excelerator/dist/Excelerate.app/Contents/Resources/lib/python3.11/pandas/tests/frame/methods/test_head_tail.py
copying file /Users/calum/Developer/Excelerator/env/lib/python3.11/site-packages/pandas/tests/frame/methods/test_to_timestamp.py -> /Users/calum/Developer/Excelerator/dist/Excelerate.app/Contents/Resources/lib/python3.11/pandas/tests/frame/methods/test_to_timestamp.py
copying file /Users/calum/Developer/Excelerator/env/lib/python3.11/site-packages/pandas/tests/frame/methods/test_reorder_levels.py -> /Users/calum/Developer/Excelerator/dist/Excelerate.app/Contents/Resources/lib/python3.11/pandas/tests/frame/methods/test_reorder_levels.py
creating /Users/calum/Developer/Excelerator/dist/Excelerate.app/Contents/Resources/lib/python3.11/pandas/tests/frame/methods/__pycache__
copying file /Users/calum/Developer/Excelerator/env/lib/python3.11/site-packages/pandas/tests/frame/methods/__pycache__/test_update.cpython-311.pyc -> /Users/calum/Developer/Excelerator/dist/Excelerate.app/Contents/Resources/lib/python3.11/pandas/tests/frame/methods/__pycache__/test_update.cpython-311.pyc
copying file /Users/calum/Developer/Excelerator/env/lib/python3.11/site-packages/pandas/tests/frame/methods/__pycache__/test_explode.cpython-311.pyc -> /Users/calum/Developer/Excelerator/dist/Excelerate.app/Contents/Resources/lib/python3.11/pandas/tests/frame/methods/__pycache__/test_explode.cpython-311.pyc
copying file /Users/calum/Developer/Excelerator/env/lib/python3.11/site-packages/pandas/tests/frame/methods/__pycache__/test_quantile.cpython-311.pyc -> /Users/calum/Developer/Excelerator/dist/Excelerate.app/Contents/Resources/lib/python3.11/pandas/tests/frame/methods/__pycache__/test_quantile.cpython-311.pyc
copying file /Users/calum/Developer/Excelerator/env/lib/python3.11/site-packages/pandas/tests/frame/methods/__pycache__/test_asof.cpython-311.pyc -> /Users/calum/Developer/Excelerator/dist/Excelerate.app/Contents/Resources/lib/python3.11/pandas/tests/frame/methods/__pycache__/test_asof.cpython-311.pyc
copying file /Users/calum/Developer/Excelerator/env/lib/python3.11/site-packages/pandas/tests/frame/methods/__pycache__/test_to_period.cpython-311.pyc -> /Users/calum/Developer/Excelerator/dist/Excelerate.app/Contents/Resources/lib/python3.11/pandas/tests/frame/methods/__pycache__/test_to_period.cpython-311.pyc
copying file /Users/calum/Developer/Excelerator/env/lib/python3.11/site-packages/pandas/tests/frame/methods/__pycache__/test_value_counts.cpython-311.pyc -> /Users/calum/Developer/Excelerator/dist/Excelerate.app/Contents/Resources/lib/python3.11/pandas/tests/frame/methods/__pycache__/test_value_counts.cpython-311.pyc
copying file /Users/calum/Developer/Excelerator/env/lib/python3.11/site-packages/pandas/tests/frame/methods/__pycache__/test_convert_dtypes.cpython-311.pyc -> /Users/calum/Developer/Excelerator/dist/Excelerate.app/Contents/Resources/lib/python3.11/pandas/tests/frame/methods/__pycache__/test_convert_dtypes.cpython-311.pyc
copying file /Users/calum/Developer/Excelerator/env/lib/python3.11/site-packages/pandas/tests/frame/methods/__pycache__/test_sample.cpython-311.pyc -> /Users/calum/Developer/Excelerator/dist/Excelerate.app/Contents/Resources/lib/python3.11/pandas/tests/frame/methods/__pycache__/test_sample.cpython-311.pyc
copying file /Users/calum/Developer/Excelerator/env/lib/python3.11/site-packages/pandas/tests/frame/methods/__pycache__/test_sort_index.cpython-311.pyc -> /Users/calum/Developer/Excelerator/dist/Excelerate.app/Contents/Resources/lib/python3.11/pandas/tests/frame/methods/__pycache__/test_sort_index.cpython-311.pyc
copying file /Users/calum/Developer/Excelerator/env/lib/python3.11/site-packages/pandas/tests/frame/methods/__pycache__/test_asfreq.cpython-311.pyc -> /Users/calum/Developer/Excelerator/dist/Excelerate.app/Contents/Resources/lib/python3.11/pandas/tests/frame/methods/__pycache__/test_asfreq.cpython-311.pyc
copying file /Users/calum/Developer/Excelerator/env/lib/python3.11/site-packages/pandas/tests/frame/methods/__pycache__/test_reset_index.cpython-311.pyc -> /Users/calum/Developer/Excelerator/dist/Excelerate.app/Contents/Resources/lib/python3.11/pandas/tests/frame/methods/__pycache__/test_reset_index.cpython-311.pyc
copying file /Users/calum/Developer/Excelerator/env/lib/python3.11/site-packages/pandas/tests/frame/methods/__pycache__/test_to_dict_of_blocks.cpython-311.pyc -> /Users/calum/Developer/Excelerator/dist/Excelerate.app/Contents/Resources/lib/python3.11/pandas/tests/frame/methods/__pycache__/test_to_dict_of_blocks.cpython-311.pyc
copying file /Users/calum/Developer/Excelerator/env/lib/python3.11/site-packages/pandas/tests/frame/methods/__pycache__/test_dropna.cpython-311.pyc -> /Users/calum/Developer/Excelerator/dist/Excelerate.app/Contents/Resources/lib/python3.11/pandas/tests/frame/methods/__pycache__/test_dropna.cpython-311.pyc
copying file /Users/calum/Developer/Excelerator/env/lib/python3.11/site-packages/pandas/tests/frame/methods/__pycache__/test_drop_duplicates.cpython-311.pyc -> /Users/calum/Developer/Excelerator/dist/Excelerate.app/Contents/Resources/lib/python3.11/pandas/tests/frame/methods/__pycache__/test_drop_duplicates.cpython-311.pyc
copying file /Users/calum/Developer/Excelerator/env/lib/python3.11/site-packages/pandas/tests/frame/methods/__pycache__/test_duplicated.cpython-311.pyc -> /Users/calum/Developer/Excelerator/dist/Excelerate.app/Contents/Resources/lib/python3.11/pandas/tests/frame/methods/__pycache__/test_duplicated.cpython-311.pyc
copying file /Users/calum/Developer/Excelerator/env/lib/python3.11/site-packages/pandas/tests/frame/methods/__pycache__/test_to_dict.cpython-311.pyc -> /Users/calum/Developer/Excelerator/dist/Excelerate.app/Contents/Resources/lib/python3.11/pandas/tests/frame/methods/__pycache__/test_to_dict.cpython-311.pyc
copying file /Users/calum/Developer/Excelerator/env/lib/python3.11/site-packages/pandas/tests/frame/methods/__pycache__/test_at_time.cpython-311.pyc -> /Users/calum/Developer/Excelerator/dist/Excelerate.app/Contents/Resources/lib/python3.11/pandas/tests/frame/methods/__pycache__/test_at_time.cpython-311.pyc
copying file /Users/calum/Developer/Excelerator/env/lib/python3.11/site-packages/pandas/tests/frame/methods/__pycache__/test_sort_values.cpython-311.pyc -> /Users/calum/Developer/Excelerator/dist/Excelerate.app/Contents/Resources/lib/python3.11/pandas/tests/frame/methods/__pycache__/test_sort_values.cpython-311.pyc
copying file /Users/calum/Developer/Excelerator/env/lib/python3.11/site-packages/pandas/tests/frame/methods/__pycache__/test_combine_first.cpython-311.pyc -> /Users/calum/Developer/Excelerator/dist/Excelerate.app/Contents/Resources/lib/python3.11/pandas/tests/frame/methods/__pycache__/test_combine_first.cpython-311.pyc
copying file /Users/calum/Developer/Excelerator/env/lib/python3.11/site-packages/pandas/tests/frame/methods/__pycache__/test_first_and_last.cpython-311.pyc -> /Users/calum/Developer/Excelerator/dist/Excelerate.app/Contents/Resources/lib/python3.11/pandas/tests/frame/methods/__pycache__/test_first_and_last.cpython-311.pyc
copying file /Users/calum/Developer/Excelerator/env/lib/python3.11/site-packages/pandas/tests/frame/methods/__pycache__/test_to_timestamp.cpython-311.pyc -> /Users/calum/Developer/Excelerator/dist/Excelerate.app/Contents/Resources/lib/python3.11/pandas/tests/frame/methods/__pycache__/test_to_timestamp.cpython-311.pyc
copying file /Users/calum/Developer/Excelerator/env/lib/python3.11/site-packages/pandas/tests/frame/methods/__pycache__/test_equals.cpython-311.pyc -> /Users/calum/Developer/Excelerator/dist/Excelerate.app/Contents/Resources/lib/python3.11/pandas/tests/frame/methods/__pycache__/test_equals.cpython-311.pyc
copying file /Users/calum/Developer/Excelerator/env/lib/python3.11/site-packages/pandas/tests/frame/methods/__pycache__/test_round.cpython-311.pyc -> /Users/calum/Developer/Excelerator/dist/Excelerate.app/Contents/Resources/lib/python3.11/pandas/tests/frame/methods/__pycache__/test_round.cpython-311.pyc
copying file /Users/calum/Developer/Excelerator/env/lib/python3.11/site-packages/pandas/tests/frame/methods/__pycache__/test_transpose.cpython-311.pyc -> /Users/calum/Developer/Excelerator/dist/Excelerate.app/Contents/Resources/lib/python3.11/pandas/tests/frame/methods/__pycache__/test_transpose.cpython-311.pyc
copying file /Users/calum/Developer/Excelerator/env/lib/python3.11/site-packages/pandas/tests/frame/methods/__pycache__/test_nlargest.cpython-311.pyc -> /Users/calum/Developer/Excelerator/dist/Excelerate.app/Contents/Resources/lib/python3.11/pandas/tests/frame/methods/__pycache__/test_nlargest.cpython-311.pyc
copying file /Users/calum/Developer/Excelerator/env/lib/python3.11/site-packages/pandas/tests/frame/methods/__pycache__/test_swaplevel.cpython-311.pyc -> /Users/calum/Developer/Excelerator/dist/Excelerate.app/Contents/Resources/lib/python3.11/pandas/tests/frame/methods/__pycache__/test_swaplevel.cpython-311.pyc
copying file /Users/calum/Developer/Excelerator/env/lib/python3.11/site-packages/pandas/tests/frame/methods/__pycache__/test_align.cpython-311.pyc -> /Users/calum/Developer/Excelerator/dist/Excelerate.app/Contents/Resources/lib/python3.11/pandas/tests/frame/methods/__pycache__/test_align.cpython-311.pyc
copying file /Users/calum/Developer/Excelerator/env/lib/python3.11/site-packages/pandas/tests/frame/methods/__pycache__/test_reindex_like.cpython-311.pyc -> /Users/calum/Developer/Excelerator/dist/Excelerate.app/Contents/Resources/lib/python3.11/pandas/tests/frame/methods/__pycache__/test_reindex_like.cpython-311.pyc
copying file /Users/calum/Developer/Excelerator/env/lib/python3.11/site-packages/pandas/tests/frame/methods/__pycache__/test_swapaxes.cpython-311.pyc -> /Users/calum/Developer/Excelerator/dist/Excelerate.app/Contents/Resources/lib/python3.11/pandas/tests/frame/methods/__pycache__/test_swapaxes.cpython-311.pyc
copying file /Users/calum/Developer/Excelerator/env/lib/python3.11/site-packages/pandas/tests/frame/methods/__pycache__/test_to_numpy.cpython-311.pyc -> /Users/calum/Developer/Excelerator/dist/Excelerate.app/Contents/Resources/lib/python3.11/pandas/tests/frame/methods/__pycache__/test_to_numpy.cpython-311.pyc
copying file /Users/calum/Developer/Excelerator/env/lib/python3.11/site-packages/pandas/tests/frame/methods/__pycache__/test_get_numeric_data.cpython-311.pyc -> /Users/calum/Developer/Excelerator/dist/Excelerate.app/Contents/Resources/lib/python3.11/pandas/tests/frame/methods/__pycache__/test_get_numeric_data.cpython-311.pyc
copying file /Users/calum/Developer/Excelerator/env/lib/python3.11/site-packages/pandas/tests/frame/methods/__pycache__/test_reorder_levels.cpython-311.pyc -> /Users/calum/Developer/Excelerator/dist/Excelerate.app/Contents/Resources/lib/python3.11/pandas/tests/frame/methods/__pycache__/test_reorder_levels.cpython-311.pyc
copying file /Users/calum/Developer/Excelerator/env/lib/python3.11/site-packages/pandas/tests/frame/methods/__pycache__/test_copy.cpython-311.pyc -> /Users/calum/Developer/Excelerator/dist/Excelerate.app/Contents/Resources/lib/python3.11/pandas/tests/frame/methods/__pycache__/test_copy.cpython-311.pyc
copying file /Users/calum/Developer/Excelerator/env/lib/python3.11/site-packages/pandas/tests/frame/methods/__pycache__/test_size.cpython-311.pyc -> /Users/calum/Developer/Excelerator/dist/Excelerate.app/Contents/Resources/lib/python3.11/pandas/tests/frame/methods/__pycache__/test_size.cpython-311.pyc
copying file /Users/calum/Developer/Excelerator/env/lib/python3.11/site-packages/pandas/tests/frame/methods/__pycache__/test_assign.cpython-311.pyc -> /Users/calum/Developer/Excelerator/dist/Excelerate.app/Contents/Resources/lib/python3.11/pandas/tests/frame/methods/__pycache__/test_assign.cpython-311.pyc
copying file /Users/calum/Developer/Excelerator/env/lib/python3.11/site-packages/pandas/tests/frame/methods/__pycache__/test_shift.cpython-311.pyc -> /Users/calum/Developer/Excelerator/dist/Excelerate.app/Contents/Resources/lib/python3.11/pandas/tests/frame/methods/__pycache__/test_shift.cpython-311.pyc
copying file /Users/calum/Developer/Excelerator/env/lib/python3.11/site-packages/pandas/tests/frame/methods/__pycache__/test_rename_axis.cpython-311.pyc -> /Users/calum/Developer/Excelerator/dist/Excelerate.app/Contents/Resources/lib/python3.11/pandas/tests/frame/methods/__pycache__/test_rename_axis.cpython-311.pyc
copying file /Users/calum/Developer/Excelerator/env/lib/python3.11/site-packages/pandas/tests/frame/methods/__pycache__/test_pct_change.cpython-311.pyc -> /Users/calum/Developer/Excelerator/dist/Excelerate.app/Contents/Resources/lib/python3.11/pandas/tests/frame/methods/__pycache__/test_pct_change.cpython-311.pyc
copying file /Users/calum/Developer/Excelerator/env/lib/python3.11/site-packages/pandas/tests/frame/methods/__pycache__/test_set_axis.cpython-311.pyc -> /Users/calum/Developer/Excelerator/dist/Excelerate.app/Contents/Resources/lib/python3.11/pandas/tests/frame/methods/__pycache__/test_set_axis.cpython-311.pyc
copying file /Users/calum/Developer/Excelerator/env/lib/python3.11/site-packages/pandas/tests/frame/methods/__pycache__/test_infer_objects.cpython-311.pyc -> /Users/calum/Developer/Excelerator/dist/Excelerate.app/Contents/Resources/lib/python3.11/pandas/tests/frame/methods/__pycache__/test_infer_objects.cpython-311.pyc
copying file /Users/calum/Developer/Excelerator/env/lib/python3.11/site-packages/pandas/tests/frame/methods/__pycache__/test_count.cpython-311.pyc -> /Users/calum/Developer/Excelerator/dist/Excelerate.app/Contents/Resources/lib/python3.11/pandas/tests/frame/methods/__pycache__/test_count.cpython-311.pyc
copying file /Users/calum/Developer/Excelerator/env/lib/python3.11/site-packages/pandas/tests/frame/methods/__pycache__/test_filter.cpython-311.pyc -> /Users/calum/Developer/Excelerator/dist/Excelerate.app/Contents/Resources/lib/python3.11/pandas/tests/frame/methods/__pycache__/test_filter.cpython-311.pyc
copying file /Users/calum/Developer/Excelerator/env/lib/python3.11/site-packages/pandas/tests/frame/methods/__pycache__/test_compare.cpython-311.pyc -> /Users/calum/Developer/Excelerator/dist/Excelerate.app/Contents/Resources/lib/python3.11/pandas/tests/frame/methods/__pycache__/test_compare.cpython-311.pyc
copying file /Users/calum/Developer/Excelerator/env/lib/python3.11/site-packages/pandas/tests/frame/methods/__pycache__/test_fillna.cpython-311.pyc -> /Users/calum/Developer/Excelerator/dist/Excelerate.app/Contents/Resources/lib/python3.11/pandas/tests/frame/methods/__pycache__/test_fillna.cpython-311.pyc
copying file /Users/calum/Developer/Excelerator/env/lib/python3.11/site-packages/pandas/tests/frame/methods/__pycache__/test_droplevel.cpython-311.pyc -> /Users/calum/Developer/Excelerator/dist/Excelerate.app/Contents/Resources/lib/python3.11/pandas/tests/frame/methods/__pycache__/test_droplevel.cpython-311.pyc
copying file /Users/calum/Developer/Excelerator/env/lib/python3.11/site-packages/pandas/tests/frame/methods/__pycache__/test_join.cpython-311.pyc -> /Users/calum/Developer/Excelerator/dist/Excelerate.app/Contents/Resources/lib/python3.11/pandas/tests/frame/methods/__pycache__/test_join.cpython-311.pyc
copying file /Users/calum/Developer/Excelerator/env/lib/python3.11/site-packages/pandas/tests/frame/methods/__pycache__/test_rename.cpython-311.pyc -> /Users/calum/Developer/Excelerator/dist/Excelerate.app/Contents/Resources/lib/python3.11/pandas/tests/frame/methods/__pycache__/test_rename.cpython-311.pyc
copying file /Users/calum/Developer/Excelerator/env/lib/python3.11/site-packages/pandas/tests/frame/methods/__pycache__/test_to_csv.cpython-311.pyc -> /Users/calum/Developer/Excelerator/dist/Excelerate.app/Contents/Resources/lib/python3.11/pandas/tests/frame/methods/__pycache__/test_to_csv.cpython-311.pyc
copying file /Users/calum/Developer/Excelerator/env/lib/python3.11/site-packages/pandas/tests/frame/methods/__pycache__/test_truncate.cpython-311.pyc -> /Users/calum/Developer/Excelerator/dist/Excelerate.app/Contents/Resources/lib/python3.11/pandas/tests/frame/methods/__pycache__/test_truncate.cpython-311.pyc
copying file /Users/calum/Developer/Excelerator/env/lib/python3.11/site-packages/pandas/tests/frame/methods/__pycache__/test_matmul.cpython-311.pyc -> /Users/calum/Developer/Excelerator/dist/Excelerate.app/Contents/Resources/lib/python3.11/pandas/tests/frame/methods/__pycache__/test_matmul.cpython-311.pyc
copying file /Users/calum/Developer/Excelerator/env/lib/python3.11/site-packages/pandas/tests/frame/methods/__pycache__/test_head_tail.cpython-311.pyc -> /Users/calum/Developer/Excelerator/dist/Excelerate.app/Contents/Resources/lib/python3.11/pandas/tests/frame/methods/__pycache__/test_head_tail.cpython-311.pyc
copying file /Users/calum/Developer/Excelerator/env/lib/python3.11/site-packages/pandas/tests/frame/methods/__pycache__/test_combine.cpython-311.pyc -> /Users/calum/Developer/Excelerator/dist/Excelerate.app/Contents/Resources/lib/python3.11/pandas/tests/frame/methods/__pycache__/test_combine.cpython-311.pyc
copying file /Users/calum/Developer/Excelerator/env/lib/python3.11/site-packages/pandas/tests/frame/methods/__pycache__/test_select_dtypes.cpython-311.pyc -> /Users/calum/Developer/Excelerator/dist/Excelerate.app/Contents/Resources/lib/python3.11/pandas/tests/frame/methods/__pycache__/test_select_dtypes.cpython-311.pyc
copying file /Users/calum/Developer/Excelerator/env/lib/python3.11/site-packages/pandas/tests/frame/methods/__pycache__/test_rank.cpython-311.pyc -> /Users/calum/Developer/Excelerator/dist/Excelerate.app/Contents/Resources/lib/python3.11/pandas/tests/frame/methods/__pycache__/test_rank.cpython-311.pyc
copying file /Users/calum/Developer/Excelerator/env/lib/python3.11/site-packages/pandas/tests/frame/methods/__pycache__/test_set_index.cpython-311.pyc -> /Users/calum/Developer/Excelerator/dist/Excelerate.app/Contents/Resources/lib/python3.11/pandas/tests/frame/methods/__pycache__/test_set_index.cpython-311.pyc
copying file /Users/calum/Developer/Excelerator/env/lib/python3.11/site-packages/pandas/tests/frame/methods/__pycache__/test_is_homogeneous_dtype.cpython-311.pyc -> /Users/calum/Developer/Excelerator/dist/Excelerate.app/Contents/Resources/lib/python3.11/pandas/tests/frame/methods/__pycache__/test_is_homogeneous_dtype.cpython-311.pyc
copying file /Users/calum/Developer/Excelerator/env/lib/python3.11/site-packages/pandas/tests/frame/methods/__pycache__/test_dtypes.cpython-311.pyc -> /Users/calum/Developer/Excelerator/dist/Excelerate.app/Contents/Resources/lib/python3.11/pandas/tests/frame/methods/__pycache__/test_dtypes.cpython-311.pyc
copying file /Users/calum/Developer/Excelerator/env/lib/python3.11/site-packages/pandas/tests/frame/methods/__pycache__/test_tz_convert.cpython-311.pyc -> /Users/calum/Developer/Excelerator/dist/Excelerate.app/Contents/Resources/lib/python3.11/pandas/tests/frame/methods/__pycache__/test_tz_convert.cpython-311.pyc
copying file /Users/calum/Developer/Excelerator/env/lib/python3.11/site-packages/pandas/tests/frame/methods/__pycache__/test_between_time.cpython-311.pyc -> /Users/calum/Developer/Excelerator/dist/Excelerate.app/Contents/Resources/lib/python3.11/pandas/tests/frame/methods/__pycache__/test_between_time.cpython-311.pyc
copying file /Users/calum/Developer/Excelerator/env/lib/python3.11/site-packages/pandas/tests/frame/methods/__pycache__/test_isin.cpython-311.pyc -> /Users/calum/Developer/Excelerator/dist/Excelerate.app/Contents/Resources/lib/python3.11/pandas/tests/frame/methods/__pycache__/test_isin.cpython-311.pyc
copying file /Users/calum/Developer/Excelerator/env/lib/python3.11/site-packages/pandas/tests/frame/methods/__pycache__/test_drop.cpython-311.pyc -> /Users/calum/Developer/Excelerator/dist/Excelerate.app/Contents/Resources/lib/python3.11/pandas/tests/frame/methods/__pycache__/test_drop.cpython-311.pyc
copying file /Users/calum/Developer/Excelerator/env/lib/python3.11/site-packages/pandas/tests/frame/methods/__pycache__/test_reindex.cpython-311.pyc -> /Users/calum/Developer/Excelerator/dist/Excelerate.app/Contents/Resources/lib/python3.11/pandas/tests/frame/methods/__pycache__/test_reindex.cpython-311.pyc
copying file /Users/calum/Developer/Excelerator/env/lib/python3.11/site-packages/pandas/tests/frame/methods/__pycache__/test_add_prefix_suffix.cpython-311.pyc -> /Users/calum/Developer/Excelerator/dist/Excelerate.app/Contents/Resources/lib/python3.11/pandas/tests/frame/methods/__pycache__/test_add_prefix_suffix.cpython-311.pyc
copying file /Users/calum/Developer/Excelerator/env/lib/python3.11/site-packages/pandas/tests/frame/methods/__pycache__/test_first_valid_index.cpython-311.pyc -> /Users/calum/Developer/Excelerator/dist/Excelerate.app/Contents/Resources/lib/python3.11/pandas/tests/frame/methods/__pycache__/test_first_valid_index.cpython-311.pyc
copying file /Users/calum/Developer/Excelerator/env/lib/python3.11/site-packages/pandas/tests/frame/methods/__pycache__/test_pipe.cpython-311.pyc -> /Users/calum/Developer/Excelerator/dist/Excelerate.app/Contents/Resources/lib/python3.11/pandas/tests/frame/methods/__pycache__/test_pipe.cpython-311.pyc
copying file /Users/calum/Developer/Excelerator/env/lib/python3.11/site-packages/pandas/tests/frame/methods/__pycache__/test_iterrows.cpython-311.pyc -> /Users/calum/Developer/Excelerator/dist/Excelerate.app/Contents/Resources/lib/python3.11/pandas/tests/frame/methods/__pycache__/test_iterrows.cpython-311.pyc
copying file /Users/calum/Developer/Excelerator/env/lib/python3.11/site-packages/pandas/tests/frame/methods/__pycache__/test_isetitem.cpython-311.pyc -> /Users/calum/Developer/Excelerator/dist/Excelerate.app/Contents/Resources/lib/python3.11/pandas/tests/frame/methods/__pycache__/test_isetitem.cpython-311.pyc
copying file /Users/calum/Developer/Excelerator/env/lib/python3.11/site-packages/pandas/tests/frame/methods/__pycache__/test_tz_localize.cpython-311.pyc -> /Users/calum/Developer/Excelerator/dist/Excelerate.app/Contents/Resources/lib/python3.11/pandas/tests/frame/methods/__pycache__/test_tz_localize.cpython-311.pyc
copying file /Users/calum/Developer/Excelerator/env/lib/python3.11/site-packages/pandas/tests/frame/methods/__pycache__/test_to_records.cpython-311.pyc -> /Users/calum/Developer/Excelerator/dist/Excelerate.app/Contents/Resources/lib/python3.11/pandas/tests/frame/methods/__pycache__/test_to_records.cpython-311.pyc
copying file /Users/calum/Developer/Excelerator/env/lib/python3.11/site-packages/pandas/tests/frame/methods/__pycache__/test_clip.cpython-311.pyc -> /Users/calum/Developer/Excelerator/dist/Excelerate.app/Contents/Resources/lib/python3.11/pandas/tests/frame/methods/__pycache__/test_clip.cpython-311.pyc
copying file /Users/calum/Developer/Excelerator/env/lib/python3.11/site-packages/pandas/tests/frame/methods/__pycache__/test_diff.cpython-311.pyc -> /Users/calum/Developer/Excelerator/dist/Excelerate.app/Contents/Resources/lib/python3.11/pandas/tests/frame/methods/__pycache__/test_diff.cpython-311.pyc
copying file /Users/calum/Developer/Excelerator/env/lib/python3.11/site-packages/pandas/tests/frame/methods/__pycache__/test_astype.cpython-311.pyc -> /Users/calum/Developer/Excelerator/dist/Excelerate.app/Contents/Resources/lib/python3.11/pandas/tests/frame/methods/__pycache__/test_astype.cpython-311.pyc
copying file /Users/calum/Developer/Excelerator/env/lib/python3.11/site-packages/pandas/tests/frame/methods/__pycache__/test_describe.cpython-311.pyc -> /Users/calum/Developer/Excelerator/dist/Excelerate.app/Contents/Resources/lib/python3.11/pandas/tests/frame/methods/__pycache__/test_describe.cpython-311.pyc
copying file /Users/calum/Developer/Excelerator/env/lib/python3.11/site-packages/pandas/tests/frame/methods/__pycache__/test_values.cpython-311.pyc -> /Users/calum/Developer/Excelerator/dist/Excelerate.app/Contents/Resources/lib/python3.11/pandas/tests/frame/methods/__pycache__/test_values.cpython-311.pyc
copying file /Users/calum/Developer/Excelerator/env/lib/python3.11/site-packages/pandas/tests/frame/methods/__pycache__/test_dot.cpython-311.pyc -> /Users/calum/Developer/Excelerator/dist/Excelerate.app/Contents/Resources/lib/python3.11/pandas/tests/frame/methods/__pycache__/test_dot.cpython-311.pyc
copying file /Users/calum/Developer/Excelerator/env/lib/python3.11/site-packages/pandas/tests/frame/methods/__pycache__/__init__.cpython-311.pyc -> /Users/calum/Developer/Excelerator/dist/Excelerate.app/Contents/Resources/lib/python3.11/pandas/tests/frame/methods/__pycache__/__init__.cpython-311.pyc
copying file /Users/calum/Developer/Excelerator/env/lib/python3.11/site-packages/pandas/tests/frame/methods/__pycache__/test_map.cpython-311.pyc -> /Users/calum/Developer/Excelerator/dist/Excelerate.app/Contents/Resources/lib/python3.11/pandas/tests/frame/methods/__pycache__/test_map.cpython-311.pyc
copying file /Users/calum/Developer/Excelerator/env/lib/python3.11/site-packages/pandas/tests/frame/methods/__pycache__/test_replace.cpython-311.pyc -> /Users/calum/Developer/Excelerator/dist/Excelerate.app/Contents/Resources/lib/python3.11/pandas/tests/frame/methods/__pycache__/test_replace.cpython-311.pyc
copying file /Users/calum/Developer/Excelerator/env/lib/python3.11/site-packages/pandas/tests/frame/methods/__pycache__/test_info.cpython-311.pyc -> /Users/calum/Developer/Excelerator/dist/Excelerate.app/Contents/Resources/lib/python3.11/pandas/tests/frame/methods/__pycache__/test_info.cpython-311.pyc
copying file /Users/calum/Developer/Excelerator/env/lib/python3.11/site-packages/pandas/tests/frame/methods/__pycache__/test_pop.cpython-311.pyc -> /Users/calum/Developer/Excelerator/dist/Excelerate.app/Contents/Resources/lib/python3.11/pandas/tests/frame/methods/__pycache__/test_pop.cpython-311.pyc
copying file /Users/calum/Developer/Excelerator/env/lib/python3.11/site-packages/pandas/tests/frame/methods/__pycache__/test_interpolate.cpython-311.pyc -> /Users/calum/Developer/Excelerator/dist/Excelerate.app/Contents/Resources/lib/python3.11/pandas/tests/frame/methods/__pycache__/test_interpolate.cpython-311.pyc
copying file /Users/calum/Developer/Excelerator/env/lib/python3.11/site-packages/pandas/tests/frame/methods/__pycache__/test_cov_corr.cpython-311.pyc -> /Users/calum/Developer/Excelerator/dist/Excelerate.app/Contents/Resources/lib/python3.11/pandas/tests/frame/methods/__pycache__/test_cov_corr.cpython-311.pyc
copying file /Users/calum/Developer/Excelerator/env/lib/python3.11/site-packages/pandas/tests/frame/methods/test_count.py -> /Users/calum/Developer/Excelerator/dist/Excelerate.app/Contents/Resources/lib/python3.11/pandas/tests/frame/methods/test_count.py
copying file /Users/calum/Developer/Excelerator/env/lib/python3.11/site-packages/pandas/tests/frame/methods/test_quantile.py -> /Users/calum/Developer/Excelerator/dist/Excelerate.app/Contents/Resources/lib/python3.11/pandas/tests/frame/methods/test_quantile.py
copying file /Users/calum/Developer/Excelerator/env/lib/python3.11/site-packages/pandas/tests/frame/methods/test_equals.py -> /Users/calum/Developer/Excelerator/dist/Excelerate.app/Contents/Resources/lib/python3.11/pandas/tests/frame/methods/test_equals.py
copying file /Users/calum/Developer/Excelerator/env/lib/python3.11/site-packages/pandas/tests/frame/methods/test_nlargest.py -> /Users/calum/Developer/Excelerator/dist/Excelerate.app/Contents/Resources/lib/python3.11/pandas/tests/frame/methods/test_nlargest.py
copying file /Users/calum/Developer/Excelerator/env/lib/python3.11/site-packages/pandas/tests/frame/methods/test_tz_localize.py -> /Users/calum/Developer/Excelerator/dist/Excelerate.app/Contents/Resources/lib/python3.11/pandas/tests/frame/methods/test_tz_localize.py
copying file /Users/calum/Developer/Excelerator/env/lib/python3.11/site-packages/pandas/tests/frame/methods/test_to_dict_of_blocks.py -> /Users/calum/Developer/Excelerator/dist/Excelerate.app/Contents/Resources/lib/python3.11/pandas/tests/frame/methods/test_to_dict_of_blocks.py
copying file /Users/calum/Developer/Excelerator/env/lib/python3.11/site-packages/pandas/tests/frame/methods/test_update.py -> /Users/calum/Developer/Excelerator/dist/Excelerate.app/Contents/Resources/lib/python3.11/pandas/tests/frame/methods/test_update.py
copying file /Users/calum/Developer/Excelerator/env/lib/python3.11/site-packages/pandas/tests/frame/methods/test_diff.py -> /Users/calum/Developer/Excelerator/dist/Excelerate.app/Contents/Resources/lib/python3.11/pandas/tests/frame/methods/test_diff.py
copying file /Users/calum/Developer/Excelerator/env/lib/python3.11/site-packages/pandas/tests/frame/methods/test_astype.py -> /Users/calum/Developer/Excelerator/dist/Excelerate.app/Contents/Resources/lib/python3.11/pandas/tests/frame/methods/test_astype.py
copying file /Users/calum/Developer/Excelerator/env/lib/python3.11/site-packages/pandas/tests/frame/methods/test_dot.py -> /Users/calum/Developer/Excelerator/dist/Excelerate.app/Contents/Resources/lib/python3.11/pandas/tests/frame/methods/test_dot.py
copying file /Users/calum/Developer/Excelerator/env/lib/python3.11/site-packages/pandas/tests/frame/methods/test_dropna.py -> /Users/calum/Developer/Excelerator/dist/Excelerate.app/Contents/Resources/lib/python3.11/pandas/tests/frame/methods/test_dropna.py
copying file /Users/calum/Developer/Excelerator/env/lib/python3.11/site-packages/pandas/tests/frame/methods/test_explode.py -> /Users/calum/Developer/Excelerator/dist/Excelerate.app/Contents/Resources/lib/python3.11/pandas/tests/frame/methods/test_explode.py
copying file /Users/calum/Developer/Excelerator/env/lib/python3.11/site-packages/pandas/tests/frame/methods/test_set_axis.py -> /Users/calum/Developer/Excelerator/dist/Excelerate.app/Contents/Resources/lib/python3.11/pandas/tests/frame/methods/test_set_axis.py
copying file /Users/calum/Developer/Excelerator/env/lib/python3.11/site-packages/pandas/tests/frame/methods/test_matmul.py -> /Users/calum/Developer/Excelerator/dist/Excelerate.app/Contents/Resources/lib/python3.11/pandas/tests/frame/methods/test_matmul.py
copying file /Users/calum/Developer/Excelerator/env/lib/python3.11/site-packages/pandas/tests/frame/methods/test_values.py -> /Users/calum/Developer/Excelerator/dist/Excelerate.app/Contents/Resources/lib/python3.11/pandas/tests/frame/methods/test_values.py
copying file /Users/calum/Developer/Excelerator/env/lib/python3.11/site-packages/pandas/tests/frame/methods/test_duplicated.py -> /Users/calum/Developer/Excelerator/dist/Excelerate.app/Contents/Resources/lib/python3.11/pandas/tests/frame/methods/test_duplicated.py
copying file /Users/calum/Developer/Excelerator/env/lib/python3.11/site-packages/pandas/tests/frame/methods/test_at_time.py -> /Users/calum/Developer/Excelerator/dist/Excelerate.app/Contents/Resources/lib/python3.11/pandas/tests/frame/methods/test_at_time.py
copying file /Users/calum/Developer/Excelerator/env/lib/python3.11/site-packages/pandas/tests/frame/methods/test_align.py -> /Users/calum/Developer/Excelerator/dist/Excelerate.app/Contents/Resources/lib/python3.11/pandas/tests/frame/methods/test_align.py
copying file /Users/calum/Developer/Excelerator/env/lib/python3.11/site-packages/pandas/tests/frame/methods/test_pop.py -> /Users/calum/Developer/Excelerator/dist/Excelerate.app/Contents/Resources/lib/python3.11/pandas/tests/frame/methods/test_pop.py
copying file /Users/calum/Developer/Excelerator/env/lib/python3.11/site-packages/pandas/tests/frame/methods/test_pct_change.py -> /Users/calum/Developer/Excelerator/dist/Excelerate.app/Contents/Resources/lib/python3.11/pandas/tests/frame/methods/test_pct_change.py
copying file /Users/calum/Developer/Excelerator/env/lib/python3.11/site-packages/pandas/tests/frame/methods/test_isin.py -> /Users/calum/Developer/Excelerator/dist/Excelerate.app/Contents/Resources/lib/python3.11/pandas/tests/frame/methods/test_isin.py
copying file /Users/calum/Developer/Excelerator/env/lib/python3.11/site-packages/pandas/tests/frame/methods/test_rename.py -> /Users/calum/Developer/Excelerator/dist/Excelerate.app/Contents/Resources/lib/python3.11/pandas/tests/frame/methods/test_rename.py
copying file /Users/calum/Developer/Excelerator/env/lib/python3.11/site-packages/pandas/tests/frame/methods/test_fillna.py -> /Users/calum/Developer/Excelerator/dist/Excelerate.app/Contents/Resources/lib/python3.11/pandas/tests/frame/methods/test_fillna.py
copying file /Users/calum/Developer/Excelerator/env/lib/python3.11/site-packages/pandas/tests/frame/methods/test_sort_index.py -> /Users/calum/Developer/Excelerator/dist/Excelerate.app/Contents/Resources/lib/python3.11/pandas/tests/frame/methods/test_sort_index.py
copying file /Users/calum/Developer/Excelerator/env/lib/python3.11/site-packages/pandas/tests/frame/methods/test_map.py -> /Users/calum/Developer/Excelerator/dist/Excelerate.app/Contents/Resources/lib/python3.11/pandas/tests/frame/methods/test_map.py
copying file /Users/calum/Developer/Excelerator/env/lib/python3.11/site-packages/pandas/tests/frame/methods/test_drop.py -> /Users/calum/Developer/Excelerator/dist/Excelerate.app/Contents/Resources/lib/python3.11/pandas/tests/frame/methods/test_drop.py
copying file /Users/calum/Developer/Excelerator/env/lib/python3.11/site-packages/pandas/tests/frame/methods/test_first_valid_index.py -> /Users/calum/Developer/Excelerator/dist/Excelerate.app/Contents/Resources/lib/python3.11/pandas/tests/frame/methods/test_first_valid_index.py
copying file /Users/calum/Developer/Excelerator/env/lib/python3.11/site-packages/pandas/tests/frame/methods/test_set_index.py -> /Users/calum/Developer/Excelerator/dist/Excelerate.app/Contents/Resources/lib/python3.11/pandas/tests/frame/methods/test_set_index.py
copying file /Users/calum/Developer/Excelerator/env/lib/python3.11/site-packages/pandas/tests/frame/methods/test_asof.py -> /Users/calum/Developer/Excelerator/dist/Excelerate.app/Contents/Resources/lib/python3.11/pandas/tests/frame/methods/test_asof.py
copying file /Users/calum/Developer/Excelerator/env/lib/python3.11/site-packages/pandas/tests/frame/methods/test_get_numeric_data.py -> /Users/calum/Developer/Excelerator/dist/Excelerate.app/Contents/Resources/lib/python3.11/pandas/tests/frame/methods/test_get_numeric_data.py
copying file /Users/calum/Developer/Excelerator/env/lib/python3.11/site-packages/pandas/tests/frame/methods/test_compare.py -> /Users/calum/Developer/Excelerator/dist/Excelerate.app/Contents/Resources/lib/python3.11/pandas/tests/frame/methods/test_compare.py
copying file /Users/calum/Developer/Excelerator/env/lib/python3.11/site-packages/pandas/tests/frame/methods/test_to_dict.py -> /Users/calum/Developer/Excelerator/dist/Excelerate.app/Contents/Resources/lib/python3.11/pandas/tests/frame/methods/test_to_dict.py
copying file /Users/calum/Developer/Excelerator/env/lib/python3.11/site-packages/pandas/tests/frame/methods/test_pipe.py -> /Users/calum/Developer/Excelerator/dist/Excelerate.app/Contents/Resources/lib/python3.11/pandas/tests/frame/methods/test_pipe.py
copying file /Users/calum/Developer/Excelerator/env/lib/python3.11/site-packages/pandas/tests/frame/methods/test_rename_axis.py -> /Users/calum/Developer/Excelerator/dist/Excelerate.app/Contents/Resources/lib/python3.11/pandas/tests/frame/methods/test_rename_axis.py
copying file /Users/calum/Developer/Excelerator/env/lib/python3.11/site-packages/pandas/tests/frame/methods/test_rank.py -> /Users/calum/Developer/Excelerator/dist/Excelerate.app/Contents/Resources/lib/python3.11/pandas/tests/frame/methods/test_rank.py
copying file /Users/calum/Developer/Excelerator/env/lib/python3.11/site-packages/pandas/tests/frame/methods/test_replace.py -> /Users/calum/Developer/Excelerator/dist/Excelerate.app/Contents/Resources/lib/python3.11/pandas/tests/frame/methods/test_replace.py
copying file /Users/calum/Developer/Excelerator/env/lib/python3.11/site-packages/pandas/tests/frame/methods/test_clip.py -> /Users/calum/Developer/Excelerator/dist/Excelerate.app/Contents/Resources/lib/python3.11/pandas/tests/frame/methods/test_clip.py
copying file /Users/calum/Developer/Excelerator/env/lib/python3.11/site-packages/pandas/tests/frame/methods/test_info.py -> /Users/calum/Developer/Excelerator/dist/Excelerate.app/Contents/Resources/lib/python3.11/pandas/tests/frame/methods/test_info.py
copying file /Users/calum/Developer/Excelerator/env/lib/python3.11/site-packages/pandas/tests/frame/methods/test_dtypes.py -> /Users/calum/Developer/Excelerator/dist/Excelerate.app/Contents/Resources/lib/python3.11/pandas/tests/frame/methods/test_dtypes.py
copying file /Users/calum/Developer/Excelerator/env/lib/python3.11/site-packages/pandas/tests/frame/methods/test_tz_convert.py -> /Users/calum/Developer/Excelerator/dist/Excelerate.app/Contents/Resources/lib/python3.11/pandas/tests/frame/methods/test_tz_convert.py
copying file /Users/calum/Developer/Excelerator/env/lib/python3.11/site-packages/pandas/tests/frame/methods/test_select_dtypes.py -> /Users/calum/Developer/Excelerator/dist/Excelerate.app/Contents/Resources/lib/python3.11/pandas/tests/frame/methods/test_select_dtypes.py
copying file /Users/calum/Developer/Excelerator/env/lib/python3.11/site-packages/pandas/tests/frame/methods/test_droplevel.py -> /Users/calum/Developer/Excelerator/dist/Excelerate.app/Contents/Resources/lib/python3.11/pandas/tests/frame/methods/test_droplevel.py
copying file /Users/calum/Developer/Excelerator/env/lib/python3.11/site-packages/pandas/tests/frame/methods/test_asfreq.py -> /Users/calum/Developer/Excelerator/dist/Excelerate.app/Contents/Resources/lib/python3.11/pandas/tests/frame/methods/test_asfreq.py
copying file /Users/calum/Developer/Excelerator/env/lib/python3.11/site-packages/pandas/tests/frame/methods/test_to_numpy.py -> /Users/calum/Developer/Excelerator/dist/Excelerate.app/Contents/Resources/lib/python3.11/pandas/tests/frame/methods/test_to_numpy.py
copying file /Users/calum/Developer/Excelerator/env/lib/python3.11/site-packages/pandas/tests/frame/methods/test_swapaxes.py -> /Users/calum/Developer/Excelerator/dist/Excelerate.app/Contents/Resources/lib/python3.11/pandas/tests/frame/methods/test_swapaxes.py
copying file /Users/calum/Developer/Excelerator/env/lib/python3.11/site-packages/pandas/tests/frame/methods/test_interpolate.py -> /Users/calum/Developer/Excelerator/dist/Excelerate.app/Contents/Resources/lib/python3.11/pandas/tests/frame/methods/test_interpolate.py
copying file /Users/calum/Developer/Excelerator/env/lib/python3.11/site-packages/pandas/tests/frame/methods/test_reindex.py -> /Users/calum/Developer/Excelerator/dist/Excelerate.app/Contents/Resources/lib/python3.11/pandas/tests/frame/methods/test_reindex.py
copying file /Users/calum/Developer/Excelerator/env/lib/python3.11/site-packages/pandas/tests/frame/methods/test_to_csv.py -> /Users/calum/Developer/Excelerator/dist/Excelerate.app/Contents/Resources/lib/python3.11/pandas/tests/frame/methods/test_to_csv.py
copying file /Users/calum/Developer/Excelerator/env/lib/python3.11/site-packages/pandas/tests/frame/test_constructors.py -> /Users/calum/Developer/Excelerator/dist/Excelerate.app/Contents/Resources/lib/python3.11/pandas/tests/frame/test_constructors.py
copying file /Users/calum/Developer/Excelerator/env/lib/python3.11/site-packages/pandas/tests/frame/test_query_eval.py -> /Users/calum/Developer/Excelerator/dist/Excelerate.app/Contents/Resources/lib/python3.11/pandas/tests/frame/test_query_eval.py
copying file /Users/calum/Developer/Excelerator/env/lib/python3.11/site-packages/pandas/tests/frame/test_unary.py -> /Users/calum/Developer/Excelerator/dist/Excelerate.app/Contents/Resources/lib/python3.11/pandas/tests/frame/test_unary.py
copying file /Users/calum/Developer/Excelerator/env/lib/python3.11/site-packages/pandas/tests/frame/test_cumulative.py -> /Users/calum/Developer/Excelerator/dist/Excelerate.app/Contents/Resources/lib/python3.11/pandas/tests/frame/test_cumulative.py
copying file /Users/calum/Developer/Excelerator/env/lib/python3.11/site-packages/pandas/tests/frame/__init__.py -> /Users/calum/Developer/Excelerator/dist/Excelerate.app/Contents/Resources/lib/python3.11/pandas/tests/frame/__init__.py
copying file /Users/calum/Developer/Excelerator/env/lib/python3.11/site-packages/pandas/tests/frame/test_subclass.py -> /Users/calum/Developer/Excelerator/dist/Excelerate.app/Contents/Resources/lib/python3.11/pandas/tests/frame/test_subclass.py
creating /Users/calum/Developer/Excelerator/dist/Excelerate.app/Contents/Resources/lib/python3.11/pandas/tests/frame/__pycache__
copying file /Users/calum/Developer/Excelerator/env/lib/python3.11/site-packages/pandas/tests/frame/__pycache__/test_arithmetic.cpython-311.pyc -> /Users/calum/Developer/Excelerator/dist/Excelerate.app/Contents/Resources/lib/python3.11/pandas/tests/frame/__pycache__/test_arithmetic.cpython-311.pyc
copying file /Users/calum/Developer/Excelerator/env/lib/python3.11/site-packages/pandas/tests/frame/__pycache__/test_repr.cpython-311.pyc -> /Users/calum/Developer/Excelerator/dist/Excelerate.app/Contents/Resources/lib/python3.11/pandas/tests/frame/__pycache__/test_repr.cpython-311.pyc
copying file /Users/calum/Developer/Excelerator/env/lib/python3.11/site-packages/pandas/tests/frame/__pycache__/test_reductions.cpython-311.pyc -> /Users/calum/Developer/Excelerator/dist/Excelerate.app/Contents/Resources/lib/python3.11/pandas/tests/frame/__pycache__/test_reductions.cpython-311.pyc
copying file /Users/calum/Developer/Excelerator/env/lib/python3.11/site-packages/pandas/tests/frame/__pycache__/test_alter_axes.cpython-311.pyc -> /Users/calum/Developer/Excelerator/dist/Excelerate.app/Contents/Resources/lib/python3.11/pandas/tests/frame/__pycache__/test_alter_axes.cpython-311.pyc
copying file /Users/calum/Developer/Excelerator/env/lib/python3.11/site-packages/pandas/tests/frame/__pycache__/test_iteration.cpython-311.pyc -> /Users/calum/Developer/Excelerator/dist/Excelerate.app/Contents/Resources/lib/python3.11/pandas/tests/frame/__pycache__/test_iteration.cpython-311.pyc
copying file /Users/calum/Developer/Excelerator/env/lib/python3.11/site-packages/pandas/tests/frame/__pycache__/test_cumulative.cpython-311.pyc -> /Users/calum/Developer/Excelerator/dist/Excelerate.app/Contents/Resources/lib/python3.11/pandas/tests/frame/__pycache__/test_cumulative.cpython-311.pyc
copying file /Users/calum/Developer/Excelerator/env/lib/python3.11/site-packages/pandas/tests/frame/__pycache__/common.cpython-311.pyc -> /Users/calum/Developer/Excelerator/dist/Excelerate.app/Contents/Resources/lib/python3.11/pandas/tests/frame/__pycache__/common.cpython-311.pyc
copying file /Users/calum/Developer/Excelerator/env/lib/python3.11/site-packages/pandas/tests/frame/__pycache__/test_block_internals.cpython-311.pyc -> /Users/calum/Developer/Excelerator/dist/Excelerate.app/Contents/Resources/lib/python3.11/pandas/tests/frame/__pycache__/test_block_internals.cpython-311.pyc
copying file /Users/calum/Developer/Excelerator/env/lib/python3.11/site-packages/pandas/tests/frame/__pycache__/test_nonunique_indexes.cpython-311.pyc -> /Users/calum/Developer/Excelerator/dist/Excelerate.app/Contents/Resources/lib/python3.11/pandas/tests/frame/__pycache__/test_nonunique_indexes.cpython-311.pyc
copying file /Users/calum/Developer/Excelerator/env/lib/python3.11/site-packages/pandas/tests/frame/__pycache__/test_query_eval.cpython-311.pyc -> /Users/calum/Developer/Excelerator/dist/Excelerate.app/Contents/Resources/lib/python3.11/pandas/tests/frame/__pycache__/test_query_eval.cpython-311.pyc
copying file /Users/calum/Developer/Excelerator/env/lib/python3.11/site-packages/pandas/tests/frame/__pycache__/test_logical_ops.cpython-311.pyc -> /Users/calum/Developer/Excelerator/dist/Excelerate.app/Contents/Resources/lib/python3.11/pandas/tests/frame/__pycache__/test_logical_ops.cpython-311.pyc
copying file /Users/calum/Developer/Excelerator/env/lib/python3.11/site-packages/pandas/tests/frame/__pycache__/test_subclass.cpython-311.pyc -> /Users/calum/Developer/Excelerator/dist/Excelerate.app/Contents/Resources/lib/python3.11/pandas/tests/frame/__pycache__/test_subclass.cpython-311.pyc
copying file /Users/calum/Developer/Excelerator/env/lib/python3.11/site-packages/pandas/tests/frame/__pycache__/test_npfuncs.cpython-311.pyc -> /Users/calum/Developer/Excelerator/dist/Excelerate.app/Contents/Resources/lib/python3.11/pandas/tests/frame/__pycache__/test_npfuncs.cpython-311.pyc
copying file /Users/calum/Developer/Excelerator/env/lib/python3.11/site-packages/pandas/tests/frame/__pycache__/conftest.cpython-311.pyc -> /Users/calum/Developer/Excelerator/dist/Excelerate.app/Contents/Resources/lib/python3.11/pandas/tests/frame/__pycache__/conftest.cpython-311.pyc
copying file /Users/calum/Developer/Excelerator/env/lib/python3.11/site-packages/pandas/tests/frame/__pycache__/test_constructors.cpython-311.pyc -> /Users/calum/Developer/Excelerator/dist/Excelerate.app/Contents/Resources/lib/python3.11/pandas/tests/frame/__pycache__/test_constructors.cpython-311.pyc
copying file /Users/calum/Developer/Excelerator/env/lib/python3.11/site-packages/pandas/tests/frame/__pycache__/test_arrow_interface.cpython-311.pyc -> /Users/calum/Developer/Excelerator/dist/Excelerate.app/Contents/Resources/lib/python3.11/pandas/tests/frame/__pycache__/test_arrow_interface.cpython-311.pyc
copying file /Users/calum/Developer/Excelerator/env/lib/python3.11/site-packages/pandas/tests/frame/__pycache__/test_ufunc.cpython-311.pyc -> /Users/calum/Developer/Excelerator/dist/Excelerate.app/Contents/Resources/lib/python3.11/pandas/tests/frame/__pycache__/test_ufunc.cpython-311.pyc
copying file /Users/calum/Developer/Excelerator/env/lib/python3.11/site-packages/pandas/tests/frame/__pycache__/test_unary.cpython-311.pyc -> /Users/calum/Developer/Excelerator/dist/Excelerate.app/Contents/Resources/lib/python3.11/pandas/tests/frame/__pycache__/test_unary.cpython-311.pyc
copying file /Users/calum/Developer/Excelerator/env/lib/python3.11/site-packages/pandas/tests/frame/__pycache__/test_api.cpython-311.pyc -> /Users/calum/Developer/Excelerator/dist/Excelerate.app/Contents/Resources/lib/python3.11/pandas/tests/frame/__pycache__/test_api.cpython-311.pyc
copying file /Users/calum/Developer/Excelerator/env/lib/python3.11/site-packages/pandas/tests/frame/__pycache__/test_stack_unstack.cpython-311.pyc -> /Users/calum/Developer/Excelerator/dist/Excelerate.app/Contents/Resources/lib/python3.11/pandas/tests/frame/__pycache__/test_stack_unstack.cpython-311.pyc
copying file /Users/calum/Developer/Excelerator/env/lib/python3.11/site-packages/pandas/tests/frame/__pycache__/test_validate.cpython-311.pyc -> /Users/calum/Developer/Excelerator/dist/Excelerate.app/Contents/Resources/lib/python3.11/pandas/tests/frame/__pycache__/test_validate.cpython-311.pyc
copying file /Users/calum/Developer/Excelerator/env/lib/python3.11/site-packages/pandas/tests/frame/__pycache__/__init__.cpython-311.pyc -> /Users/calum/Developer/Excelerator/dist/Excelerate.app/Contents/Resources/lib/python3.11/pandas/tests/frame/__pycache__/__init__.cpython-311.pyc
creating /Users/calum/Developer/Excelerator/dist/Excelerate.app/Contents/Resources/lib/python3.11/pandas/tests/frame/constructors
copying file /Users/calum/Developer/Excelerator/env/lib/python3.11/site-packages/pandas/tests/frame/constructors/test_from_records.py -> /Users/calum/Developer/Excelerator/dist/Excelerate.app/Contents/Resources/lib/python3.11/pandas/tests/frame/constructors/test_from_records.py
copying file /Users/calum/Developer/Excelerator/env/lib/python3.11/site-packages/pandas/tests/frame/constructors/test_from_dict.py -> /Users/calum/Developer/Excelerator/dist/Excelerate.app/Contents/Resources/lib/python3.11/pandas/tests/frame/constructors/test_from_dict.py
copying file /Users/calum/Developer/Excelerator/env/lib/python3.11/site-packages/pandas/tests/frame/constructors/__init__.py -> /Users/calum/Developer/Excelerator/dist/Excelerate.app/Contents/Resources/lib/python3.11/pandas/tests/frame/constructors/__init__.py
creating /Users/calum/Developer/Excelerator/dist/Excelerate.app/Contents/Resources/lib/python3.11/pandas/tests/frame/constructors/__pycache__
copying file /Users/calum/Developer/Excelerator/env/lib/python3.11/site-packages/pandas/tests/frame/constructors/__pycache__/test_from_dict.cpython-311.pyc -> /Users/calum/Developer/Excelerator/dist/Excelerate.app/Contents/Resources/lib/python3.11/pandas/tests/frame/constructors/__pycache__/test_from_dict.cpython-311.pyc
copying file /Users/calum/Developer/Excelerator/env/lib/python3.11/site-packages/pandas/tests/frame/constructors/__pycache__/test_from_records.cpython-311.pyc -> /Users/calum/Developer/Excelerator/dist/Excelerate.app/Contents/Resources/lib/python3.11/pandas/tests/frame/constructors/__pycache__/test_from_records.cpython-311.pyc
copying file /Users/calum/Developer/Excelerator/env/lib/python3.11/site-packages/pandas/tests/frame/constructors/__pycache__/__init__.cpython-311.pyc -> /Users/calum/Developer/Excelerator/dist/Excelerate.app/Contents/Resources/lib/python3.11/pandas/tests/frame/constructors/__pycache__/__init__.cpython-311.pyc
copying file /Users/calum/Developer/Excelerator/env/lib/python3.11/site-packages/pandas/tests/frame/test_arrow_interface.py -> /Users/calum/Developer/Excelerator/dist/Excelerate.app/Contents/Resources/lib/python3.11/pandas/tests/frame/test_arrow_interface.py
copying file /Users/calum/Developer/Excelerator/env/lib/python3.11/site-packages/pandas/tests/frame/common.py -> /Users/calum/Developer/Excelerator/dist/Excelerate.app/Contents/Resources/lib/python3.11/pandas/tests/frame/common.py
copying file /Users/calum/Developer/Excelerator/env/lib/python3.11/site-packages/pandas/tests/frame/test_repr.py -> /Users/calum/Developer/Excelerator/dist/Excelerate.app/Contents/Resources/lib/python3.11/pandas/tests/frame/test_repr.py
copying file /Users/calum/Developer/Excelerator/env/lib/python3.11/site-packages/pandas/tests/frame/test_iteration.py -> /Users/calum/Developer/Excelerator/dist/Excelerate.app/Contents/Resources/lib/python3.11/pandas/tests/frame/test_iteration.py
copying file /Users/calum/Developer/Excelerator/env/lib/python3.11/site-packages/pandas/tests/frame/test_ufunc.py -> /Users/calum/Developer/Excelerator/dist/Excelerate.app/Contents/Resources/lib/python3.11/pandas/tests/frame/test_ufunc.py
copying file /Users/calum/Developer/Excelerator/env/lib/python3.11/site-packages/pandas/tests/frame/test_nonunique_indexes.py -> /Users/calum/Developer/Excelerator/dist/Excelerate.app/Contents/Resources/lib/python3.11/pandas/tests/frame/test_nonunique_indexes.py
copying file /Users/calum/Developer/Excelerator/env/lib/python3.11/site-packages/pandas/tests/frame/test_validate.py -> /Users/calum/Developer/Excelerator/dist/Excelerate.app/Contents/Resources/lib/python3.11/pandas/tests/frame/test_validate.py
copying file /Users/calum/Developer/Excelerator/env/lib/python3.11/site-packages/pandas/tests/frame/test_stack_unstack.py -> /Users/calum/Developer/Excelerator/dist/Excelerate.app/Contents/Resources/lib/python3.11/pandas/tests/frame/test_stack_unstack.py
copying file /Users/calum/Developer/Excelerator/env/lib/python3.11/site-packages/pandas/tests/frame/test_npfuncs.py -> /Users/calum/Developer/Excelerator/dist/Excelerate.app/Contents/Resources/lib/python3.11/pandas/tests/frame/test_npfuncs.py
creating /Users/calum/Developer/Excelerator/dist/Excelerate.app/Contents/Resources/lib/python3.11/pandas/tests/frame/indexing
copying file /Users/calum/Developer/Excelerator/env/lib/python3.11/site-packages/pandas/tests/frame/indexing/test_insert.py -> /Users/calum/Developer/Excelerator/dist/Excelerate.app/Contents/Resources/lib/python3.11/pandas/tests/frame/indexing/test_insert.py
copying file /Users/calum/Developer/Excelerator/env/lib/python3.11/site-packages/pandas/tests/frame/indexing/test_set_value.py -> /Users/calum/Developer/Excelerator/dist/Excelerate.app/Contents/Resources/lib/python3.11/pandas/tests/frame/indexing/test_set_value.py
copying file /Users/calum/Developer/Excelerator/env/lib/python3.11/site-packages/pandas/tests/frame/indexing/test_mask.py -> /Users/calum/Developer/Excelerator/dist/Excelerate.app/Contents/Resources/lib/python3.11/pandas/tests/frame/indexing/test_mask.py
copying file /Users/calum/Developer/Excelerator/env/lib/python3.11/site-packages/pandas/tests/frame/indexing/test_xs.py -> /Users/calum/Developer/Excelerator/dist/Excelerate.app/Contents/Resources/lib/python3.11/pandas/tests/frame/indexing/test_xs.py
copying file /Users/calum/Developer/Excelerator/env/lib/python3.11/site-packages/pandas/tests/frame/indexing/test_getitem.py -> /Users/calum/Developer/Excelerator/dist/Excelerate.app/Contents/Resources/lib/python3.11/pandas/tests/frame/indexing/test_getitem.py
copying file /Users/calum/Developer/Excelerator/env/lib/python3.11/site-packages/pandas/tests/frame/indexing/test_get_value.py -> /Users/calum/Developer/Excelerator/dist/Excelerate.app/Contents/Resources/lib/python3.11/pandas/tests/frame/indexing/test_get_value.py
copying file /Users/calum/Developer/Excelerator/env/lib/python3.11/site-packages/pandas/tests/frame/indexing/test_setitem.py -> /Users/calum/Developer/Excelerator/dist/Excelerate.app/Contents/Resources/lib/python3.11/pandas/tests/frame/indexing/test_setitem.py
copying file /Users/calum/Developer/Excelerator/env/lib/python3.11/site-packages/pandas/tests/frame/indexing/__init__.py -> /Users/calum/Developer/Excelerator/dist/Excelerate.app/Contents/Resources/lib/python3.11/pandas/tests/frame/indexing/__init__.py
creating /Users/calum/Developer/Excelerator/dist/Excelerate.app/Contents/Resources/lib/python3.11/pandas/tests/frame/indexing/__pycache__
copying file /Users/calum/Developer/Excelerator/env/lib/python3.11/site-packages/pandas/tests/frame/indexing/__pycache__/test_mask.cpython-311.pyc -> /Users/calum/Developer/Excelerator/dist/Excelerate.app/Contents/Resources/lib/python3.11/pandas/tests/frame/indexing/__pycache__/test_mask.cpython-311.pyc
copying file /Users/calum/Developer/Excelerator/env/lib/python3.11/site-packages/pandas/tests/frame/indexing/__pycache__/test_coercion.cpython-311.pyc -> /Users/calum/Developer/Excelerator/dist/Excelerate.app/Contents/Resources/lib/python3.11/pandas/tests/frame/indexing/__pycache__/test_coercion.cpython-311.pyc
copying file /Users/calum/Developer/Excelerator/env/lib/python3.11/site-packages/pandas/tests/frame/indexing/__pycache__/test_indexing.cpython-311.pyc -> /Users/calum/Developer/Excelerator/dist/Excelerate.app/Contents/Resources/lib/python3.11/pandas/tests/frame/indexing/__pycache__/test_indexing.cpython-311.pyc
copying file /Users/calum/Developer/Excelerator/env/lib/python3.11/site-packages/pandas/tests/frame/indexing/__pycache__/test_delitem.cpython-311.pyc -> /Users/calum/Developer/Excelerator/dist/Excelerate.app/Contents/Resources/lib/python3.11/pandas/tests/frame/indexing/__pycache__/test_delitem.cpython-311.pyc
copying file /Users/calum/Developer/Excelerator/env/lib/python3.11/site-packages/pandas/tests/frame/indexing/__pycache__/test_setitem.cpython-311.pyc -> /Users/calum/Developer/Excelerator/dist/Excelerate.app/Contents/Resources/lib/python3.11/pandas/tests/frame/indexing/__pycache__/test_setitem.cpython-311.pyc
copying file /Users/calum/Developer/Excelerator/env/lib/python3.11/site-packages/pandas/tests/frame/indexing/__pycache__/test_get_value.cpython-311.pyc -> /Users/calum/Developer/Excelerator/dist/Excelerate.app/Contents/Resources/lib/python3.11/pandas/tests/frame/indexing/__pycache__/test_get_value.cpython-311.pyc
copying file /Users/calum/Developer/Excelerator/env/lib/python3.11/site-packages/pandas/tests/frame/indexing/__pycache__/test_xs.cpython-311.pyc -> /Users/calum/Developer/Excelerator/dist/Excelerate.app/Contents/Resources/lib/python3.11/pandas/tests/frame/indexing/__pycache__/test_xs.cpython-311.pyc
copying file /Users/calum/Developer/Excelerator/env/lib/python3.11/site-packages/pandas/tests/frame/indexing/__pycache__/test_set_value.cpython-311.pyc -> /Users/calum/Developer/Excelerator/dist/Excelerate.app/Contents/Resources/lib/python3.11/pandas/tests/frame/indexing/__pycache__/test_set_value.cpython-311.pyc
copying file /Users/calum/Developer/Excelerator/env/lib/python3.11/site-packages/pandas/tests/frame/indexing/__pycache__/test_take.cpython-311.pyc -> /Users/calum/Developer/Excelerator/dist/Excelerate.app/Contents/Resources/lib/python3.11/pandas/tests/frame/indexing/__pycache__/test_take.cpython-311.pyc
copying file /Users/calum/Developer/Excelerator/env/lib/python3.11/site-packages/pandas/tests/frame/indexing/__pycache__/test_get.cpython-311.pyc -> /Users/calum/Developer/Excelerator/dist/Excelerate.app/Contents/Resources/lib/python3.11/pandas/tests/frame/indexing/__pycache__/test_get.cpython-311.pyc
copying file /Users/calum/Developer/Excelerator/env/lib/python3.11/site-packages/pandas/tests/frame/indexing/__pycache__/test_where.cpython-311.pyc -> /Users/calum/Developer/Excelerator/dist/Excelerate.app/Contents/Resources/lib/python3.11/pandas/tests/frame/indexing/__pycache__/test_where.cpython-311.pyc
copying file /Users/calum/Developer/Excelerator/env/lib/python3.11/site-packages/pandas/tests/frame/indexing/__pycache__/__init__.cpython-311.pyc -> /Users/calum/Developer/Excelerator/dist/Excelerate.app/Contents/Resources/lib/python3.11/pandas/tests/frame/indexing/__pycache__/__init__.cpython-311.pyc
copying file /Users/calum/Developer/Excelerator/env/lib/python3.11/site-packages/pandas/tests/frame/indexing/__pycache__/test_getitem.cpython-311.pyc -> /Users/calum/Developer/Excelerator/dist/Excelerate.app/Contents/Resources/lib/python3.11/pandas/tests/frame/indexing/__pycache__/test_getitem.cpython-311.pyc
copying file /Users/calum/Developer/Excelerator/env/lib/python3.11/site-packages/pandas/tests/frame/indexing/__pycache__/test_insert.cpython-311.pyc -> /Users/calum/Developer/Excelerator/dist/Excelerate.app/Contents/Resources/lib/python3.11/pandas/tests/frame/indexing/__pycache__/test_insert.cpython-311.pyc
copying file /Users/calum/Developer/Excelerator/env/lib/python3.11/site-packages/pandas/tests/frame/indexing/test_indexing.py -> /Users/calum/Developer/Excelerator/dist/Excelerate.app/Contents/Resources/lib/python3.11/pandas/tests/frame/indexing/test_indexing.py
copying file /Users/calum/Developer/Excelerator/env/lib/python3.11/site-packages/pandas/tests/frame/indexing/test_take.py -> /Users/calum/Developer/Excelerator/dist/Excelerate.app/Contents/Resources/lib/python3.11/pandas/tests/frame/indexing/test_take.py
copying file /Users/calum/Developer/Excelerator/env/lib/python3.11/site-packages/pandas/tests/frame/indexing/test_get.py -> /Users/calum/Developer/Excelerator/dist/Excelerate.app/Contents/Resources/lib/python3.11/pandas/tests/frame/indexing/test_get.py
copying file /Users/calum/Developer/Excelerator/env/lib/python3.11/site-packages/pandas/tests/frame/indexing/test_coercion.py -> /Users/calum/Developer/Excelerator/dist/Excelerate.app/Contents/Resources/lib/python3.11/pandas/tests/frame/indexing/test_coercion.py
copying file /Users/calum/Developer/Excelerator/env/lib/python3.11/site-packages/pandas/tests/frame/indexing/test_where.py -> /Users/calum/Developer/Excelerator/dist/Excelerate.app/Contents/Resources/lib/python3.11/pandas/tests/frame/indexing/test_where.py
copying file /Users/calum/Developer/Excelerator/env/lib/python3.11/site-packages/pandas/tests/frame/indexing/test_delitem.py -> /Users/calum/Developer/Excelerator/dist/Excelerate.app/Contents/Resources/lib/python3.11/pandas/tests/frame/indexing/test_delitem.py
copying file /Users/calum/Developer/Excelerator/env/lib/python3.11/site-packages/pandas/tests/frame/test_api.py -> /Users/calum/Developer/Excelerator/dist/Excelerate.app/Contents/Resources/lib/python3.11/pandas/tests/frame/test_api.py
copying file /Users/calum/Developer/Excelerator/env/lib/python3.11/site-packages/pandas/tests/frame/test_arithmetic.py -> /Users/calum/Developer/Excelerator/dist/Excelerate.app/Contents/Resources/lib/python3.11/pandas/tests/frame/test_arithmetic.py
creating /Users/calum/Developer/Excelerator/dist/Excelerate.app/Contents/Resources/lib/python3.11/pandas/tests/__pycache__
copying file /Users/calum/Developer/Excelerator/env/lib/python3.11/site-packages/pandas/tests/__pycache__/test_common.cpython-311.pyc -> /Users/calum/Developer/Excelerator/dist/Excelerate.app/Contents/Resources/lib/python3.11/pandas/tests/__pycache__/test_common.cpython-311.pyc
copying file /Users/calum/Developer/Excelerator/env/lib/python3.11/site-packages/pandas/tests/__pycache__/test_sorting.cpython-311.pyc -> /Users/calum/Developer/Excelerator/dist/Excelerate.app/Contents/Resources/lib/python3.11/pandas/tests/__pycache__/test_sorting.cpython-311.pyc
copying file /Users/calum/Developer/Excelerator/env/lib/python3.11/site-packages/pandas/tests/__pycache__/test_algos.cpython-311.pyc -> /Users/calum/Developer/Excelerator/dist/Excelerate.app/Contents/Resources/lib/python3.11/pandas/tests/__pycache__/test_algos.cpython-311.pyc
copying file /Users/calum/Developer/Excelerator/env/lib/python3.11/site-packages/pandas/tests/__pycache__/test_errors.cpython-311.pyc -> /Users/calum/Developer/Excelerator/dist/Excelerate.app/Contents/Resources/lib/python3.11/pandas/tests/__pycache__/test_errors.cpython-311.pyc
copying file /Users/calum/Developer/Excelerator/env/lib/python3.11/site-packages/pandas/tests/__pycache__/test_downstream.cpython-311.pyc -> /Users/calum/Developer/Excelerator/dist/Excelerate.app/Contents/Resources/lib/python3.11/pandas/tests/__pycache__/test_downstream.cpython-311.pyc
copying file /Users/calum/Developer/Excelerator/env/lib/python3.11/site-packages/pandas/tests/__pycache__/test_nanops.cpython-311.pyc -> /Users/calum/Developer/Excelerator/dist/Excelerate.app/Contents/Resources/lib/python3.11/pandas/tests/__pycache__/test_nanops.cpython-311.pyc
copying file /Users/calum/Developer/Excelerator/env/lib/python3.11/site-packages/pandas/tests/__pycache__/test_optional_dependency.cpython-311.pyc -> /Users/calum/Developer/Excelerator/dist/Excelerate.app/Contents/Resources/lib/python3.11/pandas/tests/__pycache__/test_optional_dependency.cpython-311.pyc
copying file /Users/calum/Developer/Excelerator/env/lib/python3.11/site-packages/pandas/tests/__pycache__/test_flags.cpython-311.pyc -> /Users/calum/Developer/Excelerator/dist/Excelerate.app/Contents/Resources/lib/python3.11/pandas/tests/__pycache__/test_flags.cpython-311.pyc
copying file /Users/calum/Developer/Excelerator/env/lib/python3.11/site-packages/pandas/tests/__pycache__/test_take.cpython-311.pyc -> /Users/calum/Developer/Excelerator/dist/Excelerate.app/Contents/Resources/lib/python3.11/pandas/tests/__pycache__/test_take.cpython-311.pyc
copying file /Users/calum/Developer/Excelerator/env/lib/python3.11/site-packages/pandas/tests/__pycache__/test_aggregation.cpython-311.pyc -> /Users/calum/Developer/Excelerator/dist/Excelerate.app/Contents/Resources/lib/python3.11/pandas/tests/__pycache__/test_aggregation.cpython-311.pyc
copying file /Users/calum/Developer/Excelerator/env/lib/python3.11/site-packages/pandas/tests/__pycache__/test_multilevel.cpython-311.pyc -> /Users/calum/Developer/Excelerator/dist/Excelerate.app/Contents/Resources/lib/python3.11/pandas/tests/__pycache__/test_multilevel.cpython-311.pyc
copying file /Users/calum/Developer/Excelerator/env/lib/python3.11/site-packages/pandas/tests/__pycache__/test_register_accessor.cpython-311.pyc -> /Users/calum/Developer/Excelerator/dist/Excelerate.app/Contents/Resources/lib/python3.11/pandas/tests/__pycache__/test_register_accessor.cpython-311.pyc
copying file /Users/calum/Developer/Excelerator/env/lib/python3.11/site-packages/pandas/tests/__pycache__/__init__.cpython-311.pyc -> /Users/calum/Developer/Excelerator/dist/Excelerate.app/Contents/Resources/lib/python3.11/pandas/tests/__pycache__/__init__.cpython-311.pyc
copying file /Users/calum/Developer/Excelerator/env/lib/python3.11/site-packages/pandas/tests/__pycache__/test_expressions.cpython-311.pyc -> /Users/calum/Developer/Excelerator/dist/Excelerate.app/Contents/Resources/lib/python3.11/pandas/tests/__pycache__/test_expressions.cpython-311.pyc
creating /Users/calum/Developer/Excelerator/dist/Excelerate.app/Contents/Resources/lib/python3.11/pandas/tests/dtypes
copying file /Users/calum/Developer/Excelerator/env/lib/python3.11/site-packages/pandas/tests/dtypes/test_inference.py -> /Users/calum/Developer/Excelerator/dist/Excelerate.app/Contents/Resources/lib/python3.11/pandas/tests/dtypes/test_inference.py
copying file /Users/calum/Developer/Excelerator/env/lib/python3.11/site-packages/pandas/tests/dtypes/test_common.py -> /Users/calum/Developer/Excelerator/dist/Excelerate.app/Contents/Resources/lib/python3.11/pandas/tests/dtypes/test_common.py
copying file /Users/calum/Developer/Excelerator/env/lib/python3.11/site-packages/pandas/tests/dtypes/test_missing.py -> /Users/calum/Developer/Excelerator/dist/Excelerate.app/Contents/Resources/lib/python3.11/pandas/tests/dtypes/test_missing.py
creating /Users/calum/Developer/Excelerator/dist/Excelerate.app/Contents/Resources/lib/python3.11/pandas/tests/dtypes/cast
copying file /Users/calum/Developer/Excelerator/env/lib/python3.11/site-packages/pandas/tests/dtypes/cast/test_maybe_box_native.py -> /Users/calum/Developer/Excelerator/dist/Excelerate.app/Contents/Resources/lib/python3.11/pandas/tests/dtypes/cast/test_maybe_box_native.py
copying file /Users/calum/Developer/Excelerator/env/lib/python3.11/site-packages/pandas/tests/dtypes/cast/test_construct_object_arr.py -> /Users/calum/Developer/Excelerator/dist/Excelerate.app/Contents/Resources/lib/python3.11/pandas/tests/dtypes/cast/test_construct_object_arr.py
copying file /Users/calum/Developer/Excelerator/env/lib/python3.11/site-packages/pandas/tests/dtypes/cast/test_promote.py -> /Users/calum/Developer/Excelerator/dist/Excelerate.app/Contents/Resources/lib/python3.11/pandas/tests/dtypes/cast/test_promote.py
copying file /Users/calum/Developer/Excelerator/env/lib/python3.11/site-packages/pandas/tests/dtypes/cast/test_construct_from_scalar.py -> /Users/calum/Developer/Excelerator/dist/Excelerate.app/Contents/Resources/lib/python3.11/pandas/tests/dtypes/cast/test_construct_from_scalar.py
copying file /Users/calum/Developer/Excelerator/env/lib/python3.11/site-packages/pandas/tests/dtypes/cast/test_find_common_type.py -> /Users/calum/Developer/Excelerator/dist/Excelerate.app/Contents/Resources/lib/python3.11/pandas/tests/dtypes/cast/test_find_common_type.py
copying file /Users/calum/Developer/Excelerator/env/lib/python3.11/site-packages/pandas/tests/dtypes/cast/__init__.py -> /Users/calum/Developer/Excelerator/dist/Excelerate.app/Contents/Resources/lib/python3.11/pandas/tests/dtypes/cast/__init__.py
creating /Users/calum/Developer/Excelerator/dist/Excelerate.app/Contents/Resources/lib/python3.11/pandas/tests/dtypes/cast/__pycache__
copying file /Users/calum/Developer/Excelerator/env/lib/python3.11/site-packages/pandas/tests/dtypes/cast/__pycache__/test_maybe_box_native.cpython-311.pyc -> /Users/calum/Developer/Excelerator/dist/Excelerate.app/Contents/Resources/lib/python3.11/pandas/tests/dtypes/cast/__pycache__/test_maybe_box_native.cpython-311.pyc
copying file /Users/calum/Developer/Excelerator/env/lib/python3.11/site-packages/pandas/tests/dtypes/cast/__pycache__/test_construct_from_scalar.cpython-311.pyc -> /Users/calum/Developer/Excelerator/dist/Excelerate.app/Contents/Resources/lib/python3.11/pandas/tests/dtypes/cast/__pycache__/test_construct_from_scalar.cpython-311.pyc
copying file /Users/calum/Developer/Excelerator/env/lib/python3.11/site-packages/pandas/tests/dtypes/cast/__pycache__/test_construct_object_arr.cpython-311.pyc -> /Users/calum/Developer/Excelerator/dist/Excelerate.app/Contents/Resources/lib/python3.11/pandas/tests/dtypes/cast/__pycache__/test_construct_object_arr.cpython-311.pyc
copying file /Users/calum/Developer/Excelerator/env/lib/python3.11/site-packages/pandas/tests/dtypes/cast/__pycache__/test_find_common_type.cpython-311.pyc -> /Users/calum/Developer/Excelerator/dist/Excelerate.app/Contents/Resources/lib/python3.11/pandas/tests/dtypes/cast/__pycache__/test_find_common_type.cpython-311.pyc
copying file /Users/calum/Developer/Excelerator/env/lib/python3.11/site-packages/pandas/tests/dtypes/cast/__pycache__/test_construct_ndarray.cpython-311.pyc -> /Users/calum/Developer/Excelerator/dist/Excelerate.app/Contents/Resources/lib/python3.11/pandas/tests/dtypes/cast/__pycache__/test_construct_ndarray.cpython-311.pyc
copying file /Users/calum/Developer/Excelerator/env/lib/python3.11/site-packages/pandas/tests/dtypes/cast/__pycache__/test_can_hold_element.cpython-311.pyc -> /Users/calum/Developer/Excelerator/dist/Excelerate.app/Contents/Resources/lib/python3.11/pandas/tests/dtypes/cast/__pycache__/test_can_hold_element.cpython-311.pyc
copying file /Users/calum/Developer/Excelerator/env/lib/python3.11/site-packages/pandas/tests/dtypes/cast/__pycache__/test_infer_datetimelike.cpython-311.pyc -> /Users/calum/Developer/Excelerator/dist/Excelerate.app/Contents/Resources/lib/python3.11/pandas/tests/dtypes/cast/__pycache__/test_infer_datetimelike.cpython-311.pyc
copying file /Users/calum/Developer/Excelerator/env/lib/python3.11/site-packages/pandas/tests/dtypes/cast/__pycache__/test_infer_dtype.cpython-311.pyc -> /Users/calum/Developer/Excelerator/dist/Excelerate.app/Contents/Resources/lib/python3.11/pandas/tests/dtypes/cast/__pycache__/test_infer_dtype.cpython-311.pyc
copying file /Users/calum/Developer/Excelerator/env/lib/python3.11/site-packages/pandas/tests/dtypes/cast/__pycache__/test_downcast.cpython-311.pyc -> /Users/calum/Developer/Excelerator/dist/Excelerate.app/Contents/Resources/lib/python3.11/pandas/tests/dtypes/cast/__pycache__/test_downcast.cpython-311.pyc
copying file /Users/calum/Developer/Excelerator/env/lib/python3.11/site-packages/pandas/tests/dtypes/cast/__pycache__/test_promote.cpython-311.pyc -> /Users/calum/Developer/Excelerator/dist/Excelerate.app/Contents/Resources/lib/python3.11/pandas/tests/dtypes/cast/__pycache__/test_promote.cpython-311.pyc
copying file /Users/calum/Developer/Excelerator/env/lib/python3.11/site-packages/pandas/tests/dtypes/cast/__pycache__/test_dict_compat.cpython-311.pyc -> /Users/calum/Developer/Excelerator/dist/Excelerate.app/Contents/Resources/lib/python3.11/pandas/tests/dtypes/cast/__pycache__/test_dict_compat.cpython-311.pyc
copying file /Users/calum/Developer/Excelerator/env/lib/python3.11/site-packages/pandas/tests/dtypes/cast/__pycache__/__init__.cpython-311.pyc -> /Users/calum/Developer/Excelerator/dist/Excelerate.app/Contents/Resources/lib/python3.11/pandas/tests/dtypes/cast/__pycache__/__init__.cpython-311.pyc
copying file /Users/calum/Developer/Excelerator/env/lib/python3.11/site-packages/pandas/tests/dtypes/cast/test_infer_dtype.py -> /Users/calum/Developer/Excelerator/dist/Excelerate.app/Contents/Resources/lib/python3.11/pandas/tests/dtypes/cast/test_infer_dtype.py
copying file /Users/calum/Developer/Excelerator/env/lib/python3.11/site-packages/pandas/tests/dtypes/cast/test_dict_compat.py -> /Users/calum/Developer/Excelerator/dist/Excelerate.app/Contents/Resources/lib/python3.11/pandas/tests/dtypes/cast/test_dict_compat.py
copying file /Users/calum/Developer/Excelerator/env/lib/python3.11/site-packages/pandas/tests/dtypes/cast/test_infer_datetimelike.py -> /Users/calum/Developer/Excelerator/dist/Excelerate.app/Contents/Resources/lib/python3.11/pandas/tests/dtypes/cast/test_infer_datetimelike.py
copying file /Users/calum/Developer/Excelerator/env/lib/python3.11/site-packages/pandas/tests/dtypes/cast/test_construct_ndarray.py -> /Users/calum/Developer/Excelerator/dist/Excelerate.app/Contents/Resources/lib/python3.11/pandas/tests/dtypes/cast/test_construct_ndarray.py
copying file /Users/calum/Developer/Excelerator/env/lib/python3.11/site-packages/pandas/tests/dtypes/cast/test_downcast.py -> /Users/calum/Developer/Excelerator/dist/Excelerate.app/Contents/Resources/lib/python3.11/pandas/tests/dtypes/cast/test_downcast.py
copying file /Users/calum/Developer/Excelerator/env/lib/python3.11/site-packages/pandas/tests/dtypes/cast/test_can_hold_element.py -> /Users/calum/Developer/Excelerator/dist/Excelerate.app/Contents/Resources/lib/python3.11/pandas/tests/dtypes/cast/test_can_hold_element.py
copying file /Users/calum/Developer/Excelerator/env/lib/python3.11/site-packages/pandas/tests/dtypes/__init__.py -> /Users/calum/Developer/Excelerator/dist/Excelerate.app/Contents/Resources/lib/python3.11/pandas/tests/dtypes/__init__.py
creating /Users/calum/Developer/Excelerator/dist/Excelerate.app/Contents/Resources/lib/python3.11/pandas/tests/dtypes/__pycache__
copying file /Users/calum/Developer/Excelerator/env/lib/python3.11/site-packages/pandas/tests/dtypes/__pycache__/test_common.cpython-311.pyc -> /Users/calum/Developer/Excelerator/dist/Excelerate.app/Contents/Resources/lib/python3.11/pandas/tests/dtypes/__pycache__/test_common.cpython-311.pyc
copying file /Users/calum/Developer/Excelerator/env/lib/python3.11/site-packages/pandas/tests/dtypes/__pycache__/test_missing.cpython-311.pyc -> /Users/calum/Developer/Excelerator/dist/Excelerate.app/Contents/Resources/lib/python3.11/pandas/tests/dtypes/__pycache__/test_missing.cpython-311.pyc
copying file /Users/calum/Developer/Excelerator/env/lib/python3.11/site-packages/pandas/tests/dtypes/__pycache__/test_inference.cpython-311.pyc -> /Users/calum/Developer/Excelerator/dist/Excelerate.app/Contents/Resources/lib/python3.11/pandas/tests/dtypes/__pycache__/test_inference.cpython-311.pyc
copying file /Users/calum/Developer/Excelerator/env/lib/python3.11/site-packages/pandas/tests/dtypes/__pycache__/test_generic.cpython-311.pyc -> /Users/calum/Developer/Excelerator/dist/Excelerate.app/Contents/Resources/lib/python3.11/pandas/tests/dtypes/__pycache__/test_generic.cpython-311.pyc
copying file /Users/calum/Developer/Excelerator/env/lib/python3.11/site-packages/pandas/tests/dtypes/__pycache__/test_dtypes.cpython-311.pyc -> /Users/calum/Developer/Excelerator/dist/Excelerate.app/Contents/Resources/lib/python3.11/pandas/tests/dtypes/__pycache__/test_dtypes.cpython-311.pyc
copying file /Users/calum/Developer/Excelerator/env/lib/python3.11/site-packages/pandas/tests/dtypes/__pycache__/test_concat.cpython-311.pyc -> /Users/calum/Developer/Excelerator/dist/Excelerate.app/Contents/Resources/lib/python3.11/pandas/tests/dtypes/__pycache__/test_concat.cpython-311.pyc
copying file /Users/calum/Developer/Excelerator/env/lib/python3.11/site-packages/pandas/tests/dtypes/__pycache__/__init__.cpython-311.pyc -> /Users/calum/Developer/Excelerator/dist/Excelerate.app/Contents/Resources/lib/python3.11/pandas/tests/dtypes/__pycache__/__init__.cpython-311.pyc
copying file /Users/calum/Developer/Excelerator/env/lib/python3.11/site-packages/pandas/tests/dtypes/test_generic.py -> /Users/calum/Developer/Excelerator/dist/Excelerate.app/Contents/Resources/lib/python3.11/pandas/tests/dtypes/test_generic.py
copying file /Users/calum/Developer/Excelerator/env/lib/python3.11/site-packages/pandas/tests/dtypes/test_concat.py -> /Users/calum/Developer/Excelerator/dist/Excelerate.app/Contents/Resources/lib/python3.11/pandas/tests/dtypes/test_concat.py
copying file /Users/calum/Developer/Excelerator/env/lib/python3.11/site-packages/pandas/tests/dtypes/test_dtypes.py -> /Users/calum/Developer/Excelerator/dist/Excelerate.app/Contents/Resources/lib/python3.11/pandas/tests/dtypes/test_dtypes.py
creating /Users/calum/Developer/Excelerator/dist/Excelerate.app/Contents/Resources/lib/python3.11/pandas/tests/libs
copying file /Users/calum/Developer/Excelerator/env/lib/python3.11/site-packages/pandas/tests/libs/test_libalgos.py -> /Users/calum/Developer/Excelerator/dist/Excelerate.app/Contents/Resources/lib/python3.11/pandas/tests/libs/test_libalgos.py
copying file /Users/calum/Developer/Excelerator/env/lib/python3.11/site-packages/pandas/tests/libs/test_join.py -> /Users/calum/Developer/Excelerator/dist/Excelerate.app/Contents/Resources/lib/python3.11/pandas/tests/libs/test_join.py
copying file /Users/calum/Developer/Excelerator/env/lib/python3.11/site-packages/pandas/tests/libs/test_hashtable.py -> /Users/calum/Developer/Excelerator/dist/Excelerate.app/Contents/Resources/lib/python3.11/pandas/tests/libs/test_hashtable.py
copying file /Users/calum/Developer/Excelerator/env/lib/python3.11/site-packages/pandas/tests/libs/__init__.py -> /Users/calum/Developer/Excelerator/dist/Excelerate.app/Contents/Resources/lib/python3.11/pandas/tests/libs/__init__.py
creating /Users/calum/Developer/Excelerator/dist/Excelerate.app/Contents/Resources/lib/python3.11/pandas/tests/libs/__pycache__
copying file /Users/calum/Developer/Excelerator/env/lib/python3.11/site-packages/pandas/tests/libs/__pycache__/test_lib.cpython-311.pyc -> /Users/calum/Developer/Excelerator/dist/Excelerate.app/Contents/Resources/lib/python3.11/pandas/tests/libs/__pycache__/test_lib.cpython-311.pyc
copying file /Users/calum/Developer/Excelerator/env/lib/python3.11/site-packages/pandas/tests/libs/__pycache__/test_join.cpython-311.pyc -> /Users/calum/Developer/Excelerator/dist/Excelerate.app/Contents/Resources/lib/python3.11/pandas/tests/libs/__pycache__/test_join.cpython-311.pyc
copying file /Users/calum/Developer/Excelerator/env/lib/python3.11/site-packages/pandas/tests/libs/__pycache__/test_libalgos.cpython-311.pyc -> /Users/calum/Developer/Excelerator/dist/Excelerate.app/Contents/Resources/lib/python3.11/pandas/tests/libs/__pycache__/test_libalgos.cpython-311.pyc
copying file /Users/calum/Developer/Excelerator/env/lib/python3.11/site-packages/pandas/tests/libs/__pycache__/test_hashtable.cpython-311.pyc -> /Users/calum/Developer/Excelerator/dist/Excelerate.app/Contents/Resources/lib/python3.11/pandas/tests/libs/__pycache__/test_hashtable.cpython-311.pyc
copying file /Users/calum/Developer/Excelerator/env/lib/python3.11/site-packages/pandas/tests/libs/__pycache__/__init__.cpython-311.pyc -> /Users/calum/Developer/Excelerator/dist/Excelerate.app/Contents/Resources/lib/python3.11/pandas/tests/libs/__pycache__/__init__.cpython-311.pyc
copying file /Users/calum/Developer/Excelerator/env/lib/python3.11/site-packages/pandas/tests/libs/test_lib.py -> /Users/calum/Developer/Excelerator/dist/Excelerate.app/Contents/Resources/lib/python3.11/pandas/tests/libs/test_lib.py
creating /Users/calum/Developer/Excelerator/dist/Excelerate.app/Contents/Resources/lib/python3.11/pandas/tests/groupby
copying file /Users/calum/Developer/Excelerator/env/lib/python3.11/site-packages/pandas/tests/groupby/test_timegrouper.py -> /Users/calum/Developer/Excelerator/dist/Excelerate.app/Contents/Resources/lib/python3.11/pandas/tests/groupby/test_timegrouper.py
copying file /Users/calum/Developer/Excelerator/env/lib/python3.11/site-packages/pandas/tests/groupby/test_grouping.py -> /Users/calum/Developer/Excelerator/dist/Excelerate.app/Contents/Resources/lib/python3.11/pandas/tests/groupby/test_grouping.py
copying file /Users/calum/Developer/Excelerator/env/lib/python3.11/site-packages/pandas/tests/groupby/test_counting.py -> /Users/calum/Developer/Excelerator/dist/Excelerate.app/Contents/Resources/lib/python3.11/pandas/tests/groupby/test_counting.py
copying file /Users/calum/Developer/Excelerator/env/lib/python3.11/site-packages/pandas/tests/groupby/test_groupby_subclass.py -> /Users/calum/Developer/Excelerator/dist/Excelerate.app/Contents/Resources/lib/python3.11/pandas/tests/groupby/test_groupby_subclass.py
copying file /Users/calum/Developer/Excelerator/env/lib/python3.11/site-packages/pandas/tests/groupby/conftest.py -> /Users/calum/Developer/Excelerator/dist/Excelerate.app/Contents/Resources/lib/python3.11/pandas/tests/groupby/conftest.py
copying file /Users/calum/Developer/Excelerator/env/lib/python3.11/site-packages/pandas/tests/groupby/test_reductions.py -> /Users/calum/Developer/Excelerator/dist/Excelerate.app/Contents/Resources/lib/python3.11/pandas/tests/groupby/test_reductions.py
creating /Users/calum/Developer/Excelerator/dist/Excelerate.app/Contents/Resources/lib/python3.11/pandas/tests/groupby/methods
copying file /Users/calum/Developer/Excelerator/env/lib/python3.11/site-packages/pandas/tests/groupby/methods/test_skew.py -> /Users/calum/Developer/Excelerator/dist/Excelerate.app/Contents/Resources/lib/python3.11/pandas/tests/groupby/methods/test_skew.py
copying file /Users/calum/Developer/Excelerator/env/lib/python3.11/site-packages/pandas/tests/groupby/methods/test_value_counts.py -> /Users/calum/Developer/Excelerator/dist/Excelerate.app/Contents/Resources/lib/python3.11/pandas/tests/groupby/methods/test_value_counts.py
copying file /Users/calum/Developer/Excelerator/env/lib/python3.11/site-packages/pandas/tests/groupby/methods/test_nth.py -> /Users/calum/Developer/Excelerator/dist/Excelerate.app/Contents/Resources/lib/python3.11/pandas/tests/groupby/methods/test_nth.py
copying file /Users/calum/Developer/Excelerator/env/lib/python3.11/site-packages/pandas/tests/groupby/methods/test_corrwith.py -> /Users/calum/Developer/Excelerator/dist/Excelerate.app/Contents/Resources/lib/python3.11/pandas/tests/groupby/methods/test_corrwith.py
copying file /Users/calum/Developer/Excelerator/env/lib/python3.11/site-packages/pandas/tests/groupby/methods/test_sample.py -> /Users/calum/Developer/Excelerator/dist/Excelerate.app/Contents/Resources/lib/python3.11/pandas/tests/groupby/methods/test_sample.py
copying file /Users/calum/Developer/Excelerator/env/lib/python3.11/site-packages/pandas/tests/groupby/methods/test_describe.py -> /Users/calum/Developer/Excelerator/dist/Excelerate.app/Contents/Resources/lib/python3.11/pandas/tests/groupby/methods/test_describe.py
copying file /Users/calum/Developer/Excelerator/env/lib/python3.11/site-packages/pandas/tests/groupby/methods/test_size.py -> /Users/calum/Developer/Excelerator/dist/Excelerate.app/Contents/Resources/lib/python3.11/pandas/tests/groupby/methods/test_size.py
copying file /Users/calum/Developer/Excelerator/env/lib/python3.11/site-packages/pandas/tests/groupby/methods/__init__.py -> /Users/calum/Developer/Excelerator/dist/Excelerate.app/Contents/Resources/lib/python3.11/pandas/tests/groupby/methods/__init__.py
creating /Users/calum/Developer/Excelerator/dist/Excelerate.app/Contents/Resources/lib/python3.11/pandas/tests/groupby/methods/__pycache__
copying file /Users/calum/Developer/Excelerator/env/lib/python3.11/site-packages/pandas/tests/groupby/methods/__pycache__/test_nth.cpython-311.pyc -> /Users/calum/Developer/Excelerator/dist/Excelerate.app/Contents/Resources/lib/python3.11/pandas/tests/groupby/methods/__pycache__/test_nth.cpython-311.pyc
copying file /Users/calum/Developer/Excelerator/env/lib/python3.11/site-packages/pandas/tests/groupby/methods/__pycache__/test_quantile.cpython-311.pyc -> /Users/calum/Developer/Excelerator/dist/Excelerate.app/Contents/Resources/lib/python3.11/pandas/tests/groupby/methods/__pycache__/test_quantile.cpython-311.pyc
copying file /Users/calum/Developer/Excelerator/env/lib/python3.11/site-packages/pandas/tests/groupby/methods/__pycache__/test_value_counts.cpython-311.pyc -> /Users/calum/Developer/Excelerator/dist/Excelerate.app/Contents/Resources/lib/python3.11/pandas/tests/groupby/methods/__pycache__/test_value_counts.cpython-311.pyc
copying file /Users/calum/Developer/Excelerator/env/lib/python3.11/site-packages/pandas/tests/groupby/methods/__pycache__/test_sample.cpython-311.pyc -> /Users/calum/Developer/Excelerator/dist/Excelerate.app/Contents/Resources/lib/python3.11/pandas/tests/groupby/methods/__pycache__/test_sample.cpython-311.pyc
copying file /Users/calum/Developer/Excelerator/env/lib/python3.11/site-packages/pandas/tests/groupby/methods/__pycache__/test_nlargest_nsmallest.cpython-311.pyc -> /Users/calum/Developer/Excelerator/dist/Excelerate.app/Contents/Resources/lib/python3.11/pandas/tests/groupby/methods/__pycache__/test_nlargest_nsmallest.cpython-311.pyc
copying file /Users/calum/Developer/Excelerator/env/lib/python3.11/site-packages/pandas/tests/groupby/methods/__pycache__/test_size.cpython-311.pyc -> /Users/calum/Developer/Excelerator/dist/Excelerate.app/Contents/Resources/lib/python3.11/pandas/tests/groupby/methods/__pycache__/test_size.cpython-311.pyc
copying file /Users/calum/Developer/Excelerator/env/lib/python3.11/site-packages/pandas/tests/groupby/methods/__pycache__/test_is_monotonic.cpython-311.pyc -> /Users/calum/Developer/Excelerator/dist/Excelerate.app/Contents/Resources/lib/python3.11/pandas/tests/groupby/methods/__pycache__/test_is_monotonic.cpython-311.pyc
copying file /Users/calum/Developer/Excelerator/env/lib/python3.11/site-packages/pandas/tests/groupby/methods/__pycache__/test_corrwith.cpython-311.pyc -> /Users/calum/Developer/Excelerator/dist/Excelerate.app/Contents/Resources/lib/python3.11/pandas/tests/groupby/methods/__pycache__/test_corrwith.cpython-311.pyc
copying file /Users/calum/Developer/Excelerator/env/lib/python3.11/site-packages/pandas/tests/groupby/methods/__pycache__/test_rank.cpython-311.pyc -> /Users/calum/Developer/Excelerator/dist/Excelerate.app/Contents/Resources/lib/python3.11/pandas/tests/groupby/methods/__pycache__/test_rank.cpython-311.pyc
copying file /Users/calum/Developer/Excelerator/env/lib/python3.11/site-packages/pandas/tests/groupby/methods/__pycache__/test_groupby_shift_diff.cpython-311.pyc -> /Users/calum/Developer/Excelerator/dist/Excelerate.app/Contents/Resources/lib/python3.11/pandas/tests/groupby/methods/__pycache__/test_groupby_shift_diff.cpython-311.pyc
copying file /Users/calum/Developer/Excelerator/env/lib/python3.11/site-packages/pandas/tests/groupby/methods/__pycache__/test_skew.cpython-311.pyc -> /Users/calum/Developer/Excelerator/dist/Excelerate.app/Contents/Resources/lib/python3.11/pandas/tests/groupby/methods/__pycache__/test_skew.cpython-311.pyc
copying file /Users/calum/Developer/Excelerator/env/lib/python3.11/site-packages/pandas/tests/groupby/methods/__pycache__/test_describe.cpython-311.pyc -> /Users/calum/Developer/Excelerator/dist/Excelerate.app/Contents/Resources/lib/python3.11/pandas/tests/groupby/methods/__pycache__/test_describe.cpython-311.pyc
copying file /Users/calum/Developer/Excelerator/env/lib/python3.11/site-packages/pandas/tests/groupby/methods/__pycache__/__init__.cpython-311.pyc -> /Users/calum/Developer/Excelerator/dist/Excelerate.app/Contents/Resources/lib/python3.11/pandas/tests/groupby/methods/__pycache__/__init__.cpython-311.pyc
copying file /Users/calum/Developer/Excelerator/env/lib/python3.11/site-packages/pandas/tests/groupby/methods/test_quantile.py -> /Users/calum/Developer/Excelerator/dist/Excelerate.app/Contents/Resources/lib/python3.11/pandas/tests/groupby/methods/test_quantile.py
copying file /Users/calum/Developer/Excelerator/env/lib/python3.11/site-packages/pandas/tests/groupby/methods/test_nlargest_nsmallest.py -> /Users/calum/Developer/Excelerator/dist/Excelerate.app/Contents/Resources/lib/python3.11/pandas/tests/groupby/methods/test_nlargest_nsmallest.py
copying file /Users/calum/Developer/Excelerator/env/lib/python3.11/site-packages/pandas/tests/groupby/methods/test_groupby_shift_diff.py -> /Users/calum/Developer/Excelerator/dist/Excelerate.app/Contents/Resources/lib/python3.11/pandas/tests/groupby/methods/test_groupby_shift_diff.py
copying file /Users/calum/Developer/Excelerator/env/lib/python3.11/site-packages/pandas/tests/groupby/methods/test_is_monotonic.py -> /Users/calum/Developer/Excelerator/dist/Excelerate.app/Contents/Resources/lib/python3.11/pandas/tests/groupby/methods/test_is_monotonic.py
copying file /Users/calum/Developer/Excelerator/env/lib/python3.11/site-packages/pandas/tests/groupby/methods/test_rank.py -> /Users/calum/Developer/Excelerator/dist/Excelerate.app/Contents/Resources/lib/python3.11/pandas/tests/groupby/methods/test_rank.py
copying file /Users/calum/Developer/Excelerator/env/lib/python3.11/site-packages/pandas/tests/groupby/test_all_methods.py -> /Users/calum/Developer/Excelerator/dist/Excelerate.app/Contents/Resources/lib/python3.11/pandas/tests/groupby/test_all_methods.py
copying file /Users/calum/Developer/Excelerator/env/lib/python3.11/site-packages/pandas/tests/groupby/test_missing.py -> /Users/calum/Developer/Excelerator/dist/Excelerate.app/Contents/Resources/lib/python3.11/pandas/tests/groupby/test_missing.py
creating /Users/calum/Developer/Excelerator/dist/Excelerate.app/Contents/Resources/lib/python3.11/pandas/tests/groupby/aggregate
copying file /Users/calum/Developer/Excelerator/env/lib/python3.11/site-packages/pandas/tests/groupby/aggregate/__init__.py -> /Users/calum/Developer/Excelerator/dist/Excelerate.app/Contents/Resources/lib/python3.11/pandas/tests/groupby/aggregate/__init__.py
creating /Users/calum/Developer/Excelerator/dist/Excelerate.app/Contents/Resources/lib/python3.11/pandas/tests/groupby/aggregate/__pycache__
copying file /Users/calum/Developer/Excelerator/env/lib/python3.11/site-packages/pandas/tests/groupby/aggregate/__pycache__/test_aggregate.cpython-311.pyc -> /Users/calum/Developer/Excelerator/dist/Excelerate.app/Contents/Resources/lib/python3.11/pandas/tests/groupby/aggregate/__pycache__/test_aggregate.cpython-311.pyc
copying file /Users/calum/Developer/Excelerator/env/lib/python3.11/site-packages/pandas/tests/groupby/aggregate/__pycache__/test_cython.cpython-311.pyc -> /Users/calum/Developer/Excelerator/dist/Excelerate.app/Contents/Resources/lib/python3.11/pandas/tests/groupby/aggregate/__pycache__/test_cython.cpython-311.pyc
copying file /Users/calum/Developer/Excelerator/env/lib/python3.11/site-packages/pandas/tests/groupby/aggregate/__pycache__/test_other.cpython-311.pyc -> /Users/calum/Developer/Excelerator/dist/Excelerate.app/Contents/Resources/lib/python3.11/pandas/tests/groupby/aggregate/__pycache__/test_other.cpython-311.pyc
copying file /Users/calum/Developer/Excelerator/env/lib/python3.11/site-packages/pandas/tests/groupby/aggregate/__pycache__/test_numba.cpython-311.pyc -> /Users/calum/Developer/Excelerator/dist/Excelerate.app/Contents/Resources/lib/python3.11/pandas/tests/groupby/aggregate/__pycache__/test_numba.cpython-311.pyc
copying file /Users/calum/Developer/Excelerator/env/lib/python3.11/site-packages/pandas/tests/groupby/aggregate/__pycache__/__init__.cpython-311.pyc -> /Users/calum/Developer/Excelerator/dist/Excelerate.app/Contents/Resources/lib/python3.11/pandas/tests/groupby/aggregate/__pycache__/__init__.cpython-311.pyc
copying file /Users/calum/Developer/Excelerator/env/lib/python3.11/site-packages/pandas/tests/groupby/aggregate/test_cython.py -> /Users/calum/Developer/Excelerator/dist/Excelerate.app/Contents/Resources/lib/python3.11/pandas/tests/groupby/aggregate/test_cython.py
copying file /Users/calum/Developer/Excelerator/env/lib/python3.11/site-packages/pandas/tests/groupby/aggregate/test_aggregate.py -> /Users/calum/Developer/Excelerator/dist/Excelerate.app/Contents/Resources/lib/python3.11/pandas/tests/groupby/aggregate/test_aggregate.py
copying file /Users/calum/Developer/Excelerator/env/lib/python3.11/site-packages/pandas/tests/groupby/aggregate/test_numba.py -> /Users/calum/Developer/Excelerator/dist/Excelerate.app/Contents/Resources/lib/python3.11/pandas/tests/groupby/aggregate/test_numba.py
copying file /Users/calum/Developer/Excelerator/env/lib/python3.11/site-packages/pandas/tests/groupby/aggregate/test_other.py -> /Users/calum/Developer/Excelerator/dist/Excelerate.app/Contents/Resources/lib/python3.11/pandas/tests/groupby/aggregate/test_other.py
copying file /Users/calum/Developer/Excelerator/env/lib/python3.11/site-packages/pandas/tests/groupby/test_cumulative.py -> /Users/calum/Developer/Excelerator/dist/Excelerate.app/Contents/Resources/lib/python3.11/pandas/tests/groupby/test_cumulative.py
copying file /Users/calum/Developer/Excelerator/env/lib/python3.11/site-packages/pandas/tests/groupby/test_categorical.py -> /Users/calum/Developer/Excelerator/dist/Excelerate.app/Contents/Resources/lib/python3.11/pandas/tests/groupby/test_categorical.py
copying file /Users/calum/Developer/Excelerator/env/lib/python3.11/site-packages/pandas/tests/groupby/test_raises.py -> /Users/calum/Developer/Excelerator/dist/Excelerate.app/Contents/Resources/lib/python3.11/pandas/tests/groupby/test_raises.py
copying file /Users/calum/Developer/Excelerator/env/lib/python3.11/site-packages/pandas/tests/groupby/test_bin_groupby.py -> /Users/calum/Developer/Excelerator/dist/Excelerate.app/Contents/Resources/lib/python3.11/pandas/tests/groupby/test_bin_groupby.py
copying file /Users/calum/Developer/Excelerator/env/lib/python3.11/site-packages/pandas/tests/groupby/__init__.py -> /Users/calum/Developer/Excelerator/dist/Excelerate.app/Contents/Resources/lib/python3.11/pandas/tests/groupby/__init__.py
creating /Users/calum/Developer/Excelerator/dist/Excelerate.app/Contents/Resources/lib/python3.11/pandas/tests/groupby/__pycache__
copying file /Users/calum/Developer/Excelerator/env/lib/python3.11/site-packages/pandas/tests/groupby/__pycache__/test_counting.cpython-311.pyc -> /Users/calum/Developer/Excelerator/dist/Excelerate.app/Contents/Resources/lib/python3.11/pandas/tests/groupby/__pycache__/test_counting.cpython-311.pyc
copying file /Users/calum/Developer/Excelerator/env/lib/python3.11/site-packages/pandas/tests/groupby/__pycache__/test_indexing.cpython-311.pyc -> /Users/calum/Developer/Excelerator/dist/Excelerate.app/Contents/Resources/lib/python3.11/pandas/tests/groupby/__pycache__/test_indexing.cpython-311.pyc
copying file /Users/calum/Developer/Excelerator/env/lib/python3.11/site-packages/pandas/tests/groupby/__pycache__/test_reductions.cpython-311.pyc -> /Users/calum/Developer/Excelerator/dist/Excelerate.app/Contents/Resources/lib/python3.11/pandas/tests/groupby/__pycache__/test_reductions.cpython-311.pyc
copying file /Users/calum/Developer/Excelerator/env/lib/python3.11/site-packages/pandas/tests/groupby/__pycache__/test_apply_mutate.cpython-311.pyc -> /Users/calum/Developer/Excelerator/dist/Excelerate.app/Contents/Resources/lib/python3.11/pandas/tests/groupby/__pycache__/test_apply_mutate.cpython-311.pyc
copying file /Users/calum/Developer/Excelerator/env/lib/python3.11/site-packages/pandas/tests/groupby/__pycache__/test_timegrouper.cpython-311.pyc -> /Users/calum/Developer/Excelerator/dist/Excelerate.app/Contents/Resources/lib/python3.11/pandas/tests/groupby/__pycache__/test_timegrouper.cpython-311.pyc
copying file /Users/calum/Developer/Excelerator/env/lib/python3.11/site-packages/pandas/tests/groupby/__pycache__/test_cumulative.cpython-311.pyc -> /Users/calum/Developer/Excelerator/dist/Excelerate.app/Contents/Resources/lib/python3.11/pandas/tests/groupby/__pycache__/test_cumulative.cpython-311.pyc
copying file /Users/calum/Developer/Excelerator/env/lib/python3.11/site-packages/pandas/tests/groupby/__pycache__/test_groupby_subclass.cpython-311.pyc -> /Users/calum/Developer/Excelerator/dist/Excelerate.app/Contents/Resources/lib/python3.11/pandas/tests/groupby/__pycache__/test_groupby_subclass.cpython-311.pyc
copying file /Users/calum/Developer/Excelerator/env/lib/python3.11/site-packages/pandas/tests/groupby/__pycache__/test_categorical.cpython-311.pyc -> /Users/calum/Developer/Excelerator/dist/Excelerate.app/Contents/Resources/lib/python3.11/pandas/tests/groupby/__pycache__/test_categorical.cpython-311.pyc
copying file /Users/calum/Developer/Excelerator/env/lib/python3.11/site-packages/pandas/tests/groupby/__pycache__/test_numba.cpython-311.pyc -> /Users/calum/Developer/Excelerator/dist/Excelerate.app/Contents/Resources/lib/python3.11/pandas/tests/groupby/__pycache__/test_numba.cpython-311.pyc
copying file /Users/calum/Developer/Excelerator/env/lib/python3.11/site-packages/pandas/tests/groupby/__pycache__/test_groupby_dropna.cpython-311.pyc -> /Users/calum/Developer/Excelerator/dist/Excelerate.app/Contents/Resources/lib/python3.11/pandas/tests/groupby/__pycache__/test_groupby_dropna.cpython-311.pyc
copying file /Users/calum/Developer/Excelerator/env/lib/python3.11/site-packages/pandas/tests/groupby/__pycache__/test_libgroupby.cpython-311.pyc -> /Users/calum/Developer/Excelerator/dist/Excelerate.app/Contents/Resources/lib/python3.11/pandas/tests/groupby/__pycache__/test_libgroupby.cpython-311.pyc
copying file /Users/calum/Developer/Excelerator/env/lib/python3.11/site-packages/pandas/tests/groupby/__pycache__/test_missing.cpython-311.pyc -> /Users/calum/Developer/Excelerator/dist/Excelerate.app/Contents/Resources/lib/python3.11/pandas/tests/groupby/__pycache__/test_missing.cpython-311.pyc
copying file /Users/calum/Developer/Excelerator/env/lib/python3.11/site-packages/pandas/tests/groupby/__pycache__/conftest.cpython-311.pyc -> /Users/calum/Developer/Excelerator/dist/Excelerate.app/Contents/Resources/lib/python3.11/pandas/tests/groupby/__pycache__/conftest.cpython-311.pyc
copying file /Users/calum/Developer/Excelerator/env/lib/python3.11/site-packages/pandas/tests/groupby/__pycache__/test_numeric_only.cpython-311.pyc -> /Users/calum/Developer/Excelerator/dist/Excelerate.app/Contents/Resources/lib/python3.11/pandas/tests/groupby/__pycache__/test_numeric_only.cpython-311.pyc
copying file /Users/calum/Developer/Excelerator/env/lib/python3.11/site-packages/pandas/tests/groupby/__pycache__/test_raises.cpython-311.pyc -> /Users/calum/Developer/Excelerator/dist/Excelerate.app/Contents/Resources/lib/python3.11/pandas/tests/groupby/__pycache__/test_raises.cpython-311.pyc
copying file /Users/calum/Developer/Excelerator/env/lib/python3.11/site-packages/pandas/tests/groupby/__pycache__/test_filters.cpython-311.pyc -> /Users/calum/Developer/Excelerator/dist/Excelerate.app/Contents/Resources/lib/python3.11/pandas/tests/groupby/__pycache__/test_filters.cpython-311.pyc
copying file /Users/calum/Developer/Excelerator/env/lib/python3.11/site-packages/pandas/tests/groupby/__pycache__/test_apply.cpython-311.pyc -> /Users/calum/Developer/Excelerator/dist/Excelerate.app/Contents/Resources/lib/python3.11/pandas/tests/groupby/__pycache__/test_apply.cpython-311.pyc
copying file /Users/calum/Developer/Excelerator/env/lib/python3.11/site-packages/pandas/tests/groupby/__pycache__/test_groupby.cpython-311.pyc -> /Users/calum/Developer/Excelerator/dist/Excelerate.app/Contents/Resources/lib/python3.11/pandas/tests/groupby/__pycache__/test_groupby.cpython-311.pyc
copying file /Users/calum/Developer/Excelerator/env/lib/python3.11/site-packages/pandas/tests/groupby/__pycache__/test_all_methods.cpython-311.pyc -> /Users/calum/Developer/Excelerator/dist/Excelerate.app/Contents/Resources/lib/python3.11/pandas/tests/groupby/__pycache__/test_all_methods.cpython-311.pyc
copying file /Users/calum/Developer/Excelerator/env/lib/python3.11/site-packages/pandas/tests/groupby/__pycache__/test_index_as_string.cpython-311.pyc -> /Users/calum/Developer/Excelerator/dist/Excelerate.app/Contents/Resources/lib/python3.11/pandas/tests/groupby/__pycache__/test_index_as_string.cpython-311.pyc
copying file /Users/calum/Developer/Excelerator/env/lib/python3.11/site-packages/pandas/tests/groupby/__pycache__/test_api.cpython-311.pyc -> /Users/calum/Developer/Excelerator/dist/Excelerate.app/Contents/Resources/lib/python3.11/pandas/tests/groupby/__pycache__/test_api.cpython-311.pyc
copying file /Users/calum/Developer/Excelerator/env/lib/python3.11/site-packages/pandas/tests/groupby/__pycache__/test_pipe.cpython-311.pyc -> /Users/calum/Developer/Excelerator/dist/Excelerate.app/Contents/Resources/lib/python3.11/pandas/tests/groupby/__pycache__/test_pipe.cpython-311.pyc
copying file /Users/calum/Developer/Excelerator/env/lib/python3.11/site-packages/pandas/tests/groupby/__pycache__/test_grouping.cpython-311.pyc -> /Users/calum/Developer/Excelerator/dist/Excelerate.app/Contents/Resources/lib/python3.11/pandas/tests/groupby/__pycache__/test_grouping.cpython-311.pyc
copying file /Users/calum/Developer/Excelerator/env/lib/python3.11/site-packages/pandas/tests/groupby/__pycache__/__init__.cpython-311.pyc -> /Users/calum/Developer/Excelerator/dist/Excelerate.app/Contents/Resources/lib/python3.11/pandas/tests/groupby/__pycache__/__init__.cpython-311.pyc
copying file /Users/calum/Developer/Excelerator/env/lib/python3.11/site-packages/pandas/tests/groupby/__pycache__/test_bin_groupby.cpython-311.pyc -> /Users/calum/Developer/Excelerator/dist/Excelerate.app/Contents/Resources/lib/python3.11/pandas/tests/groupby/__pycache__/test_bin_groupby.cpython-311.pyc
copying file /Users/calum/Developer/Excelerator/env/lib/python3.11/site-packages/pandas/tests/groupby/test_apply.py -> /Users/calum/Developer/Excelerator/dist/Excelerate.app/Contents/Resources/lib/python3.11/pandas/tests/groupby/test_apply.py
copying file /Users/calum/Developer/Excelerator/env/lib/python3.11/site-packages/pandas/tests/groupby/test_indexing.py -> /Users/calum/Developer/Excelerator/dist/Excelerate.app/Contents/Resources/lib/python3.11/pandas/tests/groupby/test_indexing.py
copying file /Users/calum/Developer/Excelerator/env/lib/python3.11/site-packages/pandas/tests/groupby/test_apply_mutate.py -> /Users/calum/Developer/Excelerator/dist/Excelerate.app/Contents/Resources/lib/python3.11/pandas/tests/groupby/test_apply_mutate.py
copying file /Users/calum/Developer/Excelerator/env/lib/python3.11/site-packages/pandas/tests/groupby/test_libgroupby.py -> /Users/calum/Developer/Excelerator/dist/Excelerate.app/Contents/Resources/lib/python3.11/pandas/tests/groupby/test_libgroupby.py
copying file /Users/calum/Developer/Excelerator/env/lib/python3.11/site-packages/pandas/tests/groupby/test_groupby_dropna.py -> /Users/calum/Developer/Excelerator/dist/Excelerate.app/Contents/Resources/lib/python3.11/pandas/tests/groupby/test_groupby_dropna.py
copying file /Users/calum/Developer/Excelerator/env/lib/python3.11/site-packages/pandas/tests/groupby/test_groupby.py -> /Users/calum/Developer/Excelerator/dist/Excelerate.app/Contents/Resources/lib/python3.11/pandas/tests/groupby/test_groupby.py
copying file /Users/calum/Developer/Excelerator/env/lib/python3.11/site-packages/pandas/tests/groupby/test_api.py -> /Users/calum/Developer/Excelerator/dist/Excelerate.app/Contents/Resources/lib/python3.11/pandas/tests/groupby/test_api.py
copying file /Users/calum/Developer/Excelerator/env/lib/python3.11/site-packages/pandas/tests/groupby/test_pipe.py -> /Users/calum/Developer/Excelerator/dist/Excelerate.app/Contents/Resources/lib/python3.11/pandas/tests/groupby/test_pipe.py
copying file /Users/calum/Developer/Excelerator/env/lib/python3.11/site-packages/pandas/tests/groupby/test_filters.py -> /Users/calum/Developer/Excelerator/dist/Excelerate.app/Contents/Resources/lib/python3.11/pandas/tests/groupby/test_filters.py
copying file /Users/calum/Developer/Excelerator/env/lib/python3.11/site-packages/pandas/tests/groupby/test_numba.py -> /Users/calum/Developer/Excelerator/dist/Excelerate.app/Contents/Resources/lib/python3.11/pandas/tests/groupby/test_numba.py
copying file /Users/calum/Developer/Excelerator/env/lib/python3.11/site-packages/pandas/tests/groupby/test_index_as_string.py -> /Users/calum/Developer/Excelerator/dist/Excelerate.app/Contents/Resources/lib/python3.11/pandas/tests/groupby/test_index_as_string.py
creating /Users/calum/Developer/Excelerator/dist/Excelerate.app/Contents/Resources/lib/python3.11/pandas/tests/groupby/transform
copying file /Users/calum/Developer/Excelerator/env/lib/python3.11/site-packages/pandas/tests/groupby/transform/test_transform.py -> /Users/calum/Developer/Excelerator/dist/Excelerate.app/Contents/Resources/lib/python3.11/pandas/tests/groupby/transform/test_transform.py
copying file /Users/calum/Developer/Excelerator/env/lib/python3.11/site-packages/pandas/tests/groupby/transform/__init__.py -> /Users/calum/Developer/Excelerator/dist/Excelerate.app/Contents/Resources/lib/python3.11/pandas/tests/groupby/transform/__init__.py
creating /Users/calum/Developer/Excelerator/dist/Excelerate.app/Contents/Resources/lib/python3.11/pandas/tests/groupby/transform/__pycache__
copying file /Users/calum/Developer/Excelerator/env/lib/python3.11/site-packages/pandas/tests/groupby/transform/__pycache__/test_numba.cpython-311.pyc -> /Users/calum/Developer/Excelerator/dist/Excelerate.app/Contents/Resources/lib/python3.11/pandas/tests/groupby/transform/__pycache__/test_numba.cpython-311.pyc
copying file /Users/calum/Developer/Excelerator/env/lib/python3.11/site-packages/pandas/tests/groupby/transform/__pycache__/test_transform.cpython-311.pyc -> /Users/calum/Developer/Excelerator/dist/Excelerate.app/Contents/Resources/lib/python3.11/pandas/tests/groupby/transform/__pycache__/test_transform.cpython-311.pyc
copying file /Users/calum/Developer/Excelerator/env/lib/python3.11/site-packages/pandas/tests/groupby/transform/__pycache__/__init__.cpython-311.pyc -> /Users/calum/Developer/Excelerator/dist/Excelerate.app/Contents/Resources/lib/python3.11/pandas/tests/groupby/transform/__pycache__/__init__.cpython-311.pyc
copying file /Users/calum/Developer/Excelerator/env/lib/python3.11/site-packages/pandas/tests/groupby/transform/test_numba.py -> /Users/calum/Developer/Excelerator/dist/Excelerate.app/Contents/Resources/lib/python3.11/pandas/tests/groupby/transform/test_numba.py
copying file /Users/calum/Developer/Excelerator/env/lib/python3.11/site-packages/pandas/tests/groupby/test_numeric_only.py -> /Users/calum/Developer/Excelerator/dist/Excelerate.app/Contents/Resources/lib/python3.11/pandas/tests/groupby/test_numeric_only.py
creating /Users/calum/Developer/Excelerator/dist/Excelerate.app/Contents/Resources/lib/python3.11/pandas/tests/internals
copying file /Users/calum/Developer/Excelerator/env/lib/python3.11/site-packages/pandas/tests/internals/__init__.py -> /Users/calum/Developer/Excelerator/dist/Excelerate.app/Contents/Resources/lib/python3.11/pandas/tests/internals/__init__.py
creating /Users/calum/Developer/Excelerator/dist/Excelerate.app/Contents/Resources/lib/python3.11/pandas/tests/internals/__pycache__
copying file /Users/calum/Developer/Excelerator/env/lib/python3.11/site-packages/pandas/tests/internals/__pycache__/test_internals.cpython-311.pyc -> /Users/calum/Developer/Excelerator/dist/Excelerate.app/Contents/Resources/lib/python3.11/pandas/tests/internals/__pycache__/test_internals.cpython-311.pyc
copying file /Users/calum/Developer/Excelerator/env/lib/python3.11/site-packages/pandas/tests/internals/__pycache__/test_api.cpython-311.pyc -> /Users/calum/Developer/Excelerator/dist/Excelerate.app/Contents/Resources/lib/python3.11/pandas/tests/internals/__pycache__/test_api.cpython-311.pyc
copying file /Users/calum/Developer/Excelerator/env/lib/python3.11/site-packages/pandas/tests/internals/__pycache__/test_managers.cpython-311.pyc -> /Users/calum/Developer/Excelerator/dist/Excelerate.app/Contents/Resources/lib/python3.11/pandas/tests/internals/__pycache__/test_managers.cpython-311.pyc
copying file /Users/calum/Developer/Excelerator/env/lib/python3.11/site-packages/pandas/tests/internals/__pycache__/__init__.cpython-311.pyc -> /Users/calum/Developer/Excelerator/dist/Excelerate.app/Contents/Resources/lib/python3.11/pandas/tests/internals/__pycache__/__init__.cpython-311.pyc
copying file /Users/calum/Developer/Excelerator/env/lib/python3.11/site-packages/pandas/tests/internals/test_internals.py -> /Users/calum/Developer/Excelerator/dist/Excelerate.app/Contents/Resources/lib/python3.11/pandas/tests/internals/test_internals.py
copying file /Users/calum/Developer/Excelerator/env/lib/python3.11/site-packages/pandas/tests/internals/test_managers.py -> /Users/calum/Developer/Excelerator/dist/Excelerate.app/Contents/Resources/lib/python3.11/pandas/tests/internals/test_managers.py
copying file /Users/calum/Developer/Excelerator/env/lib/python3.11/site-packages/pandas/tests/internals/test_api.py -> /Users/calum/Developer/Excelerator/dist/Excelerate.app/Contents/Resources/lib/python3.11/pandas/tests/internals/test_api.py
creating /Users/calum/Developer/Excelerator/dist/Excelerate.app/Contents/Resources/lib/python3.11/pandas/tests/computation
copying file /Users/calum/Developer/Excelerator/env/lib/python3.11/site-packages/pandas/tests/computation/__init__.py -> /Users/calum/Developer/Excelerator/dist/Excelerate.app/Contents/Resources/lib/python3.11/pandas/tests/computation/__init__.py
creating /Users/calum/Developer/Excelerator/dist/Excelerate.app/Contents/Resources/lib/python3.11/pandas/tests/computation/__pycache__
copying file /Users/calum/Developer/Excelerator/env/lib/python3.11/site-packages/pandas/tests/computation/__pycache__/test_compat.cpython-311.pyc -> /Users/calum/Developer/Excelerator/dist/Excelerate.app/Contents/Resources/lib/python3.11/pandas/tests/computation/__pycache__/test_compat.cpython-311.pyc
copying file /Users/calum/Developer/Excelerator/env/lib/python3.11/site-packages/pandas/tests/computation/__pycache__/test_eval.cpython-311.pyc -> /Users/calum/Developer/Excelerator/dist/Excelerate.app/Contents/Resources/lib/python3.11/pandas/tests/computation/__pycache__/test_eval.cpython-311.pyc
copying file /Users/calum/Developer/Excelerator/env/lib/python3.11/site-packages/pandas/tests/computation/__pycache__/__init__.cpython-311.pyc -> /Users/calum/Developer/Excelerator/dist/Excelerate.app/Contents/Resources/lib/python3.11/pandas/tests/computation/__pycache__/__init__.cpython-311.pyc
copying file /Users/calum/Developer/Excelerator/env/lib/python3.11/site-packages/pandas/tests/computation/test_compat.py -> /Users/calum/Developer/Excelerator/dist/Excelerate.app/Contents/Resources/lib/python3.11/pandas/tests/computation/test_compat.py
copying file /Users/calum/Developer/Excelerator/env/lib/python3.11/site-packages/pandas/tests/computation/test_eval.py -> /Users/calum/Developer/Excelerator/dist/Excelerate.app/Contents/Resources/lib/python3.11/pandas/tests/computation/test_eval.py
copying file /Users/calum/Developer/Excelerator/env/lib/python3.11/site-packages/pandas/tests/test_nanops.py -> /Users/calum/Developer/Excelerator/dist/Excelerate.app/Contents/Resources/lib/python3.11/pandas/tests/test_nanops.py
copying file /Users/calum/Developer/Excelerator/env/lib/python3.11/site-packages/pandas/tests/test_take.py -> /Users/calum/Developer/Excelerator/dist/Excelerate.app/Contents/Resources/lib/python3.11/pandas/tests/test_take.py
copying file /Users/calum/Developer/Excelerator/env/lib/python3.11/site-packages/pandas/tests/test_algos.py -> /Users/calum/Developer/Excelerator/dist/Excelerate.app/Contents/Resources/lib/python3.11/pandas/tests/test_algos.py
copying file /Users/calum/Developer/Excelerator/env/lib/python3.11/site-packages/pandas/tests/test_multilevel.py -> /Users/calum/Developer/Excelerator/dist/Excelerate.app/Contents/Resources/lib/python3.11/pandas/tests/test_multilevel.py
creating /Users/calum/Developer/Excelerator/dist/Excelerate.app/Contents/Resources/lib/python3.11/pandas/tests/plotting
copying file /Users/calum/Developer/Excelerator/env/lib/python3.11/site-packages/pandas/tests/plotting/test_backend.py -> /Users/calum/Developer/Excelerator/dist/Excelerate.app/Contents/Resources/lib/python3.11/pandas/tests/plotting/test_backend.py
copying file /Users/calum/Developer/Excelerator/env/lib/python3.11/site-packages/pandas/tests/plotting/conftest.py -> /Users/calum/Developer/Excelerator/dist/Excelerate.app/Contents/Resources/lib/python3.11/pandas/tests/plotting/conftest.py
copying file /Users/calum/Developer/Excelerator/env/lib/python3.11/site-packages/pandas/tests/plotting/test_common.py -> /Users/calum/Developer/Excelerator/dist/Excelerate.app/Contents/Resources/lib/python3.11/pandas/tests/plotting/test_common.py
copying file /Users/calum/Developer/Excelerator/env/lib/python3.11/site-packages/pandas/tests/plotting/test_misc.py -> /Users/calum/Developer/Excelerator/dist/Excelerate.app/Contents/Resources/lib/python3.11/pandas/tests/plotting/test_misc.py
copying file /Users/calum/Developer/Excelerator/env/lib/python3.11/site-packages/pandas/tests/plotting/test_boxplot_method.py -> /Users/calum/Developer/Excelerator/dist/Excelerate.app/Contents/Resources/lib/python3.11/pandas/tests/plotting/test_boxplot_method.py
copying file /Users/calum/Developer/Excelerator/env/lib/python3.11/site-packages/pandas/tests/plotting/__init__.py -> /Users/calum/Developer/Excelerator/dist/Excelerate.app/Contents/Resources/lib/python3.11/pandas/tests/plotting/__init__.py
copying file /Users/calum/Developer/Excelerator/env/lib/python3.11/site-packages/pandas/tests/plotting/test_datetimelike.py -> /Users/calum/Developer/Excelerator/dist/Excelerate.app/Contents/Resources/lib/python3.11/pandas/tests/plotting/test_datetimelike.py
creating /Users/calum/Developer/Excelerator/dist/Excelerate.app/Contents/Resources/lib/python3.11/pandas/tests/plotting/frame
copying file /Users/calum/Developer/Excelerator/env/lib/python3.11/site-packages/pandas/tests/plotting/frame/test_frame_color.py -> /Users/calum/Developer/Excelerator/dist/Excelerate.app/Contents/Resources/lib/python3.11/pandas/tests/plotting/frame/test_frame_color.py
copying file /Users/calum/Developer/Excelerator/env/lib/python3.11/site-packages/pandas/tests/plotting/frame/test_frame.py -> /Users/calum/Developer/Excelerator/dist/Excelerate.app/Contents/Resources/lib/python3.11/pandas/tests/plotting/frame/test_frame.py
copying file /Users/calum/Developer/Excelerator/env/lib/python3.11/site-packages/pandas/tests/plotting/frame/test_frame_subplots.py -> /Users/calum/Developer/Excelerator/dist/Excelerate.app/Contents/Resources/lib/python3.11/pandas/tests/plotting/frame/test_frame_subplots.py
copying file /Users/calum/Developer/Excelerator/env/lib/python3.11/site-packages/pandas/tests/plotting/frame/test_frame_legend.py -> /Users/calum/Developer/Excelerator/dist/Excelerate.app/Contents/Resources/lib/python3.11/pandas/tests/plotting/frame/test_frame_legend.py
copying file /Users/calum/Developer/Excelerator/env/lib/python3.11/site-packages/pandas/tests/plotting/frame/__init__.py -> /Users/calum/Developer/Excelerator/dist/Excelerate.app/Contents/Resources/lib/python3.11/pandas/tests/plotting/frame/__init__.py
copying file /Users/calum/Developer/Excelerator/env/lib/python3.11/site-packages/pandas/tests/plotting/frame/test_hist_box_by.py -> /Users/calum/Developer/Excelerator/dist/Excelerate.app/Contents/Resources/lib/python3.11/pandas/tests/plotting/frame/test_hist_box_by.py
creating /Users/calum/Developer/Excelerator/dist/Excelerate.app/Contents/Resources/lib/python3.11/pandas/tests/plotting/frame/__pycache__
copying file /Users/calum/Developer/Excelerator/env/lib/python3.11/site-packages/pandas/tests/plotting/frame/__pycache__/test_hist_box_by.cpython-311.pyc -> /Users/calum/Developer/Excelerator/dist/Excelerate.app/Contents/Resources/lib/python3.11/pandas/tests/plotting/frame/__pycache__/test_hist_box_by.cpython-311.pyc
copying file /Users/calum/Developer/Excelerator/env/lib/python3.11/site-packages/pandas/tests/plotting/frame/__pycache__/test_frame_groupby.cpython-311.pyc -> /Users/calum/Developer/Excelerator/dist/Excelerate.app/Contents/Resources/lib/python3.11/pandas/tests/plotting/frame/__pycache__/test_frame_groupby.cpython-311.pyc
copying file /Users/calum/Developer/Excelerator/env/lib/python3.11/site-packages/pandas/tests/plotting/frame/__pycache__/test_frame_color.cpython-311.pyc -> /Users/calum/Developer/Excelerator/dist/Excelerate.app/Contents/Resources/lib/python3.11/pandas/tests/plotting/frame/__pycache__/test_frame_color.cpython-311.pyc
copying file /Users/calum/Developer/Excelerator/env/lib/python3.11/site-packages/pandas/tests/plotting/frame/__pycache__/test_frame_subplots.cpython-311.pyc -> /Users/calum/Developer/Excelerator/dist/Excelerate.app/Contents/Resources/lib/python3.11/pandas/tests/plotting/frame/__pycache__/test_frame_subplots.cpython-311.pyc
copying file /Users/calum/Developer/Excelerator/env/lib/python3.11/site-packages/pandas/tests/plotting/frame/__pycache__/test_frame_legend.cpython-311.pyc -> /Users/calum/Developer/Excelerator/dist/Excelerate.app/Contents/Resources/lib/python3.11/pandas/tests/plotting/frame/__pycache__/test_frame_legend.cpython-311.pyc
copying file /Users/calum/Developer/Excelerator/env/lib/python3.11/site-packages/pandas/tests/plotting/frame/__pycache__/__init__.cpython-311.pyc -> /Users/calum/Developer/Excelerator/dist/Excelerate.app/Contents/Resources/lib/python3.11/pandas/tests/plotting/frame/__pycache__/__init__.cpython-311.pyc
copying file /Users/calum/Developer/Excelerator/env/lib/python3.11/site-packages/pandas/tests/plotting/frame/__pycache__/test_frame.cpython-311.pyc -> /Users/calum/Developer/Excelerator/dist/Excelerate.app/Contents/Resources/lib/python3.11/pandas/tests/plotting/frame/__pycache__/test_frame.cpython-311.pyc
copying file /Users/calum/Developer/Excelerator/env/lib/python3.11/site-packages/pandas/tests/plotting/frame/test_frame_groupby.py -> /Users/calum/Developer/Excelerator/dist/Excelerate.app/Contents/Resources/lib/python3.11/pandas/tests/plotting/frame/test_frame_groupby.py
creating /Users/calum/Developer/Excelerator/dist/Excelerate.app/Contents/Resources/lib/python3.11/pandas/tests/plotting/__pycache__
copying file /Users/calum/Developer/Excelerator/env/lib/python3.11/site-packages/pandas/tests/plotting/__pycache__/test_hist_method.cpython-311.pyc -> /Users/calum/Developer/Excelerator/dist/Excelerate.app/Contents/Resources/lib/python3.11/pandas/tests/plotting/__pycache__/test_hist_method.cpython-311.pyc
copying file /Users/calum/Developer/Excelerator/env/lib/python3.11/site-packages/pandas/tests/plotting/__pycache__/test_common.cpython-311.pyc -> /Users/calum/Developer/Excelerator/dist/Excelerate.app/Contents/Resources/lib/python3.11/pandas/tests/plotting/__pycache__/test_common.cpython-311.pyc
copying file /Users/calum/Developer/Excelerator/env/lib/python3.11/site-packages/pandas/tests/plotting/__pycache__/test_series.cpython-311.pyc -> /Users/calum/Developer/Excelerator/dist/Excelerate.app/Contents/Resources/lib/python3.11/pandas/tests/plotting/__pycache__/test_series.cpython-311.pyc
copying file /Users/calum/Developer/Excelerator/env/lib/python3.11/site-packages/pandas/tests/plotting/__pycache__/common.cpython-311.pyc -> /Users/calum/Developer/Excelerator/dist/Excelerate.app/Contents/Resources/lib/python3.11/pandas/tests/plotting/__pycache__/common.cpython-311.pyc
copying file /Users/calum/Developer/Excelerator/env/lib/python3.11/site-packages/pandas/tests/plotting/__pycache__/test_backend.cpython-311.pyc -> /Users/calum/Developer/Excelerator/dist/Excelerate.app/Contents/Resources/lib/python3.11/pandas/tests/plotting/__pycache__/test_backend.cpython-311.pyc
copying file /Users/calum/Developer/Excelerator/env/lib/python3.11/site-packages/pandas/tests/plotting/__pycache__/test_boxplot_method.cpython-311.pyc -> /Users/calum/Developer/Excelerator/dist/Excelerate.app/Contents/Resources/lib/python3.11/pandas/tests/plotting/__pycache__/test_boxplot_method.cpython-311.pyc
copying file /Users/calum/Developer/Excelerator/env/lib/python3.11/site-packages/pandas/tests/plotting/__pycache__/test_converter.cpython-311.pyc -> /Users/calum/Developer/Excelerator/dist/Excelerate.app/Contents/Resources/lib/python3.11/pandas/tests/plotting/__pycache__/test_converter.cpython-311.pyc
copying file /Users/calum/Developer/Excelerator/env/lib/python3.11/site-packages/pandas/tests/plotting/__pycache__/conftest.cpython-311.pyc -> /Users/calum/Developer/Excelerator/dist/Excelerate.app/Contents/Resources/lib/python3.11/pandas/tests/plotting/__pycache__/conftest.cpython-311.pyc
copying file /Users/calum/Developer/Excelerator/env/lib/python3.11/site-packages/pandas/tests/plotting/__pycache__/test_style.cpython-311.pyc -> /Users/calum/Developer/Excelerator/dist/Excelerate.app/Contents/Resources/lib/python3.11/pandas/tests/plotting/__pycache__/test_style.cpython-311.pyc
copying file /Users/calum/Developer/Excelerator/env/lib/python3.11/site-packages/pandas/tests/plotting/__pycache__/test_groupby.cpython-311.pyc -> /Users/calum/Developer/Excelerator/dist/Excelerate.app/Contents/Resources/lib/python3.11/pandas/tests/plotting/__pycache__/test_groupby.cpython-311.pyc
copying file /Users/calum/Developer/Excelerator/env/lib/python3.11/site-packages/pandas/tests/plotting/__pycache__/test_datetimelike.cpython-311.pyc -> /Users/calum/Developer/Excelerator/dist/Excelerate.app/Contents/Resources/lib/python3.11/pandas/tests/plotting/__pycache__/test_datetimelike.cpython-311.pyc
copying file /Users/calum/Developer/Excelerator/env/lib/python3.11/site-packages/pandas/tests/plotting/__pycache__/test_misc.cpython-311.pyc -> /Users/calum/Developer/Excelerator/dist/Excelerate.app/Contents/Resources/lib/python3.11/pandas/tests/plotting/__pycache__/test_misc.cpython-311.pyc
copying file /Users/calum/Developer/Excelerator/env/lib/python3.11/site-packages/pandas/tests/plotting/__pycache__/__init__.cpython-311.pyc -> /Users/calum/Developer/Excelerator/dist/Excelerate.app/Contents/Resources/lib/python3.11/pandas/tests/plotting/__pycache__/__init__.cpython-311.pyc
copying file /Users/calum/Developer/Excelerator/env/lib/python3.11/site-packages/pandas/tests/plotting/test_hist_method.py -> /Users/calum/Developer/Excelerator/dist/Excelerate.app/Contents/Resources/lib/python3.11/pandas/tests/plotting/test_hist_method.py
copying file /Users/calum/Developer/Excelerator/env/lib/python3.11/site-packages/pandas/tests/plotting/common.py -> /Users/calum/Developer/Excelerator/dist/Excelerate.app/Contents/Resources/lib/python3.11/pandas/tests/plotting/common.py
copying file /Users/calum/Developer/Excelerator/env/lib/python3.11/site-packages/pandas/tests/plotting/test_style.py -> /Users/calum/Developer/Excelerator/dist/Excelerate.app/Contents/Resources/lib/python3.11/pandas/tests/plotting/test_style.py
copying file /Users/calum/Developer/Excelerator/env/lib/python3.11/site-packages/pandas/tests/plotting/test_groupby.py -> /Users/calum/Developer/Excelerator/dist/Excelerate.app/Contents/Resources/lib/python3.11/pandas/tests/plotting/test_groupby.py
copying file /Users/calum/Developer/Excelerator/env/lib/python3.11/site-packages/pandas/tests/plotting/test_converter.py -> /Users/calum/Developer/Excelerator/dist/Excelerate.app/Contents/Resources/lib/python3.11/pandas/tests/plotting/test_converter.py
copying file /Users/calum/Developer/Excelerator/env/lib/python3.11/site-packages/pandas/tests/plotting/test_series.py -> /Users/calum/Developer/Excelerator/dist/Excelerate.app/Contents/Resources/lib/python3.11/pandas/tests/plotting/test_series.py
creating /Users/calum/Developer/Excelerator/dist/Excelerate.app/Contents/Resources/lib/python3.11/pandas/tests/window
copying file /Users/calum/Developer/Excelerator/env/lib/python3.11/site-packages/pandas/tests/window/conftest.py -> /Users/calum/Developer/Excelerator/dist/Excelerate.app/Contents/Resources/lib/python3.11/pandas/tests/window/conftest.py
creating /Users/calum/Developer/Excelerator/dist/Excelerate.app/Contents/Resources/lib/python3.11/pandas/tests/window/moments
copying file /Users/calum/Developer/Excelerator/env/lib/python3.11/site-packages/pandas/tests/window/moments/conftest.py -> /Users/calum/Developer/Excelerator/dist/Excelerate.app/Contents/Resources/lib/python3.11/pandas/tests/window/moments/conftest.py
copying file /Users/calum/Developer/Excelerator/env/lib/python3.11/site-packages/pandas/tests/window/moments/test_moments_consistency_ewm.py -> /Users/calum/Developer/Excelerator/dist/Excelerate.app/Contents/Resources/lib/python3.11/pandas/tests/window/moments/test_moments_consistency_ewm.py
copying file /Users/calum/Developer/Excelerator/env/lib/python3.11/site-packages/pandas/tests/window/moments/test_moments_consistency_rolling.py -> /Users/calum/Developer/Excelerator/dist/Excelerate.app/Contents/Resources/lib/python3.11/pandas/tests/window/moments/test_moments_consistency_rolling.py
copying file /Users/calum/Developer/Excelerator/env/lib/python3.11/site-packages/pandas/tests/window/moments/__init__.py -> /Users/calum/Developer/Excelerator/dist/Excelerate.app/Contents/Resources/lib/python3.11/pandas/tests/window/moments/__init__.py
creating /Users/calum/Developer/Excelerator/dist/Excelerate.app/Contents/Resources/lib/python3.11/pandas/tests/window/moments/__pycache__
copying file /Users/calum/Developer/Excelerator/env/lib/python3.11/site-packages/pandas/tests/window/moments/__pycache__/test_moments_consistency_ewm.cpython-311.pyc -> /Users/calum/Developer/Excelerator/dist/Excelerate.app/Contents/Resources/lib/python3.11/pandas/tests/window/moments/__pycache__/test_moments_consistency_ewm.cpython-311.pyc
copying file /Users/calum/Developer/Excelerator/env/lib/python3.11/site-packages/pandas/tests/window/moments/__pycache__/conftest.cpython-311.pyc -> /Users/calum/Developer/Excelerator/dist/Excelerate.app/Contents/Resources/lib/python3.11/pandas/tests/window/moments/__pycache__/conftest.cpython-311.pyc
copying file /Users/calum/Developer/Excelerator/env/lib/python3.11/site-packages/pandas/tests/window/moments/__pycache__/test_moments_consistency_expanding.cpython-311.pyc -> /Users/calum/Developer/Excelerator/dist/Excelerate.app/Contents/Resources/lib/python3.11/pandas/tests/window/moments/__pycache__/test_moments_consistency_expanding.cpython-311.pyc
copying file /Users/calum/Developer/Excelerator/env/lib/python3.11/site-packages/pandas/tests/window/moments/__pycache__/test_moments_consistency_rolling.cpython-311.pyc -> /Users/calum/Developer/Excelerator/dist/Excelerate.app/Contents/Resources/lib/python3.11/pandas/tests/window/moments/__pycache__/test_moments_consistency_rolling.cpython-311.pyc
copying file /Users/calum/Developer/Excelerator/env/lib/python3.11/site-packages/pandas/tests/window/moments/__pycache__/__init__.cpython-311.pyc -> /Users/calum/Developer/Excelerator/dist/Excelerate.app/Contents/Resources/lib/python3.11/pandas/tests/window/moments/__pycache__/__init__.cpython-311.pyc
copying file /Users/calum/Developer/Excelerator/env/lib/python3.11/site-packages/pandas/tests/window/moments/test_moments_consistency_expanding.py -> /Users/calum/Developer/Excelerator/dist/Excelerate.app/Contents/Resources/lib/python3.11/pandas/tests/window/moments/test_moments_consistency_expanding.py
copying file /Users/calum/Developer/Excelerator/env/lib/python3.11/site-packages/pandas/tests/window/test_rolling_quantile.py -> /Users/calum/Developer/Excelerator/dist/Excelerate.app/Contents/Resources/lib/python3.11/pandas/tests/window/test_rolling_quantile.py
copying file /Users/calum/Developer/Excelerator/env/lib/python3.11/site-packages/pandas/tests/window/test_cython_aggregations.py -> /Users/calum/Developer/Excelerator/dist/Excelerate.app/Contents/Resources/lib/python3.11/pandas/tests/window/test_cython_aggregations.py
copying file /Users/calum/Developer/Excelerator/env/lib/python3.11/site-packages/pandas/tests/window/test_expanding.py -> /Users/calum/Developer/Excelerator/dist/Excelerate.app/Contents/Resources/lib/python3.11/pandas/tests/window/test_expanding.py
copying file /Users/calum/Developer/Excelerator/env/lib/python3.11/site-packages/pandas/tests/window/test_rolling.py -> /Users/calum/Developer/Excelerator/dist/Excelerate.app/Contents/Resources/lib/python3.11/pandas/tests/window/test_rolling.py
copying file /Users/calum/Developer/Excelerator/env/lib/python3.11/site-packages/pandas/tests/window/__init__.py -> /Users/calum/Developer/Excelerator/dist/Excelerate.app/Contents/Resources/lib/python3.11/pandas/tests/window/__init__.py
copying file /Users/calum/Developer/Excelerator/env/lib/python3.11/site-packages/pandas/tests/window/test_rolling_skew_kurt.py -> /Users/calum/Developer/Excelerator/dist/Excelerate.app/Contents/Resources/lib/python3.11/pandas/tests/window/test_rolling_skew_kurt.py
copying file /Users/calum/Developer/Excelerator/env/lib/python3.11/site-packages/pandas/tests/window/test_ewm.py -> /Users/calum/Developer/Excelerator/dist/Excelerate.app/Contents/Resources/lib/python3.11/pandas/tests/window/test_ewm.py
creating /Users/calum/Developer/Excelerator/dist/Excelerate.app/Contents/Resources/lib/python3.11/pandas/tests/window/__pycache__
copying file /Users/calum/Developer/Excelerator/env/lib/python3.11/site-packages/pandas/tests/window/__pycache__/test_cython_aggregations.cpython-311.pyc -> /Users/calum/Developer/Excelerator/dist/Excelerate.app/Contents/Resources/lib/python3.11/pandas/tests/window/__pycache__/test_cython_aggregations.cpython-311.pyc
copying file /Users/calum/Developer/Excelerator/env/lib/python3.11/site-packages/pandas/tests/window/__pycache__/test_expanding.cpython-311.pyc -> /Users/calum/Developer/Excelerator/dist/Excelerate.app/Contents/Resources/lib/python3.11/pandas/tests/window/__pycache__/test_expanding.cpython-311.pyc
copying file /Users/calum/Developer/Excelerator/env/lib/python3.11/site-packages/pandas/tests/window/__pycache__/test_rolling.cpython-311.pyc -> /Users/calum/Developer/Excelerator/dist/Excelerate.app/Contents/Resources/lib/python3.11/pandas/tests/window/__pycache__/test_rolling.cpython-311.pyc
copying file /Users/calum/Developer/Excelerator/env/lib/python3.11/site-packages/pandas/tests/window/__pycache__/test_rolling_functions.cpython-311.pyc -> /Users/calum/Developer/Excelerator/dist/Excelerate.app/Contents/Resources/lib/python3.11/pandas/tests/window/__pycache__/test_rolling_functions.cpython-311.pyc
copying file /Users/calum/Developer/Excelerator/env/lib/python3.11/site-packages/pandas/tests/window/__pycache__/test_pairwise.cpython-311.pyc -> /Users/calum/Developer/Excelerator/dist/Excelerate.app/Contents/Resources/lib/python3.11/pandas/tests/window/__pycache__/test_pairwise.cpython-311.pyc
copying file /Users/calum/Developer/Excelerator/env/lib/python3.11/site-packages/pandas/tests/window/__pycache__/test_base_indexer.cpython-311.pyc -> /Users/calum/Developer/Excelerator/dist/Excelerate.app/Contents/Resources/lib/python3.11/pandas/tests/window/__pycache__/test_base_indexer.cpython-311.pyc
copying file /Users/calum/Developer/Excelerator/env/lib/python3.11/site-packages/pandas/tests/window/__pycache__/test_numba.cpython-311.pyc -> /Users/calum/Developer/Excelerator/dist/Excelerate.app/Contents/Resources/lib/python3.11/pandas/tests/window/__pycache__/test_numba.cpython-311.pyc
copying file /Users/calum/Developer/Excelerator/env/lib/python3.11/site-packages/pandas/tests/window/__pycache__/test_rolling_quantile.cpython-311.pyc -> /Users/calum/Developer/Excelerator/dist/Excelerate.app/Contents/Resources/lib/python3.11/pandas/tests/window/__pycache__/test_rolling_quantile.cpython-311.pyc
copying file /Users/calum/Developer/Excelerator/env/lib/python3.11/site-packages/pandas/tests/window/__pycache__/test_win_type.cpython-311.pyc -> /Users/calum/Developer/Excelerator/dist/Excelerate.app/Contents/Resources/lib/python3.11/pandas/tests/window/__pycache__/test_win_type.cpython-311.pyc
copying file /Users/calum/Developer/Excelerator/env/lib/python3.11/site-packages/pandas/tests/window/__pycache__/conftest.cpython-311.pyc -> /Users/calum/Developer/Excelerator/dist/Excelerate.app/Contents/Resources/lib/python3.11/pandas/tests/window/__pycache__/conftest.cpython-311.pyc
copying file /Users/calum/Developer/Excelerator/env/lib/python3.11/site-packages/pandas/tests/window/__pycache__/test_ewm.cpython-311.pyc -> /Users/calum/Developer/Excelerator/dist/Excelerate.app/Contents/Resources/lib/python3.11/pandas/tests/window/__pycache__/test_ewm.cpython-311.pyc
copying file /Users/calum/Developer/Excelerator/env/lib/python3.11/site-packages/pandas/tests/window/__pycache__/test_apply.cpython-311.pyc -> /Users/calum/Developer/Excelerator/dist/Excelerate.app/Contents/Resources/lib/python3.11/pandas/tests/window/__pycache__/test_apply.cpython-311.pyc
copying file /Users/calum/Developer/Excelerator/env/lib/python3.11/site-packages/pandas/tests/window/__pycache__/test_timeseries_window.cpython-311.pyc -> /Users/calum/Developer/Excelerator/dist/Excelerate.app/Contents/Resources/lib/python3.11/pandas/tests/window/__pycache__/test_timeseries_window.cpython-311.pyc
copying file /Users/calum/Developer/Excelerator/env/lib/python3.11/site-packages/pandas/tests/window/__pycache__/test_groupby.cpython-311.pyc -> /Users/calum/Developer/Excelerator/dist/Excelerate.app/Contents/Resources/lib/python3.11/pandas/tests/window/__pycache__/test_groupby.cpython-311.pyc
copying file /Users/calum/Developer/Excelerator/env/lib/python3.11/site-packages/pandas/tests/window/__pycache__/test_rolling_skew_kurt.cpython-311.pyc -> /Users/calum/Developer/Excelerator/dist/Excelerate.app/Contents/Resources/lib/python3.11/pandas/tests/window/__pycache__/test_rolling_skew_kurt.cpython-311.pyc
copying file /Users/calum/Developer/Excelerator/env/lib/python3.11/site-packages/pandas/tests/window/__pycache__/test_dtypes.cpython-311.pyc -> /Users/calum/Developer/Excelerator/dist/Excelerate.app/Contents/Resources/lib/python3.11/pandas/tests/window/__pycache__/test_dtypes.cpython-311.pyc
copying file /Users/calum/Developer/Excelerator/env/lib/python3.11/site-packages/pandas/tests/window/__pycache__/test_api.cpython-311.pyc -> /Users/calum/Developer/Excelerator/dist/Excelerate.app/Contents/Resources/lib/python3.11/pandas/tests/window/__pycache__/test_api.cpython-311.pyc
copying file /Users/calum/Developer/Excelerator/env/lib/python3.11/site-packages/pandas/tests/window/__pycache__/__init__.cpython-311.pyc -> /Users/calum/Developer/Excelerator/dist/Excelerate.app/Contents/Resources/lib/python3.11/pandas/tests/window/__pycache__/__init__.cpython-311.pyc
copying file /Users/calum/Developer/Excelerator/env/lib/python3.11/site-packages/pandas/tests/window/__pycache__/test_online.cpython-311.pyc -> /Users/calum/Developer/Excelerator/dist/Excelerate.app/Contents/Resources/lib/python3.11/pandas/tests/window/__pycache__/test_online.cpython-311.pyc
copying file /Users/calum/Developer/Excelerator/env/lib/python3.11/site-packages/pandas/tests/window/test_apply.py -> /Users/calum/Developer/Excelerator/dist/Excelerate.app/Contents/Resources/lib/python3.11/pandas/tests/window/test_apply.py
copying file /Users/calum/Developer/Excelerator/env/lib/python3.11/site-packages/pandas/tests/window/test_win_type.py -> /Users/calum/Developer/Excelerator/dist/Excelerate.app/Contents/Resources/lib/python3.11/pandas/tests/window/test_win_type.py
copying file /Users/calum/Developer/Excelerator/env/lib/python3.11/site-packages/pandas/tests/window/test_groupby.py -> /Users/calum/Developer/Excelerator/dist/Excelerate.app/Contents/Resources/lib/python3.11/pandas/tests/window/test_groupby.py
copying file /Users/calum/Developer/Excelerator/env/lib/python3.11/site-packages/pandas/tests/window/test_api.py -> /Users/calum/Developer/Excelerator/dist/Excelerate.app/Contents/Resources/lib/python3.11/pandas/tests/window/test_api.py
copying file /Users/calum/Developer/Excelerator/env/lib/python3.11/site-packages/pandas/tests/window/test_pairwise.py -> /Users/calum/Developer/Excelerator/dist/Excelerate.app/Contents/Resources/lib/python3.11/pandas/tests/window/test_pairwise.py
copying file /Users/calum/Developer/Excelerator/env/lib/python3.11/site-packages/pandas/tests/window/test_numba.py -> /Users/calum/Developer/Excelerator/dist/Excelerate.app/Contents/Resources/lib/python3.11/pandas/tests/window/test_numba.py
copying file /Users/calum/Developer/Excelerator/env/lib/python3.11/site-packages/pandas/tests/window/test_online.py -> /Users/calum/Developer/Excelerator/dist/Excelerate.app/Contents/Resources/lib/python3.11/pandas/tests/window/test_online.py
copying file /Users/calum/Developer/Excelerator/env/lib/python3.11/site-packages/pandas/tests/window/test_rolling_functions.py -> /Users/calum/Developer/Excelerator/dist/Excelerate.app/Contents/Resources/lib/python3.11/pandas/tests/window/test_rolling_functions.py
copying file /Users/calum/Developer/Excelerator/env/lib/python3.11/site-packages/pandas/tests/window/test_base_indexer.py -> /Users/calum/Developer/Excelerator/dist/Excelerate.app/Contents/Resources/lib/python3.11/pandas/tests/window/test_base_indexer.py
copying file /Users/calum/Developer/Excelerator/env/lib/python3.11/site-packages/pandas/tests/window/test_dtypes.py -> /Users/calum/Developer/Excelerator/dist/Excelerate.app/Contents/Resources/lib/python3.11/pandas/tests/window/test_dtypes.py
copying file /Users/calum/Developer/Excelerator/env/lib/python3.11/site-packages/pandas/tests/window/test_timeseries_window.py -> /Users/calum/Developer/Excelerator/dist/Excelerate.app/Contents/Resources/lib/python3.11/pandas/tests/window/test_timeseries_window.py
creating /Users/calum/Developer/Excelerator/dist/Excelerate.app/Contents/Resources/lib/python3.11/pandas/tests/arrays
copying file /Users/calum/Developer/Excelerator/env/lib/python3.11/site-packages/pandas/tests/arrays/test_period.py -> /Users/calum/Developer/Excelerator/dist/Excelerate.app/Contents/Resources/lib/python3.11/pandas/tests/arrays/test_period.py
creating /Users/calum/Developer/Excelerator/dist/Excelerate.app/Contents/Resources/lib/python3.11/pandas/tests/arrays/string_
copying file /Users/calum/Developer/Excelerator/env/lib/python3.11/site-packages/pandas/tests/arrays/string_/test_string.py -> /Users/calum/Developer/Excelerator/dist/Excelerate.app/Contents/Resources/lib/python3.11/pandas/tests/arrays/string_/test_string.py
copying file /Users/calum/Developer/Excelerator/env/lib/python3.11/site-packages/pandas/tests/arrays/string_/__init__.py -> /Users/calum/Developer/Excelerator/dist/Excelerate.app/Contents/Resources/lib/python3.11/pandas/tests/arrays/string_/__init__.py
creating /Users/calum/Developer/Excelerator/dist/Excelerate.app/Contents/Resources/lib/python3.11/pandas/tests/arrays/string_/__pycache__
copying file /Users/calum/Developer/Excelerator/env/lib/python3.11/site-packages/pandas/tests/arrays/string_/__pycache__/test_string.cpython-311.pyc -> /Users/calum/Developer/Excelerator/dist/Excelerate.app/Contents/Resources/lib/python3.11/pandas/tests/arrays/string_/__pycache__/test_string.cpython-311.pyc
copying file /Users/calum/Developer/Excelerator/env/lib/python3.11/site-packages/pandas/tests/arrays/string_/__pycache__/test_string_arrow.cpython-311.pyc -> /Users/calum/Developer/Excelerator/dist/Excelerate.app/Contents/Resources/lib/python3.11/pandas/tests/arrays/string_/__pycache__/test_string_arrow.cpython-311.pyc
copying file /Users/calum/Developer/Excelerator/env/lib/python3.11/site-packages/pandas/tests/arrays/string_/__pycache__/__init__.cpython-311.pyc -> /Users/calum/Developer/Excelerator/dist/Excelerate.app/Contents/Resources/lib/python3.11/pandas/tests/arrays/string_/__pycache__/__init__.cpython-311.pyc
copying file /Users/calum/Developer/Excelerator/env/lib/python3.11/site-packages/pandas/tests/arrays/string_/test_string_arrow.py -> /Users/calum/Developer/Excelerator/dist/Excelerate.app/Contents/Resources/lib/python3.11/pandas/tests/arrays/string_/test_string_arrow.py
creating /Users/calum/Developer/Excelerator/dist/Excelerate.app/Contents/Resources/lib/python3.11/pandas/tests/arrays/interval
copying file /Users/calum/Developer/Excelerator/env/lib/python3.11/site-packages/pandas/tests/arrays/interval/test_overlaps.py -> /Users/calum/Developer/Excelerator/dist/Excelerate.app/Contents/Resources/lib/python3.11/pandas/tests/arrays/interval/test_overlaps.py
copying file /Users/calum/Developer/Excelerator/env/lib/python3.11/site-packages/pandas/tests/arrays/interval/__init__.py -> /Users/calum/Developer/Excelerator/dist/Excelerate.app/Contents/Resources/lib/python3.11/pandas/tests/arrays/interval/__init__.py
creating /Users/calum/Developer/Excelerator/dist/Excelerate.app/Contents/Resources/lib/python3.11/pandas/tests/arrays/interval/__pycache__
copying file /Users/calum/Developer/Excelerator/env/lib/python3.11/site-packages/pandas/tests/arrays/interval/__pycache__/test_overlaps.cpython-311.pyc -> /Users/calum/Developer/Excelerator/dist/Excelerate.app/Contents/Resources/lib/python3.11/pandas/tests/arrays/interval/__pycache__/test_overlaps.cpython-311.pyc
copying file /Users/calum/Developer/Excelerator/env/lib/python3.11/site-packages/pandas/tests/arrays/interval/__pycache__/test_interval.cpython-311.pyc -> /Users/calum/Developer/Excelerator/dist/Excelerate.app/Contents/Resources/lib/python3.11/pandas/tests/arrays/interval/__pycache__/test_interval.cpython-311.pyc
copying file /Users/calum/Developer/Excelerator/env/lib/python3.11/site-packages/pandas/tests/arrays/interval/__pycache__/test_formats.cpython-311.pyc -> /Users/calum/Developer/Excelerator/dist/Excelerate.app/Contents/Resources/lib/python3.11/pandas/tests/arrays/interval/__pycache__/test_formats.cpython-311.pyc
copying file /Users/calum/Developer/Excelerator/env/lib/python3.11/site-packages/pandas/tests/arrays/interval/__pycache__/test_interval_pyarrow.cpython-311.pyc -> /Users/calum/Developer/Excelerator/dist/Excelerate.app/Contents/Resources/lib/python3.11/pandas/tests/arrays/interval/__pycache__/test_interval_pyarrow.cpython-311.pyc
copying file /Users/calum/Developer/Excelerator/env/lib/python3.11/site-packages/pandas/tests/arrays/interval/__pycache__/test_astype.cpython-311.pyc -> /Users/calum/Developer/Excelerator/dist/Excelerate.app/Contents/Resources/lib/python3.11/pandas/tests/arrays/interval/__pycache__/test_astype.cpython-311.pyc
copying file /Users/calum/Developer/Excelerator/env/lib/python3.11/site-packages/pandas/tests/arrays/interval/__pycache__/__init__.cpython-311.pyc -> /Users/calum/Developer/Excelerator/dist/Excelerate.app/Contents/Resources/lib/python3.11/pandas/tests/arrays/interval/__pycache__/__init__.cpython-311.pyc
copying file /Users/calum/Developer/Excelerator/env/lib/python3.11/site-packages/pandas/tests/arrays/interval/test_interval.py -> /Users/calum/Developer/Excelerator/dist/Excelerate.app/Contents/Resources/lib/python3.11/pandas/tests/arrays/interval/test_interval.py
copying file /Users/calum/Developer/Excelerator/env/lib/python3.11/site-packages/pandas/tests/arrays/interval/test_astype.py -> /Users/calum/Developer/Excelerator/dist/Excelerate.app/Contents/Resources/lib/python3.11/pandas/tests/arrays/interval/test_astype.py
copying file /Users/calum/Developer/Excelerator/env/lib/python3.11/site-packages/pandas/tests/arrays/interval/test_formats.py -> /Users/calum/Developer/Excelerator/dist/Excelerate.app/Contents/Resources/lib/python3.11/pandas/tests/arrays/interval/test_formats.py
copying file /Users/calum/Developer/Excelerator/env/lib/python3.11/site-packages/pandas/tests/arrays/interval/test_interval_pyarrow.py -> /Users/calum/Developer/Excelerator/dist/Excelerate.app/Contents/Resources/lib/python3.11/pandas/tests/arrays/interval/test_interval_pyarrow.py
copying file /Users/calum/Developer/Excelerator/env/lib/python3.11/site-packages/pandas/tests/arrays/test_array.py -> /Users/calum/Developer/Excelerator/dist/Excelerate.app/Contents/Resources/lib/python3.11/pandas/tests/arrays/test_array.py
creating /Users/calum/Developer/Excelerator/dist/Excelerate.app/Contents/Resources/lib/python3.11/pandas/tests/arrays/masked
copying file /Users/calum/Developer/Excelerator/env/lib/python3.11/site-packages/pandas/tests/arrays/masked/test_arrow_compat.py -> /Users/calum/Developer/Excelerator/dist/Excelerate.app/Contents/Resources/lib/python3.11/pandas/tests/arrays/masked/test_arrow_compat.py
copying file /Users/calum/Developer/Excelerator/env/lib/python3.11/site-packages/pandas/tests/arrays/masked/__init__.py -> /Users/calum/Developer/Excelerator/dist/Excelerate.app/Contents/Resources/lib/python3.11/pandas/tests/arrays/masked/__init__.py
creating /Users/calum/Developer/Excelerator/dist/Excelerate.app/Contents/Resources/lib/python3.11/pandas/tests/arrays/masked/__pycache__
copying file /Users/calum/Developer/Excelerator/env/lib/python3.11/site-packages/pandas/tests/arrays/masked/__pycache__/test_arithmetic.cpython-311.pyc -> /Users/calum/Developer/Excelerator/dist/Excelerate.app/Contents/Resources/lib/python3.11/pandas/tests/arrays/masked/__pycache__/test_arithmetic.cpython-311.pyc
copying file /Users/calum/Developer/Excelerator/env/lib/python3.11/site-packages/pandas/tests/arrays/masked/__pycache__/test_indexing.cpython-311.pyc -> /Users/calum/Developer/Excelerator/dist/Excelerate.app/Contents/Resources/lib/python3.11/pandas/tests/arrays/masked/__pycache__/test_indexing.cpython-311.pyc
copying file /Users/calum/Developer/Excelerator/env/lib/python3.11/site-packages/pandas/tests/arrays/masked/__pycache__/test_arrow_compat.cpython-311.pyc -> /Users/calum/Developer/Excelerator/dist/Excelerate.app/Contents/Resources/lib/python3.11/pandas/tests/arrays/masked/__pycache__/test_arrow_compat.cpython-311.pyc
copying file /Users/calum/Developer/Excelerator/env/lib/python3.11/site-packages/pandas/tests/arrays/masked/__pycache__/test_function.cpython-311.pyc -> /Users/calum/Developer/Excelerator/dist/Excelerate.app/Contents/Resources/lib/python3.11/pandas/tests/arrays/masked/__pycache__/test_function.cpython-311.pyc
copying file /Users/calum/Developer/Excelerator/env/lib/python3.11/site-packages/pandas/tests/arrays/masked/__pycache__/__init__.cpython-311.pyc -> /Users/calum/Developer/Excelerator/dist/Excelerate.app/Contents/Resources/lib/python3.11/pandas/tests/arrays/masked/__pycache__/__init__.cpython-311.pyc
copying file /Users/calum/Developer/Excelerator/env/lib/python3.11/site-packages/pandas/tests/arrays/masked/test_indexing.py -> /Users/calum/Developer/Excelerator/dist/Excelerate.app/Contents/Resources/lib/python3.11/pandas/tests/arrays/masked/test_indexing.py
copying file /Users/calum/Developer/Excelerator/env/lib/python3.11/site-packages/pandas/tests/arrays/masked/test_function.py -> /Users/calum/Developer/Excelerator/dist/Excelerate.app/Contents/Resources/lib/python3.11/pandas/tests/arrays/masked/test_function.py
copying file /Users/calum/Developer/Excelerator/env/lib/python3.11/site-packages/pandas/tests/arrays/masked/test_arithmetic.py -> /Users/calum/Developer/Excelerator/dist/Excelerate.app/Contents/Resources/lib/python3.11/pandas/tests/arrays/masked/test_arithmetic.py
copying file /Users/calum/Developer/Excelerator/env/lib/python3.11/site-packages/pandas/tests/arrays/__init__.py -> /Users/calum/Developer/Excelerator/dist/Excelerate.app/Contents/Resources/lib/python3.11/pandas/tests/arrays/__init__.py
copying file /Users/calum/Developer/Excelerator/env/lib/python3.11/site-packages/pandas/tests/arrays/test_datetimelike.py -> /Users/calum/Developer/Excelerator/dist/Excelerate.app/Contents/Resources/lib/python3.11/pandas/tests/arrays/test_datetimelike.py
creating /Users/calum/Developer/Excelerator/dist/Excelerate.app/Contents/Resources/lib/python3.11/pandas/tests/arrays/period
copying file /Users/calum/Developer/Excelerator/env/lib/python3.11/site-packages/pandas/tests/arrays/period/test_arrow_compat.py -> /Users/calum/Developer/Excelerator/dist/Excelerate.app/Contents/Resources/lib/python3.11/pandas/tests/arrays/period/test_arrow_compat.py
copying file /Users/calum/Developer/Excelerator/env/lib/python3.11/site-packages/pandas/tests/arrays/period/test_reductions.py -> /Users/calum/Developer/Excelerator/dist/Excelerate.app/Contents/Resources/lib/python3.11/pandas/tests/arrays/period/test_reductions.py
copying file /Users/calum/Developer/Excelerator/env/lib/python3.11/site-packages/pandas/tests/arrays/period/test_constructors.py -> /Users/calum/Developer/Excelerator/dist/Excelerate.app/Contents/Resources/lib/python3.11/pandas/tests/arrays/period/test_constructors.py
copying file /Users/calum/Developer/Excelerator/env/lib/python3.11/site-packages/pandas/tests/arrays/period/__init__.py -> /Users/calum/Developer/Excelerator/dist/Excelerate.app/Contents/Resources/lib/python3.11/pandas/tests/arrays/period/__init__.py
creating /Users/calum/Developer/Excelerator/dist/Excelerate.app/Contents/Resources/lib/python3.11/pandas/tests/arrays/period/__pycache__
copying file /Users/calum/Developer/Excelerator/env/lib/python3.11/site-packages/pandas/tests/arrays/period/__pycache__/test_reductions.cpython-311.pyc -> /Users/calum/Developer/Excelerator/dist/Excelerate.app/Contents/Resources/lib/python3.11/pandas/tests/arrays/period/__pycache__/test_reductions.cpython-311.pyc
copying file /Users/calum/Developer/Excelerator/env/lib/python3.11/site-packages/pandas/tests/arrays/period/__pycache__/test_arrow_compat.cpython-311.pyc -> /Users/calum/Developer/Excelerator/dist/Excelerate.app/Contents/Resources/lib/python3.11/pandas/tests/arrays/period/__pycache__/test_arrow_compat.cpython-311.pyc
copying file /Users/calum/Developer/Excelerator/env/lib/python3.11/site-packages/pandas/tests/arrays/period/__pycache__/test_constructors.cpython-311.pyc -> /Users/calum/Developer/Excelerator/dist/Excelerate.app/Contents/Resources/lib/python3.11/pandas/tests/arrays/period/__pycache__/test_constructors.cpython-311.pyc
copying file /Users/calum/Developer/Excelerator/env/lib/python3.11/site-packages/pandas/tests/arrays/period/__pycache__/test_astype.cpython-311.pyc -> /Users/calum/Developer/Excelerator/dist/Excelerate.app/Contents/Resources/lib/python3.11/pandas/tests/arrays/period/__pycache__/test_astype.cpython-311.pyc
copying file /Users/calum/Developer/Excelerator/env/lib/python3.11/site-packages/pandas/tests/arrays/period/__pycache__/__init__.cpython-311.pyc -> /Users/calum/Developer/Excelerator/dist/Excelerate.app/Contents/Resources/lib/python3.11/pandas/tests/arrays/period/__pycache__/__init__.cpython-311.pyc
copying file /Users/calum/Developer/Excelerator/env/lib/python3.11/site-packages/pandas/tests/arrays/period/test_astype.py -> /Users/calum/Developer/Excelerator/dist/Excelerate.app/Contents/Resources/lib/python3.11/pandas/tests/arrays/period/test_astype.py
copying file /Users/calum/Developer/Excelerator/env/lib/python3.11/site-packages/pandas/tests/arrays/masked_shared.py -> /Users/calum/Developer/Excelerator/dist/Excelerate.app/Contents/Resources/lib/python3.11/pandas/tests/arrays/masked_shared.py
creating /Users/calum/Developer/Excelerator/dist/Excelerate.app/Contents/Resources/lib/python3.11/pandas/tests/arrays/__pycache__
copying file /Users/calum/Developer/Excelerator/env/lib/python3.11/site-packages/pandas/tests/arrays/__pycache__/test_datetimes.cpython-311.pyc -> /Users/calum/Developer/Excelerator/dist/Excelerate.app/Contents/Resources/lib/python3.11/pandas/tests/arrays/__pycache__/test_datetimes.cpython-311.pyc
copying file /Users/calum/Developer/Excelerator/env/lib/python3.11/site-packages/pandas/tests/arrays/__pycache__/test_ndarray_backed.cpython-311.pyc -> /Users/calum/Developer/Excelerator/dist/Excelerate.app/Contents/Resources/lib/python3.11/pandas/tests/arrays/__pycache__/test_ndarray_backed.cpython-311.pyc
copying file /Users/calum/Developer/Excelerator/env/lib/python3.11/site-packages/pandas/tests/arrays/__pycache__/test_period.cpython-311.pyc -> /Users/calum/Developer/Excelerator/dist/Excelerate.app/Contents/Resources/lib/python3.11/pandas/tests/arrays/__pycache__/test_period.cpython-311.pyc
copying file /Users/calum/Developer/Excelerator/env/lib/python3.11/site-packages/pandas/tests/arrays/__pycache__/masked_shared.cpython-311.pyc -> /Users/calum/Developer/Excelerator/dist/Excelerate.app/Contents/Resources/lib/python3.11/pandas/tests/arrays/__pycache__/masked_shared.cpython-311.pyc
copying file /Users/calum/Developer/Excelerator/env/lib/python3.11/site-packages/pandas/tests/arrays/__pycache__/test_array.cpython-311.pyc -> /Users/calum/Developer/Excelerator/dist/Excelerate.app/Contents/Resources/lib/python3.11/pandas/tests/arrays/__pycache__/test_array.cpython-311.pyc
copying file /Users/calum/Developer/Excelerator/env/lib/python3.11/site-packages/pandas/tests/arrays/__pycache__/test_datetimelike.cpython-311.pyc -> /Users/calum/Developer/Excelerator/dist/Excelerate.app/Contents/Resources/lib/python3.11/pandas/tests/arrays/__pycache__/test_datetimelike.cpython-311.pyc
copying file /Users/calum/Developer/Excelerator/env/lib/python3.11/site-packages/pandas/tests/arrays/__pycache__/test_timedeltas.cpython-311.pyc -> /Users/calum/Developer/Excelerator/dist/Excelerate.app/Contents/Resources/lib/python3.11/pandas/tests/arrays/__pycache__/test_timedeltas.cpython-311.pyc
copying file /Users/calum/Developer/Excelerator/env/lib/python3.11/site-packages/pandas/tests/arrays/__pycache__/__init__.cpython-311.pyc -> /Users/calum/Developer/Excelerator/dist/Excelerate.app/Contents/Resources/lib/python3.11/pandas/tests/arrays/__pycache__/__init__.cpython-311.pyc
creating /Users/calum/Developer/Excelerator/dist/Excelerate.app/Contents/Resources/lib/python3.11/pandas/tests/arrays/categorical
copying file /Users/calum/Developer/Excelerator/env/lib/python3.11/site-packages/pandas/tests/arrays/categorical/test_warnings.py -> /Users/calum/Developer/Excelerator/dist/Excelerate.app/Contents/Resources/lib/python3.11/pandas/tests/arrays/categorical/test_warnings.py
copying file /Users/calum/Developer/Excelerator/env/lib/python3.11/site-packages/pandas/tests/arrays/categorical/test_constructors.py -> /Users/calum/Developer/Excelerator/dist/Excelerate.app/Contents/Resources/lib/python3.11/pandas/tests/arrays/categorical/test_constructors.py
copying file /Users/calum/Developer/Excelerator/env/lib/python3.11/site-packages/pandas/tests/arrays/categorical/test_missing.py -> /Users/calum/Developer/Excelerator/dist/Excelerate.app/Contents/Resources/lib/python3.11/pandas/tests/arrays/categorical/test_missing.py
copying file /Users/calum/Developer/Excelerator/env/lib/python3.11/site-packages/pandas/tests/arrays/categorical/test_sorting.py -> /Users/calum/Developer/Excelerator/dist/Excelerate.app/Contents/Resources/lib/python3.11/pandas/tests/arrays/categorical/test_sorting.py
copying file /Users/calum/Developer/Excelerator/env/lib/python3.11/site-packages/pandas/tests/arrays/categorical/test_operators.py -> /Users/calum/Developer/Excelerator/dist/Excelerate.app/Contents/Resources/lib/python3.11/pandas/tests/arrays/categorical/test_operators.py
copying file /Users/calum/Developer/Excelerator/env/lib/python3.11/site-packages/pandas/tests/arrays/categorical/__init__.py -> /Users/calum/Developer/Excelerator/dist/Excelerate.app/Contents/Resources/lib/python3.11/pandas/tests/arrays/categorical/__init__.py
copying file /Users/calum/Developer/Excelerator/env/lib/python3.11/site-packages/pandas/tests/arrays/categorical/test_subclass.py -> /Users/calum/Developer/Excelerator/dist/Excelerate.app/Contents/Resources/lib/python3.11/pandas/tests/arrays/categorical/test_subclass.py
copying file /Users/calum/Developer/Excelerator/env/lib/python3.11/site-packages/pandas/tests/arrays/categorical/test_analytics.py -> /Users/calum/Developer/Excelerator/dist/Excelerate.app/Contents/Resources/lib/python3.11/pandas/tests/arrays/categorical/test_analytics.py
creating /Users/calum/Developer/Excelerator/dist/Excelerate.app/Contents/Resources/lib/python3.11/pandas/tests/arrays/categorical/__pycache__
copying file /Users/calum/Developer/Excelerator/env/lib/python3.11/site-packages/pandas/tests/arrays/categorical/__pycache__/test_analytics.cpython-311.pyc -> /Users/calum/Developer/Excelerator/dist/Excelerate.app/Contents/Resources/lib/python3.11/pandas/tests/arrays/categorical/__pycache__/test_analytics.cpython-311.pyc
copying file /Users/calum/Developer/Excelerator/env/lib/python3.11/site-packages/pandas/tests/arrays/categorical/__pycache__/test_repr.cpython-311.pyc -> /Users/calum/Developer/Excelerator/dist/Excelerate.app/Contents/Resources/lib/python3.11/pandas/tests/arrays/categorical/__pycache__/test_repr.cpython-311.pyc
copying file /Users/calum/Developer/Excelerator/env/lib/python3.11/site-packages/pandas/tests/arrays/categorical/__pycache__/test_indexing.cpython-311.pyc -> /Users/calum/Developer/Excelerator/dist/Excelerate.app/Contents/Resources/lib/python3.11/pandas/tests/arrays/categorical/__pycache__/test_indexing.cpython-311.pyc
copying file /Users/calum/Developer/Excelerator/env/lib/python3.11/site-packages/pandas/tests/arrays/categorical/__pycache__/test_sorting.cpython-311.pyc -> /Users/calum/Developer/Excelerator/dist/Excelerate.app/Contents/Resources/lib/python3.11/pandas/tests/arrays/categorical/__pycache__/test_sorting.cpython-311.pyc
copying file /Users/calum/Developer/Excelerator/env/lib/python3.11/site-packages/pandas/tests/arrays/categorical/__pycache__/test_algos.cpython-311.pyc -> /Users/calum/Developer/Excelerator/dist/Excelerate.app/Contents/Resources/lib/python3.11/pandas/tests/arrays/categorical/__pycache__/test_algos.cpython-311.pyc
copying file /Users/calum/Developer/Excelerator/env/lib/python3.11/site-packages/pandas/tests/arrays/categorical/__pycache__/test_operators.cpython-311.pyc -> /Users/calum/Developer/Excelerator/dist/Excelerate.app/Contents/Resources/lib/python3.11/pandas/tests/arrays/categorical/__pycache__/test_operators.cpython-311.pyc
copying file /Users/calum/Developer/Excelerator/env/lib/python3.11/site-packages/pandas/tests/arrays/categorical/__pycache__/test_warnings.cpython-311.pyc -> /Users/calum/Developer/Excelerator/dist/Excelerate.app/Contents/Resources/lib/python3.11/pandas/tests/arrays/categorical/__pycache__/test_warnings.cpython-311.pyc
copying file /Users/calum/Developer/Excelerator/env/lib/python3.11/site-packages/pandas/tests/arrays/categorical/__pycache__/test_subclass.cpython-311.pyc -> /Users/calum/Developer/Excelerator/dist/Excelerate.app/Contents/Resources/lib/python3.11/pandas/tests/arrays/categorical/__pycache__/test_subclass.cpython-311.pyc
copying file /Users/calum/Developer/Excelerator/env/lib/python3.11/site-packages/pandas/tests/arrays/categorical/__pycache__/test_missing.cpython-311.pyc -> /Users/calum/Developer/Excelerator/dist/Excelerate.app/Contents/Resources/lib/python3.11/pandas/tests/arrays/categorical/__pycache__/test_missing.cpython-311.pyc
copying file /Users/calum/Developer/Excelerator/env/lib/python3.11/site-packages/pandas/tests/arrays/categorical/__pycache__/test_constructors.cpython-311.pyc -> /Users/calum/Developer/Excelerator/dist/Excelerate.app/Contents/Resources/lib/python3.11/pandas/tests/arrays/categorical/__pycache__/test_constructors.cpython-311.pyc
copying file /Users/calum/Developer/Excelerator/env/lib/python3.11/site-packages/pandas/tests/arrays/categorical/__pycache__/test_take.cpython-311.pyc -> /Users/calum/Developer/Excelerator/dist/Excelerate.app/Contents/Resources/lib/python3.11/pandas/tests/arrays/categorical/__pycache__/test_take.cpython-311.pyc
copying file /Users/calum/Developer/Excelerator/env/lib/python3.11/site-packages/pandas/tests/arrays/categorical/__pycache__/test_dtypes.cpython-311.pyc -> /Users/calum/Developer/Excelerator/dist/Excelerate.app/Contents/Resources/lib/python3.11/pandas/tests/arrays/categorical/__pycache__/test_dtypes.cpython-311.pyc
copying file /Users/calum/Developer/Excelerator/env/lib/python3.11/site-packages/pandas/tests/arrays/categorical/__pycache__/test_api.cpython-311.pyc -> /Users/calum/Developer/Excelerator/dist/Excelerate.app/Contents/Resources/lib/python3.11/pandas/tests/arrays/categorical/__pycache__/test_api.cpython-311.pyc
copying file /Users/calum/Developer/Excelerator/env/lib/python3.11/site-packages/pandas/tests/arrays/categorical/__pycache__/test_astype.cpython-311.pyc -> /Users/calum/Developer/Excelerator/dist/Excelerate.app/Contents/Resources/lib/python3.11/pandas/tests/arrays/categorical/__pycache__/test_astype.cpython-311.pyc
copying file /Users/calum/Developer/Excelerator/env/lib/python3.11/site-packages/pandas/tests/arrays/categorical/__pycache__/__init__.cpython-311.pyc -> /Users/calum/Developer/Excelerator/dist/Excelerate.app/Contents/Resources/lib/python3.11/pandas/tests/arrays/categorical/__pycache__/__init__.cpython-311.pyc
copying file /Users/calum/Developer/Excelerator/env/lib/python3.11/site-packages/pandas/tests/arrays/categorical/__pycache__/test_map.cpython-311.pyc -> /Users/calum/Developer/Excelerator/dist/Excelerate.app/Contents/Resources/lib/python3.11/pandas/tests/arrays/categorical/__pycache__/test_map.cpython-311.pyc
copying file /Users/calum/Developer/Excelerator/env/lib/python3.11/site-packages/pandas/tests/arrays/categorical/__pycache__/test_replace.cpython-311.pyc -> /Users/calum/Developer/Excelerator/dist/Excelerate.app/Contents/Resources/lib/python3.11/pandas/tests/arrays/categorical/__pycache__/test_replace.cpython-311.pyc
copying file /Users/calum/Developer/Excelerator/env/lib/python3.11/site-packages/pandas/tests/arrays/categorical/test_indexing.py -> /Users/calum/Developer/Excelerator/dist/Excelerate.app/Contents/Resources/lib/python3.11/pandas/tests/arrays/categorical/test_indexing.py
copying file /Users/calum/Developer/Excelerator/env/lib/python3.11/site-packages/pandas/tests/arrays/categorical/test_astype.py -> /Users/calum/Developer/Excelerator/dist/Excelerate.app/Contents/Resources/lib/python3.11/pandas/tests/arrays/categorical/test_astype.py
copying file /Users/calum/Developer/Excelerator/env/lib/python3.11/site-packages/pandas/tests/arrays/categorical/test_take.py -> /Users/calum/Developer/Excelerator/dist/Excelerate.app/Contents/Resources/lib/python3.11/pandas/tests/arrays/categorical/test_take.py
copying file /Users/calum/Developer/Excelerator/env/lib/python3.11/site-packages/pandas/tests/arrays/categorical/test_algos.py -> /Users/calum/Developer/Excelerator/dist/Excelerate.app/Contents/Resources/lib/python3.11/pandas/tests/arrays/categorical/test_algos.py
copying file /Users/calum/Developer/Excelerator/env/lib/python3.11/site-packages/pandas/tests/arrays/categorical/test_repr.py -> /Users/calum/Developer/Excelerator/dist/Excelerate.app/Contents/Resources/lib/python3.11/pandas/tests/arrays/categorical/test_repr.py
copying file /Users/calum/Developer/Excelerator/env/lib/python3.11/site-packages/pandas/tests/arrays/categorical/test_map.py -> /Users/calum/Developer/Excelerator/dist/Excelerate.app/Contents/Resources/lib/python3.11/pandas/tests/arrays/categorical/test_map.py
copying file /Users/calum/Developer/Excelerator/env/lib/python3.11/site-packages/pandas/tests/arrays/categorical/test_api.py -> /Users/calum/Developer/Excelerator/dist/Excelerate.app/Contents/Resources/lib/python3.11/pandas/tests/arrays/categorical/test_api.py
copying file /Users/calum/Developer/Excelerator/env/lib/python3.11/site-packages/pandas/tests/arrays/categorical/test_replace.py -> /Users/calum/Developer/Excelerator/dist/Excelerate.app/Contents/Resources/lib/python3.11/pandas/tests/arrays/categorical/test_replace.py
copying file /Users/calum/Developer/Excelerator/env/lib/python3.11/site-packages/pandas/tests/arrays/categorical/test_dtypes.py -> /Users/calum/Developer/Excelerator/dist/Excelerate.app/Contents/Resources/lib/python3.11/pandas/tests/arrays/categorical/test_dtypes.py
copying file /Users/calum/Developer/Excelerator/env/lib/python3.11/site-packages/pandas/tests/arrays/test_timedeltas.py -> /Users/calum/Developer/Excelerator/dist/Excelerate.app/Contents/Resources/lib/python3.11/pandas/tests/arrays/test_timedeltas.py
creating /Users/calum/Developer/Excelerator/dist/Excelerate.app/Contents/Resources/lib/python3.11/pandas/tests/arrays/datetimes
copying file /Users/calum/Developer/Excelerator/env/lib/python3.11/site-packages/pandas/tests/arrays/datetimes/test_reductions.py -> /Users/calum/Developer/Excelerator/dist/Excelerate.app/Contents/Resources/lib/python3.11/pandas/tests/arrays/datetimes/test_reductions.py
copying file /Users/calum/Developer/Excelerator/env/lib/python3.11/site-packages/pandas/tests/arrays/datetimes/test_constructors.py -> /Users/calum/Developer/Excelerator/dist/Excelerate.app/Contents/Resources/lib/python3.11/pandas/tests/arrays/datetimes/test_constructors.py
copying file /Users/calum/Developer/Excelerator/env/lib/python3.11/site-packages/pandas/tests/arrays/datetimes/test_cumulative.py -> /Users/calum/Developer/Excelerator/dist/Excelerate.app/Contents/Resources/lib/python3.11/pandas/tests/arrays/datetimes/test_cumulative.py
copying file /Users/calum/Developer/Excelerator/env/lib/python3.11/site-packages/pandas/tests/arrays/datetimes/__init__.py -> /Users/calum/Developer/Excelerator/dist/Excelerate.app/Contents/Resources/lib/python3.11/pandas/tests/arrays/datetimes/__init__.py
creating /Users/calum/Developer/Excelerator/dist/Excelerate.app/Contents/Resources/lib/python3.11/pandas/tests/arrays/datetimes/__pycache__
copying file /Users/calum/Developer/Excelerator/env/lib/python3.11/site-packages/pandas/tests/arrays/datetimes/__pycache__/test_reductions.cpython-311.pyc -> /Users/calum/Developer/Excelerator/dist/Excelerate.app/Contents/Resources/lib/python3.11/pandas/tests/arrays/datetimes/__pycache__/test_reductions.cpython-311.pyc
copying file /Users/calum/Developer/Excelerator/env/lib/python3.11/site-packages/pandas/tests/arrays/datetimes/__pycache__/test_cumulative.cpython-311.pyc -> /Users/calum/Developer/Excelerator/dist/Excelerate.app/Contents/Resources/lib/python3.11/pandas/tests/arrays/datetimes/__pycache__/test_cumulative.cpython-311.pyc
copying file /Users/calum/Developer/Excelerator/env/lib/python3.11/site-packages/pandas/tests/arrays/datetimes/__pycache__/test_constructors.cpython-311.pyc -> /Users/calum/Developer/Excelerator/dist/Excelerate.app/Contents/Resources/lib/python3.11/pandas/tests/arrays/datetimes/__pycache__/test_constructors.cpython-311.pyc
copying file /Users/calum/Developer/Excelerator/env/lib/python3.11/site-packages/pandas/tests/arrays/datetimes/__pycache__/__init__.cpython-311.pyc -> /Users/calum/Developer/Excelerator/dist/Excelerate.app/Contents/Resources/lib/python3.11/pandas/tests/arrays/datetimes/__pycache__/__init__.cpython-311.pyc
creating /Users/calum/Developer/Excelerator/dist/Excelerate.app/Contents/Resources/lib/python3.11/pandas/tests/arrays/timedeltas
copying file /Users/calum/Developer/Excelerator/env/lib/python3.11/site-packages/pandas/tests/arrays/timedeltas/test_reductions.py -> /Users/calum/Developer/Excelerator/dist/Excelerate.app/Contents/Resources/lib/python3.11/pandas/tests/arrays/timedeltas/test_reductions.py
copying file /Users/calum/Developer/Excelerator/env/lib/python3.11/site-packages/pandas/tests/arrays/timedeltas/test_constructors.py -> /Users/calum/Developer/Excelerator/dist/Excelerate.app/Contents/Resources/lib/python3.11/pandas/tests/arrays/timedeltas/test_constructors.py
copying file /Users/calum/Developer/Excelerator/env/lib/python3.11/site-packages/pandas/tests/arrays/timedeltas/test_cumulative.py -> /Users/calum/Developer/Excelerator/dist/Excelerate.app/Contents/Resources/lib/python3.11/pandas/tests/arrays/timedeltas/test_cumulative.py
copying file /Users/calum/Developer/Excelerator/env/lib/python3.11/site-packages/pandas/tests/arrays/timedeltas/__init__.py -> /Users/calum/Developer/Excelerator/dist/Excelerate.app/Contents/Resources/lib/python3.11/pandas/tests/arrays/timedeltas/__init__.py
creating /Users/calum/Developer/Excelerator/dist/Excelerate.app/Contents/Resources/lib/python3.11/pandas/tests/arrays/timedeltas/__pycache__
copying file /Users/calum/Developer/Excelerator/env/lib/python3.11/site-packages/pandas/tests/arrays/timedeltas/__pycache__/test_reductions.cpython-311.pyc -> /Users/calum/Developer/Excelerator/dist/Excelerate.app/Contents/Resources/lib/python3.11/pandas/tests/arrays/timedeltas/__pycache__/test_reductions.cpython-311.pyc
copying file /Users/calum/Developer/Excelerator/env/lib/python3.11/site-packages/pandas/tests/arrays/timedeltas/__pycache__/test_cumulative.cpython-311.pyc -> /Users/calum/Developer/Excelerator/dist/Excelerate.app/Contents/Resources/lib/python3.11/pandas/tests/arrays/timedeltas/__pycache__/test_cumulative.cpython-311.pyc
copying file /Users/calum/Developer/Excelerator/env/lib/python3.11/site-packages/pandas/tests/arrays/timedeltas/__pycache__/test_constructors.cpython-311.pyc -> /Users/calum/Developer/Excelerator/dist/Excelerate.app/Contents/Resources/lib/python3.11/pandas/tests/arrays/timedeltas/__pycache__/test_constructors.cpython-311.pyc
copying file /Users/calum/Developer/Excelerator/env/lib/python3.11/site-packages/pandas/tests/arrays/timedeltas/__pycache__/__init__.cpython-311.pyc -> /Users/calum/Developer/Excelerator/dist/Excelerate.app/Contents/Resources/lib/python3.11/pandas/tests/arrays/timedeltas/__pycache__/__init__.cpython-311.pyc
creating /Users/calum/Developer/Excelerator/dist/Excelerate.app/Contents/Resources/lib/python3.11/pandas/tests/arrays/boolean
copying file /Users/calum/Developer/Excelerator/env/lib/python3.11/site-packages/pandas/tests/arrays/boolean/test_logical.py -> /Users/calum/Developer/Excelerator/dist/Excelerate.app/Contents/Resources/lib/python3.11/pandas/tests/arrays/boolean/test_logical.py
copying file /Users/calum/Developer/Excelerator/env/lib/python3.11/site-packages/pandas/tests/arrays/boolean/test_comparison.py -> /Users/calum/Developer/Excelerator/dist/Excelerate.app/Contents/Resources/lib/python3.11/pandas/tests/arrays/boolean/test_comparison.py
copying file /Users/calum/Developer/Excelerator/env/lib/python3.11/site-packages/pandas/tests/arrays/boolean/__init__.py -> /Users/calum/Developer/Excelerator/dist/Excelerate.app/Contents/Resources/lib/python3.11/pandas/tests/arrays/boolean/__init__.py
creating /Users/calum/Developer/Excelerator/dist/Excelerate.app/Contents/Resources/lib/python3.11/pandas/tests/arrays/boolean/__pycache__
copying file /Users/calum/Developer/Excelerator/env/lib/python3.11/site-packages/pandas/tests/arrays/boolean/__pycache__/test_arithmetic.cpython-311.pyc -> /Users/calum/Developer/Excelerator/dist/Excelerate.app/Contents/Resources/lib/python3.11/pandas/tests/arrays/boolean/__pycache__/test_arithmetic.cpython-311.pyc
copying file /Users/calum/Developer/Excelerator/env/lib/python3.11/site-packages/pandas/tests/arrays/boolean/__pycache__/test_repr.cpython-311.pyc -> /Users/calum/Developer/Excelerator/dist/Excelerate.app/Contents/Resources/lib/python3.11/pandas/tests/arrays/boolean/__pycache__/test_repr.cpython-311.pyc
copying file /Users/calum/Developer/Excelerator/env/lib/python3.11/site-packages/pandas/tests/arrays/boolean/__pycache__/test_indexing.cpython-311.pyc -> /Users/calum/Developer/Excelerator/dist/Excelerate.app/Contents/Resources/lib/python3.11/pandas/tests/arrays/boolean/__pycache__/test_indexing.cpython-311.pyc
copying file /Users/calum/Developer/Excelerator/env/lib/python3.11/site-packages/pandas/tests/arrays/boolean/__pycache__/test_construction.cpython-311.pyc -> /Users/calum/Developer/Excelerator/dist/Excelerate.app/Contents/Resources/lib/python3.11/pandas/tests/arrays/boolean/__pycache__/test_construction.cpython-311.pyc
copying file /Users/calum/Developer/Excelerator/env/lib/python3.11/site-packages/pandas/tests/arrays/boolean/__pycache__/test_reduction.cpython-311.pyc -> /Users/calum/Developer/Excelerator/dist/Excelerate.app/Contents/Resources/lib/python3.11/pandas/tests/arrays/boolean/__pycache__/test_reduction.cpython-311.pyc
copying file /Users/calum/Developer/Excelerator/env/lib/python3.11/site-packages/pandas/tests/arrays/boolean/__pycache__/test_ops.cpython-311.pyc -> /Users/calum/Developer/Excelerator/dist/Excelerate.app/Contents/Resources/lib/python3.11/pandas/tests/arrays/boolean/__pycache__/test_ops.cpython-311.pyc
copying file /Users/calum/Developer/Excelerator/env/lib/python3.11/site-packages/pandas/tests/arrays/boolean/__pycache__/test_comparison.cpython-311.pyc -> /Users/calum/Developer/Excelerator/dist/Excelerate.app/Contents/Resources/lib/python3.11/pandas/tests/arrays/boolean/__pycache__/test_comparison.cpython-311.pyc
copying file /Users/calum/Developer/Excelerator/env/lib/python3.11/site-packages/pandas/tests/arrays/boolean/__pycache__/test_function.cpython-311.pyc -> /Users/calum/Developer/Excelerator/dist/Excelerate.app/Contents/Resources/lib/python3.11/pandas/tests/arrays/boolean/__pycache__/test_function.cpython-311.pyc
copying file /Users/calum/Developer/Excelerator/env/lib/python3.11/site-packages/pandas/tests/arrays/boolean/__pycache__/test_astype.cpython-311.pyc -> /Users/calum/Developer/Excelerator/dist/Excelerate.app/Contents/Resources/lib/python3.11/pandas/tests/arrays/boolean/__pycache__/test_astype.cpython-311.pyc
copying file /Users/calum/Developer/Excelerator/env/lib/python3.11/site-packages/pandas/tests/arrays/boolean/__pycache__/__init__.cpython-311.pyc -> /Users/calum/Developer/Excelerator/dist/Excelerate.app/Contents/Resources/lib/python3.11/pandas/tests/arrays/boolean/__pycache__/__init__.cpython-311.pyc
copying file /Users/calum/Developer/Excelerator/env/lib/python3.11/site-packages/pandas/tests/arrays/boolean/__pycache__/test_logical.cpython-311.pyc -> /Users/calum/Developer/Excelerator/dist/Excelerate.app/Contents/Resources/lib/python3.11/pandas/tests/arrays/boolean/__pycache__/test_logical.cpython-311.pyc
copying file /Users/calum/Developer/Excelerator/env/lib/python3.11/site-packages/pandas/tests/arrays/boolean/test_indexing.py -> /Users/calum/Developer/Excelerator/dist/Excelerate.app/Contents/Resources/lib/python3.11/pandas/tests/arrays/boolean/test_indexing.py
copying file /Users/calum/Developer/Excelerator/env/lib/python3.11/site-packages/pandas/tests/arrays/boolean/test_astype.py -> /Users/calum/Developer/Excelerator/dist/Excelerate.app/Contents/Resources/lib/python3.11/pandas/tests/arrays/boolean/test_astype.py
copying file /Users/calum/Developer/Excelerator/env/lib/python3.11/site-packages/pandas/tests/arrays/boolean/test_reduction.py -> /Users/calum/Developer/Excelerator/dist/Excelerate.app/Contents/Resources/lib/python3.11/pandas/tests/arrays/boolean/test_reduction.py
copying file /Users/calum/Developer/Excelerator/env/lib/python3.11/site-packages/pandas/tests/arrays/boolean/test_construction.py -> /Users/calum/Developer/Excelerator/dist/Excelerate.app/Contents/Resources/lib/python3.11/pandas/tests/arrays/boolean/test_construction.py
copying file /Users/calum/Developer/Excelerator/env/lib/python3.11/site-packages/pandas/tests/arrays/boolean/test_repr.py -> /Users/calum/Developer/Excelerator/dist/Excelerate.app/Contents/Resources/lib/python3.11/pandas/tests/arrays/boolean/test_repr.py
copying file /Users/calum/Developer/Excelerator/env/lib/python3.11/site-packages/pandas/tests/arrays/boolean/test_function.py -> /Users/calum/Developer/Excelerator/dist/Excelerate.app/Contents/Resources/lib/python3.11/pandas/tests/arrays/boolean/test_function.py
copying file /Users/calum/Developer/Excelerator/env/lib/python3.11/site-packages/pandas/tests/arrays/boolean/test_ops.py -> /Users/calum/Developer/Excelerator/dist/Excelerate.app/Contents/Resources/lib/python3.11/pandas/tests/arrays/boolean/test_ops.py
copying file /Users/calum/Developer/Excelerator/env/lib/python3.11/site-packages/pandas/tests/arrays/boolean/test_arithmetic.py -> /Users/calum/Developer/Excelerator/dist/Excelerate.app/Contents/Resources/lib/python3.11/pandas/tests/arrays/boolean/test_arithmetic.py
copying file /Users/calum/Developer/Excelerator/env/lib/python3.11/site-packages/pandas/tests/arrays/test_ndarray_backed.py -> /Users/calum/Developer/Excelerator/dist/Excelerate.app/Contents/Resources/lib/python3.11/pandas/tests/arrays/test_ndarray_backed.py
creating /Users/calum/Developer/Excelerator/dist/Excelerate.app/Contents/Resources/lib/python3.11/pandas/tests/arrays/integer
copying file /Users/calum/Developer/Excelerator/env/lib/python3.11/site-packages/pandas/tests/arrays/integer/conftest.py -> /Users/calum/Developer/Excelerator/dist/Excelerate.app/Contents/Resources/lib/python3.11/pandas/tests/arrays/integer/conftest.py
copying file /Users/calum/Developer/Excelerator/env/lib/python3.11/site-packages/pandas/tests/arrays/integer/test_comparison.py -> /Users/calum/Developer/Excelerator/dist/Excelerate.app/Contents/Resources/lib/python3.11/pandas/tests/arrays/integer/test_comparison.py
copying file /Users/calum/Developer/Excelerator/env/lib/python3.11/site-packages/pandas/tests/arrays/integer/__init__.py -> /Users/calum/Developer/Excelerator/dist/Excelerate.app/Contents/Resources/lib/python3.11/pandas/tests/arrays/integer/__init__.py
creating /Users/calum/Developer/Excelerator/dist/Excelerate.app/Contents/Resources/lib/python3.11/pandas/tests/arrays/integer/__pycache__
copying file /Users/calum/Developer/Excelerator/env/lib/python3.11/site-packages/pandas/tests/arrays/integer/__pycache__/test_arithmetic.cpython-311.pyc -> /Users/calum/Developer/Excelerator/dist/Excelerate.app/Contents/Resources/lib/python3.11/pandas/tests/arrays/integer/__pycache__/test_arithmetic.cpython-311.pyc
copying file /Users/calum/Developer/Excelerator/env/lib/python3.11/site-packages/pandas/tests/arrays/integer/__pycache__/test_repr.cpython-311.pyc -> /Users/calum/Developer/Excelerator/dist/Excelerate.app/Contents/Resources/lib/python3.11/pandas/tests/arrays/integer/__pycache__/test_repr.cpython-311.pyc
copying file /Users/calum/Developer/Excelerator/env/lib/python3.11/site-packages/pandas/tests/arrays/integer/__pycache__/test_indexing.cpython-311.pyc -> /Users/calum/Developer/Excelerator/dist/Excelerate.app/Contents/Resources/lib/python3.11/pandas/tests/arrays/integer/__pycache__/test_indexing.cpython-311.pyc
copying file /Users/calum/Developer/Excelerator/env/lib/python3.11/site-packages/pandas/tests/arrays/integer/__pycache__/test_construction.cpython-311.pyc -> /Users/calum/Developer/Excelerator/dist/Excelerate.app/Contents/Resources/lib/python3.11/pandas/tests/arrays/integer/__pycache__/test_construction.cpython-311.pyc
copying file /Users/calum/Developer/Excelerator/env/lib/python3.11/site-packages/pandas/tests/arrays/integer/__pycache__/test_reduction.cpython-311.pyc -> /Users/calum/Developer/Excelerator/dist/Excelerate.app/Contents/Resources/lib/python3.11/pandas/tests/arrays/integer/__pycache__/test_reduction.cpython-311.pyc
copying file /Users/calum/Developer/Excelerator/env/lib/python3.11/site-packages/pandas/tests/arrays/integer/__pycache__/test_comparison.cpython-311.pyc -> /Users/calum/Developer/Excelerator/dist/Excelerate.app/Contents/Resources/lib/python3.11/pandas/tests/arrays/integer/__pycache__/test_comparison.cpython-311.pyc
copying file /Users/calum/Developer/Excelerator/env/lib/python3.11/site-packages/pandas/tests/arrays/integer/__pycache__/conftest.cpython-311.pyc -> /Users/calum/Developer/Excelerator/dist/Excelerate.app/Contents/Resources/lib/python3.11/pandas/tests/arrays/integer/__pycache__/conftest.cpython-311.pyc
copying file /Users/calum/Developer/Excelerator/env/lib/python3.11/site-packages/pandas/tests/arrays/integer/__pycache__/test_function.cpython-311.pyc -> /Users/calum/Developer/Excelerator/dist/Excelerate.app/Contents/Resources/lib/python3.11/pandas/tests/arrays/integer/__pycache__/test_function.cpython-311.pyc
copying file /Users/calum/Developer/Excelerator/env/lib/python3.11/site-packages/pandas/tests/arrays/integer/__pycache__/test_dtypes.cpython-311.pyc -> /Users/calum/Developer/Excelerator/dist/Excelerate.app/Contents/Resources/lib/python3.11/pandas/tests/arrays/integer/__pycache__/test_dtypes.cpython-311.pyc
copying file /Users/calum/Developer/Excelerator/env/lib/python3.11/site-packages/pandas/tests/arrays/integer/__pycache__/test_concat.cpython-311.pyc -> /Users/calum/Developer/Excelerator/dist/Excelerate.app/Contents/Resources/lib/python3.11/pandas/tests/arrays/integer/__pycache__/test_concat.cpython-311.pyc
copying file /Users/calum/Developer/Excelerator/env/lib/python3.11/site-packages/pandas/tests/arrays/integer/__pycache__/__init__.cpython-311.pyc -> /Users/calum/Developer/Excelerator/dist/Excelerate.app/Contents/Resources/lib/python3.11/pandas/tests/arrays/integer/__pycache__/__init__.cpython-311.pyc
copying file /Users/calum/Developer/Excelerator/env/lib/python3.11/site-packages/pandas/tests/arrays/integer/test_indexing.py -> /Users/calum/Developer/Excelerator/dist/Excelerate.app/Contents/Resources/lib/python3.11/pandas/tests/arrays/integer/test_indexing.py
copying file /Users/calum/Developer/Excelerator/env/lib/python3.11/site-packages/pandas/tests/arrays/integer/test_reduction.py -> /Users/calum/Developer/Excelerator/dist/Excelerate.app/Contents/Resources/lib/python3.11/pandas/tests/arrays/integer/test_reduction.py
copying file /Users/calum/Developer/Excelerator/env/lib/python3.11/site-packages/pandas/tests/arrays/integer/test_construction.py -> /Users/calum/Developer/Excelerator/dist/Excelerate.app/Contents/Resources/lib/python3.11/pandas/tests/arrays/integer/test_construction.py
copying file /Users/calum/Developer/Excelerator/env/lib/python3.11/site-packages/pandas/tests/arrays/integer/test_repr.py -> /Users/calum/Developer/Excelerator/dist/Excelerate.app/Contents/Resources/lib/python3.11/pandas/tests/arrays/integer/test_repr.py
copying file /Users/calum/Developer/Excelerator/env/lib/python3.11/site-packages/pandas/tests/arrays/integer/test_concat.py -> /Users/calum/Developer/Excelerator/dist/Excelerate.app/Contents/Resources/lib/python3.11/pandas/tests/arrays/integer/test_concat.py
copying file /Users/calum/Developer/Excelerator/env/lib/python3.11/site-packages/pandas/tests/arrays/integer/test_function.py -> /Users/calum/Developer/Excelerator/dist/Excelerate.app/Contents/Resources/lib/python3.11/pandas/tests/arrays/integer/test_function.py
copying file /Users/calum/Developer/Excelerator/env/lib/python3.11/site-packages/pandas/tests/arrays/integer/test_arithmetic.py -> /Users/calum/Developer/Excelerator/dist/Excelerate.app/Contents/Resources/lib/python3.11/pandas/tests/arrays/integer/test_arithmetic.py
copying file /Users/calum/Developer/Excelerator/env/lib/python3.11/site-packages/pandas/tests/arrays/integer/test_dtypes.py -> /Users/calum/Developer/Excelerator/dist/Excelerate.app/Contents/Resources/lib/python3.11/pandas/tests/arrays/integer/test_dtypes.py
creating /Users/calum/Developer/Excelerator/dist/Excelerate.app/Contents/Resources/lib/python3.11/pandas/tests/arrays/floating
copying file /Users/calum/Developer/Excelerator/env/lib/python3.11/site-packages/pandas/tests/arrays/floating/conftest.py -> /Users/calum/Developer/Excelerator/dist/Excelerate.app/Contents/Resources/lib/python3.11/pandas/tests/arrays/floating/conftest.py
copying file /Users/calum/Developer/Excelerator/env/lib/python3.11/site-packages/pandas/tests/arrays/floating/test_comparison.py -> /Users/calum/Developer/Excelerator/dist/Excelerate.app/Contents/Resources/lib/python3.11/pandas/tests/arrays/floating/test_comparison.py
copying file /Users/calum/Developer/Excelerator/env/lib/python3.11/site-packages/pandas/tests/arrays/floating/__init__.py -> /Users/calum/Developer/Excelerator/dist/Excelerate.app/Contents/Resources/lib/python3.11/pandas/tests/arrays/floating/__init__.py
creating /Users/calum/Developer/Excelerator/dist/Excelerate.app/Contents/Resources/lib/python3.11/pandas/tests/arrays/floating/__pycache__
copying file /Users/calum/Developer/Excelerator/env/lib/python3.11/site-packages/pandas/tests/arrays/floating/__pycache__/test_arithmetic.cpython-311.pyc -> /Users/calum/Developer/Excelerator/dist/Excelerate.app/Contents/Resources/lib/python3.11/pandas/tests/arrays/floating/__pycache__/test_arithmetic.cpython-311.pyc
copying file /Users/calum/Developer/Excelerator/env/lib/python3.11/site-packages/pandas/tests/arrays/floating/__pycache__/test_repr.cpython-311.pyc -> /Users/calum/Developer/Excelerator/dist/Excelerate.app/Contents/Resources/lib/python3.11/pandas/tests/arrays/floating/__pycache__/test_repr.cpython-311.pyc
copying file /Users/calum/Developer/Excelerator/env/lib/python3.11/site-packages/pandas/tests/arrays/floating/__pycache__/test_construction.cpython-311.pyc -> /Users/calum/Developer/Excelerator/dist/Excelerate.app/Contents/Resources/lib/python3.11/pandas/tests/arrays/floating/__pycache__/test_construction.cpython-311.pyc
copying file /Users/calum/Developer/Excelerator/env/lib/python3.11/site-packages/pandas/tests/arrays/floating/__pycache__/test_to_numpy.cpython-311.pyc -> /Users/calum/Developer/Excelerator/dist/Excelerate.app/Contents/Resources/lib/python3.11/pandas/tests/arrays/floating/__pycache__/test_to_numpy.cpython-311.pyc
copying file /Users/calum/Developer/Excelerator/env/lib/python3.11/site-packages/pandas/tests/arrays/floating/__pycache__/test_comparison.cpython-311.pyc -> /Users/calum/Developer/Excelerator/dist/Excelerate.app/Contents/Resources/lib/python3.11/pandas/tests/arrays/floating/__pycache__/test_comparison.cpython-311.pyc
copying file /Users/calum/Developer/Excelerator/env/lib/python3.11/site-packages/pandas/tests/arrays/floating/__pycache__/conftest.cpython-311.pyc -> /Users/calum/Developer/Excelerator/dist/Excelerate.app/Contents/Resources/lib/python3.11/pandas/tests/arrays/floating/__pycache__/conftest.cpython-311.pyc
copying file /Users/calum/Developer/Excelerator/env/lib/python3.11/site-packages/pandas/tests/arrays/floating/__pycache__/test_function.cpython-311.pyc -> /Users/calum/Developer/Excelerator/dist/Excelerate.app/Contents/Resources/lib/python3.11/pandas/tests/arrays/floating/__pycache__/test_function.cpython-311.pyc
copying file /Users/calum/Developer/Excelerator/env/lib/python3.11/site-packages/pandas/tests/arrays/floating/__pycache__/test_contains.cpython-311.pyc -> /Users/calum/Developer/Excelerator/dist/Excelerate.app/Contents/Resources/lib/python3.11/pandas/tests/arrays/floating/__pycache__/test_contains.cpython-311.pyc
copying file /Users/calum/Developer/Excelerator/env/lib/python3.11/site-packages/pandas/tests/arrays/floating/__pycache__/test_concat.cpython-311.pyc -> /Users/calum/Developer/Excelerator/dist/Excelerate.app/Contents/Resources/lib/python3.11/pandas/tests/arrays/floating/__pycache__/test_concat.cpython-311.pyc
copying file /Users/calum/Developer/Excelerator/env/lib/python3.11/site-packages/pandas/tests/arrays/floating/__pycache__/test_astype.cpython-311.pyc -> /Users/calum/Developer/Excelerator/dist/Excelerate.app/Contents/Resources/lib/python3.11/pandas/tests/arrays/floating/__pycache__/test_astype.cpython-311.pyc
copying file /Users/calum/Developer/Excelerator/env/lib/python3.11/site-packages/pandas/tests/arrays/floating/__pycache__/__init__.cpython-311.pyc -> /Users/calum/Developer/Excelerator/dist/Excelerate.app/Contents/Resources/lib/python3.11/pandas/tests/arrays/floating/__pycache__/__init__.cpython-311.pyc
copying file /Users/calum/Developer/Excelerator/env/lib/python3.11/site-packages/pandas/tests/arrays/floating/test_astype.py -> /Users/calum/Developer/Excelerator/dist/Excelerate.app/Contents/Resources/lib/python3.11/pandas/tests/arrays/floating/test_astype.py
copying file /Users/calum/Developer/Excelerator/env/lib/python3.11/site-packages/pandas/tests/arrays/floating/test_construction.py -> /Users/calum/Developer/Excelerator/dist/Excelerate.app/Contents/Resources/lib/python3.11/pandas/tests/arrays/floating/test_construction.py
copying file /Users/calum/Developer/Excelerator/env/lib/python3.11/site-packages/pandas/tests/arrays/floating/test_repr.py -> /Users/calum/Developer/Excelerator/dist/Excelerate.app/Contents/Resources/lib/python3.11/pandas/tests/arrays/floating/test_repr.py
copying file /Users/calum/Developer/Excelerator/env/lib/python3.11/site-packages/pandas/tests/arrays/floating/test_concat.py -> /Users/calum/Developer/Excelerator/dist/Excelerate.app/Contents/Resources/lib/python3.11/pandas/tests/arrays/floating/test_concat.py
copying file /Users/calum/Developer/Excelerator/env/lib/python3.11/site-packages/pandas/tests/arrays/floating/test_function.py -> /Users/calum/Developer/Excelerator/dist/Excelerate.app/Contents/Resources/lib/python3.11/pandas/tests/arrays/floating/test_function.py
copying file /Users/calum/Developer/Excelerator/env/lib/python3.11/site-packages/pandas/tests/arrays/floating/test_contains.py -> /Users/calum/Developer/Excelerator/dist/Excelerate.app/Contents/Resources/lib/python3.11/pandas/tests/arrays/floating/test_contains.py
copying file /Users/calum/Developer/Excelerator/env/lib/python3.11/site-packages/pandas/tests/arrays/floating/test_arithmetic.py -> /Users/calum/Developer/Excelerator/dist/Excelerate.app/Contents/Resources/lib/python3.11/pandas/tests/arrays/floating/test_arithmetic.py
copying file /Users/calum/Developer/Excelerator/env/lib/python3.11/site-packages/pandas/tests/arrays/floating/test_to_numpy.py -> /Users/calum/Developer/Excelerator/dist/Excelerate.app/Contents/Resources/lib/python3.11/pandas/tests/arrays/floating/test_to_numpy.py
creating /Users/calum/Developer/Excelerator/dist/Excelerate.app/Contents/Resources/lib/python3.11/pandas/tests/arrays/sparse
copying file /Users/calum/Developer/Excelerator/env/lib/python3.11/site-packages/pandas/tests/arrays/sparse/test_reductions.py -> /Users/calum/Developer/Excelerator/dist/Excelerate.app/Contents/Resources/lib/python3.11/pandas/tests/arrays/sparse/test_reductions.py
copying file /Users/calum/Developer/Excelerator/env/lib/python3.11/site-packages/pandas/tests/arrays/sparse/test_constructors.py -> /Users/calum/Developer/Excelerator/dist/Excelerate.app/Contents/Resources/lib/python3.11/pandas/tests/arrays/sparse/test_constructors.py
copying file /Users/calum/Developer/Excelerator/env/lib/python3.11/site-packages/pandas/tests/arrays/sparse/test_libsparse.py -> /Users/calum/Developer/Excelerator/dist/Excelerate.app/Contents/Resources/lib/python3.11/pandas/tests/arrays/sparse/test_libsparse.py
copying file /Users/calum/Developer/Excelerator/env/lib/python3.11/site-packages/pandas/tests/arrays/sparse/test_accessor.py -> /Users/calum/Developer/Excelerator/dist/Excelerate.app/Contents/Resources/lib/python3.11/pandas/tests/arrays/sparse/test_accessor.py
copying file /Users/calum/Developer/Excelerator/env/lib/python3.11/site-packages/pandas/tests/arrays/sparse/test_unary.py -> /Users/calum/Developer/Excelerator/dist/Excelerate.app/Contents/Resources/lib/python3.11/pandas/tests/arrays/sparse/test_unary.py
copying file /Users/calum/Developer/Excelerator/env/lib/python3.11/site-packages/pandas/tests/arrays/sparse/test_array.py -> /Users/calum/Developer/Excelerator/dist/Excelerate.app/Contents/Resources/lib/python3.11/pandas/tests/arrays/sparse/test_array.py
copying file /Users/calum/Developer/Excelerator/env/lib/python3.11/site-packages/pandas/tests/arrays/sparse/test_arithmetics.py -> /Users/calum/Developer/Excelerator/dist/Excelerate.app/Contents/Resources/lib/python3.11/pandas/tests/arrays/sparse/test_arithmetics.py
copying file /Users/calum/Developer/Excelerator/env/lib/python3.11/site-packages/pandas/tests/arrays/sparse/__init__.py -> /Users/calum/Developer/Excelerator/dist/Excelerate.app/Contents/Resources/lib/python3.11/pandas/tests/arrays/sparse/__init__.py
creating /Users/calum/Developer/Excelerator/dist/Excelerate.app/Contents/Resources/lib/python3.11/pandas/tests/arrays/sparse/__pycache__
copying file /Users/calum/Developer/Excelerator/env/lib/python3.11/site-packages/pandas/tests/arrays/sparse/__pycache__/test_libsparse.cpython-311.pyc -> /Users/calum/Developer/Excelerator/dist/Excelerate.app/Contents/Resources/lib/python3.11/pandas/tests/arrays/sparse/__pycache__/test_libsparse.cpython-311.pyc
copying file /Users/calum/Developer/Excelerator/env/lib/python3.11/site-packages/pandas/tests/arrays/sparse/__pycache__/test_indexing.cpython-311.pyc -> /Users/calum/Developer/Excelerator/dist/Excelerate.app/Contents/Resources/lib/python3.11/pandas/tests/arrays/sparse/__pycache__/test_indexing.cpython-311.pyc
copying file /Users/calum/Developer/Excelerator/env/lib/python3.11/site-packages/pandas/tests/arrays/sparse/__pycache__/test_reductions.cpython-311.pyc -> /Users/calum/Developer/Excelerator/dist/Excelerate.app/Contents/Resources/lib/python3.11/pandas/tests/arrays/sparse/__pycache__/test_reductions.cpython-311.pyc
copying file /Users/calum/Developer/Excelerator/env/lib/python3.11/site-packages/pandas/tests/arrays/sparse/__pycache__/test_arithmetics.cpython-311.pyc -> /Users/calum/Developer/Excelerator/dist/Excelerate.app/Contents/Resources/lib/python3.11/pandas/tests/arrays/sparse/__pycache__/test_arithmetics.cpython-311.pyc
copying file /Users/calum/Developer/Excelerator/env/lib/python3.11/site-packages/pandas/tests/arrays/sparse/__pycache__/test_accessor.cpython-311.pyc -> /Users/calum/Developer/Excelerator/dist/Excelerate.app/Contents/Resources/lib/python3.11/pandas/tests/arrays/sparse/__pycache__/test_accessor.cpython-311.pyc
copying file /Users/calum/Developer/Excelerator/env/lib/python3.11/site-packages/pandas/tests/arrays/sparse/__pycache__/test_dtype.cpython-311.pyc -> /Users/calum/Developer/Excelerator/dist/Excelerate.app/Contents/Resources/lib/python3.11/pandas/tests/arrays/sparse/__pycache__/test_dtype.cpython-311.pyc
copying file /Users/calum/Developer/Excelerator/env/lib/python3.11/site-packages/pandas/tests/arrays/sparse/__pycache__/test_constructors.cpython-311.pyc -> /Users/calum/Developer/Excelerator/dist/Excelerate.app/Contents/Resources/lib/python3.11/pandas/tests/arrays/sparse/__pycache__/test_constructors.cpython-311.pyc
copying file /Users/calum/Developer/Excelerator/env/lib/python3.11/site-packages/pandas/tests/arrays/sparse/__pycache__/test_combine_concat.cpython-311.pyc -> /Users/calum/Developer/Excelerator/dist/Excelerate.app/Contents/Resources/lib/python3.11/pandas/tests/arrays/sparse/__pycache__/test_combine_concat.cpython-311.pyc
copying file /Users/calum/Developer/Excelerator/env/lib/python3.11/site-packages/pandas/tests/arrays/sparse/__pycache__/test_array.cpython-311.pyc -> /Users/calum/Developer/Excelerator/dist/Excelerate.app/Contents/Resources/lib/python3.11/pandas/tests/arrays/sparse/__pycache__/test_array.cpython-311.pyc
copying file /Users/calum/Developer/Excelerator/env/lib/python3.11/site-packages/pandas/tests/arrays/sparse/__pycache__/test_unary.cpython-311.pyc -> /Users/calum/Developer/Excelerator/dist/Excelerate.app/Contents/Resources/lib/python3.11/pandas/tests/arrays/sparse/__pycache__/test_unary.cpython-311.pyc
copying file /Users/calum/Developer/Excelerator/env/lib/python3.11/site-packages/pandas/tests/arrays/sparse/__pycache__/test_astype.cpython-311.pyc -> /Users/calum/Developer/Excelerator/dist/Excelerate.app/Contents/Resources/lib/python3.11/pandas/tests/arrays/sparse/__pycache__/test_astype.cpython-311.pyc
copying file /Users/calum/Developer/Excelerator/env/lib/python3.11/site-packages/pandas/tests/arrays/sparse/__pycache__/__init__.cpython-311.pyc -> /Users/calum/Developer/Excelerator/dist/Excelerate.app/Contents/Resources/lib/python3.11/pandas/tests/arrays/sparse/__pycache__/__init__.cpython-311.pyc
copying file /Users/calum/Developer/Excelerator/env/lib/python3.11/site-packages/pandas/tests/arrays/sparse/test_indexing.py -> /Users/calum/Developer/Excelerator/dist/Excelerate.app/Contents/Resources/lib/python3.11/pandas/tests/arrays/sparse/test_indexing.py
copying file /Users/calum/Developer/Excelerator/env/lib/python3.11/site-packages/pandas/tests/arrays/sparse/test_astype.py -> /Users/calum/Developer/Excelerator/dist/Excelerate.app/Contents/Resources/lib/python3.11/pandas/tests/arrays/sparse/test_astype.py
copying file /Users/calum/Developer/Excelerator/env/lib/python3.11/site-packages/pandas/tests/arrays/sparse/test_dtype.py -> /Users/calum/Developer/Excelerator/dist/Excelerate.app/Contents/Resources/lib/python3.11/pandas/tests/arrays/sparse/test_dtype.py
copying file /Users/calum/Developer/Excelerator/env/lib/python3.11/site-packages/pandas/tests/arrays/sparse/test_combine_concat.py -> /Users/calum/Developer/Excelerator/dist/Excelerate.app/Contents/Resources/lib/python3.11/pandas/tests/arrays/sparse/test_combine_concat.py
copying file /Users/calum/Developer/Excelerator/env/lib/python3.11/site-packages/pandas/tests/arrays/test_datetimes.py -> /Users/calum/Developer/Excelerator/dist/Excelerate.app/Contents/Resources/lib/python3.11/pandas/tests/arrays/test_datetimes.py
creating /Users/calum/Developer/Excelerator/dist/Excelerate.app/Contents/Resources/lib/python3.11/pandas/tests/arrays/numpy_
copying file /Users/calum/Developer/Excelerator/env/lib/python3.11/site-packages/pandas/tests/arrays/numpy_/__init__.py -> /Users/calum/Developer/Excelerator/dist/Excelerate.app/Contents/Resources/lib/python3.11/pandas/tests/arrays/numpy_/__init__.py
creating /Users/calum/Developer/Excelerator/dist/Excelerate.app/Contents/Resources/lib/python3.11/pandas/tests/arrays/numpy_/__pycache__
copying file /Users/calum/Developer/Excelerator/env/lib/python3.11/site-packages/pandas/tests/arrays/numpy_/__pycache__/test_indexing.cpython-311.pyc -> /Users/calum/Developer/Excelerator/dist/Excelerate.app/Contents/Resources/lib/python3.11/pandas/tests/arrays/numpy_/__pycache__/test_indexing.cpython-311.pyc
copying file /Users/calum/Developer/Excelerator/env/lib/python3.11/site-packages/pandas/tests/arrays/numpy_/__pycache__/test_numpy.cpython-311.pyc -> /Users/calum/Developer/Excelerator/dist/Excelerate.app/Contents/Resources/lib/python3.11/pandas/tests/arrays/numpy_/__pycache__/test_numpy.cpython-311.pyc
copying file /Users/calum/Developer/Excelerator/env/lib/python3.11/site-packages/pandas/tests/arrays/numpy_/__pycache__/__init__.cpython-311.pyc -> /Users/calum/Developer/Excelerator/dist/Excelerate.app/Contents/Resources/lib/python3.11/pandas/tests/arrays/numpy_/__pycache__/__init__.cpython-311.pyc
copying file /Users/calum/Developer/Excelerator/env/lib/python3.11/site-packages/pandas/tests/arrays/numpy_/test_indexing.py -> /Users/calum/Developer/Excelerator/dist/Excelerate.app/Contents/Resources/lib/python3.11/pandas/tests/arrays/numpy_/test_indexing.py
copying file /Users/calum/Developer/Excelerator/env/lib/python3.11/site-packages/pandas/tests/arrays/numpy_/test_numpy.py -> /Users/calum/Developer/Excelerator/dist/Excelerate.app/Contents/Resources/lib/python3.11/pandas/tests/arrays/numpy_/test_numpy.py
creating /Users/calum/Developer/Excelerator/dist/Excelerate.app/Contents/Resources/lib/python3.11/pandas/tests/arithmetic
copying file /Users/calum/Developer/Excelerator/env/lib/python3.11/site-packages/pandas/tests/arithmetic/test_period.py -> /Users/calum/Developer/Excelerator/dist/Excelerate.app/Contents/Resources/lib/python3.11/pandas/tests/arithmetic/test_period.py
copying file /Users/calum/Developer/Excelerator/env/lib/python3.11/site-packages/pandas/tests/arithmetic/conftest.py -> /Users/calum/Developer/Excelerator/dist/Excelerate.app/Contents/Resources/lib/python3.11/pandas/tests/arithmetic/conftest.py
copying file /Users/calum/Developer/Excelerator/env/lib/python3.11/site-packages/pandas/tests/arithmetic/test_datetime64.py -> /Users/calum/Developer/Excelerator/dist/Excelerate.app/Contents/Resources/lib/python3.11/pandas/tests/arithmetic/test_datetime64.py
copying file /Users/calum/Developer/Excelerator/env/lib/python3.11/site-packages/pandas/tests/arithmetic/test_timedelta64.py -> /Users/calum/Developer/Excelerator/dist/Excelerate.app/Contents/Resources/lib/python3.11/pandas/tests/arithmetic/test_timedelta64.py
copying file /Users/calum/Developer/Excelerator/env/lib/python3.11/site-packages/pandas/tests/arithmetic/test_categorical.py -> /Users/calum/Developer/Excelerator/dist/Excelerate.app/Contents/Resources/lib/python3.11/pandas/tests/arithmetic/test_categorical.py
copying file /Users/calum/Developer/Excelerator/env/lib/python3.11/site-packages/pandas/tests/arithmetic/__init__.py -> /Users/calum/Developer/Excelerator/dist/Excelerate.app/Contents/Resources/lib/python3.11/pandas/tests/arithmetic/__init__.py
creating /Users/calum/Developer/Excelerator/dist/Excelerate.app/Contents/Resources/lib/python3.11/pandas/tests/arithmetic/__pycache__
copying file /Users/calum/Developer/Excelerator/env/lib/python3.11/site-packages/pandas/tests/arithmetic/__pycache__/test_array_ops.cpython-311.pyc -> /Users/calum/Developer/Excelerator/dist/Excelerate.app/Contents/Resources/lib/python3.11/pandas/tests/arithmetic/__pycache__/test_array_ops.cpython-311.pyc
copying file /Users/calum/Developer/Excelerator/env/lib/python3.11/site-packages/pandas/tests/arithmetic/__pycache__/test_timedelta64.cpython-311.pyc -> /Users/calum/Developer/Excelerator/dist/Excelerate.app/Contents/Resources/lib/python3.11/pandas/tests/arithmetic/__pycache__/test_timedelta64.cpython-311.pyc
copying file /Users/calum/Developer/Excelerator/env/lib/python3.11/site-packages/pandas/tests/arithmetic/__pycache__/test_datetime64.cpython-311.pyc -> /Users/calum/Developer/Excelerator/dist/Excelerate.app/Contents/Resources/lib/python3.11/pandas/tests/arithmetic/__pycache__/test_datetime64.cpython-311.pyc
copying file /Users/calum/Developer/Excelerator/env/lib/python3.11/site-packages/pandas/tests/arithmetic/__pycache__/test_object.cpython-311.pyc -> /Users/calum/Developer/Excelerator/dist/Excelerate.app/Contents/Resources/lib/python3.11/pandas/tests/arithmetic/__pycache__/test_object.cpython-311.pyc
copying file /Users/calum/Developer/Excelerator/env/lib/python3.11/site-packages/pandas/tests/arithmetic/__pycache__/test_numeric.cpython-311.pyc -> /Users/calum/Developer/Excelerator/dist/Excelerate.app/Contents/Resources/lib/python3.11/pandas/tests/arithmetic/__pycache__/test_numeric.cpython-311.pyc
copying file /Users/calum/Developer/Excelerator/env/lib/python3.11/site-packages/pandas/tests/arithmetic/__pycache__/common.cpython-311.pyc -> /Users/calum/Developer/Excelerator/dist/Excelerate.app/Contents/Resources/lib/python3.11/pandas/tests/arithmetic/__pycache__/common.cpython-311.pyc
copying file /Users/calum/Developer/Excelerator/env/lib/python3.11/site-packages/pandas/tests/arithmetic/__pycache__/test_categorical.cpython-311.pyc -> /Users/calum/Developer/Excelerator/dist/Excelerate.app/Contents/Resources/lib/python3.11/pandas/tests/arithmetic/__pycache__/test_categorical.cpython-311.pyc
copying file /Users/calum/Developer/Excelerator/env/lib/python3.11/site-packages/pandas/tests/arithmetic/__pycache__/test_period.cpython-311.pyc -> /Users/calum/Developer/Excelerator/dist/Excelerate.app/Contents/Resources/lib/python3.11/pandas/tests/arithmetic/__pycache__/test_period.cpython-311.pyc
copying file /Users/calum/Developer/Excelerator/env/lib/python3.11/site-packages/pandas/tests/arithmetic/__pycache__/test_interval.cpython-311.pyc -> /Users/calum/Developer/Excelerator/dist/Excelerate.app/Contents/Resources/lib/python3.11/pandas/tests/arithmetic/__pycache__/test_interval.cpython-311.pyc
copying file /Users/calum/Developer/Excelerator/env/lib/python3.11/site-packages/pandas/tests/arithmetic/__pycache__/conftest.cpython-311.pyc -> /Users/calum/Developer/Excelerator/dist/Excelerate.app/Contents/Resources/lib/python3.11/pandas/tests/arithmetic/__pycache__/conftest.cpython-311.pyc
copying file /Users/calum/Developer/Excelerator/env/lib/python3.11/site-packages/pandas/tests/arithmetic/__pycache__/__init__.cpython-311.pyc -> /Users/calum/Developer/Excelerator/dist/Excelerate.app/Contents/Resources/lib/python3.11/pandas/tests/arithmetic/__pycache__/__init__.cpython-311.pyc
copying file /Users/calum/Developer/Excelerator/env/lib/python3.11/site-packages/pandas/tests/arithmetic/test_interval.py -> /Users/calum/Developer/Excelerator/dist/Excelerate.app/Contents/Resources/lib/python3.11/pandas/tests/arithmetic/test_interval.py
copying file /Users/calum/Developer/Excelerator/env/lib/python3.11/site-packages/pandas/tests/arithmetic/test_numeric.py -> /Users/calum/Developer/Excelerator/dist/Excelerate.app/Contents/Resources/lib/python3.11/pandas/tests/arithmetic/test_numeric.py
copying file /Users/calum/Developer/Excelerator/env/lib/python3.11/site-packages/pandas/tests/arithmetic/common.py -> /Users/calum/Developer/Excelerator/dist/Excelerate.app/Contents/Resources/lib/python3.11/pandas/tests/arithmetic/common.py
copying file /Users/calum/Developer/Excelerator/env/lib/python3.11/site-packages/pandas/tests/arithmetic/test_array_ops.py -> /Users/calum/Developer/Excelerator/dist/Excelerate.app/Contents/Resources/lib/python3.11/pandas/tests/arithmetic/test_array_ops.py
copying file /Users/calum/Developer/Excelerator/env/lib/python3.11/site-packages/pandas/tests/arithmetic/test_object.py -> /Users/calum/Developer/Excelerator/dist/Excelerate.app/Contents/Resources/lib/python3.11/pandas/tests/arithmetic/test_object.py
creating /Users/calum/Developer/Excelerator/dist/Excelerate.app/Contents/Resources/lib/python3.11/pandas/tests/construction
copying file /Users/calum/Developer/Excelerator/env/lib/python3.11/site-packages/pandas/tests/construction/test_extract_array.py -> /Users/calum/Developer/Excelerator/dist/Excelerate.app/Contents/Resources/lib/python3.11/pandas/tests/construction/test_extract_array.py
copying file /Users/calum/Developer/Excelerator/env/lib/python3.11/site-packages/pandas/tests/construction/__init__.py -> /Users/calum/Developer/Excelerator/dist/Excelerate.app/Contents/Resources/lib/python3.11/pandas/tests/construction/__init__.py
creating /Users/calum/Developer/Excelerator/dist/Excelerate.app/Contents/Resources/lib/python3.11/pandas/tests/construction/__pycache__
copying file /Users/calum/Developer/Excelerator/env/lib/python3.11/site-packages/pandas/tests/construction/__pycache__/test_extract_array.cpython-311.pyc -> /Users/calum/Developer/Excelerator/dist/Excelerate.app/Contents/Resources/lib/python3.11/pandas/tests/construction/__pycache__/test_extract_array.cpython-311.pyc
copying file /Users/calum/Developer/Excelerator/env/lib/python3.11/site-packages/pandas/tests/construction/__pycache__/__init__.cpython-311.pyc -> /Users/calum/Developer/Excelerator/dist/Excelerate.app/Contents/Resources/lib/python3.11/pandas/tests/construction/__pycache__/__init__.cpython-311.pyc
creating /Users/calum/Developer/Excelerator/dist/Excelerate.app/Contents/Resources/lib/python3.11/pandas/tests/api
copying file /Users/calum/Developer/Excelerator/env/lib/python3.11/site-packages/pandas/tests/api/__init__.py -> /Users/calum/Developer/Excelerator/dist/Excelerate.app/Contents/Resources/lib/python3.11/pandas/tests/api/__init__.py
creating /Users/calum/Developer/Excelerator/dist/Excelerate.app/Contents/Resources/lib/python3.11/pandas/tests/api/__pycache__
copying file /Users/calum/Developer/Excelerator/env/lib/python3.11/site-packages/pandas/tests/api/__pycache__/test_types.cpython-311.pyc -> /Users/calum/Developer/Excelerator/dist/Excelerate.app/Contents/Resources/lib/python3.11/pandas/tests/api/__pycache__/test_types.cpython-311.pyc
copying file /Users/calum/Developer/Excelerator/env/lib/python3.11/site-packages/pandas/tests/api/__pycache__/test_api.cpython-311.pyc -> /Users/calum/Developer/Excelerator/dist/Excelerate.app/Contents/Resources/lib/python3.11/pandas/tests/api/__pycache__/test_api.cpython-311.pyc
copying file /Users/calum/Developer/Excelerator/env/lib/python3.11/site-packages/pandas/tests/api/__pycache__/__init__.cpython-311.pyc -> /Users/calum/Developer/Excelerator/dist/Excelerate.app/Contents/Resources/lib/python3.11/pandas/tests/api/__pycache__/__init__.cpython-311.pyc
copying file /Users/calum/Developer/Excelerator/env/lib/python3.11/site-packages/pandas/tests/api/test_api.py -> /Users/calum/Developer/Excelerator/dist/Excelerate.app/Contents/Resources/lib/python3.11/pandas/tests/api/test_api.py
copying file /Users/calum/Developer/Excelerator/env/lib/python3.11/site-packages/pandas/tests/api/test_types.py -> /Users/calum/Developer/Excelerator/dist/Excelerate.app/Contents/Resources/lib/python3.11/pandas/tests/api/test_types.py
creating /Users/calum/Developer/Excelerator/dist/Excelerate.app/Contents/Resources/lib/python3.11/pandas/tests/generic
copying file /Users/calum/Developer/Excelerator/env/lib/python3.11/site-packages/pandas/tests/generic/test_to_xarray.py -> /Users/calum/Developer/Excelerator/dist/Excelerate.app/Contents/Resources/lib/python3.11/pandas/tests/generic/test_to_xarray.py
copying file /Users/calum/Developer/Excelerator/env/lib/python3.11/site-packages/pandas/tests/generic/test_frame.py -> /Users/calum/Developer/Excelerator/dist/Excelerate.app/Contents/Resources/lib/python3.11/pandas/tests/generic/test_frame.py
copying file /Users/calum/Developer/Excelerator/env/lib/python3.11/site-packages/pandas/tests/generic/test_finalize.py -> /Users/calum/Developer/Excelerator/dist/Excelerate.app/Contents/Resources/lib/python3.11/pandas/tests/generic/test_finalize.py
copying file /Users/calum/Developer/Excelerator/env/lib/python3.11/site-packages/pandas/tests/generic/__init__.py -> /Users/calum/Developer/Excelerator/dist/Excelerate.app/Contents/Resources/lib/python3.11/pandas/tests/generic/__init__.py
creating /Users/calum/Developer/Excelerator/dist/Excelerate.app/Contents/Resources/lib/python3.11/pandas/tests/generic/__pycache__
copying file /Users/calum/Developer/Excelerator/env/lib/python3.11/site-packages/pandas/tests/generic/__pycache__/test_series.cpython-311.pyc -> /Users/calum/Developer/Excelerator/dist/Excelerate.app/Contents/Resources/lib/python3.11/pandas/tests/generic/__pycache__/test_series.cpython-311.pyc
copying file /Users/calum/Developer/Excelerator/env/lib/python3.11/site-packages/pandas/tests/generic/__pycache__/test_finalize.cpython-311.pyc -> /Users/calum/Developer/Excelerator/dist/Excelerate.app/Contents/Resources/lib/python3.11/pandas/tests/generic/__pycache__/test_finalize.cpython-311.pyc
copying file /Users/calum/Developer/Excelerator/env/lib/python3.11/site-packages/pandas/tests/generic/__pycache__/test_duplicate_labels.cpython-311.pyc -> /Users/calum/Developer/Excelerator/dist/Excelerate.app/Contents/Resources/lib/python3.11/pandas/tests/generic/__pycache__/test_duplicate_labels.cpython-311.pyc
copying file /Users/calum/Developer/Excelerator/env/lib/python3.11/site-packages/pandas/tests/generic/__pycache__/test_generic.cpython-311.pyc -> /Users/calum/Developer/Excelerator/dist/Excelerate.app/Contents/Resources/lib/python3.11/pandas/tests/generic/__pycache__/test_generic.cpython-311.pyc
copying file /Users/calum/Developer/Excelerator/env/lib/python3.11/site-packages/pandas/tests/generic/__pycache__/test_label_or_level_utils.cpython-311.pyc -> /Users/calum/Developer/Excelerator/dist/Excelerate.app/Contents/Resources/lib/python3.11/pandas/tests/generic/__pycache__/test_label_or_level_utils.cpython-311.pyc
copying file /Users/calum/Developer/Excelerator/env/lib/python3.11/site-packages/pandas/tests/generic/__pycache__/test_to_xarray.cpython-311.pyc -> /Users/calum/Developer/Excelerator/dist/Excelerate.app/Contents/Resources/lib/python3.11/pandas/tests/generic/__pycache__/test_to_xarray.cpython-311.pyc
copying file /Users/calum/Developer/Excelerator/env/lib/python3.11/site-packages/pandas/tests/generic/__pycache__/__init__.cpython-311.pyc -> /Users/calum/Developer/Excelerator/dist/Excelerate.app/Contents/Resources/lib/python3.11/pandas/tests/generic/__pycache__/__init__.cpython-311.pyc
copying file /Users/calum/Developer/Excelerator/env/lib/python3.11/site-packages/pandas/tests/generic/__pycache__/test_frame.cpython-311.pyc -> /Users/calum/Developer/Excelerator/dist/Excelerate.app/Contents/Resources/lib/python3.11/pandas/tests/generic/__pycache__/test_frame.cpython-311.pyc
copying file /Users/calum/Developer/Excelerator/env/lib/python3.11/site-packages/pandas/tests/generic/test_generic.py -> /Users/calum/Developer/Excelerator/dist/Excelerate.app/Contents/Resources/lib/python3.11/pandas/tests/generic/test_generic.py
copying file /Users/calum/Developer/Excelerator/env/lib/python3.11/site-packages/pandas/tests/generic/test_duplicate_labels.py -> /Users/calum/Developer/Excelerator/dist/Excelerate.app/Contents/Resources/lib/python3.11/pandas/tests/generic/test_duplicate_labels.py
copying file /Users/calum/Developer/Excelerator/env/lib/python3.11/site-packages/pandas/tests/generic/test_label_or_level_utils.py -> /Users/calum/Developer/Excelerator/dist/Excelerate.app/Contents/Resources/lib/python3.11/pandas/tests/generic/test_label_or_level_utils.py
copying file /Users/calum/Developer/Excelerator/env/lib/python3.11/site-packages/pandas/tests/generic/test_series.py -> /Users/calum/Developer/Excelerator/dist/Excelerate.app/Contents/Resources/lib/python3.11/pandas/tests/generic/test_series.py
copying file /Users/calum/Developer/Excelerator/env/lib/python3.11/site-packages/pandas/tests/test_flags.py -> /Users/calum/Developer/Excelerator/dist/Excelerate.app/Contents/Resources/lib/python3.11/pandas/tests/test_flags.py
creating /Users/calum/Developer/Excelerator/dist/Excelerate.app/Contents/Resources/lib/python3.11/pandas/tests/tslibs
copying file /Users/calum/Developer/Excelerator/env/lib/python3.11/site-packages/pandas/tests/tslibs/test_resolution.py -> /Users/calum/Developer/Excelerator/dist/Excelerate.app/Contents/Resources/lib/python3.11/pandas/tests/tslibs/test_resolution.py
copying file /Users/calum/Developer/Excelerator/env/lib/python3.11/site-packages/pandas/tests/tslibs/test_strptime.py -> /Users/calum/Developer/Excelerator/dist/Excelerate.app/Contents/Resources/lib/python3.11/pandas/tests/tslibs/test_strptime.py
copying file /Users/calum/Developer/Excelerator/env/lib/python3.11/site-packages/pandas/tests/tslibs/test_period.py -> /Users/calum/Developer/Excelerator/dist/Excelerate.app/Contents/Resources/lib/python3.11/pandas/tests/tslibs/test_period.py
copying file /Users/calum/Developer/Excelerator/env/lib/python3.11/site-packages/pandas/tests/tslibs/test_parsing.py -> /Users/calum/Developer/Excelerator/dist/Excelerate.app/Contents/Resources/lib/python3.11/pandas/tests/tslibs/test_parsing.py
copying file /Users/calum/Developer/Excelerator/env/lib/python3.11/site-packages/pandas/tests/tslibs/test_ccalendar.py -> /Users/calum/Developer/Excelerator/dist/Excelerate.app/Contents/Resources/lib/python3.11/pandas/tests/tslibs/test_ccalendar.py
copying file /Users/calum/Developer/Excelerator/env/lib/python3.11/site-packages/pandas/tests/tslibs/test_npy_units.py -> /Users/calum/Developer/Excelerator/dist/Excelerate.app/Contents/Resources/lib/python3.11/pandas/tests/tslibs/test_npy_units.py
copying file /Users/calum/Developer/Excelerator/env/lib/python3.11/site-packages/pandas/tests/tslibs/test_timezones.py -> /Users/calum/Developer/Excelerator/dist/Excelerate.app/Contents/Resources/lib/python3.11/pandas/tests/tslibs/test_timezones.py
copying file /Users/calum/Developer/Excelerator/env/lib/python3.11/site-packages/pandas/tests/tslibs/__init__.py -> /Users/calum/Developer/Excelerator/dist/Excelerate.app/Contents/Resources/lib/python3.11/pandas/tests/tslibs/__init__.py
copying file /Users/calum/Developer/Excelerator/env/lib/python3.11/site-packages/pandas/tests/tslibs/test_np_datetime.py -> /Users/calum/Developer/Excelerator/dist/Excelerate.app/Contents/Resources/lib/python3.11/pandas/tests/tslibs/test_np_datetime.py
creating /Users/calum/Developer/Excelerator/dist/Excelerate.app/Contents/Resources/lib/python3.11/pandas/tests/tslibs/__pycache__
copying file /Users/calum/Developer/Excelerator/env/lib/python3.11/site-packages/pandas/tests/tslibs/__pycache__/test_array_to_datetime.cpython-311.pyc -> /Users/calum/Developer/Excelerator/dist/Excelerate.app/Contents/Resources/lib/python3.11/pandas/tests/tslibs/__pycache__/test_array_to_datetime.cpython-311.pyc
copying file /Users/calum/Developer/Excelerator/env/lib/python3.11/site-packages/pandas/tests/tslibs/__pycache__/test_tzconversion.cpython-311.pyc -> /Users/calum/Developer/Excelerator/dist/Excelerate.app/Contents/Resources/lib/python3.11/pandas/tests/tslibs/__pycache__/test_tzconversion.cpython-311.pyc
copying file /Users/calum/Developer/Excelerator/env/lib/python3.11/site-packages/pandas/tests/tslibs/__pycache__/test_np_datetime.cpython-311.pyc -> /Users/calum/Developer/Excelerator/dist/Excelerate.app/Contents/Resources/lib/python3.11/pandas/tests/tslibs/__pycache__/test_np_datetime.cpython-311.pyc
copying file /Users/calum/Developer/Excelerator/env/lib/python3.11/site-packages/pandas/tests/tslibs/__pycache__/test_parse_iso8601.cpython-311.pyc -> /Users/calum/Developer/Excelerator/dist/Excelerate.app/Contents/Resources/lib/python3.11/pandas/tests/tslibs/__pycache__/test_parse_iso8601.cpython-311.pyc
copying file /Users/calum/Developer/Excelerator/env/lib/python3.11/site-packages/pandas/tests/tslibs/__pycache__/test_period.cpython-311.pyc -> /Users/calum/Developer/Excelerator/dist/Excelerate.app/Contents/Resources/lib/python3.11/pandas/tests/tslibs/__pycache__/test_period.cpython-311.pyc
copying file /Users/calum/Developer/Excelerator/env/lib/python3.11/site-packages/pandas/tests/tslibs/__pycache__/test_fields.cpython-311.pyc -> /Users/calum/Developer/Excelerator/dist/Excelerate.app/Contents/Resources/lib/python3.11/pandas/tests/tslibs/__pycache__/test_fields.cpython-311.pyc
copying file /Users/calum/Developer/Excelerator/env/lib/python3.11/site-packages/pandas/tests/tslibs/__pycache__/test_strptime.cpython-311.pyc -> /Users/calum/Developer/Excelerator/dist/Excelerate.app/Contents/Resources/lib/python3.11/pandas/tests/tslibs/__pycache__/test_strptime.cpython-311.pyc
copying file /Users/calum/Developer/Excelerator/env/lib/python3.11/site-packages/pandas/tests/tslibs/__pycache__/test_parsing.cpython-311.pyc -> /Users/calum/Developer/Excelerator/dist/Excelerate.app/Contents/Resources/lib/python3.11/pandas/tests/tslibs/__pycache__/test_parsing.cpython-311.pyc
copying file /Users/calum/Developer/Excelerator/env/lib/python3.11/site-packages/pandas/tests/tslibs/__pycache__/test_timezones.cpython-311.pyc -> /Users/calum/Developer/Excelerator/dist/Excelerate.app/Contents/Resources/lib/python3.11/pandas/tests/tslibs/__pycache__/test_timezones.cpython-311.pyc
copying file /Users/calum/Developer/Excelerator/env/lib/python3.11/site-packages/pandas/tests/tslibs/__pycache__/test_ccalendar.cpython-311.pyc -> /Users/calum/Developer/Excelerator/dist/Excelerate.app/Contents/Resources/lib/python3.11/pandas/tests/tslibs/__pycache__/test_ccalendar.cpython-311.pyc
copying file /Users/calum/Developer/Excelerator/env/lib/python3.11/site-packages/pandas/tests/tslibs/__pycache__/test_liboffsets.cpython-311.pyc -> /Users/calum/Developer/Excelerator/dist/Excelerate.app/Contents/Resources/lib/python3.11/pandas/tests/tslibs/__pycache__/test_liboffsets.cpython-311.pyc
copying file /Users/calum/Developer/Excelerator/env/lib/python3.11/site-packages/pandas/tests/tslibs/__pycache__/test_conversion.cpython-311.pyc -> /Users/calum/Developer/Excelerator/dist/Excelerate.app/Contents/Resources/lib/python3.11/pandas/tests/tslibs/__pycache__/test_conversion.cpython-311.pyc
copying file /Users/calum/Developer/Excelerator/env/lib/python3.11/site-packages/pandas/tests/tslibs/__pycache__/test_resolution.cpython-311.pyc -> /Users/calum/Developer/Excelerator/dist/Excelerate.app/Contents/Resources/lib/python3.11/pandas/tests/tslibs/__pycache__/test_resolution.cpython-311.pyc
copying file /Users/calum/Developer/Excelerator/env/lib/python3.11/site-packages/pandas/tests/tslibs/__pycache__/test_timedeltas.cpython-311.pyc -> /Users/calum/Developer/Excelerator/dist/Excelerate.app/Contents/Resources/lib/python3.11/pandas/tests/tslibs/__pycache__/test_timedeltas.cpython-311.pyc
copying file /Users/calum/Developer/Excelerator/env/lib/python3.11/site-packages/pandas/tests/tslibs/__pycache__/test_api.cpython-311.pyc -> /Users/calum/Developer/Excelerator/dist/Excelerate.app/Contents/Resources/lib/python3.11/pandas/tests/tslibs/__pycache__/test_api.cpython-311.pyc
copying file /Users/calum/Developer/Excelerator/env/lib/python3.11/site-packages/pandas/tests/tslibs/__pycache__/test_to_offset.cpython-311.pyc -> /Users/calum/Developer/Excelerator/dist/Excelerate.app/Contents/Resources/lib/python3.11/pandas/tests/tslibs/__pycache__/test_to_offset.cpython-311.pyc
copying file /Users/calum/Developer/Excelerator/env/lib/python3.11/site-packages/pandas/tests/tslibs/__pycache__/test_npy_units.cpython-311.pyc -> /Users/calum/Developer/Excelerator/dist/Excelerate.app/Contents/Resources/lib/python3.11/pandas/tests/tslibs/__pycache__/test_npy_units.cpython-311.pyc
copying file /Users/calum/Developer/Excelerator/env/lib/python3.11/site-packages/pandas/tests/tslibs/__pycache__/__init__.cpython-311.pyc -> /Users/calum/Developer/Excelerator/dist/Excelerate.app/Contents/Resources/lib/python3.11/pandas/tests/tslibs/__pycache__/__init__.cpython-311.pyc
copying file /Users/calum/Developer/Excelerator/env/lib/python3.11/site-packages/pandas/tests/tslibs/__pycache__/test_libfrequencies.cpython-311.pyc -> /Users/calum/Developer/Excelerator/dist/Excelerate.app/Contents/Resources/lib/python3.11/pandas/tests/tslibs/__pycache__/test_libfrequencies.cpython-311.pyc
copying file /Users/calum/Developer/Excelerator/env/lib/python3.11/site-packages/pandas/tests/tslibs/test_conversion.py -> /Users/calum/Developer/Excelerator/dist/Excelerate.app/Contents/Resources/lib/python3.11/pandas/tests/tslibs/test_conversion.py
copying file /Users/calum/Developer/Excelerator/env/lib/python3.11/site-packages/pandas/tests/tslibs/test_array_to_datetime.py -> /Users/calum/Developer/Excelerator/dist/Excelerate.app/Contents/Resources/lib/python3.11/pandas/tests/tslibs/test_array_to_datetime.py
copying file /Users/calum/Developer/Excelerator/env/lib/python3.11/site-packages/pandas/tests/tslibs/test_timedeltas.py -> /Users/calum/Developer/Excelerator/dist/Excelerate.app/Contents/Resources/lib/python3.11/pandas/tests/tslibs/test_timedeltas.py
copying file /Users/calum/Developer/Excelerator/env/lib/python3.11/site-packages/pandas/tests/tslibs/test_liboffsets.py -> /Users/calum/Developer/Excelerator/dist/Excelerate.app/Contents/Resources/lib/python3.11/pandas/tests/tslibs/test_liboffsets.py
copying file /Users/calum/Developer/Excelerator/env/lib/python3.11/site-packages/pandas/tests/tslibs/test_to_offset.py -> /Users/calum/Developer/Excelerator/dist/Excelerate.app/Contents/Resources/lib/python3.11/pandas/tests/tslibs/test_to_offset.py
copying file /Users/calum/Developer/Excelerator/env/lib/python3.11/site-packages/pandas/tests/tslibs/test_fields.py -> /Users/calum/Developer/Excelerator/dist/Excelerate.app/Contents/Resources/lib/python3.11/pandas/tests/tslibs/test_fields.py
copying file /Users/calum/Developer/Excelerator/env/lib/python3.11/site-packages/pandas/tests/tslibs/test_libfrequencies.py -> /Users/calum/Developer/Excelerator/dist/Excelerate.app/Contents/Resources/lib/python3.11/pandas/tests/tslibs/test_libfrequencies.py
copying file /Users/calum/Developer/Excelerator/env/lib/python3.11/site-packages/pandas/tests/tslibs/test_api.py -> /Users/calum/Developer/Excelerator/dist/Excelerate.app/Contents/Resources/lib/python3.11/pandas/tests/tslibs/test_api.py
copying file /Users/calum/Developer/Excelerator/env/lib/python3.11/site-packages/pandas/tests/tslibs/test_tzconversion.py -> /Users/calum/Developer/Excelerator/dist/Excelerate.app/Contents/Resources/lib/python3.11/pandas/tests/tslibs/test_tzconversion.py
copying file /Users/calum/Developer/Excelerator/env/lib/python3.11/site-packages/pandas/tests/tslibs/test_parse_iso8601.py -> /Users/calum/Developer/Excelerator/dist/Excelerate.app/Contents/Resources/lib/python3.11/pandas/tests/tslibs/test_parse_iso8601.py
creating /Users/calum/Developer/Excelerator/dist/Excelerate.app/Contents/Resources/lib/python3.11/pandas/tests/indexing
copying file /Users/calum/Developer/Excelerator/env/lib/python3.11/site-packages/pandas/tests/indexing/test_check_indexer.py -> /Users/calum/Developer/Excelerator/dist/Excelerate.app/Contents/Resources/lib/python3.11/pandas/tests/indexing/test_check_indexer.py
copying file /Users/calum/Developer/Excelerator/env/lib/python3.11/site-packages/pandas/tests/indexing/conftest.py -> /Users/calum/Developer/Excelerator/dist/Excelerate.app/Contents/Resources/lib/python3.11/pandas/tests/indexing/conftest.py
copying file /Users/calum/Developer/Excelerator/env/lib/python3.11/site-packages/pandas/tests/indexing/test_chaining_and_caching.py -> /Users/calum/Developer/Excelerator/dist/Excelerate.app/Contents/Resources/lib/python3.11/pandas/tests/indexing/test_chaining_and_caching.py
copying file /Users/calum/Developer/Excelerator/env/lib/python3.11/site-packages/pandas/tests/indexing/test_iat.py -> /Users/calum/Developer/Excelerator/dist/Excelerate.app/Contents/Resources/lib/python3.11/pandas/tests/indexing/test_iat.py
creating /Users/calum/Developer/Excelerator/dist/Excelerate.app/Contents/Resources/lib/python3.11/pandas/tests/indexing/interval
copying file /Users/calum/Developer/Excelerator/env/lib/python3.11/site-packages/pandas/tests/indexing/interval/__init__.py -> /Users/calum/Developer/Excelerator/dist/Excelerate.app/Contents/Resources/lib/python3.11/pandas/tests/indexing/interval/__init__.py
creating /Users/calum/Developer/Excelerator/dist/Excelerate.app/Contents/Resources/lib/python3.11/pandas/tests/indexing/interval/__pycache__
copying file /Users/calum/Developer/Excelerator/env/lib/python3.11/site-packages/pandas/tests/indexing/interval/__pycache__/test_interval.cpython-311.pyc -> /Users/calum/Developer/Excelerator/dist/Excelerate.app/Contents/Resources/lib/python3.11/pandas/tests/indexing/interval/__pycache__/test_interval.cpython-311.pyc
copying file /Users/calum/Developer/Excelerator/env/lib/python3.11/site-packages/pandas/tests/indexing/interval/__pycache__/test_interval_new.cpython-311.pyc -> /Users/calum/Developer/Excelerator/dist/Excelerate.app/Contents/Resources/lib/python3.11/pandas/tests/indexing/interval/__pycache__/test_interval_new.cpython-311.pyc
copying file /Users/calum/Developer/Excelerator/env/lib/python3.11/site-packages/pandas/tests/indexing/interval/__pycache__/__init__.cpython-311.pyc -> /Users/calum/Developer/Excelerator/dist/Excelerate.app/Contents/Resources/lib/python3.11/pandas/tests/indexing/interval/__pycache__/__init__.cpython-311.pyc
copying file /Users/calum/Developer/Excelerator/env/lib/python3.11/site-packages/pandas/tests/indexing/interval/test_interval.py -> /Users/calum/Developer/Excelerator/dist/Excelerate.app/Contents/Resources/lib/python3.11/pandas/tests/indexing/interval/test_interval.py
copying file /Users/calum/Developer/Excelerator/env/lib/python3.11/site-packages/pandas/tests/indexing/interval/test_interval_new.py -> /Users/calum/Developer/Excelerator/dist/Excelerate.app/Contents/Resources/lib/python3.11/pandas/tests/indexing/interval/test_interval_new.py
copying file /Users/calum/Developer/Excelerator/env/lib/python3.11/site-packages/pandas/tests/indexing/test_at.py -> /Users/calum/Developer/Excelerator/dist/Excelerate.app/Contents/Resources/lib/python3.11/pandas/tests/indexing/test_at.py
copying file /Users/calum/Developer/Excelerator/env/lib/python3.11/site-packages/pandas/tests/indexing/test_categorical.py -> /Users/calum/Developer/Excelerator/dist/Excelerate.app/Contents/Resources/lib/python3.11/pandas/tests/indexing/test_categorical.py
copying file /Users/calum/Developer/Excelerator/env/lib/python3.11/site-packages/pandas/tests/indexing/test_iloc.py -> /Users/calum/Developer/Excelerator/dist/Excelerate.app/Contents/Resources/lib/python3.11/pandas/tests/indexing/test_iloc.py
copying file /Users/calum/Developer/Excelerator/env/lib/python3.11/site-packages/pandas/tests/indexing/__init__.py -> /Users/calum/Developer/Excelerator/dist/Excelerate.app/Contents/Resources/lib/python3.11/pandas/tests/indexing/__init__.py
copying file /Users/calum/Developer/Excelerator/env/lib/python3.11/site-packages/pandas/tests/indexing/test_loc.py -> /Users/calum/Developer/Excelerator/dist/Excelerate.app/Contents/Resources/lib/python3.11/pandas/tests/indexing/test_loc.py
creating /Users/calum/Developer/Excelerator/dist/Excelerate.app/Contents/Resources/lib/python3.11/pandas/tests/indexing/__pycache__
copying file /Users/calum/Developer/Excelerator/env/lib/python3.11/site-packages/pandas/tests/indexing/__pycache__/test_at.cpython-311.pyc -> /Users/calum/Developer/Excelerator/dist/Excelerate.app/Contents/Resources/lib/python3.11/pandas/tests/indexing/__pycache__/test_at.cpython-311.pyc
copying file /Users/calum/Developer/Excelerator/env/lib/python3.11/site-packages/pandas/tests/indexing/__pycache__/test_coercion.cpython-311.pyc -> /Users/calum/Developer/Excelerator/dist/Excelerate.app/Contents/Resources/lib/python3.11/pandas/tests/indexing/__pycache__/test_coercion.cpython-311.pyc
copying file /Users/calum/Developer/Excelerator/env/lib/python3.11/site-packages/pandas/tests/indexing/__pycache__/test_indexing.cpython-311.pyc -> /Users/calum/Developer/Excelerator/dist/Excelerate.app/Contents/Resources/lib/python3.11/pandas/tests/indexing/__pycache__/test_indexing.cpython-311.pyc
copying file /Users/calum/Developer/Excelerator/env/lib/python3.11/site-packages/pandas/tests/indexing/__pycache__/test_chaining_and_caching.cpython-311.pyc -> /Users/calum/Developer/Excelerator/dist/Excelerate.app/Contents/Resources/lib/python3.11/pandas/tests/indexing/__pycache__/test_chaining_and_caching.cpython-311.pyc
copying file /Users/calum/Developer/Excelerator/env/lib/python3.11/site-packages/pandas/tests/indexing/__pycache__/test_floats.cpython-311.pyc -> /Users/calum/Developer/Excelerator/dist/Excelerate.app/Contents/Resources/lib/python3.11/pandas/tests/indexing/__pycache__/test_floats.cpython-311.pyc
copying file /Users/calum/Developer/Excelerator/env/lib/python3.11/site-packages/pandas/tests/indexing/__pycache__/test_na_indexing.cpython-311.pyc -> /Users/calum/Developer/Excelerator/dist/Excelerate.app/Contents/Resources/lib/python3.11/pandas/tests/indexing/__pycache__/test_na_indexing.cpython-311.pyc
copying file /Users/calum/Developer/Excelerator/env/lib/python3.11/site-packages/pandas/tests/indexing/__pycache__/test_check_indexer.cpython-311.pyc -> /Users/calum/Developer/Excelerator/dist/Excelerate.app/Contents/Resources/lib/python3.11/pandas/tests/indexing/__pycache__/test_check_indexer.cpython-311.pyc
copying file /Users/calum/Developer/Excelerator/env/lib/python3.11/site-packages/pandas/tests/indexing/__pycache__/test_partial.cpython-311.pyc -> /Users/calum/Developer/Excelerator/dist/Excelerate.app/Contents/Resources/lib/python3.11/pandas/tests/indexing/__pycache__/test_partial.cpython-311.pyc
copying file /Users/calum/Developer/Excelerator/env/lib/python3.11/site-packages/pandas/tests/indexing/__pycache__/common.cpython-311.pyc -> /Users/calum/Developer/Excelerator/dist/Excelerate.app/Contents/Resources/lib/python3.11/pandas/tests/indexing/__pycache__/common.cpython-311.pyc
copying file /Users/calum/Developer/Excelerator/env/lib/python3.11/site-packages/pandas/tests/indexing/__pycache__/test_categorical.cpython-311.pyc -> /Users/calum/Developer/Excelerator/dist/Excelerate.app/Contents/Resources/lib/python3.11/pandas/tests/indexing/__pycache__/test_categorical.cpython-311.pyc
copying file /Users/calum/Developer/Excelerator/env/lib/python3.11/site-packages/pandas/tests/indexing/__pycache__/test_iat.cpython-311.pyc -> /Users/calum/Developer/Excelerator/dist/Excelerate.app/Contents/Resources/lib/python3.11/pandas/tests/indexing/__pycache__/test_iat.cpython-311.pyc
copying file /Users/calum/Developer/Excelerator/env/lib/python3.11/site-packages/pandas/tests/indexing/__pycache__/test_indexers.cpython-311.pyc -> /Users/calum/Developer/Excelerator/dist/Excelerate.app/Contents/Resources/lib/python3.11/pandas/tests/indexing/__pycache__/test_indexers.cpython-311.pyc
copying file /Users/calum/Developer/Excelerator/env/lib/python3.11/site-packages/pandas/tests/indexing/__pycache__/test_datetime.cpython-311.pyc -> /Users/calum/Developer/Excelerator/dist/Excelerate.app/Contents/Resources/lib/python3.11/pandas/tests/indexing/__pycache__/test_datetime.cpython-311.pyc
copying file /Users/calum/Developer/Excelerator/env/lib/python3.11/site-packages/pandas/tests/indexing/__pycache__/test_iloc.cpython-311.pyc -> /Users/calum/Developer/Excelerator/dist/Excelerate.app/Contents/Resources/lib/python3.11/pandas/tests/indexing/__pycache__/test_iloc.cpython-311.pyc
copying file /Users/calum/Developer/Excelerator/env/lib/python3.11/site-packages/pandas/tests/indexing/__pycache__/conftest.cpython-311.pyc -> /Users/calum/Developer/Excelerator/dist/Excelerate.app/Contents/Resources/lib/python3.11/pandas/tests/indexing/__pycache__/conftest.cpython-311.pyc
copying file /Users/calum/Developer/Excelerator/env/lib/python3.11/site-packages/pandas/tests/indexing/__pycache__/test_loc.cpython-311.pyc -> /Users/calum/Developer/Excelerator/dist/Excelerate.app/Contents/Resources/lib/python3.11/pandas/tests/indexing/__pycache__/test_loc.cpython-311.pyc
copying file /Users/calum/Developer/Excelerator/env/lib/python3.11/site-packages/pandas/tests/indexing/__pycache__/test_scalar.cpython-311.pyc -> /Users/calum/Developer/Excelerator/dist/Excelerate.app/Contents/Resources/lib/python3.11/pandas/tests/indexing/__pycache__/test_scalar.cpython-311.pyc
copying file /Users/calum/Developer/Excelerator/env/lib/python3.11/site-packages/pandas/tests/indexing/__pycache__/__init__.cpython-311.pyc -> /Users/calum/Developer/Excelerator/dist/Excelerate.app/Contents/Resources/lib/python3.11/pandas/tests/indexing/__pycache__/__init__.cpython-311.pyc
copying file /Users/calum/Developer/Excelerator/env/lib/python3.11/site-packages/pandas/tests/indexing/test_indexing.py -> /Users/calum/Developer/Excelerator/dist/Excelerate.app/Contents/Resources/lib/python3.11/pandas/tests/indexing/test_indexing.py
copying file /Users/calum/Developer/Excelerator/env/lib/python3.11/site-packages/pandas/tests/indexing/test_na_indexing.py -> /Users/calum/Developer/Excelerator/dist/Excelerate.app/Contents/Resources/lib/python3.11/pandas/tests/indexing/test_na_indexing.py
copying file /Users/calum/Developer/Excelerator/env/lib/python3.11/site-packages/pandas/tests/indexing/test_datetime.py -> /Users/calum/Developer/Excelerator/dist/Excelerate.app/Contents/Resources/lib/python3.11/pandas/tests/indexing/test_datetime.py
copying file /Users/calum/Developer/Excelerator/env/lib/python3.11/site-packages/pandas/tests/indexing/test_floats.py -> /Users/calum/Developer/Excelerator/dist/Excelerate.app/Contents/Resources/lib/python3.11/pandas/tests/indexing/test_floats.py
copying file /Users/calum/Developer/Excelerator/env/lib/python3.11/site-packages/pandas/tests/indexing/common.py -> /Users/calum/Developer/Excelerator/dist/Excelerate.app/Contents/Resources/lib/python3.11/pandas/tests/indexing/common.py
copying file /Users/calum/Developer/Excelerator/env/lib/python3.11/site-packages/pandas/tests/indexing/test_coercion.py -> /Users/calum/Developer/Excelerator/dist/Excelerate.app/Contents/Resources/lib/python3.11/pandas/tests/indexing/test_coercion.py
copying file /Users/calum/Developer/Excelerator/env/lib/python3.11/site-packages/pandas/tests/indexing/test_indexers.py -> /Users/calum/Developer/Excelerator/dist/Excelerate.app/Contents/Resources/lib/python3.11/pandas/tests/indexing/test_indexers.py
copying file /Users/calum/Developer/Excelerator/env/lib/python3.11/site-packages/pandas/tests/indexing/test_scalar.py -> /Users/calum/Developer/Excelerator/dist/Excelerate.app/Contents/Resources/lib/python3.11/pandas/tests/indexing/test_scalar.py
creating /Users/calum/Developer/Excelerator/dist/Excelerate.app/Contents/Resources/lib/python3.11/pandas/tests/indexing/multiindex
copying file /Users/calum/Developer/Excelerator/env/lib/python3.11/site-packages/pandas/tests/indexing/multiindex/test_indexing_slow.py -> /Users/calum/Developer/Excelerator/dist/Excelerate.app/Contents/Resources/lib/python3.11/pandas/tests/indexing/multiindex/test_indexing_slow.py
copying file /Users/calum/Developer/Excelerator/env/lib/python3.11/site-packages/pandas/tests/indexing/multiindex/test_multiindex.py -> /Users/calum/Developer/Excelerator/dist/Excelerate.app/Contents/Resources/lib/python3.11/pandas/tests/indexing/multiindex/test_multiindex.py
copying file /Users/calum/Developer/Excelerator/env/lib/python3.11/site-packages/pandas/tests/indexing/multiindex/test_chaining_and_caching.py -> /Users/calum/Developer/Excelerator/dist/Excelerate.app/Contents/Resources/lib/python3.11/pandas/tests/indexing/multiindex/test_chaining_and_caching.py
copying file /Users/calum/Developer/Excelerator/env/lib/python3.11/site-packages/pandas/tests/indexing/multiindex/test_getitem.py -> /Users/calum/Developer/Excelerator/dist/Excelerate.app/Contents/Resources/lib/python3.11/pandas/tests/indexing/multiindex/test_getitem.py
copying file /Users/calum/Developer/Excelerator/env/lib/python3.11/site-packages/pandas/tests/indexing/multiindex/test_sorted.py -> /Users/calum/Developer/Excelerator/dist/Excelerate.app/Contents/Resources/lib/python3.11/pandas/tests/indexing/multiindex/test_sorted.py
copying file /Users/calum/Developer/Excelerator/env/lib/python3.11/site-packages/pandas/tests/indexing/multiindex/test_setitem.py -> /Users/calum/Developer/Excelerator/dist/Excelerate.app/Contents/Resources/lib/python3.11/pandas/tests/indexing/multiindex/test_setitem.py
copying file /Users/calum/Developer/Excelerator/env/lib/python3.11/site-packages/pandas/tests/indexing/multiindex/test_iloc.py -> /Users/calum/Developer/Excelerator/dist/Excelerate.app/Contents/Resources/lib/python3.11/pandas/tests/indexing/multiindex/test_iloc.py
copying file /Users/calum/Developer/Excelerator/env/lib/python3.11/site-packages/pandas/tests/indexing/multiindex/__init__.py -> /Users/calum/Developer/Excelerator/dist/Excelerate.app/Contents/Resources/lib/python3.11/pandas/tests/indexing/multiindex/__init__.py
copying file /Users/calum/Developer/Excelerator/env/lib/python3.11/site-packages/pandas/tests/indexing/multiindex/test_loc.py -> /Users/calum/Developer/Excelerator/dist/Excelerate.app/Contents/Resources/lib/python3.11/pandas/tests/indexing/multiindex/test_loc.py
creating /Users/calum/Developer/Excelerator/dist/Excelerate.app/Contents/Resources/lib/python3.11/pandas/tests/indexing/multiindex/__pycache__
copying file /Users/calum/Developer/Excelerator/env/lib/python3.11/site-packages/pandas/tests/indexing/multiindex/__pycache__/test_chaining_and_caching.cpython-311.pyc -> /Users/calum/Developer/Excelerator/dist/Excelerate.app/Contents/Resources/lib/python3.11/pandas/tests/indexing/multiindex/__pycache__/test_chaining_and_caching.cpython-311.pyc
copying file /Users/calum/Developer/Excelerator/env/lib/python3.11/site-packages/pandas/tests/indexing/multiindex/__pycache__/test_setitem.cpython-311.pyc -> /Users/calum/Developer/Excelerator/dist/Excelerate.app/Contents/Resources/lib/python3.11/pandas/tests/indexing/multiindex/__pycache__/test_setitem.cpython-311.pyc
copying file /Users/calum/Developer/Excelerator/env/lib/python3.11/site-packages/pandas/tests/indexing/multiindex/__pycache__/test_multiindex.cpython-311.pyc -> /Users/calum/Developer/Excelerator/dist/Excelerate.app/Contents/Resources/lib/python3.11/pandas/tests/indexing/multiindex/__pycache__/test_multiindex.cpython-311.pyc
copying file /Users/calum/Developer/Excelerator/env/lib/python3.11/site-packages/pandas/tests/indexing/multiindex/__pycache__/test_partial.cpython-311.pyc -> /Users/calum/Developer/Excelerator/dist/Excelerate.app/Contents/Resources/lib/python3.11/pandas/tests/indexing/multiindex/__pycache__/test_partial.cpython-311.pyc
copying file /Users/calum/Developer/Excelerator/env/lib/python3.11/site-packages/pandas/tests/indexing/multiindex/__pycache__/test_indexing_slow.cpython-311.pyc -> /Users/calum/Developer/Excelerator/dist/Excelerate.app/Contents/Resources/lib/python3.11/pandas/tests/indexing/multiindex/__pycache__/test_indexing_slow.cpython-311.pyc
copying file /Users/calum/Developer/Excelerator/env/lib/python3.11/site-packages/pandas/tests/indexing/multiindex/__pycache__/test_datetime.cpython-311.pyc -> /Users/calum/Developer/Excelerator/dist/Excelerate.app/Contents/Resources/lib/python3.11/pandas/tests/indexing/multiindex/__pycache__/test_datetime.cpython-311.pyc
copying file /Users/calum/Developer/Excelerator/env/lib/python3.11/site-packages/pandas/tests/indexing/multiindex/__pycache__/test_iloc.cpython-311.pyc -> /Users/calum/Developer/Excelerator/dist/Excelerate.app/Contents/Resources/lib/python3.11/pandas/tests/indexing/multiindex/__pycache__/test_iloc.cpython-311.pyc
copying file /Users/calum/Developer/Excelerator/env/lib/python3.11/site-packages/pandas/tests/indexing/multiindex/__pycache__/test_slice.cpython-311.pyc -> /Users/calum/Developer/Excelerator/dist/Excelerate.app/Contents/Resources/lib/python3.11/pandas/tests/indexing/multiindex/__pycache__/test_slice.cpython-311.pyc
copying file /Users/calum/Developer/Excelerator/env/lib/python3.11/site-packages/pandas/tests/indexing/multiindex/__pycache__/test_sorted.cpython-311.pyc -> /Users/calum/Developer/Excelerator/dist/Excelerate.app/Contents/Resources/lib/python3.11/pandas/tests/indexing/multiindex/__pycache__/test_sorted.cpython-311.pyc
copying file /Users/calum/Developer/Excelerator/env/lib/python3.11/site-packages/pandas/tests/indexing/multiindex/__pycache__/test_loc.cpython-311.pyc -> /Users/calum/Developer/Excelerator/dist/Excelerate.app/Contents/Resources/lib/python3.11/pandas/tests/indexing/multiindex/__pycache__/test_loc.cpython-311.pyc
copying file /Users/calum/Developer/Excelerator/env/lib/python3.11/site-packages/pandas/tests/indexing/multiindex/__pycache__/__init__.cpython-311.pyc -> /Users/calum/Developer/Excelerator/dist/Excelerate.app/Contents/Resources/lib/python3.11/pandas/tests/indexing/multiindex/__pycache__/__init__.cpython-311.pyc
copying file /Users/calum/Developer/Excelerator/env/lib/python3.11/site-packages/pandas/tests/indexing/multiindex/__pycache__/test_getitem.cpython-311.pyc -> /Users/calum/Developer/Excelerator/dist/Excelerate.app/Contents/Resources/lib/python3.11/pandas/tests/indexing/multiindex/__pycache__/test_getitem.cpython-311.pyc
copying file /Users/calum/Developer/Excelerator/env/lib/python3.11/site-packages/pandas/tests/indexing/multiindex/test_datetime.py -> /Users/calum/Developer/Excelerator/dist/Excelerate.app/Contents/Resources/lib/python3.11/pandas/tests/indexing/multiindex/test_datetime.py
copying file /Users/calum/Developer/Excelerator/env/lib/python3.11/site-packages/pandas/tests/indexing/multiindex/test_slice.py -> /Users/calum/Developer/Excelerator/dist/Excelerate.app/Contents/Resources/lib/python3.11/pandas/tests/indexing/multiindex/test_slice.py
copying file /Users/calum/Developer/Excelerator/env/lib/python3.11/site-packages/pandas/tests/indexing/multiindex/test_partial.py -> /Users/calum/Developer/Excelerator/dist/Excelerate.app/Contents/Resources/lib/python3.11/pandas/tests/indexing/multiindex/test_partial.py
copying file /Users/calum/Developer/Excelerator/env/lib/python3.11/site-packages/pandas/tests/indexing/test_partial.py -> /Users/calum/Developer/Excelerator/dist/Excelerate.app/Contents/Resources/lib/python3.11/pandas/tests/indexing/test_partial.py
creating /Users/calum/Developer/Excelerator/dist/Excelerate.app/Contents/Resources/lib/python3.11/pandas/tests/reductions
copying file /Users/calum/Developer/Excelerator/env/lib/python3.11/site-packages/pandas/tests/reductions/test_stat_reductions.py -> /Users/calum/Developer/Excelerator/dist/Excelerate.app/Contents/Resources/lib/python3.11/pandas/tests/reductions/test_stat_reductions.py
copying file /Users/calum/Developer/Excelerator/env/lib/python3.11/site-packages/pandas/tests/reductions/test_reductions.py -> /Users/calum/Developer/Excelerator/dist/Excelerate.app/Contents/Resources/lib/python3.11/pandas/tests/reductions/test_reductions.py
copying file /Users/calum/Developer/Excelerator/env/lib/python3.11/site-packages/pandas/tests/reductions/__init__.py -> /Users/calum/Developer/Excelerator/dist/Excelerate.app/Contents/Resources/lib/python3.11/pandas/tests/reductions/__init__.py
creating /Users/calum/Developer/Excelerator/dist/Excelerate.app/Contents/Resources/lib/python3.11/pandas/tests/reductions/__pycache__
copying file /Users/calum/Developer/Excelerator/env/lib/python3.11/site-packages/pandas/tests/reductions/__pycache__/test_reductions.cpython-311.pyc -> /Users/calum/Developer/Excelerator/dist/Excelerate.app/Contents/Resources/lib/python3.11/pandas/tests/reductions/__pycache__/test_reductions.cpython-311.pyc
copying file /Users/calum/Developer/Excelerator/env/lib/python3.11/site-packages/pandas/tests/reductions/__pycache__/test_stat_reductions.cpython-311.pyc -> /Users/calum/Developer/Excelerator/dist/Excelerate.app/Contents/Resources/lib/python3.11/pandas/tests/reductions/__pycache__/test_stat_reductions.cpython-311.pyc
copying file /Users/calum/Developer/Excelerator/env/lib/python3.11/site-packages/pandas/tests/reductions/__pycache__/__init__.cpython-311.pyc -> /Users/calum/Developer/Excelerator/dist/Excelerate.app/Contents/Resources/lib/python3.11/pandas/tests/reductions/__pycache__/__init__.cpython-311.pyc
creating /Users/calum/Developer/Excelerator/dist/Excelerate.app/Contents/Resources/lib/python3.11/pandas/tests/scalar
copying file /Users/calum/Developer/Excelerator/env/lib/python3.11/site-packages/pandas/tests/scalar/test_nat.py -> /Users/calum/Developer/Excelerator/dist/Excelerate.app/Contents/Resources/lib/python3.11/pandas/tests/scalar/test_nat.py
creating /Users/calum/Developer/Excelerator/dist/Excelerate.app/Contents/Resources/lib/python3.11/pandas/tests/scalar/interval
copying file /Users/calum/Developer/Excelerator/env/lib/python3.11/site-packages/pandas/tests/scalar/interval/test_overlaps.py -> /Users/calum/Developer/Excelerator/dist/Excelerate.app/Contents/Resources/lib/python3.11/pandas/tests/scalar/interval/test_overlaps.py
copying file /Users/calum/Developer/Excelerator/env/lib/python3.11/site-packages/pandas/tests/scalar/interval/test_constructors.py -> /Users/calum/Developer/Excelerator/dist/Excelerate.app/Contents/Resources/lib/python3.11/pandas/tests/scalar/interval/test_constructors.py
copying file /Users/calum/Developer/Excelerator/env/lib/python3.11/site-packages/pandas/tests/scalar/interval/__init__.py -> /Users/calum/Developer/Excelerator/dist/Excelerate.app/Contents/Resources/lib/python3.11/pandas/tests/scalar/interval/__init__.py
creating /Users/calum/Developer/Excelerator/dist/Excelerate.app/Contents/Resources/lib/python3.11/pandas/tests/scalar/interval/__pycache__
copying file /Users/calum/Developer/Excelerator/env/lib/python3.11/site-packages/pandas/tests/scalar/interval/__pycache__/test_arithmetic.cpython-311.pyc -> /Users/calum/Developer/Excelerator/dist/Excelerate.app/Contents/Resources/lib/python3.11/pandas/tests/scalar/interval/__pycache__/test_arithmetic.cpython-311.pyc
copying file /Users/calum/Developer/Excelerator/env/lib/python3.11/site-packages/pandas/tests/scalar/interval/__pycache__/test_overlaps.cpython-311.pyc -> /Users/calum/Developer/Excelerator/dist/Excelerate.app/Contents/Resources/lib/python3.11/pandas/tests/scalar/interval/__pycache__/test_overlaps.cpython-311.pyc
copying file /Users/calum/Developer/Excelerator/env/lib/python3.11/site-packages/pandas/tests/scalar/interval/__pycache__/test_interval.cpython-311.pyc -> /Users/calum/Developer/Excelerator/dist/Excelerate.app/Contents/Resources/lib/python3.11/pandas/tests/scalar/interval/__pycache__/test_interval.cpython-311.pyc
copying file /Users/calum/Developer/Excelerator/env/lib/python3.11/site-packages/pandas/tests/scalar/interval/__pycache__/test_constructors.cpython-311.pyc -> /Users/calum/Developer/Excelerator/dist/Excelerate.app/Contents/Resources/lib/python3.11/pandas/tests/scalar/interval/__pycache__/test_constructors.cpython-311.pyc
copying file /Users/calum/Developer/Excelerator/env/lib/python3.11/site-packages/pandas/tests/scalar/interval/__pycache__/test_formats.cpython-311.pyc -> /Users/calum/Developer/Excelerator/dist/Excelerate.app/Contents/Resources/lib/python3.11/pandas/tests/scalar/interval/__pycache__/test_formats.cpython-311.pyc
copying file /Users/calum/Developer/Excelerator/env/lib/python3.11/site-packages/pandas/tests/scalar/interval/__pycache__/test_contains.cpython-311.pyc -> /Users/calum/Developer/Excelerator/dist/Excelerate.app/Contents/Resources/lib/python3.11/pandas/tests/scalar/interval/__pycache__/test_contains.cpython-311.pyc
copying file /Users/calum/Developer/Excelerator/env/lib/python3.11/site-packages/pandas/tests/scalar/interval/__pycache__/__init__.cpython-311.pyc -> /Users/calum/Developer/Excelerator/dist/Excelerate.app/Contents/Resources/lib/python3.11/pandas/tests/scalar/interval/__pycache__/__init__.cpython-311.pyc
copying file /Users/calum/Developer/Excelerator/env/lib/python3.11/site-packages/pandas/tests/scalar/interval/test_interval.py -> /Users/calum/Developer/Excelerator/dist/Excelerate.app/Contents/Resources/lib/python3.11/pandas/tests/scalar/interval/test_interval.py
copying file /Users/calum/Developer/Excelerator/env/lib/python3.11/site-packages/pandas/tests/scalar/interval/test_formats.py -> /Users/calum/Developer/Excelerator/dist/Excelerate.app/Contents/Resources/lib/python3.11/pandas/tests/scalar/interval/test_formats.py
copying file /Users/calum/Developer/Excelerator/env/lib/python3.11/site-packages/pandas/tests/scalar/interval/test_contains.py -> /Users/calum/Developer/Excelerator/dist/Excelerate.app/Contents/Resources/lib/python3.11/pandas/tests/scalar/interval/test_contains.py
copying file /Users/calum/Developer/Excelerator/env/lib/python3.11/site-packages/pandas/tests/scalar/interval/test_arithmetic.py -> /Users/calum/Developer/Excelerator/dist/Excelerate.app/Contents/Resources/lib/python3.11/pandas/tests/scalar/interval/test_arithmetic.py
creating /Users/calum/Developer/Excelerator/dist/Excelerate.app/Contents/Resources/lib/python3.11/pandas/tests/scalar/timedelta
creating /Users/calum/Developer/Excelerator/dist/Excelerate.app/Contents/Resources/lib/python3.11/pandas/tests/scalar/timedelta/methods
copying file /Users/calum/Developer/Excelerator/env/lib/python3.11/site-packages/pandas/tests/scalar/timedelta/methods/test_round.py -> /Users/calum/Developer/Excelerator/dist/Excelerate.app/Contents/Resources/lib/python3.11/pandas/tests/scalar/timedelta/methods/test_round.py
copying file /Users/calum/Developer/Excelerator/env/lib/python3.11/site-packages/pandas/tests/scalar/timedelta/methods/__init__.py -> /Users/calum/Developer/Excelerator/dist/Excelerate.app/Contents/Resources/lib/python3.11/pandas/tests/scalar/timedelta/methods/__init__.py
creating /Users/calum/Developer/Excelerator/dist/Excelerate.app/Contents/Resources/lib/python3.11/pandas/tests/scalar/timedelta/methods/__pycache__
copying file /Users/calum/Developer/Excelerator/env/lib/python3.11/site-packages/pandas/tests/scalar/timedelta/methods/__pycache__/test_round.cpython-311.pyc -> /Users/calum/Developer/Excelerator/dist/Excelerate.app/Contents/Resources/lib/python3.11/pandas/tests/scalar/timedelta/methods/__pycache__/test_round.cpython-311.pyc
copying file /Users/calum/Developer/Excelerator/env/lib/python3.11/site-packages/pandas/tests/scalar/timedelta/methods/__pycache__/test_as_unit.cpython-311.pyc -> /Users/calum/Developer/Excelerator/dist/Excelerate.app/Contents/Resources/lib/python3.11/pandas/tests/scalar/timedelta/methods/__pycache__/test_as_unit.cpython-311.pyc
copying file /Users/calum/Developer/Excelerator/env/lib/python3.11/site-packages/pandas/tests/scalar/timedelta/methods/__pycache__/__init__.cpython-311.pyc -> /Users/calum/Developer/Excelerator/dist/Excelerate.app/Contents/Resources/lib/python3.11/pandas/tests/scalar/timedelta/methods/__pycache__/__init__.cpython-311.pyc
copying file /Users/calum/Developer/Excelerator/env/lib/python3.11/site-packages/pandas/tests/scalar/timedelta/methods/test_as_unit.py -> /Users/calum/Developer/Excelerator/dist/Excelerate.app/Contents/Resources/lib/python3.11/pandas/tests/scalar/timedelta/methods/test_as_unit.py
copying file /Users/calum/Developer/Excelerator/env/lib/python3.11/site-packages/pandas/tests/scalar/timedelta/test_constructors.py -> /Users/calum/Developer/Excelerator/dist/Excelerate.app/Contents/Resources/lib/python3.11/pandas/tests/scalar/timedelta/test_constructors.py
copying file /Users/calum/Developer/Excelerator/env/lib/python3.11/site-packages/pandas/tests/scalar/timedelta/__init__.py -> /Users/calum/Developer/Excelerator/dist/Excelerate.app/Contents/Resources/lib/python3.11/pandas/tests/scalar/timedelta/__init__.py
creating /Users/calum/Developer/Excelerator/dist/Excelerate.app/Contents/Resources/lib/python3.11/pandas/tests/scalar/timedelta/__pycache__
copying file /Users/calum/Developer/Excelerator/env/lib/python3.11/site-packages/pandas/tests/scalar/timedelta/__pycache__/test_arithmetic.cpython-311.pyc -> /Users/calum/Developer/Excelerator/dist/Excelerate.app/Contents/Resources/lib/python3.11/pandas/tests/scalar/timedelta/__pycache__/test_arithmetic.cpython-311.pyc
copying file /Users/calum/Developer/Excelerator/env/lib/python3.11/site-packages/pandas/tests/scalar/timedelta/__pycache__/test_timedelta.cpython-311.pyc -> /Users/calum/Developer/Excelerator/dist/Excelerate.app/Contents/Resources/lib/python3.11/pandas/tests/scalar/timedelta/__pycache__/test_timedelta.cpython-311.pyc
copying file /Users/calum/Developer/Excelerator/env/lib/python3.11/site-packages/pandas/tests/scalar/timedelta/__pycache__/test_constructors.cpython-311.pyc -> /Users/calum/Developer/Excelerator/dist/Excelerate.app/Contents/Resources/lib/python3.11/pandas/tests/scalar/timedelta/__pycache__/test_constructors.cpython-311.pyc
copying file /Users/calum/Developer/Excelerator/env/lib/python3.11/site-packages/pandas/tests/scalar/timedelta/__pycache__/test_formats.cpython-311.pyc -> /Users/calum/Developer/Excelerator/dist/Excelerate.app/Contents/Resources/lib/python3.11/pandas/tests/scalar/timedelta/__pycache__/test_formats.cpython-311.pyc
copying file /Users/calum/Developer/Excelerator/env/lib/python3.11/site-packages/pandas/tests/scalar/timedelta/__pycache__/__init__.cpython-311.pyc -> /Users/calum/Developer/Excelerator/dist/Excelerate.app/Contents/Resources/lib/python3.11/pandas/tests/scalar/timedelta/__pycache__/__init__.cpython-311.pyc
copying file /Users/calum/Developer/Excelerator/env/lib/python3.11/site-packages/pandas/tests/scalar/timedelta/test_timedelta.py -> /Users/calum/Developer/Excelerator/dist/Excelerate.app/Contents/Resources/lib/python3.11/pandas/tests/scalar/timedelta/test_timedelta.py
copying file /Users/calum/Developer/Excelerator/env/lib/python3.11/site-packages/pandas/tests/scalar/timedelta/test_formats.py -> /Users/calum/Developer/Excelerator/dist/Excelerate.app/Contents/Resources/lib/python3.11/pandas/tests/scalar/timedelta/test_formats.py
copying file /Users/calum/Developer/Excelerator/env/lib/python3.11/site-packages/pandas/tests/scalar/timedelta/test_arithmetic.py -> /Users/calum/Developer/Excelerator/dist/Excelerate.app/Contents/Resources/lib/python3.11/pandas/tests/scalar/timedelta/test_arithmetic.py
copying file /Users/calum/Developer/Excelerator/env/lib/python3.11/site-packages/pandas/tests/scalar/__init__.py -> /Users/calum/Developer/Excelerator/dist/Excelerate.app/Contents/Resources/lib/python3.11/pandas/tests/scalar/__init__.py
creating /Users/calum/Developer/Excelerator/dist/Excelerate.app/Contents/Resources/lib/python3.11/pandas/tests/scalar/period
copying file /Users/calum/Developer/Excelerator/env/lib/python3.11/site-packages/pandas/tests/scalar/period/test_period.py -> /Users/calum/Developer/Excelerator/dist/Excelerate.app/Contents/Resources/lib/python3.11/pandas/tests/scalar/period/test_period.py
copying file /Users/calum/Developer/Excelerator/env/lib/python3.11/site-packages/pandas/tests/scalar/period/__init__.py -> /Users/calum/Developer/Excelerator/dist/Excelerate.app/Contents/Resources/lib/python3.11/pandas/tests/scalar/period/__init__.py
creating /Users/calum/Developer/Excelerator/dist/Excelerate.app/Contents/Resources/lib/python3.11/pandas/tests/scalar/period/__pycache__
copying file /Users/calum/Developer/Excelerator/env/lib/python3.11/site-packages/pandas/tests/scalar/period/__pycache__/test_arithmetic.cpython-311.pyc -> /Users/calum/Developer/Excelerator/dist/Excelerate.app/Contents/Resources/lib/python3.11/pandas/tests/scalar/period/__pycache__/test_arithmetic.cpython-311.pyc
copying file /Users/calum/Developer/Excelerator/env/lib/python3.11/site-packages/pandas/tests/scalar/period/__pycache__/test_asfreq.cpython-311.pyc -> /Users/calum/Developer/Excelerator/dist/Excelerate.app/Contents/Resources/lib/python3.11/pandas/tests/scalar/period/__pycache__/test_asfreq.cpython-311.pyc
copying file /Users/calum/Developer/Excelerator/env/lib/python3.11/site-packages/pandas/tests/scalar/period/__pycache__/test_period.cpython-311.pyc -> /Users/calum/Developer/Excelerator/dist/Excelerate.app/Contents/Resources/lib/python3.11/pandas/tests/scalar/period/__pycache__/test_period.cpython-311.pyc
copying file /Users/calum/Developer/Excelerator/env/lib/python3.11/site-packages/pandas/tests/scalar/period/__pycache__/__init__.cpython-311.pyc -> /Users/calum/Developer/Excelerator/dist/Excelerate.app/Contents/Resources/lib/python3.11/pandas/tests/scalar/period/__pycache__/__init__.cpython-311.pyc
copying file /Users/calum/Developer/Excelerator/env/lib/python3.11/site-packages/pandas/tests/scalar/period/test_arithmetic.py -> /Users/calum/Developer/Excelerator/dist/Excelerate.app/Contents/Resources/lib/python3.11/pandas/tests/scalar/period/test_arithmetic.py
copying file /Users/calum/Developer/Excelerator/env/lib/python3.11/site-packages/pandas/tests/scalar/period/test_asfreq.py -> /Users/calum/Developer/Excelerator/dist/Excelerate.app/Contents/Resources/lib/python3.11/pandas/tests/scalar/period/test_asfreq.py
creating /Users/calum/Developer/Excelerator/dist/Excelerate.app/Contents/Resources/lib/python3.11/pandas/tests/scalar/__pycache__
copying file /Users/calum/Developer/Excelerator/env/lib/python3.11/site-packages/pandas/tests/scalar/__pycache__/test_nat.cpython-311.pyc -> /Users/calum/Developer/Excelerator/dist/Excelerate.app/Contents/Resources/lib/python3.11/pandas/tests/scalar/__pycache__/test_nat.cpython-311.pyc
copying file /Users/calum/Developer/Excelerator/env/lib/python3.11/site-packages/pandas/tests/scalar/__pycache__/test_na_scalar.cpython-311.pyc -> /Users/calum/Developer/Excelerator/dist/Excelerate.app/Contents/Resources/lib/python3.11/pandas/tests/scalar/__pycache__/test_na_scalar.cpython-311.pyc
copying file /Users/calum/Developer/Excelerator/env/lib/python3.11/site-packages/pandas/tests/scalar/__pycache__/__init__.cpython-311.pyc -> /Users/calum/Developer/Excelerator/dist/Excelerate.app/Contents/Resources/lib/python3.11/pandas/tests/scalar/__pycache__/__init__.cpython-311.pyc
copying file /Users/calum/Developer/Excelerator/env/lib/python3.11/site-packages/pandas/tests/scalar/test_na_scalar.py -> /Users/calum/Developer/Excelerator/dist/Excelerate.app/Contents/Resources/lib/python3.11/pandas/tests/scalar/test_na_scalar.py
creating /Users/calum/Developer/Excelerator/dist/Excelerate.app/Contents/Resources/lib/python3.11/pandas/tests/scalar/timestamp
creating /Users/calum/Developer/Excelerator/dist/Excelerate.app/Contents/Resources/lib/python3.11/pandas/tests/scalar/timestamp/methods
copying file /Users/calum/Developer/Excelerator/env/lib/python3.11/site-packages/pandas/tests/scalar/timestamp/methods/test_to_julian_date.py -> /Users/calum/Developer/Excelerator/dist/Excelerate.app/Contents/Resources/lib/python3.11/pandas/tests/scalar/timestamp/methods/test_to_julian_date.py
copying file /Users/calum/Developer/Excelerator/env/lib/python3.11/site-packages/pandas/tests/scalar/timestamp/methods/test_round.py -> /Users/calum/Developer/Excelerator/dist/Excelerate.app/Contents/Resources/lib/python3.11/pandas/tests/scalar/timestamp/methods/test_round.py
copying file /Users/calum/Developer/Excelerator/env/lib/python3.11/site-packages/pandas/tests/scalar/timestamp/methods/test_timestamp_method.py -> /Users/calum/Developer/Excelerator/dist/Excelerate.app/Contents/Resources/lib/python3.11/pandas/tests/scalar/timestamp/methods/test_timestamp_method.py
copying file /Users/calum/Developer/Excelerator/env/lib/python3.11/site-packages/pandas/tests/scalar/timestamp/methods/test_to_pydatetime.py -> /Users/calum/Developer/Excelerator/dist/Excelerate.app/Contents/Resources/lib/python3.11/pandas/tests/scalar/timestamp/methods/test_to_pydatetime.py
copying file /Users/calum/Developer/Excelerator/env/lib/python3.11/site-packages/pandas/tests/scalar/timestamp/methods/__init__.py -> /Users/calum/Developer/Excelerator/dist/Excelerate.app/Contents/Resources/lib/python3.11/pandas/tests/scalar/timestamp/methods/__init__.py
creating /Users/calum/Developer/Excelerator/dist/Excelerate.app/Contents/Resources/lib/python3.11/pandas/tests/scalar/timestamp/methods/__pycache__
copying file /Users/calum/Developer/Excelerator/env/lib/python3.11/site-packages/pandas/tests/scalar/timestamp/methods/__pycache__/test_to_pydatetime.cpython-311.pyc -> /Users/calum/Developer/Excelerator/dist/Excelerate.app/Contents/Resources/lib/python3.11/pandas/tests/scalar/timestamp/methods/__pycache__/test_to_pydatetime.cpython-311.pyc
copying file /Users/calum/Developer/Excelerator/env/lib/python3.11/site-packages/pandas/tests/scalar/timestamp/methods/__pycache__/test_round.cpython-311.pyc -> /Users/calum/Developer/Excelerator/dist/Excelerate.app/Contents/Resources/lib/python3.11/pandas/tests/scalar/timestamp/methods/__pycache__/test_round.cpython-311.pyc
copying file /Users/calum/Developer/Excelerator/env/lib/python3.11/site-packages/pandas/tests/scalar/timestamp/methods/__pycache__/test_normalize.cpython-311.pyc -> /Users/calum/Developer/Excelerator/dist/Excelerate.app/Contents/Resources/lib/python3.11/pandas/tests/scalar/timestamp/methods/__pycache__/test_normalize.cpython-311.pyc
copying file /Users/calum/Developer/Excelerator/env/lib/python3.11/site-packages/pandas/tests/scalar/timestamp/methods/__pycache__/test_timestamp_method.cpython-311.pyc -> /Users/calum/Developer/Excelerator/dist/Excelerate.app/Contents/Resources/lib/python3.11/pandas/tests/scalar/timestamp/methods/__pycache__/test_timestamp_method.cpython-311.pyc
copying file /Users/calum/Developer/Excelerator/env/lib/python3.11/site-packages/pandas/tests/scalar/timestamp/methods/__pycache__/test_to_julian_date.cpython-311.pyc -> /Users/calum/Developer/Excelerator/dist/Excelerate.app/Contents/Resources/lib/python3.11/pandas/tests/scalar/timestamp/methods/__pycache__/test_to_julian_date.cpython-311.pyc
copying file /Users/calum/Developer/Excelerator/env/lib/python3.11/site-packages/pandas/tests/scalar/timestamp/methods/__pycache__/test_tz_convert.cpython-311.pyc -> /Users/calum/Developer/Excelerator/dist/Excelerate.app/Contents/Resources/lib/python3.11/pandas/tests/scalar/timestamp/methods/__pycache__/test_tz_convert.cpython-311.pyc
copying file /Users/calum/Developer/Excelerator/env/lib/python3.11/site-packages/pandas/tests/scalar/timestamp/methods/__pycache__/test_tz_localize.cpython-311.pyc -> /Users/calum/Developer/Excelerator/dist/Excelerate.app/Contents/Resources/lib/python3.11/pandas/tests/scalar/timestamp/methods/__pycache__/test_tz_localize.cpython-311.pyc
copying file /Users/calum/Developer/Excelerator/env/lib/python3.11/site-packages/pandas/tests/scalar/timestamp/methods/__pycache__/test_as_unit.cpython-311.pyc -> /Users/calum/Developer/Excelerator/dist/Excelerate.app/Contents/Resources/lib/python3.11/pandas/tests/scalar/timestamp/methods/__pycache__/test_as_unit.cpython-311.pyc
copying file /Users/calum/Developer/Excelerator/env/lib/python3.11/site-packages/pandas/tests/scalar/timestamp/methods/__pycache__/__init__.cpython-311.pyc -> /Users/calum/Developer/Excelerator/dist/Excelerate.app/Contents/Resources/lib/python3.11/pandas/tests/scalar/timestamp/methods/__pycache__/__init__.cpython-311.pyc
copying file /Users/calum/Developer/Excelerator/env/lib/python3.11/site-packages/pandas/tests/scalar/timestamp/methods/__pycache__/test_replace.cpython-311.pyc -> /Users/calum/Developer/Excelerator/dist/Excelerate.app/Contents/Resources/lib/python3.11/pandas/tests/scalar/timestamp/methods/__pycache__/test_replace.cpython-311.pyc
copying file /Users/calum/Developer/Excelerator/env/lib/python3.11/site-packages/pandas/tests/scalar/timestamp/methods/test_tz_localize.py -> /Users/calum/Developer/Excelerator/dist/Excelerate.app/Contents/Resources/lib/python3.11/pandas/tests/scalar/timestamp/methods/test_tz_localize.py
copying file /Users/calum/Developer/Excelerator/env/lib/python3.11/site-packages/pandas/tests/scalar/timestamp/methods/test_as_unit.py -> /Users/calum/Developer/Excelerator/dist/Excelerate.app/Contents/Resources/lib/python3.11/pandas/tests/scalar/timestamp/methods/test_as_unit.py
copying file /Users/calum/Developer/Excelerator/env/lib/python3.11/site-packages/pandas/tests/scalar/timestamp/methods/test_replace.py -> /Users/calum/Developer/Excelerator/dist/Excelerate.app/Contents/Resources/lib/python3.11/pandas/tests/scalar/timestamp/methods/test_replace.py
copying file /Users/calum/Developer/Excelerator/env/lib/python3.11/site-packages/pandas/tests/scalar/timestamp/methods/test_normalize.py -> /Users/calum/Developer/Excelerator/dist/Excelerate.app/Contents/Resources/lib/python3.11/pandas/tests/scalar/timestamp/methods/test_normalize.py
copying file /Users/calum/Developer/Excelerator/env/lib/python3.11/site-packages/pandas/tests/scalar/timestamp/methods/test_tz_convert.py -> /Users/calum/Developer/Excelerator/dist/Excelerate.app/Contents/Resources/lib/python3.11/pandas/tests/scalar/timestamp/methods/test_tz_convert.py
copying file /Users/calum/Developer/Excelerator/env/lib/python3.11/site-packages/pandas/tests/scalar/timestamp/test_constructors.py -> /Users/calum/Developer/Excelerator/dist/Excelerate.app/Contents/Resources/lib/python3.11/pandas/tests/scalar/timestamp/test_constructors.py
copying file /Users/calum/Developer/Excelerator/env/lib/python3.11/site-packages/pandas/tests/scalar/timestamp/test_timezones.py -> /Users/calum/Developer/Excelerator/dist/Excelerate.app/Contents/Resources/lib/python3.11/pandas/tests/scalar/timestamp/test_timezones.py
copying file /Users/calum/Developer/Excelerator/env/lib/python3.11/site-packages/pandas/tests/scalar/timestamp/test_timestamp.py -> /Users/calum/Developer/Excelerator/dist/Excelerate.app/Contents/Resources/lib/python3.11/pandas/tests/scalar/timestamp/test_timestamp.py
copying file /Users/calum/Developer/Excelerator/env/lib/python3.11/site-packages/pandas/tests/scalar/timestamp/__init__.py -> /Users/calum/Developer/Excelerator/dist/Excelerate.app/Contents/Resources/lib/python3.11/pandas/tests/scalar/timestamp/__init__.py
creating /Users/calum/Developer/Excelerator/dist/Excelerate.app/Contents/Resources/lib/python3.11/pandas/tests/scalar/timestamp/__pycache__
copying file /Users/calum/Developer/Excelerator/env/lib/python3.11/site-packages/pandas/tests/scalar/timestamp/__pycache__/test_arithmetic.cpython-311.pyc -> /Users/calum/Developer/Excelerator/dist/Excelerate.app/Contents/Resources/lib/python3.11/pandas/tests/scalar/timestamp/__pycache__/test_arithmetic.cpython-311.pyc
copying file /Users/calum/Developer/Excelerator/env/lib/python3.11/site-packages/pandas/tests/scalar/timestamp/__pycache__/test_timezones.cpython-311.pyc -> /Users/calum/Developer/Excelerator/dist/Excelerate.app/Contents/Resources/lib/python3.11/pandas/tests/scalar/timestamp/__pycache__/test_timezones.cpython-311.pyc
copying file /Users/calum/Developer/Excelerator/env/lib/python3.11/site-packages/pandas/tests/scalar/timestamp/__pycache__/test_constructors.cpython-311.pyc -> /Users/calum/Developer/Excelerator/dist/Excelerate.app/Contents/Resources/lib/python3.11/pandas/tests/scalar/timestamp/__pycache__/test_constructors.cpython-311.pyc
copying file /Users/calum/Developer/Excelerator/env/lib/python3.11/site-packages/pandas/tests/scalar/timestamp/__pycache__/test_formats.cpython-311.pyc -> /Users/calum/Developer/Excelerator/dist/Excelerate.app/Contents/Resources/lib/python3.11/pandas/tests/scalar/timestamp/__pycache__/test_formats.cpython-311.pyc
copying file /Users/calum/Developer/Excelerator/env/lib/python3.11/site-packages/pandas/tests/scalar/timestamp/__pycache__/test_comparisons.cpython-311.pyc -> /Users/calum/Developer/Excelerator/dist/Excelerate.app/Contents/Resources/lib/python3.11/pandas/tests/scalar/timestamp/__pycache__/test_comparisons.cpython-311.pyc
copying file /Users/calum/Developer/Excelerator/env/lib/python3.11/site-packages/pandas/tests/scalar/timestamp/__pycache__/test_timestamp.cpython-311.pyc -> /Users/calum/Developer/Excelerator/dist/Excelerate.app/Contents/Resources/lib/python3.11/pandas/tests/scalar/timestamp/__pycache__/test_timestamp.cpython-311.pyc
copying file /Users/calum/Developer/Excelerator/env/lib/python3.11/site-packages/pandas/tests/scalar/timestamp/__pycache__/__init__.cpython-311.pyc -> /Users/calum/Developer/Excelerator/dist/Excelerate.app/Contents/Resources/lib/python3.11/pandas/tests/scalar/timestamp/__pycache__/__init__.cpython-311.pyc
copying file /Users/calum/Developer/Excelerator/env/lib/python3.11/site-packages/pandas/tests/scalar/timestamp/test_comparisons.py -> /Users/calum/Developer/Excelerator/dist/Excelerate.app/Contents/Resources/lib/python3.11/pandas/tests/scalar/timestamp/test_comparisons.py
copying file /Users/calum/Developer/Excelerator/env/lib/python3.11/site-packages/pandas/tests/scalar/timestamp/test_formats.py -> /Users/calum/Developer/Excelerator/dist/Excelerate.app/Contents/Resources/lib/python3.11/pandas/tests/scalar/timestamp/test_formats.py
copying file /Users/calum/Developer/Excelerator/env/lib/python3.11/site-packages/pandas/tests/scalar/timestamp/test_arithmetic.py -> /Users/calum/Developer/Excelerator/dist/Excelerate.app/Contents/Resources/lib/python3.11/pandas/tests/scalar/timestamp/test_arithmetic.py
creating /Users/calum/Developer/Excelerator/dist/Excelerate.app/Contents/Resources/lib/python3.11/pandas/tests/base
copying file /Users/calum/Developer/Excelerator/env/lib/python3.11/site-packages/pandas/tests/base/test_value_counts.py -> /Users/calum/Developer/Excelerator/dist/Excelerate.app/Contents/Resources/lib/python3.11/pandas/tests/base/test_value_counts.py
copying file /Users/calum/Developer/Excelerator/env/lib/python3.11/site-packages/pandas/tests/base/test_misc.py -> /Users/calum/Developer/Excelerator/dist/Excelerate.app/Contents/Resources/lib/python3.11/pandas/tests/base/test_misc.py
copying file /Users/calum/Developer/Excelerator/env/lib/python3.11/site-packages/pandas/tests/base/test_transpose.py -> /Users/calum/Developer/Excelerator/dist/Excelerate.app/Contents/Resources/lib/python3.11/pandas/tests/base/test_transpose.py
copying file /Users/calum/Developer/Excelerator/env/lib/python3.11/site-packages/pandas/tests/base/test_constructors.py -> /Users/calum/Developer/Excelerator/dist/Excelerate.app/Contents/Resources/lib/python3.11/pandas/tests/base/test_constructors.py
copying file /Users/calum/Developer/Excelerator/env/lib/python3.11/site-packages/pandas/tests/base/__init__.py -> /Users/calum/Developer/Excelerator/dist/Excelerate.app/Contents/Resources/lib/python3.11/pandas/tests/base/__init__.py
creating /Users/calum/Developer/Excelerator/dist/Excelerate.app/Contents/Resources/lib/python3.11/pandas/tests/base/__pycache__
copying file /Users/calum/Developer/Excelerator/env/lib/python3.11/site-packages/pandas/tests/base/__pycache__/test_value_counts.cpython-311.pyc -> /Users/calum/Developer/Excelerator/dist/Excelerate.app/Contents/Resources/lib/python3.11/pandas/tests/base/__pycache__/test_value_counts.cpython-311.pyc
copying file /Users/calum/Developer/Excelerator/env/lib/python3.11/site-packages/pandas/tests/base/__pycache__/common.cpython-311.pyc -> /Users/calum/Developer/Excelerator/dist/Excelerate.app/Contents/Resources/lib/python3.11/pandas/tests/base/__pycache__/common.cpython-311.pyc
copying file /Users/calum/Developer/Excelerator/env/lib/python3.11/site-packages/pandas/tests/base/__pycache__/test_transpose.cpython-311.pyc -> /Users/calum/Developer/Excelerator/dist/Excelerate.app/Contents/Resources/lib/python3.11/pandas/tests/base/__pycache__/test_transpose.cpython-311.pyc
copying file /Users/calum/Developer/Excelerator/env/lib/python3.11/site-packages/pandas/tests/base/__pycache__/test_unique.cpython-311.pyc -> /Users/calum/Developer/Excelerator/dist/Excelerate.app/Contents/Resources/lib/python3.11/pandas/tests/base/__pycache__/test_unique.cpython-311.pyc
copying file /Users/calum/Developer/Excelerator/env/lib/python3.11/site-packages/pandas/tests/base/__pycache__/test_constructors.cpython-311.pyc -> /Users/calum/Developer/Excelerator/dist/Excelerate.app/Contents/Resources/lib/python3.11/pandas/tests/base/__pycache__/test_constructors.cpython-311.pyc
copying file /Users/calum/Developer/Excelerator/env/lib/python3.11/site-packages/pandas/tests/base/__pycache__/test_fillna.cpython-311.pyc -> /Users/calum/Developer/Excelerator/dist/Excelerate.app/Contents/Resources/lib/python3.11/pandas/tests/base/__pycache__/test_fillna.cpython-311.pyc
copying file /Users/calum/Developer/Excelerator/env/lib/python3.11/site-packages/pandas/tests/base/__pycache__/test_conversion.cpython-311.pyc -> /Users/calum/Developer/Excelerator/dist/Excelerate.app/Contents/Resources/lib/python3.11/pandas/tests/base/__pycache__/test_conversion.cpython-311.pyc
copying file /Users/calum/Developer/Excelerator/env/lib/python3.11/site-packages/pandas/tests/base/__pycache__/test_misc.cpython-311.pyc -> /Users/calum/Developer/Excelerator/dist/Excelerate.app/Contents/Resources/lib/python3.11/pandas/tests/base/__pycache__/test_misc.cpython-311.pyc
copying file /Users/calum/Developer/Excelerator/env/lib/python3.11/site-packages/pandas/tests/base/__pycache__/__init__.cpython-311.pyc -> /Users/calum/Developer/Excelerator/dist/Excelerate.app/Contents/Resources/lib/python3.11/pandas/tests/base/__pycache__/__init__.cpython-311.pyc
copying file /Users/calum/Developer/Excelerator/env/lib/python3.11/site-packages/pandas/tests/base/test_conversion.py -> /Users/calum/Developer/Excelerator/dist/Excelerate.app/Contents/Resources/lib/python3.11/pandas/tests/base/test_conversion.py
copying file /Users/calum/Developer/Excelerator/env/lib/python3.11/site-packages/pandas/tests/base/common.py -> /Users/calum/Developer/Excelerator/dist/Excelerate.app/Contents/Resources/lib/python3.11/pandas/tests/base/common.py
copying file /Users/calum/Developer/Excelerator/env/lib/python3.11/site-packages/pandas/tests/base/test_fillna.py -> /Users/calum/Developer/Excelerator/dist/Excelerate.app/Contents/Resources/lib/python3.11/pandas/tests/base/test_fillna.py
copying file /Users/calum/Developer/Excelerator/env/lib/python3.11/site-packages/pandas/tests/base/test_unique.py -> /Users/calum/Developer/Excelerator/dist/Excelerate.app/Contents/Resources/lib/python3.11/pandas/tests/base/test_unique.py
creating /Users/calum/Developer/Excelerator/dist/Excelerate.app/Contents/Resources/lib/python3.11/pandas/tests/indexes
creating /Users/calum/Developer/Excelerator/dist/Excelerate.app/Contents/Resources/lib/python3.11/pandas/tests/indexes/ranges
copying file /Users/calum/Developer/Excelerator/env/lib/python3.11/site-packages/pandas/tests/indexes/ranges/test_constructors.py -> /Users/calum/Developer/Excelerator/dist/Excelerate.app/Contents/Resources/lib/python3.11/pandas/tests/indexes/ranges/test_constructors.py
copying file /Users/calum/Developer/Excelerator/env/lib/python3.11/site-packages/pandas/tests/indexes/ranges/test_join.py -> /Users/calum/Developer/Excelerator/dist/Excelerate.app/Contents/Resources/lib/python3.11/pandas/tests/indexes/ranges/test_join.py
copying file /Users/calum/Developer/Excelerator/env/lib/python3.11/site-packages/pandas/tests/indexes/ranges/__init__.py -> /Users/calum/Developer/Excelerator/dist/Excelerate.app/Contents/Resources/lib/python3.11/pandas/tests/indexes/ranges/__init__.py
creating /Users/calum/Developer/Excelerator/dist/Excelerate.app/Contents/Resources/lib/python3.11/pandas/tests/indexes/ranges/__pycache__
copying file /Users/calum/Developer/Excelerator/env/lib/python3.11/site-packages/pandas/tests/indexes/ranges/__pycache__/test_indexing.cpython-311.pyc -> /Users/calum/Developer/Excelerator/dist/Excelerate.app/Contents/Resources/lib/python3.11/pandas/tests/indexes/ranges/__pycache__/test_indexing.cpython-311.pyc
copying file /Users/calum/Developer/Excelerator/env/lib/python3.11/site-packages/pandas/tests/indexes/ranges/__pycache__/test_setops.cpython-311.pyc -> /Users/calum/Developer/Excelerator/dist/Excelerate.app/Contents/Resources/lib/python3.11/pandas/tests/indexes/ranges/__pycache__/test_setops.cpython-311.pyc
copying file /Users/calum/Developer/Excelerator/env/lib/python3.11/site-packages/pandas/tests/indexes/ranges/__pycache__/test_constructors.cpython-311.pyc -> /Users/calum/Developer/Excelerator/dist/Excelerate.app/Contents/Resources/lib/python3.11/pandas/tests/indexes/ranges/__pycache__/test_constructors.cpython-311.pyc
copying file /Users/calum/Developer/Excelerator/env/lib/python3.11/site-packages/pandas/tests/indexes/ranges/__pycache__/test_range.cpython-311.pyc -> /Users/calum/Developer/Excelerator/dist/Excelerate.app/Contents/Resources/lib/python3.11/pandas/tests/indexes/ranges/__pycache__/test_range.cpython-311.pyc
copying file /Users/calum/Developer/Excelerator/env/lib/python3.11/site-packages/pandas/tests/indexes/ranges/__pycache__/test_join.cpython-311.pyc -> /Users/calum/Developer/Excelerator/dist/Excelerate.app/Contents/Resources/lib/python3.11/pandas/tests/indexes/ranges/__pycache__/test_join.cpython-311.pyc
copying file /Users/calum/Developer/Excelerator/env/lib/python3.11/site-packages/pandas/tests/indexes/ranges/__pycache__/__init__.cpython-311.pyc -> /Users/calum/Developer/Excelerator/dist/Excelerate.app/Contents/Resources/lib/python3.11/pandas/tests/indexes/ranges/__pycache__/__init__.cpython-311.pyc
copying file /Users/calum/Developer/Excelerator/env/lib/python3.11/site-packages/pandas/tests/indexes/ranges/test_indexing.py -> /Users/calum/Developer/Excelerator/dist/Excelerate.app/Contents/Resources/lib/python3.11/pandas/tests/indexes/ranges/test_indexing.py
copying file /Users/calum/Developer/Excelerator/env/lib/python3.11/site-packages/pandas/tests/indexes/ranges/test_setops.py -> /Users/calum/Developer/Excelerator/dist/Excelerate.app/Contents/Resources/lib/python3.11/pandas/tests/indexes/ranges/test_setops.py
copying file /Users/calum/Developer/Excelerator/env/lib/python3.11/site-packages/pandas/tests/indexes/ranges/test_range.py -> /Users/calum/Developer/Excelerator/dist/Excelerate.app/Contents/Resources/lib/python3.11/pandas/tests/indexes/ranges/test_range.py
copying file /Users/calum/Developer/Excelerator/env/lib/python3.11/site-packages/pandas/tests/indexes/test_frozen.py -> /Users/calum/Developer/Excelerator/dist/Excelerate.app/Contents/Resources/lib/python3.11/pandas/tests/indexes/test_frozen.py
creating /Users/calum/Developer/Excelerator/dist/Excelerate.app/Contents/Resources/lib/python3.11/pandas/tests/indexes/base_class
copying file /Users/calum/Developer/Excelerator/env/lib/python3.11/site-packages/pandas/tests/indexes/base_class/test_constructors.py -> /Users/calum/Developer/Excelerator/dist/Excelerate.app/Contents/Resources/lib/python3.11/pandas/tests/indexes/base_class/test_constructors.py
copying file /Users/calum/Developer/Excelerator/env/lib/python3.11/site-packages/pandas/tests/indexes/base_class/test_pickle.py -> /Users/calum/Developer/Excelerator/dist/Excelerate.app/Contents/Resources/lib/python3.11/pandas/tests/indexes/base_class/test_pickle.py
copying file /Users/calum/Developer/Excelerator/env/lib/python3.11/site-packages/pandas/tests/indexes/base_class/__init__.py -> /Users/calum/Developer/Excelerator/dist/Excelerate.app/Contents/Resources/lib/python3.11/pandas/tests/indexes/base_class/__init__.py
copying file /Users/calum/Developer/Excelerator/env/lib/python3.11/site-packages/pandas/tests/indexes/base_class/test_reshape.py -> /Users/calum/Developer/Excelerator/dist/Excelerate.app/Contents/Resources/lib/python3.11/pandas/tests/indexes/base_class/test_reshape.py
creating /Users/calum/Developer/Excelerator/dist/Excelerate.app/Contents/Resources/lib/python3.11/pandas/tests/indexes/base_class/__pycache__
copying file /Users/calum/Developer/Excelerator/env/lib/python3.11/site-packages/pandas/tests/indexes/base_class/__pycache__/test_indexing.cpython-311.pyc -> /Users/calum/Developer/Excelerator/dist/Excelerate.app/Contents/Resources/lib/python3.11/pandas/tests/indexes/base_class/__pycache__/test_indexing.cpython-311.pyc
copying file /Users/calum/Developer/Excelerator/env/lib/python3.11/site-packages/pandas/tests/indexes/base_class/__pycache__/test_setops.cpython-311.pyc -> /Users/calum/Developer/Excelerator/dist/Excelerate.app/Contents/Resources/lib/python3.11/pandas/tests/indexes/base_class/__pycache__/test_setops.cpython-311.pyc
copying file /Users/calum/Developer/Excelerator/env/lib/python3.11/site-packages/pandas/tests/indexes/base_class/__pycache__/test_constructors.cpython-311.pyc -> /Users/calum/Developer/Excelerator/dist/Excelerate.app/Contents/Resources/lib/python3.11/pandas/tests/indexes/base_class/__pycache__/test_constructors.cpython-311.pyc
copying file /Users/calum/Developer/Excelerator/env/lib/python3.11/site-packages/pandas/tests/indexes/base_class/__pycache__/test_formats.cpython-311.pyc -> /Users/calum/Developer/Excelerator/dist/Excelerate.app/Contents/Resources/lib/python3.11/pandas/tests/indexes/base_class/__pycache__/test_formats.cpython-311.pyc
copying file /Users/calum/Developer/Excelerator/env/lib/python3.11/site-packages/pandas/tests/indexes/base_class/__pycache__/test_reshape.cpython-311.pyc -> /Users/calum/Developer/Excelerator/dist/Excelerate.app/Contents/Resources/lib/python3.11/pandas/tests/indexes/base_class/__pycache__/test_reshape.cpython-311.pyc
copying file /Users/calum/Developer/Excelerator/env/lib/python3.11/site-packages/pandas/tests/indexes/base_class/__pycache__/test_pickle.cpython-311.pyc -> /Users/calum/Developer/Excelerator/dist/Excelerate.app/Contents/Resources/lib/python3.11/pandas/tests/indexes/base_class/__pycache__/test_pickle.cpython-311.pyc
copying file /Users/calum/Developer/Excelerator/env/lib/python3.11/site-packages/pandas/tests/indexes/base_class/__pycache__/test_where.cpython-311.pyc -> /Users/calum/Developer/Excelerator/dist/Excelerate.app/Contents/Resources/lib/python3.11/pandas/tests/indexes/base_class/__pycache__/test_where.cpython-311.pyc
copying file /Users/calum/Developer/Excelerator/env/lib/python3.11/site-packages/pandas/tests/indexes/base_class/__pycache__/__init__.cpython-311.pyc -> /Users/calum/Developer/Excelerator/dist/Excelerate.app/Contents/Resources/lib/python3.11/pandas/tests/indexes/base_class/__pycache__/__init__.cpython-311.pyc
copying file /Users/calum/Developer/Excelerator/env/lib/python3.11/site-packages/pandas/tests/indexes/base_class/test_indexing.py -> /Users/calum/Developer/Excelerator/dist/Excelerate.app/Contents/Resources/lib/python3.11/pandas/tests/indexes/base_class/test_indexing.py
copying file /Users/calum/Developer/Excelerator/env/lib/python3.11/site-packages/pandas/tests/indexes/base_class/test_formats.py -> /Users/calum/Developer/Excelerator/dist/Excelerate.app/Contents/Resources/lib/python3.11/pandas/tests/indexes/base_class/test_formats.py
copying file /Users/calum/Developer/Excelerator/env/lib/python3.11/site-packages/pandas/tests/indexes/base_class/test_setops.py -> /Users/calum/Developer/Excelerator/dist/Excelerate.app/Contents/Resources/lib/python3.11/pandas/tests/indexes/base_class/test_setops.py
copying file /Users/calum/Developer/Excelerator/env/lib/python3.11/site-packages/pandas/tests/indexes/base_class/test_where.py -> /Users/calum/Developer/Excelerator/dist/Excelerate.app/Contents/Resources/lib/python3.11/pandas/tests/indexes/base_class/test_where.py
copying file /Users/calum/Developer/Excelerator/env/lib/python3.11/site-packages/pandas/tests/indexes/conftest.py -> /Users/calum/Developer/Excelerator/dist/Excelerate.app/Contents/Resources/lib/python3.11/pandas/tests/indexes/conftest.py
copying file /Users/calum/Developer/Excelerator/env/lib/python3.11/site-packages/pandas/tests/indexes/test_common.py -> /Users/calum/Developer/Excelerator/dist/Excelerate.app/Contents/Resources/lib/python3.11/pandas/tests/indexes/test_common.py
copying file /Users/calum/Developer/Excelerator/env/lib/python3.11/site-packages/pandas/tests/indexes/test_any_index.py -> /Users/calum/Developer/Excelerator/dist/Excelerate.app/Contents/Resources/lib/python3.11/pandas/tests/indexes/test_any_index.py
creating /Users/calum/Developer/Excelerator/dist/Excelerate.app/Contents/Resources/lib/python3.11/pandas/tests/indexes/interval
copying file /Users/calum/Developer/Excelerator/env/lib/python3.11/site-packages/pandas/tests/indexes/interval/test_constructors.py -> /Users/calum/Developer/Excelerator/dist/Excelerate.app/Contents/Resources/lib/python3.11/pandas/tests/indexes/interval/test_constructors.py
copying file /Users/calum/Developer/Excelerator/env/lib/python3.11/site-packages/pandas/tests/indexes/interval/test_pickle.py -> /Users/calum/Developer/Excelerator/dist/Excelerate.app/Contents/Resources/lib/python3.11/pandas/tests/indexes/interval/test_pickle.py
copying file /Users/calum/Developer/Excelerator/env/lib/python3.11/site-packages/pandas/tests/indexes/interval/test_join.py -> /Users/calum/Developer/Excelerator/dist/Excelerate.app/Contents/Resources/lib/python3.11/pandas/tests/indexes/interval/test_join.py
copying file /Users/calum/Developer/Excelerator/env/lib/python3.11/site-packages/pandas/tests/indexes/interval/__init__.py -> /Users/calum/Developer/Excelerator/dist/Excelerate.app/Contents/Resources/lib/python3.11/pandas/tests/indexes/interval/__init__.py
creating /Users/calum/Developer/Excelerator/dist/Excelerate.app/Contents/Resources/lib/python3.11/pandas/tests/indexes/interval/__pycache__
copying file /Users/calum/Developer/Excelerator/env/lib/python3.11/site-packages/pandas/tests/indexes/interval/__pycache__/test_indexing.cpython-311.pyc -> /Users/calum/Developer/Excelerator/dist/Excelerate.app/Contents/Resources/lib/python3.11/pandas/tests/indexes/interval/__pycache__/test_indexing.cpython-311.pyc
copying file /Users/calum/Developer/Excelerator/env/lib/python3.11/site-packages/pandas/tests/indexes/interval/__pycache__/test_equals.cpython-311.pyc -> /Users/calum/Developer/Excelerator/dist/Excelerate.app/Contents/Resources/lib/python3.11/pandas/tests/indexes/interval/__pycache__/test_equals.cpython-311.pyc
copying file /Users/calum/Developer/Excelerator/env/lib/python3.11/site-packages/pandas/tests/indexes/interval/__pycache__/test_interval.cpython-311.pyc -> /Users/calum/Developer/Excelerator/dist/Excelerate.app/Contents/Resources/lib/python3.11/pandas/tests/indexes/interval/__pycache__/test_interval.cpython-311.pyc
copying file /Users/calum/Developer/Excelerator/env/lib/python3.11/site-packages/pandas/tests/indexes/interval/__pycache__/test_setops.cpython-311.pyc -> /Users/calum/Developer/Excelerator/dist/Excelerate.app/Contents/Resources/lib/python3.11/pandas/tests/indexes/interval/__pycache__/test_setops.cpython-311.pyc
copying file /Users/calum/Developer/Excelerator/env/lib/python3.11/site-packages/pandas/tests/indexes/interval/__pycache__/test_constructors.cpython-311.pyc -> /Users/calum/Developer/Excelerator/dist/Excelerate.app/Contents/Resources/lib/python3.11/pandas/tests/indexes/interval/__pycache__/test_constructors.cpython-311.pyc
copying file /Users/calum/Developer/Excelerator/env/lib/python3.11/site-packages/pandas/tests/indexes/interval/__pycache__/test_formats.cpython-311.pyc -> /Users/calum/Developer/Excelerator/dist/Excelerate.app/Contents/Resources/lib/python3.11/pandas/tests/indexes/interval/__pycache__/test_formats.cpython-311.pyc
copying file /Users/calum/Developer/Excelerator/env/lib/python3.11/site-packages/pandas/tests/indexes/interval/__pycache__/test_join.cpython-311.pyc -> /Users/calum/Developer/Excelerator/dist/Excelerate.app/Contents/Resources/lib/python3.11/pandas/tests/indexes/interval/__pycache__/test_join.cpython-311.pyc
copying file /Users/calum/Developer/Excelerator/env/lib/python3.11/site-packages/pandas/tests/indexes/interval/__pycache__/test_pickle.cpython-311.pyc -> /Users/calum/Developer/Excelerator/dist/Excelerate.app/Contents/Resources/lib/python3.11/pandas/tests/indexes/interval/__pycache__/test_pickle.cpython-311.pyc
copying file /Users/calum/Developer/Excelerator/env/lib/python3.11/site-packages/pandas/tests/indexes/interval/__pycache__/test_interval_range.cpython-311.pyc -> /Users/calum/Developer/Excelerator/dist/Excelerate.app/Contents/Resources/lib/python3.11/pandas/tests/indexes/interval/__pycache__/test_interval_range.cpython-311.pyc
copying file /Users/calum/Developer/Excelerator/env/lib/python3.11/site-packages/pandas/tests/indexes/interval/__pycache__/test_interval_tree.cpython-311.pyc -> /Users/calum/Developer/Excelerator/dist/Excelerate.app/Contents/Resources/lib/python3.11/pandas/tests/indexes/interval/__pycache__/test_interval_tree.cpython-311.pyc
copying file /Users/calum/Developer/Excelerator/env/lib/python3.11/site-packages/pandas/tests/indexes/interval/__pycache__/test_astype.cpython-311.pyc -> /Users/calum/Developer/Excelerator/dist/Excelerate.app/Contents/Resources/lib/python3.11/pandas/tests/indexes/interval/__pycache__/test_astype.cpython-311.pyc
copying file /Users/calum/Developer/Excelerator/env/lib/python3.11/site-packages/pandas/tests/indexes/interval/__pycache__/__init__.cpython-311.pyc -> /Users/calum/Developer/Excelerator/dist/Excelerate.app/Contents/Resources/lib/python3.11/pandas/tests/indexes/interval/__pycache__/__init__.cpython-311.pyc
copying file /Users/calum/Developer/Excelerator/env/lib/python3.11/site-packages/pandas/tests/indexes/interval/test_interval_range.py -> /Users/calum/Developer/Excelerator/dist/Excelerate.app/Contents/Resources/lib/python3.11/pandas/tests/indexes/interval/test_interval_range.py
copying file /Users/calum/Developer/Excelerator/env/lib/python3.11/site-packages/pandas/tests/indexes/interval/test_interval.py -> /Users/calum/Developer/Excelerator/dist/Excelerate.app/Contents/Resources/lib/python3.11/pandas/tests/indexes/interval/test_interval.py
copying file /Users/calum/Developer/Excelerator/env/lib/python3.11/site-packages/pandas/tests/indexes/interval/test_equals.py -> /Users/calum/Developer/Excelerator/dist/Excelerate.app/Contents/Resources/lib/python3.11/pandas/tests/indexes/interval/test_equals.py
copying file /Users/calum/Developer/Excelerator/env/lib/python3.11/site-packages/pandas/tests/indexes/interval/test_indexing.py -> /Users/calum/Developer/Excelerator/dist/Excelerate.app/Contents/Resources/lib/python3.11/pandas/tests/indexes/interval/test_indexing.py
copying file /Users/calum/Developer/Excelerator/env/lib/python3.11/site-packages/pandas/tests/indexes/interval/test_astype.py -> /Users/calum/Developer/Excelerator/dist/Excelerate.app/Contents/Resources/lib/python3.11/pandas/tests/indexes/interval/test_astype.py
copying file /Users/calum/Developer/Excelerator/env/lib/python3.11/site-packages/pandas/tests/indexes/interval/test_formats.py -> /Users/calum/Developer/Excelerator/dist/Excelerate.app/Contents/Resources/lib/python3.11/pandas/tests/indexes/interval/test_formats.py
copying file /Users/calum/Developer/Excelerator/env/lib/python3.11/site-packages/pandas/tests/indexes/interval/test_setops.py -> /Users/calum/Developer/Excelerator/dist/Excelerate.app/Contents/Resources/lib/python3.11/pandas/tests/indexes/interval/test_setops.py
copying file /Users/calum/Developer/Excelerator/env/lib/python3.11/site-packages/pandas/tests/indexes/interval/test_interval_tree.py -> /Users/calum/Developer/Excelerator/dist/Excelerate.app/Contents/Resources/lib/python3.11/pandas/tests/indexes/interval/test_interval_tree.py
creating /Users/calum/Developer/Excelerator/dist/Excelerate.app/Contents/Resources/lib/python3.11/pandas/tests/indexes/multi
copying file /Users/calum/Developer/Excelerator/env/lib/python3.11/site-packages/pandas/tests/indexes/multi/test_names.py -> /Users/calum/Developer/Excelerator/dist/Excelerate.app/Contents/Resources/lib/python3.11/pandas/tests/indexes/multi/test_names.py
copying file /Users/calum/Developer/Excelerator/env/lib/python3.11/site-packages/pandas/tests/indexes/multi/conftest.py -> /Users/calum/Developer/Excelerator/dist/Excelerate.app/Contents/Resources/lib/python3.11/pandas/tests/indexes/multi/conftest.py
copying file /Users/calum/Developer/Excelerator/env/lib/python3.11/site-packages/pandas/tests/indexes/multi/test_constructors.py -> /Users/calum/Developer/Excelerator/dist/Excelerate.app/Contents/Resources/lib/python3.11/pandas/tests/indexes/multi/test_constructors.py
copying file /Users/calum/Developer/Excelerator/env/lib/python3.11/site-packages/pandas/tests/indexes/multi/test_missing.py -> /Users/calum/Developer/Excelerator/dist/Excelerate.app/Contents/Resources/lib/python3.11/pandas/tests/indexes/multi/test_missing.py
copying file /Users/calum/Developer/Excelerator/env/lib/python3.11/site-packages/pandas/tests/indexes/multi/test_pickle.py -> /Users/calum/Developer/Excelerator/dist/Excelerate.app/Contents/Resources/lib/python3.11/pandas/tests/indexes/multi/test_pickle.py
copying file /Users/calum/Developer/Excelerator/env/lib/python3.11/site-packages/pandas/tests/indexes/multi/test_sorting.py -> /Users/calum/Developer/Excelerator/dist/Excelerate.app/Contents/Resources/lib/python3.11/pandas/tests/indexes/multi/test_sorting.py
copying file /Users/calum/Developer/Excelerator/env/lib/python3.11/site-packages/pandas/tests/indexes/multi/test_get_level_values.py -> /Users/calum/Developer/Excelerator/dist/Excelerate.app/Contents/Resources/lib/python3.11/pandas/tests/indexes/multi/test_get_level_values.py
copying file /Users/calum/Developer/Excelerator/env/lib/python3.11/site-packages/pandas/tests/indexes/multi/test_join.py -> /Users/calum/Developer/Excelerator/dist/Excelerate.app/Contents/Resources/lib/python3.11/pandas/tests/indexes/multi/test_join.py
copying file /Users/calum/Developer/Excelerator/env/lib/python3.11/site-packages/pandas/tests/indexes/multi/test_copy.py -> /Users/calum/Developer/Excelerator/dist/Excelerate.app/Contents/Resources/lib/python3.11/pandas/tests/indexes/multi/test_copy.py
copying file /Users/calum/Developer/Excelerator/env/lib/python3.11/site-packages/pandas/tests/indexes/multi/test_integrity.py -> /Users/calum/Developer/Excelerator/dist/Excelerate.app/Contents/Resources/lib/python3.11/pandas/tests/indexes/multi/test_integrity.py
copying file /Users/calum/Developer/Excelerator/env/lib/python3.11/site-packages/pandas/tests/indexes/multi/__init__.py -> /Users/calum/Developer/Excelerator/dist/Excelerate.app/Contents/Resources/lib/python3.11/pandas/tests/indexes/multi/__init__.py
copying file /Users/calum/Developer/Excelerator/env/lib/python3.11/site-packages/pandas/tests/indexes/multi/test_reshape.py -> /Users/calum/Developer/Excelerator/dist/Excelerate.app/Contents/Resources/lib/python3.11/pandas/tests/indexes/multi/test_reshape.py
copying file /Users/calum/Developer/Excelerator/env/lib/python3.11/site-packages/pandas/tests/indexes/multi/test_analytics.py -> /Users/calum/Developer/Excelerator/dist/Excelerate.app/Contents/Resources/lib/python3.11/pandas/tests/indexes/multi/test_analytics.py
creating /Users/calum/Developer/Excelerator/dist/Excelerate.app/Contents/Resources/lib/python3.11/pandas/tests/indexes/multi/__pycache__
copying file /Users/calum/Developer/Excelerator/env/lib/python3.11/site-packages/pandas/tests/indexes/multi/__pycache__/test_analytics.cpython-311.pyc -> /Users/calum/Developer/Excelerator/dist/Excelerate.app/Contents/Resources/lib/python3.11/pandas/tests/indexes/multi/__pycache__/test_analytics.cpython-311.pyc
copying file /Users/calum/Developer/Excelerator/env/lib/python3.11/site-packages/pandas/tests/indexes/multi/__pycache__/test_indexing.cpython-311.pyc -> /Users/calum/Developer/Excelerator/dist/Excelerate.app/Contents/Resources/lib/python3.11/pandas/tests/indexes/multi/__pycache__/test_indexing.cpython-311.pyc
copying file /Users/calum/Developer/Excelerator/env/lib/python3.11/site-packages/pandas/tests/indexes/multi/__pycache__/test_sorting.cpython-311.pyc -> /Users/calum/Developer/Excelerator/dist/Excelerate.app/Contents/Resources/lib/python3.11/pandas/tests/indexes/multi/__pycache__/test_sorting.cpython-311.pyc
copying file /Users/calum/Developer/Excelerator/env/lib/python3.11/site-packages/pandas/tests/indexes/multi/__pycache__/test_compat.cpython-311.pyc -> /Users/calum/Developer/Excelerator/dist/Excelerate.app/Contents/Resources/lib/python3.11/pandas/tests/indexes/multi/__pycache__/test_compat.cpython-311.pyc
copying file /Users/calum/Developer/Excelerator/env/lib/python3.11/site-packages/pandas/tests/indexes/multi/__pycache__/test_lexsort.cpython-311.pyc -> /Users/calum/Developer/Excelerator/dist/Excelerate.app/Contents/Resources/lib/python3.11/pandas/tests/indexes/multi/__pycache__/test_lexsort.cpython-311.pyc
copying file /Users/calum/Developer/Excelerator/env/lib/python3.11/site-packages/pandas/tests/indexes/multi/__pycache__/test_monotonic.cpython-311.pyc -> /Users/calum/Developer/Excelerator/dist/Excelerate.app/Contents/Resources/lib/python3.11/pandas/tests/indexes/multi/__pycache__/test_monotonic.cpython-311.pyc
copying file /Users/calum/Developer/Excelerator/env/lib/python3.11/site-packages/pandas/tests/indexes/multi/__pycache__/test_setops.cpython-311.pyc -> /Users/calum/Developer/Excelerator/dist/Excelerate.app/Contents/Resources/lib/python3.11/pandas/tests/indexes/multi/__pycache__/test_setops.cpython-311.pyc
copying file /Users/calum/Developer/Excelerator/env/lib/python3.11/site-packages/pandas/tests/indexes/multi/__pycache__/test_get_set.cpython-311.pyc -> /Users/calum/Developer/Excelerator/dist/Excelerate.app/Contents/Resources/lib/python3.11/pandas/tests/indexes/multi/__pycache__/test_get_set.cpython-311.pyc
copying file /Users/calum/Developer/Excelerator/env/lib/python3.11/site-packages/pandas/tests/indexes/multi/__pycache__/test_copy.cpython-311.pyc -> /Users/calum/Developer/Excelerator/dist/Excelerate.app/Contents/Resources/lib/python3.11/pandas/tests/indexes/multi/__pycache__/test_copy.cpython-311.pyc
copying file /Users/calum/Developer/Excelerator/env/lib/python3.11/site-packages/pandas/tests/indexes/multi/__pycache__/test_missing.cpython-311.pyc -> /Users/calum/Developer/Excelerator/dist/Excelerate.app/Contents/Resources/lib/python3.11/pandas/tests/indexes/multi/__pycache__/test_missing.cpython-311.pyc
copying file /Users/calum/Developer/Excelerator/env/lib/python3.11/site-packages/pandas/tests/indexes/multi/__pycache__/test_duplicates.cpython-311.pyc -> /Users/calum/Developer/Excelerator/dist/Excelerate.app/Contents/Resources/lib/python3.11/pandas/tests/indexes/multi/__pycache__/test_duplicates.cpython-311.pyc
copying file /Users/calum/Developer/Excelerator/env/lib/python3.11/site-packages/pandas/tests/indexes/multi/__pycache__/conftest.cpython-311.pyc -> /Users/calum/Developer/Excelerator/dist/Excelerate.app/Contents/Resources/lib/python3.11/pandas/tests/indexes/multi/__pycache__/conftest.cpython-311.pyc
copying file /Users/calum/Developer/Excelerator/env/lib/python3.11/site-packages/pandas/tests/indexes/multi/__pycache__/test_names.cpython-311.pyc -> /Users/calum/Developer/Excelerator/dist/Excelerate.app/Contents/Resources/lib/python3.11/pandas/tests/indexes/multi/__pycache__/test_names.cpython-311.pyc
copying file /Users/calum/Developer/Excelerator/env/lib/python3.11/site-packages/pandas/tests/indexes/multi/__pycache__/test_constructors.cpython-311.pyc -> /Users/calum/Developer/Excelerator/dist/Excelerate.app/Contents/Resources/lib/python3.11/pandas/tests/indexes/multi/__pycache__/test_constructors.cpython-311.pyc
copying file /Users/calum/Developer/Excelerator/env/lib/python3.11/site-packages/pandas/tests/indexes/multi/__pycache__/test_conversion.cpython-311.pyc -> /Users/calum/Developer/Excelerator/dist/Excelerate.app/Contents/Resources/lib/python3.11/pandas/tests/indexes/multi/__pycache__/test_conversion.cpython-311.pyc
copying file /Users/calum/Developer/Excelerator/env/lib/python3.11/site-packages/pandas/tests/indexes/multi/__pycache__/test_formats.cpython-311.pyc -> /Users/calum/Developer/Excelerator/dist/Excelerate.app/Contents/Resources/lib/python3.11/pandas/tests/indexes/multi/__pycache__/test_formats.cpython-311.pyc
copying file /Users/calum/Developer/Excelerator/env/lib/python3.11/site-packages/pandas/tests/indexes/multi/__pycache__/test_join.cpython-311.pyc -> /Users/calum/Developer/Excelerator/dist/Excelerate.app/Contents/Resources/lib/python3.11/pandas/tests/indexes/multi/__pycache__/test_join.cpython-311.pyc
copying file /Users/calum/Developer/Excelerator/env/lib/python3.11/site-packages/pandas/tests/indexes/multi/__pycache__/test_reshape.cpython-311.pyc -> /Users/calum/Developer/Excelerator/dist/Excelerate.app/Contents/Resources/lib/python3.11/pandas/tests/indexes/multi/__pycache__/test_reshape.cpython-311.pyc
copying file /Users/calum/Developer/Excelerator/env/lib/python3.11/site-packages/pandas/tests/indexes/multi/__pycache__/test_pickle.cpython-311.pyc -> /Users/calum/Developer/Excelerator/dist/Excelerate.app/Contents/Resources/lib/python3.11/pandas/tests/indexes/multi/__pycache__/test_pickle.cpython-311.pyc
copying file /Users/calum/Developer/Excelerator/env/lib/python3.11/site-packages/pandas/tests/indexes/multi/__pycache__/test_equivalence.cpython-311.pyc -> /Users/calum/Developer/Excelerator/dist/Excelerate.app/Contents/Resources/lib/python3.11/pandas/tests/indexes/multi/__pycache__/test_equivalence.cpython-311.pyc
copying file /Users/calum/Developer/Excelerator/env/lib/python3.11/site-packages/pandas/tests/indexes/multi/__pycache__/test_take.cpython-311.pyc -> /Users/calum/Developer/Excelerator/dist/Excelerate.app/Contents/Resources/lib/python3.11/pandas/tests/indexes/multi/__pycache__/test_take.cpython-311.pyc
copying file /Users/calum/Developer/Excelerator/env/lib/python3.11/site-packages/pandas/tests/indexes/multi/__pycache__/test_get_level_values.cpython-311.pyc -> /Users/calum/Developer/Excelerator/dist/Excelerate.app/Contents/Resources/lib/python3.11/pandas/tests/indexes/multi/__pycache__/test_get_level_values.cpython-311.pyc
copying file /Users/calum/Developer/Excelerator/env/lib/python3.11/site-packages/pandas/tests/indexes/multi/__pycache__/test_partial_indexing.cpython-311.pyc -> /Users/calum/Developer/Excelerator/dist/Excelerate.app/Contents/Resources/lib/python3.11/pandas/tests/indexes/multi/__pycache__/test_partial_indexing.cpython-311.pyc
copying file /Users/calum/Developer/Excelerator/env/lib/python3.11/site-packages/pandas/tests/indexes/multi/__pycache__/test_integrity.cpython-311.pyc -> /Users/calum/Developer/Excelerator/dist/Excelerate.app/Contents/Resources/lib/python3.11/pandas/tests/indexes/multi/__pycache__/test_integrity.cpython-311.pyc
copying file /Users/calum/Developer/Excelerator/env/lib/python3.11/site-packages/pandas/tests/indexes/multi/__pycache__/test_isin.cpython-311.pyc -> /Users/calum/Developer/Excelerator/dist/Excelerate.app/Contents/Resources/lib/python3.11/pandas/tests/indexes/multi/__pycache__/test_isin.cpython-311.pyc
copying file /Users/calum/Developer/Excelerator/env/lib/python3.11/site-packages/pandas/tests/indexes/multi/__pycache__/test_drop.cpython-311.pyc -> /Users/calum/Developer/Excelerator/dist/Excelerate.app/Contents/Resources/lib/python3.11/pandas/tests/indexes/multi/__pycache__/test_drop.cpython-311.pyc
copying file /Users/calum/Developer/Excelerator/env/lib/python3.11/site-packages/pandas/tests/indexes/multi/__pycache__/test_reindex.cpython-311.pyc -> /Users/calum/Developer/Excelerator/dist/Excelerate.app/Contents/Resources/lib/python3.11/pandas/tests/indexes/multi/__pycache__/test_reindex.cpython-311.pyc
copying file /Users/calum/Developer/Excelerator/env/lib/python3.11/site-packages/pandas/tests/indexes/multi/__pycache__/test_astype.cpython-311.pyc -> /Users/calum/Developer/Excelerator/dist/Excelerate.app/Contents/Resources/lib/python3.11/pandas/tests/indexes/multi/__pycache__/test_astype.cpython-311.pyc
copying file /Users/calum/Developer/Excelerator/env/lib/python3.11/site-packages/pandas/tests/indexes/multi/__pycache__/__init__.cpython-311.pyc -> /Users/calum/Developer/Excelerator/dist/Excelerate.app/Contents/Resources/lib/python3.11/pandas/tests/indexes/multi/__pycache__/__init__.cpython-311.pyc
copying file /Users/calum/Developer/Excelerator/env/lib/python3.11/site-packages/pandas/tests/indexes/multi/test_conversion.py -> /Users/calum/Developer/Excelerator/dist/Excelerate.app/Contents/Resources/lib/python3.11/pandas/tests/indexes/multi/test_conversion.py
copying file /Users/calum/Developer/Excelerator/env/lib/python3.11/site-packages/pandas/tests/indexes/multi/test_indexing.py -> /Users/calum/Developer/Excelerator/dist/Excelerate.app/Contents/Resources/lib/python3.11/pandas/tests/indexes/multi/test_indexing.py
copying file /Users/calum/Developer/Excelerator/env/lib/python3.11/site-packages/pandas/tests/indexes/multi/test_astype.py -> /Users/calum/Developer/Excelerator/dist/Excelerate.app/Contents/Resources/lib/python3.11/pandas/tests/indexes/multi/test_astype.py
copying file /Users/calum/Developer/Excelerator/env/lib/python3.11/site-packages/pandas/tests/indexes/multi/test_formats.py -> /Users/calum/Developer/Excelerator/dist/Excelerate.app/Contents/Resources/lib/python3.11/pandas/tests/indexes/multi/test_formats.py
copying file /Users/calum/Developer/Excelerator/env/lib/python3.11/site-packages/pandas/tests/indexes/multi/test_setops.py -> /Users/calum/Developer/Excelerator/dist/Excelerate.app/Contents/Resources/lib/python3.11/pandas/tests/indexes/multi/test_setops.py
copying file /Users/calum/Developer/Excelerator/env/lib/python3.11/site-packages/pandas/tests/indexes/multi/test_take.py -> /Users/calum/Developer/Excelerator/dist/Excelerate.app/Contents/Resources/lib/python3.11/pandas/tests/indexes/multi/test_take.py
copying file /Users/calum/Developer/Excelerator/env/lib/python3.11/site-packages/pandas/tests/indexes/multi/test_equivalence.py -> /Users/calum/Developer/Excelerator/dist/Excelerate.app/Contents/Resources/lib/python3.11/pandas/tests/indexes/multi/test_equivalence.py
copying file /Users/calum/Developer/Excelerator/env/lib/python3.11/site-packages/pandas/tests/indexes/multi/test_get_set.py -> /Users/calum/Developer/Excelerator/dist/Excelerate.app/Contents/Resources/lib/python3.11/pandas/tests/indexes/multi/test_get_set.py
copying file /Users/calum/Developer/Excelerator/env/lib/python3.11/site-packages/pandas/tests/indexes/multi/test_compat.py -> /Users/calum/Developer/Excelerator/dist/Excelerate.app/Contents/Resources/lib/python3.11/pandas/tests/indexes/multi/test_compat.py
copying file /Users/calum/Developer/Excelerator/env/lib/python3.11/site-packages/pandas/tests/indexes/multi/test_monotonic.py -> /Users/calum/Developer/Excelerator/dist/Excelerate.app/Contents/Resources/lib/python3.11/pandas/tests/indexes/multi/test_monotonic.py
copying file /Users/calum/Developer/Excelerator/env/lib/python3.11/site-packages/pandas/tests/indexes/multi/test_isin.py -> /Users/calum/Developer/Excelerator/dist/Excelerate.app/Contents/Resources/lib/python3.11/pandas/tests/indexes/multi/test_isin.py
copying file /Users/calum/Developer/Excelerator/env/lib/python3.11/site-packages/pandas/tests/indexes/multi/test_drop.py -> /Users/calum/Developer/Excelerator/dist/Excelerate.app/Contents/Resources/lib/python3.11/pandas/tests/indexes/multi/test_drop.py
copying file /Users/calum/Developer/Excelerator/env/lib/python3.11/site-packages/pandas/tests/indexes/multi/test_duplicates.py -> /Users/calum/Developer/Excelerator/dist/Excelerate.app/Contents/Resources/lib/python3.11/pandas/tests/indexes/multi/test_duplicates.py
copying file /Users/calum/Developer/Excelerator/env/lib/python3.11/site-packages/pandas/tests/indexes/multi/test_partial_indexing.py -> /Users/calum/Developer/Excelerator/dist/Excelerate.app/Contents/Resources/lib/python3.11/pandas/tests/indexes/multi/test_partial_indexing.py
copying file /Users/calum/Developer/Excelerator/env/lib/python3.11/site-packages/pandas/tests/indexes/multi/test_lexsort.py -> /Users/calum/Developer/Excelerator/dist/Excelerate.app/Contents/Resources/lib/python3.11/pandas/tests/indexes/multi/test_lexsort.py
copying file /Users/calum/Developer/Excelerator/env/lib/python3.11/site-packages/pandas/tests/indexes/multi/test_reindex.py -> /Users/calum/Developer/Excelerator/dist/Excelerate.app/Contents/Resources/lib/python3.11/pandas/tests/indexes/multi/test_reindex.py
copying file /Users/calum/Developer/Excelerator/env/lib/python3.11/site-packages/pandas/tests/indexes/test_engines.py -> /Users/calum/Developer/Excelerator/dist/Excelerate.app/Contents/Resources/lib/python3.11/pandas/tests/indexes/test_engines.py
copying file /Users/calum/Developer/Excelerator/env/lib/python3.11/site-packages/pandas/tests/indexes/__init__.py -> /Users/calum/Developer/Excelerator/dist/Excelerate.app/Contents/Resources/lib/python3.11/pandas/tests/indexes/__init__.py
copying file /Users/calum/Developer/Excelerator/env/lib/python3.11/site-packages/pandas/tests/indexes/test_datetimelike.py -> /Users/calum/Developer/Excelerator/dist/Excelerate.app/Contents/Resources/lib/python3.11/pandas/tests/indexes/test_datetimelike.py
creating /Users/calum/Developer/Excelerator/dist/Excelerate.app/Contents/Resources/lib/python3.11/pandas/tests/indexes/period
copying file /Users/calum/Developer/Excelerator/env/lib/python3.11/site-packages/pandas/tests/indexes/period/test_resolution.py -> /Users/calum/Developer/Excelerator/dist/Excelerate.app/Contents/Resources/lib/python3.11/pandas/tests/indexes/period/test_resolution.py
copying file /Users/calum/Developer/Excelerator/env/lib/python3.11/site-packages/pandas/tests/indexes/period/test_period.py -> /Users/calum/Developer/Excelerator/dist/Excelerate.app/Contents/Resources/lib/python3.11/pandas/tests/indexes/period/test_period.py
copying file /Users/calum/Developer/Excelerator/env/lib/python3.11/site-packages/pandas/tests/indexes/period/test_searchsorted.py -> /Users/calum/Developer/Excelerator/dist/Excelerate.app/Contents/Resources/lib/python3.11/pandas/tests/indexes/period/test_searchsorted.py
creating /Users/calum/Developer/Excelerator/dist/Excelerate.app/Contents/Resources/lib/python3.11/pandas/tests/indexes/period/methods
copying file /Users/calum/Developer/Excelerator/env/lib/python3.11/site-packages/pandas/tests/indexes/period/methods/test_repeat.py -> /Users/calum/Developer/Excelerator/dist/Excelerate.app/Contents/Resources/lib/python3.11/pandas/tests/indexes/period/methods/test_repeat.py
copying file /Users/calum/Developer/Excelerator/env/lib/python3.11/site-packages/pandas/tests/indexes/period/methods/test_is_full.py -> /Users/calum/Developer/Excelerator/dist/Excelerate.app/Contents/Resources/lib/python3.11/pandas/tests/indexes/period/methods/test_is_full.py
copying file /Users/calum/Developer/Excelerator/env/lib/python3.11/site-packages/pandas/tests/indexes/period/methods/test_shift.py -> /Users/calum/Developer/Excelerator/dist/Excelerate.app/Contents/Resources/lib/python3.11/pandas/tests/indexes/period/methods/test_shift.py
copying file /Users/calum/Developer/Excelerator/env/lib/python3.11/site-packages/pandas/tests/indexes/period/methods/test_insert.py -> /Users/calum/Developer/Excelerator/dist/Excelerate.app/Contents/Resources/lib/python3.11/pandas/tests/indexes/period/methods/test_insert.py
copying file /Users/calum/Developer/Excelerator/env/lib/python3.11/site-packages/pandas/tests/indexes/period/methods/test_factorize.py -> /Users/calum/Developer/Excelerator/dist/Excelerate.app/Contents/Resources/lib/python3.11/pandas/tests/indexes/period/methods/test_factorize.py
copying file /Users/calum/Developer/Excelerator/env/lib/python3.11/site-packages/pandas/tests/indexes/period/methods/__init__.py -> /Users/calum/Developer/Excelerator/dist/Excelerate.app/Contents/Resources/lib/python3.11/pandas/tests/indexes/period/methods/__init__.py
copying file /Users/calum/Developer/Excelerator/env/lib/python3.11/site-packages/pandas/tests/indexes/period/methods/test_to_timestamp.py -> /Users/calum/Developer/Excelerator/dist/Excelerate.app/Contents/Resources/lib/python3.11/pandas/tests/indexes/period/methods/test_to_timestamp.py
creating /Users/calum/Developer/Excelerator/dist/Excelerate.app/Contents/Resources/lib/python3.11/pandas/tests/indexes/period/methods/__pycache__
copying file /Users/calum/Developer/Excelerator/env/lib/python3.11/site-packages/pandas/tests/indexes/period/methods/__pycache__/test_asfreq.cpython-311.pyc -> /Users/calum/Developer/Excelerator/dist/Excelerate.app/Contents/Resources/lib/python3.11/pandas/tests/indexes/period/methods/__pycache__/test_asfreq.cpython-311.pyc
copying file /Users/calum/Developer/Excelerator/env/lib/python3.11/site-packages/pandas/tests/indexes/period/methods/__pycache__/test_to_timestamp.cpython-311.pyc -> /Users/calum/Developer/Excelerator/dist/Excelerate.app/Contents/Resources/lib/python3.11/pandas/tests/indexes/period/methods/__pycache__/test_to_timestamp.cpython-311.pyc
copying file /Users/calum/Developer/Excelerator/env/lib/python3.11/site-packages/pandas/tests/indexes/period/methods/__pycache__/test_repeat.cpython-311.pyc -> /Users/calum/Developer/Excelerator/dist/Excelerate.app/Contents/Resources/lib/python3.11/pandas/tests/indexes/period/methods/__pycache__/test_repeat.cpython-311.pyc
copying file /Users/calum/Developer/Excelerator/env/lib/python3.11/site-packages/pandas/tests/indexes/period/methods/__pycache__/test_shift.cpython-311.pyc -> /Users/calum/Developer/Excelerator/dist/Excelerate.app/Contents/Resources/lib/python3.11/pandas/tests/indexes/period/methods/__pycache__/test_shift.cpython-311.pyc
copying file /Users/calum/Developer/Excelerator/env/lib/python3.11/site-packages/pandas/tests/indexes/period/methods/__pycache__/test_fillna.cpython-311.pyc -> /Users/calum/Developer/Excelerator/dist/Excelerate.app/Contents/Resources/lib/python3.11/pandas/tests/indexes/period/methods/__pycache__/test_fillna.cpython-311.pyc
copying file /Users/calum/Developer/Excelerator/env/lib/python3.11/site-packages/pandas/tests/indexes/period/methods/__pycache__/test_factorize.cpython-311.pyc -> /Users/calum/Developer/Excelerator/dist/Excelerate.app/Contents/Resources/lib/python3.11/pandas/tests/indexes/period/methods/__pycache__/test_factorize.cpython-311.pyc
copying file /Users/calum/Developer/Excelerator/env/lib/python3.11/site-packages/pandas/tests/indexes/period/methods/__pycache__/test_astype.cpython-311.pyc -> /Users/calum/Developer/Excelerator/dist/Excelerate.app/Contents/Resources/lib/python3.11/pandas/tests/indexes/period/methods/__pycache__/test_astype.cpython-311.pyc
copying file /Users/calum/Developer/Excelerator/env/lib/python3.11/site-packages/pandas/tests/indexes/period/methods/__pycache__/test_is_full.cpython-311.pyc -> /Users/calum/Developer/Excelerator/dist/Excelerate.app/Contents/Resources/lib/python3.11/pandas/tests/indexes/period/methods/__pycache__/test_is_full.cpython-311.pyc
copying file /Users/calum/Developer/Excelerator/env/lib/python3.11/site-packages/pandas/tests/indexes/period/methods/__pycache__/__init__.cpython-311.pyc -> /Users/calum/Developer/Excelerator/dist/Excelerate.app/Contents/Resources/lib/python3.11/pandas/tests/indexes/period/methods/__pycache__/__init__.cpython-311.pyc
copying file /Users/calum/Developer/Excelerator/env/lib/python3.11/site-packages/pandas/tests/indexes/period/methods/__pycache__/test_insert.cpython-311.pyc -> /Users/calum/Developer/Excelerator/dist/Excelerate.app/Contents/Resources/lib/python3.11/pandas/tests/indexes/period/methods/__pycache__/test_insert.cpython-311.pyc
copying file /Users/calum/Developer/Excelerator/env/lib/python3.11/site-packages/pandas/tests/indexes/period/methods/test_astype.py -> /Users/calum/Developer/Excelerator/dist/Excelerate.app/Contents/Resources/lib/python3.11/pandas/tests/indexes/period/methods/test_astype.py
copying file /Users/calum/Developer/Excelerator/env/lib/python3.11/site-packages/pandas/tests/indexes/period/methods/test_fillna.py -> /Users/calum/Developer/Excelerator/dist/Excelerate.app/Contents/Resources/lib/python3.11/pandas/tests/indexes/period/methods/test_fillna.py
copying file /Users/calum/Developer/Excelerator/env/lib/python3.11/site-packages/pandas/tests/indexes/period/methods/test_asfreq.py -> /Users/calum/Developer/Excelerator/dist/Excelerate.app/Contents/Resources/lib/python3.11/pandas/tests/indexes/period/methods/test_asfreq.py
copying file /Users/calum/Developer/Excelerator/env/lib/python3.11/site-packages/pandas/tests/indexes/period/test_freq_attr.py -> /Users/calum/Developer/Excelerator/dist/Excelerate.app/Contents/Resources/lib/python3.11/pandas/tests/indexes/period/test_freq_attr.py
copying file /Users/calum/Developer/Excelerator/env/lib/python3.11/site-packages/pandas/tests/indexes/period/test_constructors.py -> /Users/calum/Developer/Excelerator/dist/Excelerate.app/Contents/Resources/lib/python3.11/pandas/tests/indexes/period/test_constructors.py
copying file /Users/calum/Developer/Excelerator/env/lib/python3.11/site-packages/pandas/tests/indexes/period/test_pickle.py -> /Users/calum/Developer/Excelerator/dist/Excelerate.app/Contents/Resources/lib/python3.11/pandas/tests/indexes/period/test_pickle.py
copying file /Users/calum/Developer/Excelerator/env/lib/python3.11/site-packages/pandas/tests/indexes/period/test_join.py -> /Users/calum/Developer/Excelerator/dist/Excelerate.app/Contents/Resources/lib/python3.11/pandas/tests/indexes/period/test_join.py
copying file /Users/calum/Developer/Excelerator/env/lib/python3.11/site-packages/pandas/tests/indexes/period/__init__.py -> /Users/calum/Developer/Excelerator/dist/Excelerate.app/Contents/Resources/lib/python3.11/pandas/tests/indexes/period/__init__.py
creating /Users/calum/Developer/Excelerator/dist/Excelerate.app/Contents/Resources/lib/python3.11/pandas/tests/indexes/period/__pycache__
copying file /Users/calum/Developer/Excelerator/env/lib/python3.11/site-packages/pandas/tests/indexes/period/__pycache__/test_indexing.cpython-311.pyc -> /Users/calum/Developer/Excelerator/dist/Excelerate.app/Contents/Resources/lib/python3.11/pandas/tests/indexes/period/__pycache__/test_indexing.cpython-311.pyc
copying file /Users/calum/Developer/Excelerator/env/lib/python3.11/site-packages/pandas/tests/indexes/period/__pycache__/test_tools.cpython-311.pyc -> /Users/calum/Developer/Excelerator/dist/Excelerate.app/Contents/Resources/lib/python3.11/pandas/tests/indexes/period/__pycache__/test_tools.cpython-311.pyc
copying file /Users/calum/Developer/Excelerator/env/lib/python3.11/site-packages/pandas/tests/indexes/period/__pycache__/test_searchsorted.cpython-311.pyc -> /Users/calum/Developer/Excelerator/dist/Excelerate.app/Contents/Resources/lib/python3.11/pandas/tests/indexes/period/__pycache__/test_searchsorted.cpython-311.pyc
copying file /Users/calum/Developer/Excelerator/env/lib/python3.11/site-packages/pandas/tests/indexes/period/__pycache__/test_period.cpython-311.pyc -> /Users/calum/Developer/Excelerator/dist/Excelerate.app/Contents/Resources/lib/python3.11/pandas/tests/indexes/period/__pycache__/test_period.cpython-311.pyc
copying file /Users/calum/Developer/Excelerator/env/lib/python3.11/site-packages/pandas/tests/indexes/period/__pycache__/test_monotonic.cpython-311.pyc -> /Users/calum/Developer/Excelerator/dist/Excelerate.app/Contents/Resources/lib/python3.11/pandas/tests/indexes/period/__pycache__/test_monotonic.cpython-311.pyc
copying file /Users/calum/Developer/Excelerator/env/lib/python3.11/site-packages/pandas/tests/indexes/period/__pycache__/test_setops.cpython-311.pyc -> /Users/calum/Developer/Excelerator/dist/Excelerate.app/Contents/Resources/lib/python3.11/pandas/tests/indexes/period/__pycache__/test_setops.cpython-311.pyc
copying file /Users/calum/Developer/Excelerator/env/lib/python3.11/site-packages/pandas/tests/indexes/period/__pycache__/test_constructors.cpython-311.pyc -> /Users/calum/Developer/Excelerator/dist/Excelerate.app/Contents/Resources/lib/python3.11/pandas/tests/indexes/period/__pycache__/test_constructors.cpython-311.pyc
copying file /Users/calum/Developer/Excelerator/env/lib/python3.11/site-packages/pandas/tests/indexes/period/__pycache__/test_resolution.cpython-311.pyc -> /Users/calum/Developer/Excelerator/dist/Excelerate.app/Contents/Resources/lib/python3.11/pandas/tests/indexes/period/__pycache__/test_resolution.cpython-311.pyc
copying file /Users/calum/Developer/Excelerator/env/lib/python3.11/site-packages/pandas/tests/indexes/period/__pycache__/test_formats.cpython-311.pyc -> /Users/calum/Developer/Excelerator/dist/Excelerate.app/Contents/Resources/lib/python3.11/pandas/tests/indexes/period/__pycache__/test_formats.cpython-311.pyc
copying file /Users/calum/Developer/Excelerator/env/lib/python3.11/site-packages/pandas/tests/indexes/period/__pycache__/test_join.cpython-311.pyc -> /Users/calum/Developer/Excelerator/dist/Excelerate.app/Contents/Resources/lib/python3.11/pandas/tests/indexes/period/__pycache__/test_join.cpython-311.pyc
copying file /Users/calum/Developer/Excelerator/env/lib/python3.11/site-packages/pandas/tests/indexes/period/__pycache__/test_pickle.cpython-311.pyc -> /Users/calum/Developer/Excelerator/dist/Excelerate.app/Contents/Resources/lib/python3.11/pandas/tests/indexes/period/__pycache__/test_pickle.cpython-311.pyc
copying file /Users/calum/Developer/Excelerator/env/lib/python3.11/site-packages/pandas/tests/indexes/period/__pycache__/test_freq_attr.cpython-311.pyc -> /Users/calum/Developer/Excelerator/dist/Excelerate.app/Contents/Resources/lib/python3.11/pandas/tests/indexes/period/__pycache__/test_freq_attr.cpython-311.pyc
copying file /Users/calum/Developer/Excelerator/env/lib/python3.11/site-packages/pandas/tests/indexes/period/__pycache__/test_period_range.cpython-311.pyc -> /Users/calum/Developer/Excelerator/dist/Excelerate.app/Contents/Resources/lib/python3.11/pandas/tests/indexes/period/__pycache__/test_period_range.cpython-311.pyc
copying file /Users/calum/Developer/Excelerator/env/lib/python3.11/site-packages/pandas/tests/indexes/period/__pycache__/test_partial_slicing.cpython-311.pyc -> /Users/calum/Developer/Excelerator/dist/Excelerate.app/Contents/Resources/lib/python3.11/pandas/tests/indexes/period/__pycache__/test_partial_slicing.cpython-311.pyc
copying file /Users/calum/Developer/Excelerator/env/lib/python3.11/site-packages/pandas/tests/indexes/period/__pycache__/test_scalar_compat.cpython-311.pyc -> /Users/calum/Developer/Excelerator/dist/Excelerate.app/Contents/Resources/lib/python3.11/pandas/tests/indexes/period/__pycache__/test_scalar_compat.cpython-311.pyc
copying file /Users/calum/Developer/Excelerator/env/lib/python3.11/site-packages/pandas/tests/indexes/period/__pycache__/__init__.cpython-311.pyc -> /Users/calum/Developer/Excelerator/dist/Excelerate.app/Contents/Resources/lib/python3.11/pandas/tests/indexes/period/__pycache__/__init__.cpython-311.pyc
copying file /Users/calum/Developer/Excelerator/env/lib/python3.11/site-packages/pandas/tests/indexes/period/test_scalar_compat.py -> /Users/calum/Developer/Excelerator/dist/Excelerate.app/Contents/Resources/lib/python3.11/pandas/tests/indexes/period/test_scalar_compat.py
copying file /Users/calum/Developer/Excelerator/env/lib/python3.11/site-packages/pandas/tests/indexes/period/test_indexing.py -> /Users/calum/Developer/Excelerator/dist/Excelerate.app/Contents/Resources/lib/python3.11/pandas/tests/indexes/period/test_indexing.py
copying file /Users/calum/Developer/Excelerator/env/lib/python3.11/site-packages/pandas/tests/indexes/period/test_formats.py -> /Users/calum/Developer/Excelerator/dist/Excelerate.app/Contents/Resources/lib/python3.11/pandas/tests/indexes/period/test_formats.py
copying file /Users/calum/Developer/Excelerator/env/lib/python3.11/site-packages/pandas/tests/indexes/period/test_setops.py -> /Users/calum/Developer/Excelerator/dist/Excelerate.app/Contents/Resources/lib/python3.11/pandas/tests/indexes/period/test_setops.py
copying file /Users/calum/Developer/Excelerator/env/lib/python3.11/site-packages/pandas/tests/indexes/period/test_partial_slicing.py -> /Users/calum/Developer/Excelerator/dist/Excelerate.app/Contents/Resources/lib/python3.11/pandas/tests/indexes/period/test_partial_slicing.py
copying file /Users/calum/Developer/Excelerator/env/lib/python3.11/site-packages/pandas/tests/indexes/period/test_monotonic.py -> /Users/calum/Developer/Excelerator/dist/Excelerate.app/Contents/Resources/lib/python3.11/pandas/tests/indexes/period/test_monotonic.py
copying file /Users/calum/Developer/Excelerator/env/lib/python3.11/site-packages/pandas/tests/indexes/period/test_tools.py -> /Users/calum/Developer/Excelerator/dist/Excelerate.app/Contents/Resources/lib/python3.11/pandas/tests/indexes/period/test_tools.py
copying file /Users/calum/Developer/Excelerator/env/lib/python3.11/site-packages/pandas/tests/indexes/period/test_period_range.py -> /Users/calum/Developer/Excelerator/dist/Excelerate.app/Contents/Resources/lib/python3.11/pandas/tests/indexes/period/test_period_range.py
copying file /Users/calum/Developer/Excelerator/env/lib/python3.11/site-packages/pandas/tests/indexes/test_subclass.py -> /Users/calum/Developer/Excelerator/dist/Excelerate.app/Contents/Resources/lib/python3.11/pandas/tests/indexes/test_subclass.py
creating /Users/calum/Developer/Excelerator/dist/Excelerate.app/Contents/Resources/lib/python3.11/pandas/tests/indexes/__pycache__
copying file /Users/calum/Developer/Excelerator/env/lib/python3.11/site-packages/pandas/tests/indexes/__pycache__/test_any_index.cpython-311.pyc -> /Users/calum/Developer/Excelerator/dist/Excelerate.app/Contents/Resources/lib/python3.11/pandas/tests/indexes/__pycache__/test_any_index.cpython-311.pyc
copying file /Users/calum/Developer/Excelerator/env/lib/python3.11/site-packages/pandas/tests/indexes/__pycache__/test_frozen.cpython-311.pyc -> /Users/calum/Developer/Excelerator/dist/Excelerate.app/Contents/Resources/lib/python3.11/pandas/tests/indexes/__pycache__/test_frozen.cpython-311.pyc
copying file /Users/calum/Developer/Excelerator/env/lib/python3.11/site-packages/pandas/tests/indexes/__pycache__/test_common.cpython-311.pyc -> /Users/calum/Developer/Excelerator/dist/Excelerate.app/Contents/Resources/lib/python3.11/pandas/tests/indexes/__pycache__/test_common.cpython-311.pyc
copying file /Users/calum/Developer/Excelerator/env/lib/python3.11/site-packages/pandas/tests/indexes/__pycache__/test_indexing.cpython-311.pyc -> /Users/calum/Developer/Excelerator/dist/Excelerate.app/Contents/Resources/lib/python3.11/pandas/tests/indexes/__pycache__/test_indexing.cpython-311.pyc
copying file /Users/calum/Developer/Excelerator/env/lib/python3.11/site-packages/pandas/tests/indexes/__pycache__/test_numpy_compat.cpython-311.pyc -> /Users/calum/Developer/Excelerator/dist/Excelerate.app/Contents/Resources/lib/python3.11/pandas/tests/indexes/__pycache__/test_numpy_compat.cpython-311.pyc
copying file /Users/calum/Developer/Excelerator/env/lib/python3.11/site-packages/pandas/tests/indexes/__pycache__/test_engines.cpython-311.pyc -> /Users/calum/Developer/Excelerator/dist/Excelerate.app/Contents/Resources/lib/python3.11/pandas/tests/indexes/__pycache__/test_engines.cpython-311.pyc
copying file /Users/calum/Developer/Excelerator/env/lib/python3.11/site-packages/pandas/tests/indexes/__pycache__/test_old_base.cpython-311.pyc -> /Users/calum/Developer/Excelerator/dist/Excelerate.app/Contents/Resources/lib/python3.11/pandas/tests/indexes/__pycache__/test_old_base.cpython-311.pyc
copying file /Users/calum/Developer/Excelerator/env/lib/python3.11/site-packages/pandas/tests/indexes/__pycache__/test_setops.cpython-311.pyc -> /Users/calum/Developer/Excelerator/dist/Excelerate.app/Contents/Resources/lib/python3.11/pandas/tests/indexes/__pycache__/test_setops.cpython-311.pyc
copying file /Users/calum/Developer/Excelerator/env/lib/python3.11/site-packages/pandas/tests/indexes/__pycache__/test_subclass.cpython-311.pyc -> /Users/calum/Developer/Excelerator/dist/Excelerate.app/Contents/Resources/lib/python3.11/pandas/tests/indexes/__pycache__/test_subclass.cpython-311.pyc
copying file /Users/calum/Developer/Excelerator/env/lib/python3.11/site-packages/pandas/tests/indexes/__pycache__/conftest.cpython-311.pyc -> /Users/calum/Developer/Excelerator/dist/Excelerate.app/Contents/Resources/lib/python3.11/pandas/tests/indexes/__pycache__/conftest.cpython-311.pyc
copying file /Users/calum/Developer/Excelerator/env/lib/python3.11/site-packages/pandas/tests/indexes/__pycache__/test_base.cpython-311.pyc -> /Users/calum/Developer/Excelerator/dist/Excelerate.app/Contents/Resources/lib/python3.11/pandas/tests/indexes/__pycache__/test_base.cpython-311.pyc
copying file /Users/calum/Developer/Excelerator/env/lib/python3.11/site-packages/pandas/tests/indexes/__pycache__/test_datetimelike.cpython-311.pyc -> /Users/calum/Developer/Excelerator/dist/Excelerate.app/Contents/Resources/lib/python3.11/pandas/tests/indexes/__pycache__/test_datetimelike.cpython-311.pyc
copying file /Users/calum/Developer/Excelerator/env/lib/python3.11/site-packages/pandas/tests/indexes/__pycache__/test_index_new.cpython-311.pyc -> /Users/calum/Developer/Excelerator/dist/Excelerate.app/Contents/Resources/lib/python3.11/pandas/tests/indexes/__pycache__/test_index_new.cpython-311.pyc
copying file /Users/calum/Developer/Excelerator/env/lib/python3.11/site-packages/pandas/tests/indexes/__pycache__/__init__.cpython-311.pyc -> /Users/calum/Developer/Excelerator/dist/Excelerate.app/Contents/Resources/lib/python3.11/pandas/tests/indexes/__pycache__/__init__.cpython-311.pyc
copying file /Users/calum/Developer/Excelerator/env/lib/python3.11/site-packages/pandas/tests/indexes/test_indexing.py -> /Users/calum/Developer/Excelerator/dist/Excelerate.app/Contents/Resources/lib/python3.11/pandas/tests/indexes/test_indexing.py
creating /Users/calum/Developer/Excelerator/dist/Excelerate.app/Contents/Resources/lib/python3.11/pandas/tests/indexes/categorical
copying file /Users/calum/Developer/Excelerator/env/lib/python3.11/site-packages/pandas/tests/indexes/categorical/test_constructors.py -> /Users/calum/Developer/Excelerator/dist/Excelerate.app/Contents/Resources/lib/python3.11/pandas/tests/indexes/categorical/test_constructors.py
copying file /Users/calum/Developer/Excelerator/env/lib/python3.11/site-packages/pandas/tests/indexes/categorical/test_append.py -> /Users/calum/Developer/Excelerator/dist/Excelerate.app/Contents/Resources/lib/python3.11/pandas/tests/indexes/categorical/test_append.py
copying file /Users/calum/Developer/Excelerator/env/lib/python3.11/site-packages/pandas/tests/indexes/categorical/__init__.py -> /Users/calum/Developer/Excelerator/dist/Excelerate.app/Contents/Resources/lib/python3.11/pandas/tests/indexes/categorical/__init__.py
creating /Users/calum/Developer/Excelerator/dist/Excelerate.app/Contents/Resources/lib/python3.11/pandas/tests/indexes/categorical/__pycache__
copying file /Users/calum/Developer/Excelerator/env/lib/python3.11/site-packages/pandas/tests/indexes/categorical/__pycache__/test_indexing.cpython-311.pyc -> /Users/calum/Developer/Excelerator/dist/Excelerate.app/Contents/Resources/lib/python3.11/pandas/tests/indexes/categorical/__pycache__/test_indexing.cpython-311.pyc
copying file /Users/calum/Developer/Excelerator/env/lib/python3.11/site-packages/pandas/tests/indexes/categorical/__pycache__/test_append.cpython-311.pyc -> /Users/calum/Developer/Excelerator/dist/Excelerate.app/Contents/Resources/lib/python3.11/pandas/tests/indexes/categorical/__pycache__/test_append.cpython-311.pyc
copying file /Users/calum/Developer/Excelerator/env/lib/python3.11/site-packages/pandas/tests/indexes/categorical/__pycache__/test_equals.cpython-311.pyc -> /Users/calum/Developer/Excelerator/dist/Excelerate.app/Contents/Resources/lib/python3.11/pandas/tests/indexes/categorical/__pycache__/test_equals.cpython-311.pyc
copying file /Users/calum/Developer/Excelerator/env/lib/python3.11/site-packages/pandas/tests/indexes/categorical/__pycache__/test_setops.cpython-311.pyc -> /Users/calum/Developer/Excelerator/dist/Excelerate.app/Contents/Resources/lib/python3.11/pandas/tests/indexes/categorical/__pycache__/test_setops.cpython-311.pyc
copying file /Users/calum/Developer/Excelerator/env/lib/python3.11/site-packages/pandas/tests/indexes/categorical/__pycache__/test_constructors.cpython-311.pyc -> /Users/calum/Developer/Excelerator/dist/Excelerate.app/Contents/Resources/lib/python3.11/pandas/tests/indexes/categorical/__pycache__/test_constructors.cpython-311.pyc
copying file /Users/calum/Developer/Excelerator/env/lib/python3.11/site-packages/pandas/tests/indexes/categorical/__pycache__/test_fillna.cpython-311.pyc -> /Users/calum/Developer/Excelerator/dist/Excelerate.app/Contents/Resources/lib/python3.11/pandas/tests/indexes/categorical/__pycache__/test_fillna.cpython-311.pyc
copying file /Users/calum/Developer/Excelerator/env/lib/python3.11/site-packages/pandas/tests/indexes/categorical/__pycache__/test_formats.cpython-311.pyc -> /Users/calum/Developer/Excelerator/dist/Excelerate.app/Contents/Resources/lib/python3.11/pandas/tests/indexes/categorical/__pycache__/test_formats.cpython-311.pyc
copying file /Users/calum/Developer/Excelerator/env/lib/python3.11/site-packages/pandas/tests/indexes/categorical/__pycache__/test_reindex.cpython-311.pyc -> /Users/calum/Developer/Excelerator/dist/Excelerate.app/Contents/Resources/lib/python3.11/pandas/tests/indexes/categorical/__pycache__/test_reindex.cpython-311.pyc
copying file /Users/calum/Developer/Excelerator/env/lib/python3.11/site-packages/pandas/tests/indexes/categorical/__pycache__/test_category.cpython-311.pyc -> /Users/calum/Developer/Excelerator/dist/Excelerate.app/Contents/Resources/lib/python3.11/pandas/tests/indexes/categorical/__pycache__/test_category.cpython-311.pyc
copying file /Users/calum/Developer/Excelerator/env/lib/python3.11/site-packages/pandas/tests/indexes/categorical/__pycache__/test_astype.cpython-311.pyc -> /Users/calum/Developer/Excelerator/dist/Excelerate.app/Contents/Resources/lib/python3.11/pandas/tests/indexes/categorical/__pycache__/test_astype.cpython-311.pyc
copying file /Users/calum/Developer/Excelerator/env/lib/python3.11/site-packages/pandas/tests/indexes/categorical/__pycache__/__init__.cpython-311.pyc -> /Users/calum/Developer/Excelerator/dist/Excelerate.app/Contents/Resources/lib/python3.11/pandas/tests/indexes/categorical/__pycache__/__init__.cpython-311.pyc
copying file /Users/calum/Developer/Excelerator/env/lib/python3.11/site-packages/pandas/tests/indexes/categorical/__pycache__/test_map.cpython-311.pyc -> /Users/calum/Developer/Excelerator/dist/Excelerate.app/Contents/Resources/lib/python3.11/pandas/tests/indexes/categorical/__pycache__/test_map.cpython-311.pyc
copying file /Users/calum/Developer/Excelerator/env/lib/python3.11/site-packages/pandas/tests/indexes/categorical/test_equals.py -> /Users/calum/Developer/Excelerator/dist/Excelerate.app/Contents/Resources/lib/python3.11/pandas/tests/indexes/categorical/test_equals.py
copying file /Users/calum/Developer/Excelerator/env/lib/python3.11/site-packages/pandas/tests/indexes/categorical/test_indexing.py -> /Users/calum/Developer/Excelerator/dist/Excelerate.app/Contents/Resources/lib/python3.11/pandas/tests/indexes/categorical/test_indexing.py
copying file /Users/calum/Developer/Excelerator/env/lib/python3.11/site-packages/pandas/tests/indexes/categorical/test_astype.py -> /Users/calum/Developer/Excelerator/dist/Excelerate.app/Contents/Resources/lib/python3.11/pandas/tests/indexes/categorical/test_astype.py
copying file /Users/calum/Developer/Excelerator/env/lib/python3.11/site-packages/pandas/tests/indexes/categorical/test_formats.py -> /Users/calum/Developer/Excelerator/dist/Excelerate.app/Contents/Resources/lib/python3.11/pandas/tests/indexes/categorical/test_formats.py
copying file /Users/calum/Developer/Excelerator/env/lib/python3.11/site-packages/pandas/tests/indexes/categorical/test_setops.py -> /Users/calum/Developer/Excelerator/dist/Excelerate.app/Contents/Resources/lib/python3.11/pandas/tests/indexes/categorical/test_setops.py
copying file /Users/calum/Developer/Excelerator/env/lib/python3.11/site-packages/pandas/tests/indexes/categorical/test_category.py -> /Users/calum/Developer/Excelerator/dist/Excelerate.app/Contents/Resources/lib/python3.11/pandas/tests/indexes/categorical/test_category.py
copying file /Users/calum/Developer/Excelerator/env/lib/python3.11/site-packages/pandas/tests/indexes/categorical/test_fillna.py -> /Users/calum/Developer/Excelerator/dist/Excelerate.app/Contents/Resources/lib/python3.11/pandas/tests/indexes/categorical/test_fillna.py
copying file /Users/calum/Developer/Excelerator/env/lib/python3.11/site-packages/pandas/tests/indexes/categorical/test_map.py -> /Users/calum/Developer/Excelerator/dist/Excelerate.app/Contents/Resources/lib/python3.11/pandas/tests/indexes/categorical/test_map.py
copying file /Users/calum/Developer/Excelerator/env/lib/python3.11/site-packages/pandas/tests/indexes/categorical/test_reindex.py -> /Users/calum/Developer/Excelerator/dist/Excelerate.app/Contents/Resources/lib/python3.11/pandas/tests/indexes/categorical/test_reindex.py
copying file /Users/calum/Developer/Excelerator/env/lib/python3.11/site-packages/pandas/tests/indexes/test_old_base.py -> /Users/calum/Developer/Excelerator/dist/Excelerate.app/Contents/Resources/lib/python3.11/pandas/tests/indexes/test_old_base.py
copying file /Users/calum/Developer/Excelerator/env/lib/python3.11/site-packages/pandas/tests/indexes/test_setops.py -> /Users/calum/Developer/Excelerator/dist/Excelerate.app/Contents/Resources/lib/python3.11/pandas/tests/indexes/test_setops.py
creating /Users/calum/Developer/Excelerator/dist/Excelerate.app/Contents/Resources/lib/python3.11/pandas/tests/indexes/numeric
copying file /Users/calum/Developer/Excelerator/env/lib/python3.11/site-packages/pandas/tests/indexes/numeric/test_join.py -> /Users/calum/Developer/Excelerator/dist/Excelerate.app/Contents/Resources/lib/python3.11/pandas/tests/indexes/numeric/test_join.py
copying file /Users/calum/Developer/Excelerator/env/lib/python3.11/site-packages/pandas/tests/indexes/numeric/__init__.py -> /Users/calum/Developer/Excelerator/dist/Excelerate.app/Contents/Resources/lib/python3.11/pandas/tests/indexes/numeric/__init__.py
creating /Users/calum/Developer/Excelerator/dist/Excelerate.app/Contents/Resources/lib/python3.11/pandas/tests/indexes/numeric/__pycache__
copying file /Users/calum/Developer/Excelerator/env/lib/python3.11/site-packages/pandas/tests/indexes/numeric/__pycache__/test_indexing.cpython-311.pyc -> /Users/calum/Developer/Excelerator/dist/Excelerate.app/Contents/Resources/lib/python3.11/pandas/tests/indexes/numeric/__pycache__/test_indexing.cpython-311.pyc
copying file /Users/calum/Developer/Excelerator/env/lib/python3.11/site-packages/pandas/tests/indexes/numeric/__pycache__/test_numeric.cpython-311.pyc -> /Users/calum/Developer/Excelerator/dist/Excelerate.app/Contents/Resources/lib/python3.11/pandas/tests/indexes/numeric/__pycache__/test_numeric.cpython-311.pyc
copying file /Users/calum/Developer/Excelerator/env/lib/python3.11/site-packages/pandas/tests/indexes/numeric/__pycache__/test_setops.cpython-311.pyc -> /Users/calum/Developer/Excelerator/dist/Excelerate.app/Contents/Resources/lib/python3.11/pandas/tests/indexes/numeric/__pycache__/test_setops.cpython-311.pyc
copying file /Users/calum/Developer/Excelerator/env/lib/python3.11/site-packages/pandas/tests/indexes/numeric/__pycache__/test_join.cpython-311.pyc -> /Users/calum/Developer/Excelerator/dist/Excelerate.app/Contents/Resources/lib/python3.11/pandas/tests/indexes/numeric/__pycache__/test_join.cpython-311.pyc
copying file /Users/calum/Developer/Excelerator/env/lib/python3.11/site-packages/pandas/tests/indexes/numeric/__pycache__/test_astype.cpython-311.pyc -> /Users/calum/Developer/Excelerator/dist/Excelerate.app/Contents/Resources/lib/python3.11/pandas/tests/indexes/numeric/__pycache__/test_astype.cpython-311.pyc
copying file /Users/calum/Developer/Excelerator/env/lib/python3.11/site-packages/pandas/tests/indexes/numeric/__pycache__/__init__.cpython-311.pyc -> /Users/calum/Developer/Excelerator/dist/Excelerate.app/Contents/Resources/lib/python3.11/pandas/tests/indexes/numeric/__pycache__/__init__.cpython-311.pyc
copying file /Users/calum/Developer/Excelerator/env/lib/python3.11/site-packages/pandas/tests/indexes/numeric/test_indexing.py -> /Users/calum/Developer/Excelerator/dist/Excelerate.app/Contents/Resources/lib/python3.11/pandas/tests/indexes/numeric/test_indexing.py
copying file /Users/calum/Developer/Excelerator/env/lib/python3.11/site-packages/pandas/tests/indexes/numeric/test_numeric.py -> /Users/calum/Developer/Excelerator/dist/Excelerate.app/Contents/Resources/lib/python3.11/pandas/tests/indexes/numeric/test_numeric.py
copying file /Users/calum/Developer/Excelerator/env/lib/python3.11/site-packages/pandas/tests/indexes/numeric/test_astype.py -> /Users/calum/Developer/Excelerator/dist/Excelerate.app/Contents/Resources/lib/python3.11/pandas/tests/indexes/numeric/test_astype.py
copying file /Users/calum/Developer/Excelerator/env/lib/python3.11/site-packages/pandas/tests/indexes/numeric/test_setops.py -> /Users/calum/Developer/Excelerator/dist/Excelerate.app/Contents/Resources/lib/python3.11/pandas/tests/indexes/numeric/test_setops.py
creating /Users/calum/Developer/Excelerator/dist/Excelerate.app/Contents/Resources/lib/python3.11/pandas/tests/indexes/object
copying file /Users/calum/Developer/Excelerator/env/lib/python3.11/site-packages/pandas/tests/indexes/object/__init__.py -> /Users/calum/Developer/Excelerator/dist/Excelerate.app/Contents/Resources/lib/python3.11/pandas/tests/indexes/object/__init__.py
creating /Users/calum/Developer/Excelerator/dist/Excelerate.app/Contents/Resources/lib/python3.11/pandas/tests/indexes/object/__pycache__
copying file /Users/calum/Developer/Excelerator/env/lib/python3.11/site-packages/pandas/tests/indexes/object/__pycache__/test_indexing.cpython-311.pyc -> /Users/calum/Developer/Excelerator/dist/Excelerate.app/Contents/Resources/lib/python3.11/pandas/tests/indexes/object/__pycache__/test_indexing.cpython-311.pyc
copying file /Users/calum/Developer/Excelerator/env/lib/python3.11/site-packages/pandas/tests/indexes/object/__pycache__/test_astype.cpython-311.pyc -> /Users/calum/Developer/Excelerator/dist/Excelerate.app/Contents/Resources/lib/python3.11/pandas/tests/indexes/object/__pycache__/test_astype.cpython-311.pyc
copying file /Users/calum/Developer/Excelerator/env/lib/python3.11/site-packages/pandas/tests/indexes/object/__pycache__/__init__.cpython-311.pyc -> /Users/calum/Developer/Excelerator/dist/Excelerate.app/Contents/Resources/lib/python3.11/pandas/tests/indexes/object/__pycache__/__init__.cpython-311.pyc
copying file /Users/calum/Developer/Excelerator/env/lib/python3.11/site-packages/pandas/tests/indexes/object/test_indexing.py -> /Users/calum/Developer/Excelerator/dist/Excelerate.app/Contents/Resources/lib/python3.11/pandas/tests/indexes/object/test_indexing.py
copying file /Users/calum/Developer/Excelerator/env/lib/python3.11/site-packages/pandas/tests/indexes/object/test_astype.py -> /Users/calum/Developer/Excelerator/dist/Excelerate.app/Contents/Resources/lib/python3.11/pandas/tests/indexes/object/test_astype.py
creating /Users/calum/Developer/Excelerator/dist/Excelerate.app/Contents/Resources/lib/python3.11/pandas/tests/indexes/datetimes
creating /Users/calum/Developer/Excelerator/dist/Excelerate.app/Contents/Resources/lib/python3.11/pandas/tests/indexes/datetimes/methods
copying file /Users/calum/Developer/Excelerator/env/lib/python3.11/site-packages/pandas/tests/indexes/datetimes/methods/test_resolution.py -> /Users/calum/Developer/Excelerator/dist/Excelerate.app/Contents/Resources/lib/python3.11/pandas/tests/indexes/datetimes/methods/test_resolution.py
copying file /Users/calum/Developer/Excelerator/env/lib/python3.11/site-packages/pandas/tests/indexes/datetimes/methods/test_repeat.py -> /Users/calum/Developer/Excelerator/dist/Excelerate.app/Contents/Resources/lib/python3.11/pandas/tests/indexes/datetimes/methods/test_repeat.py
copying file /Users/calum/Developer/Excelerator/env/lib/python3.11/site-packages/pandas/tests/indexes/datetimes/methods/test_shift.py -> /Users/calum/Developer/Excelerator/dist/Excelerate.app/Contents/Resources/lib/python3.11/pandas/tests/indexes/datetimes/methods/test_shift.py
copying file /Users/calum/Developer/Excelerator/env/lib/python3.11/site-packages/pandas/tests/indexes/datetimes/methods/test_to_julian_date.py -> /Users/calum/Developer/Excelerator/dist/Excelerate.app/Contents/Resources/lib/python3.11/pandas/tests/indexes/datetimes/methods/test_to_julian_date.py
copying file /Users/calum/Developer/Excelerator/env/lib/python3.11/site-packages/pandas/tests/indexes/datetimes/methods/test_round.py -> /Users/calum/Developer/Excelerator/dist/Excelerate.app/Contents/Resources/lib/python3.11/pandas/tests/indexes/datetimes/methods/test_round.py
copying file /Users/calum/Developer/Excelerator/env/lib/python3.11/site-packages/pandas/tests/indexes/datetimes/methods/test_to_pydatetime.py -> /Users/calum/Developer/Excelerator/dist/Excelerate.app/Contents/Resources/lib/python3.11/pandas/tests/indexes/datetimes/methods/test_to_pydatetime.py
copying file /Users/calum/Developer/Excelerator/env/lib/python3.11/site-packages/pandas/tests/indexes/datetimes/methods/test_insert.py -> /Users/calum/Developer/Excelerator/dist/Excelerate.app/Contents/Resources/lib/python3.11/pandas/tests/indexes/datetimes/methods/test_insert.py
copying file /Users/calum/Developer/Excelerator/env/lib/python3.11/site-packages/pandas/tests/indexes/datetimes/methods/test_to_frame.py -> /Users/calum/Developer/Excelerator/dist/Excelerate.app/Contents/Resources/lib/python3.11/pandas/tests/indexes/datetimes/methods/test_to_frame.py
copying file /Users/calum/Developer/Excelerator/env/lib/python3.11/site-packages/pandas/tests/indexes/datetimes/methods/test_to_period.py -> /Users/calum/Developer/Excelerator/dist/Excelerate.app/Contents/Resources/lib/python3.11/pandas/tests/indexes/datetimes/methods/test_to_period.py
copying file /Users/calum/Developer/Excelerator/env/lib/python3.11/site-packages/pandas/tests/indexes/datetimes/methods/test_factorize.py -> /Users/calum/Developer/Excelerator/dist/Excelerate.app/Contents/Resources/lib/python3.11/pandas/tests/indexes/datetimes/methods/test_factorize.py
copying file /Users/calum/Developer/Excelerator/env/lib/python3.11/site-packages/pandas/tests/indexes/datetimes/methods/__init__.py -> /Users/calum/Developer/Excelerator/dist/Excelerate.app/Contents/Resources/lib/python3.11/pandas/tests/indexes/datetimes/methods/__init__.py
copying file /Users/calum/Developer/Excelerator/env/lib/python3.11/site-packages/pandas/tests/indexes/datetimes/methods/test_snap.py -> /Users/calum/Developer/Excelerator/dist/Excelerate.app/Contents/Resources/lib/python3.11/pandas/tests/indexes/datetimes/methods/test_snap.py
creating /Users/calum/Developer/Excelerator/dist/Excelerate.app/Contents/Resources/lib/python3.11/pandas/tests/indexes/datetimes/methods/__pycache__
copying file /Users/calum/Developer/Excelerator/env/lib/python3.11/site-packages/pandas/tests/indexes/datetimes/methods/__pycache__/test_asof.cpython-311.pyc -> /Users/calum/Developer/Excelerator/dist/Excelerate.app/Contents/Resources/lib/python3.11/pandas/tests/indexes/datetimes/methods/__pycache__/test_asof.cpython-311.pyc
copying file /Users/calum/Developer/Excelerator/env/lib/python3.11/site-packages/pandas/tests/indexes/datetimes/methods/__pycache__/test_to_pydatetime.cpython-311.pyc -> /Users/calum/Developer/Excelerator/dist/Excelerate.app/Contents/Resources/lib/python3.11/pandas/tests/indexes/datetimes/methods/__pycache__/test_to_pydatetime.cpython-311.pyc
copying file /Users/calum/Developer/Excelerator/env/lib/python3.11/site-packages/pandas/tests/indexes/datetimes/methods/__pycache__/test_to_period.cpython-311.pyc -> /Users/calum/Developer/Excelerator/dist/Excelerate.app/Contents/Resources/lib/python3.11/pandas/tests/indexes/datetimes/methods/__pycache__/test_to_period.cpython-311.pyc
copying file /Users/calum/Developer/Excelerator/env/lib/python3.11/site-packages/pandas/tests/indexes/datetimes/methods/__pycache__/test_to_series.cpython-311.pyc -> /Users/calum/Developer/Excelerator/dist/Excelerate.app/Contents/Resources/lib/python3.11/pandas/tests/indexes/datetimes/methods/__pycache__/test_to_series.cpython-311.pyc
copying file /Users/calum/Developer/Excelerator/env/lib/python3.11/site-packages/pandas/tests/indexes/datetimes/methods/__pycache__/test_repeat.cpython-311.pyc -> /Users/calum/Developer/Excelerator/dist/Excelerate.app/Contents/Resources/lib/python3.11/pandas/tests/indexes/datetimes/methods/__pycache__/test_repeat.cpython-311.pyc
copying file /Users/calum/Developer/Excelerator/env/lib/python3.11/site-packages/pandas/tests/indexes/datetimes/methods/__pycache__/test_round.cpython-311.pyc -> /Users/calum/Developer/Excelerator/dist/Excelerate.app/Contents/Resources/lib/python3.11/pandas/tests/indexes/datetimes/methods/__pycache__/test_round.cpython-311.pyc
copying file /Users/calum/Developer/Excelerator/env/lib/python3.11/site-packages/pandas/tests/indexes/datetimes/methods/__pycache__/test_delete.cpython-311.pyc -> /Users/calum/Developer/Excelerator/dist/Excelerate.app/Contents/Resources/lib/python3.11/pandas/tests/indexes/datetimes/methods/__pycache__/test_delete.cpython-311.pyc
copying file /Users/calum/Developer/Excelerator/env/lib/python3.11/site-packages/pandas/tests/indexes/datetimes/methods/__pycache__/test_unique.cpython-311.pyc -> /Users/calum/Developer/Excelerator/dist/Excelerate.app/Contents/Resources/lib/python3.11/pandas/tests/indexes/datetimes/methods/__pycache__/test_unique.cpython-311.pyc
copying file /Users/calum/Developer/Excelerator/env/lib/python3.11/site-packages/pandas/tests/indexes/datetimes/methods/__pycache__/test_shift.cpython-311.pyc -> /Users/calum/Developer/Excelerator/dist/Excelerate.app/Contents/Resources/lib/python3.11/pandas/tests/indexes/datetimes/methods/__pycache__/test_shift.cpython-311.pyc
copying file /Users/calum/Developer/Excelerator/env/lib/python3.11/site-packages/pandas/tests/indexes/datetimes/methods/__pycache__/test_to_frame.cpython-311.pyc -> /Users/calum/Developer/Excelerator/dist/Excelerate.app/Contents/Resources/lib/python3.11/pandas/tests/indexes/datetimes/methods/__pycache__/test_to_frame.cpython-311.pyc
copying file /Users/calum/Developer/Excelerator/env/lib/python3.11/site-packages/pandas/tests/indexes/datetimes/methods/__pycache__/test_normalize.cpython-311.pyc -> /Users/calum/Developer/Excelerator/dist/Excelerate.app/Contents/Resources/lib/python3.11/pandas/tests/indexes/datetimes/methods/__pycache__/test_normalize.cpython-311.pyc
copying file /Users/calum/Developer/Excelerator/env/lib/python3.11/site-packages/pandas/tests/indexes/datetimes/methods/__pycache__/test_fillna.cpython-311.pyc -> /Users/calum/Developer/Excelerator/dist/Excelerate.app/Contents/Resources/lib/python3.11/pandas/tests/indexes/datetimes/methods/__pycache__/test_fillna.cpython-311.pyc
copying file /Users/calum/Developer/Excelerator/env/lib/python3.11/site-packages/pandas/tests/indexes/datetimes/methods/__pycache__/test_resolution.cpython-311.pyc -> /Users/calum/Developer/Excelerator/dist/Excelerate.app/Contents/Resources/lib/python3.11/pandas/tests/indexes/datetimes/methods/__pycache__/test_resolution.cpython-311.pyc
copying file /Users/calum/Developer/Excelerator/env/lib/python3.11/site-packages/pandas/tests/indexes/datetimes/methods/__pycache__/test_factorize.cpython-311.pyc -> /Users/calum/Developer/Excelerator/dist/Excelerate.app/Contents/Resources/lib/python3.11/pandas/tests/indexes/datetimes/methods/__pycache__/test_factorize.cpython-311.pyc
copying file /Users/calum/Developer/Excelerator/env/lib/python3.11/site-packages/pandas/tests/indexes/datetimes/methods/__pycache__/test_to_julian_date.cpython-311.pyc -> /Users/calum/Developer/Excelerator/dist/Excelerate.app/Contents/Resources/lib/python3.11/pandas/tests/indexes/datetimes/methods/__pycache__/test_to_julian_date.cpython-311.pyc
copying file /Users/calum/Developer/Excelerator/env/lib/python3.11/site-packages/pandas/tests/indexes/datetimes/methods/__pycache__/test_tz_convert.cpython-311.pyc -> /Users/calum/Developer/Excelerator/dist/Excelerate.app/Contents/Resources/lib/python3.11/pandas/tests/indexes/datetimes/methods/__pycache__/test_tz_convert.cpython-311.pyc
copying file /Users/calum/Developer/Excelerator/env/lib/python3.11/site-packages/pandas/tests/indexes/datetimes/methods/__pycache__/test_tz_localize.cpython-311.pyc -> /Users/calum/Developer/Excelerator/dist/Excelerate.app/Contents/Resources/lib/python3.11/pandas/tests/indexes/datetimes/methods/__pycache__/test_tz_localize.cpython-311.pyc
copying file /Users/calum/Developer/Excelerator/env/lib/python3.11/site-packages/pandas/tests/indexes/datetimes/methods/__pycache__/test_astype.cpython-311.pyc -> /Users/calum/Developer/Excelerator/dist/Excelerate.app/Contents/Resources/lib/python3.11/pandas/tests/indexes/datetimes/methods/__pycache__/test_astype.cpython-311.pyc
copying file /Users/calum/Developer/Excelerator/env/lib/python3.11/site-packages/pandas/tests/indexes/datetimes/methods/__pycache__/test_snap.cpython-311.pyc -> /Users/calum/Developer/Excelerator/dist/Excelerate.app/Contents/Resources/lib/python3.11/pandas/tests/indexes/datetimes/methods/__pycache__/test_snap.cpython-311.pyc
copying file /Users/calum/Developer/Excelerator/env/lib/python3.11/site-packages/pandas/tests/indexes/datetimes/methods/__pycache__/__init__.cpython-311.pyc -> /Users/calum/Developer/Excelerator/dist/Excelerate.app/Contents/Resources/lib/python3.11/pandas/tests/indexes/datetimes/methods/__pycache__/__init__.cpython-311.pyc
copying file /Users/calum/Developer/Excelerator/env/lib/python3.11/site-packages/pandas/tests/indexes/datetimes/methods/__pycache__/test_map.cpython-311.pyc -> /Users/calum/Developer/Excelerator/dist/Excelerate.app/Contents/Resources/lib/python3.11/pandas/tests/indexes/datetimes/methods/__pycache__/test_map.cpython-311.pyc
copying file /Users/calum/Developer/Excelerator/env/lib/python3.11/site-packages/pandas/tests/indexes/datetimes/methods/__pycache__/test_insert.cpython-311.pyc -> /Users/calum/Developer/Excelerator/dist/Excelerate.app/Contents/Resources/lib/python3.11/pandas/tests/indexes/datetimes/methods/__pycache__/test_insert.cpython-311.pyc
copying file /Users/calum/Developer/Excelerator/env/lib/python3.11/site-packages/pandas/tests/indexes/datetimes/methods/__pycache__/test_isocalendar.cpython-311.pyc -> /Users/calum/Developer/Excelerator/dist/Excelerate.app/Contents/Resources/lib/python3.11/pandas/tests/indexes/datetimes/methods/__pycache__/test_isocalendar.cpython-311.pyc
copying file /Users/calum/Developer/Excelerator/env/lib/python3.11/site-packages/pandas/tests/indexes/datetimes/methods/test_delete.py -> /Users/calum/Developer/Excelerator/dist/Excelerate.app/Contents/Resources/lib/python3.11/pandas/tests/indexes/datetimes/methods/test_delete.py
copying file /Users/calum/Developer/Excelerator/env/lib/python3.11/site-packages/pandas/tests/indexes/datetimes/methods/test_tz_localize.py -> /Users/calum/Developer/Excelerator/dist/Excelerate.app/Contents/Resources/lib/python3.11/pandas/tests/indexes/datetimes/methods/test_tz_localize.py
copying file /Users/calum/Developer/Excelerator/env/lib/python3.11/site-packages/pandas/tests/indexes/datetimes/methods/test_astype.py -> /Users/calum/Developer/Excelerator/dist/Excelerate.app/Contents/Resources/lib/python3.11/pandas/tests/indexes/datetimes/methods/test_astype.py
copying file /Users/calum/Developer/Excelerator/env/lib/python3.11/site-packages/pandas/tests/indexes/datetimes/methods/test_to_series.py -> /Users/calum/Developer/Excelerator/dist/Excelerate.app/Contents/Resources/lib/python3.11/pandas/tests/indexes/datetimes/methods/test_to_series.py
copying file /Users/calum/Developer/Excelerator/env/lib/python3.11/site-packages/pandas/tests/indexes/datetimes/methods/test_fillna.py -> /Users/calum/Developer/Excelerator/dist/Excelerate.app/Contents/Resources/lib/python3.11/pandas/tests/indexes/datetimes/methods/test_fillna.py
copying file /Users/calum/Developer/Excelerator/env/lib/python3.11/site-packages/pandas/tests/indexes/datetimes/methods/test_map.py -> /Users/calum/Developer/Excelerator/dist/Excelerate.app/Contents/Resources/lib/python3.11/pandas/tests/indexes/datetimes/methods/test_map.py
copying file /Users/calum/Developer/Excelerator/env/lib/python3.11/site-packages/pandas/tests/indexes/datetimes/methods/test_asof.py -> /Users/calum/Developer/Excelerator/dist/Excelerate.app/Contents/Resources/lib/python3.11/pandas/tests/indexes/datetimes/methods/test_asof.py
copying file /Users/calum/Developer/Excelerator/env/lib/python3.11/site-packages/pandas/tests/indexes/datetimes/methods/test_unique.py -> /Users/calum/Developer/Excelerator/dist/Excelerate.app/Contents/Resources/lib/python3.11/pandas/tests/indexes/datetimes/methods/test_unique.py
copying file /Users/calum/Developer/Excelerator/env/lib/python3.11/site-packages/pandas/tests/indexes/datetimes/methods/test_normalize.py -> /Users/calum/Developer/Excelerator/dist/Excelerate.app/Contents/Resources/lib/python3.11/pandas/tests/indexes/datetimes/methods/test_normalize.py
copying file /Users/calum/Developer/Excelerator/env/lib/python3.11/site-packages/pandas/tests/indexes/datetimes/methods/test_isocalendar.py -> /Users/calum/Developer/Excelerator/dist/Excelerate.app/Contents/Resources/lib/python3.11/pandas/tests/indexes/datetimes/methods/test_isocalendar.py
copying file /Users/calum/Developer/Excelerator/env/lib/python3.11/site-packages/pandas/tests/indexes/datetimes/methods/test_tz_convert.py -> /Users/calum/Developer/Excelerator/dist/Excelerate.app/Contents/Resources/lib/python3.11/pandas/tests/indexes/datetimes/methods/test_tz_convert.py
copying file /Users/calum/Developer/Excelerator/env/lib/python3.11/site-packages/pandas/tests/indexes/datetimes/test_freq_attr.py -> /Users/calum/Developer/Excelerator/dist/Excelerate.app/Contents/Resources/lib/python3.11/pandas/tests/indexes/datetimes/test_freq_attr.py
copying file /Users/calum/Developer/Excelerator/env/lib/python3.11/site-packages/pandas/tests/indexes/datetimes/test_constructors.py -> /Users/calum/Developer/Excelerator/dist/Excelerate.app/Contents/Resources/lib/python3.11/pandas/tests/indexes/datetimes/test_constructors.py
copying file /Users/calum/Developer/Excelerator/env/lib/python3.11/site-packages/pandas/tests/indexes/datetimes/test_pickle.py -> /Users/calum/Developer/Excelerator/dist/Excelerate.app/Contents/Resources/lib/python3.11/pandas/tests/indexes/datetimes/test_pickle.py
copying file /Users/calum/Developer/Excelerator/env/lib/python3.11/site-packages/pandas/tests/indexes/datetimes/test_iter.py -> /Users/calum/Developer/Excelerator/dist/Excelerate.app/Contents/Resources/lib/python3.11/pandas/tests/indexes/datetimes/test_iter.py
copying file /Users/calum/Developer/Excelerator/env/lib/python3.11/site-packages/pandas/tests/indexes/datetimes/test_join.py -> /Users/calum/Developer/Excelerator/dist/Excelerate.app/Contents/Resources/lib/python3.11/pandas/tests/indexes/datetimes/test_join.py
copying file /Users/calum/Developer/Excelerator/env/lib/python3.11/site-packages/pandas/tests/indexes/datetimes/test_date_range.py -> /Users/calum/Developer/Excelerator/dist/Excelerate.app/Contents/Resources/lib/python3.11/pandas/tests/indexes/datetimes/test_date_range.py
copying file /Users/calum/Developer/Excelerator/env/lib/python3.11/site-packages/pandas/tests/indexes/datetimes/test_timezones.py -> /Users/calum/Developer/Excelerator/dist/Excelerate.app/Contents/Resources/lib/python3.11/pandas/tests/indexes/datetimes/test_timezones.py
copying file /Users/calum/Developer/Excelerator/env/lib/python3.11/site-packages/pandas/tests/indexes/datetimes/__init__.py -> /Users/calum/Developer/Excelerator/dist/Excelerate.app/Contents/Resources/lib/python3.11/pandas/tests/indexes/datetimes/__init__.py
creating /Users/calum/Developer/Excelerator/dist/Excelerate.app/Contents/Resources/lib/python3.11/pandas/tests/indexes/datetimes/__pycache__
copying file /Users/calum/Developer/Excelerator/env/lib/python3.11/site-packages/pandas/tests/indexes/datetimes/__pycache__/test_arithmetic.cpython-311.pyc -> /Users/calum/Developer/Excelerator/dist/Excelerate.app/Contents/Resources/lib/python3.11/pandas/tests/indexes/datetimes/__pycache__/test_arithmetic.cpython-311.pyc
copying file /Users/calum/Developer/Excelerator/env/lib/python3.11/site-packages/pandas/tests/indexes/datetimes/__pycache__/test_indexing.cpython-311.pyc -> /Users/calum/Developer/Excelerator/dist/Excelerate.app/Contents/Resources/lib/python3.11/pandas/tests/indexes/datetimes/__pycache__/test_indexing.cpython-311.pyc
copying file /Users/calum/Developer/Excelerator/env/lib/python3.11/site-packages/pandas/tests/indexes/datetimes/__pycache__/test_iter.cpython-311.pyc -> /Users/calum/Developer/Excelerator/dist/Excelerate.app/Contents/Resources/lib/python3.11/pandas/tests/indexes/datetimes/__pycache__/test_iter.cpython-311.pyc
copying file /Users/calum/Developer/Excelerator/env/lib/python3.11/site-packages/pandas/tests/indexes/datetimes/__pycache__/test_ops.cpython-311.pyc -> /Users/calum/Developer/Excelerator/dist/Excelerate.app/Contents/Resources/lib/python3.11/pandas/tests/indexes/datetimes/__pycache__/test_ops.cpython-311.pyc
copying file /Users/calum/Developer/Excelerator/env/lib/python3.11/site-packages/pandas/tests/indexes/datetimes/__pycache__/test_setops.cpython-311.pyc -> /Users/calum/Developer/Excelerator/dist/Excelerate.app/Contents/Resources/lib/python3.11/pandas/tests/indexes/datetimes/__pycache__/test_setops.cpython-311.pyc
copying file /Users/calum/Developer/Excelerator/env/lib/python3.11/site-packages/pandas/tests/indexes/datetimes/__pycache__/test_datetime.cpython-311.pyc -> /Users/calum/Developer/Excelerator/dist/Excelerate.app/Contents/Resources/lib/python3.11/pandas/tests/indexes/datetimes/__pycache__/test_datetime.cpython-311.pyc
copying file /Users/calum/Developer/Excelerator/env/lib/python3.11/site-packages/pandas/tests/indexes/datetimes/__pycache__/test_npfuncs.cpython-311.pyc -> /Users/calum/Developer/Excelerator/dist/Excelerate.app/Contents/Resources/lib/python3.11/pandas/tests/indexes/datetimes/__pycache__/test_npfuncs.cpython-311.pyc
copying file /Users/calum/Developer/Excelerator/env/lib/python3.11/site-packages/pandas/tests/indexes/datetimes/__pycache__/test_timezones.cpython-311.pyc -> /Users/calum/Developer/Excelerator/dist/Excelerate.app/Contents/Resources/lib/python3.11/pandas/tests/indexes/datetimes/__pycache__/test_timezones.cpython-311.pyc
copying file /Users/calum/Developer/Excelerator/env/lib/python3.11/site-packages/pandas/tests/indexes/datetimes/__pycache__/test_constructors.cpython-311.pyc -> /Users/calum/Developer/Excelerator/dist/Excelerate.app/Contents/Resources/lib/python3.11/pandas/tests/indexes/datetimes/__pycache__/test_constructors.cpython-311.pyc
copying file /Users/calum/Developer/Excelerator/env/lib/python3.11/site-packages/pandas/tests/indexes/datetimes/__pycache__/test_formats.cpython-311.pyc -> /Users/calum/Developer/Excelerator/dist/Excelerate.app/Contents/Resources/lib/python3.11/pandas/tests/indexes/datetimes/__pycache__/test_formats.cpython-311.pyc
copying file /Users/calum/Developer/Excelerator/env/lib/python3.11/site-packages/pandas/tests/indexes/datetimes/__pycache__/test_join.cpython-311.pyc -> /Users/calum/Developer/Excelerator/dist/Excelerate.app/Contents/Resources/lib/python3.11/pandas/tests/indexes/datetimes/__pycache__/test_join.cpython-311.pyc
copying file /Users/calum/Developer/Excelerator/env/lib/python3.11/site-packages/pandas/tests/indexes/datetimes/__pycache__/test_pickle.cpython-311.pyc -> /Users/calum/Developer/Excelerator/dist/Excelerate.app/Contents/Resources/lib/python3.11/pandas/tests/indexes/datetimes/__pycache__/test_pickle.cpython-311.pyc
copying file /Users/calum/Developer/Excelerator/env/lib/python3.11/site-packages/pandas/tests/indexes/datetimes/__pycache__/test_freq_attr.cpython-311.pyc -> /Users/calum/Developer/Excelerator/dist/Excelerate.app/Contents/Resources/lib/python3.11/pandas/tests/indexes/datetimes/__pycache__/test_freq_attr.cpython-311.pyc
copying file /Users/calum/Developer/Excelerator/env/lib/python3.11/site-packages/pandas/tests/indexes/datetimes/__pycache__/test_date_range.cpython-311.pyc -> /Users/calum/Developer/Excelerator/dist/Excelerate.app/Contents/Resources/lib/python3.11/pandas/tests/indexes/datetimes/__pycache__/test_date_range.cpython-311.pyc
copying file /Users/calum/Developer/Excelerator/env/lib/python3.11/site-packages/pandas/tests/indexes/datetimes/__pycache__/test_reindex.cpython-311.pyc -> /Users/calum/Developer/Excelerator/dist/Excelerate.app/Contents/Resources/lib/python3.11/pandas/tests/indexes/datetimes/__pycache__/test_reindex.cpython-311.pyc
copying file /Users/calum/Developer/Excelerator/env/lib/python3.11/site-packages/pandas/tests/indexes/datetimes/__pycache__/test_partial_slicing.cpython-311.pyc -> /Users/calum/Developer/Excelerator/dist/Excelerate.app/Contents/Resources/lib/python3.11/pandas/tests/indexes/datetimes/__pycache__/test_partial_slicing.cpython-311.pyc
copying file /Users/calum/Developer/Excelerator/env/lib/python3.11/site-packages/pandas/tests/indexes/datetimes/__pycache__/test_scalar_compat.cpython-311.pyc -> /Users/calum/Developer/Excelerator/dist/Excelerate.app/Contents/Resources/lib/python3.11/pandas/tests/indexes/datetimes/__pycache__/test_scalar_compat.cpython-311.pyc
copying file /Users/calum/Developer/Excelerator/env/lib/python3.11/site-packages/pandas/tests/indexes/datetimes/__pycache__/__init__.cpython-311.pyc -> /Users/calum/Developer/Excelerator/dist/Excelerate.app/Contents/Resources/lib/python3.11/pandas/tests/indexes/datetimes/__pycache__/__init__.cpython-311.pyc
copying file /Users/calum/Developer/Excelerator/env/lib/python3.11/site-packages/pandas/tests/indexes/datetimes/test_scalar_compat.py -> /Users/calum/Developer/Excelerator/dist/Excelerate.app/Contents/Resources/lib/python3.11/pandas/tests/indexes/datetimes/test_scalar_compat.py
copying file /Users/calum/Developer/Excelerator/env/lib/python3.11/site-packages/pandas/tests/indexes/datetimes/test_indexing.py -> /Users/calum/Developer/Excelerator/dist/Excelerate.app/Contents/Resources/lib/python3.11/pandas/tests/indexes/datetimes/test_indexing.py
copying file /Users/calum/Developer/Excelerator/env/lib/python3.11/site-packages/pandas/tests/indexes/datetimes/test_formats.py -> /Users/calum/Developer/Excelerator/dist/Excelerate.app/Contents/Resources/lib/python3.11/pandas/tests/indexes/datetimes/test_formats.py
copying file /Users/calum/Developer/Excelerator/env/lib/python3.11/site-packages/pandas/tests/indexes/datetimes/test_setops.py -> /Users/calum/Developer/Excelerator/dist/Excelerate.app/Contents/Resources/lib/python3.11/pandas/tests/indexes/datetimes/test_setops.py
copying file /Users/calum/Developer/Excelerator/env/lib/python3.11/site-packages/pandas/tests/indexes/datetimes/test_datetime.py -> /Users/calum/Developer/Excelerator/dist/Excelerate.app/Contents/Resources/lib/python3.11/pandas/tests/indexes/datetimes/test_datetime.py
copying file /Users/calum/Developer/Excelerator/env/lib/python3.11/site-packages/pandas/tests/indexes/datetimes/test_partial_slicing.py -> /Users/calum/Developer/Excelerator/dist/Excelerate.app/Contents/Resources/lib/python3.11/pandas/tests/indexes/datetimes/test_partial_slicing.py
copying file /Users/calum/Developer/Excelerator/env/lib/python3.11/site-packages/pandas/tests/indexes/datetimes/test_npfuncs.py -> /Users/calum/Developer/Excelerator/dist/Excelerate.app/Contents/Resources/lib/python3.11/pandas/tests/indexes/datetimes/test_npfuncs.py
copying file /Users/calum/Developer/Excelerator/env/lib/python3.11/site-packages/pandas/tests/indexes/datetimes/test_ops.py -> /Users/calum/Developer/Excelerator/dist/Excelerate.app/Contents/Resources/lib/python3.11/pandas/tests/indexes/datetimes/test_ops.py
copying file /Users/calum/Developer/Excelerator/env/lib/python3.11/site-packages/pandas/tests/indexes/datetimes/test_arithmetic.py -> /Users/calum/Developer/Excelerator/dist/Excelerate.app/Contents/Resources/lib/python3.11/pandas/tests/indexes/datetimes/test_arithmetic.py
copying file /Users/calum/Developer/Excelerator/env/lib/python3.11/site-packages/pandas/tests/indexes/datetimes/test_reindex.py -> /Users/calum/Developer/Excelerator/dist/Excelerate.app/Contents/Resources/lib/python3.11/pandas/tests/indexes/datetimes/test_reindex.py
creating /Users/calum/Developer/Excelerator/dist/Excelerate.app/Contents/Resources/lib/python3.11/pandas/tests/indexes/timedeltas
copying file /Users/calum/Developer/Excelerator/env/lib/python3.11/site-packages/pandas/tests/indexes/timedeltas/test_searchsorted.py -> /Users/calum/Developer/Excelerator/dist/Excelerate.app/Contents/Resources/lib/python3.11/pandas/tests/indexes/timedeltas/test_searchsorted.py
creating /Users/calum/Developer/Excelerator/dist/Excelerate.app/Contents/Resources/lib/python3.11/pandas/tests/indexes/timedeltas/methods
copying file /Users/calum/Developer/Excelerator/env/lib/python3.11/site-packages/pandas/tests/indexes/timedeltas/methods/test_repeat.py -> /Users/calum/Developer/Excelerator/dist/Excelerate.app/Contents/Resources/lib/python3.11/pandas/tests/indexes/timedeltas/methods/test_repeat.py
copying file /Users/calum/Developer/Excelerator/env/lib/python3.11/site-packages/pandas/tests/indexes/timedeltas/methods/test_shift.py -> /Users/calum/Developer/Excelerator/dist/Excelerate.app/Contents/Resources/lib/python3.11/pandas/tests/indexes/timedeltas/methods/test_shift.py
copying file /Users/calum/Developer/Excelerator/env/lib/python3.11/site-packages/pandas/tests/indexes/timedeltas/methods/test_insert.py -> /Users/calum/Developer/Excelerator/dist/Excelerate.app/Contents/Resources/lib/python3.11/pandas/tests/indexes/timedeltas/methods/test_insert.py
copying file /Users/calum/Developer/Excelerator/env/lib/python3.11/site-packages/pandas/tests/indexes/timedeltas/methods/test_factorize.py -> /Users/calum/Developer/Excelerator/dist/Excelerate.app/Contents/Resources/lib/python3.11/pandas/tests/indexes/timedeltas/methods/test_factorize.py
copying file /Users/calum/Developer/Excelerator/env/lib/python3.11/site-packages/pandas/tests/indexes/timedeltas/methods/__init__.py -> /Users/calum/Developer/Excelerator/dist/Excelerate.app/Contents/Resources/lib/python3.11/pandas/tests/indexes/timedeltas/methods/__init__.py
creating /Users/calum/Developer/Excelerator/dist/Excelerate.app/Contents/Resources/lib/python3.11/pandas/tests/indexes/timedeltas/methods/__pycache__
copying file /Users/calum/Developer/Excelerator/env/lib/python3.11/site-packages/pandas/tests/indexes/timedeltas/methods/__pycache__/test_repeat.cpython-311.pyc -> /Users/calum/Developer/Excelerator/dist/Excelerate.app/Contents/Resources/lib/python3.11/pandas/tests/indexes/timedeltas/methods/__pycache__/test_repeat.cpython-311.pyc
copying file /Users/calum/Developer/Excelerator/env/lib/python3.11/site-packages/pandas/tests/indexes/timedeltas/methods/__pycache__/test_shift.cpython-311.pyc -> /Users/calum/Developer/Excelerator/dist/Excelerate.app/Contents/Resources/lib/python3.11/pandas/tests/indexes/timedeltas/methods/__pycache__/test_shift.cpython-311.pyc
copying file /Users/calum/Developer/Excelerator/env/lib/python3.11/site-packages/pandas/tests/indexes/timedeltas/methods/__pycache__/test_fillna.cpython-311.pyc -> /Users/calum/Developer/Excelerator/dist/Excelerate.app/Contents/Resources/lib/python3.11/pandas/tests/indexes/timedeltas/methods/__pycache__/test_fillna.cpython-311.pyc
copying file /Users/calum/Developer/Excelerator/env/lib/python3.11/site-packages/pandas/tests/indexes/timedeltas/methods/__pycache__/test_factorize.cpython-311.pyc -> /Users/calum/Developer/Excelerator/dist/Excelerate.app/Contents/Resources/lib/python3.11/pandas/tests/indexes/timedeltas/methods/__pycache__/test_factorize.cpython-311.pyc
copying file /Users/calum/Developer/Excelerator/env/lib/python3.11/site-packages/pandas/tests/indexes/timedeltas/methods/__pycache__/test_astype.cpython-311.pyc -> /Users/calum/Developer/Excelerator/dist/Excelerate.app/Contents/Resources/lib/python3.11/pandas/tests/indexes/timedeltas/methods/__pycache__/test_astype.cpython-311.pyc
copying file /Users/calum/Developer/Excelerator/env/lib/python3.11/site-packages/pandas/tests/indexes/timedeltas/methods/__pycache__/__init__.cpython-311.pyc -> /Users/calum/Developer/Excelerator/dist/Excelerate.app/Contents/Resources/lib/python3.11/pandas/tests/indexes/timedeltas/methods/__pycache__/__init__.cpython-311.pyc
copying file /Users/calum/Developer/Excelerator/env/lib/python3.11/site-packages/pandas/tests/indexes/timedeltas/methods/__pycache__/test_insert.cpython-311.pyc -> /Users/calum/Developer/Excelerator/dist/Excelerate.app/Contents/Resources/lib/python3.11/pandas/tests/indexes/timedeltas/methods/__pycache__/test_insert.cpython-311.pyc
copying file /Users/calum/Developer/Excelerator/env/lib/python3.11/site-packages/pandas/tests/indexes/timedeltas/methods/test_astype.py -> /Users/calum/Developer/Excelerator/dist/Excelerate.app/Contents/Resources/lib/python3.11/pandas/tests/indexes/timedeltas/methods/test_astype.py
copying file /Users/calum/Developer/Excelerator/env/lib/python3.11/site-packages/pandas/tests/indexes/timedeltas/methods/test_fillna.py -> /Users/calum/Developer/Excelerator/dist/Excelerate.app/Contents/Resources/lib/python3.11/pandas/tests/indexes/timedeltas/methods/test_fillna.py
copying file /Users/calum/Developer/Excelerator/env/lib/python3.11/site-packages/pandas/tests/indexes/timedeltas/test_freq_attr.py -> /Users/calum/Developer/Excelerator/dist/Excelerate.app/Contents/Resources/lib/python3.11/pandas/tests/indexes/timedeltas/test_freq_attr.py
copying file /Users/calum/Developer/Excelerator/env/lib/python3.11/site-packages/pandas/tests/indexes/timedeltas/test_constructors.py -> /Users/calum/Developer/Excelerator/dist/Excelerate.app/Contents/Resources/lib/python3.11/pandas/tests/indexes/timedeltas/test_constructors.py
copying file /Users/calum/Developer/Excelerator/env/lib/python3.11/site-packages/pandas/tests/indexes/timedeltas/test_pickle.py -> /Users/calum/Developer/Excelerator/dist/Excelerate.app/Contents/Resources/lib/python3.11/pandas/tests/indexes/timedeltas/test_pickle.py
copying file /Users/calum/Developer/Excelerator/env/lib/python3.11/site-packages/pandas/tests/indexes/timedeltas/test_join.py -> /Users/calum/Developer/Excelerator/dist/Excelerate.app/Contents/Resources/lib/python3.11/pandas/tests/indexes/timedeltas/test_join.py
copying file /Users/calum/Developer/Excelerator/env/lib/python3.11/site-packages/pandas/tests/indexes/timedeltas/__init__.py -> /Users/calum/Developer/Excelerator/dist/Excelerate.app/Contents/Resources/lib/python3.11/pandas/tests/indexes/timedeltas/__init__.py
creating /Users/calum/Developer/Excelerator/dist/Excelerate.app/Contents/Resources/lib/python3.11/pandas/tests/indexes/timedeltas/__pycache__
copying file /Users/calum/Developer/Excelerator/env/lib/python3.11/site-packages/pandas/tests/indexes/timedeltas/__pycache__/test_arithmetic.cpython-311.pyc -> /Users/calum/Developer/Excelerator/dist/Excelerate.app/Contents/Resources/lib/python3.11/pandas/tests/indexes/timedeltas/__pycache__/test_arithmetic.cpython-311.pyc
copying file /Users/calum/Developer/Excelerator/env/lib/python3.11/site-packages/pandas/tests/indexes/timedeltas/__pycache__/test_indexing.cpython-311.pyc -> /Users/calum/Developer/Excelerator/dist/Excelerate.app/Contents/Resources/lib/python3.11/pandas/tests/indexes/timedeltas/__pycache__/test_indexing.cpython-311.pyc
copying file /Users/calum/Developer/Excelerator/env/lib/python3.11/site-packages/pandas/tests/indexes/timedeltas/__pycache__/test_searchsorted.cpython-311.pyc -> /Users/calum/Developer/Excelerator/dist/Excelerate.app/Contents/Resources/lib/python3.11/pandas/tests/indexes/timedeltas/__pycache__/test_searchsorted.cpython-311.pyc
copying file /Users/calum/Developer/Excelerator/env/lib/python3.11/site-packages/pandas/tests/indexes/timedeltas/__pycache__/test_ops.cpython-311.pyc -> /Users/calum/Developer/Excelerator/dist/Excelerate.app/Contents/Resources/lib/python3.11/pandas/tests/indexes/timedeltas/__pycache__/test_ops.cpython-311.pyc
copying file /Users/calum/Developer/Excelerator/env/lib/python3.11/site-packages/pandas/tests/indexes/timedeltas/__pycache__/test_setops.cpython-311.pyc -> /Users/calum/Developer/Excelerator/dist/Excelerate.app/Contents/Resources/lib/python3.11/pandas/tests/indexes/timedeltas/__pycache__/test_setops.cpython-311.pyc
copying file /Users/calum/Developer/Excelerator/env/lib/python3.11/site-packages/pandas/tests/indexes/timedeltas/__pycache__/test_delete.cpython-311.pyc -> /Users/calum/Developer/Excelerator/dist/Excelerate.app/Contents/Resources/lib/python3.11/pandas/tests/indexes/timedeltas/__pycache__/test_delete.cpython-311.pyc
copying file /Users/calum/Developer/Excelerator/env/lib/python3.11/site-packages/pandas/tests/indexes/timedeltas/__pycache__/test_timedelta.cpython-311.pyc -> /Users/calum/Developer/Excelerator/dist/Excelerate.app/Contents/Resources/lib/python3.11/pandas/tests/indexes/timedeltas/__pycache__/test_timedelta.cpython-311.pyc
copying file /Users/calum/Developer/Excelerator/env/lib/python3.11/site-packages/pandas/tests/indexes/timedeltas/__pycache__/test_constructors.cpython-311.pyc -> /Users/calum/Developer/Excelerator/dist/Excelerate.app/Contents/Resources/lib/python3.11/pandas/tests/indexes/timedeltas/__pycache__/test_constructors.cpython-311.pyc
copying file /Users/calum/Developer/Excelerator/env/lib/python3.11/site-packages/pandas/tests/indexes/timedeltas/__pycache__/test_formats.cpython-311.pyc -> /Users/calum/Developer/Excelerator/dist/Excelerate.app/Contents/Resources/lib/python3.11/pandas/tests/indexes/timedeltas/__pycache__/test_formats.cpython-311.pyc
copying file /Users/calum/Developer/Excelerator/env/lib/python3.11/site-packages/pandas/tests/indexes/timedeltas/__pycache__/test_join.cpython-311.pyc -> /Users/calum/Developer/Excelerator/dist/Excelerate.app/Contents/Resources/lib/python3.11/pandas/tests/indexes/timedeltas/__pycache__/test_join.cpython-311.pyc
copying file /Users/calum/Developer/Excelerator/env/lib/python3.11/site-packages/pandas/tests/indexes/timedeltas/__pycache__/test_pickle.cpython-311.pyc -> /Users/calum/Developer/Excelerator/dist/Excelerate.app/Contents/Resources/lib/python3.11/pandas/tests/indexes/timedeltas/__pycache__/test_pickle.cpython-311.pyc
copying file /Users/calum/Developer/Excelerator/env/lib/python3.11/site-packages/pandas/tests/indexes/timedeltas/__pycache__/test_freq_attr.cpython-311.pyc -> /Users/calum/Developer/Excelerator/dist/Excelerate.app/Contents/Resources/lib/python3.11/pandas/tests/indexes/timedeltas/__pycache__/test_freq_attr.cpython-311.pyc
copying file /Users/calum/Developer/Excelerator/env/lib/python3.11/site-packages/pandas/tests/indexes/timedeltas/__pycache__/test_scalar_compat.cpython-311.pyc -> /Users/calum/Developer/Excelerator/dist/Excelerate.app/Contents/Resources/lib/python3.11/pandas/tests/indexes/timedeltas/__pycache__/test_scalar_compat.cpython-311.pyc
copying file /Users/calum/Developer/Excelerator/env/lib/python3.11/site-packages/pandas/tests/indexes/timedeltas/__pycache__/test_timedelta_range.cpython-311.pyc -> /Users/calum/Developer/Excelerator/dist/Excelerate.app/Contents/Resources/lib/python3.11/pandas/tests/indexes/timedeltas/__pycache__/test_timedelta_range.cpython-311.pyc
copying file /Users/calum/Developer/Excelerator/env/lib/python3.11/site-packages/pandas/tests/indexes/timedeltas/__pycache__/__init__.cpython-311.pyc -> /Users/calum/Developer/Excelerator/dist/Excelerate.app/Contents/Resources/lib/python3.11/pandas/tests/indexes/timedeltas/__pycache__/__init__.cpython-311.pyc
copying file /Users/calum/Developer/Excelerator/env/lib/python3.11/site-packages/pandas/tests/indexes/timedeltas/test_timedelta.py -> /Users/calum/Developer/Excelerator/dist/Excelerate.app/Contents/Resources/lib/python3.11/pandas/tests/indexes/timedeltas/test_timedelta.py
copying file /Users/calum/Developer/Excelerator/env/lib/python3.11/site-packages/pandas/tests/indexes/timedeltas/test_scalar_compat.py -> /Users/calum/Developer/Excelerator/dist/Excelerate.app/Contents/Resources/lib/python3.11/pandas/tests/indexes/timedeltas/test_scalar_compat.py
copying file /Users/calum/Developer/Excelerator/env/lib/python3.11/site-packages/pandas/tests/indexes/timedeltas/test_indexing.py -> /Users/calum/Developer/Excelerator/dist/Excelerate.app/Contents/Resources/lib/python3.11/pandas/tests/indexes/timedeltas/test_indexing.py
copying file /Users/calum/Developer/Excelerator/env/lib/python3.11/site-packages/pandas/tests/indexes/timedeltas/test_delete.py -> /Users/calum/Developer/Excelerator/dist/Excelerate.app/Contents/Resources/lib/python3.11/pandas/tests/indexes/timedeltas/test_delete.py
copying file /Users/calum/Developer/Excelerator/env/lib/python3.11/site-packages/pandas/tests/indexes/timedeltas/test_formats.py -> /Users/calum/Developer/Excelerator/dist/Excelerate.app/Contents/Resources/lib/python3.11/pandas/tests/indexes/timedeltas/test_formats.py
copying file /Users/calum/Developer/Excelerator/env/lib/python3.11/site-packages/pandas/tests/indexes/timedeltas/test_setops.py -> /Users/calum/Developer/Excelerator/dist/Excelerate.app/Contents/Resources/lib/python3.11/pandas/tests/indexes/timedeltas/test_setops.py
copying file /Users/calum/Developer/Excelerator/env/lib/python3.11/site-packages/pandas/tests/indexes/timedeltas/test_ops.py -> /Users/calum/Developer/Excelerator/dist/Excelerate.app/Contents/Resources/lib/python3.11/pandas/tests/indexes/timedeltas/test_ops.py
copying file /Users/calum/Developer/Excelerator/env/lib/python3.11/site-packages/pandas/tests/indexes/timedeltas/test_arithmetic.py -> /Users/calum/Developer/Excelerator/dist/Excelerate.app/Contents/Resources/lib/python3.11/pandas/tests/indexes/timedeltas/test_arithmetic.py
copying file /Users/calum/Developer/Excelerator/env/lib/python3.11/site-packages/pandas/tests/indexes/timedeltas/test_timedelta_range.py -> /Users/calum/Developer/Excelerator/dist/Excelerate.app/Contents/Resources/lib/python3.11/pandas/tests/indexes/timedeltas/test_timedelta_range.py
copying file /Users/calum/Developer/Excelerator/env/lib/python3.11/site-packages/pandas/tests/indexes/test_index_new.py -> /Users/calum/Developer/Excelerator/dist/Excelerate.app/Contents/Resources/lib/python3.11/pandas/tests/indexes/test_index_new.py
copying file /Users/calum/Developer/Excelerator/env/lib/python3.11/site-packages/pandas/tests/indexes/test_base.py -> /Users/calum/Developer/Excelerator/dist/Excelerate.app/Contents/Resources/lib/python3.11/pandas/tests/indexes/test_base.py
creating /Users/calum/Developer/Excelerator/dist/Excelerate.app/Contents/Resources/lib/python3.11/pandas/tests/indexes/datetimelike_
copying file /Users/calum/Developer/Excelerator/env/lib/python3.11/site-packages/pandas/tests/indexes/datetimelike_/test_value_counts.py -> /Users/calum/Developer/Excelerator/dist/Excelerate.app/Contents/Resources/lib/python3.11/pandas/tests/indexes/datetimelike_/test_value_counts.py
copying file /Users/calum/Developer/Excelerator/env/lib/python3.11/site-packages/pandas/tests/indexes/datetimelike_/test_nat.py -> /Users/calum/Developer/Excelerator/dist/Excelerate.app/Contents/Resources/lib/python3.11/pandas/tests/indexes/datetimelike_/test_nat.py
copying file /Users/calum/Developer/Excelerator/env/lib/python3.11/site-packages/pandas/tests/indexes/datetimelike_/test_sort_values.py -> /Users/calum/Developer/Excelerator/dist/Excelerate.app/Contents/Resources/lib/python3.11/pandas/tests/indexes/datetimelike_/test_sort_values.py
copying file /Users/calum/Developer/Excelerator/env/lib/python3.11/site-packages/pandas/tests/indexes/datetimelike_/test_drop_duplicates.py -> /Users/calum/Developer/Excelerator/dist/Excelerate.app/Contents/Resources/lib/python3.11/pandas/tests/indexes/datetimelike_/test_drop_duplicates.py
copying file /Users/calum/Developer/Excelerator/env/lib/python3.11/site-packages/pandas/tests/indexes/datetimelike_/__init__.py -> /Users/calum/Developer/Excelerator/dist/Excelerate.app/Contents/Resources/lib/python3.11/pandas/tests/indexes/datetimelike_/__init__.py
creating /Users/calum/Developer/Excelerator/dist/Excelerate.app/Contents/Resources/lib/python3.11/pandas/tests/indexes/datetimelike_/__pycache__
copying file /Users/calum/Developer/Excelerator/env/lib/python3.11/site-packages/pandas/tests/indexes/datetimelike_/__pycache__/test_nat.cpython-311.pyc -> /Users/calum/Developer/Excelerator/dist/Excelerate.app/Contents/Resources/lib/python3.11/pandas/tests/indexes/datetimelike_/__pycache__/test_nat.cpython-311.pyc
copying file /Users/calum/Developer/Excelerator/env/lib/python3.11/site-packages/pandas/tests/indexes/datetimelike_/__pycache__/test_indexing.cpython-311.pyc -> /Users/calum/Developer/Excelerator/dist/Excelerate.app/Contents/Resources/lib/python3.11/pandas/tests/indexes/datetimelike_/__pycache__/test_indexing.cpython-311.pyc
copying file /Users/calum/Developer/Excelerator/env/lib/python3.11/site-packages/pandas/tests/indexes/datetimelike_/__pycache__/test_value_counts.cpython-311.pyc -> /Users/calum/Developer/Excelerator/dist/Excelerate.app/Contents/Resources/lib/python3.11/pandas/tests/indexes/datetimelike_/__pycache__/test_value_counts.cpython-311.pyc
copying file /Users/calum/Developer/Excelerator/env/lib/python3.11/site-packages/pandas/tests/indexes/datetimelike_/__pycache__/test_drop_duplicates.cpython-311.pyc -> /Users/calum/Developer/Excelerator/dist/Excelerate.app/Contents/Resources/lib/python3.11/pandas/tests/indexes/datetimelike_/__pycache__/test_drop_duplicates.cpython-311.pyc
copying file /Users/calum/Developer/Excelerator/env/lib/python3.11/site-packages/pandas/tests/indexes/datetimelike_/__pycache__/test_sort_values.cpython-311.pyc -> /Users/calum/Developer/Excelerator/dist/Excelerate.app/Contents/Resources/lib/python3.11/pandas/tests/indexes/datetimelike_/__pycache__/test_sort_values.cpython-311.pyc
copying file /Users/calum/Developer/Excelerator/env/lib/python3.11/site-packages/pandas/tests/indexes/datetimelike_/__pycache__/test_equals.cpython-311.pyc -> /Users/calum/Developer/Excelerator/dist/Excelerate.app/Contents/Resources/lib/python3.11/pandas/tests/indexes/datetimelike_/__pycache__/test_equals.cpython-311.pyc
copying file /Users/calum/Developer/Excelerator/env/lib/python3.11/site-packages/pandas/tests/indexes/datetimelike_/__pycache__/test_is_monotonic.cpython-311.pyc -> /Users/calum/Developer/Excelerator/dist/Excelerate.app/Contents/Resources/lib/python3.11/pandas/tests/indexes/datetimelike_/__pycache__/test_is_monotonic.cpython-311.pyc
copying file /Users/calum/Developer/Excelerator/env/lib/python3.11/site-packages/pandas/tests/indexes/datetimelike_/__pycache__/__init__.cpython-311.pyc -> /Users/calum/Developer/Excelerator/dist/Excelerate.app/Contents/Resources/lib/python3.11/pandas/tests/indexes/datetimelike_/__pycache__/__init__.cpython-311.pyc
copying file /Users/calum/Developer/Excelerator/env/lib/python3.11/site-packages/pandas/tests/indexes/datetimelike_/test_equals.py -> /Users/calum/Developer/Excelerator/dist/Excelerate.app/Contents/Resources/lib/python3.11/pandas/tests/indexes/datetimelike_/test_equals.py
copying file /Users/calum/Developer/Excelerator/env/lib/python3.11/site-packages/pandas/tests/indexes/datetimelike_/test_indexing.py -> /Users/calum/Developer/Excelerator/dist/Excelerate.app/Contents/Resources/lib/python3.11/pandas/tests/indexes/datetimelike_/test_indexing.py
copying file /Users/calum/Developer/Excelerator/env/lib/python3.11/site-packages/pandas/tests/indexes/datetimelike_/test_is_monotonic.py -> /Users/calum/Developer/Excelerator/dist/Excelerate.app/Contents/Resources/lib/python3.11/pandas/tests/indexes/datetimelike_/test_is_monotonic.py
copying file /Users/calum/Developer/Excelerator/env/lib/python3.11/site-packages/pandas/tests/indexes/test_numpy_compat.py -> /Users/calum/Developer/Excelerator/dist/Excelerate.app/Contents/Resources/lib/python3.11/pandas/tests/indexes/test_numpy_compat.py
copying file /Users/calum/Developer/Excelerator/env/lib/python3.11/site-packages/pandas/__init__.py -> /Users/calum/Developer/Excelerator/dist/Excelerate.app/Contents/Resources/lib/python3.11/pandas/__init__.py
creating /Users/calum/Developer/Excelerator/dist/Excelerate.app/Contents/Resources/lib/python3.11/pandas/_testing
copying file /Users/calum/Developer/Excelerator/env/lib/python3.11/site-packages/pandas/_testing/_hypothesis.py -> /Users/calum/Developer/Excelerator/dist/Excelerate.app/Contents/Resources/lib/python3.11/pandas/_testing/_hypothesis.py
copying file /Users/calum/Developer/Excelerator/env/lib/python3.11/site-packages/pandas/_testing/compat.py -> /Users/calum/Developer/Excelerator/dist/Excelerate.app/Contents/Resources/lib/python3.11/pandas/_testing/compat.py
copying file /Users/calum/Developer/Excelerator/env/lib/python3.11/site-packages/pandas/_testing/_io.py -> /Users/calum/Developer/Excelerator/dist/Excelerate.app/Contents/Resources/lib/python3.11/pandas/_testing/_io.py
copying file /Users/calum/Developer/Excelerator/env/lib/python3.11/site-packages/pandas/_testing/__init__.py -> /Users/calum/Developer/Excelerator/dist/Excelerate.app/Contents/Resources/lib/python3.11/pandas/_testing/__init__.py
copying file /Users/calum/Developer/Excelerator/env/lib/python3.11/site-packages/pandas/_testing/_warnings.py -> /Users/calum/Developer/Excelerator/dist/Excelerate.app/Contents/Resources/lib/python3.11/pandas/_testing/_warnings.py
creating /Users/calum/Developer/Excelerator/dist/Excelerate.app/Contents/Resources/lib/python3.11/pandas/_testing/__pycache__
copying file /Users/calum/Developer/Excelerator/env/lib/python3.11/site-packages/pandas/_testing/__pycache__/_warnings.cpython-311.pyc -> /Users/calum/Developer/Excelerator/dist/Excelerate.app/Contents/Resources/lib/python3.11/pandas/_testing/__pycache__/_warnings.cpython-311.pyc
copying file /Users/calum/Developer/Excelerator/env/lib/python3.11/site-packages/pandas/_testing/__pycache__/_io.cpython-311.pyc -> /Users/calum/Developer/Excelerator/dist/Excelerate.app/Contents/Resources/lib/python3.11/pandas/_testing/__pycache__/_io.cpython-311.pyc
copying file /Users/calum/Developer/Excelerator/env/lib/python3.11/site-packages/pandas/_testing/__pycache__/compat.cpython-311.pyc -> /Users/calum/Developer/Excelerator/dist/Excelerate.app/Contents/Resources/lib/python3.11/pandas/_testing/__pycache__/compat.cpython-311.pyc
copying file /Users/calum/Developer/Excelerator/env/lib/python3.11/site-packages/pandas/_testing/__pycache__/contexts.cpython-311.pyc -> /Users/calum/Developer/Excelerator/dist/Excelerate.app/Contents/Resources/lib/python3.11/pandas/_testing/__pycache__/contexts.cpython-311.pyc
copying file /Users/calum/Developer/Excelerator/env/lib/python3.11/site-packages/pandas/_testing/__pycache__/_hypothesis.cpython-311.pyc -> /Users/calum/Developer/Excelerator/dist/Excelerate.app/Contents/Resources/lib/python3.11/pandas/_testing/__pycache__/_hypothesis.cpython-311.pyc
copying file /Users/calum/Developer/Excelerator/env/lib/python3.11/site-packages/pandas/_testing/__pycache__/asserters.cpython-311.pyc -> /Users/calum/Developer/Excelerator/dist/Excelerate.app/Contents/Resources/lib/python3.11/pandas/_testing/__pycache__/asserters.cpython-311.pyc
copying file /Users/calum/Developer/Excelerator/env/lib/python3.11/site-packages/pandas/_testing/__pycache__/__init__.cpython-311.pyc -> /Users/calum/Developer/Excelerator/dist/Excelerate.app/Contents/Resources/lib/python3.11/pandas/_testing/__pycache__/__init__.cpython-311.pyc
copying file /Users/calum/Developer/Excelerator/env/lib/python3.11/site-packages/pandas/_testing/asserters.py -> /Users/calum/Developer/Excelerator/dist/Excelerate.app/Contents/Resources/lib/python3.11/pandas/_testing/asserters.py
copying file /Users/calum/Developer/Excelerator/env/lib/python3.11/site-packages/pandas/_testing/contexts.py -> /Users/calum/Developer/Excelerator/dist/Excelerate.app/Contents/Resources/lib/python3.11/pandas/_testing/contexts.py
creating /Users/calum/Developer/Excelerator/dist/Excelerate.app/Contents/Resources/lib/python3.11/pandas/__pycache__
copying file /Users/calum/Developer/Excelerator/env/lib/python3.11/site-packages/pandas/__pycache__/_typing.cpython-311.pyc -> /Users/calum/Developer/Excelerator/dist/Excelerate.app/Contents/Resources/lib/python3.11/pandas/__pycache__/_typing.cpython-311.pyc
copying file /Users/calum/Developer/Excelerator/env/lib/python3.11/site-packages/pandas/__pycache__/testing.cpython-311.pyc -> /Users/calum/Developer/Excelerator/dist/Excelerate.app/Contents/Resources/lib/python3.11/pandas/__pycache__/testing.cpython-311.pyc
copying file /Users/calum/Developer/Excelerator/env/lib/python3.11/site-packages/pandas/__pycache__/conftest.cpython-311.pyc -> /Users/calum/Developer/Excelerator/dist/Excelerate.app/Contents/Resources/lib/python3.11/pandas/__pycache__/conftest.cpython-311.pyc
copying file /Users/calum/Developer/Excelerator/env/lib/python3.11/site-packages/pandas/__pycache__/_version.cpython-311.pyc -> /Users/calum/Developer/Excelerator/dist/Excelerate.app/Contents/Resources/lib/python3.11/pandas/__pycache__/_version.cpython-311.pyc
copying file /Users/calum/Developer/Excelerator/env/lib/python3.11/site-packages/pandas/__pycache__/_version_meson.cpython-311.pyc -> /Users/calum/Developer/Excelerator/dist/Excelerate.app/Contents/Resources/lib/python3.11/pandas/__pycache__/_version_meson.cpython-311.pyc
copying file /Users/calum/Developer/Excelerator/env/lib/python3.11/site-packages/pandas/__pycache__/__init__.cpython-311.pyc -> /Users/calum/Developer/Excelerator/dist/Excelerate.app/Contents/Resources/lib/python3.11/pandas/__pycache__/__init__.cpython-311.pyc
creating /Users/calum/Developer/Excelerator/dist/Excelerate.app/Contents/Resources/lib/python3.11/pandas/_libs
copying file /Users/calum/Developer/Excelerator/env/lib/python3.11/site-packages/pandas/_libs/index.cpython-311-darwin.so -> /Users/calum/Developer/Excelerator/dist/Excelerate.app/Contents/Resources/lib/python3.11/pandas/_libs/index.cpython-311-darwin.so
copying file /Users/calum/Developer/Excelerator/env/lib/python3.11/site-packages/pandas/_libs/algos.cpython-311-darwin.so -> /Users/calum/Developer/Excelerator/dist/Excelerate.app/Contents/Resources/lib/python3.11/pandas/_libs/algos.cpython-311-darwin.so
copying file /Users/calum/Developer/Excelerator/env/lib/python3.11/site-packages/pandas/_libs/writers.pyi -> /Users/calum/Developer/Excelerator/dist/Excelerate.app/Contents/Resources/lib/python3.11/pandas/_libs/writers.pyi
copying file /Users/calum/Developer/Excelerator/env/lib/python3.11/site-packages/pandas/_libs/tslib.cpython-311-darwin.so -> /Users/calum/Developer/Excelerator/dist/Excelerate.app/Contents/Resources/lib/python3.11/pandas/_libs/tslib.cpython-311-darwin.so
copying file /Users/calum/Developer/Excelerator/env/lib/python3.11/site-packages/pandas/_libs/lib.pyi -> /Users/calum/Developer/Excelerator/dist/Excelerate.app/Contents/Resources/lib/python3.11/pandas/_libs/lib.pyi
copying file /Users/calum/Developer/Excelerator/env/lib/python3.11/site-packages/pandas/_libs/json.cpython-311-darwin.so -> /Users/calum/Developer/Excelerator/dist/Excelerate.app/Contents/Resources/lib/python3.11/pandas/_libs/json.cpython-311-darwin.so
copying file /Users/calum/Developer/Excelerator/env/lib/python3.11/site-packages/pandas/_libs/indexing.pyi -> /Users/calum/Developer/Excelerator/dist/Excelerate.app/Contents/Resources/lib/python3.11/pandas/_libs/indexing.pyi
copying file /Users/calum/Developer/Excelerator/env/lib/python3.11/site-packages/pandas/_libs/hashtable.cpython-311-darwin.so -> /Users/calum/Developer/Excelerator/dist/Excelerate.app/Contents/Resources/lib/python3.11/pandas/_libs/hashtable.cpython-311-darwin.so
copying file /Users/calum/Developer/Excelerator/env/lib/python3.11/site-packages/pandas/_libs/ops_dispatch.pyi -> /Users/calum/Developer/Excelerator/dist/Excelerate.app/Contents/Resources/lib/python3.11/pandas/_libs/ops_dispatch.pyi
copying file /Users/calum/Developer/Excelerator/env/lib/python3.11/site-packages/pandas/_libs/groupby.cpython-311-darwin.so -> /Users/calum/Developer/Excelerator/dist/Excelerate.app/Contents/Resources/lib/python3.11/pandas/_libs/groupby.cpython-311-darwin.so
copying file /Users/calum/Developer/Excelerator/env/lib/python3.11/site-packages/pandas/_libs/reshape.pyi -> /Users/calum/Developer/Excelerator/dist/Excelerate.app/Contents/Resources/lib/python3.11/pandas/_libs/reshape.pyi
copying file /Users/calum/Developer/Excelerator/env/lib/python3.11/site-packages/pandas/_libs/missing.pyi -> /Users/calum/Developer/Excelerator/dist/Excelerate.app/Contents/Resources/lib/python3.11/pandas/_libs/missing.pyi
copying file /Users/calum/Developer/Excelerator/env/lib/python3.11/site-packages/pandas/_libs/ops.cpython-311-darwin.so -> /Users/calum/Developer/Excelerator/dist/Excelerate.app/Contents/Resources/lib/python3.11/pandas/_libs/ops.cpython-311-darwin.so
copying file /Users/calum/Developer/Excelerator/env/lib/python3.11/site-packages/pandas/_libs/parsers.cpython-311-darwin.so -> /Users/calum/Developer/Excelerator/dist/Excelerate.app/Contents/Resources/lib/python3.11/pandas/_libs/parsers.cpython-311-darwin.so
copying file /Users/calum/Developer/Excelerator/env/lib/python3.11/site-packages/pandas/_libs/indexing.cpython-311-darwin.so -> /Users/calum/Developer/Excelerator/dist/Excelerate.app/Contents/Resources/lib/python3.11/pandas/_libs/indexing.cpython-311-darwin.so
copying file /Users/calum/Developer/Excelerator/env/lib/python3.11/site-packages/pandas/_libs/missing.cpython-311-darwin.so -> /Users/calum/Developer/Excelerator/dist/Excelerate.app/Contents/Resources/lib/python3.11/pandas/_libs/missing.cpython-311-darwin.so
copying file /Users/calum/Developer/Excelerator/env/lib/python3.11/site-packages/pandas/_libs/hashing.cpython-311-darwin.so -> /Users/calum/Developer/Excelerator/dist/Excelerate.app/Contents/Resources/lib/python3.11/pandas/_libs/hashing.cpython-311-darwin.so
copying file /Users/calum/Developer/Excelerator/env/lib/python3.11/site-packages/pandas/_libs/algos.pyi -> /Users/calum/Developer/Excelerator/dist/Excelerate.app/Contents/Resources/lib/python3.11/pandas/_libs/algos.pyi
copying file /Users/calum/Developer/Excelerator/env/lib/python3.11/site-packages/pandas/_libs/groupby.pyi -> /Users/calum/Developer/Excelerator/dist/Excelerate.app/Contents/Resources/lib/python3.11/pandas/_libs/groupby.pyi
copying file /Users/calum/Developer/Excelerator/env/lib/python3.11/site-packages/pandas/_libs/tslib.pyi -> /Users/calum/Developer/Excelerator/dist/Excelerate.app/Contents/Resources/lib/python3.11/pandas/_libs/tslib.pyi
copying file /Users/calum/Developer/Excelerator/env/lib/python3.11/site-packages/pandas/_libs/__init__.py -> /Users/calum/Developer/Excelerator/dist/Excelerate.app/Contents/Resources/lib/python3.11/pandas/_libs/__init__.py
copying file /Users/calum/Developer/Excelerator/env/lib/python3.11/site-packages/pandas/_libs/ops.pyi -> /Users/calum/Developer/Excelerator/dist/Excelerate.app/Contents/Resources/lib/python3.11/pandas/_libs/ops.pyi
copying file /Users/calum/Developer/Excelerator/env/lib/python3.11/site-packages/pandas/_libs/internals.pyi -> /Users/calum/Developer/Excelerator/dist/Excelerate.app/Contents/Resources/lib/python3.11/pandas/_libs/internals.pyi
copying file /Users/calum/Developer/Excelerator/env/lib/python3.11/site-packages/pandas/_libs/sparse.cpython-311-darwin.so -> /Users/calum/Developer/Excelerator/dist/Excelerate.app/Contents/Resources/lib/python3.11/pandas/_libs/sparse.cpython-311-darwin.so
creating /Users/calum/Developer/Excelerator/dist/Excelerate.app/Contents/Resources/lib/python3.11/pandas/_libs/__pycache__
copying file /Users/calum/Developer/Excelerator/env/lib/python3.11/site-packages/pandas/_libs/__pycache__/__init__.cpython-311.pyc -> /Users/calum/Developer/Excelerator/dist/Excelerate.app/Contents/Resources/lib/python3.11/pandas/_libs/__pycache__/__init__.cpython-311.pyc
copying file /Users/calum/Developer/Excelerator/env/lib/python3.11/site-packages/pandas/_libs/arrays.cpython-311-darwin.so -> /Users/calum/Developer/Excelerator/dist/Excelerate.app/Contents/Resources/lib/python3.11/pandas/_libs/arrays.cpython-311-darwin.so
copying file /Users/calum/Developer/Excelerator/env/lib/python3.11/site-packages/pandas/_libs/parsers.pyi -> /Users/calum/Developer/Excelerator/dist/Excelerate.app/Contents/Resources/lib/python3.11/pandas/_libs/parsers.pyi
copying file /Users/calum/Developer/Excelerator/env/lib/python3.11/site-packages/pandas/_libs/sas.cpython-311-darwin.so -> /Users/calum/Developer/Excelerator/dist/Excelerate.app/Contents/Resources/lib/python3.11/pandas/_libs/sas.cpython-311-darwin.so
copying file /Users/calum/Developer/Excelerator/env/lib/python3.11/site-packages/pandas/_libs/reshape.cpython-311-darwin.so -> /Users/calum/Developer/Excelerator/dist/Excelerate.app/Contents/Resources/lib/python3.11/pandas/_libs/reshape.cpython-311-darwin.so
copying file /Users/calum/Developer/Excelerator/env/lib/python3.11/site-packages/pandas/_libs/sas.pyi -> /Users/calum/Developer/Excelerator/dist/Excelerate.app/Contents/Resources/lib/python3.11/pandas/_libs/sas.pyi
copying file /Users/calum/Developer/Excelerator/env/lib/python3.11/site-packages/pandas/_libs/interval.pyi -> /Users/calum/Developer/Excelerator/dist/Excelerate.app/Contents/Resources/lib/python3.11/pandas/_libs/interval.pyi
copying file /Users/calum/Developer/Excelerator/env/lib/python3.11/site-packages/pandas/_libs/json.pyi -> /Users/calum/Developer/Excelerator/dist/Excelerate.app/Contents/Resources/lib/python3.11/pandas/_libs/json.pyi
copying file /Users/calum/Developer/Excelerator/env/lib/python3.11/site-packages/pandas/_libs/sparse.pyi -> /Users/calum/Developer/Excelerator/dist/Excelerate.app/Contents/Resources/lib/python3.11/pandas/_libs/sparse.pyi
copying file /Users/calum/Developer/Excelerator/env/lib/python3.11/site-packages/pandas/_libs/index.pyi -> /Users/calum/Developer/Excelerator/dist/Excelerate.app/Contents/Resources/lib/python3.11/pandas/_libs/index.pyi
copying file /Users/calum/Developer/Excelerator/env/lib/python3.11/site-packages/pandas/_libs/join.cpython-311-darwin.so -> /Users/calum/Developer/Excelerator/dist/Excelerate.app/Contents/Resources/lib/python3.11/pandas/_libs/join.cpython-311-darwin.so
copying file /Users/calum/Developer/Excelerator/env/lib/python3.11/site-packages/pandas/_libs/testing.cpython-311-darwin.so -> /Users/calum/Developer/Excelerator/dist/Excelerate.app/Contents/Resources/lib/python3.11/pandas/_libs/testing.cpython-311-darwin.so
copying file /Users/calum/Developer/Excelerator/env/lib/python3.11/site-packages/pandas/_libs/lib.cpython-311-darwin.so -> /Users/calum/Developer/Excelerator/dist/Excelerate.app/Contents/Resources/lib/python3.11/pandas/_libs/lib.cpython-311-darwin.so
creating /Users/calum/Developer/Excelerator/dist/Excelerate.app/Contents/Resources/lib/python3.11/pandas/_libs/window
copying file /Users/calum/Developer/Excelerator/env/lib/python3.11/site-packages/pandas/_libs/window/indexers.cpython-311-darwin.so -> /Users/calum/Developer/Excelerator/dist/Excelerate.app/Contents/Resources/lib/python3.11/pandas/_libs/window/indexers.cpython-311-darwin.so
copying file /Users/calum/Developer/Excelerator/env/lib/python3.11/site-packages/pandas/_libs/window/aggregations.cpython-311-darwin.so -> /Users/calum/Developer/Excelerator/dist/Excelerate.app/Contents/Resources/lib/python3.11/pandas/_libs/window/aggregations.cpython-311-darwin.so
copying file /Users/calum/Developer/Excelerator/env/lib/python3.11/site-packages/pandas/_libs/window/__init__.py -> /Users/calum/Developer/Excelerator/dist/Excelerate.app/Contents/Resources/lib/python3.11/pandas/_libs/window/__init__.py
creating /Users/calum/Developer/Excelerator/dist/Excelerate.app/Contents/Resources/lib/python3.11/pandas/_libs/window/__pycache__
copying file /Users/calum/Developer/Excelerator/env/lib/python3.11/site-packages/pandas/_libs/window/__pycache__/__init__.cpython-311.pyc -> /Users/calum/Developer/Excelerator/dist/Excelerate.app/Contents/Resources/lib/python3.11/pandas/_libs/window/__pycache__/__init__.cpython-311.pyc
copying file /Users/calum/Developer/Excelerator/env/lib/python3.11/site-packages/pandas/_libs/window/indexers.pyi -> /Users/calum/Developer/Excelerator/dist/Excelerate.app/Contents/Resources/lib/python3.11/pandas/_libs/window/indexers.pyi
copying file /Users/calum/Developer/Excelerator/env/lib/python3.11/site-packages/pandas/_libs/window/aggregations.pyi -> /Users/calum/Developer/Excelerator/dist/Excelerate.app/Contents/Resources/lib/python3.11/pandas/_libs/window/aggregations.pyi
copying file /Users/calum/Developer/Excelerator/env/lib/python3.11/site-packages/pandas/_libs/testing.pyi -> /Users/calum/Developer/Excelerator/dist/Excelerate.app/Contents/Resources/lib/python3.11/pandas/_libs/testing.pyi
copying file /Users/calum/Developer/Excelerator/env/lib/python3.11/site-packages/pandas/_libs/internals.cpython-311-darwin.so -> /Users/calum/Developer/Excelerator/dist/Excelerate.app/Contents/Resources/lib/python3.11/pandas/_libs/internals.cpython-311-darwin.so
copying file /Users/calum/Developer/Excelerator/env/lib/python3.11/site-packages/pandas/_libs/pandas_parser.cpython-311-darwin.so -> /Users/calum/Developer/Excelerator/dist/Excelerate.app/Contents/Resources/lib/python3.11/pandas/_libs/pandas_parser.cpython-311-darwin.so
copying file /Users/calum/Developer/Excelerator/env/lib/python3.11/site-packages/pandas/_libs/join.pyi -> /Users/calum/Developer/Excelerator/dist/Excelerate.app/Contents/Resources/lib/python3.11/pandas/_libs/join.pyi
copying file /Users/calum/Developer/Excelerator/env/lib/python3.11/site-packages/pandas/_libs/hashing.pyi -> /Users/calum/Developer/Excelerator/dist/Excelerate.app/Contents/Resources/lib/python3.11/pandas/_libs/hashing.pyi
copying file /Users/calum/Developer/Excelerator/env/lib/python3.11/site-packages/pandas/_libs/byteswap.cpython-311-darwin.so -> /Users/calum/Developer/Excelerator/dist/Excelerate.app/Contents/Resources/lib/python3.11/pandas/_libs/byteswap.cpython-311-darwin.so
creating /Users/calum/Developer/Excelerator/dist/Excelerate.app/Contents/Resources/lib/python3.11/pandas/_libs/tslibs
copying file /Users/calum/Developer/Excelerator/env/lib/python3.11/site-packages/pandas/_libs/tslibs/strptime.cpython-311-darwin.so -> /Users/calum/Developer/Excelerator/dist/Excelerate.app/Contents/Resources/lib/python3.11/pandas/_libs/tslibs/strptime.cpython-311-darwin.so
copying file /Users/calum/Developer/Excelerator/env/lib/python3.11/site-packages/pandas/_libs/tslibs/offsets.pyi -> /Users/calum/Developer/Excelerator/dist/Excelerate.app/Contents/Resources/lib/python3.11/pandas/_libs/tslibs/offsets.pyi
copying file /Users/calum/Developer/Excelerator/env/lib/python3.11/site-packages/pandas/_libs/tslibs/dtypes.cpython-311-darwin.so -> /Users/calum/Developer/Excelerator/dist/Excelerate.app/Contents/Resources/lib/python3.11/pandas/_libs/tslibs/dtypes.cpython-311-darwin.so
copying file /Users/calum/Developer/Excelerator/env/lib/python3.11/site-packages/pandas/_libs/tslibs/vectorized.cpython-311-darwin.so -> /Users/calum/Developer/Excelerator/dist/Excelerate.app/Contents/Resources/lib/python3.11/pandas/_libs/tslibs/vectorized.cpython-311-darwin.so
copying file /Users/calum/Developer/Excelerator/env/lib/python3.11/site-packages/pandas/_libs/tslibs/tzconversion.pyi -> /Users/calum/Developer/Excelerator/dist/Excelerate.app/Contents/Resources/lib/python3.11/pandas/_libs/tslibs/tzconversion.pyi
copying file /Users/calum/Developer/Excelerator/env/lib/python3.11/site-packages/pandas/_libs/tslibs/base.cpython-311-darwin.so -> /Users/calum/Developer/Excelerator/dist/Excelerate.app/Contents/Resources/lib/python3.11/pandas/_libs/tslibs/base.cpython-311-darwin.so
copying file /Users/calum/Developer/Excelerator/env/lib/python3.11/site-packages/pandas/_libs/tslibs/parsing.cpython-311-darwin.so -> /Users/calum/Developer/Excelerator/dist/Excelerate.app/Contents/Resources/lib/python3.11/pandas/_libs/tslibs/parsing.cpython-311-darwin.so
copying file /Users/calum/Developer/Excelerator/env/lib/python3.11/site-packages/pandas/_libs/tslibs/timedeltas.pyi -> /Users/calum/Developer/Excelerator/dist/Excelerate.app/Contents/Resources/lib/python3.11/pandas/_libs/tslibs/timedeltas.pyi
copying file /Users/calum/Developer/Excelerator/env/lib/python3.11/site-packages/pandas/_libs/tslibs/parsing.pyi -> /Users/calum/Developer/Excelerator/dist/Excelerate.app/Contents/Resources/lib/python3.11/pandas/_libs/tslibs/parsing.pyi
copying file /Users/calum/Developer/Excelerator/env/lib/python3.11/site-packages/pandas/_libs/tslibs/timestamps.cpython-311-darwin.so -> /Users/calum/Developer/Excelerator/dist/Excelerate.app/Contents/Resources/lib/python3.11/pandas/_libs/tslibs/timestamps.cpython-311-darwin.so
copying file /Users/calum/Developer/Excelerator/env/lib/python3.11/site-packages/pandas/_libs/tslibs/dtypes.pyi -> /Users/calum/Developer/Excelerator/dist/Excelerate.app/Contents/Resources/lib/python3.11/pandas/_libs/tslibs/dtypes.pyi
copying file /Users/calum/Developer/Excelerator/env/lib/python3.11/site-packages/pandas/_libs/tslibs/timezones.pyi -> /Users/calum/Developer/Excelerator/dist/Excelerate.app/Contents/Resources/lib/python3.11/pandas/_libs/tslibs/timezones.pyi
copying file /Users/calum/Developer/Excelerator/env/lib/python3.11/site-packages/pandas/_libs/tslibs/np_datetime.pyi -> /Users/calum/Developer/Excelerator/dist/Excelerate.app/Contents/Resources/lib/python3.11/pandas/_libs/tslibs/np_datetime.pyi
copying file /Users/calum/Developer/Excelerator/env/lib/python3.11/site-packages/pandas/_libs/tslibs/vectorized.pyi -> /Users/calum/Developer/Excelerator/dist/Excelerate.app/Contents/Resources/lib/python3.11/pandas/_libs/tslibs/vectorized.pyi
copying file /Users/calum/Developer/Excelerator/env/lib/python3.11/site-packages/pandas/_libs/tslibs/strptime.pyi -> /Users/calum/Developer/Excelerator/dist/Excelerate.app/Contents/Resources/lib/python3.11/pandas/_libs/tslibs/strptime.pyi
copying file /Users/calum/Developer/Excelerator/env/lib/python3.11/site-packages/pandas/_libs/tslibs/np_datetime.cpython-311-darwin.so -> /Users/calum/Developer/Excelerator/dist/Excelerate.app/Contents/Resources/lib/python3.11/pandas/_libs/tslibs/np_datetime.cpython-311-darwin.so
copying file /Users/calum/Developer/Excelerator/env/lib/python3.11/site-packages/pandas/_libs/tslibs/period.pyi -> /Users/calum/Developer/Excelerator/dist/Excelerate.app/Contents/Resources/lib/python3.11/pandas/_libs/tslibs/period.pyi
copying file /Users/calum/Developer/Excelerator/env/lib/python3.11/site-packages/pandas/_libs/tslibs/timestamps.pyi -> /Users/calum/Developer/Excelerator/dist/Excelerate.app/Contents/Resources/lib/python3.11/pandas/_libs/tslibs/timestamps.pyi
copying file /Users/calum/Developer/Excelerator/env/lib/python3.11/site-packages/pandas/_libs/tslibs/__init__.py -> /Users/calum/Developer/Excelerator/dist/Excelerate.app/Contents/Resources/lib/python3.11/pandas/_libs/tslibs/__init__.py
creating /Users/calum/Developer/Excelerator/dist/Excelerate.app/Contents/Resources/lib/python3.11/pandas/_libs/tslibs/__pycache__
copying file /Users/calum/Developer/Excelerator/env/lib/python3.11/site-packages/pandas/_libs/tslibs/__pycache__/__init__.cpython-311.pyc -> /Users/calum/Developer/Excelerator/dist/Excelerate.app/Contents/Resources/lib/python3.11/pandas/_libs/tslibs/__pycache__/__init__.cpython-311.pyc
copying file /Users/calum/Developer/Excelerator/env/lib/python3.11/site-packages/pandas/_libs/tslibs/timezones.cpython-311-darwin.so -> /Users/calum/Developer/Excelerator/dist/Excelerate.app/Contents/Resources/lib/python3.11/pandas/_libs/tslibs/timezones.cpython-311-darwin.so
copying file /Users/calum/Developer/Excelerator/env/lib/python3.11/site-packages/pandas/_libs/tslibs/period.cpython-311-darwin.so -> /Users/calum/Developer/Excelerator/dist/Excelerate.app/Contents/Resources/lib/python3.11/pandas/_libs/tslibs/period.cpython-311-darwin.so
copying file /Users/calum/Developer/Excelerator/env/lib/python3.11/site-packages/pandas/_libs/tslibs/conversion.cpython-311-darwin.so -> /Users/calum/Developer/Excelerator/dist/Excelerate.app/Contents/Resources/lib/python3.11/pandas/_libs/tslibs/conversion.cpython-311-darwin.so
copying file /Users/calum/Developer/Excelerator/env/lib/python3.11/site-packages/pandas/_libs/tslibs/nattype.cpython-311-darwin.so -> /Users/calum/Developer/Excelerator/dist/Excelerate.app/Contents/Resources/lib/python3.11/pandas/_libs/tslibs/nattype.cpython-311-darwin.so
copying file /Users/calum/Developer/Excelerator/env/lib/python3.11/site-packages/pandas/_libs/tslibs/fields.cpython-311-darwin.so -> /Users/calum/Developer/Excelerator/dist/Excelerate.app/Contents/Resources/lib/python3.11/pandas/_libs/tslibs/fields.cpython-311-darwin.so
copying file /Users/calum/Developer/Excelerator/env/lib/python3.11/site-packages/pandas/_libs/tslibs/ccalendar.pyi -> /Users/calum/Developer/Excelerator/dist/Excelerate.app/Contents/Resources/lib/python3.11/pandas/_libs/tslibs/ccalendar.pyi
copying file /Users/calum/Developer/Excelerator/env/lib/python3.11/site-packages/pandas/_libs/tslibs/tzconversion.cpython-311-darwin.so -> /Users/calum/Developer/Excelerator/dist/Excelerate.app/Contents/Resources/lib/python3.11/pandas/_libs/tslibs/tzconversion.cpython-311-darwin.so
copying file /Users/calum/Developer/Excelerator/env/lib/python3.11/site-packages/pandas/_libs/tslibs/fields.pyi -> /Users/calum/Developer/Excelerator/dist/Excelerate.app/Contents/Resources/lib/python3.11/pandas/_libs/tslibs/fields.pyi
copying file /Users/calum/Developer/Excelerator/env/lib/python3.11/site-packages/pandas/_libs/tslibs/nattype.pyi -> /Users/calum/Developer/Excelerator/dist/Excelerate.app/Contents/Resources/lib/python3.11/pandas/_libs/tslibs/nattype.pyi
copying file /Users/calum/Developer/Excelerator/env/lib/python3.11/site-packages/pandas/_libs/tslibs/conversion.pyi -> /Users/calum/Developer/Excelerator/dist/Excelerate.app/Contents/Resources/lib/python3.11/pandas/_libs/tslibs/conversion.pyi
copying file /Users/calum/Developer/Excelerator/env/lib/python3.11/site-packages/pandas/_libs/tslibs/offsets.cpython-311-darwin.so -> /Users/calum/Developer/Excelerator/dist/Excelerate.app/Contents/Resources/lib/python3.11/pandas/_libs/tslibs/offsets.cpython-311-darwin.so
copying file /Users/calum/Developer/Excelerator/env/lib/python3.11/site-packages/pandas/_libs/tslibs/timedeltas.cpython-311-darwin.so -> /Users/calum/Developer/Excelerator/dist/Excelerate.app/Contents/Resources/lib/python3.11/pandas/_libs/tslibs/timedeltas.cpython-311-darwin.so
copying file /Users/calum/Developer/Excelerator/env/lib/python3.11/site-packages/pandas/_libs/tslibs/ccalendar.cpython-311-darwin.so -> /Users/calum/Developer/Excelerator/dist/Excelerate.app/Contents/Resources/lib/python3.11/pandas/_libs/tslibs/ccalendar.cpython-311-darwin.so
copying file /Users/calum/Developer/Excelerator/env/lib/python3.11/site-packages/pandas/_libs/properties.cpython-311-darwin.so -> /Users/calum/Developer/Excelerator/dist/Excelerate.app/Contents/Resources/lib/python3.11/pandas/_libs/properties.cpython-311-darwin.so
copying file /Users/calum/Developer/Excelerator/env/lib/python3.11/site-packages/pandas/_libs/hashtable.pyi -> /Users/calum/Developer/Excelerator/dist/Excelerate.app/Contents/Resources/lib/python3.11/pandas/_libs/hashtable.pyi
copying file /Users/calum/Developer/Excelerator/env/lib/python3.11/site-packages/pandas/_libs/ops_dispatch.cpython-311-darwin.so -> /Users/calum/Developer/Excelerator/dist/Excelerate.app/Contents/Resources/lib/python3.11/pandas/_libs/ops_dispatch.cpython-311-darwin.so
copying file /Users/calum/Developer/Excelerator/env/lib/python3.11/site-packages/pandas/_libs/byteswap.pyi -> /Users/calum/Developer/Excelerator/dist/Excelerate.app/Contents/Resources/lib/python3.11/pandas/_libs/byteswap.pyi
copying file /Users/calum/Developer/Excelerator/env/lib/python3.11/site-packages/pandas/_libs/pandas_datetime.cpython-311-darwin.so -> /Users/calum/Developer/Excelerator/dist/Excelerate.app/Contents/Resources/lib/python3.11/pandas/_libs/pandas_datetime.cpython-311-darwin.so
copying file /Users/calum/Developer/Excelerator/env/lib/python3.11/site-packages/pandas/_libs/writers.cpython-311-darwin.so -> /Users/calum/Developer/Excelerator/dist/Excelerate.app/Contents/Resources/lib/python3.11/pandas/_libs/writers.cpython-311-darwin.so
copying file /Users/calum/Developer/Excelerator/env/lib/python3.11/site-packages/pandas/_libs/interval.cpython-311-darwin.so -> /Users/calum/Developer/Excelerator/dist/Excelerate.app/Contents/Resources/lib/python3.11/pandas/_libs/interval.cpython-311-darwin.so
copying file /Users/calum/Developer/Excelerator/env/lib/python3.11/site-packages/pandas/_libs/arrays.pyi -> /Users/calum/Developer/Excelerator/dist/Excelerate.app/Contents/Resources/lib/python3.11/pandas/_libs/arrays.pyi
copying file /Users/calum/Developer/Excelerator/env/lib/python3.11/site-packages/pandas/_libs/properties.pyi -> /Users/calum/Developer/Excelerator/dist/Excelerate.app/Contents/Resources/lib/python3.11/pandas/_libs/properties.pyi
creating /Users/calum/Developer/Excelerator/dist/Excelerate.app/Contents/Resources/lib/python3.11/pandas/plotting
copying file /Users/calum/Developer/Excelerator/env/lib/python3.11/site-packages/pandas/plotting/__init__.py -> /Users/calum/Developer/Excelerator/dist/Excelerate.app/Contents/Resources/lib/python3.11/pandas/plotting/__init__.py
creating /Users/calum/Developer/Excelerator/dist/Excelerate.app/Contents/Resources/lib/python3.11/pandas/plotting/__pycache__
copying file /Users/calum/Developer/Excelerator/env/lib/python3.11/site-packages/pandas/plotting/__pycache__/_core.cpython-311.pyc -> /Users/calum/Developer/Excelerator/dist/Excelerate.app/Contents/Resources/lib/python3.11/pandas/plotting/__pycache__/_core.cpython-311.pyc
copying file /Users/calum/Developer/Excelerator/env/lib/python3.11/site-packages/pandas/plotting/__pycache__/_misc.cpython-311.pyc -> /Users/calum/Developer/Excelerator/dist/Excelerate.app/Contents/Resources/lib/python3.11/pandas/plotting/__pycache__/_misc.cpython-311.pyc
copying file /Users/calum/Developer/Excelerator/env/lib/python3.11/site-packages/pandas/plotting/__pycache__/__init__.cpython-311.pyc -> /Users/calum/Developer/Excelerator/dist/Excelerate.app/Contents/Resources/lib/python3.11/pandas/plotting/__pycache__/__init__.cpython-311.pyc
copying file /Users/calum/Developer/Excelerator/env/lib/python3.11/site-packages/pandas/plotting/_core.py -> /Users/calum/Developer/Excelerator/dist/Excelerate.app/Contents/Resources/lib/python3.11/pandas/plotting/_core.py
creating /Users/calum/Developer/Excelerator/dist/Excelerate.app/Contents/Resources/lib/python3.11/pandas/plotting/_matplotlib
copying file /Users/calum/Developer/Excelerator/env/lib/python3.11/site-packages/pandas/plotting/_matplotlib/misc.py -> /Users/calum/Developer/Excelerator/dist/Excelerate.app/Contents/Resources/lib/python3.11/pandas/plotting/_matplotlib/misc.py
copying file /Users/calum/Developer/Excelerator/env/lib/python3.11/site-packages/pandas/plotting/_matplotlib/hist.py -> /Users/calum/Developer/Excelerator/dist/Excelerate.app/Contents/Resources/lib/python3.11/pandas/plotting/_matplotlib/hist.py
copying file /Users/calum/Developer/Excelerator/env/lib/python3.11/site-packages/pandas/plotting/_matplotlib/boxplot.py -> /Users/calum/Developer/Excelerator/dist/Excelerate.app/Contents/Resources/lib/python3.11/pandas/plotting/_matplotlib/boxplot.py
copying file /Users/calum/Developer/Excelerator/env/lib/python3.11/site-packages/pandas/plotting/_matplotlib/style.py -> /Users/calum/Developer/Excelerator/dist/Excelerate.app/Contents/Resources/lib/python3.11/pandas/plotting/_matplotlib/style.py
copying file /Users/calum/Developer/Excelerator/env/lib/python3.11/site-packages/pandas/plotting/_matplotlib/tools.py -> /Users/calum/Developer/Excelerator/dist/Excelerate.app/Contents/Resources/lib/python3.11/pandas/plotting/_matplotlib/tools.py
copying file /Users/calum/Developer/Excelerator/env/lib/python3.11/site-packages/pandas/plotting/_matplotlib/converter.py -> /Users/calum/Developer/Excelerator/dist/Excelerate.app/Contents/Resources/lib/python3.11/pandas/plotting/_matplotlib/converter.py
copying file /Users/calum/Developer/Excelerator/env/lib/python3.11/site-packages/pandas/plotting/_matplotlib/__init__.py -> /Users/calum/Developer/Excelerator/dist/Excelerate.app/Contents/Resources/lib/python3.11/pandas/plotting/_matplotlib/__init__.py
copying file /Users/calum/Developer/Excelerator/env/lib/python3.11/site-packages/pandas/plotting/_matplotlib/core.py -> /Users/calum/Developer/Excelerator/dist/Excelerate.app/Contents/Resources/lib/python3.11/pandas/plotting/_matplotlib/core.py
creating /Users/calum/Developer/Excelerator/dist/Excelerate.app/Contents/Resources/lib/python3.11/pandas/plotting/_matplotlib/__pycache__
copying file /Users/calum/Developer/Excelerator/env/lib/python3.11/site-packages/pandas/plotting/_matplotlib/__pycache__/groupby.cpython-311.pyc -> /Users/calum/Developer/Excelerator/dist/Excelerate.app/Contents/Resources/lib/python3.11/pandas/plotting/_matplotlib/__pycache__/groupby.cpython-311.pyc
copying file /Users/calum/Developer/Excelerator/env/lib/python3.11/site-packages/pandas/plotting/_matplotlib/__pycache__/core.cpython-311.pyc -> /Users/calum/Developer/Excelerator/dist/Excelerate.app/Contents/Resources/lib/python3.11/pandas/plotting/_matplotlib/__pycache__/core.cpython-311.pyc
copying file /Users/calum/Developer/Excelerator/env/lib/python3.11/site-packages/pandas/plotting/_matplotlib/__pycache__/converter.cpython-311.pyc -> /Users/calum/Developer/Excelerator/dist/Excelerate.app/Contents/Resources/lib/python3.11/pandas/plotting/_matplotlib/__pycache__/converter.cpython-311.pyc
copying file /Users/calum/Developer/Excelerator/env/lib/python3.11/site-packages/pandas/plotting/_matplotlib/__pycache__/style.cpython-311.pyc -> /Users/calum/Developer/Excelerator/dist/Excelerate.app/Contents/Resources/lib/python3.11/pandas/plotting/_matplotlib/__pycache__/style.cpython-311.pyc
copying file /Users/calum/Developer/Excelerator/env/lib/python3.11/site-packages/pandas/plotting/_matplotlib/__pycache__/boxplot.cpython-311.pyc -> /Users/calum/Developer/Excelerator/dist/Excelerate.app/Contents/Resources/lib/python3.11/pandas/plotting/_matplotlib/__pycache__/boxplot.cpython-311.pyc
copying file /Users/calum/Developer/Excelerator/env/lib/python3.11/site-packages/pandas/plotting/_matplotlib/__pycache__/misc.cpython-311.pyc -> /Users/calum/Developer/Excelerator/dist/Excelerate.app/Contents/Resources/lib/python3.11/pandas/plotting/_matplotlib/__pycache__/misc.cpython-311.pyc
copying file /Users/calum/Developer/Excelerator/env/lib/python3.11/site-packages/pandas/plotting/_matplotlib/__pycache__/timeseries.cpython-311.pyc -> /Users/calum/Developer/Excelerator/dist/Excelerate.app/Contents/Resources/lib/python3.11/pandas/plotting/_matplotlib/__pycache__/timeseries.cpython-311.pyc
copying file /Users/calum/Developer/Excelerator/env/lib/python3.11/site-packages/pandas/plotting/_matplotlib/__pycache__/tools.cpython-311.pyc -> /Users/calum/Developer/Excelerator/dist/Excelerate.app/Contents/Resources/lib/python3.11/pandas/plotting/_matplotlib/__pycache__/tools.cpython-311.pyc
copying file /Users/calum/Developer/Excelerator/env/lib/python3.11/site-packages/pandas/plotting/_matplotlib/__pycache__/__init__.cpython-311.pyc -> /Users/calum/Developer/Excelerator/dist/Excelerate.app/Contents/Resources/lib/python3.11/pandas/plotting/_matplotlib/__pycache__/__init__.cpython-311.pyc
copying file /Users/calum/Developer/Excelerator/env/lib/python3.11/site-packages/pandas/plotting/_matplotlib/__pycache__/hist.cpython-311.pyc -> /Users/calum/Developer/Excelerator/dist/Excelerate.app/Contents/Resources/lib/python3.11/pandas/plotting/_matplotlib/__pycache__/hist.cpython-311.pyc
copying file /Users/calum/Developer/Excelerator/env/lib/python3.11/site-packages/pandas/plotting/_matplotlib/groupby.py -> /Users/calum/Developer/Excelerator/dist/Excelerate.app/Contents/Resources/lib/python3.11/pandas/plotting/_matplotlib/groupby.py
copying file /Users/calum/Developer/Excelerator/env/lib/python3.11/site-packages/pandas/plotting/_matplotlib/timeseries.py -> /Users/calum/Developer/Excelerator/dist/Excelerate.app/Contents/Resources/lib/python3.11/pandas/plotting/_matplotlib/timeseries.py
copying file /Users/calum/Developer/Excelerator/env/lib/python3.11/site-packages/pandas/plotting/_misc.py -> /Users/calum/Developer/Excelerator/dist/Excelerate.app/Contents/Resources/lib/python3.11/pandas/plotting/_misc.py
creating /Users/calum/Developer/Excelerator/dist/Excelerate.app/Contents/Resources/lib/python3.11/pandas/arrays
copying file /Users/calum/Developer/Excelerator/env/lib/python3.11/site-packages/pandas/arrays/__init__.py -> /Users/calum/Developer/Excelerator/dist/Excelerate.app/Contents/Resources/lib/python3.11/pandas/arrays/__init__.py
creating /Users/calum/Developer/Excelerator/dist/Excelerate.app/Contents/Resources/lib/python3.11/pandas/arrays/__pycache__
copying file /Users/calum/Developer/Excelerator/env/lib/python3.11/site-packages/pandas/arrays/__pycache__/__init__.cpython-311.pyc -> /Users/calum/Developer/Excelerator/dist/Excelerate.app/Contents/Resources/lib/python3.11/pandas/arrays/__pycache__/__init__.cpython-311.pyc
creating /Users/calum/Developer/Excelerator/dist/Excelerate.app/Contents/Resources/lib/python3.11/pandas/api
creating /Users/calum/Developer/Excelerator/dist/Excelerate.app/Contents/Resources/lib/python3.11/pandas/api/indexers
copying file /Users/calum/Developer/Excelerator/env/lib/python3.11/site-packages/pandas/api/indexers/__init__.py -> /Users/calum/Developer/Excelerator/dist/Excelerate.app/Contents/Resources/lib/python3.11/pandas/api/indexers/__init__.py
creating /Users/calum/Developer/Excelerator/dist/Excelerate.app/Contents/Resources/lib/python3.11/pandas/api/indexers/__pycache__
copying file /Users/calum/Developer/Excelerator/env/lib/python3.11/site-packages/pandas/api/indexers/__pycache__/__init__.cpython-311.pyc -> /Users/calum/Developer/Excelerator/dist/Excelerate.app/Contents/Resources/lib/python3.11/pandas/api/indexers/__pycache__/__init__.cpython-311.pyc
creating /Users/calum/Developer/Excelerator/dist/Excelerate.app/Contents/Resources/lib/python3.11/pandas/api/types
copying file /Users/calum/Developer/Excelerator/env/lib/python3.11/site-packages/pandas/api/types/__init__.py -> /Users/calum/Developer/Excelerator/dist/Excelerate.app/Contents/Resources/lib/python3.11/pandas/api/types/__init__.py
creating /Users/calum/Developer/Excelerator/dist/Excelerate.app/Contents/Resources/lib/python3.11/pandas/api/types/__pycache__
copying file /Users/calum/Developer/Excelerator/env/lib/python3.11/site-packages/pandas/api/types/__pycache__/__init__.cpython-311.pyc -> /Users/calum/Developer/Excelerator/dist/Excelerate.app/Contents/Resources/lib/python3.11/pandas/api/types/__pycache__/__init__.cpython-311.pyc
creating /Users/calum/Developer/Excelerator/dist/Excelerate.app/Contents/Resources/lib/python3.11/pandas/api/interchange
copying file /Users/calum/Developer/Excelerator/env/lib/python3.11/site-packages/pandas/api/interchange/__init__.py -> /Users/calum/Developer/Excelerator/dist/Excelerate.app/Contents/Resources/lib/python3.11/pandas/api/interchange/__init__.py
creating /Users/calum/Developer/Excelerator/dist/Excelerate.app/Contents/Resources/lib/python3.11/pandas/api/interchange/__pycache__
copying file /Users/calum/Developer/Excelerator/env/lib/python3.11/site-packages/pandas/api/interchange/__pycache__/__init__.cpython-311.pyc -> /Users/calum/Developer/Excelerator/dist/Excelerate.app/Contents/Resources/lib/python3.11/pandas/api/interchange/__pycache__/__init__.cpython-311.pyc
copying file /Users/calum/Developer/Excelerator/env/lib/python3.11/site-packages/pandas/api/__init__.py -> /Users/calum/Developer/Excelerator/dist/Excelerate.app/Contents/Resources/lib/python3.11/pandas/api/__init__.py
creating /Users/calum/Developer/Excelerator/dist/Excelerate.app/Contents/Resources/lib/python3.11/pandas/api/__pycache__
copying file /Users/calum/Developer/Excelerator/env/lib/python3.11/site-packages/pandas/api/__pycache__/__init__.cpython-311.pyc -> /Users/calum/Developer/Excelerator/dist/Excelerate.app/Contents/Resources/lib/python3.11/pandas/api/__pycache__/__init__.cpython-311.pyc
creating /Users/calum/Developer/Excelerator/dist/Excelerate.app/Contents/Resources/lib/python3.11/pandas/api/extensions
copying file /Users/calum/Developer/Excelerator/env/lib/python3.11/site-packages/pandas/api/extensions/__init__.py -> /Users/calum/Developer/Excelerator/dist/Excelerate.app/Contents/Resources/lib/python3.11/pandas/api/extensions/__init__.py
creating /Users/calum/Developer/Excelerator/dist/Excelerate.app/Contents/Resources/lib/python3.11/pandas/api/extensions/__pycache__
copying file /Users/calum/Developer/Excelerator/env/lib/python3.11/site-packages/pandas/api/extensions/__pycache__/__init__.cpython-311.pyc -> /Users/calum/Developer/Excelerator/dist/Excelerate.app/Contents/Resources/lib/python3.11/pandas/api/extensions/__pycache__/__init__.cpython-311.pyc
creating /Users/calum/Developer/Excelerator/dist/Excelerate.app/Contents/Resources/lib/python3.11/pandas/api/typing
copying file /Users/calum/Developer/Excelerator/env/lib/python3.11/site-packages/pandas/api/typing/__init__.py -> /Users/calum/Developer/Excelerator/dist/Excelerate.app/Contents/Resources/lib/python3.11/pandas/api/typing/__init__.py
creating /Users/calum/Developer/Excelerator/dist/Excelerate.app/Contents/Resources/lib/python3.11/pandas/api/typing/__pycache__
copying file /Users/calum/Developer/Excelerator/env/lib/python3.11/site-packages/pandas/api/typing/__pycache__/__init__.cpython-311.pyc -> /Users/calum/Developer/Excelerator/dist/Excelerate.app/Contents/Resources/lib/python3.11/pandas/api/typing/__pycache__/__init__.cpython-311.pyc
copying file /Users/calum/Developer/Excelerator/env/lib/python3.11/site-packages/pandas/_version_meson.py -> /Users/calum/Developer/Excelerator/dist/Excelerate.app/Contents/Resources/lib/python3.11/pandas/_version_meson.py
creating /Users/calum/Developer/Excelerator/dist/Excelerate.app/Contents/Resources/lib/python3.11/pandas/errors
copying file /Users/calum/Developer/Excelerator/env/lib/python3.11/site-packages/pandas/errors/__init__.py -> /Users/calum/Developer/Excelerator/dist/Excelerate.app/Contents/Resources/lib/python3.11/pandas/errors/__init__.py
creating /Users/calum/Developer/Excelerator/dist/Excelerate.app/Contents/Resources/lib/python3.11/pandas/errors/__pycache__
copying file /Users/calum/Developer/Excelerator/env/lib/python3.11/site-packages/pandas/errors/__pycache__/__init__.cpython-311.pyc -> /Users/calum/Developer/Excelerator/dist/Excelerate.app/Contents/Resources/lib/python3.11/pandas/errors/__pycache__/__init__.cpython-311.pyc
copying file /Users/calum/Developer/Excelerator/env/lib/python3.11/site-packages/pandas/testing.py -> /Users/calum/Developer/Excelerator/dist/Excelerate.app/Contents/Resources/lib/python3.11/pandas/testing.py
creating /Users/calum/Developer/Excelerator/dist/Excelerate.app/Contents/Resources/lib/python3.11/pandas/_config
copying file /Users/calum/Developer/Excelerator/env/lib/python3.11/site-packages/pandas/_config/config.py -> /Users/calum/Developer/Excelerator/dist/Excelerate.app/Contents/Resources/lib/python3.11/pandas/_config/config.py
copying file /Users/calum/Developer/Excelerator/env/lib/python3.11/site-packages/pandas/_config/__init__.py -> /Users/calum/Developer/Excelerator/dist/Excelerate.app/Contents/Resources/lib/python3.11/pandas/_config/__init__.py
creating /Users/calum/Developer/Excelerator/dist/Excelerate.app/Contents/Resources/lib/python3.11/pandas/_config/__pycache__
copying file /Users/calum/Developer/Excelerator/env/lib/python3.11/site-packages/pandas/_config/__pycache__/display.cpython-311.pyc -> /Users/calum/Developer/Excelerator/dist/Excelerate.app/Contents/Resources/lib/python3.11/pandas/_config/__pycache__/display.cpython-311.pyc
copying file /Users/calum/Developer/Excelerator/env/lib/python3.11/site-packages/pandas/_config/__pycache__/config.cpython-311.pyc -> /Users/calum/Developer/Excelerator/dist/Excelerate.app/Contents/Resources/lib/python3.11/pandas/_config/__pycache__/config.cpython-311.pyc
copying file /Users/calum/Developer/Excelerator/env/lib/python3.11/site-packages/pandas/_config/__pycache__/dates.cpython-311.pyc -> /Users/calum/Developer/Excelerator/dist/Excelerate.app/Contents/Resources/lib/python3.11/pandas/_config/__pycache__/dates.cpython-311.pyc
copying file /Users/calum/Developer/Excelerator/env/lib/python3.11/site-packages/pandas/_config/__pycache__/localization.cpython-311.pyc -> /Users/calum/Developer/Excelerator/dist/Excelerate.app/Contents/Resources/lib/python3.11/pandas/_config/__pycache__/localization.cpython-311.pyc
copying file /Users/calum/Developer/Excelerator/env/lib/python3.11/site-packages/pandas/_config/__pycache__/__init__.cpython-311.pyc -> /Users/calum/Developer/Excelerator/dist/Excelerate.app/Contents/Resources/lib/python3.11/pandas/_config/__pycache__/__init__.cpython-311.pyc
copying file /Users/calum/Developer/Excelerator/env/lib/python3.11/site-packages/pandas/_config/display.py -> /Users/calum/Developer/Excelerator/dist/Excelerate.app/Contents/Resources/lib/python3.11/pandas/_config/display.py
copying file /Users/calum/Developer/Excelerator/env/lib/python3.11/site-packages/pandas/_config/localization.py -> /Users/calum/Developer/Excelerator/dist/Excelerate.app/Contents/Resources/lib/python3.11/pandas/_config/localization.py
copying file /Users/calum/Developer/Excelerator/env/lib/python3.11/site-packages/pandas/_config/dates.py -> /Users/calum/Developer/Excelerator/dist/Excelerate.app/Contents/Resources/lib/python3.11/pandas/_config/dates.py
creating /Users/calum/Developer/Excelerator/dist/Excelerate.app/Contents/Resources/lib/python3.11/pytz
creating /Users/calum/Developer/Excelerator/dist/Excelerate.app/Contents/Resources/lib/python3.11/pytz/zoneinfo
creating /Users/calum/Developer/Excelerator/dist/Excelerate.app/Contents/Resources/lib/python3.11/pytz/zoneinfo/Indian
copying file /Users/calum/Developer/Excelerator/env/lib/python3.11/site-packages/pytz/zoneinfo/Indian/Mauritius -> /Users/calum/Developer/Excelerator/dist/Excelerate.app/Contents/Resources/lib/python3.11/pytz/zoneinfo/Indian/Mauritius
copying file /Users/calum/Developer/Excelerator/env/lib/python3.11/site-packages/pytz/zoneinfo/Indian/Chagos -> /Users/calum/Developer/Excelerator/dist/Excelerate.app/Contents/Resources/lib/python3.11/pytz/zoneinfo/Indian/Chagos
copying file /Users/calum/Developer/Excelerator/env/lib/python3.11/site-packages/pytz/zoneinfo/Indian/Mayotte -> /Users/calum/Developer/Excelerator/dist/Excelerate.app/Contents/Resources/lib/python3.11/pytz/zoneinfo/Indian/Mayotte
copying file /Users/calum/Developer/Excelerator/env/lib/python3.11/site-packages/pytz/zoneinfo/Indian/Christmas -> /Users/calum/Developer/Excelerator/dist/Excelerate.app/Contents/Resources/lib/python3.11/pytz/zoneinfo/Indian/Christmas
copying file /Users/calum/Developer/Excelerator/env/lib/python3.11/site-packages/pytz/zoneinfo/Indian/Cocos -> /Users/calum/Developer/Excelerator/dist/Excelerate.app/Contents/Resources/lib/python3.11/pytz/zoneinfo/Indian/Cocos
copying file /Users/calum/Developer/Excelerator/env/lib/python3.11/site-packages/pytz/zoneinfo/Indian/Maldives -> /Users/calum/Developer/Excelerator/dist/Excelerate.app/Contents/Resources/lib/python3.11/pytz/zoneinfo/Indian/Maldives
copying file /Users/calum/Developer/Excelerator/env/lib/python3.11/site-packages/pytz/zoneinfo/Indian/Comoro -> /Users/calum/Developer/Excelerator/dist/Excelerate.app/Contents/Resources/lib/python3.11/pytz/zoneinfo/Indian/Comoro
copying file /Users/calum/Developer/Excelerator/env/lib/python3.11/site-packages/pytz/zoneinfo/Indian/Reunion -> /Users/calum/Developer/Excelerator/dist/Excelerate.app/Contents/Resources/lib/python3.11/pytz/zoneinfo/Indian/Reunion
copying file /Users/calum/Developer/Excelerator/env/lib/python3.11/site-packages/pytz/zoneinfo/Indian/Mahe -> /Users/calum/Developer/Excelerator/dist/Excelerate.app/Contents/Resources/lib/python3.11/pytz/zoneinfo/Indian/Mahe
copying file /Users/calum/Developer/Excelerator/env/lib/python3.11/site-packages/pytz/zoneinfo/Indian/Kerguelen -> /Users/calum/Developer/Excelerator/dist/Excelerate.app/Contents/Resources/lib/python3.11/pytz/zoneinfo/Indian/Kerguelen
copying file /Users/calum/Developer/Excelerator/env/lib/python3.11/site-packages/pytz/zoneinfo/Indian/Antananarivo -> /Users/calum/Developer/Excelerator/dist/Excelerate.app/Contents/Resources/lib/python3.11/pytz/zoneinfo/Indian/Antananarivo
creating /Users/calum/Developer/Excelerator/dist/Excelerate.app/Contents/Resources/lib/python3.11/pytz/zoneinfo/Atlantic
copying file /Users/calum/Developer/Excelerator/env/lib/python3.11/site-packages/pytz/zoneinfo/Atlantic/Faroe -> /Users/calum/Developer/Excelerator/dist/Excelerate.app/Contents/Resources/lib/python3.11/pytz/zoneinfo/Atlantic/Faroe
copying file /Users/calum/Developer/Excelerator/env/lib/python3.11/site-packages/pytz/zoneinfo/Atlantic/Canary -> /Users/calum/Developer/Excelerator/dist/Excelerate.app/Contents/Resources/lib/python3.11/pytz/zoneinfo/Atlantic/Canary
copying file /Users/calum/Developer/Excelerator/env/lib/python3.11/site-packages/pytz/zoneinfo/Atlantic/Stanley -> /Users/calum/Developer/Excelerator/dist/Excelerate.app/Contents/Resources/lib/python3.11/pytz/zoneinfo/Atlantic/Stanley
copying file /Users/calum/Developer/Excelerator/env/lib/python3.11/site-packages/pytz/zoneinfo/Atlantic/Bermuda -> /Users/calum/Developer/Excelerator/dist/Excelerate.app/Contents/Resources/lib/python3.11/pytz/zoneinfo/Atlantic/Bermuda
copying file /Users/calum/Developer/Excelerator/env/lib/python3.11/site-packages/pytz/zoneinfo/Atlantic/South_Georgia -> /Users/calum/Developer/Excelerator/dist/Excelerate.app/Contents/Resources/lib/python3.11/pytz/zoneinfo/Atlantic/South_Georgia
copying file /Users/calum/Developer/Excelerator/env/lib/python3.11/site-packages/pytz/zoneinfo/Atlantic/St_Helena -> /Users/calum/Developer/Excelerator/dist/Excelerate.app/Contents/Resources/lib/python3.11/pytz/zoneinfo/Atlantic/St_Helena
copying file /Users/calum/Developer/Excelerator/env/lib/python3.11/site-packages/pytz/zoneinfo/Atlantic/Jan_Mayen -> /Users/calum/Developer/Excelerator/dist/Excelerate.app/Contents/Resources/lib/python3.11/pytz/zoneinfo/Atlantic/Jan_Mayen
copying file /Users/calum/Developer/Excelerator/env/lib/python3.11/site-packages/pytz/zoneinfo/Atlantic/Faeroe -> /Users/calum/Developer/Excelerator/dist/Excelerate.app/Contents/Resources/lib/python3.11/pytz/zoneinfo/Atlantic/Faeroe
copying file /Users/calum/Developer/Excelerator/env/lib/python3.11/site-packages/pytz/zoneinfo/Atlantic/Reykjavik -> /Users/calum/Developer/Excelerator/dist/Excelerate.app/Contents/Resources/lib/python3.11/pytz/zoneinfo/Atlantic/Reykjavik
copying file /Users/calum/Developer/Excelerator/env/lib/python3.11/site-packages/pytz/zoneinfo/Atlantic/Cape_Verde -> /Users/calum/Developer/Excelerator/dist/Excelerate.app/Contents/Resources/lib/python3.11/pytz/zoneinfo/Atlantic/Cape_Verde
copying file /Users/calum/Developer/Excelerator/env/lib/python3.11/site-packages/pytz/zoneinfo/Atlantic/Azores -> /Users/calum/Developer/Excelerator/dist/Excelerate.app/Contents/Resources/lib/python3.11/pytz/zoneinfo/Atlantic/Azores
copying file /Users/calum/Developer/Excelerator/env/lib/python3.11/site-packages/pytz/zoneinfo/Atlantic/Madeira -> /Users/calum/Developer/Excelerator/dist/Excelerate.app/Contents/Resources/lib/python3.11/pytz/zoneinfo/Atlantic/Madeira
copying file /Users/calum/Developer/Excelerator/env/lib/python3.11/site-packages/pytz/zoneinfo/CST6CDT -> /Users/calum/Developer/Excelerator/dist/Excelerate.app/Contents/Resources/lib/python3.11/pytz/zoneinfo/CST6CDT
copying file /Users/calum/Developer/Excelerator/env/lib/python3.11/site-packages/pytz/zoneinfo/Poland -> /Users/calum/Developer/Excelerator/dist/Excelerate.app/Contents/Resources/lib/python3.11/pytz/zoneinfo/Poland
creating /Users/calum/Developer/Excelerator/dist/Excelerate.app/Contents/Resources/lib/python3.11/pytz/zoneinfo/US
copying file /Users/calum/Developer/Excelerator/env/lib/python3.11/site-packages/pytz/zoneinfo/US/Alaska -> /Users/calum/Developer/Excelerator/dist/Excelerate.app/Contents/Resources/lib/python3.11/pytz/zoneinfo/US/Alaska
copying file /Users/calum/Developer/Excelerator/env/lib/python3.11/site-packages/pytz/zoneinfo/US/Pacific -> /Users/calum/Developer/Excelerator/dist/Excelerate.app/Contents/Resources/lib/python3.11/pytz/zoneinfo/US/Pacific
copying file /Users/calum/Developer/Excelerator/env/lib/python3.11/site-packages/pytz/zoneinfo/US/Eastern -> /Users/calum/Developer/Excelerator/dist/Excelerate.app/Contents/Resources/lib/python3.11/pytz/zoneinfo/US/Eastern
copying file /Users/calum/Developer/Excelerator/env/lib/python3.11/site-packages/pytz/zoneinfo/US/Michigan -> /Users/calum/Developer/Excelerator/dist/Excelerate.app/Contents/Resources/lib/python3.11/pytz/zoneinfo/US/Michigan
copying file /Users/calum/Developer/Excelerator/env/lib/python3.11/site-packages/pytz/zoneinfo/US/Arizona -> /Users/calum/Developer/Excelerator/dist/Excelerate.app/Contents/Resources/lib/python3.11/pytz/zoneinfo/US/Arizona
copying file /Users/calum/Developer/Excelerator/env/lib/python3.11/site-packages/pytz/zoneinfo/US/Indiana-Starke -> /Users/calum/Developer/Excelerator/dist/Excelerate.app/Contents/Resources/lib/python3.11/pytz/zoneinfo/US/Indiana-Starke
copying file /Users/calum/Developer/Excelerator/env/lib/python3.11/site-packages/pytz/zoneinfo/US/Aleutian -> /Users/calum/Developer/Excelerator/dist/Excelerate.app/Contents/Resources/lib/python3.11/pytz/zoneinfo/US/Aleutian
copying file /Users/calum/Developer/Excelerator/env/lib/python3.11/site-packages/pytz/zoneinfo/US/Hawaii -> /Users/calum/Developer/Excelerator/dist/Excelerate.app/Contents/Resources/lib/python3.11/pytz/zoneinfo/US/Hawaii
copying file /Users/calum/Developer/Excelerator/env/lib/python3.11/site-packages/pytz/zoneinfo/US/East-Indiana -> /Users/calum/Developer/Excelerator/dist/Excelerate.app/Contents/Resources/lib/python3.11/pytz/zoneinfo/US/East-Indiana
copying file /Users/calum/Developer/Excelerator/env/lib/python3.11/site-packages/pytz/zoneinfo/US/Central -> /Users/calum/Developer/Excelerator/dist/Excelerate.app/Contents/Resources/lib/python3.11/pytz/zoneinfo/US/Central
copying file /Users/calum/Developer/Excelerator/env/lib/python3.11/site-packages/pytz/zoneinfo/US/Mountain -> /Users/calum/Developer/Excelerator/dist/Excelerate.app/Contents/Resources/lib/python3.11/pytz/zoneinfo/US/Mountain
copying file /Users/calum/Developer/Excelerator/env/lib/python3.11/site-packages/pytz/zoneinfo/US/Samoa -> /Users/calum/Developer/Excelerator/dist/Excelerate.app/Contents/Resources/lib/python3.11/pytz/zoneinfo/US/Samoa
copying file /Users/calum/Developer/Excelerator/env/lib/python3.11/site-packages/pytz/zoneinfo/Kwajalein -> /Users/calum/Developer/Excelerator/dist/Excelerate.app/Contents/Resources/lib/python3.11/pytz/zoneinfo/Kwajalein
copying file /Users/calum/Developer/Excelerator/env/lib/python3.11/site-packages/pytz/zoneinfo/leapseconds -> /Users/calum/Developer/Excelerator/dist/Excelerate.app/Contents/Resources/lib/python3.11/pytz/zoneinfo/leapseconds
creating /Users/calum/Developer/Excelerator/dist/Excelerate.app/Contents/Resources/lib/python3.11/pytz/zoneinfo/Brazil
copying file /Users/calum/Developer/Excelerator/env/lib/python3.11/site-packages/pytz/zoneinfo/Brazil/DeNoronha -> /Users/calum/Developer/Excelerator/dist/Excelerate.app/Contents/Resources/lib/python3.11/pytz/zoneinfo/Brazil/DeNoronha
copying file /Users/calum/Developer/Excelerator/env/lib/python3.11/site-packages/pytz/zoneinfo/Brazil/Acre -> /Users/calum/Developer/Excelerator/dist/Excelerate.app/Contents/Resources/lib/python3.11/pytz/zoneinfo/Brazil/Acre
copying file /Users/calum/Developer/Excelerator/env/lib/python3.11/site-packages/pytz/zoneinfo/Brazil/East -> /Users/calum/Developer/Excelerator/dist/Excelerate.app/Contents/Resources/lib/python3.11/pytz/zoneinfo/Brazil/East
copying file /Users/calum/Developer/Excelerator/env/lib/python3.11/site-packages/pytz/zoneinfo/Brazil/West -> /Users/calum/Developer/Excelerator/dist/Excelerate.app/Contents/Resources/lib/python3.11/pytz/zoneinfo/Brazil/West
creating /Users/calum/Developer/Excelerator/dist/Excelerate.app/Contents/Resources/lib/python3.11/pytz/zoneinfo/Pacific
copying file /Users/calum/Developer/Excelerator/env/lib/python3.11/site-packages/pytz/zoneinfo/Pacific/Port_Moresby -> /Users/calum/Developer/Excelerator/dist/Excelerate.app/Contents/Resources/lib/python3.11/pytz/zoneinfo/Pacific/Port_Moresby
copying file /Users/calum/Developer/Excelerator/env/lib/python3.11/site-packages/pytz/zoneinfo/Pacific/Chuuk -> /Users/calum/Developer/Excelerator/dist/Excelerate.app/Contents/Resources/lib/python3.11/pytz/zoneinfo/Pacific/Chuuk
copying file /Users/calum/Developer/Excelerator/env/lib/python3.11/site-packages/pytz/zoneinfo/Pacific/Easter -> /Users/calum/Developer/Excelerator/dist/Excelerate.app/Contents/Resources/lib/python3.11/pytz/zoneinfo/Pacific/Easter
copying file /Users/calum/Developer/Excelerator/env/lib/python3.11/site-packages/pytz/zoneinfo/Pacific/Kwajalein -> /Users/calum/Developer/Excelerator/dist/Excelerate.app/Contents/Resources/lib/python3.11/pytz/zoneinfo/Pacific/Kwajalein
copying file /Users/calum/Developer/Excelerator/env/lib/python3.11/site-packages/pytz/zoneinfo/Pacific/Tongatapu -> /Users/calum/Developer/Excelerator/dist/Excelerate.app/Contents/Resources/lib/python3.11/pytz/zoneinfo/Pacific/Tongatapu
copying file /Users/calum/Developer/Excelerator/env/lib/python3.11/site-packages/pytz/zoneinfo/Pacific/Yap -> /Users/calum/Developer/Excelerator/dist/Excelerate.app/Contents/Resources/lib/python3.11/pytz/zoneinfo/Pacific/Yap
copying file /Users/calum/Developer/Excelerator/env/lib/python3.11/site-packages/pytz/zoneinfo/Pacific/Wallis -> /Users/calum/Developer/Excelerator/dist/Excelerate.app/Contents/Resources/lib/python3.11/pytz/zoneinfo/Pacific/Wallis
copying file /Users/calum/Developer/Excelerator/env/lib/python3.11/site-packages/pytz/zoneinfo/Pacific/Apia -> /Users/calum/Developer/Excelerator/dist/Excelerate.app/Contents/Resources/lib/python3.11/pytz/zoneinfo/Pacific/Apia
copying file /Users/calum/Developer/Excelerator/env/lib/python3.11/site-packages/pytz/zoneinfo/Pacific/Norfolk -> /Users/calum/Developer/Excelerator/dist/Excelerate.app/Contents/Resources/lib/python3.11/pytz/zoneinfo/Pacific/Norfolk
copying file /Users/calum/Developer/Excelerator/env/lib/python3.11/site-packages/pytz/zoneinfo/Pacific/Efate -> /Users/calum/Developer/Excelerator/dist/Excelerate.app/Contents/Resources/lib/python3.11/pytz/zoneinfo/Pacific/Efate
copying file /Users/calum/Developer/Excelerator/env/lib/python3.11/site-packages/pytz/zoneinfo/Pacific/Fiji -> /Users/calum/Developer/Excelerator/dist/Excelerate.app/Contents/Resources/lib/python3.11/pytz/zoneinfo/Pacific/Fiji
copying file /Users/calum/Developer/Excelerator/env/lib/python3.11/site-packages/pytz/zoneinfo/Pacific/Funafuti -> /Users/calum/Developer/Excelerator/dist/Excelerate.app/Contents/Resources/lib/python3.11/pytz/zoneinfo/Pacific/Funafuti
copying file /Users/calum/Developer/Excelerator/env/lib/python3.11/site-packages/pytz/zoneinfo/Pacific/Palau -> /Users/calum/Developer/Excelerator/dist/Excelerate.app/Contents/Resources/lib/python3.11/pytz/zoneinfo/Pacific/Palau
copying file /Users/calum/Developer/Excelerator/env/lib/python3.11/site-packages/pytz/zoneinfo/Pacific/Guam -> /Users/calum/Developer/Excelerator/dist/Excelerate.app/Contents/Resources/lib/python3.11/pytz/zoneinfo/Pacific/Guam
copying file /Users/calum/Developer/Excelerator/env/lib/python3.11/site-packages/pytz/zoneinfo/Pacific/Saipan -> /Users/calum/Developer/Excelerator/dist/Excelerate.app/Contents/Resources/lib/python3.11/pytz/zoneinfo/Pacific/Saipan
copying file /Users/calum/Developer/Excelerator/env/lib/python3.11/site-packages/pytz/zoneinfo/Pacific/Kosrae -> /Users/calum/Developer/Excelerator/dist/Excelerate.app/Contents/Resources/lib/python3.11/pytz/zoneinfo/Pacific/Kosrae
copying file /Users/calum/Developer/Excelerator/env/lib/python3.11/site-packages/pytz/zoneinfo/Pacific/Niue -> /Users/calum/Developer/Excelerator/dist/Excelerate.app/Contents/Resources/lib/python3.11/pytz/zoneinfo/Pacific/Niue
copying file /Users/calum/Developer/Excelerator/env/lib/python3.11/site-packages/pytz/zoneinfo/Pacific/Ponape -> /Users/calum/Developer/Excelerator/dist/Excelerate.app/Contents/Resources/lib/python3.11/pytz/zoneinfo/Pacific/Ponape
copying file /Users/calum/Developer/Excelerator/env/lib/python3.11/site-packages/pytz/zoneinfo/Pacific/Wake -> /Users/calum/Developer/Excelerator/dist/Excelerate.app/Contents/Resources/lib/python3.11/pytz/zoneinfo/Pacific/Wake
copying file /Users/calum/Developer/Excelerator/env/lib/python3.11/site-packages/pytz/zoneinfo/Pacific/Galapagos -> /Users/calum/Developer/Excelerator/dist/Excelerate.app/Contents/Resources/lib/python3.11/pytz/zoneinfo/Pacific/Galapagos
copying file /Users/calum/Developer/Excelerator/env/lib/python3.11/site-packages/pytz/zoneinfo/Pacific/Johnston -> /Users/calum/Developer/Excelerator/dist/Excelerate.app/Contents/Resources/lib/python3.11/pytz/zoneinfo/Pacific/Johnston
copying file /Users/calum/Developer/Excelerator/env/lib/python3.11/site-packages/pytz/zoneinfo/Pacific/Midway -> /Users/calum/Developer/Excelerator/dist/Excelerate.app/Contents/Resources/lib/python3.11/pytz/zoneinfo/Pacific/Midway
copying file /Users/calum/Developer/Excelerator/env/lib/python3.11/site-packages/pytz/zoneinfo/Pacific/Nauru -> /Users/calum/Developer/Excelerator/dist/Excelerate.app/Contents/Resources/lib/python3.11/pytz/zoneinfo/Pacific/Nauru
copying file /Users/calum/Developer/Excelerator/env/lib/python3.11/site-packages/pytz/zoneinfo/Pacific/Guadalcanal -> /Users/calum/Developer/Excelerator/dist/Excelerate.app/Contents/Resources/lib/python3.11/pytz/zoneinfo/Pacific/Guadalcanal
copying file /Users/calum/Developer/Excelerator/env/lib/python3.11/site-packages/pytz/zoneinfo/Pacific/Chatham -> /Users/calum/Developer/Excelerator/dist/Excelerate.app/Contents/Resources/lib/python3.11/pytz/zoneinfo/Pacific/Chatham
copying file /Users/calum/Developer/Excelerator/env/lib/python3.11/site-packages/pytz/zoneinfo/Pacific/Auckland -> /Users/calum/Developer/Excelerator/dist/Excelerate.app/Contents/Resources/lib/python3.11/pytz/zoneinfo/Pacific/Auckland
copying file /Users/calum/Developer/Excelerator/env/lib/python3.11/site-packages/pytz/zoneinfo/Pacific/Noumea -> /Users/calum/Developer/Excelerator/dist/Excelerate.app/Contents/Resources/lib/python3.11/pytz/zoneinfo/Pacific/Noumea
copying file /Users/calum/Developer/Excelerator/env/lib/python3.11/site-packages/pytz/zoneinfo/Pacific/Fakaofo -> /Users/calum/Developer/Excelerator/dist/Excelerate.app/Contents/Resources/lib/python3.11/pytz/zoneinfo/Pacific/Fakaofo
copying file /Users/calum/Developer/Excelerator/env/lib/python3.11/site-packages/pytz/zoneinfo/Pacific/Tahiti -> /Users/calum/Developer/Excelerator/dist/Excelerate.app/Contents/Resources/lib/python3.11/pytz/zoneinfo/Pacific/Tahiti
copying file /Users/calum/Developer/Excelerator/env/lib/python3.11/site-packages/pytz/zoneinfo/Pacific/Gambier -> /Users/calum/Developer/Excelerator/dist/Excelerate.app/Contents/Resources/lib/python3.11/pytz/zoneinfo/Pacific/Gambier
copying file /Users/calum/Developer/Excelerator/env/lib/python3.11/site-packages/pytz/zoneinfo/Pacific/Majuro -> /Users/calum/Developer/Excelerator/dist/Excelerate.app/Contents/Resources/lib/python3.11/pytz/zoneinfo/Pacific/Majuro
copying file /Users/calum/Developer/Excelerator/env/lib/python3.11/site-packages/pytz/zoneinfo/Pacific/Honolulu -> /Users/calum/Developer/Excelerator/dist/Excelerate.app/Contents/Resources/lib/python3.11/pytz/zoneinfo/Pacific/Honolulu
copying file /Users/calum/Developer/Excelerator/env/lib/python3.11/site-packages/pytz/zoneinfo/Pacific/Pohnpei -> /Users/calum/Developer/Excelerator/dist/Excelerate.app/Contents/Resources/lib/python3.11/pytz/zoneinfo/Pacific/Pohnpei
copying file /Users/calum/Developer/Excelerator/env/lib/python3.11/site-packages/pytz/zoneinfo/Pacific/Pago_Pago -> /Users/calum/Developer/Excelerator/dist/Excelerate.app/Contents/Resources/lib/python3.11/pytz/zoneinfo/Pacific/Pago_Pago
copying file /Users/calum/Developer/Excelerator/env/lib/python3.11/site-packages/pytz/zoneinfo/Pacific/Truk -> /Users/calum/Developer/Excelerator/dist/Excelerate.app/Contents/Resources/lib/python3.11/pytz/zoneinfo/Pacific/Truk
copying file /Users/calum/Developer/Excelerator/env/lib/python3.11/site-packages/pytz/zoneinfo/Pacific/Pitcairn -> /Users/calum/Developer/Excelerator/dist/Excelerate.app/Contents/Resources/lib/python3.11/pytz/zoneinfo/Pacific/Pitcairn
copying file /Users/calum/Developer/Excelerator/env/lib/python3.11/site-packages/pytz/zoneinfo/Pacific/Marquesas -> /Users/calum/Developer/Excelerator/dist/Excelerate.app/Contents/Resources/lib/python3.11/pytz/zoneinfo/Pacific/Marquesas
copying file /Users/calum/Developer/Excelerator/env/lib/python3.11/site-packages/pytz/zoneinfo/Pacific/Kanton -> /Users/calum/Developer/Excelerator/dist/Excelerate.app/Contents/Resources/lib/python3.11/pytz/zoneinfo/Pacific/Kanton
copying file /Users/calum/Developer/Excelerator/env/lib/python3.11/site-packages/pytz/zoneinfo/Pacific/Bougainville -> /Users/calum/Developer/Excelerator/dist/Excelerate.app/Contents/Resources/lib/python3.11/pytz/zoneinfo/Pacific/Bougainville
copying file /Users/calum/Developer/Excelerator/env/lib/python3.11/site-packages/pytz/zoneinfo/Pacific/Tarawa -> /Users/calum/Developer/Excelerator/dist/Excelerate.app/Contents/Resources/lib/python3.11/pytz/zoneinfo/Pacific/Tarawa
copying file /Users/calum/Developer/Excelerator/env/lib/python3.11/site-packages/pytz/zoneinfo/Pacific/Rarotonga -> /Users/calum/Developer/Excelerator/dist/Excelerate.app/Contents/Resources/lib/python3.11/pytz/zoneinfo/Pacific/Rarotonga
copying file /Users/calum/Developer/Excelerator/env/lib/python3.11/site-packages/pytz/zoneinfo/Pacific/Samoa -> /Users/calum/Developer/Excelerator/dist/Excelerate.app/Contents/Resources/lib/python3.11/pytz/zoneinfo/Pacific/Samoa
copying file /Users/calum/Developer/Excelerator/env/lib/python3.11/site-packages/pytz/zoneinfo/Pacific/Kiritimati -> /Users/calum/Developer/Excelerator/dist/Excelerate.app/Contents/Resources/lib/python3.11/pytz/zoneinfo/Pacific/Kiritimati
copying file /Users/calum/Developer/Excelerator/env/lib/python3.11/site-packages/pytz/zoneinfo/Pacific/Enderbury -> /Users/calum/Developer/Excelerator/dist/Excelerate.app/Contents/Resources/lib/python3.11/pytz/zoneinfo/Pacific/Enderbury
copying file /Users/calum/Developer/Excelerator/env/lib/python3.11/site-packages/pytz/zoneinfo/zone1970.tab -> /Users/calum/Developer/Excelerator/dist/Excelerate.app/Contents/Resources/lib/python3.11/pytz/zoneinfo/zone1970.tab
copying file /Users/calum/Developer/Excelerator/env/lib/python3.11/site-packages/pytz/zoneinfo/MST -> /Users/calum/Developer/Excelerator/dist/Excelerate.app/Contents/Resources/lib/python3.11/pytz/zoneinfo/MST
copying file /Users/calum/Developer/Excelerator/env/lib/python3.11/site-packages/pytz/zoneinfo/NZ -> /Users/calum/Developer/Excelerator/dist/Excelerate.app/Contents/Resources/lib/python3.11/pytz/zoneinfo/NZ
creating /Users/calum/Developer/Excelerator/dist/Excelerate.app/Contents/Resources/lib/python3.11/pytz/zoneinfo/Arctic
copying file /Users/calum/Developer/Excelerator/env/lib/python3.11/site-packages/pytz/zoneinfo/Arctic/Longyearbyen -> /Users/calum/Developer/Excelerator/dist/Excelerate.app/Contents/Resources/lib/python3.11/pytz/zoneinfo/Arctic/Longyearbyen
copying file /Users/calum/Developer/Excelerator/env/lib/python3.11/site-packages/pytz/zoneinfo/Universal -> /Users/calum/Developer/Excelerator/dist/Excelerate.app/Contents/Resources/lib/python3.11/pytz/zoneinfo/Universal
copying file /Users/calum/Developer/Excelerator/env/lib/python3.11/site-packages/pytz/zoneinfo/Libya -> /Users/calum/Developer/Excelerator/dist/Excelerate.app/Contents/Resources/lib/python3.11/pytz/zoneinfo/Libya
copying file /Users/calum/Developer/Excelerator/env/lib/python3.11/site-packages/pytz/zoneinfo/Turkey -> /Users/calum/Developer/Excelerator/dist/Excelerate.app/Contents/Resources/lib/python3.11/pytz/zoneinfo/Turkey
copying file /Users/calum/Developer/Excelerator/env/lib/python3.11/site-packages/pytz/zoneinfo/iso3166.tab -> /Users/calum/Developer/Excelerator/dist/Excelerate.app/Contents/Resources/lib/python3.11/pytz/zoneinfo/iso3166.tab
copying file /Users/calum/Developer/Excelerator/env/lib/python3.11/site-packages/pytz/zoneinfo/EST5EDT -> /Users/calum/Developer/Excelerator/dist/Excelerate.app/Contents/Resources/lib/python3.11/pytz/zoneinfo/EST5EDT
copying file /Users/calum/Developer/Excelerator/env/lib/python3.11/site-packages/pytz/zoneinfo/Greenwich -> /Users/calum/Developer/Excelerator/dist/Excelerate.app/Contents/Resources/lib/python3.11/pytz/zoneinfo/Greenwich
creating /Users/calum/Developer/Excelerator/dist/Excelerate.app/Contents/Resources/lib/python3.11/pytz/zoneinfo/America
copying file /Users/calum/Developer/Excelerator/env/lib/python3.11/site-packages/pytz/zoneinfo/America/Puerto_Rico -> /Users/calum/Developer/Excelerator/dist/Excelerate.app/Contents/Resources/lib/python3.11/pytz/zoneinfo/America/Puerto_Rico
copying file /Users/calum/Developer/Excelerator/env/lib/python3.11/site-packages/pytz/zoneinfo/America/Recife -> /Users/calum/Developer/Excelerator/dist/Excelerate.app/Contents/Resources/lib/python3.11/pytz/zoneinfo/America/Recife
copying file /Users/calum/Developer/Excelerator/env/lib/python3.11/site-packages/pytz/zoneinfo/America/Resolute -> /Users/calum/Developer/Excelerator/dist/Excelerate.app/Contents/Resources/lib/python3.11/pytz/zoneinfo/America/Resolute
copying file /Users/calum/Developer/Excelerator/env/lib/python3.11/site-packages/pytz/zoneinfo/America/Manaus -> /Users/calum/Developer/Excelerator/dist/Excelerate.app/Contents/Resources/lib/python3.11/pytz/zoneinfo/America/Manaus
copying file /Users/calum/Developer/Excelerator/env/lib/python3.11/site-packages/pytz/zoneinfo/America/New_York -> /Users/calum/Developer/Excelerator/dist/Excelerate.app/Contents/Resources/lib/python3.11/pytz/zoneinfo/America/New_York
copying file /Users/calum/Developer/Excelerator/env/lib/python3.11/site-packages/pytz/zoneinfo/America/Rankin_Inlet -> /Users/calum/Developer/Excelerator/dist/Excelerate.app/Contents/Resources/lib/python3.11/pytz/zoneinfo/America/Rankin_Inlet
copying file /Users/calum/Developer/Excelerator/env/lib/python3.11/site-packages/pytz/zoneinfo/America/Lima -> /Users/calum/Developer/Excelerator/dist/Excelerate.app/Contents/Resources/lib/python3.11/pytz/zoneinfo/America/Lima
copying file /Users/calum/Developer/Excelerator/env/lib/python3.11/site-packages/pytz/zoneinfo/America/St_Barthelemy -> /Users/calum/Developer/Excelerator/dist/Excelerate.app/Contents/Resources/lib/python3.11/pytz/zoneinfo/America/St_Barthelemy
copying file /Users/calum/Developer/Excelerator/env/lib/python3.11/site-packages/pytz/zoneinfo/America/Santo_Domingo -> /Users/calum/Developer/Excelerator/dist/Excelerate.app/Contents/Resources/lib/python3.11/pytz/zoneinfo/America/Santo_Domingo
copying file /Users/calum/Developer/Excelerator/env/lib/python3.11/site-packages/pytz/zoneinfo/America/Detroit -> /Users/calum/Developer/Excelerator/dist/Excelerate.app/Contents/Resources/lib/python3.11/pytz/zoneinfo/America/Detroit
copying file /Users/calum/Developer/Excelerator/env/lib/python3.11/site-packages/pytz/zoneinfo/America/Paramaribo -> /Users/calum/Developer/Excelerator/dist/Excelerate.app/Contents/Resources/lib/python3.11/pytz/zoneinfo/America/Paramaribo
copying file /Users/calum/Developer/Excelerator/env/lib/python3.11/site-packages/pytz/zoneinfo/America/Yakutat -> /Users/calum/Developer/Excelerator/dist/Excelerate.app/Contents/Resources/lib/python3.11/pytz/zoneinfo/America/Yakutat
copying file /Users/calum/Developer/Excelerator/env/lib/python3.11/site-packages/pytz/zoneinfo/America/Santarem -> /Users/calum/Developer/Excelerator/dist/Excelerate.app/Contents/Resources/lib/python3.11/pytz/zoneinfo/America/Santarem
copying file /Users/calum/Developer/Excelerator/env/lib/python3.11/site-packages/pytz/zoneinfo/America/Punta_Arenas -> /Users/calum/Developer/Excelerator/dist/Excelerate.app/Contents/Resources/lib/python3.11/pytz/zoneinfo/America/Punta_Arenas
copying file /Users/calum/Developer/Excelerator/env/lib/python3.11/site-packages/pytz/zoneinfo/America/Scoresbysund -> /Users/calum/Developer/Excelerator/dist/Excelerate.app/Contents/Resources/lib/python3.11/pytz/zoneinfo/America/Scoresbysund
copying file /Users/calum/Developer/Excelerator/env/lib/python3.11/site-packages/pytz/zoneinfo/America/Santiago -> /Users/calum/Developer/Excelerator/dist/Excelerate.app/Contents/Resources/lib/python3.11/pytz/zoneinfo/America/Santiago
copying file /Users/calum/Developer/Excelerator/env/lib/python3.11/site-packages/pytz/zoneinfo/America/Guyana -> /Users/calum/Developer/Excelerator/dist/Excelerate.app/Contents/Resources/lib/python3.11/pytz/zoneinfo/America/Guyana
copying file /Users/calum/Developer/Excelerator/env/lib/python3.11/site-packages/pytz/zoneinfo/America/Coral_Harbour -> /Users/calum/Developer/Excelerator/dist/Excelerate.app/Contents/Resources/lib/python3.11/pytz/zoneinfo/America/Coral_Harbour
copying file /Users/calum/Developer/Excelerator/env/lib/python3.11/site-packages/pytz/zoneinfo/America/Rio_Branco -> /Users/calum/Developer/Excelerator/dist/Excelerate.app/Contents/Resources/lib/python3.11/pytz/zoneinfo/America/Rio_Branco
copying file /Users/calum/Developer/Excelerator/env/lib/python3.11/site-packages/pytz/zoneinfo/America/Porto_Acre -> /Users/calum/Developer/Excelerator/dist/Excelerate.app/Contents/Resources/lib/python3.11/pytz/zoneinfo/America/Porto_Acre
copying file /Users/calum/Developer/Excelerator/env/lib/python3.11/site-packages/pytz/zoneinfo/America/Ciudad_Juarez -> /Users/calum/Developer/Excelerator/dist/Excelerate.app/Contents/Resources/lib/python3.11/pytz/zoneinfo/America/Ciudad_Juarez
copying file /Users/calum/Developer/Excelerator/env/lib/python3.11/site-packages/pytz/zoneinfo/America/Nipigon -> /Users/calum/Developer/Excelerator/dist/Excelerate.app/Contents/Resources/lib/python3.11/pytz/zoneinfo/America/Nipigon
copying file /Users/calum/Developer/Excelerator/env/lib/python3.11/site-packages/pytz/zoneinfo/America/Edmonton -> /Users/calum/Developer/Excelerator/dist/Excelerate.app/Contents/Resources/lib/python3.11/pytz/zoneinfo/America/Edmonton
copying file /Users/calum/Developer/Excelerator/env/lib/python3.11/site-packages/pytz/zoneinfo/America/Port_of_Spain -> /Users/calum/Developer/Excelerator/dist/Excelerate.app/Contents/Resources/lib/python3.11/pytz/zoneinfo/America/Port_of_Spain
copying file /Users/calum/Developer/Excelerator/env/lib/python3.11/site-packages/pytz/zoneinfo/America/Lower_Princes -> /Users/calum/Developer/Excelerator/dist/Excelerate.app/Contents/Resources/lib/python3.11/pytz/zoneinfo/America/Lower_Princes
copying file /Users/calum/Developer/Excelerator/env/lib/python3.11/site-packages/pytz/zoneinfo/America/St_Thomas -> /Users/calum/Developer/Excelerator/dist/Excelerate.app/Contents/Resources/lib/python3.11/pytz/zoneinfo/America/St_Thomas
copying file /Users/calum/Developer/Excelerator/env/lib/python3.11/site-packages/pytz/zoneinfo/America/Guatemala -> /Users/calum/Developer/Excelerator/dist/Excelerate.app/Contents/Resources/lib/python3.11/pytz/zoneinfo/America/Guatemala
copying file /Users/calum/Developer/Excelerator/env/lib/python3.11/site-packages/pytz/zoneinfo/America/Catamarca -> /Users/calum/Developer/Excelerator/dist/Excelerate.app/Contents/Resources/lib/python3.11/pytz/zoneinfo/America/Catamarca
copying file /Users/calum/Developer/Excelerator/env/lib/python3.11/site-packages/pytz/zoneinfo/America/Antigua -> /Users/calum/Developer/Excelerator/dist/Excelerate.app/Contents/Resources/lib/python3.11/pytz/zoneinfo/America/Antigua
copying file /Users/calum/Developer/Excelerator/env/lib/python3.11/site-packages/pytz/zoneinfo/America/Porto_Velho -> /Users/calum/Developer/Excelerator/dist/Excelerate.app/Contents/Resources/lib/python3.11/pytz/zoneinfo/America/Porto_Velho
copying file /Users/calum/Developer/Excelerator/env/lib/python3.11/site-packages/pytz/zoneinfo/America/Rosario -> /Users/calum/Developer/Excelerator/dist/Excelerate.app/Contents/Resources/lib/python3.11/pytz/zoneinfo/America/Rosario
copying file /Users/calum/Developer/Excelerator/env/lib/python3.11/site-packages/pytz/zoneinfo/America/Chicago -> /Users/calum/Developer/Excelerator/dist/Excelerate.app/Contents/Resources/lib/python3.11/pytz/zoneinfo/America/Chicago
copying file /Users/calum/Developer/Excelerator/env/lib/python3.11/site-packages/pytz/zoneinfo/America/Creston -> /Users/calum/Developer/Excelerator/dist/Excelerate.app/Contents/Resources/lib/python3.11/pytz/zoneinfo/America/Creston
copying file /Users/calum/Developer/Excelerator/env/lib/python3.11/site-packages/pytz/zoneinfo/America/Managua -> /Users/calum/Developer/Excelerator/dist/Excelerate.app/Contents/Resources/lib/python3.11/pytz/zoneinfo/America/Managua
copying file /Users/calum/Developer/Excelerator/env/lib/python3.11/site-packages/pytz/zoneinfo/America/Nassau -> /Users/calum/Developer/Excelerator/dist/Excelerate.app/Contents/Resources/lib/python3.11/pytz/zoneinfo/America/Nassau
copying file /Users/calum/Developer/Excelerator/env/lib/python3.11/site-packages/pytz/zoneinfo/America/Bogota -> /Users/calum/Developer/Excelerator/dist/Excelerate.app/Contents/Resources/lib/python3.11/pytz/zoneinfo/America/Bogota
copying file /Users/calum/Developer/Excelerator/env/lib/python3.11/site-packages/pytz/zoneinfo/America/Cancun -> /Users/calum/Developer/Excelerator/dist/Excelerate.app/Contents/Resources/lib/python3.11/pytz/zoneinfo/America/Cancun
copying file /Users/calum/Developer/Excelerator/env/lib/python3.11/site-packages/pytz/zoneinfo/America/Chihuahua -> /Users/calum/Developer/Excelerator/dist/Excelerate.app/Contents/Resources/lib/python3.11/pytz/zoneinfo/America/Chihuahua
copying file /Users/calum/Developer/Excelerator/env/lib/python3.11/site-packages/pytz/zoneinfo/America/Campo_Grande -> /Users/calum/Developer/Excelerator/dist/Excelerate.app/Contents/Resources/lib/python3.11/pytz/zoneinfo/America/Campo_Grande
copying file /Users/calum/Developer/Excelerator/env/lib/python3.11/site-packages/pytz/zoneinfo/America/Halifax -> /Users/calum/Developer/Excelerator/dist/Excelerate.app/Contents/Resources/lib/python3.11/pytz/zoneinfo/America/Halifax
copying file /Users/calum/Developer/Excelerator/env/lib/python3.11/site-packages/pytz/zoneinfo/America/Boise -> /Users/calum/Developer/Excelerator/dist/Excelerate.app/Contents/Resources/lib/python3.11/pytz/zoneinfo/America/Boise
copying file /Users/calum/Developer/Excelerator/env/lib/python3.11/site-packages/pytz/zoneinfo/America/Montreal -> /Users/calum/Developer/Excelerator/dist/Excelerate.app/Contents/Resources/lib/python3.11/pytz/zoneinfo/America/Montreal
copying file /Users/calum/Developer/Excelerator/env/lib/python3.11/site-packages/pytz/zoneinfo/America/Goose_Bay -> /Users/calum/Developer/Excelerator/dist/Excelerate.app/Contents/Resources/lib/python3.11/pytz/zoneinfo/America/Goose_Bay
copying file /Users/calum/Developer/Excelerator/env/lib/python3.11/site-packages/pytz/zoneinfo/America/Sao_Paulo -> /Users/calum/Developer/Excelerator/dist/Excelerate.app/Contents/Resources/lib/python3.11/pytz/zoneinfo/America/Sao_Paulo
copying file /Users/calum/Developer/Excelerator/env/lib/python3.11/site-packages/pytz/zoneinfo/America/Blanc-Sablon -> /Users/calum/Developer/Excelerator/dist/Excelerate.app/Contents/Resources/lib/python3.11/pytz/zoneinfo/America/Blanc-Sablon
copying file /Users/calum/Developer/Excelerator/env/lib/python3.11/site-packages/pytz/zoneinfo/America/Phoenix -> /Users/calum/Developer/Excelerator/dist/Excelerate.app/Contents/Resources/lib/python3.11/pytz/zoneinfo/America/Phoenix
copying file /Users/calum/Developer/Excelerator/env/lib/python3.11/site-packages/pytz/zoneinfo/America/Atikokan -> /Users/calum/Developer/Excelerator/dist/Excelerate.app/Contents/Resources/lib/python3.11/pytz/zoneinfo/America/Atikokan
copying file /Users/calum/Developer/Excelerator/env/lib/python3.11/site-packages/pytz/zoneinfo/America/Cayenne -> /Users/calum/Developer/Excelerator/dist/Excelerate.app/Contents/Resources/lib/python3.11/pytz/zoneinfo/America/Cayenne
copying file /Users/calum/Developer/Excelerator/env/lib/python3.11/site-packages/pytz/zoneinfo/America/Nuuk -> /Users/calum/Developer/Excelerator/dist/Excelerate.app/Contents/Resources/lib/python3.11/pytz/zoneinfo/America/Nuuk
copying file /Users/calum/Developer/Excelerator/env/lib/python3.11/site-packages/pytz/zoneinfo/America/Santa_Isabel -> /Users/calum/Developer/Excelerator/dist/Excelerate.app/Contents/Resources/lib/python3.11/pytz/zoneinfo/America/Santa_Isabel
copying file /Users/calum/Developer/Excelerator/env/lib/python3.11/site-packages/pytz/zoneinfo/America/Boa_Vista -> /Users/calum/Developer/Excelerator/dist/Excelerate.app/Contents/Resources/lib/python3.11/pytz/zoneinfo/America/Boa_Vista
copying file /Users/calum/Developer/Excelerator/env/lib/python3.11/site-packages/pytz/zoneinfo/America/Bahia_Banderas -> /Users/calum/Developer/Excelerator/dist/Excelerate.app/Contents/Resources/lib/python3.11/pytz/zoneinfo/America/Bahia_Banderas
creating /Users/calum/Developer/Excelerator/dist/Excelerate.app/Contents/Resources/lib/python3.11/pytz/zoneinfo/America/Indiana
copying file /Users/calum/Developer/Excelerator/env/lib/python3.11/site-packages/pytz/zoneinfo/America/Indiana/Vevay -> /Users/calum/Developer/Excelerator/dist/Excelerate.app/Contents/Resources/lib/python3.11/pytz/zoneinfo/America/Indiana/Vevay
copying file /Users/calum/Developer/Excelerator/env/lib/python3.11/site-packages/pytz/zoneinfo/America/Indiana/Indianapolis -> /Users/calum/Developer/Excelerator/dist/Excelerate.app/Contents/Resources/lib/python3.11/pytz/zoneinfo/America/Indiana/Indianapolis
copying file /Users/calum/Developer/Excelerator/env/lib/python3.11/site-packages/pytz/zoneinfo/America/Indiana/Winamac -> /Users/calum/Developer/Excelerator/dist/Excelerate.app/Contents/Resources/lib/python3.11/pytz/zoneinfo/America/Indiana/Winamac
copying file /Users/calum/Developer/Excelerator/env/lib/python3.11/site-packages/pytz/zoneinfo/America/Indiana/Tell_City -> /Users/calum/Developer/Excelerator/dist/Excelerate.app/Contents/Resources/lib/python3.11/pytz/zoneinfo/America/Indiana/Tell_City
copying file /Users/calum/Developer/Excelerator/env/lib/python3.11/site-packages/pytz/zoneinfo/America/Indiana/Petersburg -> /Users/calum/Developer/Excelerator/dist/Excelerate.app/Contents/Resources/lib/python3.11/pytz/zoneinfo/America/Indiana/Petersburg
copying file /Users/calum/Developer/Excelerator/env/lib/python3.11/site-packages/pytz/zoneinfo/America/Indiana/Vincennes -> /Users/calum/Developer/Excelerator/dist/Excelerate.app/Contents/Resources/lib/python3.11/pytz/zoneinfo/America/Indiana/Vincennes
copying file /Users/calum/Developer/Excelerator/env/lib/python3.11/site-packages/pytz/zoneinfo/America/Indiana/Knox -> /Users/calum/Developer/Excelerator/dist/Excelerate.app/Contents/Resources/lib/python3.11/pytz/zoneinfo/America/Indiana/Knox
copying file /Users/calum/Developer/Excelerator/env/lib/python3.11/site-packages/pytz/zoneinfo/America/Indiana/Marengo -> /Users/calum/Developer/Excelerator/dist/Excelerate.app/Contents/Resources/lib/python3.11/pytz/zoneinfo/America/Indiana/Marengo
copying file /Users/calum/Developer/Excelerator/env/lib/python3.11/site-packages/pytz/zoneinfo/America/Indianapolis -> /Users/calum/Developer/Excelerator/dist/Excelerate.app/Contents/Resources/lib/python3.11/pytz/zoneinfo/America/Indianapolis
copying file /Users/calum/Developer/Excelerator/env/lib/python3.11/site-packages/pytz/zoneinfo/America/Dominica -> /Users/calum/Developer/Excelerator/dist/Excelerate.app/Contents/Resources/lib/python3.11/pytz/zoneinfo/America/Dominica
creating /Users/calum/Developer/Excelerator/dist/Excelerate.app/Contents/Resources/lib/python3.11/pytz/zoneinfo/America/Argentina
copying file /Users/calum/Developer/Excelerator/env/lib/python3.11/site-packages/pytz/zoneinfo/America/Argentina/Salta -> /Users/calum/Developer/Excelerator/dist/Excelerate.app/Contents/Resources/lib/python3.11/pytz/zoneinfo/America/Argentina/Salta
copying file /Users/calum/Developer/Excelerator/env/lib/python3.11/site-packages/pytz/zoneinfo/America/Argentina/Ushuaia -> /Users/calum/Developer/Excelerator/dist/Excelerate.app/Contents/Resources/lib/python3.11/pytz/zoneinfo/America/Argentina/Ushuaia
copying file /Users/calum/Developer/Excelerator/env/lib/python3.11/site-packages/pytz/zoneinfo/America/Argentina/Catamarca -> /Users/calum/Developer/Excelerator/dist/Excelerate.app/Contents/Resources/lib/python3.11/pytz/zoneinfo/America/Argentina/Catamarca
copying file /Users/calum/Developer/Excelerator/env/lib/python3.11/site-packages/pytz/zoneinfo/America/Argentina/ComodRivadavia -> /Users/calum/Developer/Excelerator/dist/Excelerate.app/Contents/Resources/lib/python3.11/pytz/zoneinfo/America/Argentina/ComodRivadavia
copying file /Users/calum/Developer/Excelerator/env/lib/python3.11/site-packages/pytz/zoneinfo/America/Argentina/San_Juan -> /Users/calum/Developer/Excelerator/dist/Excelerate.app/Contents/Resources/lib/python3.11/pytz/zoneinfo/America/Argentina/San_Juan
copying file /Users/calum/Developer/Excelerator/env/lib/python3.11/site-packages/pytz/zoneinfo/America/Argentina/San_Luis -> /Users/calum/Developer/Excelerator/dist/Excelerate.app/Contents/Resources/lib/python3.11/pytz/zoneinfo/America/Argentina/San_Luis
copying file /Users/calum/Developer/Excelerator/env/lib/python3.11/site-packages/pytz/zoneinfo/America/Argentina/Rio_Gallegos -> /Users/calum/Developer/Excelerator/dist/Excelerate.app/Contents/Resources/lib/python3.11/pytz/zoneinfo/America/Argentina/Rio_Gallegos
copying file /Users/calum/Developer/Excelerator/env/lib/python3.11/site-packages/pytz/zoneinfo/America/Argentina/Jujuy -> /Users/calum/Developer/Excelerator/dist/Excelerate.app/Contents/Resources/lib/python3.11/pytz/zoneinfo/America/Argentina/Jujuy
copying file /Users/calum/Developer/Excelerator/env/lib/python3.11/site-packages/pytz/zoneinfo/America/Argentina/Tucuman -> /Users/calum/Developer/Excelerator/dist/Excelerate.app/Contents/Resources/lib/python3.11/pytz/zoneinfo/America/Argentina/Tucuman
copying file /Users/calum/Developer/Excelerator/env/lib/python3.11/site-packages/pytz/zoneinfo/America/Argentina/Buenos_Aires -> /Users/calum/Developer/Excelerator/dist/Excelerate.app/Contents/Resources/lib/python3.11/pytz/zoneinfo/America/Argentina/Buenos_Aires
copying file /Users/calum/Developer/Excelerator/env/lib/python3.11/site-packages/pytz/zoneinfo/America/Argentina/Cordoba -> /Users/calum/Developer/Excelerator/dist/Excelerate.app/Contents/Resources/lib/python3.11/pytz/zoneinfo/America/Argentina/Cordoba
copying file /Users/calum/Developer/Excelerator/env/lib/python3.11/site-packages/pytz/zoneinfo/America/Argentina/La_Rioja -> /Users/calum/Developer/Excelerator/dist/Excelerate.app/Contents/Resources/lib/python3.11/pytz/zoneinfo/America/Argentina/La_Rioja
copying file /Users/calum/Developer/Excelerator/env/lib/python3.11/site-packages/pytz/zoneinfo/America/Argentina/Mendoza -> /Users/calum/Developer/Excelerator/dist/Excelerate.app/Contents/Resources/lib/python3.11/pytz/zoneinfo/America/Argentina/Mendoza
copying file /Users/calum/Developer/Excelerator/env/lib/python3.11/site-packages/pytz/zoneinfo/America/La_Paz -> /Users/calum/Developer/Excelerator/dist/Excelerate.app/Contents/Resources/lib/python3.11/pytz/zoneinfo/America/La_Paz
copying file /Users/calum/Developer/Excelerator/env/lib/python3.11/site-packages/pytz/zoneinfo/America/Dawson -> /Users/calum/Developer/Excelerator/dist/Excelerate.app/Contents/Resources/lib/python3.11/pytz/zoneinfo/America/Dawson
copying file /Users/calum/Developer/Excelerator/env/lib/python3.11/site-packages/pytz/zoneinfo/America/Moncton -> /Users/calum/Developer/Excelerator/dist/Excelerate.app/Contents/Resources/lib/python3.11/pytz/zoneinfo/America/Moncton
copying file /Users/calum/Developer/Excelerator/env/lib/python3.11/site-packages/pytz/zoneinfo/America/Matamoros -> /Users/calum/Developer/Excelerator/dist/Excelerate.app/Contents/Resources/lib/python3.11/pytz/zoneinfo/America/Matamoros
copying file /Users/calum/Developer/Excelerator/env/lib/python3.11/site-packages/pytz/zoneinfo/America/St_Vincent -> /Users/calum/Developer/Excelerator/dist/Excelerate.app/Contents/Resources/lib/python3.11/pytz/zoneinfo/America/St_Vincent
copying file /Users/calum/Developer/Excelerator/env/lib/python3.11/site-packages/pytz/zoneinfo/America/Regina -> /Users/calum/Developer/Excelerator/dist/Excelerate.app/Contents/Resources/lib/python3.11/pytz/zoneinfo/America/Regina
copying file /Users/calum/Developer/Excelerator/env/lib/python3.11/site-packages/pytz/zoneinfo/America/Yellowknife -> /Users/calum/Developer/Excelerator/dist/Excelerate.app/Contents/Resources/lib/python3.11/pytz/zoneinfo/America/Yellowknife
copying file /Users/calum/Developer/Excelerator/env/lib/python3.11/site-packages/pytz/zoneinfo/America/Rainy_River -> /Users/calum/Developer/Excelerator/dist/Excelerate.app/Contents/Resources/lib/python3.11/pytz/zoneinfo/America/Rainy_River
copying file /Users/calum/Developer/Excelerator/env/lib/python3.11/site-packages/pytz/zoneinfo/America/Kralendijk -> /Users/calum/Developer/Excelerator/dist/Excelerate.app/Contents/Resources/lib/python3.11/pytz/zoneinfo/America/Kralendijk
copying file /Users/calum/Developer/Excelerator/env/lib/python3.11/site-packages/pytz/zoneinfo/America/Monterrey -> /Users/calum/Developer/Excelerator/dist/Excelerate.app/Contents/Resources/lib/python3.11/pytz/zoneinfo/America/Monterrey
copying file /Users/calum/Developer/Excelerator/env/lib/python3.11/site-packages/pytz/zoneinfo/America/Jamaica -> /Users/calum/Developer/Excelerator/dist/Excelerate.app/Contents/Resources/lib/python3.11/pytz/zoneinfo/America/Jamaica
copying file /Users/calum/Developer/Excelerator/env/lib/python3.11/site-packages/pytz/zoneinfo/America/Havana -> /Users/calum/Developer/Excelerator/dist/Excelerate.app/Contents/Resources/lib/python3.11/pytz/zoneinfo/America/Havana
copying file /Users/calum/Developer/Excelerator/env/lib/python3.11/site-packages/pytz/zoneinfo/America/Tegucigalpa -> /Users/calum/Developer/Excelerator/dist/Excelerate.app/Contents/Resources/lib/python3.11/pytz/zoneinfo/America/Tegucigalpa
copying file /Users/calum/Developer/Excelerator/env/lib/python3.11/site-packages/pytz/zoneinfo/America/Guayaquil -> /Users/calum/Developer/Excelerator/dist/Excelerate.app/Contents/Resources/lib/python3.11/pytz/zoneinfo/America/Guayaquil
copying file /Users/calum/Developer/Excelerator/env/lib/python3.11/site-packages/pytz/zoneinfo/America/Metlakatla -> /Users/calum/Developer/Excelerator/dist/Excelerate.app/Contents/Resources/lib/python3.11/pytz/zoneinfo/America/Metlakatla
copying file /Users/calum/Developer/Excelerator/env/lib/python3.11/site-packages/pytz/zoneinfo/America/Mazatlan -> /Users/calum/Developer/Excelerator/dist/Excelerate.app/Contents/Resources/lib/python3.11/pytz/zoneinfo/America/Mazatlan
copying file /Users/calum/Developer/Excelerator/env/lib/python3.11/site-packages/pytz/zoneinfo/America/Belize -> /Users/calum/Developer/Excelerator/dist/Excelerate.app/Contents/Resources/lib/python3.11/pytz/zoneinfo/America/Belize
copying file /Users/calum/Developer/Excelerator/env/lib/python3.11/site-packages/pytz/zoneinfo/America/Knox_IN -> /Users/calum/Developer/Excelerator/dist/Excelerate.app/Contents/Resources/lib/python3.11/pytz/zoneinfo/America/Knox_IN
copying file /Users/calum/Developer/Excelerator/env/lib/python3.11/site-packages/pytz/zoneinfo/America/Cuiaba -> /Users/calum/Developer/Excelerator/dist/Excelerate.app/Contents/Resources/lib/python3.11/pytz/zoneinfo/America/Cuiaba
copying file /Users/calum/Developer/Excelerator/env/lib/python3.11/site-packages/pytz/zoneinfo/America/Merida -> /Users/calum/Developer/Excelerator/dist/Excelerate.app/Contents/Resources/lib/python3.11/pytz/zoneinfo/America/Merida
copying file /Users/calum/Developer/Excelerator/env/lib/python3.11/site-packages/pytz/zoneinfo/America/Jujuy -> /Users/calum/Developer/Excelerator/dist/Excelerate.app/Contents/Resources/lib/python3.11/pytz/zoneinfo/America/Jujuy
copying file /Users/calum/Developer/Excelerator/env/lib/python3.11/site-packages/pytz/zoneinfo/America/Cayman -> /Users/calum/Developer/Excelerator/dist/Excelerate.app/Contents/Resources/lib/python3.11/pytz/zoneinfo/America/Cayman
copying file /Users/calum/Developer/Excelerator/env/lib/python3.11/site-packages/pytz/zoneinfo/America/Belem -> /Users/calum/Developer/Excelerator/dist/Excelerate.app/Contents/Resources/lib/python3.11/pytz/zoneinfo/America/Belem
copying file /Users/calum/Developer/Excelerator/env/lib/python3.11/site-packages/pytz/zoneinfo/America/Eirunepe -> /Users/calum/Developer/Excelerator/dist/Excelerate.app/Contents/Resources/lib/python3.11/pytz/zoneinfo/America/Eirunepe
copying file /Users/calum/Developer/Excelerator/env/lib/python3.11/site-packages/pytz/zoneinfo/America/St_Lucia -> /Users/calum/Developer/Excelerator/dist/Excelerate.app/Contents/Resources/lib/python3.11/pytz/zoneinfo/America/St_Lucia
copying file /Users/calum/Developer/Excelerator/env/lib/python3.11/site-packages/pytz/zoneinfo/America/Bahia -> /Users/calum/Developer/Excelerator/dist/Excelerate.app/Contents/Resources/lib/python3.11/pytz/zoneinfo/America/Bahia
copying file /Users/calum/Developer/Excelerator/env/lib/python3.11/site-packages/pytz/zoneinfo/America/Whitehorse -> /Users/calum/Developer/Excelerator/dist/Excelerate.app/Contents/Resources/lib/python3.11/pytz/zoneinfo/America/Whitehorse
copying file /Users/calum/Developer/Excelerator/env/lib/python3.11/site-packages/pytz/zoneinfo/America/Tortola -> /Users/calum/Developer/Excelerator/dist/Excelerate.app/Contents/Resources/lib/python3.11/pytz/zoneinfo/America/Tortola
copying file /Users/calum/Developer/Excelerator/env/lib/python3.11/site-packages/pytz/zoneinfo/America/Vancouver -> /Users/calum/Developer/Excelerator/dist/Excelerate.app/Contents/Resources/lib/python3.11/pytz/zoneinfo/America/Vancouver
copying file /Users/calum/Developer/Excelerator/env/lib/python3.11/site-packages/pytz/zoneinfo/America/Inuvik -> /Users/calum/Developer/Excelerator/dist/Excelerate.app/Contents/Resources/lib/python3.11/pytz/zoneinfo/America/Inuvik
copying file /Users/calum/Developer/Excelerator/env/lib/python3.11/site-packages/pytz/zoneinfo/America/Port-au-Prince -> /Users/calum/Developer/Excelerator/dist/Excelerate.app/Contents/Resources/lib/python3.11/pytz/zoneinfo/America/Port-au-Prince
copying file /Users/calum/Developer/Excelerator/env/lib/python3.11/site-packages/pytz/zoneinfo/America/Fortaleza -> /Users/calum/Developer/Excelerator/dist/Excelerate.app/Contents/Resources/lib/python3.11/pytz/zoneinfo/America/Fortaleza
copying file /Users/calum/Developer/Excelerator/env/lib/python3.11/site-packages/pytz/zoneinfo/America/Noronha -> /Users/calum/Developer/Excelerator/dist/Excelerate.app/Contents/Resources/lib/python3.11/pytz/zoneinfo/America/Noronha
copying file /Users/calum/Developer/Excelerator/env/lib/python3.11/site-packages/pytz/zoneinfo/America/Buenos_Aires -> /Users/calum/Developer/Excelerator/dist/Excelerate.app/Contents/Resources/lib/python3.11/pytz/zoneinfo/America/Buenos_Aires
copying file /Users/calum/Developer/Excelerator/env/lib/python3.11/site-packages/pytz/zoneinfo/America/Los_Angeles -> /Users/calum/Developer/Excelerator/dist/Excelerate.app/Contents/Resources/lib/python3.11/pytz/zoneinfo/America/Los_Angeles
copying file /Users/calum/Developer/Excelerator/env/lib/python3.11/site-packages/pytz/zoneinfo/America/El_Salvador -> /Users/calum/Developer/Excelerator/dist/Excelerate.app/Contents/Resources/lib/python3.11/pytz/zoneinfo/America/El_Salvador
copying file /Users/calum/Developer/Excelerator/env/lib/python3.11/site-packages/pytz/zoneinfo/America/Denver -> /Users/calum/Developer/Excelerator/dist/Excelerate.app/Contents/Resources/lib/python3.11/pytz/zoneinfo/America/Denver
copying file /Users/calum/Developer/Excelerator/env/lib/python3.11/site-packages/pytz/zoneinfo/America/Fort_Wayne -> /Users/calum/Developer/Excelerator/dist/Excelerate.app/Contents/Resources/lib/python3.11/pytz/zoneinfo/America/Fort_Wayne
creating /Users/calum/Developer/Excelerator/dist/Excelerate.app/Contents/Resources/lib/python3.11/pytz/zoneinfo/America/Kentucky
copying file /Users/calum/Developer/Excelerator/env/lib/python3.11/site-packages/pytz/zoneinfo/America/Kentucky/Louisville -> /Users/calum/Developer/Excelerator/dist/Excelerate.app/Contents/Resources/lib/python3.11/pytz/zoneinfo/America/Kentucky/Louisville
copying file /Users/calum/Developer/Excelerator/env/lib/python3.11/site-packages/pytz/zoneinfo/America/Kentucky/Monticello -> /Users/calum/Developer/Excelerator/dist/Excelerate.app/Contents/Resources/lib/python3.11/pytz/zoneinfo/America/Kentucky/Monticello
creating /Users/calum/Developer/Excelerator/dist/Excelerate.app/Contents/Resources/lib/python3.11/pytz/zoneinfo/America/North_Dakota
copying file /Users/calum/Developer/Excelerator/env/lib/python3.11/site-packages/pytz/zoneinfo/America/North_Dakota/New_Salem -> /Users/calum/Developer/Excelerator/dist/Excelerate.app/Contents/Resources/lib/python3.11/pytz/zoneinfo/America/North_Dakota/New_Salem
copying file /Users/calum/Developer/Excelerator/env/lib/python3.11/site-packages/pytz/zoneinfo/America/North_Dakota/Center -> /Users/calum/Developer/Excelerator/dist/Excelerate.app/Contents/Resources/lib/python3.11/pytz/zoneinfo/America/North_Dakota/Center
copying file /Users/calum/Developer/Excelerator/env/lib/python3.11/site-packages/pytz/zoneinfo/America/North_Dakota/Beulah -> /Users/calum/Developer/Excelerator/dist/Excelerate.app/Contents/Resources/lib/python3.11/pytz/zoneinfo/America/North_Dakota/Beulah
copying file /Users/calum/Developer/Excelerator/env/lib/python3.11/site-packages/pytz/zoneinfo/America/Glace_Bay -> /Users/calum/Developer/Excelerator/dist/Excelerate.app/Contents/Resources/lib/python3.11/pytz/zoneinfo/America/Glace_Bay
copying file /Users/calum/Developer/Excelerator/env/lib/python3.11/site-packages/pytz/zoneinfo/America/Montserrat -> /Users/calum/Developer/Excelerator/dist/Excelerate.app/Contents/Resources/lib/python3.11/pytz/zoneinfo/America/Montserrat
copying file /Users/calum/Developer/Excelerator/env/lib/python3.11/site-packages/pytz/zoneinfo/America/Toronto -> /Users/calum/Developer/Excelerator/dist/Excelerate.app/Contents/Resources/lib/python3.11/pytz/zoneinfo/America/Toronto
copying file /Users/calum/Developer/Excelerator/env/lib/python3.11/site-packages/pytz/zoneinfo/America/Panama -> /Users/calum/Developer/Excelerator/dist/Excelerate.app/Contents/Resources/lib/python3.11/pytz/zoneinfo/America/Panama
copying file /Users/calum/Developer/Excelerator/env/lib/python3.11/site-packages/pytz/zoneinfo/America/Cordoba -> /Users/calum/Developer/Excelerator/dist/Excelerate.app/Contents/Resources/lib/python3.11/pytz/zoneinfo/America/Cordoba
copying file /Users/calum/Developer/Excelerator/env/lib/python3.11/site-packages/pytz/zoneinfo/America/Louisville -> /Users/calum/Developer/Excelerator/dist/Excelerate.app/Contents/Resources/lib/python3.11/pytz/zoneinfo/America/Louisville
copying file /Users/calum/Developer/Excelerator/env/lib/python3.11/site-packages/pytz/zoneinfo/America/Ensenada -> /Users/calum/Developer/Excelerator/dist/Excelerate.app/Contents/Resources/lib/python3.11/pytz/zoneinfo/America/Ensenada
copying file /Users/calum/Developer/Excelerator/env/lib/python3.11/site-packages/pytz/zoneinfo/America/Shiprock -> /Users/calum/Developer/Excelerator/dist/Excelerate.app/Contents/Resources/lib/python3.11/pytz/zoneinfo/America/Shiprock
copying file /Users/calum/Developer/Excelerator/env/lib/python3.11/site-packages/pytz/zoneinfo/America/Ojinaga -> /Users/calum/Developer/Excelerator/dist/Excelerate.app/Contents/Resources/lib/python3.11/pytz/zoneinfo/America/Ojinaga
copying file /Users/calum/Developer/Excelerator/env/lib/python3.11/site-packages/pytz/zoneinfo/America/Thule -> /Users/calum/Developer/Excelerator/dist/Excelerate.app/Contents/Resources/lib/python3.11/pytz/zoneinfo/America/Thule
copying file /Users/calum/Developer/Excelerator/env/lib/python3.11/site-packages/pytz/zoneinfo/America/Caracas -> /Users/calum/Developer/Excelerator/dist/Excelerate.app/Contents/Resources/lib/python3.11/pytz/zoneinfo/America/Caracas
copying file /Users/calum/Developer/Excelerator/env/lib/python3.11/site-packages/pytz/zoneinfo/America/Araguaina -> /Users/calum/Developer/Excelerator/dist/Excelerate.app/Contents/Resources/lib/python3.11/pytz/zoneinfo/America/Araguaina
copying file /Users/calum/Developer/Excelerator/env/lib/python3.11/site-packages/pytz/zoneinfo/America/Cambridge_Bay -> /Users/calum/Developer/Excelerator/dist/Excelerate.app/Contents/Resources/lib/python3.11/pytz/zoneinfo/America/Cambridge_Bay
copying file /Users/calum/Developer/Excelerator/env/lib/python3.11/site-packages/pytz/zoneinfo/America/Winnipeg -> /Users/calum/Developer/Excelerator/dist/Excelerate.app/Contents/Resources/lib/python3.11/pytz/zoneinfo/America/Winnipeg
copying file /Users/calum/Developer/Excelerator/env/lib/python3.11/site-packages/pytz/zoneinfo/America/Grand_Turk -> /Users/calum/Developer/Excelerator/dist/Excelerate.app/Contents/Resources/lib/python3.11/pytz/zoneinfo/America/Grand_Turk
copying file /Users/calum/Developer/Excelerator/env/lib/python3.11/site-packages/pytz/zoneinfo/America/Virgin -> /Users/calum/Developer/Excelerator/dist/Excelerate.app/Contents/Resources/lib/python3.11/pytz/zoneinfo/America/Virgin
copying file /Users/calum/Developer/Excelerator/env/lib/python3.11/site-packages/pytz/zoneinfo/America/Anchorage -> /Users/calum/Developer/Excelerator/dist/Excelerate.app/Contents/Resources/lib/python3.11/pytz/zoneinfo/America/Anchorage
copying file /Users/calum/Developer/Excelerator/env/lib/python3.11/site-packages/pytz/zoneinfo/America/Costa_Rica -> /Users/calum/Developer/Excelerator/dist/Excelerate.app/Contents/Resources/lib/python3.11/pytz/zoneinfo/America/Costa_Rica
copying file /Users/calum/Developer/Excelerator/env/lib/python3.11/site-packages/pytz/zoneinfo/America/Nome -> /Users/calum/Developer/Excelerator/dist/Excelerate.app/Contents/Resources/lib/python3.11/pytz/zoneinfo/America/Nome
copying file /Users/calum/Developer/Excelerator/env/lib/python3.11/site-packages/pytz/zoneinfo/America/Grenada -> /Users/calum/Developer/Excelerator/dist/Excelerate.app/Contents/Resources/lib/python3.11/pytz/zoneinfo/America/Grenada
copying file /Users/calum/Developer/Excelerator/env/lib/python3.11/site-packages/pytz/zoneinfo/America/St_Johns -> /Users/calum/Developer/Excelerator/dist/Excelerate.app/Contents/Resources/lib/python3.11/pytz/zoneinfo/America/St_Johns
copying file /Users/calum/Developer/Excelerator/env/lib/python3.11/site-packages/pytz/zoneinfo/America/Atka -> /Users/calum/Developer/Excelerator/dist/Excelerate.app/Contents/Resources/lib/python3.11/pytz/zoneinfo/America/Atka
copying file /Users/calum/Developer/Excelerator/env/lib/python3.11/site-packages/pytz/zoneinfo/America/Asuncion -> /Users/calum/Developer/Excelerator/dist/Excelerate.app/Contents/Resources/lib/python3.11/pytz/zoneinfo/America/Asuncion
copying file /Users/calum/Developer/Excelerator/env/lib/python3.11/site-packages/pytz/zoneinfo/America/Hermosillo -> /Users/calum/Developer/Excelerator/dist/Excelerate.app/Contents/Resources/lib/python3.11/pytz/zoneinfo/America/Hermosillo
copying file /Users/calum/Developer/Excelerator/env/lib/python3.11/site-packages/pytz/zoneinfo/America/Tijuana -> /Users/calum/Developer/Excelerator/dist/Excelerate.app/Contents/Resources/lib/python3.11/pytz/zoneinfo/America/Tijuana
copying file /Users/calum/Developer/Excelerator/env/lib/python3.11/site-packages/pytz/zoneinfo/America/Marigot -> /Users/calum/Developer/Excelerator/dist/Excelerate.app/Contents/Resources/lib/python3.11/pytz/zoneinfo/America/Marigot
copying file /Users/calum/Developer/Excelerator/env/lib/python3.11/site-packages/pytz/zoneinfo/America/Juneau -> /Users/calum/Developer/Excelerator/dist/Excelerate.app/Contents/Resources/lib/python3.11/pytz/zoneinfo/America/Juneau
copying file /Users/calum/Developer/Excelerator/env/lib/python3.11/site-packages/pytz/zoneinfo/America/Montevideo -> /Users/calum/Developer/Excelerator/dist/Excelerate.app/Contents/Resources/lib/python3.11/pytz/zoneinfo/America/Montevideo
copying file /Users/calum/Developer/Excelerator/env/lib/python3.11/site-packages/pytz/zoneinfo/America/Godthab -> /Users/calum/Developer/Excelerator/dist/Excelerate.app/Contents/Resources/lib/python3.11/pytz/zoneinfo/America/Godthab
copying file /Users/calum/Developer/Excelerator/env/lib/python3.11/site-packages/pytz/zoneinfo/America/Guadeloupe -> /Users/calum/Developer/Excelerator/dist/Excelerate.app/Contents/Resources/lib/python3.11/pytz/zoneinfo/America/Guadeloupe
copying file /Users/calum/Developer/Excelerator/env/lib/python3.11/site-packages/pytz/zoneinfo/America/Maceio -> /Users/calum/Developer/Excelerator/dist/Excelerate.app/Contents/Resources/lib/python3.11/pytz/zoneinfo/America/Maceio
copying file /Users/calum/Developer/Excelerator/env/lib/python3.11/site-packages/pytz/zoneinfo/America/Pangnirtung -> /Users/calum/Developer/Excelerator/dist/Excelerate.app/Contents/Resources/lib/python3.11/pytz/zoneinfo/America/Pangnirtung
copying file /Users/calum/Developer/Excelerator/env/lib/python3.11/site-packages/pytz/zoneinfo/America/St_Kitts -> /Users/calum/Developer/Excelerator/dist/Excelerate.app/Contents/Resources/lib/python3.11/pytz/zoneinfo/America/St_Kitts
copying file /Users/calum/Developer/Excelerator/env/lib/python3.11/site-packages/pytz/zoneinfo/America/Barbados -> /Users/calum/Developer/Excelerator/dist/Excelerate.app/Contents/Resources/lib/python3.11/pytz/zoneinfo/America/Barbados
copying file /Users/calum/Developer/Excelerator/env/lib/python3.11/site-packages/pytz/zoneinfo/America/Iqaluit -> /Users/calum/Developer/Excelerator/dist/Excelerate.app/Contents/Resources/lib/python3.11/pytz/zoneinfo/America/Iqaluit
copying file /Users/calum/Developer/Excelerator/env/lib/python3.11/site-packages/pytz/zoneinfo/America/Menominee -> /Users/calum/Developer/Excelerator/dist/Excelerate.app/Contents/Resources/lib/python3.11/pytz/zoneinfo/America/Menominee
copying file /Users/calum/Developer/Excelerator/env/lib/python3.11/site-packages/pytz/zoneinfo/America/Martinique -> /Users/calum/Developer/Excelerator/dist/Excelerate.app/Contents/Resources/lib/python3.11/pytz/zoneinfo/America/Martinique
copying file /Users/calum/Developer/Excelerator/env/lib/python3.11/site-packages/pytz/zoneinfo/America/Mexico_City -> /Users/calum/Developer/Excelerator/dist/Excelerate.app/Contents/Resources/lib/python3.11/pytz/zoneinfo/America/Mexico_City
copying file /Users/calum/Developer/Excelerator/env/lib/python3.11/site-packages/pytz/zoneinfo/America/Swift_Current -> /Users/calum/Developer/Excelerator/dist/Excelerate.app/Contents/Resources/lib/python3.11/pytz/zoneinfo/America/Swift_Current
copying file /Users/calum/Developer/Excelerator/env/lib/python3.11/site-packages/pytz/zoneinfo/America/Miquelon -> /Users/calum/Developer/Excelerator/dist/Excelerate.app/Contents/Resources/lib/python3.11/pytz/zoneinfo/America/Miquelon
copying file /Users/calum/Developer/Excelerator/env/lib/python3.11/site-packages/pytz/zoneinfo/America/Curacao -> /Users/calum/Developer/Excelerator/dist/Excelerate.app/Contents/Resources/lib/python3.11/pytz/zoneinfo/America/Curacao
copying file /Users/calum/Developer/Excelerator/env/lib/python3.11/site-packages/pytz/zoneinfo/America/Dawson_Creek -> /Users/calum/Developer/Excelerator/dist/Excelerate.app/Contents/Resources/lib/python3.11/pytz/zoneinfo/America/Dawson_Creek
copying file /Users/calum/Developer/Excelerator/env/lib/python3.11/site-packages/pytz/zoneinfo/America/Mendoza -> /Users/calum/Developer/Excelerator/dist/Excelerate.app/Contents/Resources/lib/python3.11/pytz/zoneinfo/America/Mendoza
copying file /Users/calum/Developer/Excelerator/env/lib/python3.11/site-packages/pytz/zoneinfo/America/Adak -> /Users/calum/Developer/Excelerator/dist/Excelerate.app/Contents/Resources/lib/python3.11/pytz/zoneinfo/America/Adak
copying file /Users/calum/Developer/Excelerator/env/lib/python3.11/site-packages/pytz/zoneinfo/America/Thunder_Bay -> /Users/calum/Developer/Excelerator/dist/Excelerate.app/Contents/Resources/lib/python3.11/pytz/zoneinfo/America/Thunder_Bay
copying file /Users/calum/Developer/Excelerator/env/lib/python3.11/site-packages/pytz/zoneinfo/America/Aruba -> /Users/calum/Developer/Excelerator/dist/Excelerate.app/Contents/Resources/lib/python3.11/pytz/zoneinfo/America/Aruba
copying file /Users/calum/Developer/Excelerator/env/lib/python3.11/site-packages/pytz/zoneinfo/America/Fort_Nelson -> /Users/calum/Developer/Excelerator/dist/Excelerate.app/Contents/Resources/lib/python3.11/pytz/zoneinfo/America/Fort_Nelson
copying file /Users/calum/Developer/Excelerator/env/lib/python3.11/site-packages/pytz/zoneinfo/America/Sitka -> /Users/calum/Developer/Excelerator/dist/Excelerate.app/Contents/Resources/lib/python3.11/pytz/zoneinfo/America/Sitka
copying file /Users/calum/Developer/Excelerator/env/lib/python3.11/site-packages/pytz/zoneinfo/America/Anguilla -> /Users/calum/Developer/Excelerator/dist/Excelerate.app/Contents/Resources/lib/python3.11/pytz/zoneinfo/America/Anguilla
copying file /Users/calum/Developer/Excelerator/env/lib/python3.11/site-packages/pytz/zoneinfo/America/Danmarkshavn -> /Users/calum/Developer/Excelerator/dist/Excelerate.app/Contents/Resources/lib/python3.11/pytz/zoneinfo/America/Danmarkshavn
creating /Users/calum/Developer/Excelerator/dist/Excelerate.app/Contents/Resources/lib/python3.11/pytz/zoneinfo/Australia
copying file /Users/calum/Developer/Excelerator/env/lib/python3.11/site-packages/pytz/zoneinfo/Australia/Melbourne -> /Users/calum/Developer/Excelerator/dist/Excelerate.app/Contents/Resources/lib/python3.11/pytz/zoneinfo/Australia/Melbourne
copying file /Users/calum/Developer/Excelerator/env/lib/python3.11/site-packages/pytz/zoneinfo/Australia/Queensland -> /Users/calum/Developer/Excelerator/dist/Excelerate.app/Contents/Resources/lib/python3.11/pytz/zoneinfo/Australia/Queensland
copying file /Users/calum/Developer/Excelerator/env/lib/python3.11/site-packages/pytz/zoneinfo/Australia/North -> /Users/calum/Developer/Excelerator/dist/Excelerate.app/Contents/Resources/lib/python3.11/pytz/zoneinfo/Australia/North
copying file /Users/calum/Developer/Excelerator/env/lib/python3.11/site-packages/pytz/zoneinfo/Australia/Lord_Howe -> /Users/calum/Developer/Excelerator/dist/Excelerate.app/Contents/Resources/lib/python3.11/pytz/zoneinfo/Australia/Lord_Howe
copying file /Users/calum/Developer/Excelerator/env/lib/python3.11/site-packages/pytz/zoneinfo/Australia/Adelaide -> /Users/calum/Developer/Excelerator/dist/Excelerate.app/Contents/Resources/lib/python3.11/pytz/zoneinfo/Australia/Adelaide
copying file /Users/calum/Developer/Excelerator/env/lib/python3.11/site-packages/pytz/zoneinfo/Australia/Yancowinna -> /Users/calum/Developer/Excelerator/dist/Excelerate.app/Contents/Resources/lib/python3.11/pytz/zoneinfo/Australia/Yancowinna
copying file /Users/calum/Developer/Excelerator/env/lib/python3.11/site-packages/pytz/zoneinfo/Australia/Victoria -> /Users/calum/Developer/Excelerator/dist/Excelerate.app/Contents/Resources/lib/python3.11/pytz/zoneinfo/Australia/Victoria
copying file /Users/calum/Developer/Excelerator/env/lib/python3.11/site-packages/pytz/zoneinfo/Australia/Canberra -> /Users/calum/Developer/Excelerator/dist/Excelerate.app/Contents/Resources/lib/python3.11/pytz/zoneinfo/Australia/Canberra
copying file /Users/calum/Developer/Excelerator/env/lib/python3.11/site-packages/pytz/zoneinfo/Australia/Sydney -> /Users/calum/Developer/Excelerator/dist/Excelerate.app/Contents/Resources/lib/python3.11/pytz/zoneinfo/Australia/Sydney
copying file /Users/calum/Developer/Excelerator/env/lib/python3.11/site-packages/pytz/zoneinfo/Australia/ACT -> /Users/calum/Developer/Excelerator/dist/Excelerate.app/Contents/Resources/lib/python3.11/pytz/zoneinfo/Australia/ACT
copying file /Users/calum/Developer/Excelerator/env/lib/python3.11/site-packages/pytz/zoneinfo/Australia/Eucla -> /Users/calum/Developer/Excelerator/dist/Excelerate.app/Contents/Resources/lib/python3.11/pytz/zoneinfo/Australia/Eucla
copying file /Users/calum/Developer/Excelerator/env/lib/python3.11/site-packages/pytz/zoneinfo/Australia/Brisbane -> /Users/calum/Developer/Excelerator/dist/Excelerate.app/Contents/Resources/lib/python3.11/pytz/zoneinfo/Australia/Brisbane
copying file /Users/calum/Developer/Excelerator/env/lib/python3.11/site-packages/pytz/zoneinfo/Australia/Tasmania -> /Users/calum/Developer/Excelerator/dist/Excelerate.app/Contents/Resources/lib/python3.11/pytz/zoneinfo/Australia/Tasmania
copying file /Users/calum/Developer/Excelerator/env/lib/python3.11/site-packages/pytz/zoneinfo/Australia/Hobart -> /Users/calum/Developer/Excelerator/dist/Excelerate.app/Contents/Resources/lib/python3.11/pytz/zoneinfo/Australia/Hobart
copying file /Users/calum/Developer/Excelerator/env/lib/python3.11/site-packages/pytz/zoneinfo/Australia/Perth -> /Users/calum/Developer/Excelerator/dist/Excelerate.app/Contents/Resources/lib/python3.11/pytz/zoneinfo/Australia/Perth
copying file /Users/calum/Developer/Excelerator/env/lib/python3.11/site-packages/pytz/zoneinfo/Australia/South -> /Users/calum/Developer/Excelerator/dist/Excelerate.app/Contents/Resources/lib/python3.11/pytz/zoneinfo/Australia/South
copying file /Users/calum/Developer/Excelerator/env/lib/python3.11/site-packages/pytz/zoneinfo/Australia/Lindeman -> /Users/calum/Developer/Excelerator/dist/Excelerate.app/Contents/Resources/lib/python3.11/pytz/zoneinfo/Australia/Lindeman
copying file /Users/calum/Developer/Excelerator/env/lib/python3.11/site-packages/pytz/zoneinfo/Australia/Darwin -> /Users/calum/Developer/Excelerator/dist/Excelerate.app/Contents/Resources/lib/python3.11/pytz/zoneinfo/Australia/Darwin
copying file /Users/calum/Developer/Excelerator/env/lib/python3.11/site-packages/pytz/zoneinfo/Australia/West -> /Users/calum/Developer/Excelerator/dist/Excelerate.app/Contents/Resources/lib/python3.11/pytz/zoneinfo/Australia/West
copying file /Users/calum/Developer/Excelerator/env/lib/python3.11/site-packages/pytz/zoneinfo/Australia/LHI -> /Users/calum/Developer/Excelerator/dist/Excelerate.app/Contents/Resources/lib/python3.11/pytz/zoneinfo/Australia/LHI
copying file /Users/calum/Developer/Excelerator/env/lib/python3.11/site-packages/pytz/zoneinfo/Australia/NSW -> /Users/calum/Developer/Excelerator/dist/Excelerate.app/Contents/Resources/lib/python3.11/pytz/zoneinfo/Australia/NSW
copying file /Users/calum/Developer/Excelerator/env/lib/python3.11/site-packages/pytz/zoneinfo/Australia/Broken_Hill -> /Users/calum/Developer/Excelerator/dist/Excelerate.app/Contents/Resources/lib/python3.11/pytz/zoneinfo/Australia/Broken_Hill
copying file /Users/calum/Developer/Excelerator/env/lib/python3.11/site-packages/pytz/zoneinfo/Australia/Currie -> /Users/calum/Developer/Excelerator/dist/Excelerate.app/Contents/Resources/lib/python3.11/pytz/zoneinfo/Australia/Currie
creating /Users/calum/Developer/Excelerator/dist/Excelerate.app/Contents/Resources/lib/python3.11/pytz/zoneinfo/Etc
copying file /Users/calum/Developer/Excelerator/env/lib/python3.11/site-packages/pytz/zoneinfo/Etc/GMT-10 -> /Users/calum/Developer/Excelerator/dist/Excelerate.app/Contents/Resources/lib/python3.11/pytz/zoneinfo/Etc/GMT-10
copying file /Users/calum/Developer/Excelerator/env/lib/python3.11/site-packages/pytz/zoneinfo/Etc/GMT+12 -> /Users/calum/Developer/Excelerator/dist/Excelerate.app/Contents/Resources/lib/python3.11/pytz/zoneinfo/Etc/GMT+12
copying file /Users/calum/Developer/Excelerator/env/lib/python3.11/site-packages/pytz/zoneinfo/Etc/GMT-11 -> /Users/calum/Developer/Excelerator/dist/Excelerate.app/Contents/Resources/lib/python3.11/pytz/zoneinfo/Etc/GMT-11
copying file /Users/calum/Developer/Excelerator/env/lib/python3.11/site-packages/pytz/zoneinfo/Etc/Universal -> /Users/calum/Developer/Excelerator/dist/Excelerate.app/Contents/Resources/lib/python3.11/pytz/zoneinfo/Etc/Universal
copying file /Users/calum/Developer/Excelerator/env/lib/python3.11/site-packages/pytz/zoneinfo/Etc/Greenwich -> /Users/calum/Developer/Excelerator/dist/Excelerate.app/Contents/Resources/lib/python3.11/pytz/zoneinfo/Etc/Greenwich
copying file /Users/calum/Developer/Excelerator/env/lib/python3.11/site-packages/pytz/zoneinfo/Etc/GMT-6 -> /Users/calum/Developer/Excelerator/dist/Excelerate.app/Contents/Resources/lib/python3.11/pytz/zoneinfo/Etc/GMT-6
copying file /Users/calum/Developer/Excelerator/env/lib/python3.11/site-packages/pytz/zoneinfo/Etc/GMT-1 -> /Users/calum/Developer/Excelerator/dist/Excelerate.app/Contents/Resources/lib/python3.11/pytz/zoneinfo/Etc/GMT-1
copying file /Users/calum/Developer/Excelerator/env/lib/python3.11/site-packages/pytz/zoneinfo/Etc/GMT-8 -> /Users/calum/Developer/Excelerator/dist/Excelerate.app/Contents/Resources/lib/python3.11/pytz/zoneinfo/Etc/GMT-8
copying file /Users/calum/Developer/Excelerator/env/lib/python3.11/site-packages/pytz/zoneinfo/Etc/GMT+4 -> /Users/calum/Developer/Excelerator/dist/Excelerate.app/Contents/Resources/lib/python3.11/pytz/zoneinfo/Etc/GMT+4
copying file /Users/calum/Developer/Excelerator/env/lib/python3.11/site-packages/pytz/zoneinfo/Etc/GMT+3 -> /Users/calum/Developer/Excelerator/dist/Excelerate.app/Contents/Resources/lib/python3.11/pytz/zoneinfo/Etc/GMT+3
copying file /Users/calum/Developer/Excelerator/env/lib/python3.11/site-packages/pytz/zoneinfo/Etc/GMT-9 -> /Users/calum/Developer/Excelerator/dist/Excelerate.app/Contents/Resources/lib/python3.11/pytz/zoneinfo/Etc/GMT-9
copying file /Users/calum/Developer/Excelerator/env/lib/python3.11/site-packages/pytz/zoneinfo/Etc/GMT-0 -> /Users/calum/Developer/Excelerator/dist/Excelerate.app/Contents/Resources/lib/python3.11/pytz/zoneinfo/Etc/GMT-0
copying file /Users/calum/Developer/Excelerator/env/lib/python3.11/site-packages/pytz/zoneinfo/Etc/GMT-7 -> /Users/calum/Developer/Excelerator/dist/Excelerate.app/Contents/Resources/lib/python3.11/pytz/zoneinfo/Etc/GMT-7
copying file /Users/calum/Developer/Excelerator/env/lib/python3.11/site-packages/pytz/zoneinfo/Etc/GMT+2 -> /Users/calum/Developer/Excelerator/dist/Excelerate.app/Contents/Resources/lib/python3.11/pytz/zoneinfo/Etc/GMT+2
copying file /Users/calum/Developer/Excelerator/env/lib/python3.11/site-packages/pytz/zoneinfo/Etc/GMT+5 -> /Users/calum/Developer/Excelerator/dist/Excelerate.app/Contents/Resources/lib/python3.11/pytz/zoneinfo/Etc/GMT+5
copying file /Users/calum/Developer/Excelerator/env/lib/python3.11/site-packages/pytz/zoneinfo/Etc/GMT -> /Users/calum/Developer/Excelerator/dist/Excelerate.app/Contents/Resources/lib/python3.11/pytz/zoneinfo/Etc/GMT
copying file /Users/calum/Developer/Excelerator/env/lib/python3.11/site-packages/pytz/zoneinfo/Etc/Zulu -> /Users/calum/Developer/Excelerator/dist/Excelerate.app/Contents/Resources/lib/python3.11/pytz/zoneinfo/Etc/Zulu
copying file /Users/calum/Developer/Excelerator/env/lib/python3.11/site-packages/pytz/zoneinfo/Etc/GMT+11 -> /Users/calum/Developer/Excelerator/dist/Excelerate.app/Contents/Resources/lib/python3.11/pytz/zoneinfo/Etc/GMT+11
copying file /Users/calum/Developer/Excelerator/env/lib/python3.11/site-packages/pytz/zoneinfo/Etc/GMT-13 -> /Users/calum/Developer/Excelerator/dist/Excelerate.app/Contents/Resources/lib/python3.11/pytz/zoneinfo/Etc/GMT-13
copying file /Users/calum/Developer/Excelerator/env/lib/python3.11/site-packages/pytz/zoneinfo/Etc/GMT-14 -> /Users/calum/Developer/Excelerator/dist/Excelerate.app/Contents/Resources/lib/python3.11/pytz/zoneinfo/Etc/GMT-14
copying file /Users/calum/Developer/Excelerator/env/lib/python3.11/site-packages/pytz/zoneinfo/Etc/GMT+10 -> /Users/calum/Developer/Excelerator/dist/Excelerate.app/Contents/Resources/lib/python3.11/pytz/zoneinfo/Etc/GMT+10
copying file /Users/calum/Developer/Excelerator/env/lib/python3.11/site-packages/pytz/zoneinfo/Etc/GMT-12 -> /Users/calum/Developer/Excelerator/dist/Excelerate.app/Contents/Resources/lib/python3.11/pytz/zoneinfo/Etc/GMT-12
copying file /Users/calum/Developer/Excelerator/env/lib/python3.11/site-packages/pytz/zoneinfo/Etc/GMT0 -> /Users/calum/Developer/Excelerator/dist/Excelerate.app/Contents/Resources/lib/python3.11/pytz/zoneinfo/Etc/GMT0
copying file /Users/calum/Developer/Excelerator/env/lib/python3.11/site-packages/pytz/zoneinfo/Etc/UCT -> /Users/calum/Developer/Excelerator/dist/Excelerate.app/Contents/Resources/lib/python3.11/pytz/zoneinfo/Etc/UCT
copying file /Users/calum/Developer/Excelerator/env/lib/python3.11/site-packages/pytz/zoneinfo/Etc/GMT+0 -> /Users/calum/Developer/Excelerator/dist/Excelerate.app/Contents/Resources/lib/python3.11/pytz/zoneinfo/Etc/GMT+0
copying file /Users/calum/Developer/Excelerator/env/lib/python3.11/site-packages/pytz/zoneinfo/Etc/GMT+7 -> /Users/calum/Developer/Excelerator/dist/Excelerate.app/Contents/Resources/lib/python3.11/pytz/zoneinfo/Etc/GMT+7
copying file /Users/calum/Developer/Excelerator/env/lib/python3.11/site-packages/pytz/zoneinfo/Etc/GMT+9 -> /Users/calum/Developer/Excelerator/dist/Excelerate.app/Contents/Resources/lib/python3.11/pytz/zoneinfo/Etc/GMT+9
copying file /Users/calum/Developer/Excelerator/env/lib/python3.11/site-packages/pytz/zoneinfo/Etc/GMT-2 -> /Users/calum/Developer/Excelerator/dist/Excelerate.app/Contents/Resources/lib/python3.11/pytz/zoneinfo/Etc/GMT-2
copying file /Users/calum/Developer/Excelerator/env/lib/python3.11/site-packages/pytz/zoneinfo/Etc/GMT-5 -> /Users/calum/Developer/Excelerator/dist/Excelerate.app/Contents/Resources/lib/python3.11/pytz/zoneinfo/Etc/GMT-5
copying file /Users/calum/Developer/Excelerator/env/lib/python3.11/site-packages/pytz/zoneinfo/Etc/GMT+8 -> /Users/calum/Developer/Excelerator/dist/Excelerate.app/Contents/Resources/lib/python3.11/pytz/zoneinfo/Etc/GMT+8
copying file /Users/calum/Developer/Excelerator/env/lib/python3.11/site-packages/pytz/zoneinfo/Etc/GMT+6 -> /Users/calum/Developer/Excelerator/dist/Excelerate.app/Contents/Resources/lib/python3.11/pytz/zoneinfo/Etc/GMT+6
copying file /Users/calum/Developer/Excelerator/env/lib/python3.11/site-packages/pytz/zoneinfo/Etc/GMT+1 -> /Users/calum/Developer/Excelerator/dist/Excelerate.app/Contents/Resources/lib/python3.11/pytz/zoneinfo/Etc/GMT+1
copying file /Users/calum/Developer/Excelerator/env/lib/python3.11/site-packages/pytz/zoneinfo/Etc/UTC -> /Users/calum/Developer/Excelerator/dist/Excelerate.app/Contents/Resources/lib/python3.11/pytz/zoneinfo/Etc/UTC
copying file /Users/calum/Developer/Excelerator/env/lib/python3.11/site-packages/pytz/zoneinfo/Etc/GMT-4 -> /Users/calum/Developer/Excelerator/dist/Excelerate.app/Contents/Resources/lib/python3.11/pytz/zoneinfo/Etc/GMT-4
copying file /Users/calum/Developer/Excelerator/env/lib/python3.11/site-packages/pytz/zoneinfo/Etc/GMT-3 -> /Users/calum/Developer/Excelerator/dist/Excelerate.app/Contents/Resources/lib/python3.11/pytz/zoneinfo/Etc/GMT-3
copying file /Users/calum/Developer/Excelerator/env/lib/python3.11/site-packages/pytz/zoneinfo/zonenow.tab -> /Users/calum/Developer/Excelerator/dist/Excelerate.app/Contents/Resources/lib/python3.11/pytz/zoneinfo/zonenow.tab
copying file /Users/calum/Developer/Excelerator/env/lib/python3.11/site-packages/pytz/zoneinfo/NZ-CHAT -> /Users/calum/Developer/Excelerator/dist/Excelerate.app/Contents/Resources/lib/python3.11/pytz/zoneinfo/NZ-CHAT
creating /Users/calum/Developer/Excelerator/dist/Excelerate.app/Contents/Resources/lib/python3.11/pytz/zoneinfo/Asia
copying file /Users/calum/Developer/Excelerator/env/lib/python3.11/site-packages/pytz/zoneinfo/Asia/Dushanbe -> /Users/calum/Developer/Excelerator/dist/Excelerate.app/Contents/Resources/lib/python3.11/pytz/zoneinfo/Asia/Dushanbe
copying file /Users/calum/Developer/Excelerator/env/lib/python3.11/site-packages/pytz/zoneinfo/Asia/Qostanay -> /Users/calum/Developer/Excelerator/dist/Excelerate.app/Contents/Resources/lib/python3.11/pytz/zoneinfo/Asia/Qostanay
copying file /Users/calum/Developer/Excelerator/env/lib/python3.11/site-packages/pytz/zoneinfo/Asia/Calcutta -> /Users/calum/Developer/Excelerator/dist/Excelerate.app/Contents/Resources/lib/python3.11/pytz/zoneinfo/Asia/Calcutta
copying file /Users/calum/Developer/Excelerator/env/lib/python3.11/site-packages/pytz/zoneinfo/Asia/Urumqi -> /Users/calum/Developer/Excelerator/dist/Excelerate.app/Contents/Resources/lib/python3.11/pytz/zoneinfo/Asia/Urumqi
copying file /Users/calum/Developer/Excelerator/env/lib/python3.11/site-packages/pytz/zoneinfo/Asia/Karachi -> /Users/calum/Developer/Excelerator/dist/Excelerate.app/Contents/Resources/lib/python3.11/pytz/zoneinfo/Asia/Karachi
copying file /Users/calum/Developer/Excelerator/env/lib/python3.11/site-packages/pytz/zoneinfo/Asia/Khandyga -> /Users/calum/Developer/Excelerator/dist/Excelerate.app/Contents/Resources/lib/python3.11/pytz/zoneinfo/Asia/Khandyga
copying file /Users/calum/Developer/Excelerator/env/lib/python3.11/site-packages/pytz/zoneinfo/Asia/Thimbu -> /Users/calum/Developer/Excelerator/dist/Excelerate.app/Contents/Resources/lib/python3.11/pytz/zoneinfo/Asia/Thimbu
copying file /Users/calum/Developer/Excelerator/env/lib/python3.11/site-packages/pytz/zoneinfo/Asia/Thimphu -> /Users/calum/Developer/Excelerator/dist/Excelerate.app/Contents/Resources/lib/python3.11/pytz/zoneinfo/Asia/Thimphu
copying file /Users/calum/Developer/Excelerator/env/lib/python3.11/site-packages/pytz/zoneinfo/Asia/Vladivostok -> /Users/calum/Developer/Excelerator/dist/Excelerate.app/Contents/Resources/lib/python3.11/pytz/zoneinfo/Asia/Vladivostok
copying file /Users/calum/Developer/Excelerator/env/lib/python3.11/site-packages/pytz/zoneinfo/Asia/Vientiane -> /Users/calum/Developer/Excelerator/dist/Excelerate.app/Contents/Resources/lib/python3.11/pytz/zoneinfo/Asia/Vientiane
copying file /Users/calum/Developer/Excelerator/env/lib/python3.11/site-packages/pytz/zoneinfo/Asia/Shanghai -> /Users/calum/Developer/Excelerator/dist/Excelerate.app/Contents/Resources/lib/python3.11/pytz/zoneinfo/Asia/Shanghai
copying file /Users/calum/Developer/Excelerator/env/lib/python3.11/site-packages/pytz/zoneinfo/Asia/Ulan_Bator -> /Users/calum/Developer/Excelerator/dist/Excelerate.app/Contents/Resources/lib/python3.11/pytz/zoneinfo/Asia/Ulan_Bator
copying file /Users/calum/Developer/Excelerator/env/lib/python3.11/site-packages/pytz/zoneinfo/Asia/Aden -> /Users/calum/Developer/Excelerator/dist/Excelerate.app/Contents/Resources/lib/python3.11/pytz/zoneinfo/Asia/Aden
copying file /Users/calum/Developer/Excelerator/env/lib/python3.11/site-packages/pytz/zoneinfo/Asia/Muscat -> /Users/calum/Developer/Excelerator/dist/Excelerate.app/Contents/Resources/lib/python3.11/pytz/zoneinfo/Asia/Muscat
copying file /Users/calum/Developer/Excelerator/env/lib/python3.11/site-packages/pytz/zoneinfo/Asia/Damascus -> /Users/calum/Developer/Excelerator/dist/Excelerate.app/Contents/Resources/lib/python3.11/pytz/zoneinfo/Asia/Damascus
copying file /Users/calum/Developer/Excelerator/env/lib/python3.11/site-packages/pytz/zoneinfo/Asia/Jerusalem -> /Users/calum/Developer/Excelerator/dist/Excelerate.app/Contents/Resources/lib/python3.11/pytz/zoneinfo/Asia/Jerusalem
copying file /Users/calum/Developer/Excelerator/env/lib/python3.11/site-packages/pytz/zoneinfo/Asia/Brunei -> /Users/calum/Developer/Excelerator/dist/Excelerate.app/Contents/Resources/lib/python3.11/pytz/zoneinfo/Asia/Brunei
copying file /Users/calum/Developer/Excelerator/env/lib/python3.11/site-packages/pytz/zoneinfo/Asia/Ulaanbaatar -> /Users/calum/Developer/Excelerator/dist/Excelerate.app/Contents/Resources/lib/python3.11/pytz/zoneinfo/Asia/Ulaanbaatar
copying file /Users/calum/Developer/Excelerator/env/lib/python3.11/site-packages/pytz/zoneinfo/Asia/Amman -> /Users/calum/Developer/Excelerator/dist/Excelerate.app/Contents/Resources/lib/python3.11/pytz/zoneinfo/Asia/Amman
copying file /Users/calum/Developer/Excelerator/env/lib/python3.11/site-packages/pytz/zoneinfo/Asia/Kuching -> /Users/calum/Developer/Excelerator/dist/Excelerate.app/Contents/Resources/lib/python3.11/pytz/zoneinfo/Asia/Kuching
copying file /Users/calum/Developer/Excelerator/env/lib/python3.11/site-packages/pytz/zoneinfo/Asia/Tel_Aviv -> /Users/calum/Developer/Excelerator/dist/Excelerate.app/Contents/Resources/lib/python3.11/pytz/zoneinfo/Asia/Tel_Aviv
copying file /Users/calum/Developer/Excelerator/env/lib/python3.11/site-packages/pytz/zoneinfo/Asia/Seoul -> /Users/calum/Developer/Excelerator/dist/Excelerate.app/Contents/Resources/lib/python3.11/pytz/zoneinfo/Asia/Seoul
copying file /Users/calum/Developer/Excelerator/env/lib/python3.11/site-packages/pytz/zoneinfo/Asia/Atyrau -> /Users/calum/Developer/Excelerator/dist/Excelerate.app/Contents/Resources/lib/python3.11/pytz/zoneinfo/Asia/Atyrau
copying file /Users/calum/Developer/Excelerator/env/lib/python3.11/site-packages/pytz/zoneinfo/Asia/Pyongyang -> /Users/calum/Developer/Excelerator/dist/Excelerate.app/Contents/Resources/lib/python3.11/pytz/zoneinfo/Asia/Pyongyang
copying file /Users/calum/Developer/Excelerator/env/lib/python3.11/site-packages/pytz/zoneinfo/Asia/Hovd -> /Users/calum/Developer/Excelerator/dist/Excelerate.app/Contents/Resources/lib/python3.11/pytz/zoneinfo/Asia/Hovd
copying file /Users/calum/Developer/Excelerator/env/lib/python3.11/site-packages/pytz/zoneinfo/Asia/Hebron -> /Users/calum/Developer/Excelerator/dist/Excelerate.app/Contents/Resources/lib/python3.11/pytz/zoneinfo/Asia/Hebron
copying file /Users/calum/Developer/Excelerator/env/lib/python3.11/site-packages/pytz/zoneinfo/Asia/Kuwait -> /Users/calum/Developer/Excelerator/dist/Excelerate.app/Contents/Resources/lib/python3.11/pytz/zoneinfo/Asia/Kuwait
copying file /Users/calum/Developer/Excelerator/env/lib/python3.11/site-packages/pytz/zoneinfo/Asia/Tomsk -> /Users/calum/Developer/Excelerator/dist/Excelerate.app/Contents/Resources/lib/python3.11/pytz/zoneinfo/Asia/Tomsk
copying file /Users/calum/Developer/Excelerator/env/lib/python3.11/site-packages/pytz/zoneinfo/Asia/Manila -> /Users/calum/Developer/Excelerator/dist/Excelerate.app/Contents/Resources/lib/python3.11/pytz/zoneinfo/Asia/Manila
copying file /Users/calum/Developer/Excelerator/env/lib/python3.11/site-packages/pytz/zoneinfo/Asia/Chita -> /Users/calum/Developer/Excelerator/dist/Excelerate.app/Contents/Resources/lib/python3.11/pytz/zoneinfo/Asia/Chita
copying file /Users/calum/Developer/Excelerator/env/lib/python3.11/site-packages/pytz/zoneinfo/Asia/Katmandu -> /Users/calum/Developer/Excelerator/dist/Excelerate.app/Contents/Resources/lib/python3.11/pytz/zoneinfo/Asia/Katmandu
copying file /Users/calum/Developer/Excelerator/env/lib/python3.11/site-packages/pytz/zoneinfo/Asia/Gaza -> /Users/calum/Developer/Excelerator/dist/Excelerate.app/Contents/Resources/lib/python3.11/pytz/zoneinfo/Asia/Gaza
copying file /Users/calum/Developer/Excelerator/env/lib/python3.11/site-packages/pytz/zoneinfo/Asia/Samarkand -> /Users/calum/Developer/Excelerator/dist/Excelerate.app/Contents/Resources/lib/python3.11/pytz/zoneinfo/Asia/Samarkand
copying file /Users/calum/Developer/Excelerator/env/lib/python3.11/site-packages/pytz/zoneinfo/Asia/Taipei -> /Users/calum/Developer/Excelerator/dist/Excelerate.app/Contents/Resources/lib/python3.11/pytz/zoneinfo/Asia/Taipei
copying file /Users/calum/Developer/Excelerator/env/lib/python3.11/site-packages/pytz/zoneinfo/Asia/Tashkent -> /Users/calum/Developer/Excelerator/dist/Excelerate.app/Contents/Resources/lib/python3.11/pytz/zoneinfo/Asia/Tashkent
copying file /Users/calum/Developer/Excelerator/env/lib/python3.11/site-packages/pytz/zoneinfo/Asia/Yekaterinburg -> /Users/calum/Developer/Excelerator/dist/Excelerate.app/Contents/Resources/lib/python3.11/pytz/zoneinfo/Asia/Yekaterinburg
copying file /Users/calum/Developer/Excelerator/env/lib/python3.11/site-packages/pytz/zoneinfo/Asia/Macau -> /Users/calum/Developer/Excelerator/dist/Excelerate.app/Contents/Resources/lib/python3.11/pytz/zoneinfo/Asia/Macau
copying file /Users/calum/Developer/Excelerator/env/lib/python3.11/site-packages/pytz/zoneinfo/Asia/Qyzylorda -> /Users/calum/Developer/Excelerator/dist/Excelerate.app/Contents/Resources/lib/python3.11/pytz/zoneinfo/Asia/Qyzylorda
copying file /Users/calum/Developer/Excelerator/env/lib/python3.11/site-packages/pytz/zoneinfo/Asia/Macao -> /Users/calum/Developer/Excelerator/dist/Excelerate.app/Contents/Resources/lib/python3.11/pytz/zoneinfo/Asia/Macao
copying file /Users/calum/Developer/Excelerator/env/lib/python3.11/site-packages/pytz/zoneinfo/Asia/Tokyo -> /Users/calum/Developer/Excelerator/dist/Excelerate.app/Contents/Resources/lib/python3.11/pytz/zoneinfo/Asia/Tokyo
copying file /Users/calum/Developer/Excelerator/env/lib/python3.11/site-packages/pytz/zoneinfo/Asia/Baku -> /Users/calum/Developer/Excelerator/dist/Excelerate.app/Contents/Resources/lib/python3.11/pytz/zoneinfo/Asia/Baku
copying file /Users/calum/Developer/Excelerator/env/lib/python3.11/site-packages/pytz/zoneinfo/Asia/Barnaul -> /Users/calum/Developer/Excelerator/dist/Excelerate.app/Contents/Resources/lib/python3.11/pytz/zoneinfo/Asia/Barnaul
copying file /Users/calum/Developer/Excelerator/env/lib/python3.11/site-packages/pytz/zoneinfo/Asia/Istanbul -> /Users/calum/Developer/Excelerator/dist/Excelerate.app/Contents/Resources/lib/python3.11/pytz/zoneinfo/Asia/Istanbul
copying file /Users/calum/Developer/Excelerator/env/lib/python3.11/site-packages/pytz/zoneinfo/Asia/Irkutsk -> /Users/calum/Developer/Excelerator/dist/Excelerate.app/Contents/Resources/lib/python3.11/pytz/zoneinfo/Asia/Irkutsk
copying file /Users/calum/Developer/Excelerator/env/lib/python3.11/site-packages/pytz/zoneinfo/Asia/Qatar -> /Users/calum/Developer/Excelerator/dist/Excelerate.app/Contents/Resources/lib/python3.11/pytz/zoneinfo/Asia/Qatar
copying file /Users/calum/Developer/Excelerator/env/lib/python3.11/site-packages/pytz/zoneinfo/Asia/Bahrain -> /Users/calum/Developer/Excelerator/dist/Excelerate.app/Contents/Resources/lib/python3.11/pytz/zoneinfo/Asia/Bahrain
copying file /Users/calum/Developer/Excelerator/env/lib/python3.11/site-packages/pytz/zoneinfo/Asia/Yangon -> /Users/calum/Developer/Excelerator/dist/Excelerate.app/Contents/Resources/lib/python3.11/pytz/zoneinfo/Asia/Yangon
copying file /Users/calum/Developer/Excelerator/env/lib/python3.11/site-packages/pytz/zoneinfo/Asia/Yerevan -> /Users/calum/Developer/Excelerator/dist/Excelerate.app/Contents/Resources/lib/python3.11/pytz/zoneinfo/Asia/Yerevan
copying file /Users/calum/Developer/Excelerator/env/lib/python3.11/site-packages/pytz/zoneinfo/Asia/Almaty -> /Users/calum/Developer/Excelerator/dist/Excelerate.app/Contents/Resources/lib/python3.11/pytz/zoneinfo/Asia/Almaty
copying file /Users/calum/Developer/Excelerator/env/lib/python3.11/site-packages/pytz/zoneinfo/Asia/Dili -> /Users/calum/Developer/Excelerator/dist/Excelerate.app/Contents/Resources/lib/python3.11/pytz/zoneinfo/Asia/Dili
copying file /Users/calum/Developer/Excelerator/env/lib/python3.11/site-packages/pytz/zoneinfo/Asia/Dacca -> /Users/calum/Developer/Excelerator/dist/Excelerate.app/Contents/Resources/lib/python3.11/pytz/zoneinfo/Asia/Dacca
copying file /Users/calum/Developer/Excelerator/env/lib/python3.11/site-packages/pytz/zoneinfo/Asia/Chongqing -> /Users/calum/Developer/Excelerator/dist/Excelerate.app/Contents/Resources/lib/python3.11/pytz/zoneinfo/Asia/Chongqing
copying file /Users/calum/Developer/Excelerator/env/lib/python3.11/site-packages/pytz/zoneinfo/Asia/Ust-Nera -> /Users/calum/Developer/Excelerator/dist/Excelerate.app/Contents/Resources/lib/python3.11/pytz/zoneinfo/Asia/Ust-Nera
copying file /Users/calum/Developer/Excelerator/env/lib/python3.11/site-packages/pytz/zoneinfo/Asia/Magadan -> /Users/calum/Developer/Excelerator/dist/Excelerate.app/Contents/Resources/lib/python3.11/pytz/zoneinfo/Asia/Magadan
copying file /Users/calum/Developer/Excelerator/env/lib/python3.11/site-packages/pytz/zoneinfo/Asia/Colombo -> /Users/calum/Developer/Excelerator/dist/Excelerate.app/Contents/Resources/lib/python3.11/pytz/zoneinfo/Asia/Colombo
copying file /Users/calum/Developer/Excelerator/env/lib/python3.11/site-packages/pytz/zoneinfo/Asia/Krasnoyarsk -> /Users/calum/Developer/Excelerator/dist/Excelerate.app/Contents/Resources/lib/python3.11/pytz/zoneinfo/Asia/Krasnoyarsk
copying file /Users/calum/Developer/Excelerator/env/lib/python3.11/site-packages/pytz/zoneinfo/Asia/Kamchatka -> /Users/calum/Developer/Excelerator/dist/Excelerate.app/Contents/Resources/lib/python3.11/pytz/zoneinfo/Asia/Kamchatka
copying file /Users/calum/Developer/Excelerator/env/lib/python3.11/site-packages/pytz/zoneinfo/Asia/Ujung_Pandang -> /Users/calum/Developer/Excelerator/dist/Excelerate.app/Contents/Resources/lib/python3.11/pytz/zoneinfo/Asia/Ujung_Pandang
copying file /Users/calum/Developer/Excelerator/env/lib/python3.11/site-packages/pytz/zoneinfo/Asia/Jakarta -> /Users/calum/Developer/Excelerator/dist/Excelerate.app/Contents/Resources/lib/python3.11/pytz/zoneinfo/Asia/Jakarta
copying file /Users/calum/Developer/Excelerator/env/lib/python3.11/site-packages/pytz/zoneinfo/Asia/Kolkata -> /Users/calum/Developer/Excelerator/dist/Excelerate.app/Contents/Resources/lib/python3.11/pytz/zoneinfo/Asia/Kolkata
copying file /Users/calum/Developer/Excelerator/env/lib/python3.11/site-packages/pytz/zoneinfo/Asia/Kabul -> /Users/calum/Developer/Excelerator/dist/Excelerate.app/Contents/Resources/lib/python3.11/pytz/zoneinfo/Asia/Kabul
copying file /Users/calum/Developer/Excelerator/env/lib/python3.11/site-packages/pytz/zoneinfo/Asia/Oral -> /Users/calum/Developer/Excelerator/dist/Excelerate.app/Contents/Resources/lib/python3.11/pytz/zoneinfo/Asia/Oral
copying file /Users/calum/Developer/Excelerator/env/lib/python3.11/site-packages/pytz/zoneinfo/Asia/Jayapura -> /Users/calum/Developer/Excelerator/dist/Excelerate.app/Contents/Resources/lib/python3.11/pytz/zoneinfo/Asia/Jayapura
copying file /Users/calum/Developer/Excelerator/env/lib/python3.11/site-packages/pytz/zoneinfo/Asia/Pontianak -> /Users/calum/Developer/Excelerator/dist/Excelerate.app/Contents/Resources/lib/python3.11/pytz/zoneinfo/Asia/Pontianak
copying file /Users/calum/Developer/Excelerator/env/lib/python3.11/site-packages/pytz/zoneinfo/Asia/Makassar -> /Users/calum/Developer/Excelerator/dist/Excelerate.app/Contents/Resources/lib/python3.11/pytz/zoneinfo/Asia/Makassar
copying file /Users/calum/Developer/Excelerator/env/lib/python3.11/site-packages/pytz/zoneinfo/Asia/Tbilisi -> /Users/calum/Developer/Excelerator/dist/Excelerate.app/Contents/Resources/lib/python3.11/pytz/zoneinfo/Asia/Tbilisi
copying file /Users/calum/Developer/Excelerator/env/lib/python3.11/site-packages/pytz/zoneinfo/Asia/Singapore -> /Users/calum/Developer/Excelerator/dist/Excelerate.app/Contents/Resources/lib/python3.11/pytz/zoneinfo/Asia/Singapore
copying file /Users/calum/Developer/Excelerator/env/lib/python3.11/site-packages/pytz/zoneinfo/Asia/Harbin -> /Users/calum/Developer/Excelerator/dist/Excelerate.app/Contents/Resources/lib/python3.11/pytz/zoneinfo/Asia/Harbin
copying file /Users/calum/Developer/Excelerator/env/lib/python3.11/site-packages/pytz/zoneinfo/Asia/Kashgar -> /Users/calum/Developer/Excelerator/dist/Excelerate.app/Contents/Resources/lib/python3.11/pytz/zoneinfo/Asia/Kashgar
copying file /Users/calum/Developer/Excelerator/env/lib/python3.11/site-packages/pytz/zoneinfo/Asia/Dhaka -> /Users/calum/Developer/Excelerator/dist/Excelerate.app/Contents/Resources/lib/python3.11/pytz/zoneinfo/Asia/Dhaka
copying file /Users/calum/Developer/Excelerator/env/lib/python3.11/site-packages/pytz/zoneinfo/Asia/Yakutsk -> /Users/calum/Developer/Excelerator/dist/Excelerate.app/Contents/Resources/lib/python3.11/pytz/zoneinfo/Asia/Yakutsk
copying file /Users/calum/Developer/Excelerator/env/lib/python3.11/site-packages/pytz/zoneinfo/Asia/Kuala_Lumpur -> /Users/calum/Developer/Excelerator/dist/Excelerate.app/Contents/Resources/lib/python3.11/pytz/zoneinfo/Asia/Kuala_Lumpur
copying file /Users/calum/Developer/Excelerator/env/lib/python3.11/site-packages/pytz/zoneinfo/Asia/Tehran -> /Users/calum/Developer/Excelerator/dist/Excelerate.app/Contents/Resources/lib/python3.11/pytz/zoneinfo/Asia/Tehran
copying file /Users/calum/Developer/Excelerator/env/lib/python3.11/site-packages/pytz/zoneinfo/Asia/Beirut -> /Users/calum/Developer/Excelerator/dist/Excelerate.app/Contents/Resources/lib/python3.11/pytz/zoneinfo/Asia/Beirut
copying file /Users/calum/Developer/Excelerator/env/lib/python3.11/site-packages/pytz/zoneinfo/Asia/Aqtobe -> /Users/calum/Developer/Excelerator/dist/Excelerate.app/Contents/Resources/lib/python3.11/pytz/zoneinfo/Asia/Aqtobe
copying file /Users/calum/Developer/Excelerator/env/lib/python3.11/site-packages/pytz/zoneinfo/Asia/Anadyr -> /Users/calum/Developer/Excelerator/dist/Excelerate.app/Contents/Resources/lib/python3.11/pytz/zoneinfo/Asia/Anadyr
copying file /Users/calum/Developer/Excelerator/env/lib/python3.11/site-packages/pytz/zoneinfo/Asia/Bishkek -> /Users/calum/Developer/Excelerator/dist/Excelerate.app/Contents/Resources/lib/python3.11/pytz/zoneinfo/Asia/Bishkek
copying file /Users/calum/Developer/Excelerator/env/lib/python3.11/site-packages/pytz/zoneinfo/Asia/Dubai -> /Users/calum/Developer/Excelerator/dist/Excelerate.app/Contents/Resources/lib/python3.11/pytz/zoneinfo/Asia/Dubai
copying file /Users/calum/Developer/Excelerator/env/lib/python3.11/site-packages/pytz/zoneinfo/Asia/Riyadh -> /Users/calum/Developer/Excelerator/dist/Excelerate.app/Contents/Resources/lib/python3.11/pytz/zoneinfo/Asia/Riyadh
copying file /Users/calum/Developer/Excelerator/env/lib/python3.11/site-packages/pytz/zoneinfo/Asia/Novokuznetsk -> /Users/calum/Developer/Excelerator/dist/Excelerate.app/Contents/Resources/lib/python3.11/pytz/zoneinfo/Asia/Novokuznetsk
copying file /Users/calum/Developer/Excelerator/env/lib/python3.11/site-packages/pytz/zoneinfo/Asia/Aqtau -> /Users/calum/Developer/Excelerator/dist/Excelerate.app/Contents/Resources/lib/python3.11/pytz/zoneinfo/Asia/Aqtau
copying file /Users/calum/Developer/Excelerator/env/lib/python3.11/site-packages/pytz/zoneinfo/Asia/Omsk -> /Users/calum/Developer/Excelerator/dist/Excelerate.app/Contents/Resources/lib/python3.11/pytz/zoneinfo/Asia/Omsk
copying file /Users/calum/Developer/Excelerator/env/lib/python3.11/site-packages/pytz/zoneinfo/Asia/Ashkhabad -> /Users/calum/Developer/Excelerator/dist/Excelerate.app/Contents/Resources/lib/python3.11/pytz/zoneinfo/Asia/Ashkhabad
copying file /Users/calum/Developer/Excelerator/env/lib/python3.11/site-packages/pytz/zoneinfo/Asia/Saigon -> /Users/calum/Developer/Excelerator/dist/Excelerate.app/Contents/Resources/lib/python3.11/pytz/zoneinfo/Asia/Saigon
copying file /Users/calum/Developer/Excelerator/env/lib/python3.11/site-packages/pytz/zoneinfo/Asia/Sakhalin -> /Users/calum/Developer/Excelerator/dist/Excelerate.app/Contents/Resources/lib/python3.11/pytz/zoneinfo/Asia/Sakhalin
copying file /Users/calum/Developer/Excelerator/env/lib/python3.11/site-packages/pytz/zoneinfo/Asia/Hong_Kong -> /Users/calum/Developer/Excelerator/dist/Excelerate.app/Contents/Resources/lib/python3.11/pytz/zoneinfo/Asia/Hong_Kong
copying file /Users/calum/Developer/Excelerator/env/lib/python3.11/site-packages/pytz/zoneinfo/Asia/Phnom_Penh -> /Users/calum/Developer/Excelerator/dist/Excelerate.app/Contents/Resources/lib/python3.11/pytz/zoneinfo/Asia/Phnom_Penh
copying file /Users/calum/Developer/Excelerator/env/lib/python3.11/site-packages/pytz/zoneinfo/Asia/Nicosia -> /Users/calum/Developer/Excelerator/dist/Excelerate.app/Contents/Resources/lib/python3.11/pytz/zoneinfo/Asia/Nicosia
copying file /Users/calum/Developer/Excelerator/env/lib/python3.11/site-packages/pytz/zoneinfo/Asia/Baghdad -> /Users/calum/Developer/Excelerator/dist/Excelerate.app/Contents/Resources/lib/python3.11/pytz/zoneinfo/Asia/Baghdad
copying file /Users/calum/Developer/Excelerator/env/lib/python3.11/site-packages/pytz/zoneinfo/Asia/Srednekolymsk -> /Users/calum/Developer/Excelerator/dist/Excelerate.app/Contents/Resources/lib/python3.11/pytz/zoneinfo/Asia/Srednekolymsk
copying file /Users/calum/Developer/Excelerator/env/lib/python3.11/site-packages/pytz/zoneinfo/Asia/Ashgabat -> /Users/calum/Developer/Excelerator/dist/Excelerate.app/Contents/Resources/lib/python3.11/pytz/zoneinfo/Asia/Ashgabat
copying file /Users/calum/Developer/Excelerator/env/lib/python3.11/site-packages/pytz/zoneinfo/Asia/Kathmandu -> /Users/calum/Developer/Excelerator/dist/Excelerate.app/Contents/Resources/lib/python3.11/pytz/zoneinfo/Asia/Kathmandu
copying file /Users/calum/Developer/Excelerator/env/lib/python3.11/site-packages/pytz/zoneinfo/Asia/Choibalsan -> /Users/calum/Developer/Excelerator/dist/Excelerate.app/Contents/Resources/lib/python3.11/pytz/zoneinfo/Asia/Choibalsan
copying file /Users/calum/Developer/Excelerator/env/lib/python3.11/site-packages/pytz/zoneinfo/Asia/Bangkok -> /Users/calum/Developer/Excelerator/dist/Excelerate.app/Contents/Resources/lib/python3.11/pytz/zoneinfo/Asia/Bangkok
copying file /Users/calum/Developer/Excelerator/env/lib/python3.11/site-packages/pytz/zoneinfo/Asia/Chungking -> /Users/calum/Developer/Excelerator/dist/Excelerate.app/Contents/Resources/lib/python3.11/pytz/zoneinfo/Asia/Chungking
copying file /Users/calum/Developer/Excelerator/env/lib/python3.11/site-packages/pytz/zoneinfo/Asia/Novosibirsk -> /Users/calum/Developer/Excelerator/dist/Excelerate.app/Contents/Resources/lib/python3.11/pytz/zoneinfo/Asia/Novosibirsk
copying file /Users/calum/Developer/Excelerator/env/lib/python3.11/site-packages/pytz/zoneinfo/Asia/Famagusta -> /Users/calum/Developer/Excelerator/dist/Excelerate.app/Contents/Resources/lib/python3.11/pytz/zoneinfo/Asia/Famagusta
copying file /Users/calum/Developer/Excelerator/env/lib/python3.11/site-packages/pytz/zoneinfo/Asia/Rangoon -> /Users/calum/Developer/Excelerator/dist/Excelerate.app/Contents/Resources/lib/python3.11/pytz/zoneinfo/Asia/Rangoon
copying file /Users/calum/Developer/Excelerator/env/lib/python3.11/site-packages/pytz/zoneinfo/Asia/Ho_Chi_Minh -> /Users/calum/Developer/Excelerator/dist/Excelerate.app/Contents/Resources/lib/python3.11/pytz/zoneinfo/Asia/Ho_Chi_Minh
copying file /Users/calum/Developer/Excelerator/env/lib/python3.11/site-packages/pytz/zoneinfo/MET -> /Users/calum/Developer/Excelerator/dist/Excelerate.app/Contents/Resources/lib/python3.11/pytz/zoneinfo/MET
copying file /Users/calum/Developer/Excelerator/env/lib/python3.11/site-packages/pytz/zoneinfo/Portugal -> /Users/calum/Developer/Excelerator/dist/Excelerate.app/Contents/Resources/lib/python3.11/pytz/zoneinfo/Portugal
creating /Users/calum/Developer/Excelerator/dist/Excelerate.app/Contents/Resources/lib/python3.11/pytz/zoneinfo/Antarctica
copying file /Users/calum/Developer/Excelerator/env/lib/python3.11/site-packages/pytz/zoneinfo/Antarctica/Palmer -> /Users/calum/Developer/Excelerator/dist/Excelerate.app/Contents/Resources/lib/python3.11/pytz/zoneinfo/Antarctica/Palmer
copying file /Users/calum/Developer/Excelerator/env/lib/python3.11/site-packages/pytz/zoneinfo/Antarctica/Davis -> /Users/calum/Developer/Excelerator/dist/Excelerate.app/Contents/Resources/lib/python3.11/pytz/zoneinfo/Antarctica/Davis
copying file /Users/calum/Developer/Excelerator/env/lib/python3.11/site-packages/pytz/zoneinfo/Antarctica/Rothera -> /Users/calum/Developer/Excelerator/dist/Excelerate.app/Contents/Resources/lib/python3.11/pytz/zoneinfo/Antarctica/Rothera
copying file /Users/calum/Developer/Excelerator/env/lib/python3.11/site-packages/pytz/zoneinfo/Antarctica/Vostok -> /Users/calum/Developer/Excelerator/dist/Excelerate.app/Contents/Resources/lib/python3.11/pytz/zoneinfo/Antarctica/Vostok
copying file /Users/calum/Developer/Excelerator/env/lib/python3.11/site-packages/pytz/zoneinfo/Antarctica/Syowa -> /Users/calum/Developer/Excelerator/dist/Excelerate.app/Contents/Resources/lib/python3.11/pytz/zoneinfo/Antarctica/Syowa
copying file /Users/calum/Developer/Excelerator/env/lib/python3.11/site-packages/pytz/zoneinfo/Antarctica/DumontDUrville -> /Users/calum/Developer/Excelerator/dist/Excelerate.app/Contents/Resources/lib/python3.11/pytz/zoneinfo/Antarctica/DumontDUrville
copying file /Users/calum/Developer/Excelerator/env/lib/python3.11/site-packages/pytz/zoneinfo/Antarctica/McMurdo -> /Users/calum/Developer/Excelerator/dist/Excelerate.app/Contents/Resources/lib/python3.11/pytz/zoneinfo/Antarctica/McMurdo
copying file /Users/calum/Developer/Excelerator/env/lib/python3.11/site-packages/pytz/zoneinfo/Antarctica/Macquarie -> /Users/calum/Developer/Excelerator/dist/Excelerate.app/Contents/Resources/lib/python3.11/pytz/zoneinfo/Antarctica/Macquarie
copying file /Users/calum/Developer/Excelerator/env/lib/python3.11/site-packages/pytz/zoneinfo/Antarctica/South_Pole -> /Users/calum/Developer/Excelerator/dist/Excelerate.app/Contents/Resources/lib/python3.11/pytz/zoneinfo/Antarctica/South_Pole
copying file /Users/calum/Developer/Excelerator/env/lib/python3.11/site-packages/pytz/zoneinfo/Antarctica/Troll -> /Users/calum/Developer/Excelerator/dist/Excelerate.app/Contents/Resources/lib/python3.11/pytz/zoneinfo/Antarctica/Troll
copying file /Users/calum/Developer/Excelerator/env/lib/python3.11/site-packages/pytz/zoneinfo/Antarctica/Mawson -> /Users/calum/Developer/Excelerator/dist/Excelerate.app/Contents/Resources/lib/python3.11/pytz/zoneinfo/Antarctica/Mawson
copying file /Users/calum/Developer/Excelerator/env/lib/python3.11/site-packages/pytz/zoneinfo/Antarctica/Casey -> /Users/calum/Developer/Excelerator/dist/Excelerate.app/Contents/Resources/lib/python3.11/pytz/zoneinfo/Antarctica/Casey
copying file /Users/calum/Developer/Excelerator/env/lib/python3.11/site-packages/pytz/zoneinfo/GMT-0 -> /Users/calum/Developer/Excelerator/dist/Excelerate.app/Contents/Resources/lib/python3.11/pytz/zoneinfo/GMT-0
copying file /Users/calum/Developer/Excelerator/env/lib/python3.11/site-packages/pytz/zoneinfo/CET -> /Users/calum/Developer/Excelerator/dist/Excelerate.app/Contents/Resources/lib/python3.11/pytz/zoneinfo/CET
copying file /Users/calum/Developer/Excelerator/env/lib/python3.11/site-packages/pytz/zoneinfo/Eire -> /Users/calum/Developer/Excelerator/dist/Excelerate.app/Contents/Resources/lib/python3.11/pytz/zoneinfo/Eire
copying file /Users/calum/Developer/Excelerator/env/lib/python3.11/site-packages/pytz/zoneinfo/PST8PDT -> /Users/calum/Developer/Excelerator/dist/Excelerate.app/Contents/Resources/lib/python3.11/pytz/zoneinfo/PST8PDT
copying file /Users/calum/Developer/Excelerator/env/lib/python3.11/site-packages/pytz/zoneinfo/Jamaica -> /Users/calum/Developer/Excelerator/dist/Excelerate.app/Contents/Resources/lib/python3.11/pytz/zoneinfo/Jamaica
copying file /Users/calum/Developer/Excelerator/env/lib/python3.11/site-packages/pytz/zoneinfo/GMT -> /Users/calum/Developer/Excelerator/dist/Excelerate.app/Contents/Resources/lib/python3.11/pytz/zoneinfo/GMT
copying file /Users/calum/Developer/Excelerator/env/lib/python3.11/site-packages/pytz/zoneinfo/Zulu -> /Users/calum/Developer/Excelerator/dist/Excelerate.app/Contents/Resources/lib/python3.11/pytz/zoneinfo/Zulu
copying file /Users/calum/Developer/Excelerator/env/lib/python3.11/site-packages/pytz/zoneinfo/Japan -> /Users/calum/Developer/Excelerator/dist/Excelerate.app/Contents/Resources/lib/python3.11/pytz/zoneinfo/Japan
copying file /Users/calum/Developer/Excelerator/env/lib/python3.11/site-packages/pytz/zoneinfo/ROC -> /Users/calum/Developer/Excelerator/dist/Excelerate.app/Contents/Resources/lib/python3.11/pytz/zoneinfo/ROC
copying file /Users/calum/Developer/Excelerator/env/lib/python3.11/site-packages/pytz/zoneinfo/GB-Eire -> /Users/calum/Developer/Excelerator/dist/Excelerate.app/Contents/Resources/lib/python3.11/pytz/zoneinfo/GB-Eire
creating /Users/calum/Developer/Excelerator/dist/Excelerate.app/Contents/Resources/lib/python3.11/pytz/zoneinfo/Europe
copying file /Users/calum/Developer/Excelerator/env/lib/python3.11/site-packages/pytz/zoneinfo/Europe/Zurich -> /Users/calum/Developer/Excelerator/dist/Excelerate.app/Contents/Resources/lib/python3.11/pytz/zoneinfo/Europe/Zurich
copying file /Users/calum/Developer/Excelerator/env/lib/python3.11/site-packages/pytz/zoneinfo/Europe/Paris -> /Users/calum/Developer/Excelerator/dist/Excelerate.app/Contents/Resources/lib/python3.11/pytz/zoneinfo/Europe/Paris
copying file /Users/calum/Developer/Excelerator/env/lib/python3.11/site-packages/pytz/zoneinfo/Europe/Moscow -> /Users/calum/Developer/Excelerator/dist/Excelerate.app/Contents/Resources/lib/python3.11/pytz/zoneinfo/Europe/Moscow
copying file /Users/calum/Developer/Excelerator/env/lib/python3.11/site-packages/pytz/zoneinfo/Europe/Luxembourg -> /Users/calum/Developer/Excelerator/dist/Excelerate.app/Contents/Resources/lib/python3.11/pytz/zoneinfo/Europe/Luxembourg
copying file /Users/calum/Developer/Excelerator/env/lib/python3.11/site-packages/pytz/zoneinfo/Europe/Ljubljana -> /Users/calum/Developer/Excelerator/dist/Excelerate.app/Contents/Resources/lib/python3.11/pytz/zoneinfo/Europe/Ljubljana
copying file /Users/calum/Developer/Excelerator/env/lib/python3.11/site-packages/pytz/zoneinfo/Europe/Helsinki -> /Users/calum/Developer/Excelerator/dist/Excelerate.app/Contents/Resources/lib/python3.11/pytz/zoneinfo/Europe/Helsinki
copying file /Users/calum/Developer/Excelerator/env/lib/python3.11/site-packages/pytz/zoneinfo/Europe/Minsk -> /Users/calum/Developer/Excelerator/dist/Excelerate.app/Contents/Resources/lib/python3.11/pytz/zoneinfo/Europe/Minsk
copying file /Users/calum/Developer/Excelerator/env/lib/python3.11/site-packages/pytz/zoneinfo/Europe/Skopje -> /Users/calum/Developer/Excelerator/dist/Excelerate.app/Contents/Resources/lib/python3.11/pytz/zoneinfo/Europe/Skopje
copying file /Users/calum/Developer/Excelerator/env/lib/python3.11/site-packages/pytz/zoneinfo/Europe/Dublin -> /Users/calum/Developer/Excelerator/dist/Excelerate.app/Contents/Resources/lib/python3.11/pytz/zoneinfo/Europe/Dublin
copying file /Users/calum/Developer/Excelerator/env/lib/python3.11/site-packages/pytz/zoneinfo/Europe/Jersey -> /Users/calum/Developer/Excelerator/dist/Excelerate.app/Contents/Resources/lib/python3.11/pytz/zoneinfo/Europe/Jersey
copying file /Users/calum/Developer/Excelerator/env/lib/python3.11/site-packages/pytz/zoneinfo/Europe/San_Marino -> /Users/calum/Developer/Excelerator/dist/Excelerate.app/Contents/Resources/lib/python3.11/pytz/zoneinfo/Europe/San_Marino
copying file /Users/calum/Developer/Excelerator/env/lib/python3.11/site-packages/pytz/zoneinfo/Europe/Gibraltar -> /Users/calum/Developer/Excelerator/dist/Excelerate.app/Contents/Resources/lib/python3.11/pytz/zoneinfo/Europe/Gibraltar
copying file /Users/calum/Developer/Excelerator/env/lib/python3.11/site-packages/pytz/zoneinfo/Europe/Belgrade -> /Users/calum/Developer/Excelerator/dist/Excelerate.app/Contents/Resources/lib/python3.11/pytz/zoneinfo/Europe/Belgrade
copying file /Users/calum/Developer/Excelerator/env/lib/python3.11/site-packages/pytz/zoneinfo/Europe/Guernsey -> /Users/calum/Developer/Excelerator/dist/Excelerate.app/Contents/Resources/lib/python3.11/pytz/zoneinfo/Europe/Guernsey
copying file /Users/calum/Developer/Excelerator/env/lib/python3.11/site-packages/pytz/zoneinfo/Europe/Ulyanovsk -> /Users/calum/Developer/Excelerator/dist/Excelerate.app/Contents/Resources/lib/python3.11/pytz/zoneinfo/Europe/Ulyanovsk
copying file /Users/calum/Developer/Excelerator/env/lib/python3.11/site-packages/pytz/zoneinfo/Europe/Saratov -> /Users/calum/Developer/Excelerator/dist/Excelerate.app/Contents/Resources/lib/python3.11/pytz/zoneinfo/Europe/Saratov
copying file /Users/calum/Developer/Excelerator/env/lib/python3.11/site-packages/pytz/zoneinfo/Europe/Vaduz -> /Users/calum/Developer/Excelerator/dist/Excelerate.app/Contents/Resources/lib/python3.11/pytz/zoneinfo/Europe/Vaduz
copying file /Users/calum/Developer/Excelerator/env/lib/python3.11/site-packages/pytz/zoneinfo/Europe/Istanbul -> /Users/calum/Developer/Excelerator/dist/Excelerate.app/Contents/Resources/lib/python3.11/pytz/zoneinfo/Europe/Istanbul
copying file /Users/calum/Developer/Excelerator/env/lib/python3.11/site-packages/pytz/zoneinfo/Europe/Lisbon -> /Users/calum/Developer/Excelerator/dist/Excelerate.app/Contents/Resources/lib/python3.11/pytz/zoneinfo/Europe/Lisbon
copying file /Users/calum/Developer/Excelerator/env/lib/python3.11/site-packages/pytz/zoneinfo/Europe/Uzhgorod -> /Users/calum/Developer/Excelerator/dist/Excelerate.app/Contents/Resources/lib/python3.11/pytz/zoneinfo/Europe/Uzhgorod
copying file /Users/calum/Developer/Excelerator/env/lib/python3.11/site-packages/pytz/zoneinfo/Europe/Kirov -> /Users/calum/Developer/Excelerator/dist/Excelerate.app/Contents/Resources/lib/python3.11/pytz/zoneinfo/Europe/Kirov
copying file /Users/calum/Developer/Excelerator/env/lib/python3.11/site-packages/pytz/zoneinfo/Europe/Tirane -> /Users/calum/Developer/Excelerator/dist/Excelerate.app/Contents/Resources/lib/python3.11/pytz/zoneinfo/Europe/Tirane
copying file /Users/calum/Developer/Excelerator/env/lib/python3.11/site-packages/pytz/zoneinfo/Europe/Tiraspol -> /Users/calum/Developer/Excelerator/dist/Excelerate.app/Contents/Resources/lib/python3.11/pytz/zoneinfo/Europe/Tiraspol
copying file /Users/calum/Developer/Excelerator/env/lib/python3.11/site-packages/pytz/zoneinfo/Europe/Sarajevo -> /Users/calum/Developer/Excelerator/dist/Excelerate.app/Contents/Resources/lib/python3.11/pytz/zoneinfo/Europe/Sarajevo
copying file /Users/calum/Developer/Excelerator/env/lib/python3.11/site-packages/pytz/zoneinfo/Europe/Madrid -> /Users/calum/Developer/Excelerator/dist/Excelerate.app/Contents/Resources/lib/python3.11/pytz/zoneinfo/Europe/Madrid
copying file /Users/calum/Developer/Excelerator/env/lib/python3.11/site-packages/pytz/zoneinfo/Europe/Podgorica -> /Users/calum/Developer/Excelerator/dist/Excelerate.app/Contents/Resources/lib/python3.11/pytz/zoneinfo/Europe/Podgorica
copying file /Users/calum/Developer/Excelerator/env/lib/python3.11/site-packages/pytz/zoneinfo/Europe/Busingen -> /Users/calum/Developer/Excelerator/dist/Excelerate.app/Contents/Resources/lib/python3.11/pytz/zoneinfo/Europe/Busingen
copying file /Users/calum/Developer/Excelerator/env/lib/python3.11/site-packages/pytz/zoneinfo/Europe/Vatican -> /Users/calum/Developer/Excelerator/dist/Excelerate.app/Contents/Resources/lib/python3.11/pytz/zoneinfo/Europe/Vatican
copying file /Users/calum/Developer/Excelerator/env/lib/python3.11/site-packages/pytz/zoneinfo/Europe/Belfast -> /Users/calum/Developer/Excelerator/dist/Excelerate.app/Contents/Resources/lib/python3.11/pytz/zoneinfo/Europe/Belfast
copying file /Users/calum/Developer/Excelerator/env/lib/python3.11/site-packages/pytz/zoneinfo/Europe/Bratislava -> /Users/calum/Developer/Excelerator/dist/Excelerate.app/Contents/Resources/lib/python3.11/pytz/zoneinfo/Europe/Bratislava
copying file /Users/calum/Developer/Excelerator/env/lib/python3.11/site-packages/pytz/zoneinfo/Europe/Kiev -> /Users/calum/Developer/Excelerator/dist/Excelerate.app/Contents/Resources/lib/python3.11/pytz/zoneinfo/Europe/Kiev
copying file /Users/calum/Developer/Excelerator/env/lib/python3.11/site-packages/pytz/zoneinfo/Europe/Kaliningrad -> /Users/calum/Developer/Excelerator/dist/Excelerate.app/Contents/Resources/lib/python3.11/pytz/zoneinfo/Europe/Kaliningrad
copying file /Users/calum/Developer/Excelerator/env/lib/python3.11/site-packages/pytz/zoneinfo/Europe/Zaporozhye -> /Users/calum/Developer/Excelerator/dist/Excelerate.app/Contents/Resources/lib/python3.11/pytz/zoneinfo/Europe/Zaporozhye
copying file /Users/calum/Developer/Excelerator/env/lib/python3.11/site-packages/pytz/zoneinfo/Europe/Vienna -> /Users/calum/Developer/Excelerator/dist/Excelerate.app/Contents/Resources/lib/python3.11/pytz/zoneinfo/Europe/Vienna
copying file /Users/calum/Developer/Excelerator/env/lib/python3.11/site-packages/pytz/zoneinfo/Europe/Budapest -> /Users/calum/Developer/Excelerator/dist/Excelerate.app/Contents/Resources/lib/python3.11/pytz/zoneinfo/Europe/Budapest
copying file /Users/calum/Developer/Excelerator/env/lib/python3.11/site-packages/pytz/zoneinfo/Europe/Vilnius -> /Users/calum/Developer/Excelerator/dist/Excelerate.app/Contents/Resources/lib/python3.11/pytz/zoneinfo/Europe/Vilnius
copying file /Users/calum/Developer/Excelerator/env/lib/python3.11/site-packages/pytz/zoneinfo/Europe/Monaco -> /Users/calum/Developer/Excelerator/dist/Excelerate.app/Contents/Resources/lib/python3.11/pytz/zoneinfo/Europe/Monaco
copying file /Users/calum/Developer/Excelerator/env/lib/python3.11/site-packages/pytz/zoneinfo/Europe/Oslo -> /Users/calum/Developer/Excelerator/dist/Excelerate.app/Contents/Resources/lib/python3.11/pytz/zoneinfo/Europe/Oslo
copying file /Users/calum/Developer/Excelerator/env/lib/python3.11/site-packages/pytz/zoneinfo/Europe/Astrakhan -> /Users/calum/Developer/Excelerator/dist/Excelerate.app/Contents/Resources/lib/python3.11/pytz/zoneinfo/Europe/Astrakhan
copying file /Users/calum/Developer/Excelerator/env/lib/python3.11/site-packages/pytz/zoneinfo/Europe/Simferopol -> /Users/calum/Developer/Excelerator/dist/Excelerate.app/Contents/Resources/lib/python3.11/pytz/zoneinfo/Europe/Simferopol
copying file /Users/calum/Developer/Excelerator/env/lib/python3.11/site-packages/pytz/zoneinfo/Europe/Volgograd -> /Users/calum/Developer/Excelerator/dist/Excelerate.app/Contents/Resources/lib/python3.11/pytz/zoneinfo/Europe/Volgograd
copying file /Users/calum/Developer/Excelerator/env/lib/python3.11/site-packages/pytz/zoneinfo/Europe/Kyiv -> /Users/calum/Developer/Excelerator/dist/Excelerate.app/Contents/Resources/lib/python3.11/pytz/zoneinfo/Europe/Kyiv
copying file /Users/calum/Developer/Excelerator/env/lib/python3.11/site-packages/pytz/zoneinfo/Europe/Isle_of_Man -> /Users/calum/Developer/Excelerator/dist/Excelerate.app/Contents/Resources/lib/python3.11/pytz/zoneinfo/Europe/Isle_of_Man
copying file /Users/calum/Developer/Excelerator/env/lib/python3.11/site-packages/pytz/zoneinfo/Europe/London -> /Users/calum/Developer/Excelerator/dist/Excelerate.app/Contents/Resources/lib/python3.11/pytz/zoneinfo/Europe/London
copying file /Users/calum/Developer/Excelerator/env/lib/python3.11/site-packages/pytz/zoneinfo/Europe/Riga -> /Users/calum/Developer/Excelerator/dist/Excelerate.app/Contents/Resources/lib/python3.11/pytz/zoneinfo/Europe/Riga
copying file /Users/calum/Developer/Excelerator/env/lib/python3.11/site-packages/pytz/zoneinfo/Europe/Andorra -> /Users/calum/Developer/Excelerator/dist/Excelerate.app/Contents/Resources/lib/python3.11/pytz/zoneinfo/Europe/Andorra
copying file /Users/calum/Developer/Excelerator/env/lib/python3.11/site-packages/pytz/zoneinfo/Europe/Prague -> /Users/calum/Developer/Excelerator/dist/Excelerate.app/Contents/Resources/lib/python3.11/pytz/zoneinfo/Europe/Prague
copying file /Users/calum/Developer/Excelerator/env/lib/python3.11/site-packages/pytz/zoneinfo/Europe/Berlin -> /Users/calum/Developer/Excelerator/dist/Excelerate.app/Contents/Resources/lib/python3.11/pytz/zoneinfo/Europe/Berlin
copying file /Users/calum/Developer/Excelerator/env/lib/python3.11/site-packages/pytz/zoneinfo/Europe/Tallinn -> /Users/calum/Developer/Excelerator/dist/Excelerate.app/Contents/Resources/lib/python3.11/pytz/zoneinfo/Europe/Tallinn
copying file /Users/calum/Developer/Excelerator/env/lib/python3.11/site-packages/pytz/zoneinfo/Europe/Rome -> /Users/calum/Developer/Excelerator/dist/Excelerate.app/Contents/Resources/lib/python3.11/pytz/zoneinfo/Europe/Rome
copying file /Users/calum/Developer/Excelerator/env/lib/python3.11/site-packages/pytz/zoneinfo/Europe/Malta -> /Users/calum/Developer/Excelerator/dist/Excelerate.app/Contents/Resources/lib/python3.11/pytz/zoneinfo/Europe/Malta
copying file /Users/calum/Developer/Excelerator/env/lib/python3.11/site-packages/pytz/zoneinfo/Europe/Zagreb -> /Users/calum/Developer/Excelerator/dist/Excelerate.app/Contents/Resources/lib/python3.11/pytz/zoneinfo/Europe/Zagreb
copying file /Users/calum/Developer/Excelerator/env/lib/python3.11/site-packages/pytz/zoneinfo/Europe/Amsterdam -> /Users/calum/Developer/Excelerator/dist/Excelerate.app/Contents/Resources/lib/python3.11/pytz/zoneinfo/Europe/Amsterdam
copying file /Users/calum/Developer/Excelerator/env/lib/python3.11/site-packages/pytz/zoneinfo/Europe/Nicosia -> /Users/calum/Developer/Excelerator/dist/Excelerate.app/Contents/Resources/lib/python3.11/pytz/zoneinfo/Europe/Nicosia
copying file /Users/calum/Developer/Excelerator/env/lib/python3.11/site-packages/pytz/zoneinfo/Europe/Bucharest -> /Users/calum/Developer/Excelerator/dist/Excelerate.app/Contents/Resources/lib/python3.11/pytz/zoneinfo/Europe/Bucharest
copying file /Users/calum/Developer/Excelerator/env/lib/python3.11/site-packages/pytz/zoneinfo/Europe/Copenhagen -> /Users/calum/Developer/Excelerator/dist/Excelerate.app/Contents/Resources/lib/python3.11/pytz/zoneinfo/Europe/Copenhagen
copying file /Users/calum/Developer/Excelerator/env/lib/python3.11/site-packages/pytz/zoneinfo/Europe/Chisinau -> /Users/calum/Developer/Excelerator/dist/Excelerate.app/Contents/Resources/lib/python3.11/pytz/zoneinfo/Europe/Chisinau
copying file /Users/calum/Developer/Excelerator/env/lib/python3.11/site-packages/pytz/zoneinfo/Europe/Mariehamn -> /Users/calum/Developer/Excelerator/dist/Excelerate.app/Contents/Resources/lib/python3.11/pytz/zoneinfo/Europe/Mariehamn
copying file /Users/calum/Developer/Excelerator/env/lib/python3.11/site-packages/pytz/zoneinfo/Europe/Sofia -> /Users/calum/Developer/Excelerator/dist/Excelerate.app/Contents/Resources/lib/python3.11/pytz/zoneinfo/Europe/Sofia
copying file /Users/calum/Developer/Excelerator/env/lib/python3.11/site-packages/pytz/zoneinfo/Europe/Athens -> /Users/calum/Developer/Excelerator/dist/Excelerate.app/Contents/Resources/lib/python3.11/pytz/zoneinfo/Europe/Athens
copying file /Users/calum/Developer/Excelerator/env/lib/python3.11/site-packages/pytz/zoneinfo/Europe/Stockholm -> /Users/calum/Developer/Excelerator/dist/Excelerate.app/Contents/Resources/lib/python3.11/pytz/zoneinfo/Europe/Stockholm
copying file /Users/calum/Developer/Excelerator/env/lib/python3.11/site-packages/pytz/zoneinfo/Europe/Samara -> /Users/calum/Developer/Excelerator/dist/Excelerate.app/Contents/Resources/lib/python3.11/pytz/zoneinfo/Europe/Samara
copying file /Users/calum/Developer/Excelerator/env/lib/python3.11/site-packages/pytz/zoneinfo/Europe/Brussels -> /Users/calum/Developer/Excelerator/dist/Excelerate.app/Contents/Resources/lib/python3.11/pytz/zoneinfo/Europe/Brussels
copying file /Users/calum/Developer/Excelerator/env/lib/python3.11/site-packages/pytz/zoneinfo/Europe/Warsaw -> /Users/calum/Developer/Excelerator/dist/Excelerate.app/Contents/Resources/lib/python3.11/pytz/zoneinfo/Europe/Warsaw
copying file /Users/calum/Developer/Excelerator/env/lib/python3.11/site-packages/pytz/zoneinfo/ROK -> /Users/calum/Developer/Excelerator/dist/Excelerate.app/Contents/Resources/lib/python3.11/pytz/zoneinfo/ROK
copying file /Users/calum/Developer/Excelerator/env/lib/python3.11/site-packages/pytz/zoneinfo/Navajo -> /Users/calum/Developer/Excelerator/dist/Excelerate.app/Contents/Resources/lib/python3.11/pytz/zoneinfo/Navajo
copying file /Users/calum/Developer/Excelerator/env/lib/python3.11/site-packages/pytz/zoneinfo/Singapore -> /Users/calum/Developer/Excelerator/dist/Excelerate.app/Contents/Resources/lib/python3.11/pytz/zoneinfo/Singapore
copying file /Users/calum/Developer/Excelerator/env/lib/python3.11/site-packages/pytz/zoneinfo/GB -> /Users/calum/Developer/Excelerator/dist/Excelerate.app/Contents/Resources/lib/python3.11/pytz/zoneinfo/GB
creating /Users/calum/Developer/Excelerator/dist/Excelerate.app/Contents/Resources/lib/python3.11/pytz/zoneinfo/Mexico
copying file /Users/calum/Developer/Excelerator/env/lib/python3.11/site-packages/pytz/zoneinfo/Mexico/BajaNorte -> /Users/calum/Developer/Excelerator/dist/Excelerate.app/Contents/Resources/lib/python3.11/pytz/zoneinfo/Mexico/BajaNorte
copying file /Users/calum/Developer/Excelerator/env/lib/python3.11/site-packages/pytz/zoneinfo/Mexico/General -> /Users/calum/Developer/Excelerator/dist/Excelerate.app/Contents/Resources/lib/python3.11/pytz/zoneinfo/Mexico/General
copying file /Users/calum/Developer/Excelerator/env/lib/python3.11/site-packages/pytz/zoneinfo/Mexico/BajaSur -> /Users/calum/Developer/Excelerator/dist/Excelerate.app/Contents/Resources/lib/python3.11/pytz/zoneinfo/Mexico/BajaSur
copying file /Users/calum/Developer/Excelerator/env/lib/python3.11/site-packages/pytz/zoneinfo/EST -> /Users/calum/Developer/Excelerator/dist/Excelerate.app/Contents/Resources/lib/python3.11/pytz/zoneinfo/EST
copying file /Users/calum/Developer/Excelerator/env/lib/python3.11/site-packages/pytz/zoneinfo/GMT0 -> /Users/calum/Developer/Excelerator/dist/Excelerate.app/Contents/Resources/lib/python3.11/pytz/zoneinfo/GMT0
copying file /Users/calum/Developer/Excelerator/env/lib/python3.11/site-packages/pytz/zoneinfo/Hongkong -> /Users/calum/Developer/Excelerator/dist/Excelerate.app/Contents/Resources/lib/python3.11/pytz/zoneinfo/Hongkong
copying file /Users/calum/Developer/Excelerator/env/lib/python3.11/site-packages/pytz/zoneinfo/PRC -> /Users/calum/Developer/Excelerator/dist/Excelerate.app/Contents/Resources/lib/python3.11/pytz/zoneinfo/PRC
copying file /Users/calum/Developer/Excelerator/env/lib/python3.11/site-packages/pytz/zoneinfo/zone.tab -> /Users/calum/Developer/Excelerator/dist/Excelerate.app/Contents/Resources/lib/python3.11/pytz/zoneinfo/zone.tab
copying file /Users/calum/Developer/Excelerator/env/lib/python3.11/site-packages/pytz/zoneinfo/Iran -> /Users/calum/Developer/Excelerator/dist/Excelerate.app/Contents/Resources/lib/python3.11/pytz/zoneinfo/Iran
copying file /Users/calum/Developer/Excelerator/env/lib/python3.11/site-packages/pytz/zoneinfo/MST7MDT -> /Users/calum/Developer/Excelerator/dist/Excelerate.app/Contents/Resources/lib/python3.11/pytz/zoneinfo/MST7MDT
copying file /Users/calum/Developer/Excelerator/env/lib/python3.11/site-packages/pytz/zoneinfo/WET -> /Users/calum/Developer/Excelerator/dist/Excelerate.app/Contents/Resources/lib/python3.11/pytz/zoneinfo/WET
copying file /Users/calum/Developer/Excelerator/env/lib/python3.11/site-packages/pytz/zoneinfo/W-SU -> /Users/calum/Developer/Excelerator/dist/Excelerate.app/Contents/Resources/lib/python3.11/pytz/zoneinfo/W-SU
copying file /Users/calum/Developer/Excelerator/env/lib/python3.11/site-packages/pytz/zoneinfo/UCT -> /Users/calum/Developer/Excelerator/dist/Excelerate.app/Contents/Resources/lib/python3.11/pytz/zoneinfo/UCT
copying file /Users/calum/Developer/Excelerator/env/lib/python3.11/site-packages/pytz/zoneinfo/Cuba -> /Users/calum/Developer/Excelerator/dist/Excelerate.app/Contents/Resources/lib/python3.11/pytz/zoneinfo/Cuba
copying file /Users/calum/Developer/Excelerator/env/lib/python3.11/site-packages/pytz/zoneinfo/Egypt -> /Users/calum/Developer/Excelerator/dist/Excelerate.app/Contents/Resources/lib/python3.11/pytz/zoneinfo/Egypt
copying file /Users/calum/Developer/Excelerator/env/lib/python3.11/site-packages/pytz/zoneinfo/GMT+0 -> /Users/calum/Developer/Excelerator/dist/Excelerate.app/Contents/Resources/lib/python3.11/pytz/zoneinfo/GMT+0
copying file /Users/calum/Developer/Excelerator/env/lib/python3.11/site-packages/pytz/zoneinfo/tzdata.zi -> /Users/calum/Developer/Excelerator/dist/Excelerate.app/Contents/Resources/lib/python3.11/pytz/zoneinfo/tzdata.zi
copying file /Users/calum/Developer/Excelerator/env/lib/python3.11/site-packages/pytz/zoneinfo/EET -> /Users/calum/Developer/Excelerator/dist/Excelerate.app/Contents/Resources/lib/python3.11/pytz/zoneinfo/EET
copying file /Users/calum/Developer/Excelerator/env/lib/python3.11/site-packages/pytz/zoneinfo/Israel -> /Users/calum/Developer/Excelerator/dist/Excelerate.app/Contents/Resources/lib/python3.11/pytz/zoneinfo/Israel
creating /Users/calum/Developer/Excelerator/dist/Excelerate.app/Contents/Resources/lib/python3.11/pytz/zoneinfo/Africa
copying file /Users/calum/Developer/Excelerator/env/lib/python3.11/site-packages/pytz/zoneinfo/Africa/Sao_Tome -> /Users/calum/Developer/Excelerator/dist/Excelerate.app/Contents/Resources/lib/python3.11/pytz/zoneinfo/Africa/Sao_Tome
copying file /Users/calum/Developer/Excelerator/env/lib/python3.11/site-packages/pytz/zoneinfo/Africa/Conakry -> /Users/calum/Developer/Excelerator/dist/Excelerate.app/Contents/Resources/lib/python3.11/pytz/zoneinfo/Africa/Conakry
copying file /Users/calum/Developer/Excelerator/env/lib/python3.11/site-packages/pytz/zoneinfo/Africa/Dakar -> /Users/calum/Developer/Excelerator/dist/Excelerate.app/Contents/Resources/lib/python3.11/pytz/zoneinfo/Africa/Dakar
copying file /Users/calum/Developer/Excelerator/env/lib/python3.11/site-packages/pytz/zoneinfo/Africa/Ndjamena -> /Users/calum/Developer/Excelerator/dist/Excelerate.app/Contents/Resources/lib/python3.11/pytz/zoneinfo/Africa/Ndjamena
copying file /Users/calum/Developer/Excelerator/env/lib/python3.11/site-packages/pytz/zoneinfo/Africa/Casablanca -> /Users/calum/Developer/Excelerator/dist/Excelerate.app/Contents/Resources/lib/python3.11/pytz/zoneinfo/Africa/Casablanca
copying file /Users/calum/Developer/Excelerator/env/lib/python3.11/site-packages/pytz/zoneinfo/Africa/Lome -> /Users/calum/Developer/Excelerator/dist/Excelerate.app/Contents/Resources/lib/python3.11/pytz/zoneinfo/Africa/Lome
copying file /Users/calum/Developer/Excelerator/env/lib/python3.11/site-packages/pytz/zoneinfo/Africa/Algiers -> /Users/calum/Developer/Excelerator/dist/Excelerate.app/Contents/Resources/lib/python3.11/pytz/zoneinfo/Africa/Algiers
copying file /Users/calum/Developer/Excelerator/env/lib/python3.11/site-packages/pytz/zoneinfo/Africa/Mogadishu -> /Users/calum/Developer/Excelerator/dist/Excelerate.app/Contents/Resources/lib/python3.11/pytz/zoneinfo/Africa/Mogadishu
copying file /Users/calum/Developer/Excelerator/env/lib/python3.11/site-packages/pytz/zoneinfo/Africa/Lagos -> /Users/calum/Developer/Excelerator/dist/Excelerate.app/Contents/Resources/lib/python3.11/pytz/zoneinfo/Africa/Lagos
copying file /Users/calum/Developer/Excelerator/env/lib/python3.11/site-packages/pytz/zoneinfo/Africa/Brazzaville -> /Users/calum/Developer/Excelerator/dist/Excelerate.app/Contents/Resources/lib/python3.11/pytz/zoneinfo/Africa/Brazzaville
copying file /Users/calum/Developer/Excelerator/env/lib/python3.11/site-packages/pytz/zoneinfo/Africa/Timbuktu -> /Users/calum/Developer/Excelerator/dist/Excelerate.app/Contents/Resources/lib/python3.11/pytz/zoneinfo/Africa/Timbuktu
copying file /Users/calum/Developer/Excelerator/env/lib/python3.11/site-packages/pytz/zoneinfo/Africa/Nouakchott -> /Users/calum/Developer/Excelerator/dist/Excelerate.app/Contents/Resources/lib/python3.11/pytz/zoneinfo/Africa/Nouakchott
copying file /Users/calum/Developer/Excelerator/env/lib/python3.11/site-packages/pytz/zoneinfo/Africa/Maseru -> /Users/calum/Developer/Excelerator/dist/Excelerate.app/Contents/Resources/lib/python3.11/pytz/zoneinfo/Africa/Maseru
copying file /Users/calum/Developer/Excelerator/env/lib/python3.11/site-packages/pytz/zoneinfo/Africa/Libreville -> /Users/calum/Developer/Excelerator/dist/Excelerate.app/Contents/Resources/lib/python3.11/pytz/zoneinfo/Africa/Libreville
copying file /Users/calum/Developer/Excelerator/env/lib/python3.11/site-packages/pytz/zoneinfo/Africa/Harare -> /Users/calum/Developer/Excelerator/dist/Excelerate.app/Contents/Resources/lib/python3.11/pytz/zoneinfo/Africa/Harare
copying file /Users/calum/Developer/Excelerator/env/lib/python3.11/site-packages/pytz/zoneinfo/Africa/Malabo -> /Users/calum/Developer/Excelerator/dist/Excelerate.app/Contents/Resources/lib/python3.11/pytz/zoneinfo/Africa/Malabo
copying file /Users/calum/Developer/Excelerator/env/lib/python3.11/site-packages/pytz/zoneinfo/Africa/Bangui -> /Users/calum/Developer/Excelerator/dist/Excelerate.app/Contents/Resources/lib/python3.11/pytz/zoneinfo/Africa/Bangui
copying file /Users/calum/Developer/Excelerator/env/lib/python3.11/site-packages/pytz/zoneinfo/Africa/Nairobi -> /Users/calum/Developer/Excelerator/dist/Excelerate.app/Contents/Resources/lib/python3.11/pytz/zoneinfo/Africa/Nairobi
copying file /Users/calum/Developer/Excelerator/env/lib/python3.11/site-packages/pytz/zoneinfo/Africa/Kinshasa -> /Users/calum/Developer/Excelerator/dist/Excelerate.app/Contents/Resources/lib/python3.11/pytz/zoneinfo/Africa/Kinshasa
copying file /Users/calum/Developer/Excelerator/env/lib/python3.11/site-packages/pytz/zoneinfo/Africa/Porto-Novo -> /Users/calum/Developer/Excelerator/dist/Excelerate.app/Contents/Resources/lib/python3.11/pytz/zoneinfo/Africa/Porto-Novo
copying file /Users/calum/Developer/Excelerator/env/lib/python3.11/site-packages/pytz/zoneinfo/Africa/Cairo -> /Users/calum/Developer/Excelerator/dist/Excelerate.app/Contents/Resources/lib/python3.11/pytz/zoneinfo/Africa/Cairo
copying file /Users/calum/Developer/Excelerator/env/lib/python3.11/site-packages/pytz/zoneinfo/Africa/Douala -> /Users/calum/Developer/Excelerator/dist/Excelerate.app/Contents/Resources/lib/python3.11/pytz/zoneinfo/Africa/Douala
copying file /Users/calum/Developer/Excelerator/env/lib/python3.11/site-packages/pytz/zoneinfo/Africa/Juba -> /Users/calum/Developer/Excelerator/dist/Excelerate.app/Contents/Resources/lib/python3.11/pytz/zoneinfo/Africa/Juba
copying file /Users/calum/Developer/Excelerator/env/lib/python3.11/site-packages/pytz/zoneinfo/Africa/Gaborone -> /Users/calum/Developer/Excelerator/dist/Excelerate.app/Contents/Resources/lib/python3.11/pytz/zoneinfo/Africa/Gaborone
copying file /Users/calum/Developer/Excelerator/env/lib/python3.11/site-packages/pytz/zoneinfo/Africa/Tunis -> /Users/calum/Developer/Excelerator/dist/Excelerate.app/Contents/Resources/lib/python3.11/pytz/zoneinfo/Africa/Tunis
copying file /Users/calum/Developer/Excelerator/env/lib/python3.11/site-packages/pytz/zoneinfo/Africa/Kampala -> /Users/calum/Developer/Excelerator/dist/Excelerate.app/Contents/Resources/lib/python3.11/pytz/zoneinfo/Africa/Kampala
copying file /Users/calum/Developer/Excelerator/env/lib/python3.11/site-packages/pytz/zoneinfo/Africa/Mbabane -> /Users/calum/Developer/Excelerator/dist/Excelerate.app/Contents/Resources/lib/python3.11/pytz/zoneinfo/Africa/Mbabane
copying file /Users/calum/Developer/Excelerator/env/lib/python3.11/site-packages/pytz/zoneinfo/Africa/Addis_Ababa -> /Users/calum/Developer/Excelerator/dist/Excelerate.app/Contents/Resources/lib/python3.11/pytz/zoneinfo/Africa/Addis_Ababa
copying file /Users/calum/Developer/Excelerator/env/lib/python3.11/site-packages/pytz/zoneinfo/Africa/Maputo -> /Users/calum/Developer/Excelerator/dist/Excelerate.app/Contents/Resources/lib/python3.11/pytz/zoneinfo/Africa/Maputo
copying file /Users/calum/Developer/Excelerator/env/lib/python3.11/site-packages/pytz/zoneinfo/Africa/Bissau -> /Users/calum/Developer/Excelerator/dist/Excelerate.app/Contents/Resources/lib/python3.11/pytz/zoneinfo/Africa/Bissau
copying file /Users/calum/Developer/Excelerator/env/lib/python3.11/site-packages/pytz/zoneinfo/Africa/Blantyre -> /Users/calum/Developer/Excelerator/dist/Excelerate.app/Contents/Resources/lib/python3.11/pytz/zoneinfo/Africa/Blantyre
copying file /Users/calum/Developer/Excelerator/env/lib/python3.11/site-packages/pytz/zoneinfo/Africa/Niamey -> /Users/calum/Developer/Excelerator/dist/Excelerate.app/Contents/Resources/lib/python3.11/pytz/zoneinfo/Africa/Niamey
copying file /Users/calum/Developer/Excelerator/env/lib/python3.11/site-packages/pytz/zoneinfo/Africa/Banjul -> /Users/calum/Developer/Excelerator/dist/Excelerate.app/Contents/Resources/lib/python3.11/pytz/zoneinfo/Africa/Banjul
copying file /Users/calum/Developer/Excelerator/env/lib/python3.11/site-packages/pytz/zoneinfo/Africa/Abidjan -> /Users/calum/Developer/Excelerator/dist/Excelerate.app/Contents/Resources/lib/python3.11/pytz/zoneinfo/Africa/Abidjan
copying file /Users/calum/Developer/Excelerator/env/lib/python3.11/site-packages/pytz/zoneinfo/Africa/Asmara -> /Users/calum/Developer/Excelerator/dist/Excelerate.app/Contents/Resources/lib/python3.11/pytz/zoneinfo/Africa/Asmara
copying file /Users/calum/Developer/Excelerator/env/lib/python3.11/site-packages/pytz/zoneinfo/Africa/Bamako -> /Users/calum/Developer/Excelerator/dist/Excelerate.app/Contents/Resources/lib/python3.11/pytz/zoneinfo/Africa/Bamako
copying file /Users/calum/Developer/Excelerator/env/lib/python3.11/site-packages/pytz/zoneinfo/Africa/Ouagadougou -> /Users/calum/Developer/Excelerator/dist/Excelerate.app/Contents/Resources/lib/python3.11/pytz/zoneinfo/Africa/Ouagadougou
copying file /Users/calum/Developer/Excelerator/env/lib/python3.11/site-packages/pytz/zoneinfo/Africa/Lusaka -> /Users/calum/Developer/Excelerator/dist/Excelerate.app/Contents/Resources/lib/python3.11/pytz/zoneinfo/Africa/Lusaka
copying file /Users/calum/Developer/Excelerator/env/lib/python3.11/site-packages/pytz/zoneinfo/Africa/Luanda -> /Users/calum/Developer/Excelerator/dist/Excelerate.app/Contents/Resources/lib/python3.11/pytz/zoneinfo/Africa/Luanda
copying file /Users/calum/Developer/Excelerator/env/lib/python3.11/site-packages/pytz/zoneinfo/Africa/Asmera -> /Users/calum/Developer/Excelerator/dist/Excelerate.app/Contents/Resources/lib/python3.11/pytz/zoneinfo/Africa/Asmera
copying file /Users/calum/Developer/Excelerator/env/lib/python3.11/site-packages/pytz/zoneinfo/Africa/Lubumbashi -> /Users/calum/Developer/Excelerator/dist/Excelerate.app/Contents/Resources/lib/python3.11/pytz/zoneinfo/Africa/Lubumbashi
copying file /Users/calum/Developer/Excelerator/env/lib/python3.11/site-packages/pytz/zoneinfo/Africa/Accra -> /Users/calum/Developer/Excelerator/dist/Excelerate.app/Contents/Resources/lib/python3.11/pytz/zoneinfo/Africa/Accra
copying file /Users/calum/Developer/Excelerator/env/lib/python3.11/site-packages/pytz/zoneinfo/Africa/Khartoum -> /Users/calum/Developer/Excelerator/dist/Excelerate.app/Contents/Resources/lib/python3.11/pytz/zoneinfo/Africa/Khartoum
copying file /Users/calum/Developer/Excelerator/env/lib/python3.11/site-packages/pytz/zoneinfo/Africa/Ceuta -> /Users/calum/Developer/Excelerator/dist/Excelerate.app/Contents/Resources/lib/python3.11/pytz/zoneinfo/Africa/Ceuta
copying file /Users/calum/Developer/Excelerator/env/lib/python3.11/site-packages/pytz/zoneinfo/Africa/Bujumbura -> /Users/calum/Developer/Excelerator/dist/Excelerate.app/Contents/Resources/lib/python3.11/pytz/zoneinfo/Africa/Bujumbura
copying file /Users/calum/Developer/Excelerator/env/lib/python3.11/site-packages/pytz/zoneinfo/Africa/Windhoek -> /Users/calum/Developer/Excelerator/dist/Excelerate.app/Contents/Resources/lib/python3.11/pytz/zoneinfo/Africa/Windhoek
copying file /Users/calum/Developer/Excelerator/env/lib/python3.11/site-packages/pytz/zoneinfo/Africa/El_Aaiun -> /Users/calum/Developer/Excelerator/dist/Excelerate.app/Contents/Resources/lib/python3.11/pytz/zoneinfo/Africa/El_Aaiun
copying file /Users/calum/Developer/Excelerator/env/lib/python3.11/site-packages/pytz/zoneinfo/Africa/Tripoli -> /Users/calum/Developer/Excelerator/dist/Excelerate.app/Contents/Resources/lib/python3.11/pytz/zoneinfo/Africa/Tripoli
copying file /Users/calum/Developer/Excelerator/env/lib/python3.11/site-packages/pytz/zoneinfo/Africa/Monrovia -> /Users/calum/Developer/Excelerator/dist/Excelerate.app/Contents/Resources/lib/python3.11/pytz/zoneinfo/Africa/Monrovia
copying file /Users/calum/Developer/Excelerator/env/lib/python3.11/site-packages/pytz/zoneinfo/Africa/Dar_es_Salaam -> /Users/calum/Developer/Excelerator/dist/Excelerate.app/Contents/Resources/lib/python3.11/pytz/zoneinfo/Africa/Dar_es_Salaam
copying file /Users/calum/Developer/Excelerator/env/lib/python3.11/site-packages/pytz/zoneinfo/Africa/Johannesburg -> /Users/calum/Developer/Excelerator/dist/Excelerate.app/Contents/Resources/lib/python3.11/pytz/zoneinfo/Africa/Johannesburg
copying file /Users/calum/Developer/Excelerator/env/lib/python3.11/site-packages/pytz/zoneinfo/Africa/Kigali -> /Users/calum/Developer/Excelerator/dist/Excelerate.app/Contents/Resources/lib/python3.11/pytz/zoneinfo/Africa/Kigali
copying file /Users/calum/Developer/Excelerator/env/lib/python3.11/site-packages/pytz/zoneinfo/Africa/Djibouti -> /Users/calum/Developer/Excelerator/dist/Excelerate.app/Contents/Resources/lib/python3.11/pytz/zoneinfo/Africa/Djibouti
copying file /Users/calum/Developer/Excelerator/env/lib/python3.11/site-packages/pytz/zoneinfo/Africa/Freetown -> /Users/calum/Developer/Excelerator/dist/Excelerate.app/Contents/Resources/lib/python3.11/pytz/zoneinfo/Africa/Freetown
copying file /Users/calum/Developer/Excelerator/env/lib/python3.11/site-packages/pytz/zoneinfo/Factory -> /Users/calum/Developer/Excelerator/dist/Excelerate.app/Contents/Resources/lib/python3.11/pytz/zoneinfo/Factory
copying file /Users/calum/Developer/Excelerator/env/lib/python3.11/site-packages/pytz/zoneinfo/UTC -> /Users/calum/Developer/Excelerator/dist/Excelerate.app/Contents/Resources/lib/python3.11/pytz/zoneinfo/UTC
creating /Users/calum/Developer/Excelerator/dist/Excelerate.app/Contents/Resources/lib/python3.11/pytz/zoneinfo/Chile
copying file /Users/calum/Developer/Excelerator/env/lib/python3.11/site-packages/pytz/zoneinfo/Chile/EasterIsland -> /Users/calum/Developer/Excelerator/dist/Excelerate.app/Contents/Resources/lib/python3.11/pytz/zoneinfo/Chile/EasterIsland
copying file /Users/calum/Developer/Excelerator/env/lib/python3.11/site-packages/pytz/zoneinfo/Chile/Continental -> /Users/calum/Developer/Excelerator/dist/Excelerate.app/Contents/Resources/lib/python3.11/pytz/zoneinfo/Chile/Continental
copying file /Users/calum/Developer/Excelerator/env/lib/python3.11/site-packages/pytz/zoneinfo/HST -> /Users/calum/Developer/Excelerator/dist/Excelerate.app/Contents/Resources/lib/python3.11/pytz/zoneinfo/HST
creating /Users/calum/Developer/Excelerator/dist/Excelerate.app/Contents/Resources/lib/python3.11/pytz/zoneinfo/Canada
copying file /Users/calum/Developer/Excelerator/env/lib/python3.11/site-packages/pytz/zoneinfo/Canada/Atlantic -> /Users/calum/Developer/Excelerator/dist/Excelerate.app/Contents/Resources/lib/python3.11/pytz/zoneinfo/Canada/Atlantic
copying file /Users/calum/Developer/Excelerator/env/lib/python3.11/site-packages/pytz/zoneinfo/Canada/Pacific -> /Users/calum/Developer/Excelerator/dist/Excelerate.app/Contents/Resources/lib/python3.11/pytz/zoneinfo/Canada/Pacific
copying file /Users/calum/Developer/Excelerator/env/lib/python3.11/site-packages/pytz/zoneinfo/Canada/Eastern -> /Users/calum/Developer/Excelerator/dist/Excelerate.app/Contents/Resources/lib/python3.11/pytz/zoneinfo/Canada/Eastern
copying file /Users/calum/Developer/Excelerator/env/lib/python3.11/site-packages/pytz/zoneinfo/Canada/Yukon -> /Users/calum/Developer/Excelerator/dist/Excelerate.app/Contents/Resources/lib/python3.11/pytz/zoneinfo/Canada/Yukon
copying file /Users/calum/Developer/Excelerator/env/lib/python3.11/site-packages/pytz/zoneinfo/Canada/Saskatchewan -> /Users/calum/Developer/Excelerator/dist/Excelerate.app/Contents/Resources/lib/python3.11/pytz/zoneinfo/Canada/Saskatchewan
copying file /Users/calum/Developer/Excelerator/env/lib/python3.11/site-packages/pytz/zoneinfo/Canada/Newfoundland -> /Users/calum/Developer/Excelerator/dist/Excelerate.app/Contents/Resources/lib/python3.11/pytz/zoneinfo/Canada/Newfoundland
copying file /Users/calum/Developer/Excelerator/env/lib/python3.11/site-packages/pytz/zoneinfo/Canada/Central -> /Users/calum/Developer/Excelerator/dist/Excelerate.app/Contents/Resources/lib/python3.11/pytz/zoneinfo/Canada/Central
copying file /Users/calum/Developer/Excelerator/env/lib/python3.11/site-packages/pytz/zoneinfo/Canada/Mountain -> /Users/calum/Developer/Excelerator/dist/Excelerate.app/Contents/Resources/lib/python3.11/pytz/zoneinfo/Canada/Mountain
copying file /Users/calum/Developer/Excelerator/env/lib/python3.11/site-packages/pytz/zoneinfo/Iceland -> /Users/calum/Developer/Excelerator/dist/Excelerate.app/Contents/Resources/lib/python3.11/pytz/zoneinfo/Iceland
copying file /Users/calum/Developer/Excelerator/env/lib/python3.11/site-packages/pytz/tzfile.py -> /Users/calum/Developer/Excelerator/dist/Excelerate.app/Contents/Resources/lib/python3.11/pytz/tzfile.py
copying file /Users/calum/Developer/Excelerator/env/lib/python3.11/site-packages/pytz/tzinfo.py -> /Users/calum/Developer/Excelerator/dist/Excelerate.app/Contents/Resources/lib/python3.11/pytz/tzinfo.py
copying file /Users/calum/Developer/Excelerator/env/lib/python3.11/site-packages/pytz/__init__.py -> /Users/calum/Developer/Excelerator/dist/Excelerate.app/Contents/Resources/lib/python3.11/pytz/__init__.py
creating /Users/calum/Developer/Excelerator/dist/Excelerate.app/Contents/Resources/lib/python3.11/pytz/__pycache__
copying file /Users/calum/Developer/Excelerator/env/lib/python3.11/site-packages/pytz/__pycache__/tzinfo.cpython-311.pyc -> /Users/calum/Developer/Excelerator/dist/Excelerate.app/Contents/Resources/lib/python3.11/pytz/__pycache__/tzinfo.cpython-311.pyc
copying file /Users/calum/Developer/Excelerator/env/lib/python3.11/site-packages/pytz/__pycache__/exceptions.cpython-311.pyc -> /Users/calum/Developer/Excelerator/dist/Excelerate.app/Contents/Resources/lib/python3.11/pytz/__pycache__/exceptions.cpython-311.pyc
copying file /Users/calum/Developer/Excelerator/env/lib/python3.11/site-packages/pytz/__pycache__/tzfile.cpython-311.pyc -> /Users/calum/Developer/Excelerator/dist/Excelerate.app/Contents/Resources/lib/python3.11/pytz/__pycache__/tzfile.cpython-311.pyc
copying file /Users/calum/Developer/Excelerator/env/lib/python3.11/site-packages/pytz/__pycache__/reference.cpython-311.pyc -> /Users/calum/Developer/Excelerator/dist/Excelerate.app/Contents/Resources/lib/python3.11/pytz/__pycache__/reference.cpython-311.pyc
copying file /Users/calum/Developer/Excelerator/env/lib/python3.11/site-packages/pytz/__pycache__/lazy.cpython-311.pyc -> /Users/calum/Developer/Excelerator/dist/Excelerate.app/Contents/Resources/lib/python3.11/pytz/__pycache__/lazy.cpython-311.pyc
copying file /Users/calum/Developer/Excelerator/env/lib/python3.11/site-packages/pytz/__pycache__/__init__.cpython-311.pyc -> /Users/calum/Developer/Excelerator/dist/Excelerate.app/Contents/Resources/lib/python3.11/pytz/__pycache__/__init__.cpython-311.pyc
copying file /Users/calum/Developer/Excelerator/env/lib/python3.11/site-packages/pytz/reference.py -> /Users/calum/Developer/Excelerator/dist/Excelerate.app/Contents/Resources/lib/python3.11/pytz/reference.py
copying file /Users/calum/Developer/Excelerator/env/lib/python3.11/site-packages/pytz/exceptions.py -> /Users/calum/Developer/Excelerator/dist/Excelerate.app/Contents/Resources/lib/python3.11/pytz/exceptions.py
copying file /Users/calum/Developer/Excelerator/env/lib/python3.11/site-packages/pytz/lazy.py -> /Users/calum/Developer/Excelerator/dist/Excelerate.app/Contents/Resources/lib/python3.11/pytz/lazy.py
creating /Users/calum/Developer/Excelerator/dist/Excelerate.app/Contents/Resources/lib/python3.11/darkdetect
copying file /Users/calum/Developer/Excelerator/env/lib/python3.11/site-packages/darkdetect/_mac_detect.py -> /Users/calum/Developer/Excelerator/dist/Excelerate.app/Contents/Resources/lib/python3.11/darkdetect/_mac_detect.py
copying file /Users/calum/Developer/Excelerator/env/lib/python3.11/site-packages/darkdetect/_linux_detect.py -> /Users/calum/Developer/Excelerator/dist/Excelerate.app/Contents/Resources/lib/python3.11/darkdetect/_linux_detect.py
copying file /Users/calum/Developer/Excelerator/env/lib/python3.11/site-packages/darkdetect/__init__.py -> /Users/calum/Developer/Excelerator/dist/Excelerate.app/Contents/Resources/lib/python3.11/darkdetect/__init__.py
creating /Users/calum/Developer/Excelerator/dist/Excelerate.app/Contents/Resources/lib/python3.11/darkdetect/__pycache__
copying file /Users/calum/Developer/Excelerator/env/lib/python3.11/site-packages/darkdetect/__pycache__/_windows_detect.cpython-311.pyc -> /Users/calum/Developer/Excelerator/dist/Excelerate.app/Contents/Resources/lib/python3.11/darkdetect/__pycache__/_windows_detect.cpython-311.pyc
copying file /Users/calum/Developer/Excelerator/env/lib/python3.11/site-packages/darkdetect/__pycache__/_linux_detect.cpython-311.pyc -> /Users/calum/Developer/Excelerator/dist/Excelerate.app/Contents/Resources/lib/python3.11/darkdetect/__pycache__/_linux_detect.cpython-311.pyc
copying file /Users/calum/Developer/Excelerator/env/lib/python3.11/site-packages/darkdetect/__pycache__/_mac_detect.cpython-311.pyc -> /Users/calum/Developer/Excelerator/dist/Excelerate.app/Contents/Resources/lib/python3.11/darkdetect/__pycache__/_mac_detect.cpython-311.pyc
copying file /Users/calum/Developer/Excelerator/env/lib/python3.11/site-packages/darkdetect/__pycache__/_dummy.cpython-311.pyc -> /Users/calum/Developer/Excelerator/dist/Excelerate.app/Contents/Resources/lib/python3.11/darkdetect/__pycache__/_dummy.cpython-311.pyc
copying file /Users/calum/Developer/Excelerator/env/lib/python3.11/site-packages/darkdetect/__pycache__/__init__.cpython-311.pyc -> /Users/calum/Developer/Excelerator/dist/Excelerate.app/Contents/Resources/lib/python3.11/darkdetect/__pycache__/__init__.cpython-311.pyc
copying file /Users/calum/Developer/Excelerator/env/lib/python3.11/site-packages/darkdetect/__pycache__/__main__.cpython-311.pyc -> /Users/calum/Developer/Excelerator/dist/Excelerate.app/Contents/Resources/lib/python3.11/darkdetect/__pycache__/__main__.cpython-311.pyc
copying file /Users/calum/Developer/Excelerator/env/lib/python3.11/site-packages/darkdetect/_windows_detect.py -> /Users/calum/Developer/Excelerator/dist/Excelerate.app/Contents/Resources/lib/python3.11/darkdetect/_windows_detect.py
copying file /Users/calum/Developer/Excelerator/env/lib/python3.11/site-packages/darkdetect/_dummy.py -> /Users/calum/Developer/Excelerator/dist/Excelerate.app/Contents/Resources/lib/python3.11/darkdetect/_dummy.py
copying file /Users/calum/Developer/Excelerator/env/lib/python3.11/site-packages/darkdetect/__main__.py -> /Users/calum/Developer/Excelerator/dist/Excelerate.app/Contents/Resources/lib/python3.11/darkdetect/__main__.py
creating /Users/calum/Developer/Excelerator/dist/Excelerate.app/Contents/Resources/lib/python3.11/babel
copying file /Users/calum/Developer/Excelerator/env/lib/python3.11/site-packages/babel/global.dat -> /Users/calum/Developer/Excelerator/dist/Excelerate.app/Contents/Resources/lib/python3.11/babel/global.dat
creating /Users/calum/Developer/Excelerator/dist/Excelerate.app/Contents/Resources/lib/python3.11/babel/messages
copying file /Users/calum/Developer/Excelerator/env/lib/python3.11/site-packages/babel/messages/catalog.py -> /Users/calum/Developer/Excelerator/dist/Excelerate.app/Contents/Resources/lib/python3.11/babel/messages/catalog.py
copying file /Users/calum/Developer/Excelerator/env/lib/python3.11/site-packages/babel/messages/checkers.py -> /Users/calum/Developer/Excelerator/dist/Excelerate.app/Contents/Resources/lib/python3.11/babel/messages/checkers.py
copying file /Users/calum/Developer/Excelerator/env/lib/python3.11/site-packages/babel/messages/pofile.py -> /Users/calum/Developer/Excelerator/dist/Excelerate.app/Contents/Resources/lib/python3.11/babel/messages/pofile.py
copying file /Users/calum/Developer/Excelerator/env/lib/python3.11/site-packages/babel/messages/jslexer.py -> /Users/calum/Developer/Excelerator/dist/Excelerate.app/Contents/Resources/lib/python3.11/babel/messages/jslexer.py
copying file /Users/calum/Developer/Excelerator/env/lib/python3.11/site-packages/babel/messages/frontend.py -> /Users/calum/Developer/Excelerator/dist/Excelerate.app/Contents/Resources/lib/python3.11/babel/messages/frontend.py
copying file /Users/calum/Developer/Excelerator/env/lib/python3.11/site-packages/babel/messages/mofile.py -> /Users/calum/Developer/Excelerator/dist/Excelerate.app/Contents/Resources/lib/python3.11/babel/messages/mofile.py
copying file /Users/calum/Developer/Excelerator/env/lib/python3.11/site-packages/babel/messages/__init__.py -> /Users/calum/Developer/Excelerator/dist/Excelerate.app/Contents/Resources/lib/python3.11/babel/messages/__init__.py
creating /Users/calum/Developer/Excelerator/dist/Excelerate.app/Contents/Resources/lib/python3.11/babel/messages/__pycache__
copying file /Users/calum/Developer/Excelerator/env/lib/python3.11/site-packages/babel/messages/__pycache__/mofile.cpython-311.pyc -> /Users/calum/Developer/Excelerator/dist/Excelerate.app/Contents/Resources/lib/python3.11/babel/messages/__pycache__/mofile.cpython-311.pyc
copying file /Users/calum/Developer/Excelerator/env/lib/python3.11/site-packages/babel/messages/__pycache__/checkers.cpython-311.pyc -> /Users/calum/Developer/Excelerator/dist/Excelerate.app/Contents/Resources/lib/python3.11/babel/messages/__pycache__/checkers.cpython-311.pyc
copying file /Users/calum/Developer/Excelerator/env/lib/python3.11/site-packages/babel/messages/__pycache__/plurals.cpython-311.pyc -> /Users/calum/Developer/Excelerator/dist/Excelerate.app/Contents/Resources/lib/python3.11/babel/messages/__pycache__/plurals.cpython-311.pyc
copying file /Users/calum/Developer/Excelerator/env/lib/python3.11/site-packages/babel/messages/__pycache__/setuptools_frontend.cpython-311.pyc -> /Users/calum/Developer/Excelerator/dist/Excelerate.app/Contents/Resources/lib/python3.11/babel/messages/__pycache__/setuptools_frontend.cpython-311.pyc
copying file /Users/calum/Developer/Excelerator/env/lib/python3.11/site-packages/babel/messages/__pycache__/jslexer.cpython-311.pyc -> /Users/calum/Developer/Excelerator/dist/Excelerate.app/Contents/Resources/lib/python3.11/babel/messages/__pycache__/jslexer.cpython-311.pyc
copying file /Users/calum/Developer/Excelerator/env/lib/python3.11/site-packages/babel/messages/__pycache__/pofile.cpython-311.pyc -> /Users/calum/Developer/Excelerator/dist/Excelerate.app/Contents/Resources/lib/python3.11/babel/messages/__pycache__/pofile.cpython-311.pyc
copying file /Users/calum/Developer/Excelerator/env/lib/python3.11/site-packages/babel/messages/__pycache__/catalog.cpython-311.pyc -> /Users/calum/Developer/Excelerator/dist/Excelerate.app/Contents/Resources/lib/python3.11/babel/messages/__pycache__/catalog.cpython-311.pyc
copying file /Users/calum/Developer/Excelerator/env/lib/python3.11/site-packages/babel/messages/__pycache__/frontend.cpython-311.pyc -> /Users/calum/Developer/Excelerator/dist/Excelerate.app/Contents/Resources/lib/python3.11/babel/messages/__pycache__/frontend.cpython-311.pyc
copying file /Users/calum/Developer/Excelerator/env/lib/python3.11/site-packages/babel/messages/__pycache__/__init__.cpython-311.pyc -> /Users/calum/Developer/Excelerator/dist/Excelerate.app/Contents/Resources/lib/python3.11/babel/messages/__pycache__/__init__.cpython-311.pyc
copying file /Users/calum/Developer/Excelerator/env/lib/python3.11/site-packages/babel/messages/__pycache__/extract.cpython-311.pyc -> /Users/calum/Developer/Excelerator/dist/Excelerate.app/Contents/Resources/lib/python3.11/babel/messages/__pycache__/extract.cpython-311.pyc
copying file /Users/calum/Developer/Excelerator/env/lib/python3.11/site-packages/babel/messages/plurals.py -> /Users/calum/Developer/Excelerator/dist/Excelerate.app/Contents/Resources/lib/python3.11/babel/messages/plurals.py
copying file /Users/calum/Developer/Excelerator/env/lib/python3.11/site-packages/babel/messages/setuptools_frontend.py -> /Users/calum/Developer/Excelerator/dist/Excelerate.app/Contents/Resources/lib/python3.11/babel/messages/setuptools_frontend.py
copying file /Users/calum/Developer/Excelerator/env/lib/python3.11/site-packages/babel/messages/extract.py -> /Users/calum/Developer/Excelerator/dist/Excelerate.app/Contents/Resources/lib/python3.11/babel/messages/extract.py
copying file /Users/calum/Developer/Excelerator/env/lib/python3.11/site-packages/babel/lists.py -> /Users/calum/Developer/Excelerator/dist/Excelerate.app/Contents/Resources/lib/python3.11/babel/lists.py
copying file /Users/calum/Developer/Excelerator/env/lib/python3.11/site-packages/babel/support.py -> /Users/calum/Developer/Excelerator/dist/Excelerate.app/Contents/Resources/lib/python3.11/babel/support.py
copying file /Users/calum/Developer/Excelerator/env/lib/python3.11/site-packages/babel/units.py -> /Users/calum/Developer/Excelerator/dist/Excelerate.app/Contents/Resources/lib/python3.11/babel/units.py
creating /Users/calum/Developer/Excelerator/dist/Excelerate.app/Contents/Resources/lib/python3.11/babel/locale-data
copying file /Users/calum/Developer/Excelerator/env/lib/python3.11/site-packages/babel/locale-data/ff_Latn_GW.dat -> /Users/calum/Developer/Excelerator/dist/Excelerate.app/Contents/Resources/lib/python3.11/babel/locale-data/ff_Latn_GW.dat
copying file /Users/calum/Developer/Excelerator/env/lib/python3.11/site-packages/babel/locale-data/smj_NO.dat -> /Users/calum/Developer/Excelerator/dist/Excelerate.app/Contents/Resources/lib/python3.11/babel/locale-data/smj_NO.dat
copying file /Users/calum/Developer/Excelerator/env/lib/python3.11/site-packages/babel/locale-data/iu_CA.dat -> /Users/calum/Developer/Excelerator/dist/Excelerate.app/Contents/Resources/lib/python3.11/babel/locale-data/iu_CA.dat
copying file /Users/calum/Developer/Excelerator/env/lib/python3.11/site-packages/babel/locale-data/wo_SN.dat -> /Users/calum/Developer/Excelerator/dist/Excelerate.app/Contents/Resources/lib/python3.11/babel/locale-data/wo_SN.dat
copying file /Users/calum/Developer/Excelerator/env/lib/python3.11/site-packages/babel/locale-data/tr_CY.dat -> /Users/calum/Developer/Excelerator/dist/Excelerate.app/Contents/Resources/lib/python3.11/babel/locale-data/tr_CY.dat
copying file /Users/calum/Developer/Excelerator/env/lib/python3.11/site-packages/babel/locale-data/en_DG.dat -> /Users/calum/Developer/Excelerator/dist/Excelerate.app/Contents/Resources/lib/python3.11/babel/locale-data/en_DG.dat
copying file /Users/calum/Developer/Excelerator/env/lib/python3.11/site-packages/babel/locale-data/fr_GN.dat -> /Users/calum/Developer/Excelerator/dist/Excelerate.app/Contents/Resources/lib/python3.11/babel/locale-data/fr_GN.dat
copying file /Users/calum/Developer/Excelerator/env/lib/python3.11/site-packages/babel/locale-data/saq.dat -> /Users/calum/Developer/Excelerator/dist/Excelerate.app/Contents/Resources/lib/python3.11/babel/locale-data/saq.dat
copying file /Users/calum/Developer/Excelerator/env/lib/python3.11/site-packages/babel/locale-data/nl_CW.dat -> /Users/calum/Developer/Excelerator/dist/Excelerate.app/Contents/Resources/lib/python3.11/babel/locale-data/nl_CW.dat
copying file /Users/calum/Developer/Excelerator/env/lib/python3.11/site-packages/babel/locale-data/scn.dat -> /Users/calum/Developer/Excelerator/dist/Excelerate.app/Contents/Resources/lib/python3.11/babel/locale-data/scn.dat
copying file /Users/calum/Developer/Excelerator/env/lib/python3.11/site-packages/babel/locale-data/fr_KM.dat -> /Users/calum/Developer/Excelerator/dist/Excelerate.app/Contents/Resources/lib/python3.11/babel/locale-data/fr_KM.dat
copying file /Users/calum/Developer/Excelerator/env/lib/python3.11/site-packages/babel/locale-data/chr_US.dat -> /Users/calum/Developer/Excelerator/dist/Excelerate.app/Contents/Resources/lib/python3.11/babel/locale-data/chr_US.dat
copying file /Users/calum/Developer/Excelerator/env/lib/python3.11/site-packages/babel/locale-data/arn.dat -> /Users/calum/Developer/Excelerator/dist/Excelerate.app/Contents/Resources/lib/python3.11/babel/locale-data/arn.dat
copying file /Users/calum/Developer/Excelerator/env/lib/python3.11/site-packages/babel/locale-data/ar_OM.dat -> /Users/calum/Developer/Excelerator/dist/Excelerate.app/Contents/Resources/lib/python3.11/babel/locale-data/ar_OM.dat
copying file /Users/calum/Developer/Excelerator/env/lib/python3.11/site-packages/babel/locale-data/szl.dat -> /Users/calum/Developer/Excelerator/dist/Excelerate.app/Contents/Resources/lib/python3.11/babel/locale-data/szl.dat
copying file /Users/calum/Developer/Excelerator/env/lib/python3.11/site-packages/babel/locale-data/bs_Latn_BA.dat -> /Users/calum/Developer/Excelerator/dist/Excelerate.app/Contents/Resources/lib/python3.11/babel/locale-data/bs_Latn_BA.dat
copying file /Users/calum/Developer/Excelerator/env/lib/python3.11/site-packages/babel/locale-data/bm.dat -> /Users/calum/Developer/Excelerator/dist/Excelerate.app/Contents/Resources/lib/python3.11/babel/locale-data/bm.dat
copying file /Users/calum/Developer/Excelerator/env/lib/python3.11/site-packages/babel/locale-data/ar_MR.dat -> /Users/calum/Developer/Excelerator/dist/Excelerate.app/Contents/Resources/lib/python3.11/babel/locale-data/ar_MR.dat
copying file /Users/calum/Developer/Excelerator/env/lib/python3.11/site-packages/babel/locale-data/aa.dat -> /Users/calum/Developer/Excelerator/dist/Excelerate.app/Contents/Resources/lib/python3.11/babel/locale-data/aa.dat
copying file /Users/calum/Developer/Excelerator/env/lib/python3.11/site-packages/babel/locale-data/tpi.dat -> /Users/calum/Developer/Excelerator/dist/Excelerate.app/Contents/Resources/lib/python3.11/babel/locale-data/tpi.dat
copying file /Users/calum/Developer/Excelerator/env/lib/python3.11/site-packages/babel/locale-data/trv.dat -> /Users/calum/Developer/Excelerator/dist/Excelerate.app/Contents/Resources/lib/python3.11/babel/locale-data/trv.dat
copying file /Users/calum/Developer/Excelerator/env/lib/python3.11/site-packages/babel/locale-data/nn.dat -> /Users/calum/Developer/Excelerator/dist/Excelerate.app/Contents/Resources/lib/python3.11/babel/locale-data/nn.dat
copying file /Users/calum/Developer/Excelerator/env/lib/python3.11/site-packages/babel/locale-data/kam_KE.dat -> /Users/calum/Developer/Excelerator/dist/Excelerate.app/Contents/Resources/lib/python3.11/babel/locale-data/kam_KE.dat
copying file /Users/calum/Developer/Excelerator/env/lib/python3.11/site-packages/babel/locale-data/ny.dat -> /Users/calum/Developer/Excelerator/dist/Excelerate.app/Contents/Resources/lib/python3.11/babel/locale-data/ny.dat
copying file /Users/calum/Developer/Excelerator/env/lib/python3.11/site-packages/babel/locale-data/es_GQ.dat -> /Users/calum/Developer/Excelerator/dist/Excelerate.app/Contents/Resources/lib/python3.11/babel/locale-data/es_GQ.dat
copying file /Users/calum/Developer/Excelerator/env/lib/python3.11/site-packages/babel/locale-data/ie_EE.dat -> /Users/calum/Developer/Excelerator/dist/Excelerate.app/Contents/Resources/lib/python3.11/babel/locale-data/ie_EE.dat
copying file /Users/calum/Developer/Excelerator/env/lib/python3.11/site-packages/babel/locale-data/lg.dat -> /Users/calum/Developer/Excelerator/dist/Excelerate.app/Contents/Resources/lib/python3.11/babel/locale-data/lg.dat
copying file /Users/calum/Developer/Excelerator/env/lib/python3.11/site-packages/babel/locale-data/byn_ER.dat -> /Users/calum/Developer/Excelerator/dist/Excelerate.app/Contents/Resources/lib/python3.11/babel/locale-data/byn_ER.dat
copying file /Users/calum/Developer/Excelerator/env/lib/python3.11/site-packages/babel/locale-data/fr_PF.dat -> /Users/calum/Developer/Excelerator/dist/Excelerate.app/Contents/Resources/lib/python3.11/babel/locale-data/fr_PF.dat
copying file /Users/calum/Developer/Excelerator/env/lib/python3.11/site-packages/babel/locale-data/mt.dat -> /Users/calum/Developer/Excelerator/dist/Excelerate.app/Contents/Resources/lib/python3.11/babel/locale-data/mt.dat
copying file /Users/calum/Developer/Excelerator/env/lib/python3.11/site-packages/babel/locale-data/no.dat -> /Users/calum/Developer/Excelerator/dist/Excelerate.app/Contents/Resources/lib/python3.11/babel/locale-data/no.dat
copying file /Users/calum/Developer/Excelerator/env/lib/python3.11/site-packages/babel/locale-data/trw.dat -> /Users/calum/Developer/Excelerator/dist/Excelerate.app/Contents/Resources/lib/python3.11/babel/locale-data/trw.dat
copying file /Users/calum/Developer/Excelerator/env/lib/python3.11/site-packages/babel/locale-data/ha_Arab.dat -> /Users/calum/Developer/Excelerator/dist/Excelerate.app/Contents/Resources/lib/python3.11/babel/locale-data/ha_Arab.dat
copying file /Users/calum/Developer/Excelerator/env/lib/python3.11/site-packages/babel/locale-data/prg_PL.dat -> /Users/calum/Developer/Excelerator/dist/Excelerate.app/Contents/Resources/lib/python3.11/babel/locale-data/prg_PL.dat
copying file /Users/calum/Developer/Excelerator/env/lib/python3.11/site-packages/babel/locale-data/ta.dat -> /Users/calum/Developer/Excelerator/dist/Excelerate.app/Contents/Resources/lib/python3.11/babel/locale-data/ta.dat
copying file /Users/calum/Developer/Excelerator/env/lib/python3.11/site-packages/babel/locale-data/ur.dat -> /Users/calum/Developer/Excelerator/dist/Excelerate.app/Contents/Resources/lib/python3.11/babel/locale-data/ur.dat
copying file /Users/calum/Developer/Excelerator/env/lib/python3.11/site-packages/babel/locale-data/vi.dat -> /Users/calum/Developer/Excelerator/dist/Excelerate.app/Contents/Resources/lib/python3.11/babel/locale-data/vi.dat
copying file /Users/calum/Developer/Excelerator/env/lib/python3.11/site-packages/babel/locale-data/hy_AM.dat -> /Users/calum/Developer/Excelerator/dist/Excelerate.app/Contents/Resources/lib/python3.11/babel/locale-data/hy_AM.dat
copying file /Users/calum/Developer/Excelerator/env/lib/python3.11/site-packages/babel/locale-data/sms.dat -> /Users/calum/Developer/Excelerator/dist/Excelerate.app/Contents/Resources/lib/python3.11/babel/locale-data/sms.dat
copying file /Users/calum/Developer/Excelerator/env/lib/python3.11/site-packages/babel/locale-data/sat_Deva_IN.dat -> /Users/calum/Developer/Excelerator/dist/Excelerate.app/Contents/Resources/lib/python3.11/babel/locale-data/sat_Deva_IN.dat
copying file /Users/calum/Developer/Excelerator/env/lib/python3.11/site-packages/babel/locale-data/nl_BE.dat -> /Users/calum/Developer/Excelerator/dist/Excelerate.app/Contents/Resources/lib/python3.11/babel/locale-data/nl_BE.dat
copying file /Users/calum/Developer/Excelerator/env/lib/python3.11/site-packages/babel/locale-data/hi_Latn.dat -> /Users/calum/Developer/Excelerator/dist/Excelerate.app/Contents/Resources/lib/python3.11/babel/locale-data/hi_Latn.dat
copying file /Users/calum/Developer/Excelerator/env/lib/python3.11/site-packages/babel/locale-data/qu_BO.dat -> /Users/calum/Developer/Excelerator/dist/Excelerate.app/Contents/Resources/lib/python3.11/babel/locale-data/qu_BO.dat
copying file /Users/calum/Developer/Excelerator/env/lib/python3.11/site-packages/babel/locale-data/es_PY.dat -> /Users/calum/Developer/Excelerator/dist/Excelerate.app/Contents/Resources/lib/python3.11/babel/locale-data/es_PY.dat
copying file /Users/calum/Developer/Excelerator/env/lib/python3.11/site-packages/babel/locale-data/sn_ZW.dat -> /Users/calum/Developer/Excelerator/dist/Excelerate.app/Contents/Resources/lib/python3.11/babel/locale-data/sn_ZW.dat
copying file /Users/calum/Developer/Excelerator/env/lib/python3.11/site-packages/babel/locale-data/asa_TZ.dat -> /Users/calum/Developer/Excelerator/dist/Excelerate.app/Contents/Resources/lib/python3.11/babel/locale-data/asa_TZ.dat
copying file /Users/calum/Developer/Excelerator/env/lib/python3.11/site-packages/babel/locale-data/ga_GB.dat -> /Users/calum/Developer/Excelerator/dist/Excelerate.app/Contents/Resources/lib/python3.11/babel/locale-data/ga_GB.dat
copying file /Users/calum/Developer/Excelerator/env/lib/python3.11/site-packages/babel/locale-data/sd_Arab.dat -> /Users/calum/Developer/Excelerator/dist/Excelerate.app/Contents/Resources/lib/python3.11/babel/locale-data/sd_Arab.dat
copying file /Users/calum/Developer/Excelerator/env/lib/python3.11/site-packages/babel/locale-data/nus.dat -> /Users/calum/Developer/Excelerator/dist/Excelerate.app/Contents/Resources/lib/python3.11/babel/locale-data/nus.dat
copying file /Users/calum/Developer/Excelerator/env/lib/python3.11/site-packages/babel/locale-data/oc_FR.dat -> /Users/calum/Developer/Excelerator/dist/Excelerate.app/Contents/Resources/lib/python3.11/babel/locale-data/oc_FR.dat
copying file /Users/calum/Developer/Excelerator/env/lib/python3.11/site-packages/babel/locale-data/bal.dat -> /Users/calum/Developer/Excelerator/dist/Excelerate.app/Contents/Resources/lib/python3.11/babel/locale-data/bal.dat
copying file /Users/calum/Developer/Excelerator/env/lib/python3.11/site-packages/babel/locale-data/en_JM.dat -> /Users/calum/Developer/Excelerator/dist/Excelerate.app/Contents/Resources/lib/python3.11/babel/locale-data/en_JM.dat
copying file /Users/calum/Developer/Excelerator/env/lib/python3.11/site-packages/babel/locale-data/ti_ET.dat -> /Users/calum/Developer/Excelerator/dist/Excelerate.app/Contents/Resources/lib/python3.11/babel/locale-data/ti_ET.dat
copying file /Users/calum/Developer/Excelerator/env/lib/python3.11/site-packages/babel/locale-data/en_KI.dat -> /Users/calum/Developer/Excelerator/dist/Excelerate.app/Contents/Resources/lib/python3.11/babel/locale-data/en_KI.dat
copying file /Users/calum/Developer/Excelerator/env/lib/python3.11/site-packages/babel/locale-data/en_SX.dat -> /Users/calum/Developer/Excelerator/dist/Excelerate.app/Contents/Resources/lib/python3.11/babel/locale-data/en_SX.dat
copying file /Users/calum/Developer/Excelerator/env/lib/python3.11/site-packages/babel/locale-data/rhg_Rohg_MM.dat -> /Users/calum/Developer/Excelerator/dist/Excelerate.app/Contents/Resources/lib/python3.11/babel/locale-data/rhg_Rohg_MM.dat
copying file /Users/calum/Developer/Excelerator/env/lib/python3.11/site-packages/babel/locale-data/ru_RU.dat -> /Users/calum/Developer/Excelerator/dist/Excelerate.app/Contents/Resources/lib/python3.11/babel/locale-data/ru_RU.dat
copying file /Users/calum/Developer/Excelerator/env/lib/python3.11/site-packages/babel/locale-data/zh_Hant.dat -> /Users/calum/Developer/Excelerator/dist/Excelerate.app/Contents/Resources/lib/python3.11/babel/locale-data/zh_Hant.dat
copying file /Users/calum/Developer/Excelerator/env/lib/python3.11/site-packages/babel/locale-data/dsb_DE.dat -> /Users/calum/Developer/Excelerator/dist/Excelerate.app/Contents/Resources/lib/python3.11/babel/locale-data/dsb_DE.dat
copying file /Users/calum/Developer/Excelerator/env/lib/python3.11/site-packages/babel/locale-data/ksb.dat -> /Users/calum/Developer/Excelerator/dist/Excelerate.app/Contents/Resources/lib/python3.11/babel/locale-data/ksb.dat
copying file /Users/calum/Developer/Excelerator/env/lib/python3.11/site-packages/babel/locale-data/en_SZ.dat -> /Users/calum/Developer/Excelerator/dist/Excelerate.app/Contents/Resources/lib/python3.11/babel/locale-data/en_SZ.dat
copying file /Users/calum/Developer/Excelerator/env/lib/python3.11/site-packages/babel/locale-data/ssy_ER.dat -> /Users/calum/Developer/Excelerator/dist/Excelerate.app/Contents/Resources/lib/python3.11/babel/locale-data/ssy_ER.dat
copying file /Users/calum/Developer/Excelerator/env/lib/python3.11/site-packages/babel/locale-data/pa_Arab_PK.dat -> /Users/calum/Developer/Excelerator/dist/Excelerate.app/Contents/Resources/lib/python3.11/babel/locale-data/pa_Arab_PK.dat
copying file /Users/calum/Developer/Excelerator/env/lib/python3.11/site-packages/babel/locale-data/ia_001.dat -> /Users/calum/Developer/Excelerator/dist/Excelerate.app/Contents/Resources/lib/python3.11/babel/locale-data/ia_001.dat
copying file /Users/calum/Developer/Excelerator/env/lib/python3.11/site-packages/babel/locale-data/om_KE.dat -> /Users/calum/Developer/Excelerator/dist/Excelerate.app/Contents/Resources/lib/python3.11/babel/locale-data/om_KE.dat
copying file /Users/calum/Developer/Excelerator/env/lib/python3.11/site-packages/babel/locale-data/en_GH.dat -> /Users/calum/Developer/Excelerator/dist/Excelerate.app/Contents/Resources/lib/python3.11/babel/locale-data/en_GH.dat
copying file /Users/calum/Developer/Excelerator/env/lib/python3.11/site-packages/babel/locale-data/apc_SY.dat -> /Users/calum/Developer/Excelerator/dist/Excelerate.app/Contents/Resources/lib/python3.11/babel/locale-data/apc_SY.dat
copying file /Users/calum/Developer/Excelerator/env/lib/python3.11/site-packages/babel/locale-data/pa_Arab.dat -> /Users/calum/Developer/Excelerator/dist/Excelerate.app/Contents/Resources/lib/python3.11/babel/locale-data/pa_Arab.dat
copying file /Users/calum/Developer/Excelerator/env/lib/python3.11/site-packages/babel/locale-data/ff_Latn.dat -> /Users/calum/Developer/Excelerator/dist/Excelerate.app/Contents/Resources/lib/python3.11/babel/locale-data/ff_Latn.dat
copying file /Users/calum/Developer/Excelerator/env/lib/python3.11/site-packages/babel/locale-data/kgp.dat -> /Users/calum/Developer/Excelerator/dist/Excelerate.app/Contents/Resources/lib/python3.11/babel/locale-data/kgp.dat
copying file /Users/calum/Developer/Excelerator/env/lib/python3.11/site-packages/babel/locale-data/zh.dat -> /Users/calum/Developer/Excelerator/dist/Excelerate.app/Contents/Resources/lib/python3.11/babel/locale-data/zh.dat
copying file /Users/calum/Developer/Excelerator/env/lib/python3.11/site-packages/babel/locale-data/ar_TD.dat -> /Users/calum/Developer/Excelerator/dist/Excelerate.app/Contents/Resources/lib/python3.11/babel/locale-data/ar_TD.dat
copying file /Users/calum/Developer/Excelerator/env/lib/python3.11/site-packages/babel/locale-data/sa_IN.dat -> /Users/calum/Developer/Excelerator/dist/Excelerate.app/Contents/Resources/lib/python3.11/babel/locale-data/sa_IN.dat
copying file /Users/calum/Developer/Excelerator/env/lib/python3.11/site-packages/babel/locale-data/mfe.dat -> /Users/calum/Developer/Excelerator/dist/Excelerate.app/Contents/Resources/lib/python3.11/babel/locale-data/mfe.dat
copying file /Users/calum/Developer/Excelerator/env/lib/python3.11/site-packages/babel/locale-data/wo.dat -> /Users/calum/Developer/Excelerator/dist/Excelerate.app/Contents/Resources/lib/python3.11/babel/locale-data/wo.dat
copying file /Users/calum/Developer/Excelerator/env/lib/python3.11/site-packages/babel/locale-data/tt.dat -> /Users/calum/Developer/Excelerator/dist/Excelerate.app/Contents/Resources/lib/python3.11/babel/locale-data/tt.dat
copying file /Users/calum/Developer/Excelerator/env/lib/python3.11/site-packages/babel/locale-data/ug.dat -> /Users/calum/Developer/Excelerator/dist/Excelerate.app/Contents/Resources/lib/python3.11/babel/locale-data/ug.dat
copying file /Users/calum/Developer/Excelerator/env/lib/python3.11/site-packages/babel/locale-data/mua_CM.dat -> /Users/calum/Developer/Excelerator/dist/Excelerate.app/Contents/Resources/lib/python3.11/babel/locale-data/mua_CM.dat
copying file /Users/calum/Developer/Excelerator/env/lib/python3.11/site-packages/babel/locale-data/bn.dat -> /Users/calum/Developer/Excelerator/dist/Excelerate.app/Contents/Resources/lib/python3.11/babel/locale-data/bn.dat
copying file /Users/calum/Developer/Excelerator/env/lib/python3.11/site-packages/babel/locale-data/hnj.dat -> /Users/calum/Developer/Excelerator/dist/Excelerate.app/Contents/Resources/lib/python3.11/babel/locale-data/hnj.dat
copying file /Users/calum/Developer/Excelerator/env/lib/python3.11/site-packages/babel/locale-data/ha_Arab_SD.dat -> /Users/calum/Developer/Excelerator/dist/Excelerate.app/Contents/Resources/lib/python3.11/babel/locale-data/ha_Arab_SD.dat
copying file /Users/calum/Developer/Excelerator/env/lib/python3.11/site-packages/babel/locale-data/ab.dat -> /Users/calum/Developer/Excelerator/dist/Excelerate.app/Contents/Resources/lib/python3.11/babel/locale-data/ab.dat
copying file /Users/calum/Developer/Excelerator/env/lib/python3.11/site-packages/babel/locale-data/ar_LB.dat -> /Users/calum/Developer/Excelerator/dist/Excelerate.app/Contents/Resources/lib/python3.11/babel/locale-data/ar_LB.dat
copying file /Users/calum/Developer/Excelerator/env/lib/python3.11/site-packages/babel/locale-data/kde_TZ.dat -> /Users/calum/Developer/Excelerator/dist/Excelerate.app/Contents/Resources/lib/python3.11/babel/locale-data/kde_TZ.dat
copying file /Users/calum/Developer/Excelerator/env/lib/python3.11/site-packages/babel/locale-data/uz_Cyrl.dat -> /Users/calum/Developer/Excelerator/dist/Excelerate.app/Contents/Resources/lib/python3.11/babel/locale-data/uz_Cyrl.dat
copying file /Users/calum/Developer/Excelerator/env/lib/python3.11/site-packages/babel/locale-data/ta_MY.dat -> /Users/calum/Developer/Excelerator/dist/Excelerate.app/Contents/Resources/lib/python3.11/babel/locale-data/ta_MY.dat
copying file /Users/calum/Developer/Excelerator/env/lib/python3.11/site-packages/babel/locale-data/ca_IT.dat -> /Users/calum/Developer/Excelerator/dist/Excelerate.app/Contents/Resources/lib/python3.11/babel/locale-data/ca_IT.dat
copying file /Users/calum/Developer/Excelerator/env/lib/python3.11/site-packages/babel/locale-data/ar_AE.dat -> /Users/calum/Developer/Excelerator/dist/Excelerate.app/Contents/Resources/lib/python3.11/babel/locale-data/ar_AE.dat
copying file /Users/calum/Developer/Excelerator/env/lib/python3.11/site-packages/babel/locale-data/sat_Olck.dat -> /Users/calum/Developer/Excelerator/dist/Excelerate.app/Contents/Resources/lib/python3.11/babel/locale-data/sat_Olck.dat
copying file /Users/calum/Developer/Excelerator/env/lib/python3.11/site-packages/babel/locale-data/en_Dsrt_US.dat -> /Users/calum/Developer/Excelerator/dist/Excelerate.app/Contents/Resources/lib/python3.11/babel/locale-data/en_Dsrt_US.dat
copying file /Users/calum/Developer/Excelerator/env/lib/python3.11/site-packages/babel/locale-data/et_EE.dat -> /Users/calum/Developer/Excelerator/dist/Excelerate.app/Contents/Resources/lib/python3.11/babel/locale-data/et_EE.dat
copying file /Users/calum/Developer/Excelerator/env/lib/python3.11/site-packages/babel/locale-data/mai_IN.dat -> /Users/calum/Developer/Excelerator/dist/Excelerate.app/Contents/Resources/lib/python3.11/babel/locale-data/mai_IN.dat
copying file /Users/calum/Developer/Excelerator/env/lib/python3.11/site-packages/babel/locale-data/ta_LK.dat -> /Users/calum/Developer/Excelerator/dist/Excelerate.app/Contents/Resources/lib/python3.11/babel/locale-data/ta_LK.dat
copying file /Users/calum/Developer/Excelerator/env/lib/python3.11/site-packages/babel/locale-data/ar_BH.dat -> /Users/calum/Developer/Excelerator/dist/Excelerate.app/Contents/Resources/lib/python3.11/babel/locale-data/ar_BH.dat
copying file /Users/calum/Developer/Excelerator/env/lib/python3.11/site-packages/babel/locale-data/nl.dat -> /Users/calum/Developer/Excelerator/dist/Excelerate.app/Contents/Resources/lib/python3.11/babel/locale-data/nl.dat
copying file /Users/calum/Developer/Excelerator/env/lib/python3.11/site-packages/babel/locale-data/ksf_CM.dat -> /Users/calum/Developer/Excelerator/dist/Excelerate.app/Contents/Resources/lib/python3.11/babel/locale-data/ksf_CM.dat
copying file /Users/calum/Developer/Excelerator/env/lib/python3.11/site-packages/babel/locale-data/blo_BJ.dat -> /Users/calum/Developer/Excelerator/dist/Excelerate.app/Contents/Resources/lib/python3.11/babel/locale-data/blo_BJ.dat
copying file /Users/calum/Developer/Excelerator/env/lib/python3.11/site-packages/babel/locale-data/se_NO.dat -> /Users/calum/Developer/Excelerator/dist/Excelerate.app/Contents/Resources/lib/python3.11/babel/locale-data/se_NO.dat
copying file /Users/calum/Developer/Excelerator/env/lib/python3.11/site-packages/babel/locale-data/dyo.dat -> /Users/calum/Developer/Excelerator/dist/Excelerate.app/Contents/Resources/lib/python3.11/babel/locale-data/dyo.dat
copying file /Users/calum/Developer/Excelerator/env/lib/python3.11/site-packages/babel/locale-data/bo.dat -> /Users/calum/Developer/Excelerator/dist/Excelerate.app/Contents/Resources/lib/python3.11/babel/locale-data/bo.dat
copying file /Users/calum/Developer/Excelerator/env/lib/python3.11/site-packages/babel/locale-data/quc.dat -> /Users/calum/Developer/Excelerator/dist/Excelerate.app/Contents/Resources/lib/python3.11/babel/locale-data/quc.dat
copying file /Users/calum/Developer/Excelerator/env/lib/python3.11/site-packages/babel/locale-data/fr_HT.dat -> /Users/calum/Developer/Excelerator/dist/Excelerate.app/Contents/Resources/lib/python3.11/babel/locale-data/fr_HT.dat
copying file /Users/calum/Developer/Excelerator/env/lib/python3.11/site-packages/babel/locale-data/es_SV.dat -> /Users/calum/Developer/Excelerator/dist/Excelerate.app/Contents/Resources/lib/python3.11/babel/locale-data/es_SV.dat
copying file /Users/calum/Developer/Excelerator/env/lib/python3.11/site-packages/babel/locale-data/nl_BQ.dat -> /Users/calum/Developer/Excelerator/dist/Excelerate.app/Contents/Resources/lib/python3.11/babel/locale-data/nl_BQ.dat
copying file /Users/calum/Developer/Excelerator/env/lib/python3.11/site-packages/babel/locale-data/nds_NL.dat -> /Users/calum/Developer/Excelerator/dist/Excelerate.app/Contents/Resources/lib/python3.11/babel/locale-data/nds_NL.dat
copying file /Users/calum/Developer/Excelerator/env/lib/python3.11/site-packages/babel/locale-data/prg.dat -> /Users/calum/Developer/Excelerator/dist/Excelerate.app/Contents/Resources/lib/python3.11/babel/locale-data/prg.dat
copying file /Users/calum/Developer/Excelerator/env/lib/python3.11/site-packages/babel/locale-data/en_DE.dat -> /Users/calum/Developer/Excelerator/dist/Excelerate.app/Contents/Resources/lib/python3.11/babel/locale-data/en_DE.dat
copying file /Users/calum/Developer/Excelerator/env/lib/python3.11/site-packages/babel/locale-data/ken.dat -> /Users/calum/Developer/Excelerator/dist/Excelerate.app/Contents/Resources/lib/python3.11/babel/locale-data/ken.dat
copying file /Users/calum/Developer/Excelerator/env/lib/python3.11/site-packages/babel/locale-data/en_GI.dat -> /Users/calum/Developer/Excelerator/dist/Excelerate.app/Contents/Resources/lib/python3.11/babel/locale-data/en_GI.dat
copying file /Users/calum/Developer/Excelerator/env/lib/python3.11/site-packages/babel/locale-data/en_FM.dat -> /Users/calum/Developer/Excelerator/dist/Excelerate.app/Contents/Resources/lib/python3.11/babel/locale-data/en_FM.dat
copying file /Users/calum/Developer/Excelerator/env/lib/python3.11/site-packages/babel/locale-data/ms_SG.dat -> /Users/calum/Developer/Excelerator/dist/Excelerate.app/Contents/Resources/lib/python3.11/babel/locale-data/ms_SG.dat
copying file /Users/calum/Developer/Excelerator/env/lib/python3.11/site-packages/babel/locale-data/tr_TR.dat -> /Users/calum/Developer/Excelerator/dist/Excelerate.app/Contents/Resources/lib/python3.11/babel/locale-data/tr_TR.dat
copying file /Users/calum/Developer/Excelerator/env/lib/python3.11/site-packages/babel/locale-data/yue_Hant_HK.dat -> /Users/calum/Developer/Excelerator/dist/Excelerate.app/Contents/Resources/lib/python3.11/babel/locale-data/yue_Hant_HK.dat
copying file /Users/calum/Developer/Excelerator/env/lib/python3.11/site-packages/babel/locale-data/uz_Arab_AF.dat -> /Users/calum/Developer/Excelerator/dist/Excelerate.app/Contents/Resources/lib/python3.11/babel/locale-data/uz_Arab_AF.dat
copying file /Users/calum/Developer/Excelerator/env/lib/python3.11/site-packages/babel/locale-data/ar_001.dat -> /Users/calum/Developer/Excelerator/dist/Excelerate.app/Contents/Resources/lib/python3.11/babel/locale-data/ar_001.dat
copying file /Users/calum/Developer/Excelerator/env/lib/python3.11/site-packages/babel/locale-data/uz_Arab.dat -> /Users/calum/Developer/Excelerator/dist/Excelerate.app/Contents/Resources/lib/python3.11/babel/locale-data/uz_Arab.dat
copying file /Users/calum/Developer/Excelerator/env/lib/python3.11/site-packages/babel/locale-data/sr_Latn_BA.dat -> /Users/calum/Developer/Excelerator/dist/Excelerate.app/Contents/Resources/lib/python3.11/babel/locale-data/sr_Latn_BA.dat
copying file /Users/calum/Developer/Excelerator/env/lib/python3.11/site-packages/babel/locale-data/en_PW.dat -> /Users/calum/Developer/Excelerator/dist/Excelerate.app/Contents/Resources/lib/python3.11/babel/locale-data/en_PW.dat
copying file /Users/calum/Developer/Excelerator/env/lib/python3.11/site-packages/babel/locale-data/en_SL.dat -> /Users/calum/Developer/Excelerator/dist/Excelerate.app/Contents/Resources/lib/python3.11/babel/locale-data/en_SL.dat
copying file /Users/calum/Developer/Excelerator/env/lib/python3.11/site-packages/babel/locale-data/ken_CM.dat -> /Users/calum/Developer/Excelerator/dist/Excelerate.app/Contents/Resources/lib/python3.11/babel/locale-data/ken_CM.dat
copying file /Users/calum/Developer/Excelerator/env/lib/python3.11/site-packages/babel/locale-data/en_SH.dat -> /Users/calum/Developer/Excelerator/dist/Excelerate.app/Contents/Resources/lib/python3.11/babel/locale-data/en_SH.dat
copying file /Users/calum/Developer/Excelerator/env/lib/python3.11/site-packages/babel/locale-data/lrc_IQ.dat -> /Users/calum/Developer/Excelerator/dist/Excelerate.app/Contents/Resources/lib/python3.11/babel/locale-data/lrc_IQ.dat
copying file /Users/calum/Developer/Excelerator/env/lib/python3.11/site-packages/babel/locale-data/naq.dat -> /Users/calum/Developer/Excelerator/dist/Excelerate.app/Contents/Resources/lib/python3.11/babel/locale-data/naq.dat
copying file /Users/calum/Developer/Excelerator/env/lib/python3.11/site-packages/babel/locale-data/ab_GE.dat -> /Users/calum/Developer/Excelerator/dist/Excelerate.app/Contents/Resources/lib/python3.11/babel/locale-data/ab_GE.dat
copying file /Users/calum/Developer/Excelerator/env/lib/python3.11/site-packages/babel/locale-data/zh_Hant_HK.dat -> /Users/calum/Developer/Excelerator/dist/Excelerate.app/Contents/Resources/lib/python3.11/babel/locale-data/zh_Hant_HK.dat
copying file /Users/calum/Developer/Excelerator/env/lib/python3.11/site-packages/babel/locale-data/en_KY.dat -> /Users/calum/Developer/Excelerator/dist/Excelerate.app/Contents/Resources/lib/python3.11/babel/locale-data/en_KY.dat
copying file /Users/calum/Developer/Excelerator/env/lib/python3.11/site-packages/babel/locale-data/ru_KG.dat -> /Users/calum/Developer/Excelerator/dist/Excelerate.app/Contents/Resources/lib/python3.11/babel/locale-data/ru_KG.dat
copying file /Users/calum/Developer/Excelerator/env/lib/python3.11/site-packages/babel/locale-data/bm_Nkoo_ML.dat -> /Users/calum/Developer/Excelerator/dist/Excelerate.app/Contents/Resources/lib/python3.11/babel/locale-data/bm_Nkoo_ML.dat
copying file /Users/calum/Developer/Excelerator/env/lib/python3.11/site-packages/babel/locale-data/lo_LA.dat -> /Users/calum/Developer/Excelerator/dist/Excelerate.app/Contents/Resources/lib/python3.11/babel/locale-data/lo_LA.dat
copying file /Users/calum/Developer/Excelerator/env/lib/python3.11/site-packages/babel/locale-data/en_KN.dat -> /Users/calum/Developer/Excelerator/dist/Excelerate.app/Contents/Resources/lib/python3.11/babel/locale-data/en_KN.dat
copying file /Users/calum/Developer/Excelerator/env/lib/python3.11/site-packages/babel/locale-data/iu_Latn_CA.dat -> /Users/calum/Developer/Excelerator/dist/Excelerate.app/Contents/Resources/lib/python3.11/babel/locale-data/iu_Latn_CA.dat
copying file /Users/calum/Developer/Excelerator/env/lib/python3.11/site-packages/babel/locale-data/sr_Latn_XK.dat -> /Users/calum/Developer/Excelerator/dist/Excelerate.app/Contents/Resources/lib/python3.11/babel/locale-data/sr_Latn_XK.dat
copying file /Users/calum/Developer/Excelerator/env/lib/python3.11/site-packages/babel/locale-data/en_ER.dat -> /Users/calum/Developer/Excelerator/dist/Excelerate.app/Contents/Resources/lib/python3.11/babel/locale-data/en_ER.dat
copying file /Users/calum/Developer/Excelerator/env/lib/python3.11/site-packages/babel/locale-data/en_FI.dat -> /Users/calum/Developer/Excelerator/dist/Excelerate.app/Contents/Resources/lib/python3.11/babel/locale-data/en_FI.dat
copying file /Users/calum/Developer/Excelerator/env/lib/python3.11/site-packages/babel/locale-data/en_GM.dat -> /Users/calum/Developer/Excelerator/dist/Excelerate.app/Contents/Resources/lib/python3.11/babel/locale-data/en_GM.dat
copying file /Users/calum/Developer/Excelerator/env/lib/python3.11/site-packages/babel/locale-data/en_150.dat -> /Users/calum/Developer/Excelerator/dist/Excelerate.app/Contents/Resources/lib/python3.11/babel/locale-data/en_150.dat
copying file /Users/calum/Developer/Excelerator/env/lib/python3.11/site-packages/babel/locale-data/yrl_CO.dat -> /Users/calum/Developer/Excelerator/dist/Excelerate.app/Contents/Resources/lib/python3.11/babel/locale-data/yrl_CO.dat
copying file /Users/calum/Developer/Excelerator/env/lib/python3.11/site-packages/babel/locale-data/nmg_CM.dat -> /Users/calum/Developer/Excelerator/dist/Excelerate.app/Contents/Resources/lib/python3.11/babel/locale-data/nmg_CM.dat
copying file /Users/calum/Developer/Excelerator/env/lib/python3.11/site-packages/babel/locale-data/ms_Arab_BN.dat -> /Users/calum/Developer/Excelerator/dist/Excelerate.app/Contents/Resources/lib/python3.11/babel/locale-data/ms_Arab_BN.dat
copying file /Users/calum/Developer/Excelerator/env/lib/python3.11/site-packages/babel/locale-data/yo_BJ.dat -> /Users/calum/Developer/Excelerator/dist/Excelerate.app/Contents/Resources/lib/python3.11/babel/locale-data/yo_BJ.dat
copying file /Users/calum/Developer/Excelerator/env/lib/python3.11/site-packages/babel/locale-data/rw_RW.dat -> /Users/calum/Developer/Excelerator/dist/Excelerate.app/Contents/Resources/lib/python3.11/babel/locale-data/rw_RW.dat
copying file /Users/calum/Developer/Excelerator/env/lib/python3.11/site-packages/babel/locale-data/co.dat -> /Users/calum/Developer/Excelerator/dist/Excelerate.app/Contents/Resources/lib/python3.11/babel/locale-data/co.dat
copying file /Users/calum/Developer/Excelerator/env/lib/python3.11/site-packages/babel/locale-data/km_KH.dat -> /Users/calum/Developer/Excelerator/dist/Excelerate.app/Contents/Resources/lib/python3.11/babel/locale-data/km_KH.dat
copying file /Users/calum/Developer/Excelerator/env/lib/python3.11/site-packages/babel/locale-data/haw.dat -> /Users/calum/Developer/Excelerator/dist/Excelerate.app/Contents/Resources/lib/python3.11/babel/locale-data/haw.dat
copying file /Users/calum/Developer/Excelerator/env/lib/python3.11/site-packages/babel/locale-data/ms.dat -> /Users/calum/Developer/Excelerator/dist/Excelerate.app/Contents/Resources/lib/python3.11/babel/locale-data/ms.dat
copying file /Users/calum/Developer/Excelerator/env/lib/python3.11/site-packages/babel/locale-data/bal_Latn_PK.dat -> /Users/calum/Developer/Excelerator/dist/Excelerate.app/Contents/Resources/lib/python3.11/babel/locale-data/bal_Latn_PK.dat
copying file /Users/calum/Developer/Excelerator/env/lib/python3.11/site-packages/babel/locale-data/lv.dat -> /Users/calum/Developer/Excelerator/dist/Excelerate.app/Contents/Resources/lib/python3.11/babel/locale-data/lv.dat
copying file /Users/calum/Developer/Excelerator/env/lib/python3.11/site-packages/babel/locale-data/om.dat -> /Users/calum/Developer/Excelerator/dist/Excelerate.app/Contents/Resources/lib/python3.11/babel/locale-data/om.dat
copying file /Users/calum/Developer/Excelerator/env/lib/python3.11/site-packages/babel/locale-data/mr.dat -> /Users/calum/Developer/Excelerator/dist/Excelerate.app/Contents/Resources/lib/python3.11/babel/locale-data/mr.dat
copying file /Users/calum/Developer/Excelerator/env/lib/python3.11/site-packages/babel/locale-data/gu_IN.dat -> /Users/calum/Developer/Excelerator/dist/Excelerate.app/Contents/Resources/lib/python3.11/babel/locale-data/gu_IN.dat
copying file /Users/calum/Developer/Excelerator/env/lib/python3.11/site-packages/babel/locale-data/la.dat -> /Users/calum/Developer/Excelerator/dist/Excelerate.app/Contents/Resources/lib/python3.11/babel/locale-data/la.dat
copying file /Users/calum/Developer/Excelerator/env/lib/python3.11/site-packages/babel/locale-data/ca_ES.dat -> /Users/calum/Developer/Excelerator/dist/Excelerate.app/Contents/Resources/lib/python3.11/babel/locale-data/ca_ES.dat
copying file /Users/calum/Developer/Excelerator/env/lib/python3.11/site-packages/babel/locale-data/xh_ZA.dat -> /Users/calum/Developer/Excelerator/dist/Excelerate.app/Contents/Resources/lib/python3.11/babel/locale-data/xh_ZA.dat
copying file /Users/calum/Developer/Excelerator/env/lib/python3.11/site-packages/babel/locale-data/cy.dat -> /Users/calum/Developer/Excelerator/dist/Excelerate.app/Contents/Resources/lib/python3.11/babel/locale-data/cy.dat
copying file /Users/calum/Developer/Excelerator/env/lib/python3.11/site-packages/babel/locale-data/af.dat -> /Users/calum/Developer/Excelerator/dist/Excelerate.app/Contents/Resources/lib/python3.11/babel/locale-data/af.dat
copying file /Users/calum/Developer/Excelerator/env/lib/python3.11/site-packages/babel/locale-data/es_HN.dat -> /Users/calum/Developer/Excelerator/dist/Excelerate.app/Contents/Resources/lib/python3.11/babel/locale-data/es_HN.dat
copying file /Users/calum/Developer/Excelerator/env/lib/python3.11/site-packages/babel/locale-data/ha_NE.dat -> /Users/calum/Developer/Excelerator/dist/Excelerate.app/Contents/Resources/lib/python3.11/babel/locale-data/ha_NE.dat
copying file /Users/calum/Developer/Excelerator/env/lib/python3.11/site-packages/babel/locale-data/chr.dat -> /Users/calum/Developer/Excelerator/dist/Excelerate.app/Contents/Resources/lib/python3.11/babel/locale-data/chr.dat
copying file /Users/calum/Developer/Excelerator/env/lib/python3.11/site-packages/babel/locale-data/vo.dat -> /Users/calum/Developer/Excelerator/dist/Excelerate.app/Contents/Resources/lib/python3.11/babel/locale-data/vo.dat
copying file /Users/calum/Developer/Excelerator/env/lib/python3.11/site-packages/babel/locale-data/tg.dat -> /Users/calum/Developer/Excelerator/dist/Excelerate.app/Contents/Resources/lib/python3.11/babel/locale-data/tg.dat
copying file /Users/calum/Developer/Excelerator/env/lib/python3.11/site-packages/babel/locale-data/jbo.dat -> /Users/calum/Developer/Excelerator/dist/Excelerate.app/Contents/Resources/lib/python3.11/babel/locale-data/jbo.dat
copying file /Users/calum/Developer/Excelerator/env/lib/python3.11/site-packages/babel/locale-data/zgh.dat -> /Users/calum/Developer/Excelerator/dist/Excelerate.app/Contents/Resources/lib/python3.11/babel/locale-data/zgh.dat
copying file /Users/calum/Developer/Excelerator/env/lib/python3.11/site-packages/babel/locale-data/teo.dat -> /Users/calum/Developer/Excelerator/dist/Excelerate.app/Contents/Resources/lib/python3.11/babel/locale-data/teo.dat
copying file /Users/calum/Developer/Excelerator/env/lib/python3.11/site-packages/babel/locale-data/naq_NA.dat -> /Users/calum/Developer/Excelerator/dist/Excelerate.app/Contents/Resources/lib/python3.11/babel/locale-data/naq_NA.dat
copying file /Users/calum/Developer/Excelerator/env/lib/python3.11/site-packages/babel/locale-data/is_IS.dat -> /Users/calum/Developer/Excelerator/dist/Excelerate.app/Contents/Resources/lib/python3.11/babel/locale-data/is_IS.dat
copying file /Users/calum/Developer/Excelerator/env/lib/python3.11/site-packages/babel/locale-data/es_PH.dat -> /Users/calum/Developer/Excelerator/dist/Excelerate.app/Contents/Resources/lib/python3.11/babel/locale-data/es_PH.dat
copying file /Users/calum/Developer/Excelerator/env/lib/python3.11/site-packages/babel/locale-data/ff_Adlm_NG.dat -> /Users/calum/Developer/Excelerator/dist/Excelerate.app/Contents/Resources/lib/python3.11/babel/locale-data/ff_Adlm_NG.dat
copying file /Users/calum/Developer/Excelerator/env/lib/python3.11/site-packages/babel/locale-data/ceb.dat -> /Users/calum/Developer/Excelerator/dist/Excelerate.app/Contents/Resources/lib/python3.11/babel/locale-data/ceb.dat
copying file /Users/calum/Developer/Excelerator/env/lib/python3.11/site-packages/babel/locale-data/xnr_IN.dat -> /Users/calum/Developer/Excelerator/dist/Excelerate.app/Contents/Resources/lib/python3.11/babel/locale-data/xnr_IN.dat
copying file /Users/calum/Developer/Excelerator/env/lib/python3.11/site-packages/babel/locale-data/cad_US.dat -> /Users/calum/Developer/Excelerator/dist/Excelerate.app/Contents/Resources/lib/python3.11/babel/locale-data/cad_US.dat
copying file /Users/calum/Developer/Excelerator/env/lib/python3.11/site-packages/babel/locale-data/ti_ER.dat -> /Users/calum/Developer/Excelerator/dist/Excelerate.app/Contents/Resources/lib/python3.11/babel/locale-data/ti_ER.dat
copying file /Users/calum/Developer/Excelerator/env/lib/python3.11/site-packages/babel/locale-data/myv_RU.dat -> /Users/calum/Developer/Excelerator/dist/Excelerate.app/Contents/Resources/lib/python3.11/babel/locale-data/myv_RU.dat
copying file /Users/calum/Developer/Excelerator/env/lib/python3.11/site-packages/babel/locale-data/ak_GH.dat -> /Users/calum/Developer/Excelerator/dist/Excelerate.app/Contents/Resources/lib/python3.11/babel/locale-data/ak_GH.dat
copying file /Users/calum/Developer/Excelerator/env/lib/python3.11/site-packages/babel/locale-data/rhg_Rohg_BD.dat -> /Users/calum/Developer/Excelerator/dist/Excelerate.app/Contents/Resources/lib/python3.11/babel/locale-data/rhg_Rohg_BD.dat
copying file /Users/calum/Developer/Excelerator/env/lib/python3.11/site-packages/babel/locale-data/en_Dsrt.dat -> /Users/calum/Developer/Excelerator/dist/Excelerate.app/Contents/Resources/lib/python3.11/babel/locale-data/en_Dsrt.dat
copying file /Users/calum/Developer/Excelerator/env/lib/python3.11/site-packages/babel/locale-data/ksf.dat -> /Users/calum/Developer/Excelerator/dist/Excelerate.app/Contents/Resources/lib/python3.11/babel/locale-data/ksf.dat
copying file /Users/calum/Developer/Excelerator/env/lib/python3.11/site-packages/babel/locale-data/bgc_IN.dat -> /Users/calum/Developer/Excelerator/dist/Excelerate.app/Contents/Resources/lib/python3.11/babel/locale-data/bgc_IN.dat
copying file /Users/calum/Developer/Excelerator/env/lib/python3.11/site-packages/babel/locale-data/en_PR.dat -> /Users/calum/Developer/Excelerator/dist/Excelerate.app/Contents/Resources/lib/python3.11/babel/locale-data/en_PR.dat
copying file /Users/calum/Developer/Excelerator/env/lib/python3.11/site-packages/babel/locale-data/en_SI.dat -> /Users/calum/Developer/Excelerator/dist/Excelerate.app/Contents/Resources/lib/python3.11/babel/locale-data/en_SI.dat
copying file /Users/calum/Developer/Excelerator/env/lib/python3.11/site-packages/babel/locale-data/bss_CM.dat -> /Users/calum/Developer/Excelerator/dist/Excelerate.app/Contents/Resources/lib/python3.11/babel/locale-data/bss_CM.dat
copying file /Users/calum/Developer/Excelerator/env/lib/python3.11/site-packages/babel/locale-data/ccp_IN.dat -> /Users/calum/Developer/Excelerator/dist/Excelerate.app/Contents/Resources/lib/python3.11/babel/locale-data/ccp_IN.dat
copying file /Users/calum/Developer/Excelerator/env/lib/python3.11/site-packages/babel/locale-data/br_FR.dat -> /Users/calum/Developer/Excelerator/dist/Excelerate.app/Contents/Resources/lib/python3.11/babel/locale-data/br_FR.dat
copying file /Users/calum/Developer/Excelerator/env/lib/python3.11/site-packages/babel/locale-data/nnh.dat -> /Users/calum/Developer/Excelerator/dist/Excelerate.app/Contents/Resources/lib/python3.11/babel/locale-data/nnh.dat
copying file /Users/calum/Developer/Excelerator/env/lib/python3.11/site-packages/babel/locale-data/wae.dat -> /Users/calum/Developer/Excelerator/dist/Excelerate.app/Contents/Resources/lib/python3.11/babel/locale-data/wae.dat
copying file /Users/calum/Developer/Excelerator/env/lib/python3.11/site-packages/babel/locale-data/en_PG.dat -> /Users/calum/Developer/Excelerator/dist/Excelerate.app/Contents/Resources/lib/python3.11/babel/locale-data/en_PG.dat
copying file /Users/calum/Developer/Excelerator/env/lib/python3.11/site-packages/babel/locale-data/byn.dat -> /Users/calum/Developer/Excelerator/dist/Excelerate.app/Contents/Resources/lib/python3.11/babel/locale-data/byn.dat
copying file /Users/calum/Developer/Excelerator/env/lib/python3.11/site-packages/babel/locale-data/pt_PT.dat -> /Users/calum/Developer/Excelerator/dist/Excelerate.app/Contents/Resources/lib/python3.11/babel/locale-data/pt_PT.dat
copying file /Users/calum/Developer/Excelerator/env/lib/python3.11/site-packages/babel/locale-data/lrc_IR.dat -> /Users/calum/Developer/Excelerator/dist/Excelerate.app/Contents/Resources/lib/python3.11/babel/locale-data/lrc_IR.dat
copying file /Users/calum/Developer/Excelerator/env/lib/python3.11/site-packages/babel/locale-data/en_IE.dat -> /Users/calum/Developer/Excelerator/dist/Excelerate.app/Contents/Resources/lib/python3.11/babel/locale-data/en_IE.dat
copying file /Users/calum/Developer/Excelerator/env/lib/python3.11/site-packages/babel/locale-data/bs_Cyrl.dat -> /Users/calum/Developer/Excelerator/dist/Excelerate.app/Contents/Resources/lib/python3.11/babel/locale-data/bs_Cyrl.dat
copying file /Users/calum/Developer/Excelerator/env/lib/python3.11/site-packages/babel/locale-data/en_GY.dat -> /Users/calum/Developer/Excelerator/dist/Excelerate.app/Contents/Resources/lib/python3.11/babel/locale-data/en_GY.dat
copying file /Users/calum/Developer/Excelerator/env/lib/python3.11/site-packages/babel/locale-data/blo.dat -> /Users/calum/Developer/Excelerator/dist/Excelerate.app/Contents/Resources/lib/python3.11/babel/locale-data/blo.dat
copying file /Users/calum/Developer/Excelerator/env/lib/python3.11/site-packages/babel/locale-data/lag.dat -> /Users/calum/Developer/Excelerator/dist/Excelerate.app/Contents/Resources/lib/python3.11/babel/locale-data/lag.dat
copying file /Users/calum/Developer/Excelerator/env/lib/python3.11/site-packages/babel/locale-data/mas_KE.dat -> /Users/calum/Developer/Excelerator/dist/Excelerate.app/Contents/Resources/lib/python3.11/babel/locale-data/mas_KE.dat
copying file /Users/calum/Developer/Excelerator/env/lib/python3.11/site-packages/babel/locale-data/en_FJ.dat -> /Users/calum/Developer/Excelerator/dist/Excelerate.app/Contents/Resources/lib/python3.11/babel/locale-data/en_FJ.dat
copying file /Users/calum/Developer/Excelerator/env/lib/python3.11/site-packages/babel/locale-data/sv_AX.dat -> /Users/calum/Developer/Excelerator/dist/Excelerate.app/Contents/Resources/lib/python3.11/babel/locale-data/sv_AX.dat
copying file /Users/calum/Developer/Excelerator/env/lib/python3.11/site-packages/babel/locale-data/es_419.dat -> /Users/calum/Developer/Excelerator/dist/Excelerate.app/Contents/Resources/lib/python3.11/babel/locale-data/es_419.dat
copying file /Users/calum/Developer/Excelerator/env/lib/python3.11/site-packages/babel/locale-data/so_KE.dat -> /Users/calum/Developer/Excelerator/dist/Excelerate.app/Contents/Resources/lib/python3.11/babel/locale-data/so_KE.dat
copying file /Users/calum/Developer/Excelerator/env/lib/python3.11/site-packages/babel/locale-data/ff_Adlm_NE.dat -> /Users/calum/Developer/Excelerator/dist/Excelerate.app/Contents/Resources/lib/python3.11/babel/locale-data/ff_Adlm_NE.dat
copying file /Users/calum/Developer/Excelerator/env/lib/python3.11/site-packages/babel/locale-data/sat.dat -> /Users/calum/Developer/Excelerator/dist/Excelerate.app/Contents/Resources/lib/python3.11/babel/locale-data/sat.dat
copying file /Users/calum/Developer/Excelerator/env/lib/python3.11/site-packages/babel/locale-data/apc.dat -> /Users/calum/Developer/Excelerator/dist/Excelerate.app/Contents/Resources/lib/python3.11/babel/locale-data/apc.dat
copying file /Users/calum/Developer/Excelerator/env/lib/python3.11/site-packages/babel/locale-data/te.dat -> /Users/calum/Developer/Excelerator/dist/Excelerate.app/Contents/Resources/lib/python3.11/babel/locale-data/te.dat
copying file /Users/calum/Developer/Excelerator/env/lib/python3.11/site-packages/babel/locale-data/ff_Adlm_BF.dat -> /Users/calum/Developer/Excelerator/dist/Excelerate.app/Contents/Resources/lib/python3.11/babel/locale-data/ff_Adlm_BF.dat
copying file /Users/calum/Developer/Excelerator/env/lib/python3.11/site-packages/babel/locale-data/cic.dat -> /Users/calum/Developer/Excelerator/dist/Excelerate.app/Contents/Resources/lib/python3.11/babel/locale-data/cic.dat
copying file /Users/calum/Developer/Excelerator/env/lib/python3.11/site-packages/babel/locale-data/ar_YE.dat -> /Users/calum/Developer/Excelerator/dist/Excelerate.app/Contents/Resources/lib/python3.11/babel/locale-data/ar_YE.dat
copying file /Users/calum/Developer/Excelerator/env/lib/python3.11/site-packages/babel/locale-data/to_TO.dat -> /Users/calum/Developer/Excelerator/dist/Excelerate.app/Contents/Resources/lib/python3.11/babel/locale-data/to_TO.dat
copying file /Users/calum/Developer/Excelerator/env/lib/python3.11/site-packages/babel/locale-data/so_DJ.dat -> /Users/calum/Developer/Excelerator/dist/Excelerate.app/Contents/Resources/lib/python3.11/babel/locale-data/so_DJ.dat
copying file /Users/calum/Developer/Excelerator/env/lib/python3.11/site-packages/babel/locale-data/tr.dat -> /Users/calum/Developer/Excelerator/dist/Excelerate.app/Contents/Resources/lib/python3.11/babel/locale-data/tr.dat
copying file /Users/calum/Developer/Excelerator/env/lib/python3.11/site-packages/babel/locale-data/bem_ZM.dat -> /Users/calum/Developer/Excelerator/dist/Excelerate.app/Contents/Resources/lib/python3.11/babel/locale-data/bem_ZM.dat
copying file /Users/calum/Developer/Excelerator/env/lib/python3.11/site-packages/babel/locale-data/ha_NG.dat -> /Users/calum/Developer/Excelerator/dist/Excelerate.app/Contents/Resources/lib/python3.11/babel/locale-data/ha_NG.dat
copying file /Users/calum/Developer/Excelerator/env/lib/python3.11/site-packages/babel/locale-data/syr.dat -> /Users/calum/Developer/Excelerator/dist/Excelerate.app/Contents/Resources/lib/python3.11/babel/locale-data/syr.dat
copying file /Users/calum/Developer/Excelerator/env/lib/python3.11/site-packages/babel/locale-data/doi_IN.dat -> /Users/calum/Developer/Excelerator/dist/Excelerate.app/Contents/Resources/lib/python3.11/babel/locale-data/doi_IN.dat
copying file /Users/calum/Developer/Excelerator/env/lib/python3.11/site-packages/babel/locale-data/osa_US.dat -> /Users/calum/Developer/Excelerator/dist/Excelerate.app/Contents/Resources/lib/python3.11/babel/locale-data/osa_US.dat
copying file /Users/calum/Developer/Excelerator/env/lib/python3.11/site-packages/babel/locale-data/as.dat -> /Users/calum/Developer/Excelerator/dist/Excelerate.app/Contents/Resources/lib/python3.11/babel/locale-data/as.dat
copying file /Users/calum/Developer/Excelerator/env/lib/python3.11/site-packages/babel/locale-data/fr_SY.dat -> /Users/calum/Developer/Excelerator/dist/Excelerate.app/Contents/Resources/lib/python3.11/babel/locale-data/fr_SY.dat
copying file /Users/calum/Developer/Excelerator/env/lib/python3.11/site-packages/babel/locale-data/pcm_NG.dat -> /Users/calum/Developer/Excelerator/dist/Excelerate.app/Contents/Resources/lib/python3.11/babel/locale-data/pcm_NG.dat
copying file /Users/calum/Developer/Excelerator/env/lib/python3.11/site-packages/babel/locale-data/mg.dat -> /Users/calum/Developer/Excelerator/dist/Excelerate.app/Contents/Resources/lib/python3.11/babel/locale-data/mg.dat
copying file /Users/calum/Developer/Excelerator/env/lib/python3.11/site-packages/babel/locale-data/es_DO.dat -> /Users/calum/Developer/Excelerator/dist/Excelerate.app/Contents/Resources/lib/python3.11/babel/locale-data/es_DO.dat
copying file /Users/calum/Developer/Excelerator/env/lib/python3.11/site-packages/babel/locale-data/sr_Latn.dat -> /Users/calum/Developer/Excelerator/dist/Excelerate.app/Contents/Resources/lib/python3.11/babel/locale-data/sr_Latn.dat
copying file /Users/calum/Developer/Excelerator/env/lib/python3.11/site-packages/babel/locale-data/es_GT.dat -> /Users/calum/Developer/Excelerator/dist/Excelerate.app/Contents/Resources/lib/python3.11/babel/locale-data/es_GT.dat
copying file /Users/calum/Developer/Excelerator/env/lib/python3.11/site-packages/babel/locale-data/lt.dat -> /Users/calum/Developer/Excelerator/dist/Excelerate.app/Contents/Resources/lib/python3.11/babel/locale-data/lt.dat
copying file /Users/calum/Developer/Excelerator/env/lib/python3.11/site-packages/babel/locale-data/fr_SN.dat -> /Users/calum/Developer/Excelerator/dist/Excelerate.app/Contents/Resources/lib/python3.11/babel/locale-data/fr_SN.dat
copying file /Users/calum/Developer/Excelerator/env/lib/python3.11/site-packages/babel/locale-data/st_ZA.dat -> /Users/calum/Developer/Excelerator/dist/Excelerate.app/Contents/Resources/lib/python3.11/babel/locale-data/st_ZA.dat
copying file /Users/calum/Developer/Excelerator/env/lib/python3.11/site-packages/babel/locale-data/lu.dat -> /Users/calum/Developer/Excelerator/dist/Excelerate.app/Contents/Resources/lib/python3.11/babel/locale-data/lu.dat
copying file /Users/calum/Developer/Excelerator/env/lib/python3.11/site-packages/babel/locale-data/lb.dat -> /Users/calum/Developer/Excelerator/dist/Excelerate.app/Contents/Resources/lib/python3.11/babel/locale-data/lb.dat
copying file /Users/calum/Developer/Excelerator/env/lib/python3.11/site-packages/babel/locale-data/ar.dat -> /Users/calum/Developer/Excelerator/dist/Excelerate.app/Contents/Resources/lib/python3.11/babel/locale-data/ar.dat
copying file /Users/calum/Developer/Excelerator/env/lib/python3.11/site-packages/babel/locale-data/ar_MA.dat -> /Users/calum/Developer/Excelerator/dist/Excelerate.app/Contents/Resources/lib/python3.11/babel/locale-data/ar_MA.dat
copying file /Users/calum/Developer/Excelerator/env/lib/python3.11/site-packages/babel/locale-data/sw_KE.dat -> /Users/calum/Developer/Excelerator/dist/Excelerate.app/Contents/Resources/lib/python3.11/babel/locale-data/sw_KE.dat
copying file /Users/calum/Developer/Excelerator/env/lib/python3.11/site-packages/babel/locale-data/sms_FI.dat -> /Users/calum/Developer/Excelerator/dist/Excelerate.app/Contents/Resources/lib/python3.11/babel/locale-data/sms_FI.dat
copying file /Users/calum/Developer/Excelerator/env/lib/python3.11/site-packages/babel/locale-data/mni_Mtei.dat -> /Users/calum/Developer/Excelerator/dist/Excelerate.app/Contents/Resources/lib/python3.11/babel/locale-data/mni_Mtei.dat
copying file /Users/calum/Developer/Excelerator/env/lib/python3.11/site-packages/babel/locale-data/ts.dat -> /Users/calum/Developer/Excelerator/dist/Excelerate.app/Contents/Resources/lib/python3.11/babel/locale-data/ts.dat
copying file /Users/calum/Developer/Excelerator/env/lib/python3.11/site-packages/babel/locale-data/tt_RU.dat -> /Users/calum/Developer/Excelerator/dist/Excelerate.app/Contents/Resources/lib/python3.11/babel/locale-data/tt_RU.dat
copying file /Users/calum/Developer/Excelerator/env/lib/python3.11/site-packages/babel/locale-data/sma.dat -> /Users/calum/Developer/Excelerator/dist/Excelerate.app/Contents/Resources/lib/python3.11/babel/locale-data/sma.dat
copying file /Users/calum/Developer/Excelerator/env/lib/python3.11/site-packages/babel/locale-data/osa.dat -> /Users/calum/Developer/Excelerator/dist/Excelerate.app/Contents/Resources/lib/python3.11/babel/locale-data/osa.dat
copying file /Users/calum/Developer/Excelerator/env/lib/python3.11/site-packages/babel/locale-data/jmc.dat -> /Users/calum/Developer/Excelerator/dist/Excelerate.app/Contents/Resources/lib/python3.11/babel/locale-data/jmc.dat
copying file /Users/calum/Developer/Excelerator/env/lib/python3.11/site-packages/babel/locale-data/en_Shaw_GB.dat -> /Users/calum/Developer/Excelerator/dist/Excelerate.app/Contents/Resources/lib/python3.11/babel/locale-data/en_Shaw_GB.dat
copying file /Users/calum/Developer/Excelerator/env/lib/python3.11/site-packages/babel/locale-data/en_FK.dat -> /Users/calum/Developer/Excelerator/dist/Excelerate.app/Contents/Resources/lib/python3.11/babel/locale-data/en_FK.dat
copying file /Users/calum/Developer/Excelerator/env/lib/python3.11/site-packages/babel/locale-data/saq_KE.dat -> /Users/calum/Developer/Excelerator/dist/Excelerate.app/Contents/Resources/lib/python3.11/babel/locale-data/saq_KE.dat
copying file /Users/calum/Developer/Excelerator/env/lib/python3.11/site-packages/babel/locale-data/ve_ZA.dat -> /Users/calum/Developer/Excelerator/dist/Excelerate.app/Contents/Resources/lib/python3.11/babel/locale-data/ve_ZA.dat
copying file /Users/calum/Developer/Excelerator/env/lib/python3.11/site-packages/babel/locale-data/kxv_Telu.dat -> /Users/calum/Developer/Excelerator/dist/Excelerate.app/Contents/Resources/lib/python3.11/babel/locale-data/kxv_Telu.dat
copying file /Users/calum/Developer/Excelerator/env/lib/python3.11/site-packages/babel/locale-data/en_ID.dat -> /Users/calum/Developer/Excelerator/dist/Excelerate.app/Contents/Resources/lib/python3.11/babel/locale-data/en_ID.dat
copying file /Users/calum/Developer/Excelerator/env/lib/python3.11/site-packages/babel/locale-data/ps_PK.dat -> /Users/calum/Developer/Excelerator/dist/Excelerate.app/Contents/Resources/lib/python3.11/babel/locale-data/ps_PK.dat
copying file /Users/calum/Developer/Excelerator/env/lib/python3.11/site-packages/babel/locale-data/zh_Hans.dat -> /Users/calum/Developer/Excelerator/dist/Excelerate.app/Contents/Resources/lib/python3.11/babel/locale-data/zh_Hans.dat
copying file /Users/calum/Developer/Excelerator/env/lib/python3.11/site-packages/babel/locale-data/nmg.dat -> /Users/calum/Developer/Excelerator/dist/Excelerate.app/Contents/Resources/lib/python3.11/babel/locale-data/nmg.dat
copying file /Users/calum/Developer/Excelerator/env/lib/python3.11/site-packages/babel/locale-data/fo_DK.dat -> /Users/calum/Developer/Excelerator/dist/Excelerate.app/Contents/Resources/lib/python3.11/babel/locale-data/fo_DK.dat
copying file /Users/calum/Developer/Excelerator/env/lib/python3.11/site-packages/babel/locale-data/bg_BG.dat -> /Users/calum/Developer/Excelerator/dist/Excelerate.app/Contents/Resources/lib/python3.11/babel/locale-data/bg_BG.dat
copying file /Users/calum/Developer/Excelerator/env/lib/python3.11/site-packages/babel/locale-data/cgg_UG.dat -> /Users/calum/Developer/Excelerator/dist/Excelerate.app/Contents/Resources/lib/python3.11/babel/locale-data/cgg_UG.dat
copying file /Users/calum/Developer/Excelerator/env/lib/python3.11/site-packages/babel/locale-data/en_UM.dat -> /Users/calum/Developer/Excelerator/dist/Excelerate.app/Contents/Resources/lib/python3.11/babel/locale-data/en_UM.dat
copying file /Users/calum/Developer/Excelerator/env/lib/python3.11/site-packages/babel/locale-data/pap.dat -> /Users/calum/Developer/Excelerator/dist/Excelerate.app/Contents/Resources/lib/python3.11/babel/locale-data/pap.dat
copying file /Users/calum/Developer/Excelerator/env/lib/python3.11/site-packages/babel/locale-data/nr_ZA.dat -> /Users/calum/Developer/Excelerator/dist/Excelerate.app/Contents/Resources/lib/python3.11/babel/locale-data/nr_ZA.dat
copying file /Users/calum/Developer/Excelerator/env/lib/python3.11/site-packages/babel/locale-data/rm_CH.dat -> /Users/calum/Developer/Excelerator/dist/Excelerate.app/Contents/Resources/lib/python3.11/babel/locale-data/rm_CH.dat
copying file /Users/calum/Developer/Excelerator/env/lib/python3.11/site-packages/babel/locale-data/za_CN.dat -> /Users/calum/Developer/Excelerator/dist/Excelerate.app/Contents/Resources/lib/python3.11/babel/locale-data/za_CN.dat
copying file /Users/calum/Developer/Excelerator/env/lib/python3.11/site-packages/babel/locale-data/brx.dat -> /Users/calum/Developer/Excelerator/dist/Excelerate.app/Contents/Resources/lib/python3.11/babel/locale-data/brx.dat
copying file /Users/calum/Developer/Excelerator/env/lib/python3.11/site-packages/babel/locale-data/bgn.dat -> /Users/calum/Developer/Excelerator/dist/Excelerate.app/Contents/Resources/lib/python3.11/babel/locale-data/bgn.dat
copying file /Users/calum/Developer/Excelerator/env/lib/python3.11/site-packages/babel/locale-data/en_NG.dat -> /Users/calum/Developer/Excelerator/dist/Excelerate.app/Contents/Resources/lib/python3.11/babel/locale-data/en_NG.dat
copying file /Users/calum/Developer/Excelerator/env/lib/python3.11/site-packages/babel/locale-data/lij.dat -> /Users/calum/Developer/Excelerator/dist/Excelerate.app/Contents/Resources/lib/python3.11/babel/locale-data/lij.dat
copying file /Users/calum/Developer/Excelerator/env/lib/python3.11/site-packages/babel/locale-data/aa_ER.dat -> /Users/calum/Developer/Excelerator/dist/Excelerate.app/Contents/Resources/lib/python3.11/babel/locale-data/aa_ER.dat
copying file /Users/calum/Developer/Excelerator/env/lib/python3.11/site-packages/babel/locale-data/zh_Hant_TW.dat -> /Users/calum/Developer/Excelerator/dist/Excelerate.app/Contents/Resources/lib/python3.11/babel/locale-data/zh_Hant_TW.dat
copying file /Users/calum/Developer/Excelerator/env/lib/python3.11/site-packages/babel/locale-data/en_BS.dat -> /Users/calum/Developer/Excelerator/dist/Excelerate.app/Contents/Resources/lib/python3.11/babel/locale-data/en_BS.dat
copying file /Users/calum/Developer/Excelerator/env/lib/python3.11/site-packages/babel/locale-data/kxv_Latn_IN.dat -> /Users/calum/Developer/Excelerator/dist/Excelerate.app/Contents/Resources/lib/python3.11/babel/locale-data/kxv_Latn_IN.dat
copying file /Users/calum/Developer/Excelerator/env/lib/python3.11/site-packages/babel/locale-data/pt_MO.dat -> /Users/calum/Developer/Excelerator/dist/Excelerate.app/Contents/Resources/lib/python3.11/babel/locale-data/pt_MO.dat
copying file /Users/calum/Developer/Excelerator/env/lib/python3.11/site-packages/babel/locale-data/yue_Hant.dat -> /Users/calum/Developer/Excelerator/dist/Excelerate.app/Contents/Resources/lib/python3.11/babel/locale-data/yue_Hant.dat
copying file /Users/calum/Developer/Excelerator/env/lib/python3.11/site-packages/babel/locale-data/az_Arab_TR.dat -> /Users/calum/Developer/Excelerator/dist/Excelerate.app/Contents/Resources/lib/python3.11/babel/locale-data/az_Arab_TR.dat
copying file /Users/calum/Developer/Excelerator/env/lib/python3.11/site-packages/babel/locale-data/sr_Cyrl_BA.dat -> /Users/calum/Developer/Excelerator/dist/Excelerate.app/Contents/Resources/lib/python3.11/babel/locale-data/sr_Cyrl_BA.dat
copying file /Users/calum/Developer/Excelerator/env/lib/python3.11/site-packages/babel/locale-data/sg.dat -> /Users/calum/Developer/Excelerator/dist/Excelerate.app/Contents/Resources/lib/python3.11/babel/locale-data/sg.dat
copying file /Users/calum/Developer/Excelerator/env/lib/python3.11/site-packages/babel/locale-data/gu.dat -> /Users/calum/Developer/Excelerator/dist/Excelerate.app/Contents/Resources/lib/python3.11/babel/locale-data/gu.dat
copying file /Users/calum/Developer/Excelerator/env/lib/python3.11/site-packages/babel/locale-data/ff.dat -> /Users/calum/Developer/Excelerator/dist/Excelerate.app/Contents/Resources/lib/python3.11/babel/locale-data/ff.dat
copying file /Users/calum/Developer/Excelerator/env/lib/python3.11/site-packages/babel/locale-data/mus.dat -> /Users/calum/Developer/Excelerator/dist/Excelerate.app/Contents/Resources/lib/python3.11/babel/locale-data/mus.dat
copying file /Users/calum/Developer/Excelerator/env/lib/python3.11/site-packages/babel/locale-data/ii.dat -> /Users/calum/Developer/Excelerator/dist/Excelerate.app/Contents/Resources/lib/python3.11/babel/locale-data/ii.dat
copying file /Users/calum/Developer/Excelerator/env/lib/python3.11/site-packages/babel/locale-data/tk_TM.dat -> /Users/calum/Developer/Excelerator/dist/Excelerate.app/Contents/Resources/lib/python3.11/babel/locale-data/tk_TM.dat
copying file /Users/calum/Developer/Excelerator/env/lib/python3.11/site-packages/babel/locale-data/mn_Mong_CN.dat -> /Users/calum/Developer/Excelerator/dist/Excelerate.app/Contents/Resources/lib/python3.11/babel/locale-data/mn_Mong_CN.dat
copying file /Users/calum/Developer/Excelerator/env/lib/python3.11/site-packages/babel/locale-data/es_AR.dat -> /Users/calum/Developer/Excelerator/dist/Excelerate.app/Contents/Resources/lib/python3.11/babel/locale-data/es_AR.dat
copying file /Users/calum/Developer/Excelerator/env/lib/python3.11/site-packages/babel/locale-data/ka.dat -> /Users/calum/Developer/Excelerator/dist/Excelerate.app/Contents/Resources/lib/python3.11/babel/locale-data/ka.dat
copying file /Users/calum/Developer/Excelerator/env/lib/python3.11/site-packages/babel/locale-data/nb_SJ.dat -> /Users/calum/Developer/Excelerator/dist/Excelerate.app/Contents/Resources/lib/python3.11/babel/locale-data/nb_SJ.dat
copying file /Users/calum/Developer/Excelerator/env/lib/python3.11/site-packages/babel/locale-data/es_CL.dat -> /Users/calum/Developer/Excelerator/dist/Excelerate.app/Contents/Resources/lib/python3.11/babel/locale-data/es_CL.dat
copying file /Users/calum/Developer/Excelerator/env/lib/python3.11/site-packages/babel/locale-data/nl_SX.dat -> /Users/calum/Developer/Excelerator/dist/Excelerate.app/Contents/Resources/lib/python3.11/babel/locale-data/nl_SX.dat
copying file /Users/calum/Developer/Excelerator/env/lib/python3.11/site-packages/babel/locale-data/trv_TW.dat -> /Users/calum/Developer/Excelerator/dist/Excelerate.app/Contents/Resources/lib/python3.11/babel/locale-data/trv_TW.dat
copying file /Users/calum/Developer/Excelerator/env/lib/python3.11/site-packages/babel/locale-data/kw.dat -> /Users/calum/Developer/Excelerator/dist/Excelerate.app/Contents/Resources/lib/python3.11/babel/locale-data/kw.dat
copying file /Users/calum/Developer/Excelerator/env/lib/python3.11/site-packages/babel/locale-data/de_LU.dat -> /Users/calum/Developer/Excelerator/dist/Excelerate.app/Contents/Resources/lib/python3.11/babel/locale-data/de_LU.dat
copying file /Users/calum/Developer/Excelerator/env/lib/python3.11/site-packages/babel/locale-data/fr_NC.dat -> /Users/calum/Developer/Excelerator/dist/Excelerate.app/Contents/Resources/lib/python3.11/babel/locale-data/fr_NC.dat
copying file /Users/calum/Developer/Excelerator/env/lib/python3.11/site-packages/babel/locale-data/sq.dat -> /Users/calum/Developer/Excelerator/dist/Excelerate.app/Contents/Resources/lib/python3.11/babel/locale-data/sq.dat
copying file /Users/calum/Developer/Excelerator/env/lib/python3.11/site-packages/babel/locale-data/ff_Adlm_GM.dat -> /Users/calum/Developer/Excelerator/dist/Excelerate.app/Contents/Resources/lib/python3.11/babel/locale-data/ff_Adlm_GM.dat
copying file /Users/calum/Developer/Excelerator/env/lib/python3.11/site-packages/babel/locale-data/ny_MW.dat -> /Users/calum/Developer/Excelerator/dist/Excelerate.app/Contents/Resources/lib/python3.11/babel/locale-data/ny_MW.dat
copying file /Users/calum/Developer/Excelerator/env/lib/python3.11/site-packages/babel/locale-data/ru.dat -> /Users/calum/Developer/Excelerator/dist/Excelerate.app/Contents/Resources/lib/python3.11/babel/locale-data/ru.dat
copying file /Users/calum/Developer/Excelerator/env/lib/python3.11/site-packages/babel/locale-data/fr_CD.dat -> /Users/calum/Developer/Excelerator/dist/Excelerate.app/Contents/Resources/lib/python3.11/babel/locale-data/fr_CD.dat
copying file /Users/calum/Developer/Excelerator/env/lib/python3.11/site-packages/babel/locale-data/ar_SA.dat -> /Users/calum/Developer/Excelerator/dist/Excelerate.app/Contents/Resources/lib/python3.11/babel/locale-data/ar_SA.dat
copying file /Users/calum/Developer/Excelerator/env/lib/python3.11/site-packages/babel/locale-data/sl_SI.dat -> /Users/calum/Developer/Excelerator/dist/Excelerate.app/Contents/Resources/lib/python3.11/babel/locale-data/sl_SI.dat
copying file /Users/calum/Developer/Excelerator/env/lib/python3.11/site-packages/babel/locale-data/ccp.dat -> /Users/calum/Developer/Excelerator/dist/Excelerate.app/Contents/Resources/lib/python3.11/babel/locale-data/ccp.dat
copying file /Users/calum/Developer/Excelerator/env/lib/python3.11/site-packages/babel/locale-data/se_SE.dat -> /Users/calum/Developer/Excelerator/dist/Excelerate.app/Contents/Resources/lib/python3.11/babel/locale-data/se_SE.dat
copying file /Users/calum/Developer/Excelerator/env/lib/python3.11/site-packages/babel/locale-data/sdh.dat -> /Users/calum/Developer/Excelerator/dist/Excelerate.app/Contents/Resources/lib/python3.11/babel/locale-data/sdh.dat
copying file /Users/calum/Developer/Excelerator/env/lib/python3.11/site-packages/babel/locale-data/en_CA.dat -> /Users/calum/Developer/Excelerator/dist/Excelerate.app/Contents/Resources/lib/python3.11/babel/locale-data/en_CA.dat
copying file /Users/calum/Developer/Excelerator/env/lib/python3.11/site-packages/babel/locale-data/en_BE.dat -> /Users/calum/Developer/Excelerator/dist/Excelerate.app/Contents/Resources/lib/python3.11/babel/locale-data/en_BE.dat
copying file /Users/calum/Developer/Excelerator/env/lib/python3.11/site-packages/babel/locale-data/kk_KZ.dat -> /Users/calum/Developer/Excelerator/dist/Excelerate.app/Contents/Resources/lib/python3.11/babel/locale-data/kk_KZ.dat
copying file /Users/calum/Developer/Excelerator/env/lib/python3.11/site-packages/babel/locale-data/en_AI.dat -> /Users/calum/Developer/Excelerator/dist/Excelerate.app/Contents/Resources/lib/python3.11/babel/locale-data/en_AI.dat
copying file /Users/calum/Developer/Excelerator/env/lib/python3.11/site-packages/babel/locale-data/nqo.dat -> /Users/calum/Developer/Excelerator/dist/Excelerate.app/Contents/Resources/lib/python3.11/babel/locale-data/nqo.dat
copying file /Users/calum/Developer/Excelerator/env/lib/python3.11/site-packages/babel/locale-data/lkt.dat -> /Users/calum/Developer/Excelerator/dist/Excelerate.app/Contents/Resources/lib/python3.11/babel/locale-data/lkt.dat
copying file /Users/calum/Developer/Excelerator/env/lib/python3.11/site-packages/babel/locale-data/en_NF.dat -> /Users/calum/Developer/Excelerator/dist/Excelerate.app/Contents/Resources/lib/python3.11/babel/locale-data/en_NF.dat
copying file /Users/calum/Developer/Excelerator/env/lib/python3.11/site-packages/babel/locale-data/jbo_001.dat -> /Users/calum/Developer/Excelerator/dist/Excelerate.app/Contents/Resources/lib/python3.11/babel/locale-data/jbo_001.dat
copying file /Users/calum/Developer/Excelerator/env/lib/python3.11/site-packages/babel/locale-data/wbp_AU.dat -> /Users/calum/Developer/Excelerator/dist/Excelerate.app/Contents/Resources/lib/python3.11/babel/locale-data/wbp_AU.dat
copying file /Users/calum/Developer/Excelerator/env/lib/python3.11/site-packages/babel/locale-data/pt_TL.dat -> /Users/calum/Developer/Excelerator/dist/Excelerate.app/Contents/Resources/lib/python3.11/babel/locale-data/pt_TL.dat
copying file /Users/calum/Developer/Excelerator/env/lib/python3.11/site-packages/babel/locale-data/ms_BN.dat -> /Users/calum/Developer/Excelerator/dist/Excelerate.app/Contents/Resources/lib/python3.11/babel/locale-data/ms_BN.dat
copying file /Users/calum/Developer/Excelerator/env/lib/python3.11/site-packages/babel/locale-data/ff_Latn_LR.dat -> /Users/calum/Developer/Excelerator/dist/Excelerate.app/Contents/Resources/lib/python3.11/babel/locale-data/ff_Latn_LR.dat
copying file /Users/calum/Developer/Excelerator/env/lib/python3.11/site-packages/babel/locale-data/bez_TZ.dat -> /Users/calum/Developer/Excelerator/dist/Excelerate.app/Contents/Resources/lib/python3.11/babel/locale-data/bez_TZ.dat
copying file /Users/calum/Developer/Excelerator/env/lib/python3.11/site-packages/babel/locale-data/gsw_LI.dat -> /Users/calum/Developer/Excelerator/dist/Excelerate.app/Contents/Resources/lib/python3.11/babel/locale-data/gsw_LI.dat
copying file /Users/calum/Developer/Excelerator/env/lib/python3.11/site-packages/babel/locale-data/en_WS.dat -> /Users/calum/Developer/Excelerator/dist/Excelerate.app/Contents/Resources/lib/python3.11/babel/locale-data/en_WS.dat
copying file /Users/calum/Developer/Excelerator/env/lib/python3.11/site-packages/babel/locale-data/bal_Arab.dat -> /Users/calum/Developer/Excelerator/dist/Excelerate.app/Contents/Resources/lib/python3.11/babel/locale-data/bal_Arab.dat
copying file /Users/calum/Developer/Excelerator/env/lib/python3.11/site-packages/babel/locale-data/lrc.dat -> /Users/calum/Developer/Excelerator/dist/Excelerate.app/Contents/Resources/lib/python3.11/babel/locale-data/lrc.dat
copying file /Users/calum/Developer/Excelerator/env/lib/python3.11/site-packages/babel/locale-data/tpi_PG.dat -> /Users/calum/Developer/Excelerator/dist/Excelerate.app/Contents/Resources/lib/python3.11/babel/locale-data/tpi_PG.dat
copying file /Users/calum/Developer/Excelerator/env/lib/python3.11/site-packages/babel/locale-data/en_VU.dat -> /Users/calum/Developer/Excelerator/dist/Excelerate.app/Contents/Resources/lib/python3.11/babel/locale-data/en_VU.dat
copying file /Users/calum/Developer/Excelerator/env/lib/python3.11/site-packages/babel/locale-data/el_POLYTON.dat -> /Users/calum/Developer/Excelerator/dist/Excelerate.app/Contents/Resources/lib/python3.11/babel/locale-data/el_POLYTON.dat
copying file /Users/calum/Developer/Excelerator/env/lib/python3.11/site-packages/babel/locale-data/az_Arab.dat -> /Users/calum/Developer/Excelerator/dist/Excelerate.app/Contents/Resources/lib/python3.11/babel/locale-data/az_Arab.dat
copying file /Users/calum/Developer/Excelerator/env/lib/python3.11/site-packages/babel/locale-data/fa_AF.dat -> /Users/calum/Developer/Excelerator/dist/Excelerate.app/Contents/Resources/lib/python3.11/babel/locale-data/fa_AF.dat
copying file /Users/calum/Developer/Excelerator/env/lib/python3.11/site-packages/babel/locale-data/rwk.dat -> /Users/calum/Developer/Excelerator/dist/Excelerate.app/Contents/Resources/lib/python3.11/babel/locale-data/rwk.dat
copying file /Users/calum/Developer/Excelerator/env/lib/python3.11/site-packages/babel/locale-data/lmo_IT.dat -> /Users/calum/Developer/Excelerator/dist/Excelerate.app/Contents/Resources/lib/python3.11/babel/locale-data/lmo_IT.dat
copying file /Users/calum/Developer/Excelerator/env/lib/python3.11/site-packages/babel/locale-data/ses_ML.dat -> /Users/calum/Developer/Excelerator/dist/Excelerate.app/Contents/Resources/lib/python3.11/babel/locale-data/ses_ML.dat
copying file /Users/calum/Developer/Excelerator/env/lib/python3.11/site-packages/babel/locale-data/en_ZA.dat -> /Users/calum/Developer/Excelerator/dist/Excelerate.app/Contents/Resources/lib/python3.11/babel/locale-data/en_ZA.dat
copying file /Users/calum/Developer/Excelerator/env/lib/python3.11/site-packages/babel/locale-data/en_MH.dat -> /Users/calum/Developer/Excelerator/dist/Excelerate.app/Contents/Resources/lib/python3.11/babel/locale-data/en_MH.dat
copying file /Users/calum/Developer/Excelerator/env/lib/python3.11/site-packages/babel/locale-data/yrl.dat -> /Users/calum/Developer/Excelerator/dist/Excelerate.app/Contents/Resources/lib/python3.11/babel/locale-data/yrl.dat
copying file /Users/calum/Developer/Excelerator/env/lib/python3.11/site-packages/babel/locale-data/ps_AF.dat -> /Users/calum/Developer/Excelerator/dist/Excelerate.app/Contents/Resources/lib/python3.11/babel/locale-data/ps_AF.dat
copying file /Users/calum/Developer/Excelerator/env/lib/python3.11/site-packages/babel/locale-data/pt_AO.dat -> /Users/calum/Developer/Excelerator/dist/Excelerate.app/Contents/Resources/lib/python3.11/babel/locale-data/pt_AO.dat
copying file /Users/calum/Developer/Excelerator/env/lib/python3.11/site-packages/babel/locale-data/ks_Deva.dat -> /Users/calum/Developer/Excelerator/dist/Excelerate.app/Contents/Resources/lib/python3.11/babel/locale-data/ks_Deva.dat
copying file /Users/calum/Developer/Excelerator/env/lib/python3.11/site-packages/babel/locale-data/en_CC.dat -> /Users/calum/Developer/Excelerator/dist/Excelerate.app/Contents/Resources/lib/python3.11/babel/locale-data/en_CC.dat
copying file /Users/calum/Developer/Excelerator/env/lib/python3.11/site-packages/babel/locale-data/ru_BY.dat -> /Users/calum/Developer/Excelerator/dist/Excelerate.app/Contents/Resources/lib/python3.11/babel/locale-data/ru_BY.dat
copying file /Users/calum/Developer/Excelerator/env/lib/python3.11/site-packages/babel/locale-data/smj_SE.dat -> /Users/calum/Developer/Excelerator/dist/Excelerate.app/Contents/Resources/lib/python3.11/babel/locale-data/smj_SE.dat
copying file /Users/calum/Developer/Excelerator/env/lib/python3.11/site-packages/babel/locale-data/mn_MN.dat -> /Users/calum/Developer/Excelerator/dist/Excelerate.app/Contents/Resources/lib/python3.11/babel/locale-data/mn_MN.dat
copying file /Users/calum/Developer/Excelerator/env/lib/python3.11/site-packages/babel/locale-data/os_GE.dat -> /Users/calum/Developer/Excelerator/dist/Excelerate.app/Contents/Resources/lib/python3.11/babel/locale-data/os_GE.dat
copying file /Users/calum/Developer/Excelerator/env/lib/python3.11/site-packages/babel/locale-data/fr_CF.dat -> /Users/calum/Developer/Excelerator/dist/Excelerate.app/Contents/Resources/lib/python3.11/babel/locale-data/fr_CF.dat
copying file /Users/calum/Developer/Excelerator/env/lib/python3.11/site-packages/babel/locale-data/sw_UG.dat -> /Users/calum/Developer/Excelerator/dist/Excelerate.app/Contents/Resources/lib/python3.11/babel/locale-data/sw_UG.dat
copying file /Users/calum/Developer/Excelerator/env/lib/python3.11/site-packages/babel/locale-data/tok.dat -> /Users/calum/Developer/Excelerator/dist/Excelerate.app/Contents/Resources/lib/python3.11/babel/locale-data/tok.dat
copying file /Users/calum/Developer/Excelerator/env/lib/python3.11/site-packages/babel/locale-data/ss.dat -> /Users/calum/Developer/Excelerator/dist/Excelerate.app/Contents/Resources/lib/python3.11/babel/locale-data/ss.dat
copying file /Users/calum/Developer/Excelerator/env/lib/python3.11/site-packages/babel/locale-data/rw.dat -> /Users/calum/Developer/Excelerator/dist/Excelerate.app/Contents/Resources/lib/python3.11/babel/locale-data/rw.dat
copying file /Users/calum/Developer/Excelerator/env/lib/python3.11/site-packages/babel/locale-data/su_Latn.dat -> /Users/calum/Developer/Excelerator/dist/Excelerate.app/Contents/Resources/lib/python3.11/babel/locale-data/su_Latn.dat
copying file /Users/calum/Developer/Excelerator/env/lib/python3.11/site-packages/babel/locale-data/shi.dat -> /Users/calum/Developer/Excelerator/dist/Excelerate.app/Contents/Resources/lib/python3.11/babel/locale-data/shi.dat
copying file /Users/calum/Developer/Excelerator/env/lib/python3.11/site-packages/babel/locale-data/skr.dat -> /Users/calum/Developer/Excelerator/dist/Excelerate.app/Contents/Resources/lib/python3.11/babel/locale-data/skr.dat
copying file /Users/calum/Developer/Excelerator/env/lib/python3.11/site-packages/babel/locale-data/dz_BT.dat -> /Users/calum/Developer/Excelerator/dist/Excelerate.app/Contents/Resources/lib/python3.11/babel/locale-data/dz_BT.dat
copying file /Users/calum/Developer/Excelerator/env/lib/python3.11/site-packages/babel/locale-data/sd.dat -> /Users/calum/Developer/Excelerator/dist/Excelerate.app/Contents/Resources/lib/python3.11/babel/locale-data/sd.dat
copying file /Users/calum/Developer/Excelerator/env/lib/python3.11/site-packages/babel/locale-data/gv.dat -> /Users/calum/Developer/Excelerator/dist/Excelerate.app/Contents/Resources/lib/python3.11/babel/locale-data/gv.dat
copying file /Users/calum/Developer/Excelerator/env/lib/python3.11/site-packages/babel/locale-data/fr.dat -> /Users/calum/Developer/Excelerator/dist/Excelerate.app/Contents/Resources/lib/python3.11/babel/locale-data/fr.dat
copying file /Users/calum/Developer/Excelerator/env/lib/python3.11/site-packages/babel/locale-data/dz.dat -> /Users/calum/Developer/Excelerator/dist/Excelerate.app/Contents/Resources/lib/python3.11/babel/locale-data/dz.dat
copying file /Users/calum/Developer/Excelerator/env/lib/python3.11/site-packages/babel/locale-data/ga.dat -> /Users/calum/Developer/Excelerator/dist/Excelerate.app/Contents/Resources/lib/python3.11/babel/locale-data/ga.dat
copying file /Users/calum/Developer/Excelerator/env/lib/python3.11/site-packages/babel/locale-data/es_NI.dat -> /Users/calum/Developer/Excelerator/dist/Excelerate.app/Contents/Resources/lib/python3.11/babel/locale-data/es_NI.dat
copying file /Users/calum/Developer/Excelerator/env/lib/python3.11/site-packages/babel/locale-data/ku.dat -> /Users/calum/Developer/Excelerator/dist/Excelerate.app/Contents/Resources/lib/python3.11/babel/locale-data/ku.dat
copying file /Users/calum/Developer/Excelerator/env/lib/python3.11/site-packages/babel/locale-data/ar_DJ.dat -> /Users/calum/Developer/Excelerator/dist/Excelerate.app/Contents/Resources/lib/python3.11/babel/locale-data/ar_DJ.dat
copying file /Users/calum/Developer/Excelerator/env/lib/python3.11/site-packages/babel/locale-data/shn_TH.dat -> /Users/calum/Developer/Excelerator/dist/Excelerate.app/Contents/Resources/lib/python3.11/babel/locale-data/shn_TH.dat
copying file /Users/calum/Developer/Excelerator/env/lib/python3.11/site-packages/babel/locale-data/hy.dat -> /Users/calum/Developer/Excelerator/dist/Excelerate.app/Contents/Resources/lib/python3.11/babel/locale-data/hy.dat
copying file /Users/calum/Developer/Excelerator/env/lib/python3.11/site-packages/babel/locale-data/es_CO.dat -> /Users/calum/Developer/Excelerator/dist/Excelerate.app/Contents/Resources/lib/python3.11/babel/locale-data/es_CO.dat
copying file /Users/calum/Developer/Excelerator/env/lib/python3.11/site-packages/babel/locale-data/szl_PL.dat -> /Users/calum/Developer/Excelerator/dist/Excelerate.app/Contents/Resources/lib/python3.11/babel/locale-data/szl_PL.dat
copying file /Users/calum/Developer/Excelerator/env/lib/python3.11/site-packages/babel/locale-data/jmc_TZ.dat -> /Users/calum/Developer/Excelerator/dist/Excelerate.app/Contents/Resources/lib/python3.11/babel/locale-data/jmc_TZ.dat
copying file /Users/calum/Developer/Excelerator/env/lib/python3.11/site-packages/babel/locale-data/vmw.dat -> /Users/calum/Developer/Excelerator/dist/Excelerate.app/Contents/Resources/lib/python3.11/babel/locale-data/vmw.dat
copying file /Users/calum/Developer/Excelerator/env/lib/python3.11/site-packages/babel/locale-data/fr_TN.dat -> /Users/calum/Developer/Excelerator/dist/Excelerate.app/Contents/Resources/lib/python3.11/babel/locale-data/fr_TN.dat
copying file /Users/calum/Developer/Excelerator/env/lib/python3.11/site-packages/babel/locale-data/arn_CL.dat -> /Users/calum/Developer/Excelerator/dist/Excelerate.app/Contents/Resources/lib/python3.11/babel/locale-data/arn_CL.dat
copying file /Users/calum/Developer/Excelerator/env/lib/python3.11/site-packages/babel/locale-data/ro_MD.dat -> /Users/calum/Developer/Excelerator/dist/Excelerate.app/Contents/Resources/lib/python3.11/babel/locale-data/ro_MD.dat
copying file /Users/calum/Developer/Excelerator/env/lib/python3.11/site-packages/babel/locale-data/az_Cyrl.dat -> /Users/calum/Developer/Excelerator/dist/Excelerate.app/Contents/Resources/lib/python3.11/babel/locale-data/az_Cyrl.dat
copying file /Users/calum/Developer/Excelerator/env/lib/python3.11/site-packages/babel/locale-data/mni_Mtei_IN.dat -> /Users/calum/Developer/Excelerator/dist/Excelerate.app/Contents/Resources/lib/python3.11/babel/locale-data/mni_Mtei_IN.dat
copying file /Users/calum/Developer/Excelerator/env/lib/python3.11/site-packages/babel/locale-data/ar_IL.dat -> /Users/calum/Developer/Excelerator/dist/Excelerate.app/Contents/Resources/lib/python3.11/babel/locale-data/ar_IL.dat
copying file /Users/calum/Developer/Excelerator/env/lib/python3.11/site-packages/babel/locale-data/xog.dat -> /Users/calum/Developer/Excelerator/dist/Excelerate.app/Contents/Resources/lib/python3.11/babel/locale-data/xog.dat
copying file /Users/calum/Developer/Excelerator/env/lib/python3.11/site-packages/babel/locale-data/luy_KE.dat -> /Users/calum/Developer/Excelerator/dist/Excelerate.app/Contents/Resources/lib/python3.11/babel/locale-data/luy_KE.dat
copying file /Users/calum/Developer/Excelerator/env/lib/python3.11/site-packages/babel/locale-data/se.dat -> /Users/calum/Developer/Excelerator/dist/Excelerate.app/Contents/Resources/lib/python3.11/babel/locale-data/se.dat
copying file /Users/calum/Developer/Excelerator/env/lib/python3.11/site-packages/babel/locale-data/fr_ML.dat -> /Users/calum/Developer/Excelerator/dist/Excelerate.app/Contents/Resources/lib/python3.11/babel/locale-data/fr_ML.dat
copying file /Users/calum/Developer/Excelerator/env/lib/python3.11/site-packages/babel/locale-data/ne_IN.dat -> /Users/calum/Developer/Excelerator/dist/Excelerate.app/Contents/Resources/lib/python3.11/babel/locale-data/ne_IN.dat
copying file /Users/calum/Developer/Excelerator/env/lib/python3.11/site-packages/babel/locale-data/sr.dat -> /Users/calum/Developer/Excelerator/dist/Excelerate.app/Contents/Resources/lib/python3.11/babel/locale-data/sr.dat
copying file /Users/calum/Developer/Excelerator/env/lib/python3.11/site-packages/babel/locale-data/it_CH.dat -> /Users/calum/Developer/Excelerator/dist/Excelerate.app/Contents/Resources/lib/python3.11/babel/locale-data/it_CH.dat
copying file /Users/calum/Developer/Excelerator/env/lib/python3.11/site-packages/babel/locale-data/ff_Adlm_GN.dat -> /Users/calum/Developer/Excelerator/dist/Excelerate.app/Contents/Resources/lib/python3.11/babel/locale-data/ff_Adlm_GN.dat
copying file /Users/calum/Developer/Excelerator/env/lib/python3.11/site-packages/babel/locale-data/moh.dat -> /Users/calum/Developer/Excelerator/dist/Excelerate.app/Contents/Resources/lib/python3.11/babel/locale-data/moh.dat
copying file /Users/calum/Developer/Excelerator/env/lib/python3.11/site-packages/babel/locale-data/fr_CG.dat -> /Users/calum/Developer/Excelerator/dist/Excelerate.app/Contents/Resources/lib/python3.11/babel/locale-data/fr_CG.dat
copying file /Users/calum/Developer/Excelerator/env/lib/python3.11/site-packages/babel/locale-data/hsb.dat -> /Users/calum/Developer/Excelerator/dist/Excelerate.app/Contents/Resources/lib/python3.11/babel/locale-data/hsb.dat
copying file /Users/calum/Developer/Excelerator/env/lib/python3.11/site-packages/babel/locale-data/guz.dat -> /Users/calum/Developer/Excelerator/dist/Excelerate.app/Contents/Resources/lib/python3.11/babel/locale-data/guz.dat
copying file /Users/calum/Developer/Excelerator/env/lib/python3.11/site-packages/babel/locale-data/ur_PK.dat -> /Users/calum/Developer/Excelerator/dist/Excelerate.app/Contents/Resources/lib/python3.11/babel/locale-data/ur_PK.dat
copying file /Users/calum/Developer/Excelerator/env/lib/python3.11/site-packages/babel/locale-data/bm_ML.dat -> /Users/calum/Developer/Excelerator/dist/Excelerate.app/Contents/Resources/lib/python3.11/babel/locale-data/bm_ML.dat
copying file /Users/calum/Developer/Excelerator/env/lib/python3.11/site-packages/babel/locale-data/pt_MZ.dat -> /Users/calum/Developer/Excelerator/dist/Excelerate.app/Contents/Resources/lib/python3.11/babel/locale-data/pt_MZ.dat
copying file /Users/calum/Developer/Excelerator/env/lib/python3.11/site-packages/babel/locale-data/bs_Cyrl_BA.dat -> /Users/calum/Developer/Excelerator/dist/Excelerate.app/Contents/Resources/lib/python3.11/babel/locale-data/bs_Cyrl_BA.dat
copying file /Users/calum/Developer/Excelerator/env/lib/python3.11/site-packages/babel/locale-data/hu_HU.dat -> /Users/calum/Developer/Excelerator/dist/Excelerate.app/Contents/Resources/lib/python3.11/babel/locale-data/hu_HU.dat
copying file /Users/calum/Developer/Excelerator/env/lib/python3.11/site-packages/babel/locale-data/en_NR.dat -> /Users/calum/Developer/Excelerator/dist/Excelerate.app/Contents/Resources/lib/python3.11/babel/locale-data/en_NR.dat
copying file /Users/calum/Developer/Excelerator/env/lib/python3.11/site-packages/babel/locale-data/vai_Latn.dat -> /Users/calum/Developer/Excelerator/dist/Excelerate.app/Contents/Resources/lib/python3.11/babel/locale-data/vai_Latn.dat
copying file /Users/calum/Developer/Excelerator/env/lib/python3.11/site-packages/babel/locale-data/en_ZW.dat -> /Users/calum/Developer/Excelerator/dist/Excelerate.app/Contents/Resources/lib/python3.11/babel/locale-data/en_ZW.dat
copying file /Users/calum/Developer/Excelerator/env/lib/python3.11/site-packages/babel/locale-data/en_VC.dat -> /Users/calum/Developer/Excelerator/dist/Excelerate.app/Contents/Resources/lib/python3.11/babel/locale-data/en_VC.dat
copying file /Users/calum/Developer/Excelerator/env/lib/python3.11/site-packages/babel/locale-data/ig_NG.dat -> /Users/calum/Developer/Excelerator/dist/Excelerate.app/Contents/Resources/lib/python3.11/babel/locale-data/ig_NG.dat
copying file /Users/calum/Developer/Excelerator/env/lib/python3.11/site-packages/babel/locale-data/pcm.dat -> /Users/calum/Developer/Excelerator/dist/Excelerate.app/Contents/Resources/lib/python3.11/babel/locale-data/pcm.dat
copying file /Users/calum/Developer/Excelerator/env/lib/python3.11/site-packages/babel/locale-data/en_TK.dat -> /Users/calum/Developer/Excelerator/dist/Excelerate.app/Contents/Resources/lib/python3.11/babel/locale-data/en_TK.dat
copying file /Users/calum/Developer/Excelerator/env/lib/python3.11/site-packages/babel/locale-data/en_VG.dat -> /Users/calum/Developer/Excelerator/dist/Excelerate.app/Contents/Resources/lib/python3.11/babel/locale-data/en_VG.dat
copying file /Users/calum/Developer/Excelerator/env/lib/python3.11/site-packages/babel/locale-data/ff_Latn_CM.dat -> /Users/calum/Developer/Excelerator/dist/Excelerate.app/Contents/Resources/lib/python3.11/babel/locale-data/ff_Latn_CM.dat
copying file /Users/calum/Developer/Excelerator/env/lib/python3.11/site-packages/babel/locale-data/en_TO.dat -> /Users/calum/Developer/Excelerator/dist/Excelerate.app/Contents/Resources/lib/python3.11/babel/locale-data/en_TO.dat
copying file /Users/calum/Developer/Excelerator/env/lib/python3.11/site-packages/babel/locale-data/yi_UA.dat -> /Users/calum/Developer/Excelerator/dist/Excelerate.app/Contents/Resources/lib/python3.11/babel/locale-data/yi_UA.dat
copying file /Users/calum/Developer/Excelerator/env/lib/python3.11/site-packages/babel/locale-data/ru_MD.dat -> /Users/calum/Developer/Excelerator/dist/Excelerate.app/Contents/Resources/lib/python3.11/babel/locale-data/ru_MD.dat
copying file /Users/calum/Developer/Excelerator/env/lib/python3.11/site-packages/babel/locale-data/en_NA.dat -> /Users/calum/Developer/Excelerator/dist/Excelerate.app/Contents/Resources/lib/python3.11/babel/locale-data/en_NA.dat
copying file /Users/calum/Developer/Excelerator/env/lib/python3.11/site-packages/babel/locale-data/ebu.dat -> /Users/calum/Developer/Excelerator/dist/Excelerate.app/Contents/Resources/lib/python3.11/babel/locale-data/ebu.dat
copying file /Users/calum/Developer/Excelerator/env/lib/python3.11/site-packages/babel/locale-data/bew.dat -> /Users/calum/Developer/Excelerator/dist/Excelerate.app/Contents/Resources/lib/python3.11/babel/locale-data/bew.dat
copying file /Users/calum/Developer/Excelerator/env/lib/python3.11/site-packages/babel/locale-data/mer_KE.dat -> /Users/calum/Developer/Excelerator/dist/Excelerate.app/Contents/Resources/lib/python3.11/babel/locale-data/mer_KE.dat
copying file /Users/calum/Developer/Excelerator/env/lib/python3.11/site-packages/babel/locale-data/en_BB.dat -> /Users/calum/Developer/Excelerator/dist/Excelerate.app/Contents/Resources/lib/python3.11/babel/locale-data/en_BB.dat
copying file /Users/calum/Developer/Excelerator/env/lib/python3.11/site-packages/babel/locale-data/dav_KE.dat -> /Users/calum/Developer/Excelerator/dist/Excelerate.app/Contents/Resources/lib/python3.11/babel/locale-data/dav_KE.dat
copying file /Users/calum/Developer/Excelerator/env/lib/python3.11/site-packages/babel/locale-data/aa_ET.dat -> /Users/calum/Developer/Excelerator/dist/Excelerate.app/Contents/Resources/lib/python3.11/babel/locale-data/aa_ET.dat
copying file /Users/calum/Developer/Excelerator/env/lib/python3.11/site-packages/babel/locale-data/luo_KE.dat -> /Users/calum/Developer/Excelerator/dist/Excelerate.app/Contents/Resources/lib/python3.11/babel/locale-data/luo_KE.dat
copying file /Users/calum/Developer/Excelerator/env/lib/python3.11/site-packages/babel/locale-data/mg_MG.dat -> /Users/calum/Developer/Excelerator/dist/Excelerate.app/Contents/Resources/lib/python3.11/babel/locale-data/mg_MG.dat
copying file /Users/calum/Developer/Excelerator/env/lib/python3.11/site-packages/babel/locale-data/ts_ZA.dat -> /Users/calum/Developer/Excelerator/dist/Excelerate.app/Contents/Resources/lib/python3.11/babel/locale-data/ts_ZA.dat
copying file /Users/calum/Developer/Excelerator/env/lib/python3.11/site-packages/babel/locale-data/pa_Guru.dat -> /Users/calum/Developer/Excelerator/dist/Excelerate.app/Contents/Resources/lib/python3.11/babel/locale-data/pa_Guru.dat
copying file /Users/calum/Developer/Excelerator/env/lib/python3.11/site-packages/babel/locale-data/sa.dat -> /Users/calum/Developer/Excelerator/dist/Excelerate.app/Contents/Resources/lib/python3.11/babel/locale-data/sa.dat
copying file /Users/calum/Developer/Excelerator/env/lib/python3.11/site-packages/babel/locale-data/am_ET.dat -> /Users/calum/Developer/Excelerator/dist/Excelerate.app/Contents/Resources/lib/python3.11/babel/locale-data/am_ET.dat
copying file /Users/calum/Developer/Excelerator/env/lib/python3.11/site-packages/babel/locale-data/hsb_DE.dat -> /Users/calum/Developer/Excelerator/dist/Excelerate.app/Contents/Resources/lib/python3.11/babel/locale-data/hsb_DE.dat
copying file /Users/calum/Developer/Excelerator/env/lib/python3.11/site-packages/babel/locale-data/sv.dat -> /Users/calum/Developer/Excelerator/dist/Excelerate.app/Contents/Resources/lib/python3.11/babel/locale-data/sv.dat
copying file /Users/calum/Developer/Excelerator/env/lib/python3.11/site-packages/babel/locale-data/kn_IN.dat -> /Users/calum/Developer/Excelerator/dist/Excelerate.app/Contents/Resources/lib/python3.11/babel/locale-data/kn_IN.dat
copying file /Users/calum/Developer/Excelerator/env/lib/python3.11/site-packages/babel/locale-data/gd.dat -> /Users/calum/Developer/Excelerator/dist/Excelerate.app/Contents/Resources/lib/python3.11/babel/locale-data/gd.dat
copying file /Users/calum/Developer/Excelerator/env/lib/python3.11/site-packages/babel/locale-data/ar_KW.dat -> /Users/calum/Developer/Excelerator/dist/Excelerate.app/Contents/Resources/lib/python3.11/babel/locale-data/ar_KW.dat
copying file /Users/calum/Developer/Excelerator/env/lib/python3.11/site-packages/babel/locale-data/el.dat -> /Users/calum/Developer/Excelerator/dist/Excelerate.app/Contents/Resources/lib/python3.11/babel/locale-data/el.dat
copying file /Users/calum/Developer/Excelerator/env/lib/python3.11/site-packages/babel/locale-data/es_BO.dat -> /Users/calum/Developer/Excelerator/dist/Excelerate.app/Contents/Resources/lib/python3.11/babel/locale-data/es_BO.dat
copying file /Users/calum/Developer/Excelerator/env/lib/python3.11/site-packages/babel/locale-data/pap_AW.dat -> /Users/calum/Developer/Excelerator/dist/Excelerate.app/Contents/Resources/lib/python3.11/babel/locale-data/pap_AW.dat
copying file /Users/calum/Developer/Excelerator/env/lib/python3.11/site-packages/babel/locale-data/fr_WF.dat -> /Users/calum/Developer/Excelerator/dist/Excelerate.app/Contents/Resources/lib/python3.11/babel/locale-data/fr_WF.dat
copying file /Users/calum/Developer/Excelerator/env/lib/python3.11/site-packages/babel/locale-data/myv.dat -> /Users/calum/Developer/Excelerator/dist/Excelerate.app/Contents/Resources/lib/python3.11/babel/locale-data/myv.dat
copying file /Users/calum/Developer/Excelerator/env/lib/python3.11/site-packages/babel/locale-data/fur_IT.dat -> /Users/calum/Developer/Excelerator/dist/Excelerate.app/Contents/Resources/lib/python3.11/babel/locale-data/fur_IT.dat
copying file /Users/calum/Developer/Excelerator/env/lib/python3.11/site-packages/babel/locale-data/ha_GH.dat -> /Users/calum/Developer/Excelerator/dist/Excelerate.app/Contents/Resources/lib/python3.11/babel/locale-data/ha_GH.dat
copying file /Users/calum/Developer/Excelerator/env/lib/python3.11/site-packages/babel/locale-data/fr_VU.dat -> /Users/calum/Developer/Excelerator/dist/Excelerate.app/Contents/Resources/lib/python3.11/babel/locale-data/fr_VU.dat
copying file /Users/calum/Developer/Excelerator/env/lib/python3.11/site-packages/babel/locale-data/io.dat -> /Users/calum/Developer/Excelerator/dist/Excelerate.app/Contents/Resources/lib/python3.11/babel/locale-data/io.dat
copying file /Users/calum/Developer/Excelerator/env/lib/python3.11/site-packages/babel/locale-data/de_AT.dat -> /Users/calum/Developer/Excelerator/dist/Excelerate.app/Contents/Resources/lib/python3.11/babel/locale-data/de_AT.dat
copying file /Users/calum/Developer/Excelerator/env/lib/python3.11/site-packages/babel/locale-data/ln_CD.dat -> /Users/calum/Developer/Excelerator/dist/Excelerate.app/Contents/Resources/lib/python3.11/babel/locale-data/ln_CD.dat
copying file /Users/calum/Developer/Excelerator/env/lib/python3.11/site-packages/babel/locale-data/mdf_RU.dat -> /Users/calum/Developer/Excelerator/dist/Excelerate.app/Contents/Resources/lib/python3.11/babel/locale-data/mdf_RU.dat
copying file /Users/calum/Developer/Excelerator/env/lib/python3.11/site-packages/babel/locale-data/ff_Adlm_SN.dat -> /Users/calum/Developer/Excelerator/dist/Excelerate.app/Contents/Resources/lib/python3.11/babel/locale-data/ff_Adlm_SN.dat
copying file /Users/calum/Developer/Excelerator/env/lib/python3.11/site-packages/babel/locale-data/fa.dat -> /Users/calum/Developer/Excelerator/dist/Excelerate.app/Contents/Resources/lib/python3.11/babel/locale-data/fa.dat
copying file /Users/calum/Developer/Excelerator/env/lib/python3.11/site-packages/babel/locale-data/ee_TG.dat -> /Users/calum/Developer/Excelerator/dist/Excelerate.app/Contents/Resources/lib/python3.11/babel/locale-data/ee_TG.dat
copying file /Users/calum/Developer/Excelerator/env/lib/python3.11/site-packages/babel/locale-data/da_DK.dat -> /Users/calum/Developer/Excelerator/dist/Excelerate.app/Contents/Resources/lib/python3.11/babel/locale-data/da_DK.dat
copying file /Users/calum/Developer/Excelerator/env/lib/python3.11/site-packages/babel/locale-data/sw.dat -> /Users/calum/Developer/Excelerator/dist/Excelerate.app/Contents/Resources/lib/python3.11/babel/locale-data/sw.dat
copying file /Users/calum/Developer/Excelerator/env/lib/python3.11/site-packages/babel/locale-data/pl.dat -> /Users/calum/Developer/Excelerator/dist/Excelerate.app/Contents/Resources/lib/python3.11/babel/locale-data/pl.dat
copying file /Users/calum/Developer/Excelerator/env/lib/python3.11/site-packages/babel/locale-data/fr_NE.dat -> /Users/calum/Developer/Excelerator/dist/Excelerate.app/Contents/Resources/lib/python3.11/babel/locale-data/fr_NE.dat
copying file /Users/calum/Developer/Excelerator/env/lib/python3.11/site-packages/babel/locale-data/yue_Hans.dat -> /Users/calum/Developer/Excelerator/dist/Excelerate.app/Contents/Resources/lib/python3.11/babel/locale-data/yue_Hans.dat
copying file /Users/calum/Developer/Excelerator/env/lib/python3.11/site-packages/babel/locale-data/fr_BF.dat -> /Users/calum/Developer/Excelerator/dist/Excelerate.app/Contents/Resources/lib/python3.11/babel/locale-data/fr_BF.dat
copying file /Users/calum/Developer/Excelerator/env/lib/python3.11/site-packages/babel/locale-data/mni.dat -> /Users/calum/Developer/Excelerator/dist/Excelerate.app/Contents/Resources/lib/python3.11/babel/locale-data/mni.dat
copying file /Users/calum/Developer/Excelerator/env/lib/python3.11/site-packages/babel/locale-data/kpe_GN.dat -> /Users/calum/Developer/Excelerator/dist/Excelerate.app/Contents/Resources/lib/python3.11/babel/locale-data/kpe_GN.dat
copying file /Users/calum/Developer/Excelerator/env/lib/python3.11/site-packages/babel/locale-data/cv_RU.dat -> /Users/calum/Developer/Excelerator/dist/Excelerate.app/Contents/Resources/lib/python3.11/babel/locale-data/cv_RU.dat
copying file /Users/calum/Developer/Excelerator/env/lib/python3.11/site-packages/babel/locale-data/fy_NL.dat -> /Users/calum/Developer/Excelerator/dist/Excelerate.app/Contents/Resources/lib/python3.11/babel/locale-data/fy_NL.dat
copying file /Users/calum/Developer/Excelerator/env/lib/python3.11/site-packages/babel/locale-data/lij_IT.dat -> /Users/calum/Developer/Excelerator/dist/Excelerate.app/Contents/Resources/lib/python3.11/babel/locale-data/lij_IT.dat
copying file /Users/calum/Developer/Excelerator/env/lib/python3.11/site-packages/babel/locale-data/bgn_IR.dat -> /Users/calum/Developer/Excelerator/dist/Excelerate.app/Contents/Resources/lib/python3.11/babel/locale-data/bgn_IR.dat
copying file /Users/calum/Developer/Excelerator/env/lib/python3.11/site-packages/babel/locale-data/kok.dat -> /Users/calum/Developer/Excelerator/dist/Excelerate.app/Contents/Resources/lib/python3.11/babel/locale-data/kok.dat
copying file /Users/calum/Developer/Excelerator/env/lib/python3.11/site-packages/babel/locale-data/tg_TJ.dat -> /Users/calum/Developer/Excelerator/dist/Excelerate.app/Contents/Resources/lib/python3.11/babel/locale-data/tg_TJ.dat
copying file /Users/calum/Developer/Excelerator/env/lib/python3.11/site-packages/babel/locale-data/ru_UA.dat -> /Users/calum/Developer/Excelerator/dist/Excelerate.app/Contents/Resources/lib/python3.11/babel/locale-data/ru_UA.dat
copying file /Users/calum/Developer/Excelerator/env/lib/python3.11/site-packages/babel/locale-data/ur_IN.dat -> /Users/calum/Developer/Excelerator/dist/Excelerate.app/Contents/Resources/lib/python3.11/babel/locale-data/ur_IN.dat
copying file /Users/calum/Developer/Excelerator/env/lib/python3.11/site-packages/babel/locale-data/sd_Deva_IN.dat -> /Users/calum/Developer/Excelerator/dist/Excelerate.app/Contents/Resources/lib/python3.11/babel/locale-data/sd_Deva_IN.dat
copying file /Users/calum/Developer/Excelerator/env/lib/python3.11/site-packages/babel/locale-data/ff_Latn_MR.dat -> /Users/calum/Developer/Excelerator/dist/Excelerate.app/Contents/Resources/lib/python3.11/babel/locale-data/ff_Latn_MR.dat
copying file /Users/calum/Developer/Excelerator/env/lib/python3.11/site-packages/babel/locale-data/ks_Arab_IN.dat -> /Users/calum/Developer/Excelerator/dist/Excelerate.app/Contents/Resources/lib/python3.11/babel/locale-data/ks_Arab_IN.dat
copying file /Users/calum/Developer/Excelerator/env/lib/python3.11/site-packages/babel/locale-data/bn_IN.dat -> /Users/calum/Developer/Excelerator/dist/Excelerate.app/Contents/Resources/lib/python3.11/babel/locale-data/bn_IN.dat
copying file /Users/calum/Developer/Excelerator/env/lib/python3.11/site-packages/babel/locale-data/en_MY.dat -> /Users/calum/Developer/Excelerator/dist/Excelerate.app/Contents/Resources/lib/python3.11/babel/locale-data/en_MY.dat
copying file /Users/calum/Developer/Excelerator/env/lib/python3.11/site-packages/babel/locale-data/pt_BR.dat -> /Users/calum/Developer/Excelerator/dist/Excelerate.app/Contents/Resources/lib/python3.11/babel/locale-data/pt_BR.dat
copying file /Users/calum/Developer/Excelerator/env/lib/python3.11/site-packages/babel/locale-data/sbp_TZ.dat -> /Users/calum/Developer/Excelerator/dist/Excelerate.app/Contents/Resources/lib/python3.11/babel/locale-data/sbp_TZ.dat
copying file /Users/calum/Developer/Excelerator/env/lib/python3.11/site-packages/babel/locale-data/pt_CV.dat -> /Users/calum/Developer/Excelerator/dist/Excelerate.app/Contents/Resources/lib/python3.11/babel/locale-data/pt_CV.dat
copying file /Users/calum/Developer/Excelerator/env/lib/python3.11/site-packages/babel/locale-data/nd_ZW.dat -> /Users/calum/Developer/Excelerator/dist/Excelerate.app/Contents/Resources/lib/python3.11/babel/locale-data/nd_ZW.dat
copying file /Users/calum/Developer/Excelerator/env/lib/python3.11/site-packages/babel/locale-data/en_NU.dat -> /Users/calum/Developer/Excelerator/dist/Excelerate.app/Contents/Resources/lib/python3.11/babel/locale-data/en_NU.dat
copying file /Users/calum/Developer/Excelerator/env/lib/python3.11/site-packages/babel/locale-data/kab.dat -> /Users/calum/Developer/Excelerator/dist/Excelerate.app/Contents/Resources/lib/python3.11/babel/locale-data/kab.dat
copying file /Users/calum/Developer/Excelerator/env/lib/python3.11/site-packages/babel/locale-data/rhg_Rohg.dat -> /Users/calum/Developer/Excelerator/dist/Excelerate.app/Contents/Resources/lib/python3.11/babel/locale-data/rhg_Rohg.dat
copying file /Users/calum/Developer/Excelerator/env/lib/python3.11/site-packages/babel/locale-data/sid_ET.dat -> /Users/calum/Developer/Excelerator/dist/Excelerate.app/Contents/Resources/lib/python3.11/babel/locale-data/sid_ET.dat
copying file /Users/calum/Developer/Excelerator/env/lib/python3.11/site-packages/babel/locale-data/lg_UG.dat -> /Users/calum/Developer/Excelerator/dist/Excelerate.app/Contents/Resources/lib/python3.11/babel/locale-data/lg_UG.dat
copying file /Users/calum/Developer/Excelerator/env/lib/python3.11/site-packages/babel/locale-data/mi_NZ.dat -> /Users/calum/Developer/Excelerator/dist/Excelerate.app/Contents/Resources/lib/python3.11/babel/locale-data/mi_NZ.dat
copying file /Users/calum/Developer/Excelerator/env/lib/python3.11/site-packages/babel/locale-data/seh.dat -> /Users/calum/Developer/Excelerator/dist/Excelerate.app/Contents/Resources/lib/python3.11/babel/locale-data/seh.dat
copying file /Users/calum/Developer/Excelerator/env/lib/python3.11/site-packages/babel/locale-data/mas.dat -> /Users/calum/Developer/Excelerator/dist/Excelerate.app/Contents/Resources/lib/python3.11/babel/locale-data/mas.dat
copying file /Users/calum/Developer/Excelerator/env/lib/python3.11/site-packages/babel/locale-data/kln_KE.dat -> /Users/calum/Developer/Excelerator/dist/Excelerate.app/Contents/Resources/lib/python3.11/babel/locale-data/kln_KE.dat
copying file /Users/calum/Developer/Excelerator/env/lib/python3.11/site-packages/babel/locale-data/su.dat -> /Users/calum/Developer/Excelerator/dist/Excelerate.app/Contents/Resources/lib/python3.11/babel/locale-data/su.dat
copying file /Users/calum/Developer/Excelerator/env/lib/python3.11/site-packages/babel/locale-data/eo.dat -> /Users/calum/Developer/Excelerator/dist/Excelerate.app/Contents/Resources/lib/python3.11/babel/locale-data/eo.dat
copying file /Users/calum/Developer/Excelerator/env/lib/python3.11/site-packages/babel/locale-data/ff_Adlm_SL.dat -> /Users/calum/Developer/Excelerator/dist/Excelerate.app/Contents/Resources/lib/python3.11/babel/locale-data/ff_Adlm_SL.dat
copying file /Users/calum/Developer/Excelerator/env/lib/python3.11/site-packages/babel/locale-data/tyv_RU.dat -> /Users/calum/Developer/Excelerator/dist/Excelerate.app/Contents/Resources/lib/python3.11/babel/locale-data/tyv_RU.dat
copying file /Users/calum/Developer/Excelerator/env/lib/python3.11/site-packages/babel/locale-data/mua.dat -> /Users/calum/Developer/Excelerator/dist/Excelerate.app/Contents/Resources/lib/python3.11/babel/locale-data/mua.dat
copying file /Users/calum/Developer/Excelerator/env/lib/python3.11/site-packages/babel/locale-data/ln_CF.dat -> /Users/calum/Developer/Excelerator/dist/Excelerate.app/Contents/Resources/lib/python3.11/babel/locale-data/ln_CF.dat
copying file /Users/calum/Developer/Excelerator/env/lib/python3.11/site-packages/babel/locale-data/os_RU.dat -> /Users/calum/Developer/Excelerator/dist/Excelerate.app/Contents/Resources/lib/python3.11/babel/locale-data/os_RU.dat
copying file /Users/calum/Developer/Excelerator/env/lib/python3.11/site-packages/babel/locale-data/mzn.dat -> /Users/calum/Developer/Excelerator/dist/Excelerate.app/Contents/Resources/lib/python3.11/babel/locale-data/mzn.dat
copying file /Users/calum/Developer/Excelerator/env/lib/python3.11/site-packages/babel/locale-data/ar_EH.dat -> /Users/calum/Developer/Excelerator/dist/Excelerate.app/Contents/Resources/lib/python3.11/babel/locale-data/ar_EH.dat
copying file /Users/calum/Developer/Excelerator/env/lib/python3.11/site-packages/babel/locale-data/ks.dat -> /Users/calum/Developer/Excelerator/dist/Excelerate.app/Contents/Resources/lib/python3.11/babel/locale-data/ks.dat
copying file /Users/calum/Developer/Excelerator/env/lib/python3.11/site-packages/babel/locale-data/es_BZ.dat -> /Users/calum/Developer/Excelerator/dist/Excelerate.app/Contents/Resources/lib/python3.11/babel/locale-data/es_BZ.dat
copying file /Users/calum/Developer/Excelerator/env/lib/python3.11/site-packages/babel/locale-data/de_CH.dat -> /Users/calum/Developer/Excelerator/dist/Excelerate.app/Contents/Resources/lib/python3.11/babel/locale-data/de_CH.dat
copying file /Users/calum/Developer/Excelerator/env/lib/python3.11/site-packages/babel/locale-data/hi.dat -> /Users/calum/Developer/Excelerator/dist/Excelerate.app/Contents/Resources/lib/python3.11/babel/locale-data/hi.dat
copying file /Users/calum/Developer/Excelerator/env/lib/python3.11/site-packages/babel/locale-data/sr_Cyrl_XK.dat -> /Users/calum/Developer/Excelerator/dist/Excelerate.app/Contents/Resources/lib/python3.11/babel/locale-data/sr_Cyrl_XK.dat
copying file /Users/calum/Developer/Excelerator/env/lib/python3.11/site-packages/babel/locale-data/jv.dat -> /Users/calum/Developer/Excelerator/dist/Excelerate.app/Contents/Resources/lib/python3.11/babel/locale-data/jv.dat
copying file /Users/calum/Developer/Excelerator/env/lib/python3.11/site-packages/babel/locale-data/ln_AO.dat -> /Users/calum/Developer/Excelerator/dist/Excelerate.app/Contents/Resources/lib/python3.11/babel/locale-data/ln_AO.dat
copying file /Users/calum/Developer/Excelerator/env/lib/python3.11/site-packages/babel/locale-data/kaj_NG.dat -> /Users/calum/Developer/Excelerator/dist/Excelerate.app/Contents/Resources/lib/python3.11/babel/locale-data/kaj_NG.dat
copying file /Users/calum/Developer/Excelerator/env/lib/python3.11/site-packages/babel/locale-data/ln_CG.dat -> /Users/calum/Developer/Excelerator/dist/Excelerate.app/Contents/Resources/lib/python3.11/babel/locale-data/ln_CG.dat
copying file /Users/calum/Developer/Excelerator/env/lib/python3.11/site-packages/babel/locale-data/ar_DZ.dat -> /Users/calum/Developer/Excelerator/dist/Excelerate.app/Contents/Resources/lib/python3.11/babel/locale-data/ar_DZ.dat
copying file /Users/calum/Developer/Excelerator/env/lib/python3.11/site-packages/babel/locale-data/ja.dat -> /Users/calum/Developer/Excelerator/dist/Excelerate.app/Contents/Resources/lib/python3.11/babel/locale-data/ja.dat
copying file /Users/calum/Developer/Excelerator/env/lib/python3.11/site-packages/babel/locale-data/mus_US.dat -> /Users/calum/Developer/Excelerator/dist/Excelerate.app/Contents/Resources/lib/python3.11/babel/locale-data/mus_US.dat
copying file /Users/calum/Developer/Excelerator/env/lib/python3.11/site-packages/babel/locale-data/dje_NE.dat -> /Users/calum/Developer/Excelerator/dist/Excelerate.app/Contents/Resources/lib/python3.11/babel/locale-data/dje_NE.dat
copying file /Users/calum/Developer/Excelerator/env/lib/python3.11/site-packages/babel/locale-data/bal_Arab_PK.dat -> /Users/calum/Developer/Excelerator/dist/Excelerate.app/Contents/Resources/lib/python3.11/babel/locale-data/bal_Arab_PK.dat
copying file /Users/calum/Developer/Excelerator/env/lib/python3.11/site-packages/babel/locale-data/tyv.dat -> /Users/calum/Developer/Excelerator/dist/Excelerate.app/Contents/Resources/lib/python3.11/babel/locale-data/tyv.dat
copying file /Users/calum/Developer/Excelerator/env/lib/python3.11/site-packages/babel/locale-data/tzm.dat -> /Users/calum/Developer/Excelerator/dist/Excelerate.app/Contents/Resources/lib/python3.11/babel/locale-data/tzm.dat
copying file /Users/calum/Developer/Excelerator/env/lib/python3.11/site-packages/babel/locale-data/en.dat -> /Users/calum/Developer/Excelerator/dist/Excelerate.app/Contents/Resources/lib/python3.11/babel/locale-data/en.dat
copying file /Users/calum/Developer/Excelerator/env/lib/python3.11/site-packages/babel/locale-data/xnr.dat -> /Users/calum/Developer/Excelerator/dist/Excelerate.app/Contents/Resources/lib/python3.11/babel/locale-data/xnr.dat
copying file /Users/calum/Developer/Excelerator/env/lib/python3.11/site-packages/babel/locale-data/st.dat -> /Users/calum/Developer/Excelerator/dist/Excelerate.app/Contents/Resources/lib/python3.11/babel/locale-data/st.dat
copying file /Users/calum/Developer/Excelerator/env/lib/python3.11/site-packages/babel/locale-data/pa_Guru_IN.dat -> /Users/calum/Developer/Excelerator/dist/Excelerate.app/Contents/Resources/lib/python3.11/babel/locale-data/pa_Guru_IN.dat
copying file /Users/calum/Developer/Excelerator/env/lib/python3.11/site-packages/babel/locale-data/ff_Adlm_GH.dat -> /Users/calum/Developer/Excelerator/dist/Excelerate.app/Contents/Resources/lib/python3.11/babel/locale-data/ff_Adlm_GH.dat
copying file /Users/calum/Developer/Excelerator/env/lib/python3.11/site-packages/babel/locale-data/shn_MM.dat -> /Users/calum/Developer/Excelerator/dist/Excelerate.app/Contents/Resources/lib/python3.11/babel/locale-data/shn_MM.dat
copying file /Users/calum/Developer/Excelerator/env/lib/python3.11/site-packages/babel/locale-data/shn.dat -> /Users/calum/Developer/Excelerator/dist/Excelerate.app/Contents/Resources/lib/python3.11/babel/locale-data/shn.dat
copying file /Users/calum/Developer/Excelerator/env/lib/python3.11/site-packages/babel/locale-data/sc.dat -> /Users/calum/Developer/Excelerator/dist/Excelerate.app/Contents/Resources/lib/python3.11/babel/locale-data/sc.dat
copying file /Users/calum/Developer/Excelerator/env/lib/python3.11/site-packages/babel/locale-data/ar_SS.dat -> /Users/calum/Developer/Excelerator/dist/Excelerate.app/Contents/Resources/lib/python3.11/babel/locale-data/ar_SS.dat
copying file /Users/calum/Developer/Excelerator/env/lib/python3.11/site-packages/babel/locale-data/scn_IT.dat -> /Users/calum/Developer/Excelerator/dist/Excelerate.app/Contents/Resources/lib/python3.11/babel/locale-data/scn_IT.dat
copying file /Users/calum/Developer/Excelerator/env/lib/python3.11/site-packages/babel/locale-data/ar_SD.dat -> /Users/calum/Developer/Excelerator/dist/Excelerate.app/Contents/Resources/lib/python3.11/babel/locale-data/ar_SD.dat
copying file /Users/calum/Developer/Excelerator/env/lib/python3.11/site-packages/babel/locale-data/fr_CA.dat -> /Users/calum/Developer/Excelerator/dist/Excelerate.app/Contents/Resources/lib/python3.11/babel/locale-data/fr_CA.dat
copying file /Users/calum/Developer/Excelerator/env/lib/python3.11/site-packages/babel/locale-data/es_US.dat -> /Users/calum/Developer/Excelerator/dist/Excelerate.app/Contents/Resources/lib/python3.11/babel/locale-data/es_US.dat
copying file /Users/calum/Developer/Excelerator/env/lib/python3.11/site-packages/babel/locale-data/fr_BE.dat -> /Users/calum/Developer/Excelerator/dist/Excelerate.app/Contents/Resources/lib/python3.11/babel/locale-data/fr_BE.dat
copying file /Users/calum/Developer/Excelerator/env/lib/python3.11/site-packages/babel/locale-data/kea_CV.dat -> /Users/calum/Developer/Excelerator/dist/Excelerate.app/Contents/Resources/lib/python3.11/babel/locale-data/kea_CV.dat
copying file /Users/calum/Developer/Excelerator/env/lib/python3.11/site-packages/babel/locale-data/en_BW.dat -> /Users/calum/Developer/Excelerator/dist/Excelerate.app/Contents/Resources/lib/python3.11/babel/locale-data/en_BW.dat
copying file /Users/calum/Developer/Excelerator/env/lib/python3.11/site-packages/babel/locale-data/sv_FI.dat -> /Users/calum/Developer/Excelerator/dist/Excelerate.app/Contents/Resources/lib/python3.11/babel/locale-data/sv_FI.dat
copying file /Users/calum/Developer/Excelerator/env/lib/python3.11/site-packages/babel/locale-data/en_MO.dat -> /Users/calum/Developer/Excelerator/dist/Excelerate.app/Contents/Resources/lib/python3.11/babel/locale-data/en_MO.dat
copying file /Users/calum/Developer/Excelerator/env/lib/python3.11/site-packages/babel/locale-data/mni_Beng_IN.dat -> /Users/calum/Developer/Excelerator/dist/Excelerate.app/Contents/Resources/lib/python3.11/babel/locale-data/mni_Beng_IN.dat
copying file /Users/calum/Developer/Excelerator/env/lib/python3.11/site-packages/babel/locale-data/wa_BE.dat -> /Users/calum/Developer/Excelerator/dist/Excelerate.app/Contents/Resources/lib/python3.11/babel/locale-data/wa_BE.dat
copying file /Users/calum/Developer/Excelerator/env/lib/python3.11/site-packages/babel/locale-data/kxv.dat -> /Users/calum/Developer/Excelerator/dist/Excelerate.app/Contents/Resources/lib/python3.11/babel/locale-data/kxv.dat
copying file /Users/calum/Developer/Excelerator/env/lib/python3.11/site-packages/babel/locale-data/zh_Hans_MO.dat -> /Users/calum/Developer/Excelerator/dist/Excelerate.app/Contents/Resources/lib/python3.11/babel/locale-data/zh_Hans_MO.dat
copying file /Users/calum/Developer/Excelerator/env/lib/python3.11/site-packages/babel/locale-data/gl_ES.dat -> /Users/calum/Developer/Excelerator/dist/Excelerate.app/Contents/Resources/lib/python3.11/babel/locale-data/gl_ES.dat
copying file /Users/calum/Developer/Excelerator/env/lib/python3.11/site-packages/babel/locale-data/kxv_Orya.dat -> /Users/calum/Developer/Excelerator/dist/Excelerate.app/Contents/Resources/lib/python3.11/babel/locale-data/kxv_Orya.dat
copying file /Users/calum/Developer/Excelerator/env/lib/python3.11/site-packages/babel/locale-data/en_TZ.dat -> /Users/calum/Developer/Excelerator/dist/Excelerate.app/Contents/Resources/lib/python3.11/babel/locale-data/en_TZ.dat
copying file /Users/calum/Developer/Excelerator/env/lib/python3.11/site-packages/babel/locale-data/sv_SE.dat -> /Users/calum/Developer/Excelerator/dist/Excelerate.app/Contents/Resources/lib/python3.11/babel/locale-data/sv_SE.dat
copying file /Users/calum/Developer/Excelerator/env/lib/python3.11/site-packages/babel/locale-data/kcg_NG.dat -> /Users/calum/Developer/Excelerator/dist/Excelerate.app/Contents/Resources/lib/python3.11/babel/locale-data/kcg_NG.dat
copying file /Users/calum/Developer/Excelerator/env/lib/python3.11/site-packages/babel/locale-data/ff_Latn_BF.dat -> /Users/calum/Developer/Excelerator/dist/Excelerate.app/Contents/Resources/lib/python3.11/babel/locale-data/ff_Latn_BF.dat
copying file /Users/calum/Developer/Excelerator/env/lib/python3.11/site-packages/babel/locale-data/en_US.dat -> /Users/calum/Developer/Excelerator/dist/Excelerate.app/Contents/Resources/lib/python3.11/babel/locale-data/en_US.dat
copying file /Users/calum/Developer/Excelerator/env/lib/python3.11/site-packages/babel/locale-data/ff_Latn_NE.dat -> /Users/calum/Developer/Excelerator/dist/Excelerate.app/Contents/Resources/lib/python3.11/babel/locale-data/ff_Latn_NE.dat
copying file /Users/calum/Developer/Excelerator/env/lib/python3.11/site-packages/babel/locale-data/ccp_BD.dat -> /Users/calum/Developer/Excelerator/dist/Excelerate.app/Contents/Resources/lib/python3.11/babel/locale-data/ccp_BD.dat
copying file /Users/calum/Developer/Excelerator/env/lib/python3.11/site-packages/babel/locale-data/ii_CN.dat -> /Users/calum/Developer/Excelerator/dist/Excelerate.app/Contents/Resources/lib/python3.11/babel/locale-data/ii_CN.dat
copying file /Users/calum/Developer/Excelerator/env/lib/python3.11/site-packages/babel/locale-data/en_MU.dat -> /Users/calum/Developer/Excelerator/dist/Excelerate.app/Contents/Resources/lib/python3.11/babel/locale-data/en_MU.dat
copying file /Users/calum/Developer/Excelerator/env/lib/python3.11/site-packages/babel/locale-data/kab_DZ.dat -> /Users/calum/Developer/Excelerator/dist/Excelerate.app/Contents/Resources/lib/python3.11/babel/locale-data/kab_DZ.dat
copying file /Users/calum/Developer/Excelerator/env/lib/python3.11/site-packages/babel/locale-data/sr_Latn_RS.dat -> /Users/calum/Developer/Excelerator/dist/Excelerate.app/Contents/Resources/lib/python3.11/babel/locale-data/sr_Latn_RS.dat
copying file /Users/calum/Developer/Excelerator/env/lib/python3.11/site-packages/babel/locale-data/nso.dat -> /Users/calum/Developer/Excelerator/dist/Excelerate.app/Contents/Resources/lib/python3.11/babel/locale-data/nso.dat
copying file /Users/calum/Developer/Excelerator/env/lib/python3.11/site-packages/babel/locale-data/az_Cyrl_AZ.dat -> /Users/calum/Developer/Excelerator/dist/Excelerate.app/Contents/Resources/lib/python3.11/babel/locale-data/az_Cyrl_AZ.dat
copying file /Users/calum/Developer/Excelerator/env/lib/python3.11/site-packages/babel/locale-data/en_BM.dat -> /Users/calum/Developer/Excelerator/dist/Excelerate.app/Contents/Resources/lib/python3.11/babel/locale-data/en_BM.dat
copying file /Users/calum/Developer/Excelerator/env/lib/python3.11/site-packages/babel/locale-data/pt_LU.dat -> /Users/calum/Developer/Excelerator/dist/Excelerate.app/Contents/Resources/lib/python3.11/babel/locale-data/pt_LU.dat
copying file /Users/calum/Developer/Excelerator/env/lib/python3.11/site-packages/babel/locale-data/en_BZ.dat -> /Users/calum/Developer/Excelerator/dist/Excelerate.app/Contents/Resources/lib/python3.11/babel/locale-data/en_BZ.dat
copying file /Users/calum/Developer/Excelerator/env/lib/python3.11/site-packages/babel/locale-data/ses.dat -> /Users/calum/Developer/Excelerator/dist/Excelerate.app/Contents/Resources/lib/python3.11/babel/locale-data/ses.dat
copying file /Users/calum/Developer/Excelerator/env/lib/python3.11/site-packages/babel/locale-data/es_VE.dat -> /Users/calum/Developer/Excelerator/dist/Excelerate.app/Contents/Resources/lib/python3.11/babel/locale-data/es_VE.dat
copying file /Users/calum/Developer/Excelerator/env/lib/python3.11/site-packages/babel/locale-data/ha_Arab_NG.dat -> /Users/calum/Developer/Excelerator/dist/Excelerate.app/Contents/Resources/lib/python3.11/babel/locale-data/ha_Arab_NG.dat
copying file /Users/calum/Developer/Excelerator/env/lib/python3.11/site-packages/babel/locale-data/ar_QA.dat -> /Users/calum/Developer/Excelerator/dist/Excelerate.app/Contents/Resources/lib/python3.11/babel/locale-data/ar_QA.dat
copying file /Users/calum/Developer/Excelerator/env/lib/python3.11/site-packages/babel/locale-data/sn.dat -> /Users/calum/Developer/Excelerator/dist/Excelerate.app/Contents/Resources/lib/python3.11/babel/locale-data/sn.dat
copying file /Users/calum/Developer/Excelerator/env/lib/python3.11/site-packages/babel/locale-data/fr_MG.dat -> /Users/calum/Developer/Excelerator/dist/Excelerate.app/Contents/Resources/lib/python3.11/babel/locale-data/fr_MG.dat
copying file /Users/calum/Developer/Excelerator/env/lib/python3.11/site-packages/babel/locale-data/es_MX.dat -> /Users/calum/Developer/Excelerator/dist/Excelerate.app/Contents/Resources/lib/python3.11/babel/locale-data/es_MX.dat
copying file /Users/calum/Developer/Excelerator/env/lib/python3.11/site-packages/babel/locale-data/et.dat -> /Users/calum/Developer/Excelerator/dist/Excelerate.app/Contents/Resources/lib/python3.11/babel/locale-data/et.dat
copying file /Users/calum/Developer/Excelerator/env/lib/python3.11/site-packages/babel/locale-data/fo.dat -> /Users/calum/Developer/Excelerator/dist/Excelerate.app/Contents/Resources/lib/python3.11/babel/locale-data/fo.dat
copying file /Users/calum/Developer/Excelerator/env/lib/python3.11/site-packages/babel/locale-data/ckb_IR.dat -> /Users/calum/Developer/Excelerator/dist/Excelerate.app/Contents/Resources/lib/python3.11/babel/locale-data/ckb_IR.dat
copying file /Users/calum/Developer/Excelerator/env/lib/python3.11/site-packages/babel/locale-data/es_CR.dat -> /Users/calum/Developer/Excelerator/dist/Excelerate.app/Contents/Resources/lib/python3.11/babel/locale-data/es_CR.dat
copying file /Users/calum/Developer/Excelerator/env/lib/python3.11/site-packages/babel/locale-data/ia.dat -> /Users/calum/Developer/Excelerator/dist/Excelerate.app/Contents/Resources/lib/python3.11/babel/locale-data/ia.dat
copying file /Users/calum/Developer/Excelerator/env/lib/python3.11/site-packages/babel/locale-data/he.dat -> /Users/calum/Developer/Excelerator/dist/Excelerate.app/Contents/Resources/lib/python3.11/babel/locale-data/he.dat
copying file /Users/calum/Developer/Excelerator/env/lib/python3.11/site-packages/babel/locale-data/fr_TD.dat -> /Users/calum/Developer/Excelerator/dist/Excelerate.app/Contents/Resources/lib/python3.11/babel/locale-data/fr_TD.dat
copying file /Users/calum/Developer/Excelerator/env/lib/python3.11/site-packages/babel/locale-data/ta_IN.dat -> /Users/calum/Developer/Excelerator/dist/Excelerate.app/Contents/Resources/lib/python3.11/babel/locale-data/ta_IN.dat
copying file /Users/calum/Developer/Excelerator/env/lib/python3.11/site-packages/babel/locale-data/ar_ER.dat -> /Users/calum/Developer/Excelerator/dist/Excelerate.app/Contents/Resources/lib/python3.11/babel/locale-data/ar_ER.dat
copying file /Users/calum/Developer/Excelerator/env/lib/python3.11/site-packages/babel/locale-data/twq.dat -> /Users/calum/Developer/Excelerator/dist/Excelerate.app/Contents/Resources/lib/python3.11/babel/locale-data/twq.dat
copying file /Users/calum/Developer/Excelerator/env/lib/python3.11/site-packages/babel/locale-data/hr.dat -> /Users/calum/Developer/Excelerator/dist/Excelerate.app/Contents/Resources/lib/python3.11/babel/locale-data/hr.dat
copying file /Users/calum/Developer/Excelerator/env/lib/python3.11/site-packages/babel/locale-data/ki.dat -> /Users/calum/Developer/Excelerator/dist/Excelerate.app/Contents/Resources/lib/python3.11/babel/locale-data/ki.dat
copying file /Users/calum/Developer/Excelerator/env/lib/python3.11/site-packages/babel/locale-data/fy.dat -> /Users/calum/Developer/Excelerator/dist/Excelerate.app/Contents/Resources/lib/python3.11/babel/locale-data/fy.dat
copying file /Users/calum/Developer/Excelerator/env/lib/python3.11/site-packages/babel/locale-data/ksh_DE.dat -> /Users/calum/Developer/Excelerator/dist/Excelerate.app/Contents/Resources/lib/python3.11/babel/locale-data/ksh_DE.dat
copying file /Users/calum/Developer/Excelerator/env/lib/python3.11/site-packages/babel/locale-data/ks_Arab.dat -> /Users/calum/Developer/Excelerator/dist/Excelerate.app/Contents/Resources/lib/python3.11/babel/locale-data/ks_Arab.dat
copying file /Users/calum/Developer/Excelerator/env/lib/python3.11/site-packages/babel/locale-data/shi_Tfng.dat -> /Users/calum/Developer/Excelerator/dist/Excelerate.app/Contents/Resources/lib/python3.11/babel/locale-data/shi_Tfng.dat
copying file /Users/calum/Developer/Excelerator/env/lib/python3.11/site-packages/babel/locale-data/ar_IQ.dat -> /Users/calum/Developer/Excelerator/dist/Excelerate.app/Contents/Resources/lib/python3.11/babel/locale-data/ar_IQ.dat
copying file /Users/calum/Developer/Excelerator/env/lib/python3.11/site-packages/babel/locale-data/vai.dat -> /Users/calum/Developer/Excelerator/dist/Excelerate.app/Contents/Resources/lib/python3.11/babel/locale-data/vai.dat
copying file /Users/calum/Developer/Excelerator/env/lib/python3.11/site-packages/babel/locale-data/fr_YT.dat -> /Users/calum/Developer/Excelerator/dist/Excelerate.app/Contents/Resources/lib/python3.11/babel/locale-data/fr_YT.dat
copying file /Users/calum/Developer/Excelerator/env/lib/python3.11/site-packages/babel/locale-data/eu.dat -> /Users/calum/Developer/Excelerator/dist/Excelerate.app/Contents/Resources/lib/python3.11/babel/locale-data/eu.dat
copying file /Users/calum/Developer/Excelerator/env/lib/python3.11/site-packages/babel/locale-data/fr_MF.dat -> /Users/calum/Developer/Excelerator/dist/Excelerate.app/Contents/Resources/lib/python3.11/babel/locale-data/fr_MF.dat
copying file /Users/calum/Developer/Excelerator/env/lib/python3.11/site-packages/babel/locale-data/jv_ID.dat -> /Users/calum/Developer/Excelerator/dist/Excelerate.app/Contents/Resources/lib/python3.11/babel/locale-data/jv_ID.dat
copying file /Users/calum/Developer/Excelerator/env/lib/python3.11/site-packages/babel/locale-data/jgo.dat -> /Users/calum/Developer/Excelerator/dist/Excelerate.app/Contents/Resources/lib/python3.11/babel/locale-data/jgo.dat
copying file /Users/calum/Developer/Excelerator/env/lib/python3.11/site-packages/babel/locale-data/mzn_IR.dat -> /Users/calum/Developer/Excelerator/dist/Excelerate.app/Contents/Resources/lib/python3.11/babel/locale-data/mzn_IR.dat
copying file /Users/calum/Developer/Excelerator/env/lib/python3.11/site-packages/babel/locale-data/mai.dat -> /Users/calum/Developer/Excelerator/dist/Excelerate.app/Contents/Resources/lib/python3.11/babel/locale-data/mai.dat
copying file /Users/calum/Developer/Excelerator/env/lib/python3.11/site-packages/babel/locale-data/fr_MQ.dat -> /Users/calum/Developer/Excelerator/dist/Excelerate.app/Contents/Resources/lib/python3.11/babel/locale-data/fr_MQ.dat
copying file /Users/calum/Developer/Excelerator/env/lib/python3.11/site-packages/babel/locale-data/brx_IN.dat -> /Users/calum/Developer/Excelerator/dist/Excelerate.app/Contents/Resources/lib/python3.11/babel/locale-data/brx_IN.dat
copying file /Users/calum/Developer/Excelerator/env/lib/python3.11/site-packages/babel/locale-data/pt.dat -> /Users/calum/Developer/Excelerator/dist/Excelerate.app/Contents/Resources/lib/python3.11/babel/locale-data/pt.dat
copying file /Users/calum/Developer/Excelerator/env/lib/python3.11/site-packages/babel/locale-data/so.dat -> /Users/calum/Developer/Excelerator/dist/Excelerate.app/Contents/Resources/lib/python3.11/babel/locale-data/so.dat
copying file /Users/calum/Developer/Excelerator/env/lib/python3.11/site-packages/babel/locale-data/fr_LU.dat -> /Users/calum/Developer/Excelerator/dist/Excelerate.app/Contents/Resources/lib/python3.11/babel/locale-data/fr_LU.dat
copying file /Users/calum/Developer/Excelerator/env/lib/python3.11/site-packages/babel/locale-data/fr_BI.dat -> /Users/calum/Developer/Excelerator/dist/Excelerate.app/Contents/Resources/lib/python3.11/babel/locale-data/fr_BI.dat
copying file /Users/calum/Developer/Excelerator/env/lib/python3.11/site-packages/babel/locale-data/ar_PS.dat -> /Users/calum/Developer/Excelerator/dist/Excelerate.app/Contents/Resources/lib/python3.11/babel/locale-data/ar_PS.dat
copying file /Users/calum/Developer/Excelerator/env/lib/python3.11/site-packages/babel/locale-data/fr_CM.dat -> /Users/calum/Developer/Excelerator/dist/Excelerate.app/Contents/Resources/lib/python3.11/babel/locale-data/fr_CM.dat
copying file /Users/calum/Developer/Excelerator/env/lib/python3.11/site-packages/babel/locale-data/rof.dat -> /Users/calum/Developer/Excelerator/dist/Excelerate.app/Contents/Resources/lib/python3.11/babel/locale-data/rof.dat
copying file /Users/calum/Developer/Excelerator/env/lib/python3.11/site-packages/babel/locale-data/eu_ES.dat -> /Users/calum/Developer/Excelerator/dist/Excelerate.app/Contents/Resources/lib/python3.11/babel/locale-data/eu_ES.dat
copying file /Users/calum/Developer/Excelerator/env/lib/python3.11/site-packages/babel/locale-data/raj_IN.dat -> /Users/calum/Developer/Excelerator/dist/Excelerate.app/Contents/Resources/lib/python3.11/babel/locale-data/raj_IN.dat
copying file /Users/calum/Developer/Excelerator/env/lib/python3.11/site-packages/babel/locale-data/kcg.dat -> /Users/calum/Developer/Excelerator/dist/Excelerate.app/Contents/Resources/lib/python3.11/babel/locale-data/kcg.dat
copying file /Users/calum/Developer/Excelerator/env/lib/python3.11/site-packages/babel/locale-data/en_CH.dat -> /Users/calum/Developer/Excelerator/dist/Excelerate.app/Contents/Resources/lib/python3.11/babel/locale-data/en_CH.dat
copying file /Users/calum/Developer/Excelerator/env/lib/python3.11/site-packages/babel/locale-data/sdh_IQ.dat -> /Users/calum/Developer/Excelerator/dist/Excelerate.app/Contents/Resources/lib/python3.11/babel/locale-data/sdh_IQ.dat
copying file /Users/calum/Developer/Excelerator/env/lib/python3.11/site-packages/babel/locale-data/cch_NG.dat -> /Users/calum/Developer/Excelerator/dist/Excelerate.app/Contents/Resources/lib/python3.11/babel/locale-data/cch_NG.dat
copying file /Users/calum/Developer/Excelerator/env/lib/python3.11/site-packages/babel/locale-data/en_MT.dat -> /Users/calum/Developer/Excelerator/dist/Excelerate.app/Contents/Resources/lib/python3.11/babel/locale-data/en_MT.dat
copying file /Users/calum/Developer/Excelerator/env/lib/python3.11/site-packages/babel/locale-data/id_ID.dat -> /Users/calum/Developer/Excelerator/dist/Excelerate.app/Contents/Resources/lib/python3.11/babel/locale-data/id_ID.dat
copying file /Users/calum/Developer/Excelerator/env/lib/python3.11/site-packages/babel/locale-data/en_VI.dat -> /Users/calum/Developer/Excelerator/dist/Excelerate.app/Contents/Resources/lib/python3.11/babel/locale-data/en_VI.dat
copying file /Users/calum/Developer/Excelerator/env/lib/python3.11/site-packages/babel/locale-data/en_TV.dat -> /Users/calum/Developer/Excelerator/dist/Excelerate.app/Contents/Resources/lib/python3.11/babel/locale-data/en_TV.dat
copying file /Users/calum/Developer/Excelerator/env/lib/python3.11/site-packages/babel/locale-data/mt_MT.dat -> /Users/calum/Developer/Excelerator/dist/Excelerate.app/Contents/Resources/lib/python3.11/babel/locale-data/mt_MT.dat
copying file /Users/calum/Developer/Excelerator/env/lib/python3.11/site-packages/babel/locale-data/rof_TZ.dat -> /Users/calum/Developer/Excelerator/dist/Excelerate.app/Contents/Resources/lib/python3.11/babel/locale-data/rof_TZ.dat
copying file /Users/calum/Developer/Excelerator/env/lib/python3.11/site-packages/babel/locale-data/en_TT.dat -> /Users/calum/Developer/Excelerator/dist/Excelerate.app/Contents/Resources/lib/python3.11/babel/locale-data/en_TT.dat
copying file /Users/calum/Developer/Excelerator/env/lib/python3.11/site-packages/babel/locale-data/en_UG.dat -> /Users/calum/Developer/Excelerator/dist/Excelerate.app/Contents/Resources/lib/python3.11/babel/locale-data/en_UG.dat
copying file /Users/calum/Developer/Excelerator/env/lib/python3.11/site-packages/babel/locale-data/pis_SB.dat -> /Users/calum/Developer/Excelerator/dist/Excelerate.app/Contents/Resources/lib/python3.11/babel/locale-data/pis_SB.dat
copying file /Users/calum/Developer/Excelerator/env/lib/python3.11/site-packages/babel/locale-data/yue_Hans_CN.dat -> /Users/calum/Developer/Excelerator/dist/Excelerate.app/Contents/Resources/lib/python3.11/babel/locale-data/yue_Hans_CN.dat
copying file /Users/calum/Developer/Excelerator/env/lib/python3.11/site-packages/babel/locale-data/en_TC.dat -> /Users/calum/Developer/Excelerator/dist/Excelerate.app/Contents/Resources/lib/python3.11/babel/locale-data/en_TC.dat
copying file /Users/calum/Developer/Excelerator/env/lib/python3.11/site-packages/babel/locale-data/bew_ID.dat -> /Users/calum/Developer/Excelerator/dist/Excelerate.app/Contents/Resources/lib/python3.11/babel/locale-data/bew_ID.dat
copying file /Users/calum/Developer/Excelerator/env/lib/python3.11/site-packages/babel/locale-data/ewo.dat -> /Users/calum/Developer/Excelerator/dist/Excelerate.app/Contents/Resources/lib/python3.11/babel/locale-data/ewo.dat
copying file /Users/calum/Developer/Excelerator/env/lib/python3.11/site-packages/babel/locale-data/en_MV.dat -> /Users/calum/Developer/Excelerator/dist/Excelerate.app/Contents/Resources/lib/python3.11/babel/locale-data/en_MV.dat
copying file /Users/calum/Developer/Excelerator/env/lib/python3.11/site-packages/babel/locale-data/kl_GL.dat -> /Users/calum/Developer/Excelerator/dist/Excelerate.app/Contents/Resources/lib/python3.11/babel/locale-data/kl_GL.dat
copying file /Users/calum/Developer/Excelerator/env/lib/python3.11/site-packages/babel/locale-data/en_LR.dat -> /Users/calum/Developer/Excelerator/dist/Excelerate.app/Contents/Resources/lib/python3.11/babel/locale-data/en_LR.dat
copying file /Users/calum/Developer/Excelerator/env/lib/python3.11/site-packages/babel/locale-data/en_NZ.dat -> /Users/calum/Developer/Excelerator/dist/Excelerate.app/Contents/Resources/lib/python3.11/babel/locale-data/en_NZ.dat
copying file /Users/calum/Developer/Excelerator/env/lib/python3.11/site-packages/babel/locale-data/mk_MK.dat -> /Users/calum/Developer/Excelerator/dist/Excelerate.app/Contents/Resources/lib/python3.11/babel/locale-data/mk_MK.dat
copying file /Users/calum/Developer/Excelerator/env/lib/python3.11/site-packages/babel/locale-data/en_AU.dat -> /Users/calum/Developer/Excelerator/dist/Excelerate.app/Contents/Resources/lib/python3.11/babel/locale-data/en_AU.dat
copying file /Users/calum/Developer/Excelerator/env/lib/python3.11/site-packages/babel/locale-data/kam.dat -> /Users/calum/Developer/Excelerator/dist/Excelerate.app/Contents/Resources/lib/python3.11/babel/locale-data/kam.dat
copying file /Users/calum/Developer/Excelerator/env/lib/python3.11/site-packages/babel/locale-data/trw_PK.dat -> /Users/calum/Developer/Excelerator/dist/Excelerate.app/Contents/Resources/lib/python3.11/babel/locale-data/trw_PK.dat
copying file /Users/calum/Developer/Excelerator/env/lib/python3.11/site-packages/babel/locale-data/bho_IN.dat -> /Users/calum/Developer/Excelerator/dist/Excelerate.app/Contents/Resources/lib/python3.11/babel/locale-data/bho_IN.dat
copying file /Users/calum/Developer/Excelerator/env/lib/python3.11/site-packages/babel/locale-data/sk_SK.dat -> /Users/calum/Developer/Excelerator/dist/Excelerate.app/Contents/Resources/lib/python3.11/babel/locale-data/sk_SK.dat
copying file /Users/calum/Developer/Excelerator/env/lib/python3.11/site-packages/babel/locale-data/syr_IQ.dat -> /Users/calum/Developer/Excelerator/dist/Excelerate.app/Contents/Resources/lib/python3.11/babel/locale-data/syr_IQ.dat
copying file /Users/calum/Developer/Excelerator/env/lib/python3.11/site-packages/babel/locale-data/qu_EC.dat -> /Users/calum/Developer/Excelerator/dist/Excelerate.app/Contents/Resources/lib/python3.11/babel/locale-data/qu_EC.dat
copying file /Users/calum/Developer/Excelerator/env/lib/python3.11/site-packages/babel/locale-data/cad.dat -> /Users/calum/Developer/Excelerator/dist/Excelerate.app/Contents/Resources/lib/python3.11/babel/locale-data/cad.dat
copying file /Users/calum/Developer/Excelerator/env/lib/python3.11/site-packages/babel/locale-data/gv_IM.dat -> /Users/calum/Developer/Excelerator/dist/Excelerate.app/Contents/Resources/lib/python3.11/babel/locale-data/gv_IM.dat
copying file /Users/calum/Developer/Excelerator/env/lib/python3.11/site-packages/babel/locale-data/vun.dat -> /Users/calum/Developer/Excelerator/dist/Excelerate.app/Contents/Resources/lib/python3.11/babel/locale-data/vun.dat
copying file /Users/calum/Developer/Excelerator/env/lib/python3.11/site-packages/babel/locale-data/wae_CH.dat -> /Users/calum/Developer/Excelerator/dist/Excelerate.app/Contents/Resources/lib/python3.11/babel/locale-data/wae_CH.dat
copying file /Users/calum/Developer/Excelerator/env/lib/python3.11/site-packages/babel/locale-data/gn_PY.dat -> /Users/calum/Developer/Excelerator/dist/Excelerate.app/Contents/Resources/lib/python3.11/babel/locale-data/gn_PY.dat
copying file /Users/calum/Developer/Excelerator/env/lib/python3.11/site-packages/babel/locale-data/pa.dat -> /Users/calum/Developer/Excelerator/dist/Excelerate.app/Contents/Resources/lib/python3.11/babel/locale-data/pa.dat
copying file /Users/calum/Developer/Excelerator/env/lib/python3.11/site-packages/babel/locale-data/sid.dat -> /Users/calum/Developer/Excelerator/dist/Excelerate.app/Contents/Resources/lib/python3.11/babel/locale-data/sid.dat
copying file /Users/calum/Developer/Excelerator/env/lib/python3.11/site-packages/babel/locale-data/sma_SE.dat -> /Users/calum/Developer/Excelerator/dist/Excelerate.app/Contents/Resources/lib/python3.11/babel/locale-data/sma_SE.dat
copying file /Users/calum/Developer/Excelerator/env/lib/python3.11/site-packages/babel/locale-data/dje.dat -> /Users/calum/Developer/Excelerator/dist/Excelerate.app/Contents/Resources/lib/python3.11/babel/locale-data/dje.dat
copying file /Users/calum/Developer/Excelerator/env/lib/python3.11/site-packages/babel/locale-data/bm_Nkoo.dat -> /Users/calum/Developer/Excelerator/dist/Excelerate.app/Contents/Resources/lib/python3.11/babel/locale-data/bm_Nkoo.dat
copying file /Users/calum/Developer/Excelerator/env/lib/python3.11/site-packages/babel/locale-data/de_LI.dat -> /Users/calum/Developer/Excelerator/dist/Excelerate.app/Contents/Resources/lib/python3.11/babel/locale-data/de_LI.dat
copying file /Users/calum/Developer/Excelerator/env/lib/python3.11/site-packages/babel/locale-data/it_VA.dat -> /Users/calum/Developer/Excelerator/dist/Excelerate.app/Contents/Resources/lib/python3.11/babel/locale-data/it_VA.dat
copying file /Users/calum/Developer/Excelerator/env/lib/python3.11/site-packages/babel/locale-data/ckb_IQ.dat -> /Users/calum/Developer/Excelerator/dist/Excelerate.app/Contents/Resources/lib/python3.11/babel/locale-data/ckb_IQ.dat
copying file /Users/calum/Developer/Excelerator/env/lib/python3.11/site-packages/babel/locale-data/it.dat -> /Users/calum/Developer/Excelerator/dist/Excelerate.app/Contents/Resources/lib/python3.11/babel/locale-data/it.dat
copying file /Users/calum/Developer/Excelerator/env/lib/python3.11/site-packages/babel/locale-data/vun_TZ.dat -> /Users/calum/Developer/Excelerator/dist/Excelerate.app/Contents/Resources/lib/python3.11/babel/locale-data/vun_TZ.dat
copying file /Users/calum/Developer/Excelerator/env/lib/python3.11/site-packages/babel/locale-data/kk.dat -> /Users/calum/Developer/Excelerator/dist/Excelerate.app/Contents/Resources/lib/python3.11/babel/locale-data/kk.dat
copying file /Users/calum/Developer/Excelerator/env/lib/python3.11/site-packages/babel/locale-data/ar_EG.dat -> /Users/calum/Developer/Excelerator/dist/Excelerate.app/Contents/Resources/lib/python3.11/babel/locale-data/ar_EG.dat
copying file /Users/calum/Developer/Excelerator/env/lib/python3.11/site-packages/babel/locale-data/ku_TR.dat -> /Users/calum/Developer/Excelerator/dist/Excelerate.app/Contents/Resources/lib/python3.11/babel/locale-data/ku_TR.dat
copying file /Users/calum/Developer/Excelerator/env/lib/python3.11/site-packages/babel/locale-data/fr_TG.dat -> /Users/calum/Developer/Excelerator/dist/Excelerate.app/Contents/Resources/lib/python3.11/babel/locale-data/fr_TG.dat
copying file /Users/calum/Developer/Excelerator/env/lib/python3.11/site-packages/babel/locale-data/nus_SS.dat -> /Users/calum/Developer/Excelerator/dist/Excelerate.app/Contents/Resources/lib/python3.11/babel/locale-data/nus_SS.dat
copying file /Users/calum/Developer/Excelerator/env/lib/python3.11/site-packages/babel/locale-data/iu.dat -> /Users/calum/Developer/Excelerator/dist/Excelerate.app/Contents/Resources/lib/python3.11/babel/locale-data/iu.dat
copying file /Users/calum/Developer/Excelerator/env/lib/python3.11/site-packages/babel/locale-data/sah_RU.dat -> /Users/calum/Developer/Excelerator/dist/Excelerate.app/Contents/Resources/lib/python3.11/babel/locale-data/sah_RU.dat
copying file /Users/calum/Developer/Excelerator/env/lib/python3.11/site-packages/babel/locale-data/nl_SR.dat -> /Users/calum/Developer/Excelerator/dist/Excelerate.app/Contents/Resources/lib/python3.11/babel/locale-data/nl_SR.dat
copying file /Users/calum/Developer/Excelerator/env/lib/python3.11/site-packages/babel/locale-data/ebu_KE.dat -> /Users/calum/Developer/Excelerator/dist/Excelerate.app/Contents/Resources/lib/python3.11/babel/locale-data/ebu_KE.dat
copying file /Users/calum/Developer/Excelerator/env/lib/python3.11/site-packages/babel/locale-data/de.dat -> /Users/calum/Developer/Excelerator/dist/Excelerate.app/Contents/Resources/lib/python3.11/babel/locale-data/de.dat
copying file /Users/calum/Developer/Excelerator/env/lib/python3.11/site-packages/babel/locale-data/ar_KM.dat -> /Users/calum/Developer/Excelerator/dist/Excelerate.app/Contents/Resources/lib/python3.11/babel/locale-data/ar_KM.dat
copying file /Users/calum/Developer/Excelerator/env/lib/python3.11/site-packages/babel/locale-data/mn_Mong_MN.dat -> /Users/calum/Developer/Excelerator/dist/Excelerate.app/Contents/Resources/lib/python3.11/babel/locale-data/mn_Mong_MN.dat
copying file /Users/calum/Developer/Excelerator/env/lib/python3.11/site-packages/babel/locale-data/nds_DE.dat -> /Users/calum/Developer/Excelerator/dist/Excelerate.app/Contents/Resources/lib/python3.11/babel/locale-data/nds_DE.dat
copying file /Users/calum/Developer/Excelerator/env/lib/python3.11/site-packages/babel/locale-data/el_CY.dat -> /Users/calum/Developer/Excelerator/dist/Excelerate.app/Contents/Resources/lib/python3.11/babel/locale-data/el_CY.dat
copying file /Users/calum/Developer/Excelerator/env/lib/python3.11/site-packages/babel/locale-data/sl.dat -> /Users/calum/Developer/Excelerator/dist/Excelerate.app/Contents/Resources/lib/python3.11/babel/locale-data/sl.dat
copying file /Users/calum/Developer/Excelerator/env/lib/python3.11/site-packages/babel/locale-data/gaa_GH.dat -> /Users/calum/Developer/Excelerator/dist/Excelerate.app/Contents/Resources/lib/python3.11/babel/locale-data/gaa_GH.dat
copying file /Users/calum/Developer/Excelerator/env/lib/python3.11/site-packages/babel/locale-data/fr_MR.dat -> /Users/calum/Developer/Excelerator/dist/Excelerate.app/Contents/Resources/lib/python3.11/babel/locale-data/fr_MR.dat
copying file /Users/calum/Developer/Excelerator/env/lib/python3.11/site-packages/babel/locale-data/tig_ER.dat -> /Users/calum/Developer/Excelerator/dist/Excelerate.app/Contents/Resources/lib/python3.11/babel/locale-data/tig_ER.dat
copying file /Users/calum/Developer/Excelerator/env/lib/python3.11/site-packages/babel/locale-data/sr_Cyrl_ME.dat -> /Users/calum/Developer/Excelerator/dist/Excelerate.app/Contents/Resources/lib/python3.11/babel/locale-data/sr_Cyrl_ME.dat
copying file /Users/calum/Developer/Excelerator/env/lib/python3.11/site-packages/babel/locale-data/vec_IT.dat -> /Users/calum/Developer/Excelerator/dist/Excelerate.app/Contents/Resources/lib/python3.11/babel/locale-data/vec_IT.dat
copying file /Users/calum/Developer/Excelerator/env/lib/python3.11/site-packages/babel/locale-data/io_001.dat -> /Users/calum/Developer/Excelerator/dist/Excelerate.app/Contents/Resources/lib/python3.11/babel/locale-data/io_001.dat
copying file /Users/calum/Developer/Excelerator/env/lib/python3.11/site-packages/babel/locale-data/sr_Cyrl.dat -> /Users/calum/Developer/Excelerator/dist/Excelerate.app/Contents/Resources/lib/python3.11/babel/locale-data/sr_Cyrl.dat
copying file /Users/calum/Developer/Excelerator/env/lib/python3.11/site-packages/babel/locale-data/fr_BJ.dat -> /Users/calum/Developer/Excelerator/dist/Excelerate.app/Contents/Resources/lib/python3.11/babel/locale-data/fr_BJ.dat
copying file /Users/calum/Developer/Excelerator/env/lib/python3.11/site-packages/babel/locale-data/sat_Deva.dat -> /Users/calum/Developer/Excelerator/dist/Excelerate.app/Contents/Resources/lib/python3.11/babel/locale-data/sat_Deva.dat
copying file /Users/calum/Developer/Excelerator/env/lib/python3.11/site-packages/babel/locale-data/root.dat -> /Users/calum/Developer/Excelerator/dist/Excelerate.app/Contents/Resources/lib/python3.11/babel/locale-data/root.dat
copying file /Users/calum/Developer/Excelerator/env/lib/python3.11/site-packages/babel/locale-data/en_CK.dat -> /Users/calum/Developer/Excelerator/dist/Excelerate.app/Contents/Resources/lib/python3.11/babel/locale-data/en_CK.dat
copying file /Users/calum/Developer/Excelerator/env/lib/python3.11/site-packages/babel/locale-data/sdh_IR.dat -> /Users/calum/Developer/Excelerator/dist/Excelerate.app/Contents/Resources/lib/python3.11/babel/locale-data/sdh_IR.dat
copying file /Users/calum/Developer/Excelerator/env/lib/python3.11/site-packages/babel/locale-data/aa_DJ.dat -> /Users/calum/Developer/Excelerator/dist/Excelerate.app/Contents/Resources/lib/python3.11/babel/locale-data/aa_DJ.dat
copying file /Users/calum/Developer/Excelerator/env/lib/python3.11/site-packages/babel/locale-data/en_AT.dat -> /Users/calum/Developer/Excelerator/dist/Excelerate.app/Contents/Resources/lib/python3.11/babel/locale-data/en_AT.dat
copying file /Users/calum/Developer/Excelerator/env/lib/python3.11/site-packages/babel/locale-data/bez.dat -> /Users/calum/Developer/Excelerator/dist/Excelerate.app/Contents/Resources/lib/python3.11/babel/locale-data/bez.dat
copying file /Users/calum/Developer/Excelerator/env/lib/python3.11/site-packages/babel/locale-data/en_LS.dat -> /Users/calum/Developer/Excelerator/dist/Excelerate.app/Contents/Resources/lib/python3.11/babel/locale-data/en_LS.dat
copying file /Users/calum/Developer/Excelerator/env/lib/python3.11/site-packages/babel/locale-data/lt_LT.dat -> /Users/calum/Developer/Excelerator/dist/Excelerate.app/Contents/Resources/lib/python3.11/babel/locale-data/lt_LT.dat
copying file /Users/calum/Developer/Excelerator/env/lib/python3.11/site-packages/babel/locale-data/en_MW.dat -> /Users/calum/Developer/Excelerator/dist/Excelerate.app/Contents/Resources/lib/python3.11/babel/locale-data/en_MW.dat
copying file /Users/calum/Developer/Excelerator/env/lib/python3.11/site-packages/babel/locale-data/bem.dat -> /Users/calum/Developer/Excelerator/dist/Excelerate.app/Contents/Resources/lib/python3.11/babel/locale-data/bem.dat
copying file /Users/calum/Developer/Excelerator/env/lib/python3.11/site-packages/babel/locale-data/en_NL.dat -> /Users/calum/Developer/Excelerator/dist/Excelerate.app/Contents/Resources/lib/python3.11/babel/locale-data/en_NL.dat
copying file /Users/calum/Developer/Excelerator/env/lib/python3.11/site-packages/babel/locale-data/nds.dat -> /Users/calum/Developer/Excelerator/dist/Excelerate.app/Contents/Resources/lib/python3.11/babel/locale-data/nds.dat
copying file /Users/calum/Developer/Excelerator/env/lib/python3.11/site-packages/babel/locale-data/bs_Latn.dat -> /Users/calum/Developer/Excelerator/dist/Excelerate.app/Contents/Resources/lib/python3.11/babel/locale-data/bs_Latn.dat
copying file /Users/calum/Developer/Excelerator/env/lib/python3.11/site-packages/babel/locale-data/ff_Latn_NG.dat -> /Users/calum/Developer/Excelerator/dist/Excelerate.app/Contents/Resources/lib/python3.11/babel/locale-data/ff_Latn_NG.dat
copying file /Users/calum/Developer/Excelerator/env/lib/python3.11/site-packages/babel/locale-data/be_TARASK.dat -> /Users/calum/Developer/Excelerator/dist/Excelerate.app/Contents/Resources/lib/python3.11/babel/locale-data/be_TARASK.dat
copying file /Users/calum/Developer/Excelerator/env/lib/python3.11/site-packages/babel/locale-data/gaa.dat -> /Users/calum/Developer/Excelerator/dist/Excelerate.app/Contents/Resources/lib/python3.11/babel/locale-data/gaa.dat
copying file /Users/calum/Developer/Excelerator/env/lib/python3.11/site-packages/babel/locale-data/tn_ZA.dat -> /Users/calum/Developer/Excelerator/dist/Excelerate.app/Contents/Resources/lib/python3.11/babel/locale-data/tn_ZA.dat
copying file /Users/calum/Developer/Excelerator/env/lib/python3.11/site-packages/babel/locale-data/agq_CM.dat -> /Users/calum/Developer/Excelerator/dist/Excelerate.app/Contents/Resources/lib/python3.11/babel/locale-data/agq_CM.dat
copying file /Users/calum/Developer/Excelerator/env/lib/python3.11/site-packages/babel/locale-data/bgn_PK.dat -> /Users/calum/Developer/Excelerator/dist/Excelerate.app/Contents/Resources/lib/python3.11/babel/locale-data/bgn_PK.dat
copying file /Users/calum/Developer/Excelerator/env/lib/python3.11/site-packages/babel/locale-data/ug_CN.dat -> /Users/calum/Developer/Excelerator/dist/Excelerate.app/Contents/Resources/lib/python3.11/babel/locale-data/ug_CN.dat
copying file /Users/calum/Developer/Excelerator/env/lib/python3.11/site-packages/babel/locale-data/su_Latn_ID.dat -> /Users/calum/Developer/Excelerator/dist/Excelerate.app/Contents/Resources/lib/python3.11/babel/locale-data/su_Latn_ID.dat
copying file /Users/calum/Developer/Excelerator/env/lib/python3.11/site-packages/babel/locale-data/en_ZM.dat -> /Users/calum/Developer/Excelerator/dist/Excelerate.app/Contents/Resources/lib/python3.11/babel/locale-data/en_ZM.dat
copying file /Users/calum/Developer/Excelerator/env/lib/python3.11/site-packages/babel/locale-data/bss.dat -> /Users/calum/Developer/Excelerator/dist/Excelerate.app/Contents/Resources/lib/python3.11/babel/locale-data/bss.dat
copying file /Users/calum/Developer/Excelerator/env/lib/python3.11/site-packages/babel/locale-data/gsw_CH.dat -> /Users/calum/Developer/Excelerator/dist/Excelerate.app/Contents/Resources/lib/python3.11/babel/locale-data/gsw_CH.dat
copying file /Users/calum/Developer/Excelerator/env/lib/python3.11/site-packages/babel/locale-data/ca_ES_VALENCIA.dat -> /Users/calum/Developer/Excelerator/dist/Excelerate.app/Contents/Resources/lib/python3.11/babel/locale-data/ca_ES_VALENCIA.dat
copying file /Users/calum/Developer/Excelerator/env/lib/python3.11/site-packages/babel/locale-data/mgh_MZ.dat -> /Users/calum/Developer/Excelerator/dist/Excelerate.app/Contents/Resources/lib/python3.11/babel/locale-data/mgh_MZ.dat
copying file /Users/calum/Developer/Excelerator/env/lib/python3.11/site-packages/babel/locale-data/vo_001.dat -> /Users/calum/Developer/Excelerator/dist/Excelerate.app/Contents/Resources/lib/python3.11/babel/locale-data/vo_001.dat
copying file /Users/calum/Developer/Excelerator/env/lib/python3.11/site-packages/babel/locale-data/en_MS.dat -> /Users/calum/Developer/Excelerator/dist/Excelerate.app/Contents/Resources/lib/python3.11/babel/locale-data/en_MS.dat
copying file /Users/calum/Developer/Excelerator/env/lib/python3.11/site-packages/babel/locale-data/raj.dat -> /Users/calum/Developer/Excelerator/dist/Excelerate.app/Contents/Resources/lib/python3.11/babel/locale-data/raj.dat
copying file /Users/calum/Developer/Excelerator/env/lib/python3.11/site-packages/babel/locale-data/en_AG.dat -> /Users/calum/Developer/Excelerator/dist/Excelerate.app/Contents/Resources/lib/python3.11/babel/locale-data/en_AG.dat
copying file /Users/calum/Developer/Excelerator/env/lib/python3.11/site-packages/babel/locale-data/en_CX.dat -> /Users/calum/Developer/Excelerator/dist/Excelerate.app/Contents/Resources/lib/python3.11/babel/locale-data/en_CX.dat
copying file /Users/calum/Developer/Excelerator/env/lib/python3.11/site-packages/babel/locale-data/ms_Arab.dat -> /Users/calum/Developer/Excelerator/dist/Excelerate.app/Contents/Resources/lib/python3.11/babel/locale-data/ms_Arab.dat
copying file /Users/calum/Developer/Excelerator/env/lib/python3.11/site-packages/babel/locale-data/ar_SO.dat -> /Users/calum/Developer/Excelerator/dist/Excelerate.app/Contents/Resources/lib/python3.11/babel/locale-data/ar_SO.dat
copying file /Users/calum/Developer/Excelerator/env/lib/python3.11/site-packages/babel/locale-data/fr_MA.dat -> /Users/calum/Developer/Excelerator/dist/Excelerate.app/Contents/Resources/lib/python3.11/babel/locale-data/fr_MA.dat
copying file /Users/calum/Developer/Excelerator/env/lib/python3.11/site-packages/babel/locale-data/ta_SG.dat -> /Users/calum/Developer/Excelerator/dist/Excelerate.app/Contents/Resources/lib/python3.11/babel/locale-data/ta_SG.dat
copying file /Users/calum/Developer/Excelerator/env/lib/python3.11/site-packages/babel/locale-data/ps.dat -> /Users/calum/Developer/Excelerator/dist/Excelerate.app/Contents/Resources/lib/python3.11/babel/locale-data/ps.dat
copying file /Users/calum/Developer/Excelerator/env/lib/python3.11/site-packages/babel/locale-data/ee.dat -> /Users/calum/Developer/Excelerator/dist/Excelerate.app/Contents/Resources/lib/python3.11/babel/locale-data/ee.dat
copying file /Users/calum/Developer/Excelerator/env/lib/python3.11/site-packages/babel/locale-data/da.dat -> /Users/calum/Developer/Excelerator/dist/Excelerate.app/Contents/Resources/lib/python3.11/babel/locale-data/da.dat
copying file /Users/calum/Developer/Excelerator/env/lib/python3.11/site-packages/babel/locale-data/fi.dat -> /Users/calum/Developer/Excelerator/dist/Excelerate.app/Contents/Resources/lib/python3.11/babel/locale-data/fi.dat
copying file /Users/calum/Developer/Excelerator/env/lib/python3.11/site-packages/babel/locale-data/dv.dat -> /Users/calum/Developer/Excelerator/dist/Excelerate.app/Contents/Resources/lib/python3.11/babel/locale-data/dv.dat
copying file /Users/calum/Developer/Excelerator/env/lib/python3.11/site-packages/babel/locale-data/dsb.dat -> /Users/calum/Developer/Excelerator/dist/Excelerate.app/Contents/Resources/lib/python3.11/babel/locale-data/dsb.dat
copying file /Users/calum/Developer/Excelerator/env/lib/python3.11/site-packages/babel/locale-data/es_CU.dat -> /Users/calum/Developer/Excelerator/dist/Excelerate.app/Contents/Resources/lib/python3.11/babel/locale-data/es_CU.dat
copying file /Users/calum/Developer/Excelerator/env/lib/python3.11/site-packages/babel/locale-data/ky.dat -> /Users/calum/Developer/Excelerator/dist/Excelerate.app/Contents/Resources/lib/python3.11/babel/locale-data/ky.dat
copying file /Users/calum/Developer/Excelerator/env/lib/python3.11/site-packages/babel/locale-data/ce_RU.dat -> /Users/calum/Developer/Excelerator/dist/Excelerate.app/Contents/Resources/lib/python3.11/babel/locale-data/ce_RU.dat
copying file /Users/calum/Developer/Excelerator/env/lib/python3.11/site-packages/babel/locale-data/kn.dat -> /Users/calum/Developer/Excelerator/dist/Excelerate.app/Contents/Resources/lib/python3.11/babel/locale-data/kn.dat
copying file /Users/calum/Developer/Excelerator/env/lib/python3.11/site-packages/babel/locale-data/hu.dat -> /Users/calum/Developer/Excelerator/dist/Excelerate.app/Contents/Resources/lib/python3.11/babel/locale-data/hu.dat
copying file /Users/calum/Developer/Excelerator/env/lib/python3.11/site-packages/babel/locale-data/kxv_Deva.dat -> /Users/calum/Developer/Excelerator/dist/Excelerate.app/Contents/Resources/lib/python3.11/babel/locale-data/kxv_Deva.dat
copying file /Users/calum/Developer/Excelerator/env/lib/python3.11/site-packages/babel/locale-data/ko.dat -> /Users/calum/Developer/Excelerator/dist/Excelerate.app/Contents/Resources/lib/python3.11/babel/locale-data/ko.dat
copying file /Users/calum/Developer/Excelerator/env/lib/python3.11/site-packages/babel/locale-data/kxv_Deva_IN.dat -> /Users/calum/Developer/Excelerator/dist/Excelerate.app/Contents/Resources/lib/python3.11/babel/locale-data/kxv_Deva_IN.dat
copying file /Users/calum/Developer/Excelerator/env/lib/python3.11/site-packages/babel/locale-data/ssy.dat -> /Users/calum/Developer/Excelerator/dist/Excelerate.app/Contents/Resources/lib/python3.11/babel/locale-data/ssy.dat
copying file /Users/calum/Developer/Excelerator/env/lib/python3.11/site-packages/babel/locale-data/pap_CW.dat -> /Users/calum/Developer/Excelerator/dist/Excelerate.app/Contents/Resources/lib/python3.11/babel/locale-data/pap_CW.dat
copying file /Users/calum/Developer/Excelerator/env/lib/python3.11/site-packages/babel/locale-data/ig.dat -> /Users/calum/Developer/Excelerator/dist/Excelerate.app/Contents/Resources/lib/python3.11/babel/locale-data/ig.dat
copying file /Users/calum/Developer/Excelerator/env/lib/python3.11/site-packages/babel/locale-data/gl.dat -> /Users/calum/Developer/Excelerator/dist/Excelerate.app/Contents/Resources/lib/python3.11/babel/locale-data/gl.dat
copying file /Users/calum/Developer/Excelerator/env/lib/python3.11/site-packages/babel/locale-data/es.dat -> /Users/calum/Developer/Excelerator/dist/Excelerate.app/Contents/Resources/lib/python3.11/babel/locale-data/es.dat
copying file /Users/calum/Developer/Excelerator/env/lib/python3.11/site-packages/babel/locale-data/frr.dat -> /Users/calum/Developer/Excelerator/dist/Excelerate.app/Contents/Resources/lib/python3.11/babel/locale-data/frr.dat
copying file /Users/calum/Developer/Excelerator/env/lib/python3.11/site-packages/babel/locale-data/si.dat -> /Users/calum/Developer/Excelerator/dist/Excelerate.app/Contents/Resources/lib/python3.11/babel/locale-data/si.dat
copying file /Users/calum/Developer/Excelerator/env/lib/python3.11/site-packages/babel/locale-data/yav_CM.dat -> /Users/calum/Developer/Excelerator/dist/Excelerate.app/Contents/Resources/lib/python3.11/babel/locale-data/yav_CM.dat
copying file /Users/calum/Developer/Excelerator/env/lib/python3.11/site-packages/babel/locale-data/rm.dat -> /Users/calum/Developer/Excelerator/dist/Excelerate.app/Contents/Resources/lib/python3.11/babel/locale-data/rm.dat
copying file /Users/calum/Developer/Excelerator/env/lib/python3.11/site-packages/babel/locale-data/moh_CA.dat -> /Users/calum/Developer/Excelerator/dist/Excelerate.app/Contents/Resources/lib/python3.11/babel/locale-data/moh_CA.dat
copying file /Users/calum/Developer/Excelerator/env/lib/python3.11/site-packages/babel/locale-data/es_UY.dat -> /Users/calum/Developer/Excelerator/dist/Excelerate.app/Contents/Resources/lib/python3.11/babel/locale-data/es_UY.dat
copying file /Users/calum/Developer/Excelerator/env/lib/python3.11/site-packages/babel/locale-data/mr_IN.dat -> /Users/calum/Developer/Excelerator/dist/Excelerate.app/Contents/Resources/lib/python3.11/babel/locale-data/mr_IN.dat
copying file /Users/calum/Developer/Excelerator/env/lib/python3.11/site-packages/babel/locale-data/cch.dat -> /Users/calum/Developer/Excelerator/dist/Excelerate.app/Contents/Resources/lib/python3.11/babel/locale-data/cch.dat
copying file /Users/calum/Developer/Excelerator/env/lib/python3.11/site-packages/babel/locale-data/ar_SY.dat -> /Users/calum/Developer/Excelerator/dist/Excelerate.app/Contents/Resources/lib/python3.11/babel/locale-data/ar_SY.dat
copying file /Users/calum/Developer/Excelerator/env/lib/python3.11/site-packages/babel/locale-data/bo_CN.dat -> /Users/calum/Developer/Excelerator/dist/Excelerate.app/Contents/Resources/lib/python3.11/babel/locale-data/bo_CN.dat
copying file /Users/calum/Developer/Excelerator/env/lib/python3.11/site-packages/babel/locale-data/uz_Latn_UZ.dat -> /Users/calum/Developer/Excelerator/dist/Excelerate.app/Contents/Resources/lib/python3.11/babel/locale-data/uz_Latn_UZ.dat
copying file /Users/calum/Developer/Excelerator/env/lib/python3.11/site-packages/babel/locale-data/bho.dat -> /Users/calum/Developer/Excelerator/dist/Excelerate.app/Contents/Resources/lib/python3.11/babel/locale-data/bho.dat
copying file /Users/calum/Developer/Excelerator/env/lib/python3.11/site-packages/babel/locale-data/twq_NE.dat -> /Users/calum/Developer/Excelerator/dist/Excelerate.app/Contents/Resources/lib/python3.11/babel/locale-data/twq_NE.dat
copying file /Users/calum/Developer/Excelerator/env/lib/python3.11/site-packages/babel/locale-data/en_CY.dat -> /Users/calum/Developer/Excelerator/dist/Excelerate.app/Contents/Resources/lib/python3.11/babel/locale-data/en_CY.dat
copying file /Users/calum/Developer/Excelerator/env/lib/python3.11/site-packages/babel/locale-data/en_US_POSIX.dat -> /Users/calum/Developer/Excelerator/dist/Excelerate.app/Contents/Resources/lib/python3.11/babel/locale-data/en_US_POSIX.dat
copying file /Users/calum/Developer/Excelerator/env/lib/python3.11/site-packages/babel/locale-data/dv_MV.dat -> /Users/calum/Developer/Excelerator/dist/Excelerate.app/Contents/Resources/lib/python3.11/babel/locale-data/dv_MV.dat
copying file /Users/calum/Developer/Excelerator/env/lib/python3.11/site-packages/babel/locale-data/kln.dat -> /Users/calum/Developer/Excelerator/dist/Excelerate.app/Contents/Resources/lib/python3.11/babel/locale-data/kln.dat
copying file /Users/calum/Developer/Excelerator/env/lib/python3.11/site-packages/babel/locale-data/LICENSE.unicode -> /Users/calum/Developer/Excelerator/dist/Excelerate.app/Contents/Resources/lib/python3.11/babel/locale-data/LICENSE.unicode
copying file /Users/calum/Developer/Excelerator/env/lib/python3.11/site-packages/babel/locale-data/teo_UG.dat -> /Users/calum/Developer/Excelerator/dist/Excelerate.app/Contents/Resources/lib/python3.11/babel/locale-data/teo_UG.dat
copying file /Users/calum/Developer/Excelerator/env/lib/python3.11/site-packages/babel/locale-data/ms_MY.dat -> /Users/calum/Developer/Excelerator/dist/Excelerate.app/Contents/Resources/lib/python3.11/babel/locale-data/ms_MY.dat
copying file /Users/calum/Developer/Excelerator/env/lib/python3.11/site-packages/babel/locale-data/zh_Hans_CN.dat -> /Users/calum/Developer/Excelerator/dist/Excelerate.app/Contents/Resources/lib/python3.11/babel/locale-data/zh_Hans_CN.dat
copying file /Users/calum/Developer/Excelerator/env/lib/python3.11/site-packages/babel/locale-data/lb_LU.dat -> /Users/calum/Developer/Excelerator/dist/Excelerate.app/Contents/Resources/lib/python3.11/babel/locale-data/lb_LU.dat
copying file /Users/calum/Developer/Excelerator/env/lib/python3.11/site-packages/babel/locale-data/mas_TZ.dat -> /Users/calum/Developer/Excelerator/dist/Excelerate.app/Contents/Resources/lib/python3.11/babel/locale-data/mas_TZ.dat
copying file /Users/calum/Developer/Excelerator/env/lib/python3.11/site-packages/babel/locale-data/en_LC.dat -> /Users/calum/Developer/Excelerator/dist/Excelerate.app/Contents/Resources/lib/python3.11/babel/locale-data/en_LC.dat
copying file /Users/calum/Developer/Excelerator/env/lib/python3.11/site-packages/babel/locale-data/pt_CH.dat -> /Users/calum/Developer/Excelerator/dist/Excelerate.app/Contents/Resources/lib/python3.11/babel/locale-data/pt_CH.dat
copying file /Users/calum/Developer/Excelerator/env/lib/python3.11/site-packages/babel/locale-data/tn_BW.dat -> /Users/calum/Developer/Excelerator/dist/Excelerate.app/Contents/Resources/lib/python3.11/babel/locale-data/tn_BW.dat
copying file /Users/calum/Developer/Excelerator/env/lib/python3.11/site-packages/babel/locale-data/csw_CA.dat -> /Users/calum/Developer/Excelerator/dist/Excelerate.app/Contents/Resources/lib/python3.11/babel/locale-data/csw_CA.dat
copying file /Users/calum/Developer/Excelerator/env/lib/python3.11/site-packages/babel/locale-data/en_MG.dat -> /Users/calum/Developer/Excelerator/dist/Excelerate.app/Contents/Resources/lib/python3.11/babel/locale-data/en_MG.dat
copying file /Users/calum/Developer/Excelerator/env/lib/python3.11/site-packages/babel/locale-data/hr_HR.dat -> /Users/calum/Developer/Excelerator/dist/Excelerate.app/Contents/Resources/lib/python3.11/babel/locale-data/hr_HR.dat
copying file /Users/calum/Developer/Excelerator/env/lib/python3.11/site-packages/babel/locale-data/en_MP.dat -> /Users/calum/Developer/Excelerator/dist/Excelerate.app/Contents/Resources/lib/python3.11/babel/locale-data/en_MP.dat
copying file /Users/calum/Developer/Excelerator/env/lib/python3.11/site-packages/babel/locale-data/dua_CM.dat -> /Users/calum/Developer/Excelerator/dist/Excelerate.app/Contents/Resources/lib/python3.11/babel/locale-data/dua_CM.dat
copying file /Users/calum/Developer/Excelerator/env/lib/python3.11/site-packages/babel/locale-data/en_AS.dat -> /Users/calum/Developer/Excelerator/dist/Excelerate.app/Contents/Resources/lib/python3.11/babel/locale-data/en_AS.dat
copying file /Users/calum/Developer/Excelerator/env/lib/python3.11/site-packages/babel/locale-data/fi_FI.dat -> /Users/calum/Developer/Excelerator/dist/Excelerate.app/Contents/Resources/lib/python3.11/babel/locale-data/fi_FI.dat
copying file /Users/calum/Developer/Excelerator/env/lib/python3.11/site-packages/babel/locale-data/fr_CI.dat -> /Users/calum/Developer/Excelerator/dist/Excelerate.app/Contents/Resources/lib/python3.11/babel/locale-data/fr_CI.dat
copying file /Users/calum/Developer/Excelerator/env/lib/python3.11/site-packages/babel/locale-data/lv_LV.dat -> /Users/calum/Developer/Excelerator/dist/Excelerate.app/Contents/Resources/lib/python3.11/babel/locale-data/lv_LV.dat
copying file /Users/calum/Developer/Excelerator/env/lib/python3.11/site-packages/babel/locale-data/vai_Latn_LR.dat -> /Users/calum/Developer/Excelerator/dist/Excelerate.app/Contents/Resources/lib/python3.11/babel/locale-data/vai_Latn_LR.dat
copying file /Users/calum/Developer/Excelerator/env/lib/python3.11/site-packages/babel/locale-data/ff_Adlm_GW.dat -> /Users/calum/Developer/Excelerator/dist/Excelerate.app/Contents/Resources/lib/python3.11/babel/locale-data/ff_Adlm_GW.dat
copying file /Users/calum/Developer/Excelerator/env/lib/python3.11/site-packages/babel/locale-data/ki_KE.dat -> /Users/calum/Developer/Excelerator/dist/Excelerate.app/Contents/Resources/lib/python3.11/babel/locale-data/ki_KE.dat
copying file /Users/calum/Developer/Excelerator/env/lib/python3.11/site-packages/babel/locale-data/sk.dat -> /Users/calum/Developer/Excelerator/dist/Excelerate.app/Contents/Resources/lib/python3.11/babel/locale-data/sk.dat
copying file /Users/calum/Developer/Excelerator/env/lib/python3.11/site-packages/babel/locale-data/blt_VN.dat -> /Users/calum/Developer/Excelerator/dist/Excelerate.app/Contents/Resources/lib/python3.11/babel/locale-data/blt_VN.dat
copying file /Users/calum/Developer/Excelerator/env/lib/python3.11/site-packages/babel/locale-data/da_GL.dat -> /Users/calum/Developer/Excelerator/dist/Excelerate.app/Contents/Resources/lib/python3.11/babel/locale-data/da_GL.dat
copying file /Users/calum/Developer/Excelerator/env/lib/python3.11/site-packages/babel/locale-data/ro.dat -> /Users/calum/Developer/Excelerator/dist/Excelerate.app/Contents/Resources/lib/python3.11/babel/locale-data/ro.dat
copying file /Users/calum/Developer/Excelerator/env/lib/python3.11/site-packages/babel/locale-data/fr_MU.dat -> /Users/calum/Developer/Excelerator/dist/Excelerate.app/Contents/Resources/lib/python3.11/babel/locale-data/fr_MU.dat
copying file /Users/calum/Developer/Excelerator/env/lib/python3.11/site-packages/babel/locale-data/ca_AD.dat -> /Users/calum/Developer/Excelerator/dist/Excelerate.app/Contents/Resources/lib/python3.11/babel/locale-data/ca_AD.dat
copying file /Users/calum/Developer/Excelerator/env/lib/python3.11/site-packages/babel/locale-data/kxv_Orya_IN.dat -> /Users/calum/Developer/Excelerator/dist/Excelerate.app/Contents/Resources/lib/python3.11/babel/locale-data/kxv_Orya_IN.dat
copying file /Users/calum/Developer/Excelerator/env/lib/python3.11/site-packages/babel/locale-data/bas_CM.dat -> /Users/calum/Developer/Excelerator/dist/Excelerate.app/Contents/Resources/lib/python3.11/babel/locale-data/bas_CM.dat
copying file /Users/calum/Developer/Excelerator/env/lib/python3.11/site-packages/babel/locale-data/syr_SY.dat -> /Users/calum/Developer/Excelerator/dist/Excelerate.app/Contents/Resources/lib/python3.11/babel/locale-data/syr_SY.dat
copying file /Users/calum/Developer/Excelerator/env/lib/python3.11/site-packages/babel/locale-data/gn.dat -> /Users/calum/Developer/Excelerator/dist/Excelerate.app/Contents/Resources/lib/python3.11/babel/locale-data/gn.dat
copying file /Users/calum/Developer/Excelerator/env/lib/python3.11/site-packages/babel/locale-data/zu_ZA.dat -> /Users/calum/Developer/Excelerator/dist/Excelerate.app/Contents/Resources/lib/python3.11/babel/locale-data/zu_ZA.dat
copying file /Users/calum/Developer/Excelerator/env/lib/python3.11/site-packages/babel/locale-data/es_BR.dat -> /Users/calum/Developer/Excelerator/dist/Excelerate.app/Contents/Resources/lib/python3.11/babel/locale-data/es_BR.dat
copying file /Users/calum/Developer/Excelerator/env/lib/python3.11/site-packages/babel/locale-data/ha.dat -> /Users/calum/Developer/Excelerator/dist/Excelerate.app/Contents/Resources/lib/python3.11/babel/locale-data/ha.dat
copying file /Users/calum/Developer/Excelerator/env/lib/python3.11/site-packages/babel/locale-data/ie.dat -> /Users/calum/Developer/Excelerator/dist/Excelerate.app/Contents/Resources/lib/python3.11/babel/locale-data/ie.dat
copying file /Users/calum/Developer/Excelerator/env/lib/python3.11/site-packages/babel/locale-data/se_FI.dat -> /Users/calum/Developer/Excelerator/dist/Excelerate.app/Contents/Resources/lib/python3.11/babel/locale-data/se_FI.dat
copying file /Users/calum/Developer/Excelerator/env/lib/python3.11/site-packages/babel/locale-data/km.dat -> /Users/calum/Developer/Excelerator/dist/Excelerate.app/Contents/Resources/lib/python3.11/babel/locale-data/km.dat
copying file /Users/calum/Developer/Excelerator/env/lib/python3.11/site-packages/babel/locale-data/ksb_TZ.dat -> /Users/calum/Developer/Excelerator/dist/Excelerate.app/Contents/Resources/lib/python3.11/babel/locale-data/ksb_TZ.dat
copying file /Users/calum/Developer/Excelerator/env/lib/python3.11/site-packages/babel/locale-data/is.dat -> /Users/calum/Developer/Excelerator/dist/Excelerate.app/Contents/Resources/lib/python3.11/babel/locale-data/is.dat
copying file /Users/calum/Developer/Excelerator/env/lib/python3.11/site-packages/babel/locale-data/ann.dat -> /Users/calum/Developer/Excelerator/dist/Excelerate.app/Contents/Resources/lib/python3.11/babel/locale-data/ann.dat
copying file /Users/calum/Developer/Excelerator/env/lib/python3.11/site-packages/babel/locale-data/fil.dat -> /Users/calum/Developer/Excelerator/dist/Excelerate.app/Contents/Resources/lib/python3.11/babel/locale-data/fil.dat
copying file /Users/calum/Developer/Excelerator/env/lib/python3.11/site-packages/babel/locale-data/ann_NG.dat -> /Users/calum/Developer/Excelerator/dist/Excelerate.app/Contents/Resources/lib/python3.11/babel/locale-data/ann_NG.dat
copying file /Users/calum/Developer/Excelerator/env/lib/python3.11/site-packages/babel/locale-data/kl.dat -> /Users/calum/Developer/Excelerator/dist/Excelerate.app/Contents/Resources/lib/python3.11/babel/locale-data/kl.dat
copying file /Users/calum/Developer/Excelerator/env/lib/python3.11/site-packages/babel/locale-data/de_BE.dat -> /Users/calum/Developer/Excelerator/dist/Excelerate.app/Contents/Resources/lib/python3.11/babel/locale-data/de_BE.dat
copying file /Users/calum/Developer/Excelerator/env/lib/python3.11/site-packages/babel/locale-data/sw_CD.dat -> /Users/calum/Developer/Excelerator/dist/Excelerate.app/Contents/Resources/lib/python3.11/babel/locale-data/sw_CD.dat
copying file /Users/calum/Developer/Excelerator/env/lib/python3.11/site-packages/babel/locale-data/id.dat -> /Users/calum/Developer/Excelerator/dist/Excelerate.app/Contents/Resources/lib/python3.11/babel/locale-data/id.dat
copying file /Users/calum/Developer/Excelerator/env/lib/python3.11/site-packages/babel/locale-data/qu_PE.dat -> /Users/calum/Developer/Excelerator/dist/Excelerate.app/Contents/Resources/lib/python3.11/babel/locale-data/qu_PE.dat
copying file /Users/calum/Developer/Excelerator/env/lib/python3.11/site-packages/babel/locale-data/ar_JO.dat -> /Users/calum/Developer/Excelerator/dist/Excelerate.app/Contents/Resources/lib/python3.11/babel/locale-data/ar_JO.dat
copying file /Users/calum/Developer/Excelerator/env/lib/python3.11/site-packages/babel/locale-data/ss_SZ.dat -> /Users/calum/Developer/Excelerator/dist/Excelerate.app/Contents/Resources/lib/python3.11/babel/locale-data/ss_SZ.dat
copying file /Users/calum/Developer/Excelerator/env/lib/python3.11/site-packages/babel/locale-data/qu.dat -> /Users/calum/Developer/Excelerator/dist/Excelerate.app/Contents/Resources/lib/python3.11/babel/locale-data/qu.dat
copying file /Users/calum/Developer/Excelerator/env/lib/python3.11/site-packages/babel/locale-data/rn.dat -> /Users/calum/Developer/Excelerator/dist/Excelerate.app/Contents/Resources/lib/python3.11/babel/locale-data/rn.dat
copying file /Users/calum/Developer/Excelerator/env/lib/python3.11/site-packages/babel/locale-data/uk_UA.dat -> /Users/calum/Developer/Excelerator/dist/Excelerate.app/Contents/Resources/lib/python3.11/babel/locale-data/uk_UA.dat
copying file /Users/calum/Developer/Excelerator/env/lib/python3.11/site-packages/babel/locale-data/fr_MC.dat -> /Users/calum/Developer/Excelerator/dist/Excelerate.app/Contents/Resources/lib/python3.11/babel/locale-data/fr_MC.dat
copying file /Users/calum/Developer/Excelerator/env/lib/python3.11/site-packages/babel/locale-data/lag_TZ.dat -> /Users/calum/Developer/Excelerator/dist/Excelerate.app/Contents/Resources/lib/python3.11/babel/locale-data/lag_TZ.dat
copying file /Users/calum/Developer/Excelerator/env/lib/python3.11/site-packages/babel/locale-data/fr_BL.dat -> /Users/calum/Developer/Excelerator/dist/Excelerate.app/Contents/Resources/lib/python3.11/babel/locale-data/fr_BL.dat
copying file /Users/calum/Developer/Excelerator/env/lib/python3.11/site-packages/babel/locale-data/fr_CH.dat -> /Users/calum/Developer/Excelerator/dist/Excelerate.app/Contents/Resources/lib/python3.11/babel/locale-data/fr_CH.dat
copying file /Users/calum/Developer/Excelerator/env/lib/python3.11/site-packages/babel/locale-data/sw_TZ.dat -> /Users/calum/Developer/Excelerator/dist/Excelerate.app/Contents/Resources/lib/python3.11/babel/locale-data/sw_TZ.dat
copying file /Users/calum/Developer/Excelerator/env/lib/python3.11/site-packages/babel/locale-data/uz_Latn.dat -> /Users/calum/Developer/Excelerator/dist/Excelerate.app/Contents/Resources/lib/python3.11/babel/locale-data/uz_Latn.dat
copying file /Users/calum/Developer/Excelerator/env/lib/python3.11/site-packages/babel/locale-data/en_BI.dat -> /Users/calum/Developer/Excelerator/dist/Excelerate.app/Contents/Resources/lib/python3.11/babel/locale-data/en_BI.dat
copying file /Users/calum/Developer/Excelerator/env/lib/python3.11/site-packages/babel/locale-data/en_CM.dat -> /Users/calum/Developer/Excelerator/dist/Excelerate.app/Contents/Resources/lib/python3.11/babel/locale-data/en_CM.dat
copying file /Users/calum/Developer/Excelerator/env/lib/python3.11/site-packages/babel/locale-data/kaj.dat -> /Users/calum/Developer/Excelerator/dist/Excelerate.app/Contents/Resources/lib/python3.11/babel/locale-data/kaj.dat
copying file /Users/calum/Developer/Excelerator/env/lib/python3.11/site-packages/babel/locale-data/en_AE.dat -> /Users/calum/Developer/Excelerator/dist/Excelerate.app/Contents/Resources/lib/python3.11/babel/locale-data/en_AE.dat
copying file /Users/calum/Developer/Excelerator/env/lib/python3.11/site-packages/babel/locale-data/mgo_CM.dat -> /Users/calum/Developer/Excelerator/dist/Excelerate.app/Contents/Resources/lib/python3.11/babel/locale-data/mgo_CM.dat
copying file /Users/calum/Developer/Excelerator/env/lib/python3.11/site-packages/babel/locale-data/bgc.dat -> /Users/calum/Developer/Excelerator/dist/Excelerate.app/Contents/Resources/lib/python3.11/babel/locale-data/bgc.dat
copying file /Users/calum/Developer/Excelerator/env/lib/python3.11/site-packages/babel/locale-data/zh_Hant_MO.dat -> /Users/calum/Developer/Excelerator/dist/Excelerate.app/Contents/Resources/lib/python3.11/babel/locale-data/zh_Hant_MO.dat
copying file /Users/calum/Developer/Excelerator/env/lib/python3.11/site-packages/babel/locale-data/ko_CN.dat -> /Users/calum/Developer/Excelerator/dist/Excelerate.app/Contents/Resources/lib/python3.11/babel/locale-data/ko_CN.dat
copying file /Users/calum/Developer/Excelerator/env/lib/python3.11/site-packages/babel/locale-data/sr_Latn_ME.dat -> /Users/calum/Developer/Excelerator/dist/Excelerate.app/Contents/Resources/lib/python3.11/babel/locale-data/sr_Latn_ME.dat
copying file /Users/calum/Developer/Excelerator/env/lib/python3.11/site-packages/babel/locale-data/wbp.dat -> /Users/calum/Developer/Excelerator/dist/Excelerate.app/Contents/Resources/lib/python3.11/babel/locale-data/wbp.dat
copying file /Users/calum/Developer/Excelerator/env/lib/python3.11/site-packages/babel/locale-data/en_PK.dat -> /Users/calum/Developer/Excelerator/dist/Excelerate.app/Contents/Resources/lib/python3.11/babel/locale-data/en_PK.dat
copying file /Users/calum/Developer/Excelerator/env/lib/python3.11/site-packages/babel/locale-data/luy.dat -> /Users/calum/Developer/Excelerator/dist/Excelerate.app/Contents/Resources/lib/python3.11/babel/locale-data/luy.dat
copying file /Users/calum/Developer/Excelerator/env/lib/python3.11/site-packages/babel/locale-data/en_SG.dat -> /Users/calum/Developer/Excelerator/dist/Excelerate.app/Contents/Resources/lib/python3.11/babel/locale-data/en_SG.dat
copying file /Users/calum/Developer/Excelerator/env/lib/python3.11/site-packages/babel/locale-data/ksh.dat -> /Users/calum/Developer/Excelerator/dist/Excelerate.app/Contents/Resources/lib/python3.11/babel/locale-data/ksh.dat
copying file /Users/calum/Developer/Excelerator/env/lib/python3.11/site-packages/babel/locale-data/sg_CF.dat -> /Users/calum/Developer/Excelerator/dist/Excelerate.app/Contents/Resources/lib/python3.11/babel/locale-data/sg_CF.dat
copying file /Users/calum/Developer/Excelerator/env/lib/python3.11/site-packages/babel/locale-data/cu_RU.dat -> /Users/calum/Developer/Excelerator/dist/Excelerate.app/Contents/Resources/lib/python3.11/babel/locale-data/cu_RU.dat
copying file /Users/calum/Developer/Excelerator/env/lib/python3.11/site-packages/babel/locale-data/gez_ER.dat -> /Users/calum/Developer/Excelerator/dist/Excelerate.app/Contents/Resources/lib/python3.11/babel/locale-data/gez_ER.dat
copying file /Users/calum/Developer/Excelerator/env/lib/python3.11/site-packages/babel/locale-data/pt_ST.dat -> /Users/calum/Developer/Excelerator/dist/Excelerate.app/Contents/Resources/lib/python3.11/babel/locale-data/pt_ST.dat
copying file /Users/calum/Developer/Excelerator/env/lib/python3.11/site-packages/babel/locale-data/bas.dat -> /Users/calum/Developer/Excelerator/dist/Excelerate.app/Contents/Resources/lib/python3.11/babel/locale-data/bas.dat
copying file /Users/calum/Developer/Excelerator/env/lib/python3.11/site-packages/babel/locale-data/af_NA.dat -> /Users/calum/Developer/Excelerator/dist/Excelerate.app/Contents/Resources/lib/python3.11/babel/locale-data/af_NA.dat
copying file /Users/calum/Developer/Excelerator/env/lib/python3.11/site-packages/babel/locale-data/smn_FI.dat -> /Users/calum/Developer/Excelerator/dist/Excelerate.app/Contents/Resources/lib/python3.11/babel/locale-data/smn_FI.dat
copying file /Users/calum/Developer/Excelerator/env/lib/python3.11/site-packages/babel/locale-data/en_JE.dat -> /Users/calum/Developer/Excelerator/dist/Excelerate.app/Contents/Resources/lib/python3.11/babel/locale-data/en_JE.dat
copying file /Users/calum/Developer/Excelerator/env/lib/python3.11/site-packages/babel/locale-data/mic_CA.dat -> /Users/calum/Developer/Excelerator/dist/Excelerate.app/Contents/Resources/lib/python3.11/babel/locale-data/mic_CA.dat
copying file /Users/calum/Developer/Excelerator/env/lib/python3.11/site-packages/babel/locale-data/tok_001.dat -> /Users/calum/Developer/Excelerator/dist/Excelerate.app/Contents/Resources/lib/python3.11/babel/locale-data/tok_001.dat
copying file /Users/calum/Developer/Excelerator/env/lib/python3.11/site-packages/babel/locale-data/pt_GQ.dat -> /Users/calum/Developer/Excelerator/dist/Excelerate.app/Contents/Resources/lib/python3.11/babel/locale-data/pt_GQ.dat
copying file /Users/calum/Developer/Excelerator/env/lib/python3.11/site-packages/babel/locale-data/zh_Hans_SG.dat -> /Users/calum/Developer/Excelerator/dist/Excelerate.app/Contents/Resources/lib/python3.11/babel/locale-data/zh_Hans_SG.dat
copying file /Users/calum/Developer/Excelerator/env/lib/python3.11/site-packages/babel/locale-data/en_GU.dat -> /Users/calum/Developer/Excelerator/dist/Excelerate.app/Contents/Resources/lib/python3.11/babel/locale-data/en_GU.dat
copying file /Users/calum/Developer/Excelerator/env/lib/python3.11/site-packages/babel/locale-data/blt.dat -> /Users/calum/Developer/Excelerator/dist/Excelerate.app/Contents/Resources/lib/python3.11/babel/locale-data/blt.dat
copying file /Users/calum/Developer/Excelerator/env/lib/python3.11/site-packages/babel/locale-data/ff_Latn_SL.dat -> /Users/calum/Developer/Excelerator/dist/Excelerate.app/Contents/Resources/lib/python3.11/babel/locale-data/ff_Latn_SL.dat
copying file /Users/calum/Developer/Excelerator/env/lib/python3.11/site-packages/babel/locale-data/teo_KE.dat -> /Users/calum/Developer/Excelerator/dist/Excelerate.app/Contents/Resources/lib/python3.11/babel/locale-data/teo_KE.dat
copying file /Users/calum/Developer/Excelerator/env/lib/python3.11/site-packages/babel/locale-data/en_GB.dat -> /Users/calum/Developer/Excelerator/dist/Excelerate.app/Contents/Resources/lib/python3.11/babel/locale-data/en_GB.dat
copying file /Users/calum/Developer/Excelerator/env/lib/python3.11/site-packages/babel/locale-data/ff_Adlm_MR.dat -> /Users/calum/Developer/Excelerator/dist/Excelerate.app/Contents/Resources/lib/python3.11/babel/locale-data/ff_Adlm_MR.dat
copying file /Users/calum/Developer/Excelerator/env/lib/python3.11/site-packages/babel/locale-data/it_IT.dat -> /Users/calum/Developer/Excelerator/dist/Excelerate.app/Contents/Resources/lib/python3.11/babel/locale-data/it_IT.dat
copying file /Users/calum/Developer/Excelerator/env/lib/python3.11/site-packages/babel/locale-data/zu.dat -> /Users/calum/Developer/Excelerator/dist/Excelerate.app/Contents/Resources/lib/python3.11/babel/locale-data/zu.dat
copying file /Users/calum/Developer/Excelerator/env/lib/python3.11/site-packages/babel/locale-data/ar_TN.dat -> /Users/calum/Developer/Excelerator/dist/Excelerate.app/Contents/Resources/lib/python3.11/babel/locale-data/ar_TN.dat
copying file /Users/calum/Developer/Excelerator/env/lib/python3.11/site-packages/babel/locale-data/kok_IN.dat -> /Users/calum/Developer/Excelerator/dist/Excelerate.app/Contents/Resources/lib/python3.11/babel/locale-data/kok_IN.dat
copying file /Users/calum/Developer/Excelerator/env/lib/python3.11/site-packages/babel/locale-data/fr_GP.dat -> /Users/calum/Developer/Excelerator/dist/Excelerate.app/Contents/Resources/lib/python3.11/babel/locale-data/fr_GP.dat
copying file /Users/calum/Developer/Excelerator/env/lib/python3.11/site-packages/babel/locale-data/ks_Deva_IN.dat -> /Users/calum/Developer/Excelerator/dist/Excelerate.app/Contents/Resources/lib/python3.11/babel/locale-data/ks_Deva_IN.dat
copying file /Users/calum/Developer/Excelerator/env/lib/python3.11/site-packages/babel/locale-data/vai_Vaii_LR.dat -> /Users/calum/Developer/Excelerator/dist/Excelerate.app/Contents/Resources/lib/python3.11/babel/locale-data/vai_Vaii_LR.dat
copying file /Users/calum/Developer/Excelerator/env/lib/python3.11/site-packages/babel/locale-data/doi.dat -> /Users/calum/Developer/Excelerator/dist/Excelerate.app/Contents/Resources/lib/python3.11/babel/locale-data/doi.dat
copying file /Users/calum/Developer/Excelerator/env/lib/python3.11/site-packages/babel/locale-data/fur.dat -> /Users/calum/Developer/Excelerator/dist/Excelerate.app/Contents/Resources/lib/python3.11/babel/locale-data/fur.dat
copying file /Users/calum/Developer/Excelerator/env/lib/python3.11/site-packages/babel/locale-data/ti.dat -> /Users/calum/Developer/Excelerator/dist/Excelerate.app/Contents/Resources/lib/python3.11/babel/locale-data/ti.dat
copying file /Users/calum/Developer/Excelerator/env/lib/python3.11/site-packages/babel/locale-data/ast.dat -> /Users/calum/Developer/Excelerator/dist/Excelerate.app/Contents/Resources/lib/python3.11/babel/locale-data/ast.dat
copying file /Users/calum/Developer/Excelerator/env/lib/python3.11/site-packages/babel/locale-data/uz.dat -> /Users/calum/Developer/Excelerator/dist/Excelerate.app/Contents/Resources/lib/python3.11/babel/locale-data/uz.dat
copying file /Users/calum/Developer/Excelerator/env/lib/python3.11/site-packages/babel/locale-data/kkj_CM.dat -> /Users/calum/Developer/Excelerator/dist/Excelerate.app/Contents/Resources/lib/python3.11/babel/locale-data/kkj_CM.dat
copying file /Users/calum/Developer/Excelerator/env/lib/python3.11/site-packages/babel/locale-data/bs.dat -> /Users/calum/Developer/Excelerator/dist/Excelerate.app/Contents/Resources/lib/python3.11/babel/locale-data/bs.dat
copying file /Users/calum/Developer/Excelerator/env/lib/python3.11/site-packages/babel/locale-data/vmw_MZ.dat -> /Users/calum/Developer/Excelerator/dist/Excelerate.app/Contents/Resources/lib/python3.11/babel/locale-data/vmw_MZ.dat
copying file /Users/calum/Developer/Excelerator/env/lib/python3.11/site-packages/babel/locale-data/so_SO.dat -> /Users/calum/Developer/Excelerator/dist/Excelerate.app/Contents/Resources/lib/python3.11/babel/locale-data/so_SO.dat
copying file /Users/calum/Developer/Excelerator/env/lib/python3.11/site-packages/babel/locale-data/agq.dat -> /Users/calum/Developer/Excelerator/dist/Excelerate.app/Contents/Resources/lib/python3.11/babel/locale-data/agq.dat
copying file /Users/calum/Developer/Excelerator/env/lib/python3.11/site-packages/babel/locale-data/it_SM.dat -> /Users/calum/Developer/Excelerator/dist/Excelerate.app/Contents/Resources/lib/python3.11/babel/locale-data/it_SM.dat
copying file /Users/calum/Developer/Excelerator/env/lib/python3.11/site-packages/babel/locale-data/vec.dat -> /Users/calum/Developer/Excelerator/dist/Excelerate.app/Contents/Resources/lib/python3.11/babel/locale-data/vec.dat
copying file /Users/calum/Developer/Excelerator/env/lib/python3.11/site-packages/babel/locale-data/az_Arab_IR.dat -> /Users/calum/Developer/Excelerator/dist/Excelerate.app/Contents/Resources/lib/python3.11/babel/locale-data/az_Arab_IR.dat
copying file /Users/calum/Developer/Excelerator/env/lib/python3.11/site-packages/babel/locale-data/sma_NO.dat -> /Users/calum/Developer/Excelerator/dist/Excelerate.app/Contents/Resources/lib/python3.11/babel/locale-data/sma_NO.dat
copying file /Users/calum/Developer/Excelerator/env/lib/python3.11/site-packages/babel/locale-data/ms_Arab_MY.dat -> /Users/calum/Developer/Excelerator/dist/Excelerate.app/Contents/Resources/lib/python3.11/babel/locale-data/ms_Arab_MY.dat
copying file /Users/calum/Developer/Excelerator/env/lib/python3.11/site-packages/babel/locale-data/en_Shaw.dat -> /Users/calum/Developer/Excelerator/dist/Excelerate.app/Contents/Resources/lib/python3.11/babel/locale-data/en_Shaw.dat
copying file /Users/calum/Developer/Excelerator/env/lib/python3.11/site-packages/babel/locale-data/mk.dat -> /Users/calum/Developer/Excelerator/dist/Excelerate.app/Contents/Resources/lib/python3.11/babel/locale-data/mk.dat
copying file /Users/calum/Developer/Excelerator/env/lib/python3.11/site-packages/babel/locale-data/lo.dat -> /Users/calum/Developer/Excelerator/dist/Excelerate.app/Contents/Resources/lib/python3.11/babel/locale-data/lo.dat
copying file /Users/calum/Developer/Excelerator/env/lib/python3.11/site-packages/babel/locale-data/iu_Latn.dat -> /Users/calum/Developer/Excelerator/dist/Excelerate.app/Contents/Resources/lib/python3.11/babel/locale-data/iu_Latn.dat
copying file /Users/calum/Developer/Excelerator/env/lib/python3.11/site-packages/babel/locale-data/hnj_Hmnp.dat -> /Users/calum/Developer/Excelerator/dist/Excelerate.app/Contents/Resources/lib/python3.11/babel/locale-data/hnj_Hmnp.dat
copying file /Users/calum/Developer/Excelerator/env/lib/python3.11/site-packages/babel/locale-data/oc.dat -> /Users/calum/Developer/Excelerator/dist/Excelerate.app/Contents/Resources/lib/python3.11/babel/locale-data/oc.dat
copying file /Users/calum/Developer/Excelerator/env/lib/python3.11/site-packages/babel/locale-data/fr_SC.dat -> /Users/calum/Developer/Excelerator/dist/Excelerate.app/Contents/Resources/lib/python3.11/babel/locale-data/fr_SC.dat
copying file /Users/calum/Developer/Excelerator/env/lib/python3.11/site-packages/babel/locale-data/yo_NG.dat -> /Users/calum/Developer/Excelerator/dist/Excelerate.app/Contents/Resources/lib/python3.11/babel/locale-data/yo_NG.dat
copying file /Users/calum/Developer/Excelerator/env/lib/python3.11/site-packages/babel/locale-data/ln.dat -> /Users/calum/Developer/Excelerator/dist/Excelerate.app/Contents/Resources/lib/python3.11/babel/locale-data/ln.dat
copying file /Users/calum/Developer/Excelerator/env/lib/python3.11/site-packages/babel/locale-data/csw.dat -> /Users/calum/Developer/Excelerator/dist/Excelerate.app/Contents/Resources/lib/python3.11/babel/locale-data/csw.dat
copying file /Users/calum/Developer/Excelerator/env/lib/python3.11/site-packages/babel/locale-data/lu_CD.dat -> /Users/calum/Developer/Excelerator/dist/Excelerate.app/Contents/Resources/lib/python3.11/babel/locale-data/lu_CD.dat
copying file /Users/calum/Developer/Excelerator/env/lib/python3.11/site-packages/babel/locale-data/vai_Vaii.dat -> /Users/calum/Developer/Excelerator/dist/Excelerate.app/Contents/Resources/lib/python3.11/babel/locale-data/vai_Vaii.dat
copying file /Users/calum/Developer/Excelerator/env/lib/python3.11/site-packages/babel/locale-data/ca.dat -> /Users/calum/Developer/Excelerator/dist/Excelerate.app/Contents/Resources/lib/python3.11/babel/locale-data/ca.dat
copying file /Users/calum/Developer/Excelerator/env/lib/python3.11/site-packages/babel/locale-data/be_BY.dat -> /Users/calum/Developer/Excelerator/dist/Excelerate.app/Contents/Resources/lib/python3.11/babel/locale-data/be_BY.dat
copying file /Users/calum/Developer/Excelerator/env/lib/python3.11/site-packages/babel/locale-data/be.dat -> /Users/calum/Developer/Excelerator/dist/Excelerate.app/Contents/Resources/lib/python3.11/babel/locale-data/be.dat
copying file /Users/calum/Developer/Excelerator/env/lib/python3.11/site-packages/babel/locale-data/cv.dat -> /Users/calum/Developer/Excelerator/dist/Excelerate.app/Contents/Resources/lib/python3.11/babel/locale-data/cv.dat
copying file /Users/calum/Developer/Excelerator/env/lib/python3.11/site-packages/babel/locale-data/br.dat -> /Users/calum/Developer/Excelerator/dist/Excelerate.app/Contents/Resources/lib/python3.11/babel/locale-data/br.dat
copying file /Users/calum/Developer/Excelerator/env/lib/python3.11/site-packages/babel/locale-data/yrl_BR.dat -> /Users/calum/Developer/Excelerator/dist/Excelerate.app/Contents/Resources/lib/python3.11/babel/locale-data/yrl_BR.dat
copying file /Users/calum/Developer/Excelerator/env/lib/python3.11/site-packages/babel/locale-data/th.dat -> /Users/calum/Developer/Excelerator/dist/Excelerate.app/Contents/Resources/lib/python3.11/babel/locale-data/th.dat
copying file /Users/calum/Developer/Excelerator/env/lib/python3.11/site-packages/babel/locale-data/so_ET.dat -> /Users/calum/Developer/Excelerator/dist/Excelerate.app/Contents/Resources/lib/python3.11/babel/locale-data/so_ET.dat
copying file /Users/calum/Developer/Excelerator/env/lib/python3.11/site-packages/babel/locale-data/mdf.dat -> /Users/calum/Developer/Excelerator/dist/Excelerate.app/Contents/Resources/lib/python3.11/babel/locale-data/mdf.dat
copying file /Users/calum/Developer/Excelerator/env/lib/python3.11/site-packages/babel/locale-data/cic_US.dat -> /Users/calum/Developer/Excelerator/dist/Excelerate.app/Contents/Resources/lib/python3.11/babel/locale-data/cic_US.dat
copying file /Users/calum/Developer/Excelerator/env/lib/python3.11/site-packages/babel/locale-data/cy_GB.dat -> /Users/calum/Developer/Excelerator/dist/Excelerate.app/Contents/Resources/lib/python3.11/babel/locale-data/cy_GB.dat
copying file /Users/calum/Developer/Excelerator/env/lib/python3.11/site-packages/babel/locale-data/fr_GF.dat -> /Users/calum/Developer/Excelerator/dist/Excelerate.app/Contents/Resources/lib/python3.11/babel/locale-data/fr_GF.dat
copying file /Users/calum/Developer/Excelerator/env/lib/python3.11/site-packages/babel/locale-data/nl_AW.dat -> /Users/calum/Developer/Excelerator/dist/Excelerate.app/Contents/Resources/lib/python3.11/babel/locale-data/nl_AW.dat
copying file /Users/calum/Developer/Excelerator/env/lib/python3.11/site-packages/babel/locale-data/fr_DJ.dat -> /Users/calum/Developer/Excelerator/dist/Excelerate.app/Contents/Resources/lib/python3.11/babel/locale-data/fr_DJ.dat
copying file /Users/calum/Developer/Excelerator/env/lib/python3.11/site-packages/babel/locale-data/ro_RO.dat -> /Users/calum/Developer/Excelerator/dist/Excelerate.app/Contents/Resources/lib/python3.11/babel/locale-data/ro_RO.dat
copying file /Users/calum/Developer/Excelerator/env/lib/python3.11/site-packages/babel/locale-data/fr_GQ.dat -> /Users/calum/Developer/Excelerator/dist/Excelerate.app/Contents/Resources/lib/python3.11/babel/locale-data/fr_GQ.dat
copying file /Users/calum/Developer/Excelerator/env/lib/python3.11/site-packages/babel/locale-data/yo.dat -> /Users/calum/Developer/Excelerator/dist/Excelerate.app/Contents/Resources/lib/python3.11/babel/locale-data/yo.dat
copying file /Users/calum/Developer/Excelerator/env/lib/python3.11/site-packages/babel/locale-data/vi_VN.dat -> /Users/calum/Developer/Excelerator/dist/Excelerate.app/Contents/Resources/lib/python3.11/babel/locale-data/vi_VN.dat
copying file /Users/calum/Developer/Excelerator/env/lib/python3.11/site-packages/babel/locale-data/nyn.dat -> /Users/calum/Developer/Excelerator/dist/Excelerate.app/Contents/Resources/lib/python3.11/babel/locale-data/nyn.dat
copying file /Users/calum/Developer/Excelerator/env/lib/python3.11/site-packages/babel/locale-data/ky_KG.dat -> /Users/calum/Developer/Excelerator/dist/Excelerate.app/Contents/Resources/lib/python3.11/babel/locale-data/ky_KG.dat
copying file /Users/calum/Developer/Excelerator/env/lib/python3.11/site-packages/babel/locale-data/hr_BA.dat -> /Users/calum/Developer/Excelerator/dist/Excelerate.app/Contents/Resources/lib/python3.11/babel/locale-data/hr_BA.dat
copying file /Users/calum/Developer/Excelerator/env/lib/python3.11/site-packages/babel/locale-data/ja_JP.dat -> /Users/calum/Developer/Excelerator/dist/Excelerate.app/Contents/Resources/lib/python3.11/babel/locale-data/ja_JP.dat
copying file /Users/calum/Developer/Excelerator/env/lib/python3.11/site-packages/babel/locale-data/lkt_US.dat -> /Users/calum/Developer/Excelerator/dist/Excelerate.app/Contents/Resources/lib/python3.11/babel/locale-data/lkt_US.dat
copying file /Users/calum/Developer/Excelerator/env/lib/python3.11/site-packages/babel/locale-data/zgh_MA.dat -> /Users/calum/Developer/Excelerator/dist/Excelerate.app/Contents/Resources/lib/python3.11/babel/locale-data/zgh_MA.dat
copying file /Users/calum/Developer/Excelerator/env/lib/python3.11/site-packages/babel/locale-data/kpe_LR.dat -> /Users/calum/Developer/Excelerator/dist/Excelerate.app/Contents/Resources/lib/python3.11/babel/locale-data/kpe_LR.dat
copying file /Users/calum/Developer/Excelerator/env/lib/python3.11/site-packages/babel/locale-data/nyn_UG.dat -> /Users/calum/Developer/Excelerator/dist/Excelerate.app/Contents/Resources/lib/python3.11/babel/locale-data/nyn_UG.dat
copying file /Users/calum/Developer/Excelerator/env/lib/python3.11/site-packages/babel/locale-data/fa_IR.dat -> /Users/calum/Developer/Excelerator/dist/Excelerate.app/Contents/Resources/lib/python3.11/babel/locale-data/fa_IR.dat
copying file /Users/calum/Developer/Excelerator/env/lib/python3.11/site-packages/babel/locale-data/ast_ES.dat -> /Users/calum/Developer/Excelerator/dist/Excelerate.app/Contents/Resources/lib/python3.11/babel/locale-data/ast_ES.dat
copying file /Users/calum/Developer/Excelerator/env/lib/python3.11/site-packages/babel/locale-data/sat_Olck_IN.dat -> /Users/calum/Developer/Excelerator/dist/Excelerate.app/Contents/Resources/lib/python3.11/babel/locale-data/sat_Olck_IN.dat
copying file /Users/calum/Developer/Excelerator/env/lib/python3.11/site-packages/babel/locale-data/or_IN.dat -> /Users/calum/Developer/Excelerator/dist/Excelerate.app/Contents/Resources/lib/python3.11/babel/locale-data/or_IN.dat
copying file /Users/calum/Developer/Excelerator/env/lib/python3.11/site-packages/babel/locale-data/luo.dat -> /Users/calum/Developer/Excelerator/dist/Excelerate.app/Contents/Resources/lib/python3.11/babel/locale-data/luo.dat
copying file /Users/calum/Developer/Excelerator/env/lib/python3.11/site-packages/babel/locale-data/fo_FO.dat -> /Users/calum/Developer/Excelerator/dist/Excelerate.app/Contents/Resources/lib/python3.11/babel/locale-data/fo_FO.dat
copying file /Users/calum/Developer/Excelerator/env/lib/python3.11/site-packages/babel/locale-data/ka_GE.dat -> /Users/calum/Developer/Excelerator/dist/Excelerate.app/Contents/Resources/lib/python3.11/babel/locale-data/ka_GE.dat
copying file /Users/calum/Developer/Excelerator/env/lib/python3.11/site-packages/babel/locale-data/ff_Latn_GH.dat -> /Users/calum/Developer/Excelerator/dist/Excelerate.app/Contents/Resources/lib/python3.11/babel/locale-data/ff_Latn_GH.dat
copying file /Users/calum/Developer/Excelerator/env/lib/python3.11/site-packages/babel/locale-data/kpe.dat -> /Users/calum/Developer/Excelerator/dist/Excelerate.app/Contents/Resources/lib/python3.11/babel/locale-data/kpe.dat
copying file /Users/calum/Developer/Excelerator/env/lib/python3.11/site-packages/babel/locale-data/en_PH.dat -> /Users/calum/Developer/Excelerator/dist/Excelerate.app/Contents/Resources/lib/python3.11/babel/locale-data/en_PH.dat
copying file /Users/calum/Developer/Excelerator/env/lib/python3.11/site-packages/babel/locale-data/en_SS.dat -> /Users/calum/Developer/Excelerator/dist/Excelerate.app/Contents/Resources/lib/python3.11/babel/locale-data/en_SS.dat
copying file /Users/calum/Developer/Excelerator/env/lib/python3.11/site-packages/babel/locale-data/en_RW.dat -> /Users/calum/Developer/Excelerator/dist/Excelerate.app/Contents/Resources/lib/python3.11/babel/locale-data/en_RW.dat
copying file /Users/calum/Developer/Excelerator/env/lib/python3.11/site-packages/babel/locale-data/en_SD.dat -> /Users/calum/Developer/Excelerator/dist/Excelerate.app/Contents/Resources/lib/python3.11/babel/locale-data/en_SD.dat
copying file /Users/calum/Developer/Excelerator/env/lib/python3.11/site-packages/babel/locale-data/nqo_GN.dat -> /Users/calum/Developer/Excelerator/dist/Excelerate.app/Contents/Resources/lib/python3.11/babel/locale-data/nqo_GN.dat
copying file /Users/calum/Developer/Excelerator/env/lib/python3.11/site-packages/babel/locale-data/sq_XK.dat -> /Users/calum/Developer/Excelerator/dist/Excelerate.app/Contents/Resources/lib/python3.11/babel/locale-data/sq_XK.dat
copying file /Users/calum/Developer/Excelerator/env/lib/python3.11/site-packages/babel/locale-data/shi_Tfng_MA.dat -> /Users/calum/Developer/Excelerator/dist/Excelerate.app/Contents/Resources/lib/python3.11/babel/locale-data/shi_Tfng_MA.dat
copying file /Users/calum/Developer/Excelerator/env/lib/python3.11/site-packages/babel/locale-data/ff_Adlm.dat -> /Users/calum/Developer/Excelerator/dist/Excelerate.app/Contents/Resources/lib/python3.11/babel/locale-data/ff_Adlm.dat
copying file /Users/calum/Developer/Excelerator/env/lib/python3.11/site-packages/babel/locale-data/dyo_SN.dat -> /Users/calum/Developer/Excelerator/dist/Excelerate.app/Contents/Resources/lib/python3.11/babel/locale-data/dyo_SN.dat
copying file /Users/calum/Developer/Excelerator/env/lib/python3.11/site-packages/babel/locale-data/rif_MA.dat -> /Users/calum/Developer/Excelerator/dist/Excelerate.app/Contents/Resources/lib/python3.11/babel/locale-data/rif_MA.dat
copying file /Users/calum/Developer/Excelerator/env/lib/python3.11/site-packages/babel/locale-data/en_DM.dat -> /Users/calum/Developer/Excelerator/dist/Excelerate.app/Contents/Resources/lib/python3.11/babel/locale-data/en_DM.dat
copying file /Users/calum/Developer/Excelerator/env/lib/python3.11/site-packages/babel/locale-data/mic.dat -> /Users/calum/Developer/Excelerator/dist/Excelerate.app/Contents/Resources/lib/python3.11/babel/locale-data/mic.dat
copying file /Users/calum/Developer/Excelerator/env/lib/python3.11/site-packages/babel/locale-data/dav.dat -> /Users/calum/Developer/Excelerator/dist/Excelerate.app/Contents/Resources/lib/python3.11/babel/locale-data/dav.dat
copying file /Users/calum/Developer/Excelerator/env/lib/python3.11/site-packages/babel/locale-data/es_PE.dat -> /Users/calum/Developer/Excelerator/dist/Excelerate.app/Contents/Resources/lib/python3.11/babel/locale-data/es_PE.dat
copying file /Users/calum/Developer/Excelerator/env/lib/python3.11/site-packages/babel/locale-data/cgg.dat -> /Users/calum/Developer/Excelerator/dist/Excelerate.app/Contents/Resources/lib/python3.11/babel/locale-data/cgg.dat
copying file /Users/calum/Developer/Excelerator/env/lib/python3.11/site-packages/babel/locale-data/za.dat -> /Users/calum/Developer/Excelerator/dist/Excelerate.app/Contents/Resources/lib/python3.11/babel/locale-data/za.dat
copying file /Users/calum/Developer/Excelerator/env/lib/python3.11/site-packages/babel/locale-data/es_PR.dat -> /Users/calum/Developer/Excelerator/dist/Excelerate.app/Contents/Resources/lib/python3.11/babel/locale-data/es_PR.dat
copying file /Users/calum/Developer/Excelerator/env/lib/python3.11/site-packages/babel/locale-data/ff_Adlm_CM.dat -> /Users/calum/Developer/Excelerator/dist/Excelerate.app/Contents/Resources/lib/python3.11/babel/locale-data/ff_Adlm_CM.dat
copying file /Users/calum/Developer/Excelerator/env/lib/python3.11/site-packages/babel/locale-data/ee_GH.dat -> /Users/calum/Developer/Excelerator/dist/Excelerate.app/Contents/Resources/lib/python3.11/babel/locale-data/ee_GH.dat
copying file /Users/calum/Developer/Excelerator/env/lib/python3.11/site-packages/babel/locale-data/mgh.dat -> /Users/calum/Developer/Excelerator/dist/Excelerate.app/Contents/Resources/lib/python3.11/babel/locale-data/mgh.dat
copying file /Users/calum/Developer/Excelerator/env/lib/python3.11/site-packages/babel/locale-data/ca_FR.dat -> /Users/calum/Developer/Excelerator/dist/Excelerate.app/Contents/Resources/lib/python3.11/babel/locale-data/ca_FR.dat
copying file /Users/calum/Developer/Excelerator/env/lib/python3.11/site-packages/babel/locale-data/ak.dat -> /Users/calum/Developer/Excelerator/dist/Excelerate.app/Contents/Resources/lib/python3.11/babel/locale-data/ak.dat
copying file /Users/calum/Developer/Excelerator/env/lib/python3.11/site-packages/babel/locale-data/az_Arab_IQ.dat -> /Users/calum/Developer/Excelerator/dist/Excelerate.app/Contents/Resources/lib/python3.11/babel/locale-data/az_Arab_IQ.dat
copying file /Users/calum/Developer/Excelerator/env/lib/python3.11/site-packages/babel/locale-data/bg.dat -> /Users/calum/Developer/Excelerator/dist/Excelerate.app/Contents/Resources/lib/python3.11/babel/locale-data/bg.dat
copying file /Users/calum/Developer/Excelerator/env/lib/python3.11/site-packages/babel/locale-data/sd_Deva.dat -> /Users/calum/Developer/Excelerator/dist/Excelerate.app/Contents/Resources/lib/python3.11/babel/locale-data/sd_Deva.dat
copying file /Users/calum/Developer/Excelerator/env/lib/python3.11/site-packages/babel/locale-data/fr_PM.dat -> /Users/calum/Developer/Excelerator/dist/Excelerate.app/Contents/Resources/lib/python3.11/babel/locale-data/fr_PM.dat
copying file /Users/calum/Developer/Excelerator/env/lib/python3.11/site-packages/babel/locale-data/nso_ZA.dat -> /Users/calum/Developer/Excelerator/dist/Excelerate.app/Contents/Resources/lib/python3.11/babel/locale-data/nso_ZA.dat
copying file /Users/calum/Developer/Excelerator/env/lib/python3.11/site-packages/babel/locale-data/es_ES.dat -> /Users/calum/Developer/Excelerator/dist/Excelerate.app/Contents/Resources/lib/python3.11/babel/locale-data/es_ES.dat
copying file /Users/calum/Developer/Excelerator/env/lib/python3.11/site-packages/babel/locale-data/nd.dat -> /Users/calum/Developer/Excelerator/dist/Excelerate.app/Contents/Resources/lib/python3.11/babel/locale-data/nd.dat
copying file /Users/calum/Developer/Excelerator/env/lib/python3.11/site-packages/babel/locale-data/fr_RE.dat -> /Users/calum/Developer/Excelerator/dist/Excelerate.app/Contents/Resources/lib/python3.11/babel/locale-data/fr_RE.dat
copying file /Users/calum/Developer/Excelerator/env/lib/python3.11/site-packages/babel/locale-data/rwk_TZ.dat -> /Users/calum/Developer/Excelerator/dist/Excelerate.app/Contents/Resources/lib/python3.11/babel/locale-data/rwk_TZ.dat
copying file /Users/calum/Developer/Excelerator/env/lib/python3.11/site-packages/babel/locale-data/ne.dat -> /Users/calum/Developer/Excelerator/dist/Excelerate.app/Contents/Resources/lib/python3.11/babel/locale-data/ne.dat
copying file /Users/calum/Developer/Excelerator/env/lib/python3.11/site-packages/babel/locale-data/nr.dat -> /Users/calum/Developer/Excelerator/dist/Excelerate.app/Contents/Resources/lib/python3.11/babel/locale-data/nr.dat
copying file /Users/calum/Developer/Excelerator/env/lib/python3.11/site-packages/babel/locale-data/mi.dat -> /Users/calum/Developer/Excelerator/dist/Excelerate.app/Contents/Resources/lib/python3.11/babel/locale-data/mi.dat
copying file /Users/calum/Developer/Excelerator/env/lib/python3.11/site-packages/babel/locale-data/kxv_Latn.dat -> /Users/calum/Developer/Excelerator/dist/Excelerate.app/Contents/Resources/lib/python3.11/babel/locale-data/kxv_Latn.dat
copying file /Users/calum/Developer/Excelerator/env/lib/python3.11/site-packages/babel/locale-data/mn_Mong.dat -> /Users/calum/Developer/Excelerator/dist/Excelerate.app/Contents/Resources/lib/python3.11/babel/locale-data/mn_Mong.dat
copying file /Users/calum/Developer/Excelerator/env/lib/python3.11/site-packages/babel/locale-data/mni_Beng.dat -> /Users/calum/Developer/Excelerator/dist/Excelerate.app/Contents/Resources/lib/python3.11/babel/locale-data/mni_Beng.dat
copying file /Users/calum/Developer/Excelerator/env/lib/python3.11/site-packages/babel/locale-data/nnh_CM.dat -> /Users/calum/Developer/Excelerator/dist/Excelerate.app/Contents/Resources/lib/python3.11/babel/locale-data/nnh_CM.dat
copying file /Users/calum/Developer/Excelerator/env/lib/python3.11/site-packages/babel/locale-data/shi_Latn.dat -> /Users/calum/Developer/Excelerator/dist/Excelerate.app/Contents/Resources/lib/python3.11/babel/locale-data/shi_Latn.dat
copying file /Users/calum/Developer/Excelerator/env/lib/python3.11/site-packages/babel/locale-data/az_Latn_AZ.dat -> /Users/calum/Developer/Excelerator/dist/Excelerate.app/Contents/Resources/lib/python3.11/babel/locale-data/az_Latn_AZ.dat
copying file /Users/calum/Developer/Excelerator/env/lib/python3.11/site-packages/babel/locale-data/sr_Cyrl_RS.dat -> /Users/calum/Developer/Excelerator/dist/Excelerate.app/Contents/Resources/lib/python3.11/babel/locale-data/sr_Cyrl_RS.dat
copying file /Users/calum/Developer/Excelerator/env/lib/python3.11/site-packages/babel/locale-data/cu.dat -> /Users/calum/Developer/Excelerator/dist/Excelerate.app/Contents/Resources/lib/python3.11/babel/locale-data/cu.dat
copying file /Users/calum/Developer/Excelerator/env/lib/python3.11/site-packages/babel/locale-data/th_TH.dat -> /Users/calum/Developer/Excelerator/dist/Excelerate.app/Contents/Resources/lib/python3.11/babel/locale-data/th_TH.dat
copying file /Users/calum/Developer/Excelerator/env/lib/python3.11/site-packages/babel/locale-data/asa.dat -> /Users/calum/Developer/Excelerator/dist/Excelerate.app/Contents/Resources/lib/python3.11/babel/locale-data/asa.dat
copying file /Users/calum/Developer/Excelerator/env/lib/python3.11/site-packages/babel/locale-data/tk.dat -> /Users/calum/Developer/Excelerator/dist/Excelerate.app/Contents/Resources/lib/python3.11/babel/locale-data/tk.dat
copying file /Users/calum/Developer/Excelerator/env/lib/python3.11/site-packages/babel/locale-data/el_GR.dat -> /Users/calum/Developer/Excelerator/dist/Excelerate.app/Contents/Resources/lib/python3.11/babel/locale-data/el_GR.dat
copying file /Users/calum/Developer/Excelerator/env/lib/python3.11/site-packages/babel/locale-data/smn.dat -> /Users/calum/Developer/Excelerator/dist/Excelerate.app/Contents/Resources/lib/python3.11/babel/locale-data/smn.dat
copying file /Users/calum/Developer/Excelerator/env/lib/python3.11/site-packages/babel/locale-data/nl_NL.dat -> /Users/calum/Developer/Excelerator/dist/Excelerate.app/Contents/Resources/lib/python3.11/babel/locale-data/nl_NL.dat
copying file /Users/calum/Developer/Excelerator/env/lib/python3.11/site-packages/babel/locale-data/xh.dat -> /Users/calum/Developer/Excelerator/dist/Excelerate.app/Contents/Resources/lib/python3.11/babel/locale-data/xh.dat
copying file /Users/calum/Developer/Excelerator/env/lib/python3.11/site-packages/babel/locale-data/quc_GT.dat -> /Users/calum/Developer/Excelerator/dist/Excelerate.app/Contents/Resources/lib/python3.11/babel/locale-data/quc_GT.dat
copying file /Users/calum/Developer/Excelerator/env/lib/python3.11/site-packages/babel/locale-data/ff_Latn_SN.dat -> /Users/calum/Developer/Excelerator/dist/Excelerate.app/Contents/Resources/lib/python3.11/babel/locale-data/ff_Latn_SN.dat
copying file /Users/calum/Developer/Excelerator/env/lib/python3.11/site-packages/babel/locale-data/pl_PL.dat -> /Users/calum/Developer/Excelerator/dist/Excelerate.app/Contents/Resources/lib/python3.11/babel/locale-data/pl_PL.dat
copying file /Users/calum/Developer/Excelerator/env/lib/python3.11/site-packages/babel/locale-data/rn_BI.dat -> /Users/calum/Developer/Excelerator/dist/Excelerate.app/Contents/Resources/lib/python3.11/babel/locale-data/rn_BI.dat
copying file /Users/calum/Developer/Excelerator/env/lib/python3.11/site-packages/babel/locale-data/rif.dat -> /Users/calum/Developer/Excelerator/dist/Excelerate.app/Contents/Resources/lib/python3.11/babel/locale-data/rif.dat
copying file /Users/calum/Developer/Excelerator/env/lib/python3.11/site-packages/babel/locale-data/en_001.dat -> /Users/calum/Developer/Excelerator/dist/Excelerate.app/Contents/Resources/lib/python3.11/babel/locale-data/en_001.dat
copying file /Users/calum/Developer/Excelerator/env/lib/python3.11/site-packages/babel/locale-data/tzm_MA.dat -> /Users/calum/Developer/Excelerator/dist/Excelerate.app/Contents/Resources/lib/python3.11/babel/locale-data/tzm_MA.dat
copying file /Users/calum/Developer/Excelerator/env/lib/python3.11/site-packages/babel/locale-data/as_IN.dat -> /Users/calum/Developer/Excelerator/dist/Excelerate.app/Contents/Resources/lib/python3.11/babel/locale-data/as_IN.dat
copying file /Users/calum/Developer/Excelerator/env/lib/python3.11/site-packages/babel/locale-data/sc_IT.dat -> /Users/calum/Developer/Excelerator/dist/Excelerate.app/Contents/Resources/lib/python3.11/babel/locale-data/sc_IT.dat
copying file /Users/calum/Developer/Excelerator/env/lib/python3.11/site-packages/babel/locale-data/sq_MK.dat -> /Users/calum/Developer/Excelerator/dist/Excelerate.app/Contents/Resources/lib/python3.11/babel/locale-data/sq_MK.dat
copying file /Users/calum/Developer/Excelerator/env/lib/python3.11/site-packages/babel/locale-data/hi_Latn_IN.dat -> /Users/calum/Developer/Excelerator/dist/Excelerate.app/Contents/Resources/lib/python3.11/babel/locale-data/hi_Latn_IN.dat
copying file /Users/calum/Developer/Excelerator/env/lib/python3.11/site-packages/babel/locale-data/kw_GB.dat -> /Users/calum/Developer/Excelerator/dist/Excelerate.app/Contents/Resources/lib/python3.11/babel/locale-data/kw_GB.dat
copying file /Users/calum/Developer/Excelerator/env/lib/python3.11/site-packages/babel/locale-data/pis.dat -> /Users/calum/Developer/Excelerator/dist/Excelerate.app/Contents/Resources/lib/python3.11/babel/locale-data/pis.dat
copying file /Users/calum/Developer/Excelerator/env/lib/python3.11/site-packages/babel/locale-data/jgo_CM.dat -> /Users/calum/Developer/Excelerator/dist/Excelerate.app/Contents/Resources/lib/python3.11/babel/locale-data/jgo_CM.dat
copying file /Users/calum/Developer/Excelerator/env/lib/python3.11/site-packages/babel/locale-data/bn_BD.dat -> /Users/calum/Developer/Excelerator/dist/Excelerate.app/Contents/Resources/lib/python3.11/babel/locale-data/bn_BD.dat
copying file /Users/calum/Developer/Excelerator/env/lib/python3.11/site-packages/babel/locale-data/en_SE.dat -> /Users/calum/Developer/Excelerator/dist/Excelerate.app/Contents/Resources/lib/python3.11/babel/locale-data/en_SE.dat
copying file /Users/calum/Developer/Excelerator/env/lib/python3.11/site-packages/babel/locale-data/ms_ID.dat -> /Users/calum/Developer/Excelerator/dist/Excelerate.app/Contents/Resources/lib/python3.11/babel/locale-data/ms_ID.dat
copying file /Users/calum/Developer/Excelerator/env/lib/python3.11/site-packages/babel/locale-data/gez_ET.dat -> /Users/calum/Developer/Excelerator/dist/Excelerate.app/Contents/Resources/lib/python3.11/babel/locale-data/gez_ET.dat
copying file /Users/calum/Developer/Excelerator/env/lib/python3.11/site-packages/babel/locale-data/zh_Hans_HK.dat -> /Users/calum/Developer/Excelerator/dist/Excelerate.app/Contents/Resources/lib/python3.11/babel/locale-data/zh_Hans_HK.dat
copying file /Users/calum/Developer/Excelerator/env/lib/python3.11/site-packages/babel/locale-data/pt_GW.dat -> /Users/calum/Developer/Excelerator/dist/Excelerate.app/Contents/Resources/lib/python3.11/babel/locale-data/pt_GW.dat
copying file /Users/calum/Developer/Excelerator/env/lib/python3.11/site-packages/babel/locale-data/en_HK.dat -> /Users/calum/Developer/Excelerator/dist/Excelerate.app/Contents/Resources/lib/python3.11/babel/locale-data/en_HK.dat
copying file /Users/calum/Developer/Excelerator/env/lib/python3.11/site-packages/babel/locale-data/my_MM.dat -> /Users/calum/Developer/Excelerator/dist/Excelerate.app/Contents/Resources/lib/python3.11/babel/locale-data/my_MM.dat
copying file /Users/calum/Developer/Excelerator/env/lib/python3.11/site-packages/babel/locale-data/en_IO.dat -> /Users/calum/Developer/Excelerator/dist/Excelerate.app/Contents/Resources/lib/python3.11/babel/locale-data/en_IO.dat
copying file /Users/calum/Developer/Excelerator/env/lib/python3.11/site-packages/babel/locale-data/fil_PH.dat -> /Users/calum/Developer/Excelerator/dist/Excelerate.app/Contents/Resources/lib/python3.11/babel/locale-data/fil_PH.dat
copying file /Users/calum/Developer/Excelerator/env/lib/python3.11/site-packages/babel/locale-data/en_GD.dat -> /Users/calum/Developer/Excelerator/dist/Excelerate.app/Contents/Resources/lib/python3.11/babel/locale-data/en_GD.dat
copying file /Users/calum/Developer/Excelerator/env/lib/python3.11/site-packages/babel/locale-data/bgn_AE.dat -> /Users/calum/Developer/Excelerator/dist/Excelerate.app/Contents/Resources/lib/python3.11/babel/locale-data/bgn_AE.dat
copying file /Users/calum/Developer/Excelerator/env/lib/python3.11/site-packages/babel/locale-data/kgp_BR.dat -> /Users/calum/Developer/Excelerator/dist/Excelerate.app/Contents/Resources/lib/python3.11/babel/locale-data/kgp_BR.dat
copying file /Users/calum/Developer/Excelerator/env/lib/python3.11/site-packages/babel/locale-data/guz_KE.dat -> /Users/calum/Developer/Excelerator/dist/Excelerate.app/Contents/Resources/lib/python3.11/babel/locale-data/guz_KE.dat
copying file /Users/calum/Developer/Excelerator/env/lib/python3.11/site-packages/babel/locale-data/sq_AL.dat -> /Users/calum/Developer/Excelerator/dist/Excelerate.app/Contents/Resources/lib/python3.11/babel/locale-data/sq_AL.dat
copying file /Users/calum/Developer/Excelerator/env/lib/python3.11/site-packages/babel/locale-data/khq_ML.dat -> /Users/calum/Developer/Excelerator/dist/Excelerate.app/Contents/Resources/lib/python3.11/babel/locale-data/khq_ML.dat
copying file /Users/calum/Developer/Excelerator/env/lib/python3.11/site-packages/babel/locale-data/fr_DZ.dat -> /Users/calum/Developer/Excelerator/dist/Excelerate.app/Contents/Resources/lib/python3.11/babel/locale-data/fr_DZ.dat
copying file /Users/calum/Developer/Excelerator/env/lib/python3.11/site-packages/babel/locale-data/fr_GA.dat -> /Users/calum/Developer/Excelerator/dist/Excelerate.app/Contents/Resources/lib/python3.11/babel/locale-data/fr_GA.dat
copying file /Users/calum/Developer/Excelerator/env/lib/python3.11/site-packages/babel/locale-data/fr_FR.dat -> /Users/calum/Developer/Excelerator/dist/Excelerate.app/Contents/Resources/lib/python3.11/babel/locale-data/fr_FR.dat
copying file /Users/calum/Developer/Excelerator/env/lib/python3.11/site-packages/babel/locale-data/mer.dat -> /Users/calum/Developer/Excelerator/dist/Excelerate.app/Contents/Resources/lib/python3.11/babel/locale-data/mer.dat
copying file /Users/calum/Developer/Excelerator/env/lib/python3.11/site-packages/babel/locale-data/te_IN.dat -> /Users/calum/Developer/Excelerator/dist/Excelerate.app/Contents/Resources/lib/python3.11/babel/locale-data/te_IN.dat
copying file /Users/calum/Developer/Excelerator/env/lib/python3.11/site-packages/babel/locale-data/smj.dat -> /Users/calum/Developer/Excelerator/dist/Excelerate.app/Contents/Resources/lib/python3.11/babel/locale-data/smj.dat
copying file /Users/calum/Developer/Excelerator/env/lib/python3.11/site-packages/babel/locale-data/to.dat -> /Users/calum/Developer/Excelerator/dist/Excelerate.app/Contents/Resources/lib/python3.11/babel/locale-data/to.dat
copying file /Users/calum/Developer/Excelerator/env/lib/python3.11/site-packages/babel/locale-data/uk.dat -> /Users/calum/Developer/Excelerator/dist/Excelerate.app/Contents/Resources/lib/python3.11/babel/locale-data/uk.dat
copying file /Users/calum/Developer/Excelerator/env/lib/python3.11/site-packages/babel/locale-data/ewo_CM.dat -> /Users/calum/Developer/Excelerator/dist/Excelerate.app/Contents/Resources/lib/python3.11/babel/locale-data/ewo_CM.dat
copying file /Users/calum/Developer/Excelerator/env/lib/python3.11/site-packages/babel/locale-data/ar_LY.dat -> /Users/calum/Developer/Excelerator/dist/Excelerate.app/Contents/Resources/lib/python3.11/babel/locale-data/ar_LY.dat
copying file /Users/calum/Developer/Excelerator/env/lib/python3.11/site-packages/babel/locale-data/co_FR.dat -> /Users/calum/Developer/Excelerator/dist/Excelerate.app/Contents/Resources/lib/python3.11/babel/locale-data/co_FR.dat
copying file /Users/calum/Developer/Excelerator/env/lib/python3.11/site-packages/babel/locale-data/an.dat -> /Users/calum/Developer/Excelerator/dist/Excelerate.app/Contents/Resources/lib/python3.11/babel/locale-data/an.dat
copying file /Users/calum/Developer/Excelerator/env/lib/python3.11/site-packages/babel/locale-data/de_IT.dat -> /Users/calum/Developer/Excelerator/dist/Excelerate.app/Contents/Resources/lib/python3.11/babel/locale-data/de_IT.dat
copying file /Users/calum/Developer/Excelerator/env/lib/python3.11/site-packages/babel/locale-data/dua.dat -> /Users/calum/Developer/Excelerator/dist/Excelerate.app/Contents/Resources/lib/python3.11/babel/locale-data/dua.dat
copying file /Users/calum/Developer/Excelerator/env/lib/python3.11/site-packages/babel/locale-data/shi_Latn_MA.dat -> /Users/calum/Developer/Excelerator/dist/Excelerate.app/Contents/Resources/lib/python3.11/babel/locale-data/shi_Latn_MA.dat
copying file /Users/calum/Developer/Excelerator/env/lib/python3.11/site-packages/babel/locale-data/or.dat -> /Users/calum/Developer/Excelerator/dist/Excelerate.app/Contents/Resources/lib/python3.11/babel/locale-data/or.dat
copying file /Users/calum/Developer/Excelerator/env/lib/python3.11/site-packages/babel/locale-data/es_EA.dat -> /Users/calum/Developer/Excelerator/dist/Excelerate.app/Contents/Resources/lib/python3.11/babel/locale-data/es_EA.dat
copying file /Users/calum/Developer/Excelerator/env/lib/python3.11/site-packages/babel/locale-data/an_ES.dat -> /Users/calum/Developer/Excelerator/dist/Excelerate.app/Contents/Resources/lib/python3.11/babel/locale-data/an_ES.dat
copying file /Users/calum/Developer/Excelerator/env/lib/python3.11/site-packages/babel/locale-data/fr_RW.dat -> /Users/calum/Developer/Excelerator/dist/Excelerate.app/Contents/Resources/lib/python3.11/babel/locale-data/fr_RW.dat
copying file /Users/calum/Developer/Excelerator/env/lib/python3.11/site-packages/babel/locale-data/nv.dat -> /Users/calum/Developer/Excelerator/dist/Excelerate.app/Contents/Resources/lib/python3.11/babel/locale-data/nv.dat
copying file /Users/calum/Developer/Excelerator/env/lib/python3.11/site-packages/babel/locale-data/ml.dat -> /Users/calum/Developer/Excelerator/dist/Excelerate.app/Contents/Resources/lib/python3.11/babel/locale-data/ml.dat
copying file /Users/calum/Developer/Excelerator/env/lib/python3.11/site-packages/babel/locale-data/os.dat -> /Users/calum/Developer/Excelerator/dist/Excelerate.app/Contents/Resources/lib/python3.11/babel/locale-data/os.dat
copying file /Users/calum/Developer/Excelerator/env/lib/python3.11/site-packages/babel/locale-data/de_DE.dat -> /Users/calum/Developer/Excelerator/dist/Excelerate.app/Contents/Resources/lib/python3.11/babel/locale-data/de_DE.dat
copying file /Users/calum/Developer/Excelerator/env/lib/python3.11/site-packages/babel/locale-data/es_IC.dat -> /Users/calum/Developer/Excelerator/dist/Excelerate.app/Contents/Resources/lib/python3.11/babel/locale-data/es_IC.dat
copying file /Users/calum/Developer/Excelerator/env/lib/python3.11/site-packages/babel/locale-data/cs_CZ.dat -> /Users/calum/Developer/Excelerator/dist/Excelerate.app/Contents/Resources/lib/python3.11/babel/locale-data/cs_CZ.dat
copying file /Users/calum/Developer/Excelerator/env/lib/python3.11/site-packages/babel/locale-data/sd_Arab_PK.dat -> /Users/calum/Developer/Excelerator/dist/Excelerate.app/Contents/Resources/lib/python3.11/babel/locale-data/sd_Arab_PK.dat
copying file /Users/calum/Developer/Excelerator/env/lib/python3.11/site-packages/babel/locale-data/wal_ET.dat -> /Users/calum/Developer/Excelerator/dist/Excelerate.app/Contents/Resources/lib/python3.11/babel/locale-data/wal_ET.dat
copying file /Users/calum/Developer/Excelerator/env/lib/python3.11/site-packages/babel/locale-data/tn.dat -> /Users/calum/Developer/Excelerator/dist/Excelerate.app/Contents/Resources/lib/python3.11/babel/locale-data/tn.dat
copying file /Users/calum/Developer/Excelerator/env/lib/python3.11/site-packages/babel/locale-data/bal_Latn.dat -> /Users/calum/Developer/Excelerator/dist/Excelerate.app/Contents/Resources/lib/python3.11/babel/locale-data/bal_Latn.dat
copying file /Users/calum/Developer/Excelerator/env/lib/python3.11/site-packages/babel/locale-data/bo_IN.dat -> /Users/calum/Developer/Excelerator/dist/Excelerate.app/Contents/Resources/lib/python3.11/babel/locale-data/bo_IN.dat
copying file /Users/calum/Developer/Excelerator/env/lib/python3.11/site-packages/babel/locale-data/yi.dat -> /Users/calum/Developer/Excelerator/dist/Excelerate.app/Contents/Resources/lib/python3.11/babel/locale-data/yi.dat
copying file /Users/calum/Developer/Excelerator/env/lib/python3.11/site-packages/babel/locale-data/es_PA.dat -> /Users/calum/Developer/Excelerator/dist/Excelerate.app/Contents/Resources/lib/python3.11/babel/locale-data/es_PA.dat
copying file /Users/calum/Developer/Excelerator/env/lib/python3.11/site-packages/babel/locale-data/he_IL.dat -> /Users/calum/Developer/Excelerator/dist/Excelerate.app/Contents/Resources/lib/python3.11/babel/locale-data/he_IL.dat
copying file /Users/calum/Developer/Excelerator/env/lib/python3.11/site-packages/babel/locale-data/sah.dat -> /Users/calum/Developer/Excelerator/dist/Excelerate.app/Contents/Resources/lib/python3.11/babel/locale-data/sah.dat
copying file /Users/calum/Developer/Excelerator/env/lib/python3.11/site-packages/babel/locale-data/rhg.dat -> /Users/calum/Developer/Excelerator/dist/Excelerate.app/Contents/Resources/lib/python3.11/babel/locale-data/rhg.dat
copying file /Users/calum/Developer/Excelerator/env/lib/python3.11/site-packages/babel/locale-data/ceb_PH.dat -> /Users/calum/Developer/Excelerator/dist/Excelerate.app/Contents/Resources/lib/python3.11/babel/locale-data/ceb_PH.dat
copying file /Users/calum/Developer/Excelerator/env/lib/python3.11/site-packages/babel/locale-data/en_IN.dat -> /Users/calum/Developer/Excelerator/dist/Excelerate.app/Contents/Resources/lib/python3.11/babel/locale-data/en_IN.dat
copying file /Users/calum/Developer/Excelerator/env/lib/python3.11/site-packages/babel/locale-data/mfe_MU.dat -> /Users/calum/Developer/Excelerator/dist/Excelerate.app/Contents/Resources/lib/python3.11/babel/locale-data/mfe_MU.dat
copying file /Users/calum/Developer/Excelerator/env/lib/python3.11/site-packages/babel/locale-data/om_ET.dat -> /Users/calum/Developer/Excelerator/dist/Excelerate.app/Contents/Resources/lib/python3.11/babel/locale-data/om_ET.dat
copying file /Users/calum/Developer/Excelerator/env/lib/python3.11/site-packages/babel/locale-data/lmo.dat -> /Users/calum/Developer/Excelerator/dist/Excelerate.app/Contents/Resources/lib/python3.11/babel/locale-data/lmo.dat
copying file /Users/calum/Developer/Excelerator/env/lib/python3.11/site-packages/babel/locale-data/eo_001.dat -> /Users/calum/Developer/Excelerator/dist/Excelerate.app/Contents/Resources/lib/python3.11/babel/locale-data/eo_001.dat
copying file /Users/calum/Developer/Excelerator/env/lib/python3.11/site-packages/babel/locale-data/ko_KR.dat -> /Users/calum/Developer/Excelerator/dist/Excelerate.app/Contents/Resources/lib/python3.11/babel/locale-data/ko_KR.dat
copying file /Users/calum/Developer/Excelerator/env/lib/python3.11/site-packages/babel/locale-data/si_LK.dat -> /Users/calum/Developer/Excelerator/dist/Excelerate.app/Contents/Resources/lib/python3.11/babel/locale-data/si_LK.dat
copying file /Users/calum/Developer/Excelerator/env/lib/python3.11/site-packages/babel/locale-data/wal.dat -> /Users/calum/Developer/Excelerator/dist/Excelerate.app/Contents/Resources/lib/python3.11/babel/locale-data/wal.dat
copying file /Users/calum/Developer/Excelerator/env/lib/python3.11/site-packages/babel/locale-data/skr_PK.dat -> /Users/calum/Developer/Excelerator/dist/Excelerate.app/Contents/Resources/lib/python3.11/babel/locale-data/skr_PK.dat
copying file /Users/calum/Developer/Excelerator/env/lib/python3.11/site-packages/babel/locale-data/ff_Latn_GN.dat -> /Users/calum/Developer/Excelerator/dist/Excelerate.app/Contents/Resources/lib/python3.11/babel/locale-data/ff_Latn_GN.dat
copying file /Users/calum/Developer/Excelerator/env/lib/python3.11/site-packages/babel/locale-data/haw_US.dat -> /Users/calum/Developer/Excelerator/dist/Excelerate.app/Contents/Resources/lib/python3.11/babel/locale-data/haw_US.dat
copying file /Users/calum/Developer/Excelerator/env/lib/python3.11/site-packages/babel/locale-data/gez.dat -> /Users/calum/Developer/Excelerator/dist/Excelerate.app/Contents/Resources/lib/python3.11/babel/locale-data/gez.dat
copying file /Users/calum/Developer/Excelerator/env/lib/python3.11/site-packages/babel/locale-data/en_SB.dat -> /Users/calum/Developer/Excelerator/dist/Excelerate.app/Contents/Resources/lib/python3.11/babel/locale-data/en_SB.dat
copying file /Users/calum/Developer/Excelerator/env/lib/python3.11/site-packages/babel/locale-data/en_PN.dat -> /Users/calum/Developer/Excelerator/dist/Excelerate.app/Contents/Resources/lib/python3.11/babel/locale-data/en_PN.dat
copying file /Users/calum/Developer/Excelerator/env/lib/python3.11/site-packages/babel/locale-data/ko_KP.dat -> /Users/calum/Developer/Excelerator/dist/Excelerate.app/Contents/Resources/lib/python3.11/babel/locale-data/ko_KP.dat
copying file /Users/calum/Developer/Excelerator/env/lib/python3.11/site-packages/babel/locale-data/kxv_Telu_IN.dat -> /Users/calum/Developer/Excelerator/dist/Excelerate.app/Contents/Resources/lib/python3.11/babel/locale-data/kxv_Telu_IN.dat
copying file /Users/calum/Developer/Excelerator/env/lib/python3.11/site-packages/babel/locale-data/yav.dat -> /Users/calum/Developer/Excelerator/dist/Excelerate.app/Contents/Resources/lib/python3.11/babel/locale-data/yav.dat
copying file /Users/calum/Developer/Excelerator/env/lib/python3.11/site-packages/babel/locale-data/af_ZA.dat -> /Users/calum/Developer/Excelerator/dist/Excelerate.app/Contents/Resources/lib/python3.11/babel/locale-data/af_ZA.dat
copying file /Users/calum/Developer/Excelerator/env/lib/python3.11/site-packages/babel/locale-data/hi_IN.dat -> /Users/calum/Developer/Excelerator/dist/Excelerate.app/Contents/Resources/lib/python3.11/babel/locale-data/hi_IN.dat
copying file /Users/calum/Developer/Excelerator/env/lib/python3.11/site-packages/babel/locale-data/ru_KZ.dat -> /Users/calum/Developer/Excelerator/dist/Excelerate.app/Contents/Resources/lib/python3.11/babel/locale-data/ru_KZ.dat
copying file /Users/calum/Developer/Excelerator/env/lib/python3.11/site-packages/babel/locale-data/oc_ES.dat -> /Users/calum/Developer/Excelerator/dist/Excelerate.app/Contents/Resources/lib/python3.11/babel/locale-data/oc_ES.dat
copying file /Users/calum/Developer/Excelerator/env/lib/python3.11/site-packages/babel/locale-data/bgn_OM.dat -> /Users/calum/Developer/Excelerator/dist/Excelerate.app/Contents/Resources/lib/python3.11/babel/locale-data/bgn_OM.dat
copying file /Users/calum/Developer/Excelerator/env/lib/python3.11/site-packages/babel/locale-data/en_IL.dat -> /Users/calum/Developer/Excelerator/dist/Excelerate.app/Contents/Resources/lib/python3.11/babel/locale-data/en_IL.dat
copying file /Users/calum/Developer/Excelerator/env/lib/python3.11/site-packages/babel/locale-data/xog_UG.dat -> /Users/calum/Developer/Excelerator/dist/Excelerate.app/Contents/Resources/lib/python3.11/babel/locale-data/xog_UG.dat
copying file /Users/calum/Developer/Excelerator/env/lib/python3.11/site-packages/babel/locale-data/en_GG.dat -> /Users/calum/Developer/Excelerator/dist/Excelerate.app/Contents/Resources/lib/python3.11/babel/locale-data/en_GG.dat
copying file /Users/calum/Developer/Excelerator/env/lib/python3.11/site-packages/babel/locale-data/bgn_AF.dat -> /Users/calum/Developer/Excelerator/dist/Excelerate.app/Contents/Resources/lib/python3.11/babel/locale-data/bgn_AF.dat
copying file /Users/calum/Developer/Excelerator/env/lib/python3.11/site-packages/babel/locale-data/gsw.dat -> /Users/calum/Developer/Excelerator/dist/Excelerate.app/Contents/Resources/lib/python3.11/babel/locale-data/gsw.dat
copying file /Users/calum/Developer/Excelerator/env/lib/python3.11/site-packages/babel/locale-data/en_DK.dat -> /Users/calum/Developer/Excelerator/dist/Excelerate.app/Contents/Resources/lib/python3.11/babel/locale-data/en_DK.dat
copying file /Users/calum/Developer/Excelerator/env/lib/python3.11/site-packages/babel/locale-data/st_LS.dat -> /Users/calum/Developer/Excelerator/dist/Excelerate.app/Contents/Resources/lib/python3.11/babel/locale-data/st_LS.dat
copying file /Users/calum/Developer/Excelerator/env/lib/python3.11/site-packages/babel/locale-data/tig.dat -> /Users/calum/Developer/Excelerator/dist/Excelerate.app/Contents/Resources/lib/python3.11/babel/locale-data/tig.dat
copying file /Users/calum/Developer/Excelerator/env/lib/python3.11/site-packages/babel/locale-data/ckb.dat -> /Users/calum/Developer/Excelerator/dist/Excelerate.app/Contents/Resources/lib/python3.11/babel/locale-data/ckb.dat
copying file /Users/calum/Developer/Excelerator/env/lib/python3.11/site-packages/babel/locale-data/ne_NP.dat -> /Users/calum/Developer/Excelerator/dist/Excelerate.app/Contents/Resources/lib/python3.11/babel/locale-data/ne_NP.dat
copying file /Users/calum/Developer/Excelerator/env/lib/python3.11/site-packages/babel/locale-data/frr_DE.dat -> /Users/calum/Developer/Excelerator/dist/Excelerate.app/Contents/Resources/lib/python3.11/babel/locale-data/frr_DE.dat
copying file /Users/calum/Developer/Excelerator/env/lib/python3.11/site-packages/babel/locale-data/az_Latn.dat -> /Users/calum/Developer/Excelerator/dist/Excelerate.app/Contents/Resources/lib/python3.11/babel/locale-data/az_Latn.dat
copying file /Users/calum/Developer/Excelerator/env/lib/python3.11/site-packages/babel/locale-data/az.dat -> /Users/calum/Developer/Excelerator/dist/Excelerate.app/Contents/Resources/lib/python3.11/babel/locale-data/az.dat
copying file /Users/calum/Developer/Excelerator/env/lib/python3.11/site-packages/babel/locale-data/ba.dat -> /Users/calum/Developer/Excelerator/dist/Excelerate.app/Contents/Resources/lib/python3.11/babel/locale-data/ba.dat
copying file /Users/calum/Developer/Excelerator/env/lib/python3.11/site-packages/babel/locale-data/ce.dat -> /Users/calum/Developer/Excelerator/dist/Excelerate.app/Contents/Resources/lib/python3.11/babel/locale-data/ce.dat
copying file /Users/calum/Developer/Excelerator/env/lib/python3.11/site-packages/babel/locale-data/am.dat -> /Users/calum/Developer/Excelerator/dist/Excelerate.app/Contents/Resources/lib/python3.11/babel/locale-data/am.dat
copying file /Users/calum/Developer/Excelerator/env/lib/python3.11/site-packages/babel/locale-data/nb.dat -> /Users/calum/Developer/Excelerator/dist/Excelerate.app/Contents/Resources/lib/python3.11/babel/locale-data/nb.dat
copying file /Users/calum/Developer/Excelerator/env/lib/python3.11/site-packages/babel/locale-data/my.dat -> /Users/calum/Developer/Excelerator/dist/Excelerate.app/Contents/Resources/lib/python3.11/babel/locale-data/my.dat
copying file /Users/calum/Developer/Excelerator/env/lib/python3.11/site-packages/babel/locale-data/hnj_Hmnp_US.dat -> /Users/calum/Developer/Excelerator/dist/Excelerate.app/Contents/Resources/lib/python3.11/babel/locale-data/hnj_Hmnp_US.dat
copying file /Users/calum/Developer/Excelerator/env/lib/python3.11/site-packages/babel/locale-data/uz_Cyrl_UZ.dat -> /Users/calum/Developer/Excelerator/dist/Excelerate.app/Contents/Resources/lib/python3.11/babel/locale-data/uz_Cyrl_UZ.dat
copying file /Users/calum/Developer/Excelerator/env/lib/python3.11/site-packages/babel/locale-data/mn.dat -> /Users/calum/Developer/Excelerator/dist/Excelerate.app/Contents/Resources/lib/python3.11/babel/locale-data/mn.dat
copying file /Users/calum/Developer/Excelerator/env/lib/python3.11/site-packages/babel/locale-data/es_EC.dat -> /Users/calum/Developer/Excelerator/dist/Excelerate.app/Contents/Resources/lib/python3.11/babel/locale-data/es_EC.dat
copying file /Users/calum/Developer/Excelerator/env/lib/python3.11/site-packages/babel/locale-data/ba_RU.dat -> /Users/calum/Developer/Excelerator/dist/Excelerate.app/Contents/Resources/lib/python3.11/babel/locale-data/ba_RU.dat
copying file /Users/calum/Developer/Excelerator/env/lib/python3.11/site-packages/babel/locale-data/ss_ZA.dat -> /Users/calum/Developer/Excelerator/dist/Excelerate.app/Contents/Resources/lib/python3.11/babel/locale-data/ss_ZA.dat
copying file /Users/calum/Developer/Excelerator/env/lib/python3.11/site-packages/babel/locale-data/cs.dat -> /Users/calum/Developer/Excelerator/dist/Excelerate.app/Contents/Resources/lib/python3.11/babel/locale-data/cs.dat
copying file /Users/calum/Developer/Excelerator/env/lib/python3.11/site-packages/babel/locale-data/yrl_VE.dat -> /Users/calum/Developer/Excelerator/dist/Excelerate.app/Contents/Resources/lib/python3.11/babel/locale-data/yrl_VE.dat
copying file /Users/calum/Developer/Excelerator/env/lib/python3.11/site-packages/babel/locale-data/cho.dat -> /Users/calum/Developer/Excelerator/dist/Excelerate.app/Contents/Resources/lib/python3.11/babel/locale-data/cho.dat
copying file /Users/calum/Developer/Excelerator/env/lib/python3.11/site-packages/babel/locale-data/wa.dat -> /Users/calum/Developer/Excelerator/dist/Excelerate.app/Contents/Resources/lib/python3.11/babel/locale-data/wa.dat
copying file /Users/calum/Developer/Excelerator/env/lib/python3.11/site-packages/babel/locale-data/nb_NO.dat -> /Users/calum/Developer/Excelerator/dist/Excelerate.app/Contents/Resources/lib/python3.11/babel/locale-data/nb_NO.dat
copying file /Users/calum/Developer/Excelerator/env/lib/python3.11/site-packages/babel/locale-data/mgo.dat -> /Users/calum/Developer/Excelerator/dist/Excelerate.app/Contents/Resources/lib/python3.11/babel/locale-data/mgo.dat
copying file /Users/calum/Developer/Excelerator/env/lib/python3.11/site-packages/babel/locale-data/ve.dat -> /Users/calum/Developer/Excelerator/dist/Excelerate.app/Contents/Resources/lib/python3.11/babel/locale-data/ve.dat
copying file /Users/calum/Developer/Excelerator/env/lib/python3.11/site-packages/babel/locale-data/ff_Adlm_LR.dat -> /Users/calum/Developer/Excelerator/dist/Excelerate.app/Contents/Resources/lib/python3.11/babel/locale-data/ff_Adlm_LR.dat
copying file /Users/calum/Developer/Excelerator/env/lib/python3.11/site-packages/babel/locale-data/sbp.dat -> /Users/calum/Developer/Excelerator/dist/Excelerate.app/Contents/Resources/lib/python3.11/babel/locale-data/sbp.dat
copying file /Users/calum/Developer/Excelerator/env/lib/python3.11/site-packages/babel/locale-data/gd_GB.dat -> /Users/calum/Developer/Excelerator/dist/Excelerate.app/Contents/Resources/lib/python3.11/babel/locale-data/gd_GB.dat
copying file /Users/calum/Developer/Excelerator/env/lib/python3.11/site-packages/babel/locale-data/nn_NO.dat -> /Users/calum/Developer/Excelerator/dist/Excelerate.app/Contents/Resources/lib/python3.11/babel/locale-data/nn_NO.dat
copying file /Users/calum/Developer/Excelerator/env/lib/python3.11/site-packages/babel/locale-data/kde.dat -> /Users/calum/Developer/Excelerator/dist/Excelerate.app/Contents/Resources/lib/python3.11/babel/locale-data/kde.dat
copying file /Users/calum/Developer/Excelerator/env/lib/python3.11/site-packages/babel/locale-data/kea.dat -> /Users/calum/Developer/Excelerator/dist/Excelerate.app/Contents/Resources/lib/python3.11/babel/locale-data/kea.dat
copying file /Users/calum/Developer/Excelerator/env/lib/python3.11/site-packages/babel/locale-data/nv_US.dat -> /Users/calum/Developer/Excelerator/dist/Excelerate.app/Contents/Resources/lib/python3.11/babel/locale-data/nv_US.dat
copying file /Users/calum/Developer/Excelerator/env/lib/python3.11/site-packages/babel/locale-data/ga_IE.dat -> /Users/calum/Developer/Excelerator/dist/Excelerate.app/Contents/Resources/lib/python3.11/babel/locale-data/ga_IE.dat
copying file /Users/calum/Developer/Excelerator/env/lib/python3.11/site-packages/babel/locale-data/yue.dat -> /Users/calum/Developer/Excelerator/dist/Excelerate.app/Contents/Resources/lib/python3.11/babel/locale-data/yue.dat
copying file /Users/calum/Developer/Excelerator/env/lib/python3.11/site-packages/babel/locale-data/ml_IN.dat -> /Users/calum/Developer/Excelerator/dist/Excelerate.app/Contents/Resources/lib/python3.11/babel/locale-data/ml_IN.dat
copying file /Users/calum/Developer/Excelerator/env/lib/python3.11/site-packages/babel/locale-data/en_IM.dat -> /Users/calum/Developer/Excelerator/dist/Excelerate.app/Contents/Resources/lib/python3.11/babel/locale-data/en_IM.dat
copying file /Users/calum/Developer/Excelerator/env/lib/python3.11/site-packages/babel/locale-data/en_KE.dat -> /Users/calum/Developer/Excelerator/dist/Excelerate.app/Contents/Resources/lib/python3.11/babel/locale-data/en_KE.dat
copying file /Users/calum/Developer/Excelerator/env/lib/python3.11/site-packages/babel/locale-data/kkj.dat -> /Users/calum/Developer/Excelerator/dist/Excelerate.app/Contents/Resources/lib/python3.11/babel/locale-data/kkj.dat
copying file /Users/calum/Developer/Excelerator/env/lib/python3.11/site-packages/babel/locale-data/khq.dat -> /Users/calum/Developer/Excelerator/dist/Excelerate.app/Contents/Resources/lib/python3.11/babel/locale-data/khq.dat
copying file /Users/calum/Developer/Excelerator/env/lib/python3.11/site-packages/babel/locale-data/gsw_FR.dat -> /Users/calum/Developer/Excelerator/dist/Excelerate.app/Contents/Resources/lib/python3.11/babel/locale-data/gsw_FR.dat
copying file /Users/calum/Developer/Excelerator/env/lib/python3.11/site-packages/babel/locale-data/cho_US.dat -> /Users/calum/Developer/Excelerator/dist/Excelerate.app/Contents/Resources/lib/python3.11/babel/locale-data/cho_US.dat
copying file /Users/calum/Developer/Excelerator/env/lib/python3.11/site-packages/babel/locale-data/seh_MZ.dat -> /Users/calum/Developer/Excelerator/dist/Excelerate.app/Contents/Resources/lib/python3.11/babel/locale-data/seh_MZ.dat
copying file /Users/calum/Developer/Excelerator/env/lib/python3.11/site-packages/babel/locale-data/en_SC.dat -> /Users/calum/Developer/Excelerator/dist/Excelerate.app/Contents/Resources/lib/python3.11/babel/locale-data/en_SC.dat
copying file /Users/calum/Developer/Excelerator/env/lib/python3.11/site-packages/babel/locale-data/la_VA.dat -> /Users/calum/Developer/Excelerator/dist/Excelerate.app/Contents/Resources/lib/python3.11/babel/locale-data/la_VA.dat
copying file /Users/calum/Developer/Excelerator/env/lib/python3.11/site-packages/babel/locale-data/ff_Latn_GM.dat -> /Users/calum/Developer/Excelerator/dist/Excelerate.app/Contents/Resources/lib/python3.11/babel/locale-data/ff_Latn_GM.dat
copying file /Users/calum/Developer/Excelerator/env/lib/python3.11/site-packages/babel/util.py -> /Users/calum/Developer/Excelerator/dist/Excelerate.app/Contents/Resources/lib/python3.11/babel/util.py
copying file /Users/calum/Developer/Excelerator/env/lib/python3.11/site-packages/babel/__init__.py -> /Users/calum/Developer/Excelerator/dist/Excelerate.app/Contents/Resources/lib/python3.11/babel/__init__.py
copying file /Users/calum/Developer/Excelerator/env/lib/python3.11/site-packages/babel/core.py -> /Users/calum/Developer/Excelerator/dist/Excelerate.app/Contents/Resources/lib/python3.11/babel/core.py
creating /Users/calum/Developer/Excelerator/dist/Excelerate.app/Contents/Resources/lib/python3.11/babel/localtime
copying file /Users/calum/Developer/Excelerator/env/lib/python3.11/site-packages/babel/localtime/_win32.py -> /Users/calum/Developer/Excelerator/dist/Excelerate.app/Contents/Resources/lib/python3.11/babel/localtime/_win32.py
copying file /Users/calum/Developer/Excelerator/env/lib/python3.11/site-packages/babel/localtime/__init__.py -> /Users/calum/Developer/Excelerator/dist/Excelerate.app/Contents/Resources/lib/python3.11/babel/localtime/__init__.py
creating /Users/calum/Developer/Excelerator/dist/Excelerate.app/Contents/Resources/lib/python3.11/babel/localtime/__pycache__
copying file /Users/calum/Developer/Excelerator/env/lib/python3.11/site-packages/babel/localtime/__pycache__/_helpers.cpython-311.pyc -> /Users/calum/Developer/Excelerator/dist/Excelerate.app/Contents/Resources/lib/python3.11/babel/localtime/__pycache__/_helpers.cpython-311.pyc
copying file /Users/calum/Developer/Excelerator/env/lib/python3.11/site-packages/babel/localtime/__pycache__/_win32.cpython-311.pyc -> /Users/calum/Developer/Excelerator/dist/Excelerate.app/Contents/Resources/lib/python3.11/babel/localtime/__pycache__/_win32.cpython-311.pyc
copying file /Users/calum/Developer/Excelerator/env/lib/python3.11/site-packages/babel/localtime/__pycache__/_unix.cpython-311.pyc -> /Users/calum/Developer/Excelerator/dist/Excelerate.app/Contents/Resources/lib/python3.11/babel/localtime/__pycache__/_unix.cpython-311.pyc
copying file /Users/calum/Developer/Excelerator/env/lib/python3.11/site-packages/babel/localtime/__pycache__/_fallback.cpython-311.pyc -> /Users/calum/Developer/Excelerator/dist/Excelerate.app/Contents/Resources/lib/python3.11/babel/localtime/__pycache__/_fallback.cpython-311.pyc
copying file /Users/calum/Developer/Excelerator/env/lib/python3.11/site-packages/babel/localtime/__pycache__/__init__.cpython-311.pyc -> /Users/calum/Developer/Excelerator/dist/Excelerate.app/Contents/Resources/lib/python3.11/babel/localtime/__pycache__/__init__.cpython-311.pyc
copying file /Users/calum/Developer/Excelerator/env/lib/python3.11/site-packages/babel/localtime/_unix.py -> /Users/calum/Developer/Excelerator/dist/Excelerate.app/Contents/Resources/lib/python3.11/babel/localtime/_unix.py
copying file /Users/calum/Developer/Excelerator/env/lib/python3.11/site-packages/babel/localtime/_fallback.py -> /Users/calum/Developer/Excelerator/dist/Excelerate.app/Contents/Resources/lib/python3.11/babel/localtime/_fallback.py
copying file /Users/calum/Developer/Excelerator/env/lib/python3.11/site-packages/babel/localtime/_helpers.py -> /Users/calum/Developer/Excelerator/dist/Excelerate.app/Contents/Resources/lib/python3.11/babel/localtime/_helpers.py
creating /Users/calum/Developer/Excelerator/dist/Excelerate.app/Contents/Resources/lib/python3.11/babel/__pycache__
copying file /Users/calum/Developer/Excelerator/env/lib/python3.11/site-packages/babel/__pycache__/core.cpython-311.pyc -> /Users/calum/Developer/Excelerator/dist/Excelerate.app/Contents/Resources/lib/python3.11/babel/__pycache__/core.cpython-311.pyc
copying file /Users/calum/Developer/Excelerator/env/lib/python3.11/site-packages/babel/__pycache__/localedata.cpython-311.pyc -> /Users/calum/Developer/Excelerator/dist/Excelerate.app/Contents/Resources/lib/python3.11/babel/__pycache__/localedata.cpython-311.pyc
copying file /Users/calum/Developer/Excelerator/env/lib/python3.11/site-packages/babel/__pycache__/languages.cpython-311.pyc -> /Users/calum/Developer/Excelerator/dist/Excelerate.app/Contents/Resources/lib/python3.11/babel/__pycache__/languages.cpython-311.pyc
copying file /Users/calum/Developer/Excelerator/env/lib/python3.11/site-packages/babel/__pycache__/dates.cpython-311.pyc -> /Users/calum/Developer/Excelerator/dist/Excelerate.app/Contents/Resources/lib/python3.11/babel/__pycache__/dates.cpython-311.pyc
copying file /Users/calum/Developer/Excelerator/env/lib/python3.11/site-packages/babel/__pycache__/numbers.cpython-311.pyc -> /Users/calum/Developer/Excelerator/dist/Excelerate.app/Contents/Resources/lib/python3.11/babel/__pycache__/numbers.cpython-311.pyc
copying file /Users/calum/Developer/Excelerator/env/lib/python3.11/site-packages/babel/__pycache__/lists.cpython-311.pyc -> /Users/calum/Developer/Excelerator/dist/Excelerate.app/Contents/Resources/lib/python3.11/babel/__pycache__/lists.cpython-311.pyc
copying file /Users/calum/Developer/Excelerator/env/lib/python3.11/site-packages/babel/__pycache__/support.cpython-311.pyc -> /Users/calum/Developer/Excelerator/dist/Excelerate.app/Contents/Resources/lib/python3.11/babel/__pycache__/support.cpython-311.pyc
copying file /Users/calum/Developer/Excelerator/env/lib/python3.11/site-packages/babel/__pycache__/units.cpython-311.pyc -> /Users/calum/Developer/Excelerator/dist/Excelerate.app/Contents/Resources/lib/python3.11/babel/__pycache__/units.cpython-311.pyc
copying file /Users/calum/Developer/Excelerator/env/lib/python3.11/site-packages/babel/__pycache__/plural.cpython-311.pyc -> /Users/calum/Developer/Excelerator/dist/Excelerate.app/Contents/Resources/lib/python3.11/babel/__pycache__/plural.cpython-311.pyc
copying file /Users/calum/Developer/Excelerator/env/lib/python3.11/site-packages/babel/__pycache__/util.cpython-311.pyc -> /Users/calum/Developer/Excelerator/dist/Excelerate.app/Contents/Resources/lib/python3.11/babel/__pycache__/util.cpython-311.pyc
copying file /Users/calum/Developer/Excelerator/env/lib/python3.11/site-packages/babel/__pycache__/__init__.cpython-311.pyc -> /Users/calum/Developer/Excelerator/dist/Excelerate.app/Contents/Resources/lib/python3.11/babel/__pycache__/__init__.cpython-311.pyc
copying file /Users/calum/Developer/Excelerator/env/lib/python3.11/site-packages/babel/numbers.py -> /Users/calum/Developer/Excelerator/dist/Excelerate.app/Contents/Resources/lib/python3.11/babel/numbers.py
copying file /Users/calum/Developer/Excelerator/env/lib/python3.11/site-packages/babel/plural.py -> /Users/calum/Developer/Excelerator/dist/Excelerate.app/Contents/Resources/lib/python3.11/babel/plural.py
copying file /Users/calum/Developer/Excelerator/env/lib/python3.11/site-packages/babel/py.typed -> /Users/calum/Developer/Excelerator/dist/Excelerate.app/Contents/Resources/lib/python3.11/babel/py.typed
copying file /Users/calum/Developer/Excelerator/env/lib/python3.11/site-packages/babel/dates.py -> /Users/calum/Developer/Excelerator/dist/Excelerate.app/Contents/Resources/lib/python3.11/babel/dates.py
copying file /Users/calum/Developer/Excelerator/env/lib/python3.11/site-packages/babel/localedata.py -> /Users/calum/Developer/Excelerator/dist/Excelerate.app/Contents/Resources/lib/python3.11/babel/localedata.py
copying file /Users/calum/Developer/Excelerator/env/lib/python3.11/site-packages/babel/languages.py -> /Users/calum/Developer/Excelerator/dist/Excelerate.app/Contents/Resources/lib/python3.11/babel/languages.py
creating /Users/calum/Developer/Excelerator/dist/Excelerate.app/Contents/Resources/lib/python3.11/parsers
copying file parsers/cv_parser.py -> /Users/calum/Developer/Excelerator/dist/Excelerate.app/Contents/Resources/lib/python3.11/parsers/cv_parser.py
copying file parsers/.DS_Store -> /Users/calum/Developer/Excelerator/dist/Excelerate.app/Contents/Resources/lib/python3.11/parsers/.DS_Store
copying file parsers/kings_parser.py -> /Users/calum/Developer/Excelerator/dist/Excelerate.app/Contents/Resources/lib/python3.11/parsers/kings_parser.py
copying file parsers/__init__.py -> /Users/calum/Developer/Excelerator/dist/Excelerate.app/Contents/Resources/lib/python3.11/parsers/__init__.py
creating /Users/calum/Developer/Excelerator/dist/Excelerate.app/Contents/Resources/lib/python3.11/parsers/__pycache__
copying file parsers/__pycache__/cv_parser.cpython-311.pyc -> /Users/calum/Developer/Excelerator/dist/Excelerate.app/Contents/Resources/lib/python3.11/parsers/__pycache__/cv_parser.cpython-311.pyc
copying file parsers/__pycache__/boom_parser.cpython-311.pyc -> /Users/calum/Developer/Excelerator/dist/Excelerate.app/Contents/Resources/lib/python3.11/parsers/__pycache__/boom_parser.cpython-311.pyc
copying file parsers/__pycache__/bhb_parser.cpython-311.pyc -> /Users/calum/Developer/Excelerator/dist/Excelerate.app/Contents/Resources/lib/python3.11/parsers/__pycache__/bhb_parser.cpython-311.pyc
copying file parsers/__pycache__/kings_parser.cpython-311.pyc -> /Users/calum/Developer/Excelerator/dist/Excelerate.app/Contents/Resources/lib/python3.11/parsers/__pycache__/kings_parser.cpython-311.pyc
copying file parsers/__pycache__/acs_parser.cpython-311.pyc -> /Users/calum/Developer/Excelerator/dist/Excelerate.app/Contents/Resources/lib/python3.11/parsers/__pycache__/acs_parser.cpython-311.pyc
copying file parsers/__pycache__/__init__.cpython-311.pyc -> /Users/calum/Developer/Excelerator/dist/Excelerate.app/Contents/Resources/lib/python3.11/parsers/__pycache__/__init__.cpython-311.pyc
copying file parsers/acs_parser.py -> /Users/calum/Developer/Excelerator/dist/Excelerate.app/Contents/Resources/lib/python3.11/parsers/acs_parser.py
copying file parsers/bhb_parser.py -> /Users/calum/Developer/Excelerator/dist/Excelerate.app/Contents/Resources/lib/python3.11/parsers/bhb_parser.py
copying file parsers/boom_parser.py -> /Users/calum/Developer/Excelerator/dist/Excelerate.app/Contents/Resources/lib/python3.11/parsers/boom_parser.py
creating /Users/calum/Developer/Excelerator/dist/Excelerate.app/Contents/Resources/lib/python3.11/certifi
copying file /Users/calum/Developer/Excelerator/env/lib/python3.11/site-packages/certifi/__init__.py -> /Users/calum/Developer/Excelerator/dist/Excelerate.app/Contents/Resources/lib/python3.11/certifi/__init__.py
copying file /Users/calum/Developer/Excelerator/env/lib/python3.11/site-packages/certifi/core.py -> /Users/calum/Developer/Excelerator/dist/Excelerate.app/Contents/Resources/lib/python3.11/certifi/core.py
creating /Users/calum/Developer/Excelerator/dist/Excelerate.app/Contents/Resources/lib/python3.11/certifi/__pycache__
copying file /Users/calum/Developer/Excelerator/env/lib/python3.11/site-packages/certifi/__pycache__/core.cpython-311.pyc -> /Users/calum/Developer/Excelerator/dist/Excelerate.app/Contents/Resources/lib/python3.11/certifi/__pycache__/core.cpython-311.pyc
copying file /Users/calum/Developer/Excelerator/env/lib/python3.11/site-packages/certifi/__pycache__/__init__.cpython-311.pyc -> /Users/calum/Developer/Excelerator/dist/Excelerate.app/Contents/Resources/lib/python3.11/certifi/__pycache__/__init__.cpython-311.pyc
copying file /Users/calum/Developer/Excelerator/env/lib/python3.11/site-packages/certifi/__pycache__/__main__.cpython-311.pyc -> /Users/calum/Developer/Excelerator/dist/Excelerate.app/Contents/Resources/lib/python3.11/certifi/__pycache__/__main__.cpython-311.pyc
copying file /Users/calum/Developer/Excelerator/env/lib/python3.11/site-packages/certifi/py.typed -> /Users/calum/Developer/Excelerator/dist/Excelerate.app/Contents/Resources/lib/python3.11/certifi/py.typed
copying file /Users/calum/Developer/Excelerator/env/lib/python3.11/site-packages/certifi/cacert.pem -> /Users/calum/Developer/Excelerator/dist/Excelerate.app/Contents/Resources/lib/python3.11/certifi/cacert.pem
copying file /Users/calum/Developer/Excelerator/env/lib/python3.11/site-packages/certifi/__main__.py -> /Users/calum/Developer/Excelerator/dist/Excelerate.app/Contents/Resources/lib/python3.11/certifi/__main__.py
creating /Users/calum/Developer/Excelerator/dist/Excelerate.app/Contents/Resources/lib/python3.11/cffi
copying file /Users/calum/Developer/Excelerator/env/lib/python3.11/site-packages/cffi/_cffi_include.h -> /Users/calum/Developer/Excelerator/dist/Excelerate.app/Contents/Resources/lib/python3.11/cffi/_cffi_include.h
copying file /Users/calum/Developer/Excelerator/env/lib/python3.11/site-packages/cffi/_imp_emulation.py -> /Users/calum/Developer/Excelerator/dist/Excelerate.app/Contents/Resources/lib/python3.11/cffi/_imp_emulation.py
copying file /Users/calum/Developer/Excelerator/env/lib/python3.11/site-packages/cffi/backend_ctypes.py -> /Users/calum/Developer/Excelerator/dist/Excelerate.app/Contents/Resources/lib/python3.11/cffi/backend_ctypes.py
copying file /Users/calum/Developer/Excelerator/env/lib/python3.11/site-packages/cffi/error.py -> /Users/calum/Developer/Excelerator/dist/Excelerate.app/Contents/Resources/lib/python3.11/cffi/error.py
copying file /Users/calum/Developer/Excelerator/env/lib/python3.11/site-packages/cffi/setuptools_ext.py -> /Users/calum/Developer/Excelerator/dist/Excelerate.app/Contents/Resources/lib/python3.11/cffi/setuptools_ext.py
copying file /Users/calum/Developer/Excelerator/env/lib/python3.11/site-packages/cffi/_shimmed_dist_utils.py -> /Users/calum/Developer/Excelerator/dist/Excelerate.app/Contents/Resources/lib/python3.11/cffi/_shimmed_dist_utils.py
copying file /Users/calum/Developer/Excelerator/env/lib/python3.11/site-packages/cffi/_cffi_errors.h -> /Users/calum/Developer/Excelerator/dist/Excelerate.app/Contents/Resources/lib/python3.11/cffi/_cffi_errors.h
copying file /Users/calum/Developer/Excelerator/env/lib/python3.11/site-packages/cffi/__init__.py -> /Users/calum/Developer/Excelerator/dist/Excelerate.app/Contents/Resources/lib/python3.11/cffi/__init__.py
copying file /Users/calum/Developer/Excelerator/env/lib/python3.11/site-packages/cffi/cffi_opcode.py -> /Users/calum/Developer/Excelerator/dist/Excelerate.app/Contents/Resources/lib/python3.11/cffi/cffi_opcode.py
copying file /Users/calum/Developer/Excelerator/env/lib/python3.11/site-packages/cffi/vengine_gen.py -> /Users/calum/Developer/Excelerator/dist/Excelerate.app/Contents/Resources/lib/python3.11/cffi/vengine_gen.py
creating /Users/calum/Developer/Excelerator/dist/Excelerate.app/Contents/Resources/lib/python3.11/cffi/__pycache__
copying file /Users/calum/Developer/Excelerator/env/lib/python3.11/site-packages/cffi/__pycache__/cparser.cpython-311.pyc -> /Users/calum/Developer/Excelerator/dist/Excelerate.app/Contents/Resources/lib/python3.11/cffi/__pycache__/cparser.cpython-311.pyc
copying file /Users/calum/Developer/Excelerator/env/lib/python3.11/site-packages/cffi/__pycache__/api.cpython-311.pyc -> /Users/calum/Developer/Excelerator/dist/Excelerate.app/Contents/Resources/lib/python3.11/cffi/__pycache__/api.cpython-311.pyc
copying file /Users/calum/Developer/Excelerator/env/lib/python3.11/site-packages/cffi/__pycache__/pkgconfig.cpython-311.pyc -> /Users/calum/Developer/Excelerator/dist/Excelerate.app/Contents/Resources/lib/python3.11/cffi/__pycache__/pkgconfig.cpython-311.pyc
copying file /Users/calum/Developer/Excelerator/env/lib/python3.11/site-packages/cffi/__pycache__/vengine_cpy.cpython-311.pyc -> /Users/calum/Developer/Excelerator/dist/Excelerate.app/Contents/Resources/lib/python3.11/cffi/__pycache__/vengine_cpy.cpython-311.pyc
copying file /Users/calum/Developer/Excelerator/env/lib/python3.11/site-packages/cffi/__pycache__/model.cpython-311.pyc -> /Users/calum/Developer/Excelerator/dist/Excelerate.app/Contents/Resources/lib/python3.11/cffi/__pycache__/model.cpython-311.pyc
copying file /Users/calum/Developer/Excelerator/env/lib/python3.11/site-packages/cffi/__pycache__/commontypes.cpython-311.pyc -> /Users/calum/Developer/Excelerator/dist/Excelerate.app/Contents/Resources/lib/python3.11/cffi/__pycache__/commontypes.cpython-311.pyc
copying file /Users/calum/Developer/Excelerator/env/lib/python3.11/site-packages/cffi/__pycache__/_imp_emulation.cpython-311.pyc -> /Users/calum/Developer/Excelerator/dist/Excelerate.app/Contents/Resources/lib/python3.11/cffi/__pycache__/_imp_emulation.cpython-311.pyc
copying file /Users/calum/Developer/Excelerator/env/lib/python3.11/site-packages/cffi/__pycache__/vengine_gen.cpython-311.pyc -> /Users/calum/Developer/Excelerator/dist/Excelerate.app/Contents/Resources/lib/python3.11/cffi/__pycache__/vengine_gen.cpython-311.pyc
copying file /Users/calum/Developer/Excelerator/env/lib/python3.11/site-packages/cffi/__pycache__/recompiler.cpython-311.pyc -> /Users/calum/Developer/Excelerator/dist/Excelerate.app/Contents/Resources/lib/python3.11/cffi/__pycache__/recompiler.cpython-311.pyc
copying file /Users/calum/Developer/Excelerator/env/lib/python3.11/site-packages/cffi/__pycache__/error.cpython-311.pyc -> /Users/calum/Developer/Excelerator/dist/Excelerate.app/Contents/Resources/lib/python3.11/cffi/__pycache__/error.cpython-311.pyc
copying file /Users/calum/Developer/Excelerator/env/lib/python3.11/site-packages/cffi/__pycache__/ffiplatform.cpython-311.pyc -> /Users/calum/Developer/Excelerator/dist/Excelerate.app/Contents/Resources/lib/python3.11/cffi/__pycache__/ffiplatform.cpython-311.pyc
copying file /Users/calum/Developer/Excelerator/env/lib/python3.11/site-packages/cffi/__pycache__/_shimmed_dist_utils.cpython-311.pyc -> /Users/calum/Developer/Excelerator/dist/Excelerate.app/Contents/Resources/lib/python3.11/cffi/__pycache__/_shimmed_dist_utils.cpython-311.pyc
copying file /Users/calum/Developer/Excelerator/env/lib/python3.11/site-packages/cffi/__pycache__/backend_ctypes.cpython-311.pyc -> /Users/calum/Developer/Excelerator/dist/Excelerate.app/Contents/Resources/lib/python3.11/cffi/__pycache__/backend_ctypes.cpython-311.pyc
copying file /Users/calum/Developer/Excelerator/env/lib/python3.11/site-packages/cffi/__pycache__/setuptools_ext.cpython-311.pyc -> /Users/calum/Developer/Excelerator/dist/Excelerate.app/Contents/Resources/lib/python3.11/cffi/__pycache__/setuptools_ext.cpython-311.pyc
copying file /Users/calum/Developer/Excelerator/env/lib/python3.11/site-packages/cffi/__pycache__/verifier.cpython-311.pyc -> /Users/calum/Developer/Excelerator/dist/Excelerate.app/Contents/Resources/lib/python3.11/cffi/__pycache__/verifier.cpython-311.pyc
copying file /Users/calum/Developer/Excelerator/env/lib/python3.11/site-packages/cffi/__pycache__/__init__.cpython-311.pyc -> /Users/calum/Developer/Excelerator/dist/Excelerate.app/Contents/Resources/lib/python3.11/cffi/__pycache__/__init__.cpython-311.pyc
copying file /Users/calum/Developer/Excelerator/env/lib/python3.11/site-packages/cffi/__pycache__/lock.cpython-311.pyc -> /Users/calum/Developer/Excelerator/dist/Excelerate.app/Contents/Resources/lib/python3.11/cffi/__pycache__/lock.cpython-311.pyc
copying file /Users/calum/Developer/Excelerator/env/lib/python3.11/site-packages/cffi/__pycache__/cffi_opcode.cpython-311.pyc -> /Users/calum/Developer/Excelerator/dist/Excelerate.app/Contents/Resources/lib/python3.11/cffi/__pycache__/cffi_opcode.cpython-311.pyc
copying file /Users/calum/Developer/Excelerator/env/lib/python3.11/site-packages/cffi/pkgconfig.py -> /Users/calum/Developer/Excelerator/dist/Excelerate.app/Contents/Resources/lib/python3.11/cffi/pkgconfig.py
copying file /Users/calum/Developer/Excelerator/env/lib/python3.11/site-packages/cffi/model.py -> /Users/calum/Developer/Excelerator/dist/Excelerate.app/Contents/Resources/lib/python3.11/cffi/model.py
copying file /Users/calum/Developer/Excelerator/env/lib/python3.11/site-packages/cffi/ffiplatform.py -> /Users/calum/Developer/Excelerator/dist/Excelerate.app/Contents/Resources/lib/python3.11/cffi/ffiplatform.py
copying file /Users/calum/Developer/Excelerator/env/lib/python3.11/site-packages/cffi/api.py -> /Users/calum/Developer/Excelerator/dist/Excelerate.app/Contents/Resources/lib/python3.11/cffi/api.py
copying file /Users/calum/Developer/Excelerator/env/lib/python3.11/site-packages/cffi/vengine_cpy.py -> /Users/calum/Developer/Excelerator/dist/Excelerate.app/Contents/Resources/lib/python3.11/cffi/vengine_cpy.py
copying file /Users/calum/Developer/Excelerator/env/lib/python3.11/site-packages/cffi/_embedding.h -> /Users/calum/Developer/Excelerator/dist/Excelerate.app/Contents/Resources/lib/python3.11/cffi/_embedding.h
copying file /Users/calum/Developer/Excelerator/env/lib/python3.11/site-packages/cffi/commontypes.py -> /Users/calum/Developer/Excelerator/dist/Excelerate.app/Contents/Resources/lib/python3.11/cffi/commontypes.py
copying file /Users/calum/Developer/Excelerator/env/lib/python3.11/site-packages/cffi/lock.py -> /Users/calum/Developer/Excelerator/dist/Excelerate.app/Contents/Resources/lib/python3.11/cffi/lock.py
copying file /Users/calum/Developer/Excelerator/env/lib/python3.11/site-packages/cffi/recompiler.py -> /Users/calum/Developer/Excelerator/dist/Excelerate.app/Contents/Resources/lib/python3.11/cffi/recompiler.py
copying file /Users/calum/Developer/Excelerator/env/lib/python3.11/site-packages/cffi/cparser.py -> /Users/calum/Developer/Excelerator/dist/Excelerate.app/Contents/Resources/lib/python3.11/cffi/cparser.py
copying file /Users/calum/Developer/Excelerator/env/lib/python3.11/site-packages/cffi/verifier.py -> /Users/calum/Developer/Excelerator/dist/Excelerate.app/Contents/Resources/lib/python3.11/cffi/verifier.py
copying file /Users/calum/Developer/Excelerator/env/lib/python3.11/site-packages/cffi/parse_c_type.h -> /Users/calum/Developer/Excelerator/dist/Excelerate.app/Contents/Resources/lib/python3.11/cffi/parse_c_type.h
creating /Users/calum/Developer/Excelerator/dist/Excelerate.app/Contents/Resources/lib/python3.11/reportlab
creating /Users/calum/Developer/Excelerator/dist/Excelerate.app/Contents/Resources/lib/python3.11/reportlab/platypus
copying file /Users/calum/Developer/Excelerator/env/lib/python3.11/site-packages/reportlab/platypus/paraparser.py -> /Users/calum/Developer/Excelerator/dist/Excelerate.app/Contents/Resources/lib/python3.11/reportlab/platypus/paraparser.py
copying file /Users/calum/Developer/Excelerator/env/lib/python3.11/site-packages/reportlab/platypus/doctemplate.py -> /Users/calum/Developer/Excelerator/dist/Excelerate.app/Contents/Resources/lib/python3.11/reportlab/platypus/doctemplate.py
copying file /Users/calum/Developer/Excelerator/env/lib/python3.11/site-packages/reportlab/platypus/tableofcontents.py -> /Users/calum/Developer/Excelerator/dist/Excelerate.app/Contents/Resources/lib/python3.11/reportlab/platypus/tableofcontents.py
copying file /Users/calum/Developer/Excelerator/env/lib/python3.11/site-packages/reportlab/platypus/flowables.py -> /Users/calum/Developer/Excelerator/dist/Excelerate.app/Contents/Resources/lib/python3.11/reportlab/platypus/flowables.py
copying file /Users/calum/Developer/Excelerator/env/lib/python3.11/site-packages/reportlab/platypus/para.py -> /Users/calum/Developer/Excelerator/dist/Excelerate.app/Contents/Resources/lib/python3.11/reportlab/platypus/para.py
copying file /Users/calum/Developer/Excelerator/env/lib/python3.11/site-packages/reportlab/platypus/__init__.py -> /Users/calum/Developer/Excelerator/dist/Excelerate.app/Contents/Resources/lib/python3.11/reportlab/platypus/__init__.py
creating /Users/calum/Developer/Excelerator/dist/Excelerate.app/Contents/Resources/lib/python3.11/reportlab/platypus/__pycache__
copying file /Users/calum/Developer/Excelerator/env/lib/python3.11/site-packages/reportlab/platypus/__pycache__/paragraph.cpython-311.pyc -> /Users/calum/Developer/Excelerator/dist/Excelerate.app/Contents/Resources/lib/python3.11/reportlab/platypus/__pycache__/paragraph.cpython-311.pyc
copying file /Users/calum/Developer/Excelerator/env/lib/python3.11/site-packages/reportlab/platypus/__pycache__/multicol.cpython-311.pyc -> /Users/calum/Developer/Excelerator/dist/Excelerate.app/Contents/Resources/lib/python3.11/reportlab/platypus/__pycache__/multicol.cpython-311.pyc
copying file /Users/calum/Developer/Excelerator/env/lib/python3.11/site-packages/reportlab/platypus/__pycache__/xpreformatted.cpython-311.pyc -> /Users/calum/Developer/Excelerator/dist/Excelerate.app/Contents/Resources/lib/python3.11/reportlab/platypus/__pycache__/xpreformatted.cpython-311.pyc
copying file /Users/calum/Developer/Excelerator/env/lib/python3.11/site-packages/reportlab/platypus/__pycache__/tables.cpython-311.pyc -> /Users/calum/Developer/Excelerator/dist/Excelerate.app/Contents/Resources/lib/python3.11/reportlab/platypus/__pycache__/tables.cpython-311.pyc
copying file /Users/calum/Developer/Excelerator/env/lib/python3.11/site-packages/reportlab/platypus/__pycache__/figures.cpython-311.pyc -> /Users/calum/Developer/Excelerator/dist/Excelerate.app/Contents/Resources/lib/python3.11/reportlab/platypus/__pycache__/figures.cpython-311.pyc
copying file /Users/calum/Developer/Excelerator/env/lib/python3.11/site-packages/reportlab/platypus/__pycache__/para.cpython-311.pyc -> /Users/calum/Developer/Excelerator/dist/Excelerate.app/Contents/Resources/lib/python3.11/reportlab/platypus/__pycache__/para.cpython-311.pyc
copying file /Users/calum/Developer/Excelerator/env/lib/python3.11/site-packages/reportlab/platypus/__pycache__/frames.cpython-311.pyc -> /Users/calum/Developer/Excelerator/dist/Excelerate.app/Contents/Resources/lib/python3.11/reportlab/platypus/__pycache__/frames.cpython-311.pyc
copying file /Users/calum/Developer/Excelerator/env/lib/python3.11/site-packages/reportlab/platypus/__pycache__/tableofcontents.cpython-311.pyc -> /Users/calum/Developer/Excelerator/dist/Excelerate.app/Contents/Resources/lib/python3.11/reportlab/platypus/__pycache__/tableofcontents.cpython-311.pyc
copying file /Users/calum/Developer/Excelerator/env/lib/python3.11/site-packages/reportlab/platypus/__pycache__/paraparser.cpython-311.pyc -> /Users/calum/Developer/Excelerator/dist/Excelerate.app/Contents/Resources/lib/python3.11/reportlab/platypus/__pycache__/paraparser.cpython-311.pyc
copying file /Users/calum/Developer/Excelerator/env/lib/python3.11/site-packages/reportlab/platypus/__pycache__/doctemplate.cpython-311.pyc -> /Users/calum/Developer/Excelerator/dist/Excelerate.app/Contents/Resources/lib/python3.11/reportlab/platypus/__pycache__/doctemplate.cpython-311.pyc
copying file /Users/calum/Developer/Excelerator/env/lib/python3.11/site-packages/reportlab/platypus/__pycache__/__init__.cpython-311.pyc -> /Users/calum/Developer/Excelerator/dist/Excelerate.app/Contents/Resources/lib/python3.11/reportlab/platypus/__pycache__/__init__.cpython-311.pyc
copying file /Users/calum/Developer/Excelerator/env/lib/python3.11/site-packages/reportlab/platypus/__pycache__/flowables.cpython-311.pyc -> /Users/calum/Developer/Excelerator/dist/Excelerate.app/Contents/Resources/lib/python3.11/reportlab/platypus/__pycache__/flowables.cpython-311.pyc
copying file /Users/calum/Developer/Excelerator/env/lib/python3.11/site-packages/reportlab/platypus/frames.py -> /Users/calum/Developer/Excelerator/dist/Excelerate.app/Contents/Resources/lib/python3.11/reportlab/platypus/frames.py
copying file /Users/calum/Developer/Excelerator/env/lib/python3.11/site-packages/reportlab/platypus/figures.py -> /Users/calum/Developer/Excelerator/dist/Excelerate.app/Contents/Resources/lib/python3.11/reportlab/platypus/figures.py
copying file /Users/calum/Developer/Excelerator/env/lib/python3.11/site-packages/reportlab/platypus/paragraph.py -> /Users/calum/Developer/Excelerator/dist/Excelerate.app/Contents/Resources/lib/python3.11/reportlab/platypus/paragraph.py
copying file /Users/calum/Developer/Excelerator/env/lib/python3.11/site-packages/reportlab/platypus/xpreformatted.py -> /Users/calum/Developer/Excelerator/dist/Excelerate.app/Contents/Resources/lib/python3.11/reportlab/platypus/xpreformatted.py
copying file /Users/calum/Developer/Excelerator/env/lib/python3.11/site-packages/reportlab/platypus/multicol.py -> /Users/calum/Developer/Excelerator/dist/Excelerate.app/Contents/Resources/lib/python3.11/reportlab/platypus/multicol.py
copying file /Users/calum/Developer/Excelerator/env/lib/python3.11/site-packages/reportlab/platypus/tables.py -> /Users/calum/Developer/Excelerator/dist/Excelerate.app/Contents/Resources/lib/python3.11/reportlab/platypus/tables.py
copying file /Users/calum/Developer/Excelerator/env/lib/python3.11/site-packages/reportlab/rl_config.py -> /Users/calum/Developer/Excelerator/dist/Excelerate.app/Contents/Resources/lib/python3.11/reportlab/rl_config.py
copying file /Users/calum/Developer/Excelerator/env/lib/python3.11/site-packages/reportlab/__init__.py -> /Users/calum/Developer/Excelerator/dist/Excelerate.app/Contents/Resources/lib/python3.11/reportlab/__init__.py
creating /Users/calum/Developer/Excelerator/dist/Excelerate.app/Contents/Resources/lib/python3.11/reportlab/pdfbase
copying file /Users/calum/Developer/Excelerator/env/lib/python3.11/site-packages/reportlab/pdfbase/_fontdata_widths_helveticaboldoblique.py -> /Users/calum/Developer/Excelerator/dist/Excelerate.app/Contents/Resources/lib/python3.11/reportlab/pdfbase/_fontdata_widths_helveticaboldoblique.py
copying file /Users/calum/Developer/Excelerator/env/lib/python3.11/site-packages/reportlab/pdfbase/pdfpattern.py -> /Users/calum/Developer/Excelerator/dist/Excelerate.app/Contents/Resources/lib/python3.11/reportlab/pdfbase/pdfpattern.py
copying file /Users/calum/Developer/Excelerator/env/lib/python3.11/site-packages/reportlab/pdfbase/_fontdata.py -> /Users/calum/Developer/Excelerator/dist/Excelerate.app/Contents/Resources/lib/python3.11/reportlab/pdfbase/_fontdata.py
copying file /Users/calum/Developer/Excelerator/env/lib/python3.11/site-packages/reportlab/pdfbase/_fontdata_widths_zapfdingbats.py -> /Users/calum/Developer/Excelerator/dist/Excelerate.app/Contents/Resources/lib/python3.11/reportlab/pdfbase/_fontdata_widths_zapfdingbats.py
copying file /Users/calum/Developer/Excelerator/env/lib/python3.11/site-packages/reportlab/pdfbase/_fontdata_widths_timesbold.py -> /Users/calum/Developer/Excelerator/dist/Excelerate.app/Contents/Resources/lib/python3.11/reportlab/pdfbase/_fontdata_widths_timesbold.py
copying file /Users/calum/Developer/Excelerator/env/lib/python3.11/site-packages/reportlab/pdfbase/_fontdata_widths_courier.py -> /Users/calum/Developer/Excelerator/dist/Excelerate.app/Contents/Resources/lib/python3.11/reportlab/pdfbase/_fontdata_widths_courier.py
copying file /Users/calum/Developer/Excelerator/env/lib/python3.11/site-packages/reportlab/pdfbase/rl_codecs.py -> /Users/calum/Developer/Excelerator/dist/Excelerate.app/Contents/Resources/lib/python3.11/reportlab/pdfbase/rl_codecs.py
copying file /Users/calum/Developer/Excelerator/env/lib/python3.11/site-packages/reportlab/pdfbase/_fontdata_widths_timesitalic.py -> /Users/calum/Developer/Excelerator/dist/Excelerate.app/Contents/Resources/lib/python3.11/reportlab/pdfbase/_fontdata_widths_timesitalic.py
copying file /Users/calum/Developer/Excelerator/env/lib/python3.11/site-packages/reportlab/pdfbase/_fontdata_widths_timesroman.py -> /Users/calum/Developer/Excelerator/dist/Excelerate.app/Contents/Resources/lib/python3.11/reportlab/pdfbase/_fontdata_widths_timesroman.py
copying file /Users/calum/Developer/Excelerator/env/lib/python3.11/site-packages/reportlab/pdfbase/_fontdata_widths_courierboldoblique.py -> /Users/calum/Developer/Excelerator/dist/Excelerate.app/Contents/Resources/lib/python3.11/reportlab/pdfbase/_fontdata_widths_courierboldoblique.py
copying file /Users/calum/Developer/Excelerator/env/lib/python3.11/site-packages/reportlab/pdfbase/_fontdata_widths_timesbolditalic.py -> /Users/calum/Developer/Excelerator/dist/Excelerate.app/Contents/Resources/lib/python3.11/reportlab/pdfbase/_fontdata_widths_timesbolditalic.py
copying file /Users/calum/Developer/Excelerator/env/lib/python3.11/site-packages/reportlab/pdfbase/_fontdata_enc_standard.py -> /Users/calum/Developer/Excelerator/dist/Excelerate.app/Contents/Resources/lib/python3.11/reportlab/pdfbase/_fontdata_enc_standard.py
copying file /Users/calum/Developer/Excelerator/env/lib/python3.11/site-packages/reportlab/pdfbase/_fontdata_enc_winansi.py -> /Users/calum/Developer/Excelerator/dist/Excelerate.app/Contents/Resources/lib/python3.11/reportlab/pdfbase/_fontdata_enc_winansi.py
copying file /Users/calum/Developer/Excelerator/env/lib/python3.11/site-packages/reportlab/pdfbase/_fontdata_widths_helveticaoblique.py -> /Users/calum/Developer/Excelerator/dist/Excelerate.app/Contents/Resources/lib/python3.11/reportlab/pdfbase/_fontdata_widths_helveticaoblique.py
copying file /Users/calum/Developer/Excelerator/env/lib/python3.11/site-packages/reportlab/pdfbase/__init__.py -> /Users/calum/Developer/Excelerator/dist/Excelerate.app/Contents/Resources/lib/python3.11/reportlab/pdfbase/__init__.py
creating /Users/calum/Developer/Excelerator/dist/Excelerate.app/Contents/Resources/lib/python3.11/reportlab/pdfbase/__pycache__
copying file /Users/calum/Developer/Excelerator/env/lib/python3.11/site-packages/reportlab/pdfbase/__pycache__/_fontdata_widths_courierbold.cpython-311.pyc -> /Users/calum/Developer/Excelerator/dist/Excelerate.app/Contents/Resources/lib/python3.11/reportlab/pdfbase/__pycache__/_fontdata_widths_courierbold.cpython-311.pyc
copying file /Users/calum/Developer/Excelerator/env/lib/python3.11/site-packages/reportlab/pdfbase/__pycache__/_cidfontdata.cpython-311.pyc -> /Users/calum/Developer/Excelerator/dist/Excelerate.app/Contents/Resources/lib/python3.11/reportlab/pdfbase/__pycache__/_cidfontdata.cpython-311.pyc
copying file /Users/calum/Developer/Excelerator/env/lib/python3.11/site-packages/reportlab/pdfbase/__pycache__/pdfmetrics.cpython-311.pyc -> /Users/calum/Developer/Excelerator/dist/Excelerate.app/Contents/Resources/lib/python3.11/reportlab/pdfbase/__pycache__/pdfmetrics.cpython-311.pyc
copying file /Users/calum/Developer/Excelerator/env/lib/python3.11/site-packages/reportlab/pdfbase/__pycache__/_fontdata.cpython-311.pyc -> /Users/calum/Developer/Excelerator/dist/Excelerate.app/Contents/Resources/lib/python3.11/reportlab/pdfbase/__pycache__/_fontdata.cpython-311.pyc
copying file /Users/calum/Developer/Excelerator/env/lib/python3.11/site-packages/reportlab/pdfbase/__pycache__/_fontdata_enc_winansi.cpython-311.pyc -> /Users/calum/Developer/Excelerator/dist/Excelerate.app/Contents/Resources/lib/python3.11/reportlab/pdfbase/__pycache__/_fontdata_enc_winansi.cpython-311.pyc
copying file /Users/calum/Developer/Excelerator/env/lib/python3.11/site-packages/reportlab/pdfbase/__pycache__/_fontdata_widths_courieroblique.cpython-311.pyc -> /Users/calum/Developer/Excelerator/dist/Excelerate.app/Contents/Resources/lib/python3.11/reportlab/pdfbase/__pycache__/_fontdata_widths_courieroblique.cpython-311.pyc
copying file /Users/calum/Developer/Excelerator/env/lib/python3.11/site-packages/reportlab/pdfbase/__pycache__/_fontdata_widths_timesitalic.cpython-311.pyc -> /Users/calum/Developer/Excelerator/dist/Excelerate.app/Contents/Resources/lib/python3.11/reportlab/pdfbase/__pycache__/_fontdata_widths_timesitalic.cpython-311.pyc
copying file /Users/calum/Developer/Excelerator/env/lib/python3.11/site-packages/reportlab/pdfbase/__pycache__/_fontdata_enc_standard.cpython-311.pyc -> /Users/calum/Developer/Excelerator/dist/Excelerate.app/Contents/Resources/lib/python3.11/reportlab/pdfbase/__pycache__/_fontdata_enc_standard.cpython-311.pyc
copying file /Users/calum/Developer/Excelerator/env/lib/python3.11/site-packages/reportlab/pdfbase/__pycache__/_fontdata_widths_timesroman.cpython-311.pyc -> /Users/calum/Developer/Excelerator/dist/Excelerate.app/Contents/Resources/lib/python3.11/reportlab/pdfbase/__pycache__/_fontdata_widths_timesroman.cpython-311.pyc
copying file /Users/calum/Developer/Excelerator/env/lib/python3.11/site-packages/reportlab/pdfbase/__pycache__/_fontdata_enc_symbol.cpython-311.pyc -> /Users/calum/Developer/Excelerator/dist/Excelerate.app/Contents/Resources/lib/python3.11/reportlab/pdfbase/__pycache__/_fontdata_enc_symbol.cpython-311.pyc
copying file /Users/calum/Developer/Excelerator/env/lib/python3.11/site-packages/reportlab/pdfbase/__pycache__/acroform.cpython-311.pyc -> /Users/calum/Developer/Excelerator/dist/Excelerate.app/Contents/Resources/lib/python3.11/reportlab/pdfbase/__pycache__/acroform.cpython-311.pyc
copying file /Users/calum/Developer/Excelerator/env/lib/python3.11/site-packages/reportlab/pdfbase/__pycache__/cidfonts.cpython-311.pyc -> /Users/calum/Developer/Excelerator/dist/Excelerate.app/Contents/Resources/lib/python3.11/reportlab/pdfbase/__pycache__/cidfonts.cpython-311.pyc
copying file /Users/calum/Developer/Excelerator/env/lib/python3.11/site-packages/reportlab/pdfbase/__pycache__/_fontdata_widths_helvetica.cpython-311.pyc -> /Users/calum/Developer/Excelerator/dist/Excelerate.app/Contents/Resources/lib/python3.11/reportlab/pdfbase/__pycache__/_fontdata_widths_helvetica.cpython-311.pyc
copying file /Users/calum/Developer/Excelerator/env/lib/python3.11/site-packages/reportlab/pdfbase/__pycache__/_fontdata_widths_courier.cpython-311.pyc -> /Users/calum/Developer/Excelerator/dist/Excelerate.app/Contents/Resources/lib/python3.11/reportlab/pdfbase/__pycache__/_fontdata_widths_courier.cpython-311.pyc
copying file /Users/calum/Developer/Excelerator/env/lib/python3.11/site-packages/reportlab/pdfbase/__pycache__/_fontdata_widths_zapfdingbats.cpython-311.pyc -> /Users/calum/Developer/Excelerator/dist/Excelerate.app/Contents/Resources/lib/python3.11/reportlab/pdfbase/__pycache__/_fontdata_widths_zapfdingbats.cpython-311.pyc
copying file /Users/calum/Developer/Excelerator/env/lib/python3.11/site-packages/reportlab/pdfbase/__pycache__/pdfform.cpython-311.pyc -> /Users/calum/Developer/Excelerator/dist/Excelerate.app/Contents/Resources/lib/python3.11/reportlab/pdfbase/__pycache__/pdfform.cpython-311.pyc
copying file /Users/calum/Developer/Excelerator/env/lib/python3.11/site-packages/reportlab/pdfbase/__pycache__/_fontdata_widths_helveticaoblique.cpython-311.pyc -> /Users/calum/Developer/Excelerator/dist/Excelerate.app/Contents/Resources/lib/python3.11/reportlab/pdfbase/__pycache__/_fontdata_widths_helveticaoblique.cpython-311.pyc
copying file /Users/calum/Developer/Excelerator/env/lib/python3.11/site-packages/reportlab/pdfbase/__pycache__/_fontdata_enc_zapfdingbats.cpython-311.pyc -> /Users/calum/Developer/Excelerator/dist/Excelerate.app/Contents/Resources/lib/python3.11/reportlab/pdfbase/__pycache__/_fontdata_enc_zapfdingbats.cpython-311.pyc
copying file /Users/calum/Developer/Excelerator/env/lib/python3.11/site-packages/reportlab/pdfbase/__pycache__/_fontdata_widths_courierboldoblique.cpython-311.pyc -> /Users/calum/Developer/Excelerator/dist/Excelerate.app/Contents/Resources/lib/python3.11/reportlab/pdfbase/__pycache__/_fontdata_widths_courierboldoblique.cpython-311.pyc
copying file /Users/calum/Developer/Excelerator/env/lib/python3.11/site-packages/reportlab/pdfbase/__pycache__/_fontdata_widths_helveticaboldoblique.cpython-311.pyc -> /Users/calum/Developer/Excelerator/dist/Excelerate.app/Contents/Resources/lib/python3.11/reportlab/pdfbase/__pycache__/_fontdata_widths_helveticaboldoblique.cpython-311.pyc
copying file /Users/calum/Developer/Excelerator/env/lib/python3.11/site-packages/reportlab/pdfbase/__pycache__/_fontdata_widths_symbol.cpython-311.pyc -> /Users/calum/Developer/Excelerator/dist/Excelerate.app/Contents/Resources/lib/python3.11/reportlab/pdfbase/__pycache__/_fontdata_widths_symbol.cpython-311.pyc
copying file /Users/calum/Developer/Excelerator/env/lib/python3.11/site-packages/reportlab/pdfbase/__pycache__/_fontdata_widths_timesbold.cpython-311.pyc -> /Users/calum/Developer/Excelerator/dist/Excelerate.app/Contents/Resources/lib/python3.11/reportlab/pdfbase/__pycache__/_fontdata_widths_timesbold.cpython-311.pyc
copying file /Users/calum/Developer/Excelerator/env/lib/python3.11/site-packages/reportlab/pdfbase/__pycache__/rl_codecs.cpython-311.pyc -> /Users/calum/Developer/Excelerator/dist/Excelerate.app/Contents/Resources/lib/python3.11/reportlab/pdfbase/__pycache__/rl_codecs.cpython-311.pyc
copying file /Users/calum/Developer/Excelerator/env/lib/python3.11/site-packages/reportlab/pdfbase/__pycache__/_fontdata_widths_timesbolditalic.cpython-311.pyc -> /Users/calum/Developer/Excelerator/dist/Excelerate.app/Contents/Resources/lib/python3.11/reportlab/pdfbase/__pycache__/_fontdata_widths_timesbolditalic.cpython-311.pyc
copying file /Users/calum/Developer/Excelerator/env/lib/python3.11/site-packages/reportlab/pdfbase/__pycache__/_fontdata_enc_pdfdoc.cpython-311.pyc -> /Users/calum/Developer/Excelerator/dist/Excelerate.app/Contents/Resources/lib/python3.11/reportlab/pdfbase/__pycache__/_fontdata_enc_pdfdoc.cpython-311.pyc
copying file /Users/calum/Developer/Excelerator/env/lib/python3.11/site-packages/reportlab/pdfbase/__pycache__/pdfdoc.cpython-311.pyc -> /Users/calum/Developer/Excelerator/dist/Excelerate.app/Contents/Resources/lib/python3.11/reportlab/pdfbase/__pycache__/pdfdoc.cpython-311.pyc
copying file /Users/calum/Developer/Excelerator/env/lib/python3.11/site-packages/reportlab/pdfbase/__pycache__/pdfpattern.cpython-311.pyc -> /Users/calum/Developer/Excelerator/dist/Excelerate.app/Contents/Resources/lib/python3.11/reportlab/pdfbase/__pycache__/pdfpattern.cpython-311.pyc
copying file /Users/calum/Developer/Excelerator/env/lib/python3.11/site-packages/reportlab/pdfbase/__pycache__/_fontdata_widths_helveticabold.cpython-311.pyc -> /Users/calum/Developer/Excelerator/dist/Excelerate.app/Contents/Resources/lib/python3.11/reportlab/pdfbase/__pycache__/_fontdata_widths_helveticabold.cpython-311.pyc
copying file /Users/calum/Developer/Excelerator/env/lib/python3.11/site-packages/reportlab/pdfbase/__pycache__/_fontdata_enc_macexpert.cpython-311.pyc -> /Users/calum/Developer/Excelerator/dist/Excelerate.app/Contents/Resources/lib/python3.11/reportlab/pdfbase/__pycache__/_fontdata_enc_macexpert.cpython-311.pyc
copying file /Users/calum/Developer/Excelerator/env/lib/python3.11/site-packages/reportlab/pdfbase/__pycache__/_glyphlist.cpython-311.pyc -> /Users/calum/Developer/Excelerator/dist/Excelerate.app/Contents/Resources/lib/python3.11/reportlab/pdfbase/__pycache__/_glyphlist.cpython-311.pyc
copying file /Users/calum/Developer/Excelerator/env/lib/python3.11/site-packages/reportlab/pdfbase/__pycache__/pdfutils.cpython-311.pyc -> /Users/calum/Developer/Excelerator/dist/Excelerate.app/Contents/Resources/lib/python3.11/reportlab/pdfbase/__pycache__/pdfutils.cpython-311.pyc
copying file /Users/calum/Developer/Excelerator/env/lib/python3.11/site-packages/reportlab/pdfbase/__pycache__/ttfonts.cpython-311.pyc -> /Users/calum/Developer/Excelerator/dist/Excelerate.app/Contents/Resources/lib/python3.11/reportlab/pdfbase/__pycache__/ttfonts.cpython-311.pyc
copying file /Users/calum/Developer/Excelerator/env/lib/python3.11/site-packages/reportlab/pdfbase/__pycache__/__init__.cpython-311.pyc -> /Users/calum/Developer/Excelerator/dist/Excelerate.app/Contents/Resources/lib/python3.11/reportlab/pdfbase/__pycache__/__init__.cpython-311.pyc
copying file /Users/calum/Developer/Excelerator/env/lib/python3.11/site-packages/reportlab/pdfbase/__pycache__/_fontdata_enc_macroman.cpython-311.pyc -> /Users/calum/Developer/Excelerator/dist/Excelerate.app/Contents/Resources/lib/python3.11/reportlab/pdfbase/__pycache__/_fontdata_enc_macroman.cpython-311.pyc
copying file /Users/calum/Developer/Excelerator/env/lib/python3.11/site-packages/reportlab/pdfbase/__pycache__/_can_cmap_data.cpython-311.pyc -> /Users/calum/Developer/Excelerator/dist/Excelerate.app/Contents/Resources/lib/python3.11/reportlab/pdfbase/__pycache__/_can_cmap_data.cpython-311.pyc
copying file /Users/calum/Developer/Excelerator/env/lib/python3.11/site-packages/reportlab/pdfbase/pdfmetrics.py -> /Users/calum/Developer/Excelerator/dist/Excelerate.app/Contents/Resources/lib/python3.11/reportlab/pdfbase/pdfmetrics.py
copying file /Users/calum/Developer/Excelerator/env/lib/python3.11/site-packages/reportlab/pdfbase/pdfdoc.py -> /Users/calum/Developer/Excelerator/dist/Excelerate.app/Contents/Resources/lib/python3.11/reportlab/pdfbase/pdfdoc.py
copying file /Users/calum/Developer/Excelerator/env/lib/python3.11/site-packages/reportlab/pdfbase/_fontdata_enc_symbol.py -> /Users/calum/Developer/Excelerator/dist/Excelerate.app/Contents/Resources/lib/python3.11/reportlab/pdfbase/_fontdata_enc_symbol.py
copying file /Users/calum/Developer/Excelerator/env/lib/python3.11/site-packages/reportlab/pdfbase/_cidfontdata.py -> /Users/calum/Developer/Excelerator/dist/Excelerate.app/Contents/Resources/lib/python3.11/reportlab/pdfbase/_cidfontdata.py
copying file /Users/calum/Developer/Excelerator/env/lib/python3.11/site-packages/reportlab/pdfbase/_fontdata_enc_pdfdoc.py -> /Users/calum/Developer/Excelerator/dist/Excelerate.app/Contents/Resources/lib/python3.11/reportlab/pdfbase/_fontdata_enc_pdfdoc.py
copying file /Users/calum/Developer/Excelerator/env/lib/python3.11/site-packages/reportlab/pdfbase/cidfonts.py -> /Users/calum/Developer/Excelerator/dist/Excelerate.app/Contents/Resources/lib/python3.11/reportlab/pdfbase/cidfonts.py
copying file /Users/calum/Developer/Excelerator/env/lib/python3.11/site-packages/reportlab/pdfbase/_fontdata_enc_macexpert.py -> /Users/calum/Developer/Excelerator/dist/Excelerate.app/Contents/Resources/lib/python3.11/reportlab/pdfbase/_fontdata_enc_macexpert.py
copying file /Users/calum/Developer/Excelerator/env/lib/python3.11/site-packages/reportlab/pdfbase/ttfonts.py -> /Users/calum/Developer/Excelerator/dist/Excelerate.app/Contents/Resources/lib/python3.11/reportlab/pdfbase/ttfonts.py
copying file /Users/calum/Developer/Excelerator/env/lib/python3.11/site-packages/reportlab/pdfbase/_fontdata_widths_helvetica.py -> /Users/calum/Developer/Excelerator/dist/Excelerate.app/Contents/Resources/lib/python3.11/reportlab/pdfbase/_fontdata_widths_helvetica.py
copying file /Users/calum/Developer/Excelerator/env/lib/python3.11/site-packages/reportlab/pdfbase/_fontdata_enc_macroman.py -> /Users/calum/Developer/Excelerator/dist/Excelerate.app/Contents/Resources/lib/python3.11/reportlab/pdfbase/_fontdata_enc_macroman.py
copying file /Users/calum/Developer/Excelerator/env/lib/python3.11/site-packages/reportlab/pdfbase/_can_cmap_data.py -> /Users/calum/Developer/Excelerator/dist/Excelerate.app/Contents/Resources/lib/python3.11/reportlab/pdfbase/_can_cmap_data.py
copying file /Users/calum/Developer/Excelerator/env/lib/python3.11/site-packages/reportlab/pdfbase/_fontdata_widths_helveticabold.py -> /Users/calum/Developer/Excelerator/dist/Excelerate.app/Contents/Resources/lib/python3.11/reportlab/pdfbase/_fontdata_widths_helveticabold.py
copying file /Users/calum/Developer/Excelerator/env/lib/python3.11/site-packages/reportlab/pdfbase/_fontdata_widths_symbol.py -> /Users/calum/Developer/Excelerator/dist/Excelerate.app/Contents/Resources/lib/python3.11/reportlab/pdfbase/_fontdata_widths_symbol.py
copying file /Users/calum/Developer/Excelerator/env/lib/python3.11/site-packages/reportlab/pdfbase/_fontdata_enc_zapfdingbats.py -> /Users/calum/Developer/Excelerator/dist/Excelerate.app/Contents/Resources/lib/python3.11/reportlab/pdfbase/_fontdata_enc_zapfdingbats.py
copying file /Users/calum/Developer/Excelerator/env/lib/python3.11/site-packages/reportlab/pdfbase/_glyphlist.py -> /Users/calum/Developer/Excelerator/dist/Excelerate.app/Contents/Resources/lib/python3.11/reportlab/pdfbase/_glyphlist.py
copying file /Users/calum/Developer/Excelerator/env/lib/python3.11/site-packages/reportlab/pdfbase/acroform.py -> /Users/calum/Developer/Excelerator/dist/Excelerate.app/Contents/Resources/lib/python3.11/reportlab/pdfbase/acroform.py
copying file /Users/calum/Developer/Excelerator/env/lib/python3.11/site-packages/reportlab/pdfbase/pdfutils.py -> /Users/calum/Developer/Excelerator/dist/Excelerate.app/Contents/Resources/lib/python3.11/reportlab/pdfbase/pdfutils.py
copying file /Users/calum/Developer/Excelerator/env/lib/python3.11/site-packages/reportlab/pdfbase/pdfform.py -> /Users/calum/Developer/Excelerator/dist/Excelerate.app/Contents/Resources/lib/python3.11/reportlab/pdfbase/pdfform.py
copying file /Users/calum/Developer/Excelerator/env/lib/python3.11/site-packages/reportlab/pdfbase/_fontdata_widths_courieroblique.py -> /Users/calum/Developer/Excelerator/dist/Excelerate.app/Contents/Resources/lib/python3.11/reportlab/pdfbase/_fontdata_widths_courieroblique.py
copying file /Users/calum/Developer/Excelerator/env/lib/python3.11/site-packages/reportlab/pdfbase/_fontdata_widths_courierbold.py -> /Users/calum/Developer/Excelerator/dist/Excelerate.app/Contents/Resources/lib/python3.11/reportlab/pdfbase/_fontdata_widths_courierbold.py
creating /Users/calum/Developer/Excelerator/dist/Excelerate.app/Contents/Resources/lib/python3.11/reportlab/pdfgen
copying file /Users/calum/Developer/Excelerator/env/lib/python3.11/site-packages/reportlab/pdfgen/pathobject.py -> /Users/calum/Developer/Excelerator/dist/Excelerate.app/Contents/Resources/lib/python3.11/reportlab/pdfgen/pathobject.py
copying file /Users/calum/Developer/Excelerator/env/lib/python3.11/site-packages/reportlab/pdfgen/pdfgeom.py -> /Users/calum/Developer/Excelerator/dist/Excelerate.app/Contents/Resources/lib/python3.11/reportlab/pdfgen/pdfgeom.py
copying file /Users/calum/Developer/Excelerator/env/lib/python3.11/site-packages/reportlab/pdfgen/pdfimages.py -> /Users/calum/Developer/Excelerator/dist/Excelerate.app/Contents/Resources/lib/python3.11/reportlab/pdfgen/pdfimages.py
copying file /Users/calum/Developer/Excelerator/env/lib/python3.11/site-packages/reportlab/pdfgen/__init__.py -> /Users/calum/Developer/Excelerator/dist/Excelerate.app/Contents/Resources/lib/python3.11/reportlab/pdfgen/__init__.py
creating /Users/calum/Developer/Excelerator/dist/Excelerate.app/Contents/Resources/lib/python3.11/reportlab/pdfgen/__pycache__
copying file /Users/calum/Developer/Excelerator/env/lib/python3.11/site-packages/reportlab/pdfgen/__pycache__/textobject.cpython-311.pyc -> /Users/calum/Developer/Excelerator/dist/Excelerate.app/Contents/Resources/lib/python3.11/reportlab/pdfgen/__pycache__/textobject.cpython-311.pyc
copying file /Users/calum/Developer/Excelerator/env/lib/python3.11/site-packages/reportlab/pdfgen/__pycache__/canvas.cpython-311.pyc -> /Users/calum/Developer/Excelerator/dist/Excelerate.app/Contents/Resources/lib/python3.11/reportlab/pdfgen/__pycache__/canvas.cpython-311.pyc
copying file /Users/calum/Developer/Excelerator/env/lib/python3.11/site-packages/reportlab/pdfgen/__pycache__/pdfgeom.cpython-311.pyc -> /Users/calum/Developer/Excelerator/dist/Excelerate.app/Contents/Resources/lib/python3.11/reportlab/pdfgen/__pycache__/pdfgeom.cpython-311.pyc
copying file /Users/calum/Developer/Excelerator/env/lib/python3.11/site-packages/reportlab/pdfgen/__pycache__/pathobject.cpython-311.pyc -> /Users/calum/Developer/Excelerator/dist/Excelerate.app/Contents/Resources/lib/python3.11/reportlab/pdfgen/__pycache__/pathobject.cpython-311.pyc
copying file /Users/calum/Developer/Excelerator/env/lib/python3.11/site-packages/reportlab/pdfgen/__pycache__/pdfimages.cpython-311.pyc -> /Users/calum/Developer/Excelerator/dist/Excelerate.app/Contents/Resources/lib/python3.11/reportlab/pdfgen/__pycache__/pdfimages.cpython-311.pyc
copying file /Users/calum/Developer/Excelerator/env/lib/python3.11/site-packages/reportlab/pdfgen/__pycache__/__init__.cpython-311.pyc -> /Users/calum/Developer/Excelerator/dist/Excelerate.app/Contents/Resources/lib/python3.11/reportlab/pdfgen/__pycache__/__init__.cpython-311.pyc
copying file /Users/calum/Developer/Excelerator/env/lib/python3.11/site-packages/reportlab/pdfgen/textobject.py -> /Users/calum/Developer/Excelerator/dist/Excelerate.app/Contents/Resources/lib/python3.11/reportlab/pdfgen/textobject.py
copying file /Users/calum/Developer/Excelerator/env/lib/python3.11/site-packages/reportlab/pdfgen/canvas.py -> /Users/calum/Developer/Excelerator/dist/Excelerate.app/Contents/Resources/lib/python3.11/reportlab/pdfgen/canvas.py
creating /Users/calum/Developer/Excelerator/dist/Excelerate.app/Contents/Resources/lib/python3.11/reportlab/__pycache__
copying file /Users/calum/Developer/Excelerator/env/lib/python3.11/site-packages/reportlab/__pycache__/rl_settings.cpython-311.pyc -> /Users/calum/Developer/Excelerator/dist/Excelerate.app/Contents/Resources/lib/python3.11/reportlab/__pycache__/rl_settings.cpython-311.pyc
copying file /Users/calum/Developer/Excelerator/env/lib/python3.11/site-packages/reportlab/__pycache__/rl_config.cpython-311.pyc -> /Users/calum/Developer/Excelerator/dist/Excelerate.app/Contents/Resources/lib/python3.11/reportlab/__pycache__/rl_config.cpython-311.pyc
copying file /Users/calum/Developer/Excelerator/env/lib/python3.11/site-packages/reportlab/__pycache__/__init__.cpython-311.pyc -> /Users/calum/Developer/Excelerator/dist/Excelerate.app/Contents/Resources/lib/python3.11/reportlab/__pycache__/__init__.cpython-311.pyc
creating /Users/calum/Developer/Excelerator/dist/Excelerate.app/Contents/Resources/lib/python3.11/reportlab/lib
copying file /Users/calum/Developer/Excelerator/env/lib/python3.11/site-packages/reportlab/lib/rltempfile.py -> /Users/calum/Developer/Excelerator/dist/Excelerate.app/Contents/Resources/lib/python3.11/reportlab/lib/rltempfile.py
copying file /Users/calum/Developer/Excelerator/env/lib/python3.11/site-packages/reportlab/lib/enums.py -> /Users/calum/Developer/Excelerator/dist/Excelerate.app/Contents/Resources/lib/python3.11/reportlab/lib/enums.py
copying file /Users/calum/Developer/Excelerator/env/lib/python3.11/site-packages/reportlab/lib/units.py -> /Users/calum/Developer/Excelerator/dist/Excelerate.app/Contents/Resources/lib/python3.11/reportlab/lib/units.py
copying file /Users/calum/Developer/Excelerator/env/lib/python3.11/site-packages/reportlab/lib/sequencer.py -> /Users/calum/Developer/Excelerator/dist/Excelerate.app/Contents/Resources/lib/python3.11/reportlab/lib/sequencer.py
copying file /Users/calum/Developer/Excelerator/env/lib/python3.11/site-packages/reportlab/lib/formatters.py -> /Users/calum/Developer/Excelerator/dist/Excelerate.app/Contents/Resources/lib/python3.11/reportlab/lib/formatters.py
copying file /Users/calum/Developer/Excelerator/env/lib/python3.11/site-packages/reportlab/lib/randomtext.py -> /Users/calum/Developer/Excelerator/dist/Excelerate.app/Contents/Resources/lib/python3.11/reportlab/lib/randomtext.py
copying file /Users/calum/Developer/Excelerator/env/lib/python3.11/site-packages/reportlab/lib/geomutils.py -> /Users/calum/Developer/Excelerator/dist/Excelerate.app/Contents/Resources/lib/python3.11/reportlab/lib/geomutils.py
copying file /Users/calum/Developer/Excelerator/env/lib/python3.11/site-packages/reportlab/lib/testutils.py -> /Users/calum/Developer/Excelerator/dist/Excelerate.app/Contents/Resources/lib/python3.11/reportlab/lib/testutils.py
copying file /Users/calum/Developer/Excelerator/env/lib/python3.11/site-packages/reportlab/lib/validators.py -> /Users/calum/Developer/Excelerator/dist/Excelerate.app/Contents/Resources/lib/python3.11/reportlab/lib/validators.py
copying file /Users/calum/Developer/Excelerator/env/lib/python3.11/site-packages/reportlab/lib/pygments2xpre.py -> /Users/calum/Developer/Excelerator/dist/Excelerate.app/Contents/Resources/lib/python3.11/reportlab/lib/pygments2xpre.py
copying file /Users/calum/Developer/Excelerator/env/lib/python3.11/site-packages/reportlab/lib/textsplit.py -> /Users/calum/Developer/Excelerator/dist/Excelerate.app/Contents/Resources/lib/python3.11/reportlab/lib/textsplit.py
copying file /Users/calum/Developer/Excelerator/env/lib/python3.11/site-packages/reportlab/lib/rl_accel.py -> /Users/calum/Developer/Excelerator/dist/Excelerate.app/Contents/Resources/lib/python3.11/reportlab/lib/rl_accel.py
copying file /Users/calum/Developer/Excelerator/env/lib/python3.11/site-packages/reportlab/lib/codecharts.py -> /Users/calum/Developer/Excelerator/dist/Excelerate.app/Contents/Resources/lib/python3.11/reportlab/lib/codecharts.py
copying file /Users/calum/Developer/Excelerator/env/lib/python3.11/site-packages/reportlab/lib/boxstuff.py -> /Users/calum/Developer/Excelerator/dist/Excelerate.app/Contents/Resources/lib/python3.11/reportlab/lib/boxstuff.py
copying file /Users/calum/Developer/Excelerator/env/lib/python3.11/site-packages/reportlab/lib/pdfencrypt.py -> /Users/calum/Developer/Excelerator/dist/Excelerate.app/Contents/Resources/lib/python3.11/reportlab/lib/pdfencrypt.py
copying file /Users/calum/Developer/Excelerator/env/lib/python3.11/site-packages/reportlab/lib/__init__.py -> /Users/calum/Developer/Excelerator/dist/Excelerate.app/Contents/Resources/lib/python3.11/reportlab/lib/__init__.py
creating /Users/calum/Developer/Excelerator/dist/Excelerate.app/Contents/Resources/lib/python3.11/reportlab/lib/__pycache__
copying file /Users/calum/Developer/Excelerator/env/lib/python3.11/site-packages/reportlab/lib/__pycache__/validators.cpython-311.pyc -> /Users/calum/Developer/Excelerator/dist/Excelerate.app/Contents/Resources/lib/python3.11/reportlab/lib/__pycache__/validators.cpython-311.pyc
copying file /Users/calum/Developer/Excelerator/env/lib/python3.11/site-packages/reportlab/lib/__pycache__/pdfencrypt.cpython-311.pyc -> /Users/calum/Developer/Excelerator/dist/Excelerate.app/Contents/Resources/lib/python3.11/reportlab/lib/__pycache__/pdfencrypt.cpython-311.pyc
copying file /Users/calum/Developer/Excelerator/env/lib/python3.11/site-packages/reportlab/lib/__pycache__/styles.cpython-311.pyc -> /Users/calum/Developer/Excelerator/dist/Excelerate.app/Contents/Resources/lib/python3.11/reportlab/lib/__pycache__/styles.cpython-311.pyc
copying file /Users/calum/Developer/Excelerator/env/lib/python3.11/site-packages/reportlab/lib/__pycache__/abag.cpython-311.pyc -> /Users/calum/Developer/Excelerator/dist/Excelerate.app/Contents/Resources/lib/python3.11/reportlab/lib/__pycache__/abag.cpython-311.pyc
copying file /Users/calum/Developer/Excelerator/env/lib/python3.11/site-packages/reportlab/lib/__pycache__/codecharts.cpython-311.pyc -> /Users/calum/Developer/Excelerator/dist/Excelerate.app/Contents/Resources/lib/python3.11/reportlab/lib/__pycache__/codecharts.cpython-311.pyc
copying file /Users/calum/Developer/Excelerator/env/lib/python3.11/site-packages/reportlab/lib/__pycache__/pygments2xpre.cpython-311.pyc -> /Users/calum/Developer/Excelerator/dist/Excelerate.app/Contents/Resources/lib/python3.11/reportlab/lib/__pycache__/pygments2xpre.cpython-311.pyc
copying file /Users/calum/Developer/Excelerator/env/lib/python3.11/site-packages/reportlab/lib/__pycache__/rl_accel.cpython-311.pyc -> /Users/calum/Developer/Excelerator/dist/Excelerate.app/Contents/Resources/lib/python3.11/reportlab/lib/__pycache__/rl_accel.cpython-311.pyc
copying file /Users/calum/Developer/Excelerator/env/lib/python3.11/site-packages/reportlab/lib/__pycache__/normalDate.cpython-311.pyc -> /Users/calum/Developer/Excelerator/dist/Excelerate.app/Contents/Resources/lib/python3.11/reportlab/lib/__pycache__/normalDate.cpython-311.pyc
copying file /Users/calum/Developer/Excelerator/env/lib/python3.11/site-packages/reportlab/lib/__pycache__/fonts.cpython-311.pyc -> /Users/calum/Developer/Excelerator/dist/Excelerate.app/Contents/Resources/lib/python3.11/reportlab/lib/__pycache__/fonts.cpython-311.pyc
copying file /Users/calum/Developer/Excelerator/env/lib/python3.11/site-packages/reportlab/lib/__pycache__/corp.cpython-311.pyc -> /Users/calum/Developer/Excelerator/dist/Excelerate.app/Contents/Resources/lib/python3.11/reportlab/lib/__pycache__/corp.cpython-311.pyc
copying file /Users/calum/Developer/Excelerator/env/lib/python3.11/site-packages/reportlab/lib/__pycache__/arciv.cpython-311.pyc -> /Users/calum/Developer/Excelerator/dist/Excelerate.app/Contents/Resources/lib/python3.11/reportlab/lib/__pycache__/arciv.cpython-311.pyc
copying file /Users/calum/Developer/Excelerator/env/lib/python3.11/site-packages/reportlab/lib/__pycache__/rl_safe_eval.cpython-311.pyc -> /Users/calum/Developer/Excelerator/dist/Excelerate.app/Contents/Resources/lib/python3.11/reportlab/lib/__pycache__/rl_safe_eval.cpython-311.pyc
copying file /Users/calum/Developer/Excelerator/env/lib/python3.11/site-packages/reportlab/lib/__pycache__/geomutils.cpython-311.pyc -> /Users/calum/Developer/Excelerator/dist/Excelerate.app/Contents/Resources/lib/python3.11/reportlab/lib/__pycache__/geomutils.cpython-311.pyc
copying file /Users/calum/Developer/Excelerator/env/lib/python3.11/site-packages/reportlab/lib/__pycache__/randomtext.cpython-311.pyc -> /Users/calum/Developer/Excelerator/dist/Excelerate.app/Contents/Resources/lib/python3.11/reportlab/lib/__pycache__/randomtext.cpython-311.pyc
copying file /Users/calum/Developer/Excelerator/env/lib/python3.11/site-packages/reportlab/lib/__pycache__/logger.cpython-311.pyc -> /Users/calum/Developer/Excelerator/dist/Excelerate.app/Contents/Resources/lib/python3.11/reportlab/lib/__pycache__/logger.cpython-311.pyc
copying file /Users/calum/Developer/Excelerator/env/lib/python3.11/site-packages/reportlab/lib/__pycache__/colors.cpython-311.pyc -> /Users/calum/Developer/Excelerator/dist/Excelerate.app/Contents/Resources/lib/python3.11/reportlab/lib/__pycache__/colors.cpython-311.pyc
copying file /Users/calum/Developer/Excelerator/env/lib/python3.11/site-packages/reportlab/lib/__pycache__/fontfinder.cpython-311.pyc -> /Users/calum/Developer/Excelerator/dist/Excelerate.app/Contents/Resources/lib/python3.11/reportlab/lib/__pycache__/fontfinder.cpython-311.pyc
copying file /Users/calum/Developer/Excelerator/env/lib/python3.11/site-packages/reportlab/lib/__pycache__/enums.cpython-311.pyc -> /Users/calum/Developer/Excelerator/dist/Excelerate.app/Contents/Resources/lib/python3.11/reportlab/lib/__pycache__/enums.cpython-311.pyc
copying file /Users/calum/Developer/Excelerator/env/lib/python3.11/site-packages/reportlab/lib/__pycache__/utils.cpython-311.pyc -> /Users/calum/Developer/Excelerator/dist/Excelerate.app/Contents/Resources/lib/python3.11/reportlab/lib/__pycache__/utils.cpython-311.pyc
copying file /Users/calum/Developer/Excelerator/env/lib/python3.11/site-packages/reportlab/lib/__pycache__/rltempfile.cpython-311.pyc -> /Users/calum/Developer/Excelerator/dist/Excelerate.app/Contents/Resources/lib/python3.11/reportlab/lib/__pycache__/rltempfile.cpython-311.pyc
copying file /Users/calum/Developer/Excelerator/env/lib/python3.11/site-packages/reportlab/lib/__pycache__/boxstuff.cpython-311.pyc -> /Users/calum/Developer/Excelerator/dist/Excelerate.app/Contents/Resources/lib/python3.11/reportlab/lib/__pycache__/boxstuff.cpython-311.pyc
copying file /Users/calum/Developer/Excelerator/env/lib/python3.11/site-packages/reportlab/lib/__pycache__/sequencer.cpython-311.pyc -> /Users/calum/Developer/Excelerator/dist/Excelerate.app/Contents/Resources/lib/python3.11/reportlab/lib/__pycache__/sequencer.cpython-311.pyc
copying file /Users/calum/Developer/Excelerator/env/lib/python3.11/site-packages/reportlab/lib/__pycache__/units.cpython-311.pyc -> /Users/calum/Developer/Excelerator/dist/Excelerate.app/Contents/Resources/lib/python3.11/reportlab/lib/__pycache__/units.cpython-311.pyc
copying file /Users/calum/Developer/Excelerator/env/lib/python3.11/site-packages/reportlab/lib/__pycache__/PyFontify.cpython-311.pyc -> /Users/calum/Developer/Excelerator/dist/Excelerate.app/Contents/Resources/lib/python3.11/reportlab/lib/__pycache__/PyFontify.cpython-311.pyc
copying file /Users/calum/Developer/Excelerator/env/lib/python3.11/site-packages/reportlab/lib/__pycache__/attrmap.cpython-311.pyc -> /Users/calum/Developer/Excelerator/dist/Excelerate.app/Contents/Resources/lib/python3.11/reportlab/lib/__pycache__/attrmap.cpython-311.pyc
copying file /Users/calum/Developer/Excelerator/env/lib/python3.11/site-packages/reportlab/lib/__pycache__/textsplit.cpython-311.pyc -> /Users/calum/Developer/Excelerator/dist/Excelerate.app/Contents/Resources/lib/python3.11/reportlab/lib/__pycache__/textsplit.cpython-311.pyc
copying file /Users/calum/Developer/Excelerator/env/lib/python3.11/site-packages/reportlab/lib/__pycache__/formatters.cpython-311.pyc -> /Users/calum/Developer/Excelerator/dist/Excelerate.app/Contents/Resources/lib/python3.11/reportlab/lib/__pycache__/formatters.cpython-311.pyc
copying file /Users/calum/Developer/Excelerator/env/lib/python3.11/site-packages/reportlab/lib/__pycache__/pagesizes.cpython-311.pyc -> /Users/calum/Developer/Excelerator/dist/Excelerate.app/Contents/Resources/lib/python3.11/reportlab/lib/__pycache__/pagesizes.cpython-311.pyc
copying file /Users/calum/Developer/Excelerator/env/lib/python3.11/site-packages/reportlab/lib/__pycache__/yaml.cpython-311.pyc -> /Users/calum/Developer/Excelerator/dist/Excelerate.app/Contents/Resources/lib/python3.11/reportlab/lib/__pycache__/yaml.cpython-311.pyc
copying file /Users/calum/Developer/Excelerator/env/lib/python3.11/site-packages/reportlab/lib/__pycache__/testutils.cpython-311.pyc -> /Users/calum/Developer/Excelerator/dist/Excelerate.app/Contents/Resources/lib/python3.11/reportlab/lib/__pycache__/testutils.cpython-311.pyc
copying file /Users/calum/Developer/Excelerator/env/lib/python3.11/site-packages/reportlab/lib/__pycache__/rparsexml.cpython-311.pyc -> /Users/calum/Developer/Excelerator/dist/Excelerate.app/Contents/Resources/lib/python3.11/reportlab/lib/__pycache__/rparsexml.cpython-311.pyc
copying file /Users/calum/Developer/Excelerator/env/lib/python3.11/site-packages/reportlab/lib/__pycache__/__init__.cpython-311.pyc -> /Users/calum/Developer/Excelerator/dist/Excelerate.app/Contents/Resources/lib/python3.11/reportlab/lib/__pycache__/__init__.cpython-311.pyc
copying file /Users/calum/Developer/Excelerator/env/lib/python3.11/site-packages/reportlab/lib/__pycache__/extformat.cpython-311.pyc -> /Users/calum/Developer/Excelerator/dist/Excelerate.app/Contents/Resources/lib/python3.11/reportlab/lib/__pycache__/extformat.cpython-311.pyc
copying file /Users/calum/Developer/Excelerator/env/lib/python3.11/site-packages/reportlab/lib/logger.py -> /Users/calum/Developer/Excelerator/dist/Excelerate.app/Contents/Resources/lib/python3.11/reportlab/lib/logger.py
copying file /Users/calum/Developer/Excelerator/env/lib/python3.11/site-packages/reportlab/lib/pagesizes.py -> /Users/calum/Developer/Excelerator/dist/Excelerate.app/Contents/Resources/lib/python3.11/reportlab/lib/pagesizes.py
copying file /Users/calum/Developer/Excelerator/env/lib/python3.11/site-packages/reportlab/lib/yaml.py -> /Users/calum/Developer/Excelerator/dist/Excelerate.app/Contents/Resources/lib/python3.11/reportlab/lib/yaml.py
copying file /Users/calum/Developer/Excelerator/env/lib/python3.11/site-packages/reportlab/lib/extformat.py -> /Users/calum/Developer/Excelerator/dist/Excelerate.app/Contents/Resources/lib/python3.11/reportlab/lib/extformat.py
copying file /Users/calum/Developer/Excelerator/env/lib/python3.11/site-packages/reportlab/lib/rparsexml.py -> /Users/calum/Developer/Excelerator/dist/Excelerate.app/Contents/Resources/lib/python3.11/reportlab/lib/rparsexml.py
copying file /Users/calum/Developer/Excelerator/env/lib/python3.11/site-packages/reportlab/lib/utils.py -> /Users/calum/Developer/Excelerator/dist/Excelerate.app/Contents/Resources/lib/python3.11/reportlab/lib/utils.py
copying file /Users/calum/Developer/Excelerator/env/lib/python3.11/site-packages/reportlab/lib/styles.py -> /Users/calum/Developer/Excelerator/dist/Excelerate.app/Contents/Resources/lib/python3.11/reportlab/lib/styles.py
copying file /Users/calum/Developer/Excelerator/env/lib/python3.11/site-packages/reportlab/lib/abag.py -> /Users/calum/Developer/Excelerator/dist/Excelerate.app/Contents/Resources/lib/python3.11/reportlab/lib/abag.py
copying file /Users/calum/Developer/Excelerator/env/lib/python3.11/site-packages/reportlab/lib/rl_safe_eval.py -> /Users/calum/Developer/Excelerator/dist/Excelerate.app/Contents/Resources/lib/python3.11/reportlab/lib/rl_safe_eval.py
copying file /Users/calum/Developer/Excelerator/env/lib/python3.11/site-packages/reportlab/lib/attrmap.py -> /Users/calum/Developer/Excelerator/dist/Excelerate.app/Contents/Resources/lib/python3.11/reportlab/lib/attrmap.py
copying file /Users/calum/Developer/Excelerator/env/lib/python3.11/site-packages/reportlab/lib/corp.py -> /Users/calum/Developer/Excelerator/dist/Excelerate.app/Contents/Resources/lib/python3.11/reportlab/lib/corp.py
copying file /Users/calum/Developer/Excelerator/env/lib/python3.11/site-packages/reportlab/lib/fonts.py -> /Users/calum/Developer/Excelerator/dist/Excelerate.app/Contents/Resources/lib/python3.11/reportlab/lib/fonts.py
copying file /Users/calum/Developer/Excelerator/env/lib/python3.11/site-packages/reportlab/lib/arciv.py -> /Users/calum/Developer/Excelerator/dist/Excelerate.app/Contents/Resources/lib/python3.11/reportlab/lib/arciv.py
copying file /Users/calum/Developer/Excelerator/env/lib/python3.11/site-packages/reportlab/lib/fontfinder.py -> /Users/calum/Developer/Excelerator/dist/Excelerate.app/Contents/Resources/lib/python3.11/reportlab/lib/fontfinder.py
copying file /Users/calum/Developer/Excelerator/env/lib/python3.11/site-packages/reportlab/lib/PyFontify.py -> /Users/calum/Developer/Excelerator/dist/Excelerate.app/Contents/Resources/lib/python3.11/reportlab/lib/PyFontify.py
copying file /Users/calum/Developer/Excelerator/env/lib/python3.11/site-packages/reportlab/lib/normalDate.py -> /Users/calum/Developer/Excelerator/dist/Excelerate.app/Contents/Resources/lib/python3.11/reportlab/lib/normalDate.py
copying file /Users/calum/Developer/Excelerator/env/lib/python3.11/site-packages/reportlab/lib/colors.py -> /Users/calum/Developer/Excelerator/dist/Excelerate.app/Contents/Resources/lib/python3.11/reportlab/lib/colors.py
creating /Users/calum/Developer/Excelerator/dist/Excelerate.app/Contents/Resources/lib/python3.11/reportlab/graphics
copying file /Users/calum/Developer/Excelerator/env/lib/python3.11/site-packages/reportlab/graphics/shapes.py -> /Users/calum/Developer/Excelerator/dist/Excelerate.app/Contents/Resources/lib/python3.11/reportlab/graphics/shapes.py
copying file /Users/calum/Developer/Excelerator/env/lib/python3.11/site-packages/reportlab/graphics/testdrawings.py -> /Users/calum/Developer/Excelerator/dist/Excelerate.app/Contents/Resources/lib/python3.11/reportlab/graphics/testdrawings.py
copying file /Users/calum/Developer/Excelerator/env/lib/python3.11/site-packages/reportlab/graphics/svgpath.py -> /Users/calum/Developer/Excelerator/dist/Excelerate.app/Contents/Resources/lib/python3.11/reportlab/graphics/svgpath.py
copying file /Users/calum/Developer/Excelerator/env/lib/python3.11/site-packages/reportlab/graphics/renderSVG.py -> /Users/calum/Developer/Excelerator/dist/Excelerate.app/Contents/Resources/lib/python3.11/reportlab/graphics/renderSVG.py
creating /Users/calum/Developer/Excelerator/dist/Excelerate.app/Contents/Resources/lib/python3.11/reportlab/graphics/charts
copying file /Users/calum/Developer/Excelerator/env/lib/python3.11/site-packages/reportlab/graphics/charts/slidebox.py -> /Users/calum/Developer/Excelerator/dist/Excelerate.app/Contents/Resources/lib/python3.11/reportlab/graphics/charts/slidebox.py
copying file /Users/calum/Developer/Excelerator/env/lib/python3.11/site-packages/reportlab/graphics/charts/doughnut.py -> /Users/calum/Developer/Excelerator/dist/Excelerate.app/Contents/Resources/lib/python3.11/reportlab/graphics/charts/doughnut.py
copying file /Users/calum/Developer/Excelerator/env/lib/python3.11/site-packages/reportlab/graphics/charts/piecharts.py -> /Users/calum/Developer/Excelerator/dist/Excelerate.app/Contents/Resources/lib/python3.11/reportlab/graphics/charts/piecharts.py
copying file /Users/calum/Developer/Excelerator/env/lib/python3.11/site-packages/reportlab/graphics/charts/areas.py -> /Users/calum/Developer/Excelerator/dist/Excelerate.app/Contents/Resources/lib/python3.11/reportlab/graphics/charts/areas.py
copying file /Users/calum/Developer/Excelerator/env/lib/python3.11/site-packages/reportlab/graphics/charts/legends.py -> /Users/calum/Developer/Excelerator/dist/Excelerate.app/Contents/Resources/lib/python3.11/reportlab/graphics/charts/legends.py
copying file /Users/calum/Developer/Excelerator/env/lib/python3.11/site-packages/reportlab/graphics/charts/__init__.py -> /Users/calum/Developer/Excelerator/dist/Excelerate.app/Contents/Resources/lib/python3.11/reportlab/graphics/charts/__init__.py
creating /Users/calum/Developer/Excelerator/dist/Excelerate.app/Contents/Resources/lib/python3.11/reportlab/graphics/charts/__pycache__
copying file /Users/calum/Developer/Excelerator/env/lib/python3.11/site-packages/reportlab/graphics/charts/__pycache__/spider.cpython-311.pyc -> /Users/calum/Developer/Excelerator/dist/Excelerate.app/Contents/Resources/lib/python3.11/reportlab/graphics/charts/__pycache__/spider.cpython-311.pyc
copying file /Users/calum/Developer/Excelerator/env/lib/python3.11/site-packages/reportlab/graphics/charts/__pycache__/markers.cpython-311.pyc -> /Users/calum/Developer/Excelerator/dist/Excelerate.app/Contents/Resources/lib/python3.11/reportlab/graphics/charts/__pycache__/markers.cpython-311.pyc
copying file /Users/calum/Developer/Excelerator/env/lib/python3.11/site-packages/reportlab/graphics/charts/__pycache__/slidebox.cpython-311.pyc -> /Users/calum/Developer/Excelerator/dist/Excelerate.app/Contents/Resources/lib/python3.11/reportlab/graphics/charts/__pycache__/slidebox.cpython-311.pyc
copying file /Users/calum/Developer/Excelerator/env/lib/python3.11/site-packages/reportlab/graphics/charts/__pycache__/lineplots.cpython-311.pyc -> /Users/calum/Developer/Excelerator/dist/Excelerate.app/Contents/Resources/lib/python3.11/reportlab/graphics/charts/__pycache__/lineplots.cpython-311.pyc
copying file /Users/calum/Developer/Excelerator/env/lib/python3.11/site-packages/reportlab/graphics/charts/__pycache__/linecharts.cpython-311.pyc -> /Users/calum/Developer/Excelerator/dist/Excelerate.app/Contents/Resources/lib/python3.11/reportlab/graphics/charts/__pycache__/linecharts.cpython-311.pyc
copying file /Users/calum/Developer/Excelerator/env/lib/python3.11/site-packages/reportlab/graphics/charts/__pycache__/utils.cpython-311.pyc -> /Users/calum/Developer/Excelerator/dist/Excelerate.app/Contents/Resources/lib/python3.11/reportlab/graphics/charts/__pycache__/utils.cpython-311.pyc
copying file /Users/calum/Developer/Excelerator/env/lib/python3.11/site-packages/reportlab/graphics/charts/__pycache__/areas.cpython-311.pyc -> /Users/calum/Developer/Excelerator/dist/Excelerate.app/Contents/Resources/lib/python3.11/reportlab/graphics/charts/__pycache__/areas.cpython-311.pyc
copying file /Users/calum/Developer/Excelerator/env/lib/python3.11/site-packages/reportlab/graphics/charts/__pycache__/axes.cpython-311.pyc -> /Users/calum/Developer/Excelerator/dist/Excelerate.app/Contents/Resources/lib/python3.11/reportlab/graphics/charts/__pycache__/axes.cpython-311.pyc
copying file /Users/calum/Developer/Excelerator/env/lib/python3.11/site-packages/reportlab/graphics/charts/__pycache__/textlabels.cpython-311.pyc -> /Users/calum/Developer/Excelerator/dist/Excelerate.app/Contents/Resources/lib/python3.11/reportlab/graphics/charts/__pycache__/textlabels.cpython-311.pyc
copying file /Users/calum/Developer/Excelerator/env/lib/python3.11/site-packages/reportlab/graphics/charts/__pycache__/barcharts.cpython-311.pyc -> /Users/calum/Developer/Excelerator/dist/Excelerate.app/Contents/Resources/lib/python3.11/reportlab/graphics/charts/__pycache__/barcharts.cpython-311.pyc
copying file /Users/calum/Developer/Excelerator/env/lib/python3.11/site-packages/reportlab/graphics/charts/__pycache__/doughnut.cpython-311.pyc -> /Users/calum/Developer/Excelerator/dist/Excelerate.app/Contents/Resources/lib/python3.11/reportlab/graphics/charts/__pycache__/doughnut.cpython-311.pyc
copying file /Users/calum/Developer/Excelerator/env/lib/python3.11/site-packages/reportlab/graphics/charts/__pycache__/utils3d.cpython-311.pyc -> /Users/calum/Developer/Excelerator/dist/Excelerate.app/Contents/Resources/lib/python3.11/reportlab/graphics/charts/__pycache__/utils3d.cpython-311.pyc
copying file /Users/calum/Developer/Excelerator/env/lib/python3.11/site-packages/reportlab/graphics/charts/__pycache__/dotbox.cpython-311.pyc -> /Users/calum/Developer/Excelerator/dist/Excelerate.app/Contents/Resources/lib/python3.11/reportlab/graphics/charts/__pycache__/dotbox.cpython-311.pyc
copying file /Users/calum/Developer/Excelerator/env/lib/python3.11/site-packages/reportlab/graphics/charts/__pycache__/piecharts.cpython-311.pyc -> /Users/calum/Developer/Excelerator/dist/Excelerate.app/Contents/Resources/lib/python3.11/reportlab/graphics/charts/__pycache__/piecharts.cpython-311.pyc
copying file /Users/calum/Developer/Excelerator/env/lib/python3.11/site-packages/reportlab/graphics/charts/__pycache__/legends.cpython-311.pyc -> /Users/calum/Developer/Excelerator/dist/Excelerate.app/Contents/Resources/lib/python3.11/reportlab/graphics/charts/__pycache__/legends.cpython-311.pyc
copying file /Users/calum/Developer/Excelerator/env/lib/python3.11/site-packages/reportlab/graphics/charts/__pycache__/__init__.cpython-311.pyc -> /Users/calum/Developer/Excelerator/dist/Excelerate.app/Contents/Resources/lib/python3.11/reportlab/graphics/charts/__pycache__/__init__.cpython-311.pyc
copying file /Users/calum/Developer/Excelerator/env/lib/python3.11/site-packages/reportlab/graphics/charts/lineplots.py -> /Users/calum/Developer/Excelerator/dist/Excelerate.app/Contents/Resources/lib/python3.11/reportlab/graphics/charts/lineplots.py
copying file /Users/calum/Developer/Excelerator/env/lib/python3.11/site-packages/reportlab/graphics/charts/barcharts.py -> /Users/calum/Developer/Excelerator/dist/Excelerate.app/Contents/Resources/lib/python3.11/reportlab/graphics/charts/barcharts.py
copying file /Users/calum/Developer/Excelerator/env/lib/python3.11/site-packages/reportlab/graphics/charts/linecharts.py -> /Users/calum/Developer/Excelerator/dist/Excelerate.app/Contents/Resources/lib/python3.11/reportlab/graphics/charts/linecharts.py
copying file /Users/calum/Developer/Excelerator/env/lib/python3.11/site-packages/reportlab/graphics/charts/utils.py -> /Users/calum/Developer/Excelerator/dist/Excelerate.app/Contents/Resources/lib/python3.11/reportlab/graphics/charts/utils.py
copying file /Users/calum/Developer/Excelerator/env/lib/python3.11/site-packages/reportlab/graphics/charts/dotbox.py -> /Users/calum/Developer/Excelerator/dist/Excelerate.app/Contents/Resources/lib/python3.11/reportlab/graphics/charts/dotbox.py
copying file /Users/calum/Developer/Excelerator/env/lib/python3.11/site-packages/reportlab/graphics/charts/markers.py -> /Users/calum/Developer/Excelerator/dist/Excelerate.app/Contents/Resources/lib/python3.11/reportlab/graphics/charts/markers.py
copying file /Users/calum/Developer/Excelerator/env/lib/python3.11/site-packages/reportlab/graphics/charts/utils3d.py -> /Users/calum/Developer/Excelerator/dist/Excelerate.app/Contents/Resources/lib/python3.11/reportlab/graphics/charts/utils3d.py
copying file /Users/calum/Developer/Excelerator/env/lib/python3.11/site-packages/reportlab/graphics/charts/textlabels.py -> /Users/calum/Developer/Excelerator/dist/Excelerate.app/Contents/Resources/lib/python3.11/reportlab/graphics/charts/textlabels.py
copying file /Users/calum/Developer/Excelerator/env/lib/python3.11/site-packages/reportlab/graphics/charts/axes.py -> /Users/calum/Developer/Excelerator/dist/Excelerate.app/Contents/Resources/lib/python3.11/reportlab/graphics/charts/axes.py
copying file /Users/calum/Developer/Excelerator/env/lib/python3.11/site-packages/reportlab/graphics/charts/spider.py -> /Users/calum/Developer/Excelerator/dist/Excelerate.app/Contents/Resources/lib/python3.11/reportlab/graphics/charts/spider.py
copying file /Users/calum/Developer/Excelerator/env/lib/python3.11/site-packages/reportlab/graphics/__init__.py -> /Users/calum/Developer/Excelerator/dist/Excelerate.app/Contents/Resources/lib/python3.11/reportlab/graphics/__init__.py
copying file /Users/calum/Developer/Excelerator/env/lib/python3.11/site-packages/reportlab/graphics/renderPS.py -> /Users/calum/Developer/Excelerator/dist/Excelerate.app/Contents/Resources/lib/python3.11/reportlab/graphics/renderPS.py
copying file /Users/calum/Developer/Excelerator/env/lib/python3.11/site-packages/reportlab/graphics/renderbase.py -> /Users/calum/Developer/Excelerator/dist/Excelerate.app/Contents/Resources/lib/python3.11/reportlab/graphics/renderbase.py
creating /Users/calum/Developer/Excelerator/dist/Excelerate.app/Contents/Resources/lib/python3.11/reportlab/graphics/__pycache__
copying file /Users/calum/Developer/Excelerator/env/lib/python3.11/site-packages/reportlab/graphics/__pycache__/svgpath.cpython-311.pyc -> /Users/calum/Developer/Excelerator/dist/Excelerate.app/Contents/Resources/lib/python3.11/reportlab/graphics/__pycache__/svgpath.cpython-311.pyc
copying file /Users/calum/Developer/Excelerator/env/lib/python3.11/site-packages/reportlab/graphics/__pycache__/testdrawings.cpython-311.pyc -> /Users/calum/Developer/Excelerator/dist/Excelerate.app/Contents/Resources/lib/python3.11/reportlab/graphics/__pycache__/testdrawings.cpython-311.pyc
copying file /Users/calum/Developer/Excelerator/env/lib/python3.11/site-packages/reportlab/graphics/__pycache__/renderPS.cpython-311.pyc -> /Users/calum/Developer/Excelerator/dist/Excelerate.app/Contents/Resources/lib/python3.11/reportlab/graphics/__pycache__/renderPS.cpython-311.pyc
copying file /Users/calum/Developer/Excelerator/env/lib/python3.11/site-packages/reportlab/graphics/__pycache__/renderSVG.cpython-311.pyc -> /Users/calum/Developer/Excelerator/dist/Excelerate.app/Contents/Resources/lib/python3.11/reportlab/graphics/__pycache__/renderSVG.cpython-311.pyc
copying file /Users/calum/Developer/Excelerator/env/lib/python3.11/site-packages/reportlab/graphics/__pycache__/renderbase.cpython-311.pyc -> /Users/calum/Developer/Excelerator/dist/Excelerate.app/Contents/Resources/lib/python3.11/reportlab/graphics/__pycache__/renderbase.cpython-311.pyc
copying file /Users/calum/Developer/Excelerator/env/lib/python3.11/site-packages/reportlab/graphics/__pycache__/transform.cpython-311.pyc -> /Users/calum/Developer/Excelerator/dist/Excelerate.app/Contents/Resources/lib/python3.11/reportlab/graphics/__pycache__/transform.cpython-311.pyc
copying file /Users/calum/Developer/Excelerator/env/lib/python3.11/site-packages/reportlab/graphics/__pycache__/utils.cpython-311.pyc -> /Users/calum/Developer/Excelerator/dist/Excelerate.app/Contents/Resources/lib/python3.11/reportlab/graphics/__pycache__/utils.cpython-311.pyc
copying file /Users/calum/Developer/Excelerator/env/lib/python3.11/site-packages/reportlab/graphics/__pycache__/renderPM.cpython-311.pyc -> /Users/calum/Developer/Excelerator/dist/Excelerate.app/Contents/Resources/lib/python3.11/reportlab/graphics/__pycache__/renderPM.cpython-311.pyc
copying file /Users/calum/Developer/Excelerator/env/lib/python3.11/site-packages/reportlab/graphics/__pycache__/widgetbase.cpython-311.pyc -> /Users/calum/Developer/Excelerator/dist/Excelerate.app/Contents/Resources/lib/python3.11/reportlab/graphics/__pycache__/widgetbase.cpython-311.pyc
copying file /Users/calum/Developer/Excelerator/env/lib/python3.11/site-packages/reportlab/graphics/__pycache__/testshapes.cpython-311.pyc -> /Users/calum/Developer/Excelerator/dist/Excelerate.app/Contents/Resources/lib/python3.11/reportlab/graphics/__pycache__/testshapes.cpython-311.pyc
copying file /Users/calum/Developer/Excelerator/env/lib/python3.11/site-packages/reportlab/graphics/__pycache__/shapes.cpython-311.pyc -> /Users/calum/Developer/Excelerator/dist/Excelerate.app/Contents/Resources/lib/python3.11/reportlab/graphics/__pycache__/shapes.cpython-311.pyc
copying file /Users/calum/Developer/Excelerator/env/lib/python3.11/site-packages/reportlab/graphics/__pycache__/renderPDF.cpython-311.pyc -> /Users/calum/Developer/Excelerator/dist/Excelerate.app/Contents/Resources/lib/python3.11/reportlab/graphics/__pycache__/renderPDF.cpython-311.pyc
copying file /Users/calum/Developer/Excelerator/env/lib/python3.11/site-packages/reportlab/graphics/__pycache__/__init__.cpython-311.pyc -> /Users/calum/Developer/Excelerator/dist/Excelerate.app/Contents/Resources/lib/python3.11/reportlab/graphics/__pycache__/__init__.cpython-311.pyc
copying file /Users/calum/Developer/Excelerator/env/lib/python3.11/site-packages/reportlab/graphics/widgetbase.py -> /Users/calum/Developer/Excelerator/dist/Excelerate.app/Contents/Resources/lib/python3.11/reportlab/graphics/widgetbase.py
creating /Users/calum/Developer/Excelerator/dist/Excelerate.app/Contents/Resources/lib/python3.11/reportlab/graphics/samples
copying file /Users/calum/Developer/Excelerator/env/lib/python3.11/site-packages/reportlab/graphics/samples/scatter_lines.py -> /Users/calum/Developer/Excelerator/dist/Excelerate.app/Contents/Resources/lib/python3.11/reportlab/graphics/samples/scatter_lines.py
copying file /Users/calum/Developer/Excelerator/env/lib/python3.11/site-packages/reportlab/graphics/samples/clustered_bar.py -> /Users/calum/Developer/Excelerator/dist/Excelerate.app/Contents/Resources/lib/python3.11/reportlab/graphics/samples/clustered_bar.py
copying file /Users/calum/Developer/Excelerator/env/lib/python3.11/site-packages/reportlab/graphics/samples/stacked_column.py -> /Users/calum/Developer/Excelerator/dist/Excelerate.app/Contents/Resources/lib/python3.11/reportlab/graphics/samples/stacked_column.py
copying file /Users/calum/Developer/Excelerator/env/lib/python3.11/site-packages/reportlab/graphics/samples/linechart_with_markers.py -> /Users/calum/Developer/Excelerator/dist/Excelerate.app/Contents/Resources/lib/python3.11/reportlab/graphics/samples/linechart_with_markers.py
copying file /Users/calum/Developer/Excelerator/env/lib/python3.11/site-packages/reportlab/graphics/samples/excelcolors.py -> /Users/calum/Developer/Excelerator/dist/Excelerate.app/Contents/Resources/lib/python3.11/reportlab/graphics/samples/excelcolors.py
copying file /Users/calum/Developer/Excelerator/env/lib/python3.11/site-packages/reportlab/graphics/samples/stacked_bar.py -> /Users/calum/Developer/Excelerator/dist/Excelerate.app/Contents/Resources/lib/python3.11/reportlab/graphics/samples/stacked_bar.py
copying file /Users/calum/Developer/Excelerator/env/lib/python3.11/site-packages/reportlab/graphics/samples/radar.py -> /Users/calum/Developer/Excelerator/dist/Excelerate.app/Contents/Resources/lib/python3.11/reportlab/graphics/samples/radar.py
copying file /Users/calum/Developer/Excelerator/env/lib/python3.11/site-packages/reportlab/graphics/samples/simple_pie.py -> /Users/calum/Developer/Excelerator/dist/Excelerate.app/Contents/Resources/lib/python3.11/reportlab/graphics/samples/simple_pie.py
copying file /Users/calum/Developer/Excelerator/env/lib/python3.11/site-packages/reportlab/graphics/samples/__init__.py -> /Users/calum/Developer/Excelerator/dist/Excelerate.app/Contents/Resources/lib/python3.11/reportlab/graphics/samples/__init__.py
creating /Users/calum/Developer/Excelerator/dist/Excelerate.app/Contents/Resources/lib/python3.11/reportlab/graphics/samples/__pycache__
copying file /Users/calum/Developer/Excelerator/env/lib/python3.11/site-packages/reportlab/graphics/samples/__pycache__/linechart_with_markers.cpython-311.pyc -> /Users/calum/Developer/Excelerator/dist/Excelerate.app/Contents/Resources/lib/python3.11/reportlab/graphics/samples/__pycache__/linechart_with_markers.cpython-311.pyc
copying file /Users/calum/Developer/Excelerator/env/lib/python3.11/site-packages/reportlab/graphics/samples/__pycache__/clustered_bar.cpython-311.pyc -> /Users/calum/Developer/Excelerator/dist/Excelerate.app/Contents/Resources/lib/python3.11/reportlab/graphics/samples/__pycache__/clustered_bar.cpython-311.pyc
copying file /Users/calum/Developer/Excelerator/env/lib/python3.11/site-packages/reportlab/graphics/samples/__pycache__/scatter.cpython-311.pyc -> /Users/calum/Developer/Excelerator/dist/Excelerate.app/Contents/Resources/lib/python3.11/reportlab/graphics/samples/__pycache__/scatter.cpython-311.pyc
copying file /Users/calum/Developer/Excelerator/env/lib/python3.11/site-packages/reportlab/graphics/samples/__pycache__/bubble.cpython-311.pyc -> /Users/calum/Developer/Excelerator/dist/Excelerate.app/Contents/Resources/lib/python3.11/reportlab/graphics/samples/__pycache__/bubble.cpython-311.pyc
copying file /Users/calum/Developer/Excelerator/env/lib/python3.11/site-packages/reportlab/graphics/samples/__pycache__/excelcolors.cpython-311.pyc -> /Users/calum/Developer/Excelerator/dist/Excelerate.app/Contents/Resources/lib/python3.11/reportlab/graphics/samples/__pycache__/excelcolors.cpython-311.pyc
copying file /Users/calum/Developer/Excelerator/env/lib/python3.11/site-packages/reportlab/graphics/samples/__pycache__/scatter_lines_markers.cpython-311.pyc -> /Users/calum/Developer/Excelerator/dist/Excelerate.app/Contents/Resources/lib/python3.11/reportlab/graphics/samples/__pycache__/scatter_lines_markers.cpython-311.pyc
copying file /Users/calum/Developer/Excelerator/env/lib/python3.11/site-packages/reportlab/graphics/samples/__pycache__/stacked_column.cpython-311.pyc -> /Users/calum/Developer/Excelerator/dist/Excelerate.app/Contents/Resources/lib/python3.11/reportlab/graphics/samples/__pycache__/stacked_column.cpython-311.pyc
copying file /Users/calum/Developer/Excelerator/env/lib/python3.11/site-packages/reportlab/graphics/samples/__pycache__/filled_radar.cpython-311.pyc -> /Users/calum/Developer/Excelerator/dist/Excelerate.app/Contents/Resources/lib/python3.11/reportlab/graphics/samples/__pycache__/filled_radar.cpython-311.pyc
copying file /Users/calum/Developer/Excelerator/env/lib/python3.11/site-packages/reportlab/graphics/samples/__pycache__/radar.cpython-311.pyc -> /Users/calum/Developer/Excelerator/dist/Excelerate.app/Contents/Resources/lib/python3.11/reportlab/graphics/samples/__pycache__/radar.cpython-311.pyc
copying file /Users/calum/Developer/Excelerator/env/lib/python3.11/site-packages/reportlab/graphics/samples/__pycache__/simple_pie.cpython-311.pyc -> /Users/calum/Developer/Excelerator/dist/Excelerate.app/Contents/Resources/lib/python3.11/reportlab/graphics/samples/__pycache__/simple_pie.cpython-311.pyc
copying file /Users/calum/Developer/Excelerator/env/lib/python3.11/site-packages/reportlab/graphics/samples/__pycache__/line_chart.cpython-311.pyc -> /Users/calum/Developer/Excelerator/dist/Excelerate.app/Contents/Resources/lib/python3.11/reportlab/graphics/samples/__pycache__/line_chart.cpython-311.pyc
copying file /Users/calum/Developer/Excelerator/env/lib/python3.11/site-packages/reportlab/graphics/samples/__pycache__/stacked_bar.cpython-311.pyc -> /Users/calum/Developer/Excelerator/dist/Excelerate.app/Contents/Resources/lib/python3.11/reportlab/graphics/samples/__pycache__/stacked_bar.cpython-311.pyc
copying file /Users/calum/Developer/Excelerator/env/lib/python3.11/site-packages/reportlab/graphics/samples/__pycache__/exploded_pie.cpython-311.pyc -> /Users/calum/Developer/Excelerator/dist/Excelerate.app/Contents/Resources/lib/python3.11/reportlab/graphics/samples/__pycache__/exploded_pie.cpython-311.pyc
copying file /Users/calum/Developer/Excelerator/env/lib/python3.11/site-packages/reportlab/graphics/samples/__pycache__/scatter_lines.cpython-311.pyc -> /Users/calum/Developer/Excelerator/dist/Excelerate.app/Contents/Resources/lib/python3.11/reportlab/graphics/samples/__pycache__/scatter_lines.cpython-311.pyc
copying file /Users/calum/Developer/Excelerator/env/lib/python3.11/site-packages/reportlab/graphics/samples/__pycache__/clustered_column.cpython-311.pyc -> /Users/calum/Developer/Excelerator/dist/Excelerate.app/Contents/Resources/lib/python3.11/reportlab/graphics/samples/__pycache__/clustered_column.cpython-311.pyc
copying file /Users/calum/Developer/Excelerator/env/lib/python3.11/site-packages/reportlab/graphics/samples/__pycache__/__init__.cpython-311.pyc -> /Users/calum/Developer/Excelerator/dist/Excelerate.app/Contents/Resources/lib/python3.11/reportlab/graphics/samples/__pycache__/__init__.cpython-311.pyc
copying file /Users/calum/Developer/Excelerator/env/lib/python3.11/site-packages/reportlab/graphics/samples/__pycache__/runall.cpython-311.pyc -> /Users/calum/Developer/Excelerator/dist/Excelerate.app/Contents/Resources/lib/python3.11/reportlab/graphics/samples/__pycache__/runall.cpython-311.pyc
copying file /Users/calum/Developer/Excelerator/env/lib/python3.11/site-packages/reportlab/graphics/samples/scatter.py -> /Users/calum/Developer/Excelerator/dist/Excelerate.app/Contents/Resources/lib/python3.11/reportlab/graphics/samples/scatter.py
copying file /Users/calum/Developer/Excelerator/env/lib/python3.11/site-packages/reportlab/graphics/samples/bubble.py -> /Users/calum/Developer/Excelerator/dist/Excelerate.app/Contents/Resources/lib/python3.11/reportlab/graphics/samples/bubble.py
copying file /Users/calum/Developer/Excelerator/env/lib/python3.11/site-packages/reportlab/graphics/samples/clustered_column.py -> /Users/calum/Developer/Excelerator/dist/Excelerate.app/Contents/Resources/lib/python3.11/reportlab/graphics/samples/clustered_column.py
copying file /Users/calum/Developer/Excelerator/env/lib/python3.11/site-packages/reportlab/graphics/samples/exploded_pie.py -> /Users/calum/Developer/Excelerator/dist/Excelerate.app/Contents/Resources/lib/python3.11/reportlab/graphics/samples/exploded_pie.py
copying file /Users/calum/Developer/Excelerator/env/lib/python3.11/site-packages/reportlab/graphics/samples/line_chart.py -> /Users/calum/Developer/Excelerator/dist/Excelerate.app/Contents/Resources/lib/python3.11/reportlab/graphics/samples/line_chart.py
copying file /Users/calum/Developer/Excelerator/env/lib/python3.11/site-packages/reportlab/graphics/samples/filled_radar.py -> /Users/calum/Developer/Excelerator/dist/Excelerate.app/Contents/Resources/lib/python3.11/reportlab/graphics/samples/filled_radar.py
copying file /Users/calum/Developer/Excelerator/env/lib/python3.11/site-packages/reportlab/graphics/samples/scatter_lines_markers.py -> /Users/calum/Developer/Excelerator/dist/Excelerate.app/Contents/Resources/lib/python3.11/reportlab/graphics/samples/scatter_lines_markers.py
copying file /Users/calum/Developer/Excelerator/env/lib/python3.11/site-packages/reportlab/graphics/samples/runall.py -> /Users/calum/Developer/Excelerator/dist/Excelerate.app/Contents/Resources/lib/python3.11/reportlab/graphics/samples/runall.py
copying file /Users/calum/Developer/Excelerator/env/lib/python3.11/site-packages/reportlab/graphics/utils.py -> /Users/calum/Developer/Excelerator/dist/Excelerate.app/Contents/Resources/lib/python3.11/reportlab/graphics/utils.py
copying file /Users/calum/Developer/Excelerator/env/lib/python3.11/site-packages/reportlab/graphics/renderPM.py -> /Users/calum/Developer/Excelerator/dist/Excelerate.app/Contents/Resources/lib/python3.11/reportlab/graphics/renderPM.py
copying file /Users/calum/Developer/Excelerator/env/lib/python3.11/site-packages/reportlab/graphics/transform.py -> /Users/calum/Developer/Excelerator/dist/Excelerate.app/Contents/Resources/lib/python3.11/reportlab/graphics/transform.py
copying file /Users/calum/Developer/Excelerator/env/lib/python3.11/site-packages/reportlab/graphics/testshapes.py -> /Users/calum/Developer/Excelerator/dist/Excelerate.app/Contents/Resources/lib/python3.11/reportlab/graphics/testshapes.py
copying file /Users/calum/Developer/Excelerator/env/lib/python3.11/site-packages/reportlab/graphics/renderPDF.py -> /Users/calum/Developer/Excelerator/dist/Excelerate.app/Contents/Resources/lib/python3.11/reportlab/graphics/renderPDF.py
creating /Users/calum/Developer/Excelerator/dist/Excelerate.app/Contents/Resources/lib/python3.11/reportlab/graphics/barcode
copying file /Users/calum/Developer/Excelerator/env/lib/python3.11/site-packages/reportlab/graphics/barcode/eanbc.py -> /Users/calum/Developer/Excelerator/dist/Excelerate.app/Contents/Resources/lib/python3.11/reportlab/graphics/barcode/eanbc.py
copying file /Users/calum/Developer/Excelerator/env/lib/python3.11/site-packages/reportlab/graphics/barcode/usps4s.py -> /Users/calum/Developer/Excelerator/dist/Excelerate.app/Contents/Resources/lib/python3.11/reportlab/graphics/barcode/usps4s.py
copying file /Users/calum/Developer/Excelerator/env/lib/python3.11/site-packages/reportlab/graphics/barcode/fourstate.py -> /Users/calum/Developer/Excelerator/dist/Excelerate.app/Contents/Resources/lib/python3.11/reportlab/graphics/barcode/fourstate.py
copying file /Users/calum/Developer/Excelerator/env/lib/python3.11/site-packages/reportlab/graphics/barcode/qrencoder.py -> /Users/calum/Developer/Excelerator/dist/Excelerate.app/Contents/Resources/lib/python3.11/reportlab/graphics/barcode/qrencoder.py
copying file /Users/calum/Developer/Excelerator/env/lib/python3.11/site-packages/reportlab/graphics/barcode/usps.py -> /Users/calum/Developer/Excelerator/dist/Excelerate.app/Contents/Resources/lib/python3.11/reportlab/graphics/barcode/usps.py
copying file /Users/calum/Developer/Excelerator/env/lib/python3.11/site-packages/reportlab/graphics/barcode/ecc200datamatrix.py -> /Users/calum/Developer/Excelerator/dist/Excelerate.app/Contents/Resources/lib/python3.11/reportlab/graphics/barcode/ecc200datamatrix.py
copying file /Users/calum/Developer/Excelerator/env/lib/python3.11/site-packages/reportlab/graphics/barcode/lto.py -> /Users/calum/Developer/Excelerator/dist/Excelerate.app/Contents/Resources/lib/python3.11/reportlab/graphics/barcode/lto.py
copying file /Users/calum/Developer/Excelerator/env/lib/python3.11/site-packages/reportlab/graphics/barcode/code39.py -> /Users/calum/Developer/Excelerator/dist/Excelerate.app/Contents/Resources/lib/python3.11/reportlab/graphics/barcode/code39.py
copying file /Users/calum/Developer/Excelerator/env/lib/python3.11/site-packages/reportlab/graphics/barcode/__init__.py -> /Users/calum/Developer/Excelerator/dist/Excelerate.app/Contents/Resources/lib/python3.11/reportlab/graphics/barcode/__init__.py
creating /Users/calum/Developer/Excelerator/dist/Excelerate.app/Contents/Resources/lib/python3.11/reportlab/graphics/barcode/__pycache__
copying file /Users/calum/Developer/Excelerator/env/lib/python3.11/site-packages/reportlab/graphics/barcode/__pycache__/ecc200datamatrix.cpython-311.pyc -> /Users/calum/Developer/Excelerator/dist/Excelerate.app/Contents/Resources/lib/python3.11/reportlab/graphics/barcode/__pycache__/ecc200datamatrix.cpython-311.pyc
copying file /Users/calum/Developer/Excelerator/env/lib/python3.11/site-packages/reportlab/graphics/barcode/__pycache__/code93.cpython-311.pyc -> /Users/calum/Developer/Excelerator/dist/Excelerate.app/Contents/Resources/lib/python3.11/reportlab/graphics/barcode/__pycache__/code93.cpython-311.pyc
copying file /Users/calum/Developer/Excelerator/env/lib/python3.11/site-packages/reportlab/graphics/barcode/__pycache__/common.cpython-311.pyc -> /Users/calum/Developer/Excelerator/dist/Excelerate.app/Contents/Resources/lib/python3.11/reportlab/graphics/barcode/__pycache__/common.cpython-311.pyc
copying file /Users/calum/Developer/Excelerator/env/lib/python3.11/site-packages/reportlab/graphics/barcode/__pycache__/test.cpython-311.pyc -> /Users/calum/Developer/Excelerator/dist/Excelerate.app/Contents/Resources/lib/python3.11/reportlab/graphics/barcode/__pycache__/test.cpython-311.pyc
copying file /Users/calum/Developer/Excelerator/env/lib/python3.11/site-packages/reportlab/graphics/barcode/__pycache__/widgets.cpython-311.pyc -> /Users/calum/Developer/Excelerator/dist/Excelerate.app/Contents/Resources/lib/python3.11/reportlab/graphics/barcode/__pycache__/widgets.cpython-311.pyc
copying file /Users/calum/Developer/Excelerator/env/lib/python3.11/site-packages/reportlab/graphics/barcode/__pycache__/eanbc.cpython-311.pyc -> /Users/calum/Developer/Excelerator/dist/Excelerate.app/Contents/Resources/lib/python3.11/reportlab/graphics/barcode/__pycache__/eanbc.cpython-311.pyc
copying file /Users/calum/Developer/Excelerator/env/lib/python3.11/site-packages/reportlab/graphics/barcode/__pycache__/dmtx.cpython-311.pyc -> /Users/calum/Developer/Excelerator/dist/Excelerate.app/Contents/Resources/lib/python3.11/reportlab/graphics/barcode/__pycache__/dmtx.cpython-311.pyc
copying file /Users/calum/Developer/Excelerator/env/lib/python3.11/site-packages/reportlab/graphics/barcode/__pycache__/code39.cpython-311.pyc -> /Users/calum/Developer/Excelerator/dist/Excelerate.app/Contents/Resources/lib/python3.11/reportlab/graphics/barcode/__pycache__/code39.cpython-311.pyc
copying file /Users/calum/Developer/Excelerator/env/lib/python3.11/site-packages/reportlab/graphics/barcode/__pycache__/fourstate.cpython-311.pyc -> /Users/calum/Developer/Excelerator/dist/Excelerate.app/Contents/Resources/lib/python3.11/reportlab/graphics/barcode/__pycache__/fourstate.cpython-311.pyc
copying file /Users/calum/Developer/Excelerator/env/lib/python3.11/site-packages/reportlab/graphics/barcode/__pycache__/usps4s.cpython-311.pyc -> /Users/calum/Developer/Excelerator/dist/Excelerate.app/Contents/Resources/lib/python3.11/reportlab/graphics/barcode/__pycache__/usps4s.cpython-311.pyc
copying file /Users/calum/Developer/Excelerator/env/lib/python3.11/site-packages/reportlab/graphics/barcode/__pycache__/qrencoder.cpython-311.pyc -> /Users/calum/Developer/Excelerator/dist/Excelerate.app/Contents/Resources/lib/python3.11/reportlab/graphics/barcode/__pycache__/qrencoder.cpython-311.pyc
copying file /Users/calum/Developer/Excelerator/env/lib/python3.11/site-packages/reportlab/graphics/barcode/__pycache__/lto.cpython-311.pyc -> /Users/calum/Developer/Excelerator/dist/Excelerate.app/Contents/Resources/lib/python3.11/reportlab/graphics/barcode/__pycache__/lto.cpython-311.pyc
copying file /Users/calum/Developer/Excelerator/env/lib/python3.11/site-packages/reportlab/graphics/barcode/__pycache__/usps.cpython-311.pyc -> /Users/calum/Developer/Excelerator/dist/Excelerate.app/Contents/Resources/lib/python3.11/reportlab/graphics/barcode/__pycache__/usps.cpython-311.pyc
copying file /Users/calum/Developer/Excelerator/env/lib/python3.11/site-packages/reportlab/graphics/barcode/__pycache__/qr.cpython-311.pyc -> /Users/calum/Developer/Excelerator/dist/Excelerate.app/Contents/Resources/lib/python3.11/reportlab/graphics/barcode/__pycache__/qr.cpython-311.pyc
copying file /Users/calum/Developer/Excelerator/env/lib/python3.11/site-packages/reportlab/graphics/barcode/__pycache__/code128.cpython-311.pyc -> /Users/calum/Developer/Excelerator/dist/Excelerate.app/Contents/Resources/lib/python3.11/reportlab/graphics/barcode/__pycache__/code128.cpython-311.pyc
copying file /Users/calum/Developer/Excelerator/env/lib/python3.11/site-packages/reportlab/graphics/barcode/__pycache__/__init__.cpython-311.pyc -> /Users/calum/Developer/Excelerator/dist/Excelerate.app/Contents/Resources/lib/python3.11/reportlab/graphics/barcode/__pycache__/__init__.cpython-311.pyc
copying file /Users/calum/Developer/Excelerator/env/lib/python3.11/site-packages/reportlab/graphics/barcode/test.py -> /Users/calum/Developer/Excelerator/dist/Excelerate.app/Contents/Resources/lib/python3.11/reportlab/graphics/barcode/test.py
copying file /Users/calum/Developer/Excelerator/env/lib/python3.11/site-packages/reportlab/graphics/barcode/widgets.py -> /Users/calum/Developer/Excelerator/dist/Excelerate.app/Contents/Resources/lib/python3.11/reportlab/graphics/barcode/widgets.py
copying file /Users/calum/Developer/Excelerator/env/lib/python3.11/site-packages/reportlab/graphics/barcode/qr.py -> /Users/calum/Developer/Excelerator/dist/Excelerate.app/Contents/Resources/lib/python3.11/reportlab/graphics/barcode/qr.py
copying file /Users/calum/Developer/Excelerator/env/lib/python3.11/site-packages/reportlab/graphics/barcode/common.py -> /Users/calum/Developer/Excelerator/dist/Excelerate.app/Contents/Resources/lib/python3.11/reportlab/graphics/barcode/common.py
copying file /Users/calum/Developer/Excelerator/env/lib/python3.11/site-packages/reportlab/graphics/barcode/code128.py -> /Users/calum/Developer/Excelerator/dist/Excelerate.app/Contents/Resources/lib/python3.11/reportlab/graphics/barcode/code128.py
copying file /Users/calum/Developer/Excelerator/env/lib/python3.11/site-packages/reportlab/graphics/barcode/code93.py -> /Users/calum/Developer/Excelerator/dist/Excelerate.app/Contents/Resources/lib/python3.11/reportlab/graphics/barcode/code93.py
copying file /Users/calum/Developer/Excelerator/env/lib/python3.11/site-packages/reportlab/graphics/barcode/dmtx.py -> /Users/calum/Developer/Excelerator/dist/Excelerate.app/Contents/Resources/lib/python3.11/reportlab/graphics/barcode/dmtx.py
creating /Users/calum/Developer/Excelerator/dist/Excelerate.app/Contents/Resources/lib/python3.11/reportlab/graphics/widgets
copying file /Users/calum/Developer/Excelerator/env/lib/python3.11/site-packages/reportlab/graphics/widgets/eventcal.py -> /Users/calum/Developer/Excelerator/dist/Excelerate.app/Contents/Resources/lib/python3.11/reportlab/graphics/widgets/eventcal.py
copying file /Users/calum/Developer/Excelerator/env/lib/python3.11/site-packages/reportlab/graphics/widgets/grids.py -> /Users/calum/Developer/Excelerator/dist/Excelerate.app/Contents/Resources/lib/python3.11/reportlab/graphics/widgets/grids.py
copying file /Users/calum/Developer/Excelerator/env/lib/python3.11/site-packages/reportlab/graphics/widgets/flags.py -> /Users/calum/Developer/Excelerator/dist/Excelerate.app/Contents/Resources/lib/python3.11/reportlab/graphics/widgets/flags.py
copying file /Users/calum/Developer/Excelerator/env/lib/python3.11/site-packages/reportlab/graphics/widgets/__init__.py -> /Users/calum/Developer/Excelerator/dist/Excelerate.app/Contents/Resources/lib/python3.11/reportlab/graphics/widgets/__init__.py
creating /Users/calum/Developer/Excelerator/dist/Excelerate.app/Contents/Resources/lib/python3.11/reportlab/graphics/widgets/__pycache__
copying file /Users/calum/Developer/Excelerator/env/lib/python3.11/site-packages/reportlab/graphics/widgets/__pycache__/markers.cpython-311.pyc -> /Users/calum/Developer/Excelerator/dist/Excelerate.app/Contents/Resources/lib/python3.11/reportlab/graphics/widgets/__pycache__/markers.cpython-311.pyc
copying file /Users/calum/Developer/Excelerator/env/lib/python3.11/site-packages/reportlab/graphics/widgets/__pycache__/adjustableArrow.cpython-311.pyc -> /Users/calum/Developer/Excelerator/dist/Excelerate.app/Contents/Resources/lib/python3.11/reportlab/graphics/widgets/__pycache__/adjustableArrow.cpython-311.pyc
copying file /Users/calum/Developer/Excelerator/env/lib/python3.11/site-packages/reportlab/graphics/widgets/__pycache__/flags.cpython-311.pyc -> /Users/calum/Developer/Excelerator/dist/Excelerate.app/Contents/Resources/lib/python3.11/reportlab/graphics/widgets/__pycache__/flags.cpython-311.pyc
copying file /Users/calum/Developer/Excelerator/env/lib/python3.11/site-packages/reportlab/graphics/widgets/__pycache__/signsandsymbols.cpython-311.pyc -> /Users/calum/Developer/Excelerator/dist/Excelerate.app/Contents/Resources/lib/python3.11/reportlab/graphics/widgets/__pycache__/signsandsymbols.cpython-311.pyc
copying file /Users/calum/Developer/Excelerator/env/lib/python3.11/site-packages/reportlab/graphics/widgets/__pycache__/table.cpython-311.pyc -> /Users/calum/Developer/Excelerator/dist/Excelerate.app/Contents/Resources/lib/python3.11/reportlab/graphics/widgets/__pycache__/table.cpython-311.pyc
copying file /Users/calum/Developer/Excelerator/env/lib/python3.11/site-packages/reportlab/graphics/widgets/__pycache__/grids.cpython-311.pyc -> /Users/calum/Developer/Excelerator/dist/Excelerate.app/Contents/Resources/lib/python3.11/reportlab/graphics/widgets/__pycache__/grids.cpython-311.pyc
copying file /Users/calum/Developer/Excelerator/env/lib/python3.11/site-packages/reportlab/graphics/widgets/__pycache__/eventcal.cpython-311.pyc -> /Users/calum/Developer/Excelerator/dist/Excelerate.app/Contents/Resources/lib/python3.11/reportlab/graphics/widgets/__pycache__/eventcal.cpython-311.pyc
copying file /Users/calum/Developer/Excelerator/env/lib/python3.11/site-packages/reportlab/graphics/widgets/__pycache__/__init__.cpython-311.pyc -> /Users/calum/Developer/Excelerator/dist/Excelerate.app/Contents/Resources/lib/python3.11/reportlab/graphics/widgets/__pycache__/__init__.cpython-311.pyc
copying file /Users/calum/Developer/Excelerator/env/lib/python3.11/site-packages/reportlab/graphics/widgets/markers.py -> /Users/calum/Developer/Excelerator/dist/Excelerate.app/Contents/Resources/lib/python3.11/reportlab/graphics/widgets/markers.py
copying file /Users/calum/Developer/Excelerator/env/lib/python3.11/site-packages/reportlab/graphics/widgets/adjustableArrow.py -> /Users/calum/Developer/Excelerator/dist/Excelerate.app/Contents/Resources/lib/python3.11/reportlab/graphics/widgets/adjustableArrow.py
copying file /Users/calum/Developer/Excelerator/env/lib/python3.11/site-packages/reportlab/graphics/widgets/table.py -> /Users/calum/Developer/Excelerator/dist/Excelerate.app/Contents/Resources/lib/python3.11/reportlab/graphics/widgets/table.py
copying file /Users/calum/Developer/Excelerator/env/lib/python3.11/site-packages/reportlab/graphics/widgets/signsandsymbols.py -> /Users/calum/Developer/Excelerator/dist/Excelerate.app/Contents/Resources/lib/python3.11/reportlab/graphics/widgets/signsandsymbols.py
creating /Users/calum/Developer/Excelerator/dist/Excelerate.app/Contents/Resources/lib/python3.11/reportlab/fonts
copying file /Users/calum/Developer/Excelerator/env/lib/python3.11/site-packages/reportlab/fonts/DarkGarden.sfd -> /Users/calum/Developer/Excelerator/dist/Excelerate.app/Contents/Resources/lib/python3.11/reportlab/fonts/DarkGarden.sfd
copying file /Users/calum/Developer/Excelerator/env/lib/python3.11/site-packages/reportlab/fonts/zx______.pfb -> /Users/calum/Developer/Excelerator/dist/Excelerate.app/Contents/Resources/lib/python3.11/reportlab/fonts/zx______.pfb
copying file /Users/calum/Developer/Excelerator/env/lib/python3.11/site-packages/reportlab/fonts/callig15.pfb -> /Users/calum/Developer/Excelerator/dist/Excelerate.app/Contents/Resources/lib/python3.11/reportlab/fonts/callig15.pfb
copying file /Users/calum/Developer/Excelerator/env/lib/python3.11/site-packages/reportlab/fonts/DarkGarden-changelog.txt -> /Users/calum/Developer/Excelerator/dist/Excelerate.app/Contents/Resources/lib/python3.11/reportlab/fonts/DarkGarden-changelog.txt
copying file /Users/calum/Developer/Excelerator/env/lib/python3.11/site-packages/reportlab/fonts/cob_____.pfb -> /Users/calum/Developer/Excelerator/dist/Excelerate.app/Contents/Resources/lib/python3.11/reportlab/fonts/cob_____.pfb
copying file /Users/calum/Developer/Excelerator/env/lib/python3.11/site-packages/reportlab/fonts/cobo____.pfb -> /Users/calum/Developer/Excelerator/dist/Excelerate.app/Contents/Resources/lib/python3.11/reportlab/fonts/cobo____.pfb
copying file /Users/calum/Developer/Excelerator/env/lib/python3.11/site-packages/reportlab/fonts/_a______.pfb -> /Users/calum/Developer/Excelerator/dist/Excelerate.app/Contents/Resources/lib/python3.11/reportlab/fonts/_a______.pfb
copying file /Users/calum/Developer/Excelerator/env/lib/python3.11/site-packages/reportlab/fonts/DarkGardenMK.afm -> /Users/calum/Developer/Excelerator/dist/Excelerate.app/Contents/Resources/lib/python3.11/reportlab/fonts/DarkGardenMK.afm
copying file /Users/calum/Developer/Excelerator/env/lib/python3.11/site-packages/reportlab/fonts/Vera.ttf -> /Users/calum/Developer/Excelerator/dist/Excelerate.app/Contents/Resources/lib/python3.11/reportlab/fonts/Vera.ttf
copying file /Users/calum/Developer/Excelerator/env/lib/python3.11/site-packages/reportlab/fonts/_eb_____.pfb -> /Users/calum/Developer/Excelerator/dist/Excelerate.app/Contents/Resources/lib/python3.11/reportlab/fonts/_eb_____.pfb
copying file /Users/calum/Developer/Excelerator/env/lib/python3.11/site-packages/reportlab/fonts/_abi____.pfb -> /Users/calum/Developer/Excelerator/dist/Excelerate.app/Contents/Resources/lib/python3.11/reportlab/fonts/_abi____.pfb
copying file /Users/calum/Developer/Excelerator/env/lib/python3.11/site-packages/reportlab/fonts/VeraBI.ttf -> /Users/calum/Developer/Excelerator/dist/Excelerate.app/Contents/Resources/lib/python3.11/reportlab/fonts/VeraBI.ttf
copying file /Users/calum/Developer/Excelerator/env/lib/python3.11/site-packages/reportlab/fonts/bitstream-vera-license.txt -> /Users/calum/Developer/Excelerator/dist/Excelerate.app/Contents/Resources/lib/python3.11/reportlab/fonts/bitstream-vera-license.txt
copying file /Users/calum/Developer/Excelerator/env/lib/python3.11/site-packages/reportlab/fonts/_ei_____.pfb -> /Users/calum/Developer/Excelerator/dist/Excelerate.app/Contents/Resources/lib/python3.11/reportlab/fonts/_ei_____.pfb
copying file /Users/calum/Developer/Excelerator/env/lib/python3.11/site-packages/reportlab/fonts/DarkGardenMK.pfb -> /Users/calum/Developer/Excelerator/dist/Excelerate.app/Contents/Resources/lib/python3.11/reportlab/fonts/DarkGardenMK.pfb
copying file /Users/calum/Developer/Excelerator/env/lib/python3.11/site-packages/reportlab/fonts/zy______.pfb -> /Users/calum/Developer/Excelerator/dist/Excelerate.app/Contents/Resources/lib/python3.11/reportlab/fonts/zy______.pfb
copying file /Users/calum/Developer/Excelerator/env/lib/python3.11/site-packages/reportlab/fonts/coo_____.pfb -> /Users/calum/Developer/Excelerator/dist/Excelerate.app/Contents/Resources/lib/python3.11/reportlab/fonts/coo_____.pfb
copying file /Users/calum/Developer/Excelerator/env/lib/python3.11/site-packages/reportlab/fonts/DarkGarden-copying-gpl.txt -> /Users/calum/Developer/Excelerator/dist/Excelerate.app/Contents/Resources/lib/python3.11/reportlab/fonts/DarkGarden-copying-gpl.txt
copying file /Users/calum/Developer/Excelerator/env/lib/python3.11/site-packages/reportlab/fonts/callig15.afm -> /Users/calum/Developer/Excelerator/dist/Excelerate.app/Contents/Resources/lib/python3.11/reportlab/fonts/callig15.afm
copying file /Users/calum/Developer/Excelerator/env/lib/python3.11/site-packages/reportlab/fonts/00readme.txt -> /Users/calum/Developer/Excelerator/dist/Excelerate.app/Contents/Resources/lib/python3.11/reportlab/fonts/00readme.txt
copying file /Users/calum/Developer/Excelerator/env/lib/python3.11/site-packages/reportlab/fonts/DarkGarden-copying.txt -> /Users/calum/Developer/Excelerator/dist/Excelerate.app/Contents/Resources/lib/python3.11/reportlab/fonts/DarkGarden-copying.txt
copying file /Users/calum/Developer/Excelerator/env/lib/python3.11/site-packages/reportlab/fonts/zd______.pfb -> /Users/calum/Developer/Excelerator/dist/Excelerate.app/Contents/Resources/lib/python3.11/reportlab/fonts/zd______.pfb
copying file /Users/calum/Developer/Excelerator/env/lib/python3.11/site-packages/reportlab/fonts/VeraBd.ttf -> /Users/calum/Developer/Excelerator/dist/Excelerate.app/Contents/Resources/lib/python3.11/reportlab/fonts/VeraBd.ttf
copying file /Users/calum/Developer/Excelerator/env/lib/python3.11/site-packages/reportlab/fonts/DarkGarden-readme.txt -> /Users/calum/Developer/Excelerator/dist/Excelerate.app/Contents/Resources/lib/python3.11/reportlab/fonts/DarkGarden-readme.txt
copying file /Users/calum/Developer/Excelerator/env/lib/python3.11/site-packages/reportlab/fonts/_er_____.pfb -> /Users/calum/Developer/Excelerator/dist/Excelerate.app/Contents/Resources/lib/python3.11/reportlab/fonts/_er_____.pfb
copying file /Users/calum/Developer/Excelerator/env/lib/python3.11/site-packages/reportlab/fonts/sy______.pfb -> /Users/calum/Developer/Excelerator/dist/Excelerate.app/Contents/Resources/lib/python3.11/reportlab/fonts/sy______.pfb
copying file /Users/calum/Developer/Excelerator/env/lib/python3.11/site-packages/reportlab/fonts/VeraIt.ttf -> /Users/calum/Developer/Excelerator/dist/Excelerate.app/Contents/Resources/lib/python3.11/reportlab/fonts/VeraIt.ttf
copying file /Users/calum/Developer/Excelerator/env/lib/python3.11/site-packages/reportlab/fonts/com_____.pfb -> /Users/calum/Developer/Excelerator/dist/Excelerate.app/Contents/Resources/lib/python3.11/reportlab/fonts/com_____.pfb
copying file /Users/calum/Developer/Excelerator/env/lib/python3.11/site-packages/reportlab/fonts/_ab_____.pfb -> /Users/calum/Developer/Excelerator/dist/Excelerate.app/Contents/Resources/lib/python3.11/reportlab/fonts/_ab_____.pfb
copying file /Users/calum/Developer/Excelerator/env/lib/python3.11/site-packages/reportlab/fonts/_ebi____.pfb -> /Users/calum/Developer/Excelerator/dist/Excelerate.app/Contents/Resources/lib/python3.11/reportlab/fonts/_ebi____.pfb
copying file /Users/calum/Developer/Excelerator/env/lib/python3.11/site-packages/reportlab/fonts/_ai_____.pfb -> /Users/calum/Developer/Excelerator/dist/Excelerate.app/Contents/Resources/lib/python3.11/reportlab/fonts/_ai_____.pfb
copying file /Users/calum/Developer/Excelerator/env/lib/python3.11/site-packages/reportlab/rl_settings.py -> /Users/calum/Developer/Excelerator/dist/Excelerate.app/Contents/Resources/lib/python3.11/reportlab/rl_settings.py
creating /Users/calum/Developer/Excelerator/dist/Excelerate.app/Contents/Resources/lib/python3.11/customtkinter
copying file /Users/calum/Developer/Excelerator/env/lib/python3.11/site-packages/customtkinter/__init__.py -> /Users/calum/Developer/Excelerator/dist/Excelerate.app/Contents/Resources/lib/python3.11/customtkinter/__init__.py
creating /Users/calum/Developer/Excelerator/dist/Excelerate.app/Contents/Resources/lib/python3.11/customtkinter/__pycache__
copying file /Users/calum/Developer/Excelerator/env/lib/python3.11/site-packages/customtkinter/__pycache__/__init__.cpython-311.pyc -> /Users/calum/Developer/Excelerator/dist/Excelerate.app/Contents/Resources/lib/python3.11/customtkinter/__pycache__/__init__.cpython-311.pyc
creating /Users/calum/Developer/Excelerator/dist/Excelerate.app/Contents/Resources/lib/python3.11/customtkinter/windows
copying file /Users/calum/Developer/Excelerator/env/lib/python3.11/site-packages/customtkinter/windows/ctk_toplevel.py -> /Users/calum/Developer/Excelerator/dist/Excelerate.app/Contents/Resources/lib/python3.11/customtkinter/windows/ctk_toplevel.py
copying file /Users/calum/Developer/Excelerator/env/lib/python3.11/site-packages/customtkinter/windows/ctk_input_dialog.py -> /Users/calum/Developer/Excelerator/dist/Excelerate.app/Contents/Resources/lib/python3.11/customtkinter/windows/ctk_input_dialog.py
copying file /Users/calum/Developer/Excelerator/env/lib/python3.11/site-packages/customtkinter/windows/ctk_tk.py -> /Users/calum/Developer/Excelerator/dist/Excelerate.app/Contents/Resources/lib/python3.11/customtkinter/windows/ctk_tk.py
copying file /Users/calum/Developer/Excelerator/env/lib/python3.11/site-packages/customtkinter/windows/__init__.py -> /Users/calum/Developer/Excelerator/dist/Excelerate.app/Contents/Resources/lib/python3.11/customtkinter/windows/__init__.py
creating /Users/calum/Developer/Excelerator/dist/Excelerate.app/Contents/Resources/lib/python3.11/customtkinter/windows/__pycache__
copying file /Users/calum/Developer/Excelerator/env/lib/python3.11/site-packages/customtkinter/windows/__pycache__/ctk_input_dialog.cpython-311.pyc -> /Users/calum/Developer/Excelerator/dist/Excelerate.app/Contents/Resources/lib/python3.11/customtkinter/windows/__pycache__/ctk_input_dialog.cpython-311.pyc
copying file /Users/calum/Developer/Excelerator/env/lib/python3.11/site-packages/customtkinter/windows/__pycache__/ctk_tk.cpython-311.pyc -> /Users/calum/Developer/Excelerator/dist/Excelerate.app/Contents/Resources/lib/python3.11/customtkinter/windows/__pycache__/ctk_tk.cpython-311.pyc
copying file /Users/calum/Developer/Excelerator/env/lib/python3.11/site-packages/customtkinter/windows/__pycache__/ctk_toplevel.cpython-311.pyc -> /Users/calum/Developer/Excelerator/dist/Excelerate.app/Contents/Resources/lib/python3.11/customtkinter/windows/__pycache__/ctk_toplevel.cpython-311.pyc
copying file /Users/calum/Developer/Excelerator/env/lib/python3.11/site-packages/customtkinter/windows/__pycache__/__init__.cpython-311.pyc -> /Users/calum/Developer/Excelerator/dist/Excelerate.app/Contents/Resources/lib/python3.11/customtkinter/windows/__pycache__/__init__.cpython-311.pyc
creating /Users/calum/Developer/Excelerator/dist/Excelerate.app/Contents/Resources/lib/python3.11/customtkinter/windows/widgets
copying file /Users/calum/Developer/Excelerator/env/lib/python3.11/site-packages/customtkinter/windows/widgets/ctk_segmented_button.py -> /Users/calum/Developer/Excelerator/dist/Excelerate.app/Contents/Resources/lib/python3.11/customtkinter/windows/widgets/ctk_segmented_button.py
copying file /Users/calum/Developer/Excelerator/env/lib/python3.11/site-packages/customtkinter/windows/widgets/ctk_switch.py -> /Users/calum/Developer/Excelerator/dist/Excelerate.app/Contents/Resources/lib/python3.11/customtkinter/windows/widgets/ctk_switch.py
copying file /Users/calum/Developer/Excelerator/env/lib/python3.11/site-packages/customtkinter/windows/widgets/ctk_combobox.py -> /Users/calum/Developer/Excelerator/dist/Excelerate.app/Contents/Resources/lib/python3.11/customtkinter/windows/widgets/ctk_combobox.py
creating /Users/calum/Developer/Excelerator/dist/Excelerate.app/Contents/Resources/lib/python3.11/customtkinter/windows/widgets/core_widget_classes
copying file /Users/calum/Developer/Excelerator/env/lib/python3.11/site-packages/customtkinter/windows/widgets/core_widget_classes/dropdown_menu.py -> /Users/calum/Developer/Excelerator/dist/Excelerate.app/Contents/Resources/lib/python3.11/customtkinter/windows/widgets/core_widget_classes/dropdown_menu.py
copying file /Users/calum/Developer/Excelerator/env/lib/python3.11/site-packages/customtkinter/windows/widgets/core_widget_classes/ctk_base_class.py -> /Users/calum/Developer/Excelerator/dist/Excelerate.app/Contents/Resources/lib/python3.11/customtkinter/windows/widgets/core_widget_classes/ctk_base_class.py
copying file /Users/calum/Developer/Excelerator/env/lib/python3.11/site-packages/customtkinter/windows/widgets/core_widget_classes/__init__.py -> /Users/calum/Developer/Excelerator/dist/Excelerate.app/Contents/Resources/lib/python3.11/customtkinter/windows/widgets/core_widget_classes/__init__.py
creating /Users/calum/Developer/Excelerator/dist/Excelerate.app/Contents/Resources/lib/python3.11/customtkinter/windows/widgets/core_widget_classes/__pycache__
copying file /Users/calum/Developer/Excelerator/env/lib/python3.11/site-packages/customtkinter/windows/widgets/core_widget_classes/__pycache__/ctk_base_class.cpython-311.pyc -> /Users/calum/Developer/Excelerator/dist/Excelerate.app/Contents/Resources/lib/python3.11/customtkinter/windows/widgets/core_widget_classes/__pycache__/ctk_base_class.cpython-311.pyc
copying file /Users/calum/Developer/Excelerator/env/lib/python3.11/site-packages/customtkinter/windows/widgets/core_widget_classes/__pycache__/dropdown_menu.cpython-311.pyc -> /Users/calum/Developer/Excelerator/dist/Excelerate.app/Contents/Resources/lib/python3.11/customtkinter/windows/widgets/core_widget_classes/__pycache__/dropdown_menu.cpython-311.pyc
copying file /Users/calum/Developer/Excelerator/env/lib/python3.11/site-packages/customtkinter/windows/widgets/core_widget_classes/__pycache__/__init__.cpython-311.pyc -> /Users/calum/Developer/Excelerator/dist/Excelerate.app/Contents/Resources/lib/python3.11/customtkinter/windows/widgets/core_widget_classes/__pycache__/__init__.cpython-311.pyc
creating /Users/calum/Developer/Excelerator/dist/Excelerate.app/Contents/Resources/lib/python3.11/customtkinter/windows/widgets/appearance_mode
copying file /Users/calum/Developer/Excelerator/env/lib/python3.11/site-packages/customtkinter/windows/widgets/appearance_mode/appearance_mode_tracker.py -> /Users/calum/Developer/Excelerator/dist/Excelerate.app/Contents/Resources/lib/python3.11/customtkinter/windows/widgets/appearance_mode/appearance_mode_tracker.py
copying file /Users/calum/Developer/Excelerator/env/lib/python3.11/site-packages/customtkinter/windows/widgets/appearance_mode/appearance_mode_base_class.py -> /Users/calum/Developer/Excelerator/dist/Excelerate.app/Contents/Resources/lib/python3.11/customtkinter/windows/widgets/appearance_mode/appearance_mode_base_class.py
copying file /Users/calum/Developer/Excelerator/env/lib/python3.11/site-packages/customtkinter/windows/widgets/appearance_mode/__init__.py -> /Users/calum/Developer/Excelerator/dist/Excelerate.app/Contents/Resources/lib/python3.11/customtkinter/windows/widgets/appearance_mode/__init__.py
creating /Users/calum/Developer/Excelerator/dist/Excelerate.app/Contents/Resources/lib/python3.11/customtkinter/windows/widgets/appearance_mode/__pycache__
copying file /Users/calum/Developer/Excelerator/env/lib/python3.11/site-packages/customtkinter/windows/widgets/appearance_mode/__pycache__/appearance_mode_base_class.cpython-311.pyc -> /Users/calum/Developer/Excelerator/dist/Excelerate.app/Contents/Resources/lib/python3.11/customtkinter/windows/widgets/appearance_mode/__pycache__/appearance_mode_base_class.cpython-311.pyc
copying file /Users/calum/Developer/Excelerator/env/lib/python3.11/site-packages/customtkinter/windows/widgets/appearance_mode/__pycache__/appearance_mode_tracker.cpython-311.pyc -> /Users/calum/Developer/Excelerator/dist/Excelerate.app/Contents/Resources/lib/python3.11/customtkinter/windows/widgets/appearance_mode/__pycache__/appearance_mode_tracker.cpython-311.pyc
copying file /Users/calum/Developer/Excelerator/env/lib/python3.11/site-packages/customtkinter/windows/widgets/appearance_mode/__pycache__/__init__.cpython-311.pyc -> /Users/calum/Developer/Excelerator/dist/Excelerate.app/Contents/Resources/lib/python3.11/customtkinter/windows/widgets/appearance_mode/__pycache__/__init__.cpython-311.pyc
copying file /Users/calum/Developer/Excelerator/env/lib/python3.11/site-packages/customtkinter/windows/widgets/ctk_scrollbar.py -> /Users/calum/Developer/Excelerator/dist/Excelerate.app/Contents/Resources/lib/python3.11/customtkinter/windows/widgets/ctk_scrollbar.py
copying file /Users/calum/Developer/Excelerator/env/lib/python3.11/site-packages/customtkinter/windows/widgets/ctk_radiobutton.py -> /Users/calum/Developer/Excelerator/dist/Excelerate.app/Contents/Resources/lib/python3.11/customtkinter/windows/widgets/ctk_radiobutton.py
copying file /Users/calum/Developer/Excelerator/env/lib/python3.11/site-packages/customtkinter/windows/widgets/ctk_scrollable_frame.py -> /Users/calum/Developer/Excelerator/dist/Excelerate.app/Contents/Resources/lib/python3.11/customtkinter/windows/widgets/ctk_scrollable_frame.py
copying file /Users/calum/Developer/Excelerator/env/lib/python3.11/site-packages/customtkinter/windows/widgets/__init__.py -> /Users/calum/Developer/Excelerator/dist/Excelerate.app/Contents/Resources/lib/python3.11/customtkinter/windows/widgets/__init__.py
creating /Users/calum/Developer/Excelerator/dist/Excelerate.app/Contents/Resources/lib/python3.11/customtkinter/windows/widgets/__pycache__
copying file /Users/calum/Developer/Excelerator/env/lib/python3.11/site-packages/customtkinter/windows/widgets/__pycache__/ctk_tabview.cpython-311.pyc -> /Users/calum/Developer/Excelerator/dist/Excelerate.app/Contents/Resources/lib/python3.11/customtkinter/windows/widgets/__pycache__/ctk_tabview.cpython-311.pyc
copying file /Users/calum/Developer/Excelerator/env/lib/python3.11/site-packages/customtkinter/windows/widgets/__pycache__/ctk_checkbox.cpython-311.pyc -> /Users/calum/Developer/Excelerator/dist/Excelerate.app/Contents/Resources/lib/python3.11/customtkinter/windows/widgets/__pycache__/ctk_checkbox.cpython-311.pyc
copying file /Users/calum/Developer/Excelerator/env/lib/python3.11/site-packages/customtkinter/windows/widgets/__pycache__/ctk_textbox.cpython-311.pyc -> /Users/calum/Developer/Excelerator/dist/Excelerate.app/Contents/Resources/lib/python3.11/customtkinter/windows/widgets/__pycache__/ctk_textbox.cpython-311.pyc
copying file /Users/calum/Developer/Excelerator/env/lib/python3.11/site-packages/customtkinter/windows/widgets/__pycache__/ctk_radiobutton.cpython-311.pyc -> /Users/calum/Developer/Excelerator/dist/Excelerate.app/Contents/Resources/lib/python3.11/customtkinter/windows/widgets/__pycache__/ctk_radiobutton.cpython-311.pyc
copying file /Users/calum/Developer/Excelerator/env/lib/python3.11/site-packages/customtkinter/windows/widgets/__pycache__/ctk_entry.cpython-311.pyc -> /Users/calum/Developer/Excelerator/dist/Excelerate.app/Contents/Resources/lib/python3.11/customtkinter/windows/widgets/__pycache__/ctk_entry.cpython-311.pyc
copying file /Users/calum/Developer/Excelerator/env/lib/python3.11/site-packages/customtkinter/windows/widgets/__pycache__/ctk_segmented_button.cpython-311.pyc -> /Users/calum/Developer/Excelerator/dist/Excelerate.app/Contents/Resources/lib/python3.11/customtkinter/windows/widgets/__pycache__/ctk_segmented_button.cpython-311.pyc
copying file /Users/calum/Developer/Excelerator/env/lib/python3.11/site-packages/customtkinter/windows/widgets/__pycache__/ctk_progressbar.cpython-311.pyc -> /Users/calum/Developer/Excelerator/dist/Excelerate.app/Contents/Resources/lib/python3.11/customtkinter/windows/widgets/__pycache__/ctk_progressbar.cpython-311.pyc
copying file /Users/calum/Developer/Excelerator/env/lib/python3.11/site-packages/customtkinter/windows/widgets/__pycache__/ctk_scrollable_frame.cpython-311.pyc -> /Users/calum/Developer/Excelerator/dist/Excelerate.app/Contents/Resources/lib/python3.11/customtkinter/windows/widgets/__pycache__/ctk_scrollable_frame.cpython-311.pyc
copying file /Users/calum/Developer/Excelerator/env/lib/python3.11/site-packages/customtkinter/windows/widgets/__pycache__/ctk_slider.cpython-311.pyc -> /Users/calum/Developer/Excelerator/dist/Excelerate.app/Contents/Resources/lib/python3.11/customtkinter/windows/widgets/__pycache__/ctk_slider.cpython-311.pyc
copying file /Users/calum/Developer/Excelerator/env/lib/python3.11/site-packages/customtkinter/windows/widgets/__pycache__/ctk_label.cpython-311.pyc -> /Users/calum/Developer/Excelerator/dist/Excelerate.app/Contents/Resources/lib/python3.11/customtkinter/windows/widgets/__pycache__/ctk_label.cpython-311.pyc
copying file /Users/calum/Developer/Excelerator/env/lib/python3.11/site-packages/customtkinter/windows/widgets/__pycache__/ctk_frame.cpython-311.pyc -> /Users/calum/Developer/Excelerator/dist/Excelerate.app/Contents/Resources/lib/python3.11/customtkinter/windows/widgets/__pycache__/ctk_frame.cpython-311.pyc
copying file /Users/calum/Developer/Excelerator/env/lib/python3.11/site-packages/customtkinter/windows/widgets/__pycache__/ctk_button.cpython-311.pyc -> /Users/calum/Developer/Excelerator/dist/Excelerate.app/Contents/Resources/lib/python3.11/customtkinter/windows/widgets/__pycache__/ctk_button.cpython-311.pyc
copying file /Users/calum/Developer/Excelerator/env/lib/python3.11/site-packages/customtkinter/windows/widgets/__pycache__/ctk_switch.cpython-311.pyc -> /Users/calum/Developer/Excelerator/dist/Excelerate.app/Contents/Resources/lib/python3.11/customtkinter/windows/widgets/__pycache__/ctk_switch.cpython-311.pyc
copying file /Users/calum/Developer/Excelerator/env/lib/python3.11/site-packages/customtkinter/windows/widgets/__pycache__/ctk_optionmenu.cpython-311.pyc -> /Users/calum/Developer/Excelerator/dist/Excelerate.app/Contents/Resources/lib/python3.11/customtkinter/windows/widgets/__pycache__/ctk_optionmenu.cpython-311.pyc
copying file /Users/calum/Developer/Excelerator/env/lib/python3.11/site-packages/customtkinter/windows/widgets/__pycache__/ctk_combobox.cpython-311.pyc -> /Users/calum/Developer/Excelerator/dist/Excelerate.app/Contents/Resources/lib/python3.11/customtkinter/windows/widgets/__pycache__/ctk_combobox.cpython-311.pyc
copying file /Users/calum/Developer/Excelerator/env/lib/python3.11/site-packages/customtkinter/windows/widgets/__pycache__/__init__.cpython-311.pyc -> /Users/calum/Developer/Excelerator/dist/Excelerate.app/Contents/Resources/lib/python3.11/customtkinter/windows/widgets/__pycache__/__init__.cpython-311.pyc
copying file /Users/calum/Developer/Excelerator/env/lib/python3.11/site-packages/customtkinter/windows/widgets/__pycache__/ctk_scrollbar.cpython-311.pyc -> /Users/calum/Developer/Excelerator/dist/Excelerate.app/Contents/Resources/lib/python3.11/customtkinter/windows/widgets/__pycache__/ctk_scrollbar.cpython-311.pyc
creating /Users/calum/Developer/Excelerator/dist/Excelerate.app/Contents/Resources/lib/python3.11/customtkinter/windows/widgets/image
copying file /Users/calum/Developer/Excelerator/env/lib/python3.11/site-packages/customtkinter/windows/widgets/image/__init__.py -> /Users/calum/Developer/Excelerator/dist/Excelerate.app/Contents/Resources/lib/python3.11/customtkinter/windows/widgets/image/__init__.py
creating /Users/calum/Developer/Excelerator/dist/Excelerate.app/Contents/Resources/lib/python3.11/customtkinter/windows/widgets/image/__pycache__
copying file /Users/calum/Developer/Excelerator/env/lib/python3.11/site-packages/customtkinter/windows/widgets/image/__pycache__/ctk_image.cpython-311.pyc -> /Users/calum/Developer/Excelerator/dist/Excelerate.app/Contents/Resources/lib/python3.11/customtkinter/windows/widgets/image/__pycache__/ctk_image.cpython-311.pyc
copying file /Users/calum/Developer/Excelerator/env/lib/python3.11/site-packages/customtkinter/windows/widgets/image/__pycache__/__init__.cpython-311.pyc -> /Users/calum/Developer/Excelerator/dist/Excelerate.app/Contents/Resources/lib/python3.11/customtkinter/windows/widgets/image/__pycache__/__init__.cpython-311.pyc
copying file /Users/calum/Developer/Excelerator/env/lib/python3.11/site-packages/customtkinter/windows/widgets/image/ctk_image.py -> /Users/calum/Developer/Excelerator/dist/Excelerate.app/Contents/Resources/lib/python3.11/customtkinter/windows/widgets/image/ctk_image.py
copying file /Users/calum/Developer/Excelerator/env/lib/python3.11/site-packages/customtkinter/windows/widgets/ctk_label.py -> /Users/calum/Developer/Excelerator/dist/Excelerate.app/Contents/Resources/lib/python3.11/customtkinter/windows/widgets/ctk_label.py
copying file /Users/calum/Developer/Excelerator/env/lib/python3.11/site-packages/customtkinter/windows/widgets/ctk_entry.py -> /Users/calum/Developer/Excelerator/dist/Excelerate.app/Contents/Resources/lib/python3.11/customtkinter/windows/widgets/ctk_entry.py
copying file /Users/calum/Developer/Excelerator/env/lib/python3.11/site-packages/customtkinter/windows/widgets/ctk_frame.py -> /Users/calum/Developer/Excelerator/dist/Excelerate.app/Contents/Resources/lib/python3.11/customtkinter/windows/widgets/ctk_frame.py
creating /Users/calum/Developer/Excelerator/dist/Excelerate.app/Contents/Resources/lib/python3.11/customtkinter/windows/widgets/scaling
copying file /Users/calum/Developer/Excelerator/env/lib/python3.11/site-packages/customtkinter/windows/widgets/scaling/__init__.py -> /Users/calum/Developer/Excelerator/dist/Excelerate.app/Contents/Resources/lib/python3.11/customtkinter/windows/widgets/scaling/__init__.py
creating /Users/calum/Developer/Excelerator/dist/Excelerate.app/Contents/Resources/lib/python3.11/customtkinter/windows/widgets/scaling/__pycache__
copying file /Users/calum/Developer/Excelerator/env/lib/python3.11/site-packages/customtkinter/windows/widgets/scaling/__pycache__/scaling_base_class.cpython-311.pyc -> /Users/calum/Developer/Excelerator/dist/Excelerate.app/Contents/Resources/lib/python3.11/customtkinter/windows/widgets/scaling/__pycache__/scaling_base_class.cpython-311.pyc
copying file /Users/calum/Developer/Excelerator/env/lib/python3.11/site-packages/customtkinter/windows/widgets/scaling/__pycache__/scaling_tracker.cpython-311.pyc -> /Users/calum/Developer/Excelerator/dist/Excelerate.app/Contents/Resources/lib/python3.11/customtkinter/windows/widgets/scaling/__pycache__/scaling_tracker.cpython-311.pyc
copying file /Users/calum/Developer/Excelerator/env/lib/python3.11/site-packages/customtkinter/windows/widgets/scaling/__pycache__/__init__.cpython-311.pyc -> /Users/calum/Developer/Excelerator/dist/Excelerate.app/Contents/Resources/lib/python3.11/customtkinter/windows/widgets/scaling/__pycache__/__init__.cpython-311.pyc
copying file /Users/calum/Developer/Excelerator/env/lib/python3.11/site-packages/customtkinter/windows/widgets/scaling/scaling_base_class.py -> /Users/calum/Developer/Excelerator/dist/Excelerate.app/Contents/Resources/lib/python3.11/customtkinter/windows/widgets/scaling/scaling_base_class.py
copying file /Users/calum/Developer/Excelerator/env/lib/python3.11/site-packages/customtkinter/windows/widgets/scaling/scaling_tracker.py -> /Users/calum/Developer/Excelerator/dist/Excelerate.app/Contents/Resources/lib/python3.11/customtkinter/windows/widgets/scaling/scaling_tracker.py
copying file /Users/calum/Developer/Excelerator/env/lib/python3.11/site-packages/customtkinter/windows/widgets/ctk_tabview.py -> /Users/calum/Developer/Excelerator/dist/Excelerate.app/Contents/Resources/lib/python3.11/customtkinter/windows/widgets/ctk_tabview.py
creating /Users/calum/Developer/Excelerator/dist/Excelerate.app/Contents/Resources/lib/python3.11/customtkinter/windows/widgets/theme
copying file /Users/calum/Developer/Excelerator/env/lib/python3.11/site-packages/customtkinter/windows/widgets/theme/__init__.py -> /Users/calum/Developer/Excelerator/dist/Excelerate.app/Contents/Resources/lib/python3.11/customtkinter/windows/widgets/theme/__init__.py
creating /Users/calum/Developer/Excelerator/dist/Excelerate.app/Contents/Resources/lib/python3.11/customtkinter/windows/widgets/theme/__pycache__
copying file /Users/calum/Developer/Excelerator/env/lib/python3.11/site-packages/customtkinter/windows/widgets/theme/__pycache__/theme_manager.cpython-311.pyc -> /Users/calum/Developer/Excelerator/dist/Excelerate.app/Contents/Resources/lib/python3.11/customtkinter/windows/widgets/theme/__pycache__/theme_manager.cpython-311.pyc
copying file /Users/calum/Developer/Excelerator/env/lib/python3.11/site-packages/customtkinter/windows/widgets/theme/__pycache__/__init__.cpython-311.pyc -> /Users/calum/Developer/Excelerator/dist/Excelerate.app/Contents/Resources/lib/python3.11/customtkinter/windows/widgets/theme/__pycache__/__init__.cpython-311.pyc
copying file /Users/calum/Developer/Excelerator/env/lib/python3.11/site-packages/customtkinter/windows/widgets/theme/theme_manager.py -> /Users/calum/Developer/Excelerator/dist/Excelerate.app/Contents/Resources/lib/python3.11/customtkinter/windows/widgets/theme/theme_manager.py
copying file /Users/calum/Developer/Excelerator/env/lib/python3.11/site-packages/customtkinter/windows/widgets/ctk_progressbar.py -> /Users/calum/Developer/Excelerator/dist/Excelerate.app/Contents/Resources/lib/python3.11/customtkinter/windows/widgets/ctk_progressbar.py
creating /Users/calum/Developer/Excelerator/dist/Excelerate.app/Contents/Resources/lib/python3.11/customtkinter/windows/widgets/core_rendering
copying file /Users/calum/Developer/Excelerator/env/lib/python3.11/site-packages/customtkinter/windows/widgets/core_rendering/draw_engine.py -> /Users/calum/Developer/Excelerator/dist/Excelerate.app/Contents/Resources/lib/python3.11/customtkinter/windows/widgets/core_rendering/draw_engine.py
copying file /Users/calum/Developer/Excelerator/env/lib/python3.11/site-packages/customtkinter/windows/widgets/core_rendering/__init__.py -> /Users/calum/Developer/Excelerator/dist/Excelerate.app/Contents/Resources/lib/python3.11/customtkinter/windows/widgets/core_rendering/__init__.py
creating /Users/calum/Developer/Excelerator/dist/Excelerate.app/Contents/Resources/lib/python3.11/customtkinter/windows/widgets/core_rendering/__pycache__
copying file /Users/calum/Developer/Excelerator/env/lib/python3.11/site-packages/customtkinter/windows/widgets/core_rendering/__pycache__/ctk_canvas.cpython-311.pyc -> /Users/calum/Developer/Excelerator/dist/Excelerate.app/Contents/Resources/lib/python3.11/customtkinter/windows/widgets/core_rendering/__pycache__/ctk_canvas.cpython-311.pyc
copying file /Users/calum/Developer/Excelerator/env/lib/python3.11/site-packages/customtkinter/windows/widgets/core_rendering/__pycache__/draw_engine.cpython-311.pyc -> /Users/calum/Developer/Excelerator/dist/Excelerate.app/Contents/Resources/lib/python3.11/customtkinter/windows/widgets/core_rendering/__pycache__/draw_engine.cpython-311.pyc
copying file /Users/calum/Developer/Excelerator/env/lib/python3.11/site-packages/customtkinter/windows/widgets/core_rendering/__pycache__/__init__.cpython-311.pyc -> /Users/calum/Developer/Excelerator/dist/Excelerate.app/Contents/Resources/lib/python3.11/customtkinter/windows/widgets/core_rendering/__pycache__/__init__.cpython-311.pyc
copying file /Users/calum/Developer/Excelerator/env/lib/python3.11/site-packages/customtkinter/windows/widgets/core_rendering/ctk_canvas.py -> /Users/calum/Developer/Excelerator/dist/Excelerate.app/Contents/Resources/lib/python3.11/customtkinter/windows/widgets/core_rendering/ctk_canvas.py
copying file /Users/calum/Developer/Excelerator/env/lib/python3.11/site-packages/customtkinter/windows/widgets/ctk_textbox.py -> /Users/calum/Developer/Excelerator/dist/Excelerate.app/Contents/Resources/lib/python3.11/customtkinter/windows/widgets/ctk_textbox.py
copying file /Users/calum/Developer/Excelerator/env/lib/python3.11/site-packages/customtkinter/windows/widgets/ctk_button.py -> /Users/calum/Developer/Excelerator/dist/Excelerate.app/Contents/Resources/lib/python3.11/customtkinter/windows/widgets/ctk_button.py
copying file /Users/calum/Developer/Excelerator/env/lib/python3.11/site-packages/customtkinter/windows/widgets/ctk_checkbox.py -> /Users/calum/Developer/Excelerator/dist/Excelerate.app/Contents/Resources/lib/python3.11/customtkinter/windows/widgets/ctk_checkbox.py
creating /Users/calum/Developer/Excelerator/dist/Excelerate.app/Contents/Resources/lib/python3.11/customtkinter/windows/widgets/font
copying file /Users/calum/Developer/Excelerator/env/lib/python3.11/site-packages/customtkinter/windows/widgets/font/font_manager.py -> /Users/calum/Developer/Excelerator/dist/Excelerate.app/Contents/Resources/lib/python3.11/customtkinter/windows/widgets/font/font_manager.py
copying file /Users/calum/Developer/Excelerator/env/lib/python3.11/site-packages/customtkinter/windows/widgets/font/__init__.py -> /Users/calum/Developer/Excelerator/dist/Excelerate.app/Contents/Resources/lib/python3.11/customtkinter/windows/widgets/font/__init__.py
creating /Users/calum/Developer/Excelerator/dist/Excelerate.app/Contents/Resources/lib/python3.11/customtkinter/windows/widgets/font/__pycache__
copying file /Users/calum/Developer/Excelerator/env/lib/python3.11/site-packages/customtkinter/windows/widgets/font/__pycache__/ctk_font.cpython-311.pyc -> /Users/calum/Developer/Excelerator/dist/Excelerate.app/Contents/Resources/lib/python3.11/customtkinter/windows/widgets/font/__pycache__/ctk_font.cpython-311.pyc
copying file /Users/calum/Developer/Excelerator/env/lib/python3.11/site-packages/customtkinter/windows/widgets/font/__pycache__/font_manager.cpython-311.pyc -> /Users/calum/Developer/Excelerator/dist/Excelerate.app/Contents/Resources/lib/python3.11/customtkinter/windows/widgets/font/__pycache__/font_manager.cpython-311.pyc
copying file /Users/calum/Developer/Excelerator/env/lib/python3.11/site-packages/customtkinter/windows/widgets/font/__pycache__/__init__.cpython-311.pyc -> /Users/calum/Developer/Excelerator/dist/Excelerate.app/Contents/Resources/lib/python3.11/customtkinter/windows/widgets/font/__pycache__/__init__.cpython-311.pyc
copying file /Users/calum/Developer/Excelerator/env/lib/python3.11/site-packages/customtkinter/windows/widgets/font/ctk_font.py -> /Users/calum/Developer/Excelerator/dist/Excelerate.app/Contents/Resources/lib/python3.11/customtkinter/windows/widgets/font/ctk_font.py
copying file /Users/calum/Developer/Excelerator/env/lib/python3.11/site-packages/customtkinter/windows/widgets/ctk_slider.py -> /Users/calum/Developer/Excelerator/dist/Excelerate.app/Contents/Resources/lib/python3.11/customtkinter/windows/widgets/ctk_slider.py
copying file /Users/calum/Developer/Excelerator/env/lib/python3.11/site-packages/customtkinter/windows/widgets/ctk_optionmenu.py -> /Users/calum/Developer/Excelerator/dist/Excelerate.app/Contents/Resources/lib/python3.11/customtkinter/windows/widgets/ctk_optionmenu.py
creating /Users/calum/Developer/Excelerator/dist/Excelerate.app/Contents/Resources/lib/python3.11/customtkinter/windows/widgets/utility
copying file /Users/calum/Developer/Excelerator/env/lib/python3.11/site-packages/customtkinter/windows/widgets/utility/utility_functions.py -> /Users/calum/Developer/Excelerator/dist/Excelerate.app/Contents/Resources/lib/python3.11/customtkinter/windows/widgets/utility/utility_functions.py
copying file /Users/calum/Developer/Excelerator/env/lib/python3.11/site-packages/customtkinter/windows/widgets/utility/__init__.py -> /Users/calum/Developer/Excelerator/dist/Excelerate.app/Contents/Resources/lib/python3.11/customtkinter/windows/widgets/utility/__init__.py
creating /Users/calum/Developer/Excelerator/dist/Excelerate.app/Contents/Resources/lib/python3.11/customtkinter/windows/widgets/utility/__pycache__
copying file /Users/calum/Developer/Excelerator/env/lib/python3.11/site-packages/customtkinter/windows/widgets/utility/__pycache__/utility_functions.cpython-311.pyc -> /Users/calum/Developer/Excelerator/dist/Excelerate.app/Contents/Resources/lib/python3.11/customtkinter/windows/widgets/utility/__pycache__/utility_functions.cpython-311.pyc
copying file /Users/calum/Developer/Excelerator/env/lib/python3.11/site-packages/customtkinter/windows/widgets/utility/__pycache__/__init__.cpython-311.pyc -> /Users/calum/Developer/Excelerator/dist/Excelerate.app/Contents/Resources/lib/python3.11/customtkinter/windows/widgets/utility/__pycache__/__init__.cpython-311.pyc
creating /Users/calum/Developer/Excelerator/dist/Excelerate.app/Contents/Resources/lib/python3.11/customtkinter/assets
copying file /Users/calum/Developer/Excelerator/env/lib/python3.11/site-packages/customtkinter/assets/.DS_Store -> /Users/calum/Developer/Excelerator/dist/Excelerate.app/Contents/Resources/lib/python3.11/customtkinter/assets/.DS_Store
creating /Users/calum/Developer/Excelerator/dist/Excelerate.app/Contents/Resources/lib/python3.11/customtkinter/assets/icons
copying file /Users/calum/Developer/Excelerator/env/lib/python3.11/site-packages/customtkinter/assets/icons/.DS_Store -> /Users/calum/Developer/Excelerator/dist/Excelerate.app/Contents/Resources/lib/python3.11/customtkinter/assets/icons/.DS_Store
copying file /Users/calum/Developer/Excelerator/env/lib/python3.11/site-packages/customtkinter/assets/icons/CustomTkinter_icon_Windows.ico -> /Users/calum/Developer/Excelerator/dist/Excelerate.app/Contents/Resources/lib/python3.11/customtkinter/assets/icons/CustomTkinter_icon_Windows.ico
creating /Users/calum/Developer/Excelerator/dist/Excelerate.app/Contents/Resources/lib/python3.11/customtkinter/assets/fonts
copying file /Users/calum/Developer/Excelerator/env/lib/python3.11/site-packages/customtkinter/assets/fonts/CustomTkinter_shapes_font.otf -> /Users/calum/Developer/Excelerator/dist/Excelerate.app/Contents/Resources/lib/python3.11/customtkinter/assets/fonts/CustomTkinter_shapes_font.otf
creating /Users/calum/Developer/Excelerator/dist/Excelerate.app/Contents/Resources/lib/python3.11/customtkinter/assets/fonts/Roboto
copying file /Users/calum/Developer/Excelerator/env/lib/python3.11/site-packages/customtkinter/assets/fonts/Roboto/Roboto-Medium.ttf -> /Users/calum/Developer/Excelerator/dist/Excelerate.app/Contents/Resources/lib/python3.11/customtkinter/assets/fonts/Roboto/Roboto-Medium.ttf
copying file /Users/calum/Developer/Excelerator/env/lib/python3.11/site-packages/customtkinter/assets/fonts/Roboto/Roboto-Regular.ttf -> /Users/calum/Developer/Excelerator/dist/Excelerate.app/Contents/Resources/lib/python3.11/customtkinter/assets/fonts/Roboto/Roboto-Regular.ttf
creating /Users/calum/Developer/Excelerator/dist/Excelerate.app/Contents/Resources/lib/python3.11/customtkinter/assets/themes
copying file /Users/calum/Developer/Excelerator/env/lib/python3.11/site-packages/customtkinter/assets/themes/dark-blue.json -> /Users/calum/Developer/Excelerator/dist/Excelerate.app/Contents/Resources/lib/python3.11/customtkinter/assets/themes/dark-blue.json
copying file /Users/calum/Developer/Excelerator/env/lib/python3.11/site-packages/customtkinter/assets/themes/green.json -> /Users/calum/Developer/Excelerator/dist/Excelerate.app/Contents/Resources/lib/python3.11/customtkinter/assets/themes/green.json
copying file /Users/calum/Developer/Excelerator/env/lib/python3.11/site-packages/customtkinter/assets/themes/blue.json -> /Users/calum/Developer/Excelerator/dist/Excelerate.app/Contents/Resources/lib/python3.11/customtkinter/assets/themes/blue.json
creating /Users/calum/Developer/Excelerator/dist/Excelerate.app/Contents/Resources/lib/python3.11/numpy
creating /Users/calum/Developer/Excelerator/dist/Excelerate.app/Contents/Resources/lib/python3.11/numpy/distutils
copying file /Users/calum/Developer/Excelerator/env/lib/python3.11/site-packages/numpy/distutils/unixccompiler.py -> /Users/calum/Developer/Excelerator/dist/Excelerate.app/Contents/Resources/lib/python3.11/numpy/distutils/unixccompiler.py
copying file /Users/calum/Developer/Excelerator/env/lib/python3.11/site-packages/numpy/distutils/numpy_distribution.py -> /Users/calum/Developer/Excelerator/dist/Excelerate.app/Contents/Resources/lib/python3.11/numpy/distutils/numpy_distribution.py
copying file /Users/calum/Developer/Excelerator/env/lib/python3.11/site-packages/numpy/distutils/conv_template.py -> /Users/calum/Developer/Excelerator/dist/Excelerate.app/Contents/Resources/lib/python3.11/numpy/distutils/conv_template.py
copying file /Users/calum/Developer/Excelerator/env/lib/python3.11/site-packages/numpy/distutils/cpuinfo.py -> /Users/calum/Developer/Excelerator/dist/Excelerate.app/Contents/Resources/lib/python3.11/numpy/distutils/cpuinfo.py
copying file /Users/calum/Developer/Excelerator/env/lib/python3.11/site-packages/numpy/distutils/ccompiler.py -> /Users/calum/Developer/Excelerator/dist/Excelerate.app/Contents/Resources/lib/python3.11/numpy/distutils/ccompiler.py
copying file /Users/calum/Developer/Excelerator/env/lib/python3.11/site-packages/numpy/distutils/msvc9compiler.py -> /Users/calum/Developer/Excelerator/dist/Excelerate.app/Contents/Resources/lib/python3.11/numpy/distutils/msvc9compiler.py
copying file /Users/calum/Developer/Excelerator/env/lib/python3.11/site-packages/numpy/distutils/npy_pkg_config.py -> /Users/calum/Developer/Excelerator/dist/Excelerate.app/Contents/Resources/lib/python3.11/numpy/distutils/npy_pkg_config.py
copying file /Users/calum/Developer/Excelerator/env/lib/python3.11/site-packages/numpy/distutils/misc_util.py -> /Users/calum/Developer/Excelerator/dist/Excelerate.app/Contents/Resources/lib/python3.11/numpy/distutils/misc_util.py
copying file /Users/calum/Developer/Excelerator/env/lib/python3.11/site-packages/numpy/distutils/__init__.pyi -> /Users/calum/Developer/Excelerator/dist/Excelerate.app/Contents/Resources/lib/python3.11/numpy/distutils/__init__.pyi
copying file /Users/calum/Developer/Excelerator/env/lib/python3.11/site-packages/numpy/distutils/log.py -> /Users/calum/Developer/Excelerator/dist/Excelerate.app/Contents/Resources/lib/python3.11/numpy/distutils/log.py
copying file /Users/calum/Developer/Excelerator/env/lib/python3.11/site-packages/numpy/distutils/line_endings.py -> /Users/calum/Developer/Excelerator/dist/Excelerate.app/Contents/Resources/lib/python3.11/numpy/distutils/line_endings.py
creating /Users/calum/Developer/Excelerator/dist/Excelerate.app/Contents/Resources/lib/python3.11/numpy/distutils/checks
copying file /Users/calum/Developer/Excelerator/env/lib/python3.11/site-packages/numpy/distutils/checks/cpu_avx512_skx.c -> /Users/calum/Developer/Excelerator/dist/Excelerate.app/Contents/Resources/lib/python3.11/numpy/distutils/checks/cpu_avx512_skx.c
copying file /Users/calum/Developer/Excelerator/env/lib/python3.11/site-packages/numpy/distutils/checks/cpu_f16c.c -> /Users/calum/Developer/Excelerator/dist/Excelerate.app/Contents/Resources/lib/python3.11/numpy/distutils/checks/cpu_f16c.c
copying file /Users/calum/Developer/Excelerator/env/lib/python3.11/site-packages/numpy/distutils/checks/extra_vsx4_mma.c -> /Users/calum/Developer/Excelerator/dist/Excelerate.app/Contents/Resources/lib/python3.11/numpy/distutils/checks/extra_vsx4_mma.c
copying file /Users/calum/Developer/Excelerator/env/lib/python3.11/site-packages/numpy/distutils/checks/extra_avx512f_reduce.c -> /Users/calum/Developer/Excelerator/dist/Excelerate.app/Contents/Resources/lib/python3.11/numpy/distutils/checks/extra_avx512f_reduce.c
copying file /Users/calum/Developer/Excelerator/env/lib/python3.11/site-packages/numpy/distutils/checks/cpu_ssse3.c -> /Users/calum/Developer/Excelerator/dist/Excelerate.app/Contents/Resources/lib/python3.11/numpy/distutils/checks/cpu_ssse3.c
copying file /Users/calum/Developer/Excelerator/env/lib/python3.11/site-packages/numpy/distutils/checks/cpu_sse42.c -> /Users/calum/Developer/Excelerator/dist/Excelerate.app/Contents/Resources/lib/python3.11/numpy/distutils/checks/cpu_sse42.c
copying file /Users/calum/Developer/Excelerator/env/lib/python3.11/site-packages/numpy/distutils/checks/cpu_sse3.c -> /Users/calum/Developer/Excelerator/dist/Excelerate.app/Contents/Resources/lib/python3.11/numpy/distutils/checks/cpu_sse3.c
copying file /Users/calum/Developer/Excelerator/env/lib/python3.11/site-packages/numpy/distutils/checks/cpu_xop.c -> /Users/calum/Developer/Excelerator/dist/Excelerate.app/Contents/Resources/lib/python3.11/numpy/distutils/checks/cpu_xop.c
copying file /Users/calum/Developer/Excelerator/env/lib/python3.11/site-packages/numpy/distutils/checks/cpu_vsx.c -> /Users/calum/Developer/Excelerator/dist/Excelerate.app/Contents/Resources/lib/python3.11/numpy/distutils/checks/cpu_vsx.c
copying file /Users/calum/Developer/Excelerator/env/lib/python3.11/site-packages/numpy/distutils/checks/cpu_avx512cd.c -> /Users/calum/Developer/Excelerator/dist/Excelerate.app/Contents/Resources/lib/python3.11/numpy/distutils/checks/cpu_avx512cd.c
copying file /Users/calum/Developer/Excelerator/env/lib/python3.11/site-packages/numpy/distutils/checks/cpu_neon_vfpv4.c -> /Users/calum/Developer/Excelerator/dist/Excelerate.app/Contents/Resources/lib/python3.11/numpy/distutils/checks/cpu_neon_vfpv4.c
copying file /Users/calum/Developer/Excelerator/env/lib/python3.11/site-packages/numpy/distutils/checks/cpu_asimddp.c -> /Users/calum/Developer/Excelerator/dist/Excelerate.app/Contents/Resources/lib/python3.11/numpy/distutils/checks/cpu_asimddp.c
copying file /Users/calum/Developer/Excelerator/env/lib/python3.11/site-packages/numpy/distutils/checks/extra_avx512bw_mask.c -> /Users/calum/Developer/Excelerator/dist/Excelerate.app/Contents/Resources/lib/python3.11/numpy/distutils/checks/extra_avx512bw_mask.c
copying file /Users/calum/Developer/Excelerator/env/lib/python3.11/site-packages/numpy/distutils/checks/cpu_avx.c -> /Users/calum/Developer/Excelerator/dist/Excelerate.app/Contents/Resources/lib/python3.11/numpy/distutils/checks/cpu_avx.c
copying file /Users/calum/Developer/Excelerator/env/lib/python3.11/site-packages/numpy/distutils/checks/cpu_sse41.c -> /Users/calum/Developer/Excelerator/dist/Excelerate.app/Contents/Resources/lib/python3.11/numpy/distutils/checks/cpu_sse41.c
copying file /Users/calum/Developer/Excelerator/env/lib/python3.11/site-packages/numpy/distutils/checks/cpu_vsx2.c -> /Users/calum/Developer/Excelerator/dist/Excelerate.app/Contents/Resources/lib/python3.11/numpy/distutils/checks/cpu_vsx2.c
copying file /Users/calum/Developer/Excelerator/env/lib/python3.11/site-packages/numpy/distutils/checks/cpu_vx.c -> /Users/calum/Developer/Excelerator/dist/Excelerate.app/Contents/Resources/lib/python3.11/numpy/distutils/checks/cpu_vx.c
copying file /Users/calum/Developer/Excelerator/env/lib/python3.11/site-packages/numpy/distutils/checks/cpu_avx512_knl.c -> /Users/calum/Developer/Excelerator/dist/Excelerate.app/Contents/Resources/lib/python3.11/numpy/distutils/checks/cpu_avx512_knl.c
copying file /Users/calum/Developer/Excelerator/env/lib/python3.11/site-packages/numpy/distutils/checks/extra_vsx3_half_double.c -> /Users/calum/Developer/Excelerator/dist/Excelerate.app/Contents/Resources/lib/python3.11/numpy/distutils/checks/extra_vsx3_half_double.c
copying file /Users/calum/Developer/Excelerator/env/lib/python3.11/site-packages/numpy/distutils/checks/cpu_popcnt.c -> /Users/calum/Developer/Excelerator/dist/Excelerate.app/Contents/Resources/lib/python3.11/numpy/distutils/checks/cpu_popcnt.c
copying file /Users/calum/Developer/Excelerator/env/lib/python3.11/site-packages/numpy/distutils/checks/cpu_sse.c -> /Users/calum/Developer/Excelerator/dist/Excelerate.app/Contents/Resources/lib/python3.11/numpy/distutils/checks/cpu_sse.c
copying file /Users/calum/Developer/Excelerator/env/lib/python3.11/site-packages/numpy/distutils/checks/cpu_neon.c -> /Users/calum/Developer/Excelerator/dist/Excelerate.app/Contents/Resources/lib/python3.11/numpy/distutils/checks/cpu_neon.c
copying file /Users/calum/Developer/Excelerator/env/lib/python3.11/site-packages/numpy/distutils/checks/extra_avx512dq_mask.c -> /Users/calum/Developer/Excelerator/dist/Excelerate.app/Contents/Resources/lib/python3.11/numpy/distutils/checks/extra_avx512dq_mask.c
copying file /Users/calum/Developer/Excelerator/env/lib/python3.11/site-packages/numpy/distutils/checks/cpu_avx512f.c -> /Users/calum/Developer/Excelerator/dist/Excelerate.app/Contents/Resources/lib/python3.11/numpy/distutils/checks/cpu_avx512f.c
copying file /Users/calum/Developer/Excelerator/env/lib/python3.11/site-packages/numpy/distutils/checks/cpu_vxe2.c -> /Users/calum/Developer/Excelerator/dist/Excelerate.app/Contents/Resources/lib/python3.11/numpy/distutils/checks/cpu_vxe2.c
copying file /Users/calum/Developer/Excelerator/env/lib/python3.11/site-packages/numpy/distutils/checks/cpu_avx2.c -> /Users/calum/Developer/Excelerator/dist/Excelerate.app/Contents/Resources/lib/python3.11/numpy/distutils/checks/cpu_avx2.c
copying file /Users/calum/Developer/Excelerator/env/lib/python3.11/site-packages/numpy/distutils/checks/cpu_neon_fp16.c -> /Users/calum/Developer/Excelerator/dist/Excelerate.app/Contents/Resources/lib/python3.11/numpy/distutils/checks/cpu_neon_fp16.c
copying file /Users/calum/Developer/Excelerator/env/lib/python3.11/site-packages/numpy/distutils/checks/cpu_vsx3.c -> /Users/calum/Developer/Excelerator/dist/Excelerate.app/Contents/Resources/lib/python3.11/numpy/distutils/checks/cpu_vsx3.c
copying file /Users/calum/Developer/Excelerator/env/lib/python3.11/site-packages/numpy/distutils/checks/cpu_fma4.c -> /Users/calum/Developer/Excelerator/dist/Excelerate.app/Contents/Resources/lib/python3.11/numpy/distutils/checks/cpu_fma4.c
copying file /Users/calum/Developer/Excelerator/env/lib/python3.11/site-packages/numpy/distutils/checks/cpu_avx512_knm.c -> /Users/calum/Developer/Excelerator/dist/Excelerate.app/Contents/Resources/lib/python3.11/numpy/distutils/checks/cpu_avx512_knm.c
copying file /Users/calum/Developer/Excelerator/env/lib/python3.11/site-packages/numpy/distutils/checks/cpu_avx512_cnl.c -> /Users/calum/Developer/Excelerator/dist/Excelerate.app/Contents/Resources/lib/python3.11/numpy/distutils/checks/cpu_avx512_cnl.c
copying file /Users/calum/Developer/Excelerator/env/lib/python3.11/site-packages/numpy/distutils/checks/cpu_asimd.c -> /Users/calum/Developer/Excelerator/dist/Excelerate.app/Contents/Resources/lib/python3.11/numpy/distutils/checks/cpu_asimd.c
copying file /Users/calum/Developer/Excelerator/env/lib/python3.11/site-packages/numpy/distutils/checks/cpu_vxe.c -> /Users/calum/Developer/Excelerator/dist/Excelerate.app/Contents/Resources/lib/python3.11/numpy/distutils/checks/cpu_vxe.c
copying file /Users/calum/Developer/Excelerator/env/lib/python3.11/site-packages/numpy/distutils/checks/extra_vsx_asm.c -> /Users/calum/Developer/Excelerator/dist/Excelerate.app/Contents/Resources/lib/python3.11/numpy/distutils/checks/extra_vsx_asm.c
copying file /Users/calum/Developer/Excelerator/env/lib/python3.11/site-packages/numpy/distutils/checks/cpu_asimdfhm.c -> /Users/calum/Developer/Excelerator/dist/Excelerate.app/Contents/Resources/lib/python3.11/numpy/distutils/checks/cpu_asimdfhm.c
copying file /Users/calum/Developer/Excelerator/env/lib/python3.11/site-packages/numpy/distutils/checks/cpu_asimdhp.c -> /Users/calum/Developer/Excelerator/dist/Excelerate.app/Contents/Resources/lib/python3.11/numpy/distutils/checks/cpu_asimdhp.c
copying file /Users/calum/Developer/Excelerator/env/lib/python3.11/site-packages/numpy/distutils/checks/cpu_avx512_clx.c -> /Users/calum/Developer/Excelerator/dist/Excelerate.app/Contents/Resources/lib/python3.11/numpy/distutils/checks/cpu_avx512_clx.c
copying file /Users/calum/Developer/Excelerator/env/lib/python3.11/site-packages/numpy/distutils/checks/cpu_avx512_icl.c -> /Users/calum/Developer/Excelerator/dist/Excelerate.app/Contents/Resources/lib/python3.11/numpy/distutils/checks/cpu_avx512_icl.c
copying file /Users/calum/Developer/Excelerator/env/lib/python3.11/site-packages/numpy/distutils/checks/cpu_avx512_spr.c -> /Users/calum/Developer/Excelerator/dist/Excelerate.app/Contents/Resources/lib/python3.11/numpy/distutils/checks/cpu_avx512_spr.c
copying file /Users/calum/Developer/Excelerator/env/lib/python3.11/site-packages/numpy/distutils/checks/cpu_sse2.c -> /Users/calum/Developer/Excelerator/dist/Excelerate.app/Contents/Resources/lib/python3.11/numpy/distutils/checks/cpu_sse2.c
copying file /Users/calum/Developer/Excelerator/env/lib/python3.11/site-packages/numpy/distutils/checks/cpu_fma3.c -> /Users/calum/Developer/Excelerator/dist/Excelerate.app/Contents/Resources/lib/python3.11/numpy/distutils/checks/cpu_fma3.c
copying file /Users/calum/Developer/Excelerator/env/lib/python3.11/site-packages/numpy/distutils/checks/cpu_vsx4.c -> /Users/calum/Developer/Excelerator/dist/Excelerate.app/Contents/Resources/lib/python3.11/numpy/distutils/checks/cpu_vsx4.c
copying file /Users/calum/Developer/Excelerator/env/lib/python3.11/site-packages/numpy/distutils/checks/test_flags.c -> /Users/calum/Developer/Excelerator/dist/Excelerate.app/Contents/Resources/lib/python3.11/numpy/distutils/checks/test_flags.c
copying file /Users/calum/Developer/Excelerator/env/lib/python3.11/site-packages/numpy/distutils/lib2def.py -> /Users/calum/Developer/Excelerator/dist/Excelerate.app/Contents/Resources/lib/python3.11/numpy/distutils/lib2def.py
copying file /Users/calum/Developer/Excelerator/env/lib/python3.11/site-packages/numpy/distutils/pathccompiler.py -> /Users/calum/Developer/Excelerator/dist/Excelerate.app/Contents/Resources/lib/python3.11/numpy/distutils/pathccompiler.py
creating /Users/calum/Developer/Excelerator/dist/Excelerate.app/Contents/Resources/lib/python3.11/numpy/distutils/tests
copying file /Users/calum/Developer/Excelerator/env/lib/python3.11/site-packages/numpy/distutils/tests/test_system_info.py -> /Users/calum/Developer/Excelerator/dist/Excelerate.app/Contents/Resources/lib/python3.11/numpy/distutils/tests/test_system_info.py
copying file /Users/calum/Developer/Excelerator/env/lib/python3.11/site-packages/numpy/distutils/tests/test_ccompiler_opt_conf.py -> /Users/calum/Developer/Excelerator/dist/Excelerate.app/Contents/Resources/lib/python3.11/numpy/distutils/tests/test_ccompiler_opt_conf.py
copying file /Users/calum/Developer/Excelerator/env/lib/python3.11/site-packages/numpy/distutils/tests/test_mingw32ccompiler.py -> /Users/calum/Developer/Excelerator/dist/Excelerate.app/Contents/Resources/lib/python3.11/numpy/distutils/tests/test_mingw32ccompiler.py
copying file /Users/calum/Developer/Excelerator/env/lib/python3.11/site-packages/numpy/distutils/tests/test_from_template.py -> /Users/calum/Developer/Excelerator/dist/Excelerate.app/Contents/Resources/lib/python3.11/numpy/distutils/tests/test_from_template.py
copying file /Users/calum/Developer/Excelerator/env/lib/python3.11/site-packages/numpy/distutils/tests/__init__.py -> /Users/calum/Developer/Excelerator/dist/Excelerate.app/Contents/Resources/lib/python3.11/numpy/distutils/tests/__init__.py
creating /Users/calum/Developer/Excelerator/dist/Excelerate.app/Contents/Resources/lib/python3.11/numpy/distutils/tests/__pycache__
copying file /Users/calum/Developer/Excelerator/env/lib/python3.11/site-packages/numpy/distutils/tests/__pycache__/test_ccompiler_opt.cpython-311.pyc -> /Users/calum/Developer/Excelerator/dist/Excelerate.app/Contents/Resources/lib/python3.11/numpy/distutils/tests/__pycache__/test_ccompiler_opt.cpython-311.pyc
copying file /Users/calum/Developer/Excelerator/env/lib/python3.11/site-packages/numpy/distutils/tests/__pycache__/test_mingw32ccompiler.cpython-311.pyc -> /Users/calum/Developer/Excelerator/dist/Excelerate.app/Contents/Resources/lib/python3.11/numpy/distutils/tests/__pycache__/test_mingw32ccompiler.cpython-311.pyc
copying file /Users/calum/Developer/Excelerator/env/lib/python3.11/site-packages/numpy/distutils/tests/__pycache__/test_from_template.cpython-311.pyc -> /Users/calum/Developer/Excelerator/dist/Excelerate.app/Contents/Resources/lib/python3.11/numpy/distutils/tests/__pycache__/test_from_template.cpython-311.pyc
copying file /Users/calum/Developer/Excelerator/env/lib/python3.11/site-packages/numpy/distutils/tests/__pycache__/test_npy_pkg_config.cpython-311.pyc -> /Users/calum/Developer/Excelerator/dist/Excelerate.app/Contents/Resources/lib/python3.11/numpy/distutils/tests/__pycache__/test_npy_pkg_config.cpython-311.pyc
copying file /Users/calum/Developer/Excelerator/env/lib/python3.11/site-packages/numpy/distutils/tests/__pycache__/test_fcompiler.cpython-311.pyc -> /Users/calum/Developer/Excelerator/dist/Excelerate.app/Contents/Resources/lib/python3.11/numpy/distutils/tests/__pycache__/test_fcompiler.cpython-311.pyc
copying file /Users/calum/Developer/Excelerator/env/lib/python3.11/site-packages/numpy/distutils/tests/__pycache__/test_log.cpython-311.pyc -> /Users/calum/Developer/Excelerator/dist/Excelerate.app/Contents/Resources/lib/python3.11/numpy/distutils/tests/__pycache__/test_log.cpython-311.pyc
copying file /Users/calum/Developer/Excelerator/env/lib/python3.11/site-packages/numpy/distutils/tests/__pycache__/test_ccompiler_opt_conf.cpython-311.pyc -> /Users/calum/Developer/Excelerator/dist/Excelerate.app/Contents/Resources/lib/python3.11/numpy/distutils/tests/__pycache__/test_ccompiler_opt_conf.cpython-311.pyc
copying file /Users/calum/Developer/Excelerator/env/lib/python3.11/site-packages/numpy/distutils/tests/__pycache__/test_misc_util.cpython-311.pyc -> /Users/calum/Developer/Excelerator/dist/Excelerate.app/Contents/Resources/lib/python3.11/numpy/distutils/tests/__pycache__/test_misc_util.cpython-311.pyc
copying file /Users/calum/Developer/Excelerator/env/lib/python3.11/site-packages/numpy/distutils/tests/__pycache__/test_exec_command.cpython-311.pyc -> /Users/calum/Developer/Excelerator/dist/Excelerate.app/Contents/Resources/lib/python3.11/numpy/distutils/tests/__pycache__/test_exec_command.cpython-311.pyc
copying file /Users/calum/Developer/Excelerator/env/lib/python3.11/site-packages/numpy/distutils/tests/__pycache__/test_fcompiler_intel.cpython-311.pyc -> /Users/calum/Developer/Excelerator/dist/Excelerate.app/Contents/Resources/lib/python3.11/numpy/distutils/tests/__pycache__/test_fcompiler_intel.cpython-311.pyc
copying file /Users/calum/Developer/Excelerator/env/lib/python3.11/site-packages/numpy/distutils/tests/__pycache__/test_fcompiler_nagfor.cpython-311.pyc -> /Users/calum/Developer/Excelerator/dist/Excelerate.app/Contents/Resources/lib/python3.11/numpy/distutils/tests/__pycache__/test_fcompiler_nagfor.cpython-311.pyc
copying file /Users/calum/Developer/Excelerator/env/lib/python3.11/site-packages/numpy/distutils/tests/__pycache__/test_system_info.cpython-311.pyc -> /Users/calum/Developer/Excelerator/dist/Excelerate.app/Contents/Resources/lib/python3.11/numpy/distutils/tests/__pycache__/test_system_info.cpython-311.pyc
copying file /Users/calum/Developer/Excelerator/env/lib/python3.11/site-packages/numpy/distutils/tests/__pycache__/test_fcompiler_gnu.cpython-311.pyc -> /Users/calum/Developer/Excelerator/dist/Excelerate.app/Contents/Resources/lib/python3.11/numpy/distutils/tests/__pycache__/test_fcompiler_gnu.cpython-311.pyc
copying file /Users/calum/Developer/Excelerator/env/lib/python3.11/site-packages/numpy/distutils/tests/__pycache__/__init__.cpython-311.pyc -> /Users/calum/Developer/Excelerator/dist/Excelerate.app/Contents/Resources/lib/python3.11/numpy/distutils/tests/__pycache__/__init__.cpython-311.pyc
copying file /Users/calum/Developer/Excelerator/env/lib/python3.11/site-packages/numpy/distutils/tests/__pycache__/test_shell_utils.cpython-311.pyc -> /Users/calum/Developer/Excelerator/dist/Excelerate.app/Contents/Resources/lib/python3.11/numpy/distutils/tests/__pycache__/test_shell_utils.cpython-311.pyc
copying file /Users/calum/Developer/Excelerator/env/lib/python3.11/site-packages/numpy/distutils/tests/__pycache__/test_build_ext.cpython-311.pyc -> /Users/calum/Developer/Excelerator/dist/Excelerate.app/Contents/Resources/lib/python3.11/numpy/distutils/tests/__pycache__/test_build_ext.cpython-311.pyc
copying file /Users/calum/Developer/Excelerator/env/lib/python3.11/site-packages/numpy/distutils/tests/test_log.py -> /Users/calum/Developer/Excelerator/dist/Excelerate.app/Contents/Resources/lib/python3.11/numpy/distutils/tests/test_log.py
copying file /Users/calum/Developer/Excelerator/env/lib/python3.11/site-packages/numpy/distutils/tests/test_fcompiler_intel.py -> /Users/calum/Developer/Excelerator/dist/Excelerate.app/Contents/Resources/lib/python3.11/numpy/distutils/tests/test_fcompiler_intel.py
copying file /Users/calum/Developer/Excelerator/env/lib/python3.11/site-packages/numpy/distutils/tests/test_misc_util.py -> /Users/calum/Developer/Excelerator/dist/Excelerate.app/Contents/Resources/lib/python3.11/numpy/distutils/tests/test_misc_util.py
copying file /Users/calum/Developer/Excelerator/env/lib/python3.11/site-packages/numpy/distutils/tests/test_fcompiler.py -> /Users/calum/Developer/Excelerator/dist/Excelerate.app/Contents/Resources/lib/python3.11/numpy/distutils/tests/test_fcompiler.py
copying file /Users/calum/Developer/Excelerator/env/lib/python3.11/site-packages/numpy/distutils/tests/test_build_ext.py -> /Users/calum/Developer/Excelerator/dist/Excelerate.app/Contents/Resources/lib/python3.11/numpy/distutils/tests/test_build_ext.py
copying file /Users/calum/Developer/Excelerator/env/lib/python3.11/site-packages/numpy/distutils/tests/test_shell_utils.py -> /Users/calum/Developer/Excelerator/dist/Excelerate.app/Contents/Resources/lib/python3.11/numpy/distutils/tests/test_shell_utils.py
copying file /Users/calum/Developer/Excelerator/env/lib/python3.11/site-packages/numpy/distutils/tests/test_exec_command.py -> /Users/calum/Developer/Excelerator/dist/Excelerate.app/Contents/Resources/lib/python3.11/numpy/distutils/tests/test_exec_command.py
copying file /Users/calum/Developer/Excelerator/env/lib/python3.11/site-packages/numpy/distutils/tests/test_npy_pkg_config.py -> /Users/calum/Developer/Excelerator/dist/Excelerate.app/Contents/Resources/lib/python3.11/numpy/distutils/tests/test_npy_pkg_config.py
copying file /Users/calum/Developer/Excelerator/env/lib/python3.11/site-packages/numpy/distutils/tests/test_fcompiler_nagfor.py -> /Users/calum/Developer/Excelerator/dist/Excelerate.app/Contents/Resources/lib/python3.11/numpy/distutils/tests/test_fcompiler_nagfor.py
copying file /Users/calum/Developer/Excelerator/env/lib/python3.11/site-packages/numpy/distutils/tests/test_ccompiler_opt.py -> /Users/calum/Developer/Excelerator/dist/Excelerate.app/Contents/Resources/lib/python3.11/numpy/distutils/tests/test_ccompiler_opt.py
copying file /Users/calum/Developer/Excelerator/env/lib/python3.11/site-packages/numpy/distutils/tests/test_fcompiler_gnu.py -> /Users/calum/Developer/Excelerator/dist/Excelerate.app/Contents/Resources/lib/python3.11/numpy/distutils/tests/test_fcompiler_gnu.py
copying file /Users/calum/Developer/Excelerator/env/lib/python3.11/site-packages/numpy/distutils/system_info.py -> /Users/calum/Developer/Excelerator/dist/Excelerate.app/Contents/Resources/lib/python3.11/numpy/distutils/system_info.py
copying file /Users/calum/Developer/Excelerator/env/lib/python3.11/site-packages/numpy/distutils/__init__.py -> /Users/calum/Developer/Excelerator/dist/Excelerate.app/Contents/Resources/lib/python3.11/numpy/distutils/__init__.py
copying file /Users/calum/Developer/Excelerator/env/lib/python3.11/site-packages/numpy/distutils/core.py -> /Users/calum/Developer/Excelerator/dist/Excelerate.app/Contents/Resources/lib/python3.11/numpy/distutils/core.py
creating /Users/calum/Developer/Excelerator/dist/Excelerate.app/Contents/Resources/lib/python3.11/numpy/distutils/__pycache__
copying file /Users/calum/Developer/Excelerator/env/lib/python3.11/site-packages/numpy/distutils/__pycache__/msvccompiler.cpython-311.pyc -> /Users/calum/Developer/Excelerator/dist/Excelerate.app/Contents/Resources/lib/python3.11/numpy/distutils/__pycache__/msvccompiler.cpython-311.pyc
copying file /Users/calum/Developer/Excelerator/env/lib/python3.11/site-packages/numpy/distutils/__pycache__/msvc9compiler.cpython-311.pyc -> /Users/calum/Developer/Excelerator/dist/Excelerate.app/Contents/Resources/lib/python3.11/numpy/distutils/__pycache__/msvc9compiler.cpython-311.pyc
copying file /Users/calum/Developer/Excelerator/env/lib/python3.11/site-packages/numpy/distutils/__pycache__/core.cpython-311.pyc -> /Users/calum/Developer/Excelerator/dist/Excelerate.app/Contents/Resources/lib/python3.11/numpy/distutils/__pycache__/core.cpython-311.pyc
copying file /Users/calum/Developer/Excelerator/env/lib/python3.11/site-packages/numpy/distutils/__pycache__/fujitsuccompiler.cpython-311.pyc -> /Users/calum/Developer/Excelerator/dist/Excelerate.app/Contents/Resources/lib/python3.11/numpy/distutils/__pycache__/fujitsuccompiler.cpython-311.pyc
copying file /Users/calum/Developer/Excelerator/env/lib/python3.11/site-packages/numpy/distutils/__pycache__/exec_command.cpython-311.pyc -> /Users/calum/Developer/Excelerator/dist/Excelerate.app/Contents/Resources/lib/python3.11/numpy/distutils/__pycache__/exec_command.cpython-311.pyc
copying file /Users/calum/Developer/Excelerator/env/lib/python3.11/site-packages/numpy/distutils/__pycache__/ccompiler.cpython-311.pyc -> /Users/calum/Developer/Excelerator/dist/Excelerate.app/Contents/Resources/lib/python3.11/numpy/distutils/__pycache__/ccompiler.cpython-311.pyc
copying file /Users/calum/Developer/Excelerator/env/lib/python3.11/site-packages/numpy/distutils/__pycache__/system_info.cpython-311.pyc -> /Users/calum/Developer/Excelerator/dist/Excelerate.app/Contents/Resources/lib/python3.11/numpy/distutils/__pycache__/system_info.cpython-311.pyc
copying file /Users/calum/Developer/Excelerator/env/lib/python3.11/site-packages/numpy/distutils/__pycache__/setup.cpython-311.pyc -> /Users/calum/Developer/Excelerator/dist/Excelerate.app/Contents/Resources/lib/python3.11/numpy/distutils/__pycache__/setup.cpython-311.pyc
copying file /Users/calum/Developer/Excelerator/env/lib/python3.11/site-packages/numpy/distutils/__pycache__/cpuinfo.cpython-311.pyc -> /Users/calum/Developer/Excelerator/dist/Excelerate.app/Contents/Resources/lib/python3.11/numpy/distutils/__pycache__/cpuinfo.cpython-311.pyc
copying file /Users/calum/Developer/Excelerator/env/lib/python3.11/site-packages/numpy/distutils/__pycache__/npy_pkg_config.cpython-311.pyc -> /Users/calum/Developer/Excelerator/dist/Excelerate.app/Contents/Resources/lib/python3.11/numpy/distutils/__pycache__/npy_pkg_config.cpython-311.pyc
copying file /Users/calum/Developer/Excelerator/env/lib/python3.11/site-packages/numpy/distutils/__pycache__/armccompiler.cpython-311.pyc -> /Users/calum/Developer/Excelerator/dist/Excelerate.app/Contents/Resources/lib/python3.11/numpy/distutils/__pycache__/armccompiler.cpython-311.pyc
copying file /Users/calum/Developer/Excelerator/env/lib/python3.11/site-packages/numpy/distutils/__pycache__/_shell_utils.cpython-311.pyc -> /Users/calum/Developer/Excelerator/dist/Excelerate.app/Contents/Resources/lib/python3.11/numpy/distutils/__pycache__/_shell_utils.cpython-311.pyc
copying file /Users/calum/Developer/Excelerator/env/lib/python3.11/site-packages/numpy/distutils/__pycache__/unixccompiler.cpython-311.pyc -> /Users/calum/Developer/Excelerator/dist/Excelerate.app/Contents/Resources/lib/python3.11/numpy/distutils/__pycache__/unixccompiler.cpython-311.pyc
copying file /Users/calum/Developer/Excelerator/env/lib/python3.11/site-packages/numpy/distutils/__pycache__/mingw32ccompiler.cpython-311.pyc -> /Users/calum/Developer/Excelerator/dist/Excelerate.app/Contents/Resources/lib/python3.11/numpy/distutils/__pycache__/mingw32ccompiler.cpython-311.pyc
copying file /Users/calum/Developer/Excelerator/env/lib/python3.11/site-packages/numpy/distutils/__pycache__/extension.cpython-311.pyc -> /Users/calum/Developer/Excelerator/dist/Excelerate.app/Contents/Resources/lib/python3.11/numpy/distutils/__pycache__/extension.cpython-311.pyc
copying file /Users/calum/Developer/Excelerator/env/lib/python3.11/site-packages/numpy/distutils/__pycache__/log.cpython-311.pyc -> /Users/calum/Developer/Excelerator/dist/Excelerate.app/Contents/Resources/lib/python3.11/numpy/distutils/__pycache__/log.cpython-311.pyc
copying file /Users/calum/Developer/Excelerator/env/lib/python3.11/site-packages/numpy/distutils/__pycache__/numpy_distribution.cpython-311.pyc -> /Users/calum/Developer/Excelerator/dist/Excelerate.app/Contents/Resources/lib/python3.11/numpy/distutils/__pycache__/numpy_distribution.cpython-311.pyc
copying file /Users/calum/Developer/Excelerator/env/lib/python3.11/site-packages/numpy/distutils/__pycache__/line_endings.cpython-311.pyc -> /Users/calum/Developer/Excelerator/dist/Excelerate.app/Contents/Resources/lib/python3.11/numpy/distutils/__pycache__/line_endings.cpython-311.pyc
copying file /Users/calum/Developer/Excelerator/env/lib/python3.11/site-packages/numpy/distutils/__pycache__/misc_util.cpython-311.pyc -> /Users/calum/Developer/Excelerator/dist/Excelerate.app/Contents/Resources/lib/python3.11/numpy/distutils/__pycache__/misc_util.cpython-311.pyc
copying file /Users/calum/Developer/Excelerator/env/lib/python3.11/site-packages/numpy/distutils/__pycache__/intelccompiler.cpython-311.pyc -> /Users/calum/Developer/Excelerator/dist/Excelerate.app/Contents/Resources/lib/python3.11/numpy/distutils/__pycache__/intelccompiler.cpython-311.pyc
copying file /Users/calum/Developer/Excelerator/env/lib/python3.11/site-packages/numpy/distutils/__pycache__/pathccompiler.cpython-311.pyc -> /Users/calum/Developer/Excelerator/dist/Excelerate.app/Contents/Resources/lib/python3.11/numpy/distutils/__pycache__/pathccompiler.cpython-311.pyc
copying file /Users/calum/Developer/Excelerator/env/lib/python3.11/site-packages/numpy/distutils/__pycache__/from_template.cpython-311.pyc -> /Users/calum/Developer/Excelerator/dist/Excelerate.app/Contents/Resources/lib/python3.11/numpy/distutils/__pycache__/from_template.cpython-311.pyc
copying file /Users/calum/Developer/Excelerator/env/lib/python3.11/site-packages/numpy/distutils/__pycache__/ccompiler_opt.cpython-311.pyc -> /Users/calum/Developer/Excelerator/dist/Excelerate.app/Contents/Resources/lib/python3.11/numpy/distutils/__pycache__/ccompiler_opt.cpython-311.pyc
copying file /Users/calum/Developer/Excelerator/env/lib/python3.11/site-packages/numpy/distutils/__pycache__/lib2def.cpython-311.pyc -> /Users/calum/Developer/Excelerator/dist/Excelerate.app/Contents/Resources/lib/python3.11/numpy/distutils/__pycache__/lib2def.cpython-311.pyc
copying file /Users/calum/Developer/Excelerator/env/lib/python3.11/site-packages/numpy/distutils/__pycache__/__init__.cpython-311.pyc -> /Users/calum/Developer/Excelerator/dist/Excelerate.app/Contents/Resources/lib/python3.11/numpy/distutils/__pycache__/__init__.cpython-311.pyc
copying file /Users/calum/Developer/Excelerator/env/lib/python3.11/site-packages/numpy/distutils/__pycache__/conv_template.cpython-311.pyc -> /Users/calum/Developer/Excelerator/dist/Excelerate.app/Contents/Resources/lib/python3.11/numpy/distutils/__pycache__/conv_template.cpython-311.pyc
copying file /Users/calum/Developer/Excelerator/env/lib/python3.11/site-packages/numpy/distutils/__pycache__/conv_template.cpython-310.pyc -> /Users/calum/Developer/Excelerator/dist/Excelerate.app/Contents/Resources/lib/python3.11/numpy/distutils/__pycache__/conv_template.cpython-310.pyc
copying file /Users/calum/Developer/Excelerator/env/lib/python3.11/site-packages/numpy/distutils/exec_command.py -> /Users/calum/Developer/Excelerator/dist/Excelerate.app/Contents/Resources/lib/python3.11/numpy/distutils/exec_command.py
copying file /Users/calum/Developer/Excelerator/env/lib/python3.11/site-packages/numpy/distutils/from_template.py -> /Users/calum/Developer/Excelerator/dist/Excelerate.app/Contents/Resources/lib/python3.11/numpy/distutils/from_template.py
copying file /Users/calum/Developer/Excelerator/env/lib/python3.11/site-packages/numpy/distutils/fujitsuccompiler.py -> /Users/calum/Developer/Excelerator/dist/Excelerate.app/Contents/Resources/lib/python3.11/numpy/distutils/fujitsuccompiler.py
copying file /Users/calum/Developer/Excelerator/env/lib/python3.11/site-packages/numpy/distutils/mingw32ccompiler.py -> /Users/calum/Developer/Excelerator/dist/Excelerate.app/Contents/Resources/lib/python3.11/numpy/distutils/mingw32ccompiler.py
creating /Users/calum/Developer/Excelerator/dist/Excelerate.app/Contents/Resources/lib/python3.11/numpy/distutils/mingw
copying file /Users/calum/Developer/Excelerator/env/lib/python3.11/site-packages/numpy/distutils/mingw/gfortran_vs2003_hack.c -> /Users/calum/Developer/Excelerator/dist/Excelerate.app/Contents/Resources/lib/python3.11/numpy/distutils/mingw/gfortran_vs2003_hack.c
creating /Users/calum/Developer/Excelerator/dist/Excelerate.app/Contents/Resources/lib/python3.11/numpy/distutils/fcompiler
copying file /Users/calum/Developer/Excelerator/env/lib/python3.11/site-packages/numpy/distutils/fcompiler/gnu.py -> /Users/calum/Developer/Excelerator/dist/Excelerate.app/Contents/Resources/lib/python3.11/numpy/distutils/fcompiler/gnu.py
copying file /Users/calum/Developer/Excelerator/env/lib/python3.11/site-packages/numpy/distutils/fcompiler/compaq.py -> /Users/calum/Developer/Excelerator/dist/Excelerate.app/Contents/Resources/lib/python3.11/numpy/distutils/fcompiler/compaq.py
copying file /Users/calum/Developer/Excelerator/env/lib/python3.11/site-packages/numpy/distutils/fcompiler/intel.py -> /Users/calum/Developer/Excelerator/dist/Excelerate.app/Contents/Resources/lib/python3.11/numpy/distutils/fcompiler/intel.py
copying file /Users/calum/Developer/Excelerator/env/lib/python3.11/site-packages/numpy/distutils/fcompiler/none.py -> /Users/calum/Developer/Excelerator/dist/Excelerate.app/Contents/Resources/lib/python3.11/numpy/distutils/fcompiler/none.py
copying file /Users/calum/Developer/Excelerator/env/lib/python3.11/site-packages/numpy/distutils/fcompiler/nag.py -> /Users/calum/Developer/Excelerator/dist/Excelerate.app/Contents/Resources/lib/python3.11/numpy/distutils/fcompiler/nag.py
copying file /Users/calum/Developer/Excelerator/env/lib/python3.11/site-packages/numpy/distutils/fcompiler/pg.py -> /Users/calum/Developer/Excelerator/dist/Excelerate.app/Contents/Resources/lib/python3.11/numpy/distutils/fcompiler/pg.py
copying file /Users/calum/Developer/Excelerator/env/lib/python3.11/site-packages/numpy/distutils/fcompiler/ibm.py -> /Users/calum/Developer/Excelerator/dist/Excelerate.app/Contents/Resources/lib/python3.11/numpy/distutils/fcompiler/ibm.py
copying file /Users/calum/Developer/Excelerator/env/lib/python3.11/site-packages/numpy/distutils/fcompiler/sun.py -> /Users/calum/Developer/Excelerator/dist/Excelerate.app/Contents/Resources/lib/python3.11/numpy/distutils/fcompiler/sun.py
copying file /Users/calum/Developer/Excelerator/env/lib/python3.11/site-packages/numpy/distutils/fcompiler/nv.py -> /Users/calum/Developer/Excelerator/dist/Excelerate.app/Contents/Resources/lib/python3.11/numpy/distutils/fcompiler/nv.py
copying file /Users/calum/Developer/Excelerator/env/lib/python3.11/site-packages/numpy/distutils/fcompiler/lahey.py -> /Users/calum/Developer/Excelerator/dist/Excelerate.app/Contents/Resources/lib/python3.11/numpy/distutils/fcompiler/lahey.py
copying file /Users/calum/Developer/Excelerator/env/lib/python3.11/site-packages/numpy/distutils/fcompiler/__init__.py -> /Users/calum/Developer/Excelerator/dist/Excelerate.app/Contents/Resources/lib/python3.11/numpy/distutils/fcompiler/__init__.py
copying file /Users/calum/Developer/Excelerator/env/lib/python3.11/site-packages/numpy/distutils/fcompiler/g95.py -> /Users/calum/Developer/Excelerator/dist/Excelerate.app/Contents/Resources/lib/python3.11/numpy/distutils/fcompiler/g95.py
creating /Users/calum/Developer/Excelerator/dist/Excelerate.app/Contents/Resources/lib/python3.11/numpy/distutils/fcompiler/__pycache__
copying file /Users/calum/Developer/Excelerator/env/lib/python3.11/site-packages/numpy/distutils/fcompiler/__pycache__/intel.cpython-311.pyc -> /Users/calum/Developer/Excelerator/dist/Excelerate.app/Contents/Resources/lib/python3.11/numpy/distutils/fcompiler/__pycache__/intel.cpython-311.pyc
copying file /Users/calum/Developer/Excelerator/env/lib/python3.11/site-packages/numpy/distutils/fcompiler/__pycache__/g95.cpython-311.pyc -> /Users/calum/Developer/Excelerator/dist/Excelerate.app/Contents/Resources/lib/python3.11/numpy/distutils/fcompiler/__pycache__/g95.cpython-311.pyc
copying file /Users/calum/Developer/Excelerator/env/lib/python3.11/site-packages/numpy/distutils/fcompiler/__pycache__/arm.cpython-311.pyc -> /Users/calum/Developer/Excelerator/dist/Excelerate.app/Contents/Resources/lib/python3.11/numpy/distutils/fcompiler/__pycache__/arm.cpython-311.pyc
copying file /Users/calum/Developer/Excelerator/env/lib/python3.11/site-packages/numpy/distutils/fcompiler/__pycache__/nv.cpython-311.pyc -> /Users/calum/Developer/Excelerator/dist/Excelerate.app/Contents/Resources/lib/python3.11/numpy/distutils/fcompiler/__pycache__/nv.cpython-311.pyc
copying file /Users/calum/Developer/Excelerator/env/lib/python3.11/site-packages/numpy/distutils/fcompiler/__pycache__/mips.cpython-311.pyc -> /Users/calum/Developer/Excelerator/dist/Excelerate.app/Contents/Resources/lib/python3.11/numpy/distutils/fcompiler/__pycache__/mips.cpython-311.pyc
copying file /Users/calum/Developer/Excelerator/env/lib/python3.11/site-packages/numpy/distutils/fcompiler/__pycache__/environment.cpython-311.pyc -> /Users/calum/Developer/Excelerator/dist/Excelerate.app/Contents/Resources/lib/python3.11/numpy/distutils/fcompiler/__pycache__/environment.cpython-311.pyc
copying file /Users/calum/Developer/Excelerator/env/lib/python3.11/site-packages/numpy/distutils/fcompiler/__pycache__/gnu.cpython-311.pyc -> /Users/calum/Developer/Excelerator/dist/Excelerate.app/Contents/Resources/lib/python3.11/numpy/distutils/fcompiler/__pycache__/gnu.cpython-311.pyc
copying file /Users/calum/Developer/Excelerator/env/lib/python3.11/site-packages/numpy/distutils/fcompiler/__pycache__/vast.cpython-311.pyc -> /Users/calum/Developer/Excelerator/dist/Excelerate.app/Contents/Resources/lib/python3.11/numpy/distutils/fcompiler/__pycache__/vast.cpython-311.pyc
copying file /Users/calum/Developer/Excelerator/env/lib/python3.11/site-packages/numpy/distutils/fcompiler/__pycache__/pg.cpython-311.pyc -> /Users/calum/Developer/Excelerator/dist/Excelerate.app/Contents/Resources/lib/python3.11/numpy/distutils/fcompiler/__pycache__/pg.cpython-311.pyc
copying file /Users/calum/Developer/Excelerator/env/lib/python3.11/site-packages/numpy/distutils/fcompiler/__pycache__/nag.cpython-311.pyc -> /Users/calum/Developer/Excelerator/dist/Excelerate.app/Contents/Resources/lib/python3.11/numpy/distutils/fcompiler/__pycache__/nag.cpython-311.pyc
copying file /Users/calum/Developer/Excelerator/env/lib/python3.11/site-packages/numpy/distutils/fcompiler/__pycache__/fujitsu.cpython-311.pyc -> /Users/calum/Developer/Excelerator/dist/Excelerate.app/Contents/Resources/lib/python3.11/numpy/distutils/fcompiler/__pycache__/fujitsu.cpython-311.pyc
copying file /Users/calum/Developer/Excelerator/env/lib/python3.11/site-packages/numpy/distutils/fcompiler/__pycache__/sun.cpython-311.pyc -> /Users/calum/Developer/Excelerator/dist/Excelerate.app/Contents/Resources/lib/python3.11/numpy/distutils/fcompiler/__pycache__/sun.cpython-311.pyc
copying file /Users/calum/Developer/Excelerator/env/lib/python3.11/site-packages/numpy/distutils/fcompiler/__pycache__/lahey.cpython-311.pyc -> /Users/calum/Developer/Excelerator/dist/Excelerate.app/Contents/Resources/lib/python3.11/numpy/distutils/fcompiler/__pycache__/lahey.cpython-311.pyc
copying file /Users/calum/Developer/Excelerator/env/lib/python3.11/site-packages/numpy/distutils/fcompiler/__pycache__/hpux.cpython-311.pyc -> /Users/calum/Developer/Excelerator/dist/Excelerate.app/Contents/Resources/lib/python3.11/numpy/distutils/fcompiler/__pycache__/hpux.cpython-311.pyc
copying file /Users/calum/Developer/Excelerator/env/lib/python3.11/site-packages/numpy/distutils/fcompiler/__pycache__/compaq.cpython-311.pyc -> /Users/calum/Developer/Excelerator/dist/Excelerate.app/Contents/Resources/lib/python3.11/numpy/distutils/fcompiler/__pycache__/compaq.cpython-311.pyc
copying file /Users/calum/Developer/Excelerator/env/lib/python3.11/site-packages/numpy/distutils/fcompiler/__pycache__/pathf95.cpython-311.pyc -> /Users/calum/Developer/Excelerator/dist/Excelerate.app/Contents/Resources/lib/python3.11/numpy/distutils/fcompiler/__pycache__/pathf95.cpython-311.pyc
copying file /Users/calum/Developer/Excelerator/env/lib/python3.11/site-packages/numpy/distutils/fcompiler/__pycache__/none.cpython-311.pyc -> /Users/calum/Developer/Excelerator/dist/Excelerate.app/Contents/Resources/lib/python3.11/numpy/distutils/fcompiler/__pycache__/none.cpython-311.pyc
copying file /Users/calum/Developer/Excelerator/env/lib/python3.11/site-packages/numpy/distutils/fcompiler/__pycache__/ibm.cpython-311.pyc -> /Users/calum/Developer/Excelerator/dist/Excelerate.app/Contents/Resources/lib/python3.11/numpy/distutils/fcompiler/__pycache__/ibm.cpython-311.pyc
copying file /Users/calum/Developer/Excelerator/env/lib/python3.11/site-packages/numpy/distutils/fcompiler/__pycache__/__init__.cpython-311.pyc -> /Users/calum/Developer/Excelerator/dist/Excelerate.app/Contents/Resources/lib/python3.11/numpy/distutils/fcompiler/__pycache__/__init__.cpython-311.pyc
copying file /Users/calum/Developer/Excelerator/env/lib/python3.11/site-packages/numpy/distutils/fcompiler/__pycache__/absoft.cpython-311.pyc -> /Users/calum/Developer/Excelerator/dist/Excelerate.app/Contents/Resources/lib/python3.11/numpy/distutils/fcompiler/__pycache__/absoft.cpython-311.pyc
copying file /Users/calum/Developer/Excelerator/env/lib/python3.11/site-packages/numpy/distutils/fcompiler/arm.py -> /Users/calum/Developer/Excelerator/dist/Excelerate.app/Contents/Resources/lib/python3.11/numpy/distutils/fcompiler/arm.py
copying file /Users/calum/Developer/Excelerator/env/lib/python3.11/site-packages/numpy/distutils/fcompiler/mips.py -> /Users/calum/Developer/Excelerator/dist/Excelerate.app/Contents/Resources/lib/python3.11/numpy/distutils/fcompiler/mips.py
copying file /Users/calum/Developer/Excelerator/env/lib/python3.11/site-packages/numpy/distutils/fcompiler/hpux.py -> /Users/calum/Developer/Excelerator/dist/Excelerate.app/Contents/Resources/lib/python3.11/numpy/distutils/fcompiler/hpux.py
copying file /Users/calum/Developer/Excelerator/env/lib/python3.11/site-packages/numpy/distutils/fcompiler/environment.py -> /Users/calum/Developer/Excelerator/dist/Excelerate.app/Contents/Resources/lib/python3.11/numpy/distutils/fcompiler/environment.py
copying file /Users/calum/Developer/Excelerator/env/lib/python3.11/site-packages/numpy/distutils/fcompiler/pathf95.py -> /Users/calum/Developer/Excelerator/dist/Excelerate.app/Contents/Resources/lib/python3.11/numpy/distutils/fcompiler/pathf95.py
copying file /Users/calum/Developer/Excelerator/env/lib/python3.11/site-packages/numpy/distutils/fcompiler/fujitsu.py -> /Users/calum/Developer/Excelerator/dist/Excelerate.app/Contents/Resources/lib/python3.11/numpy/distutils/fcompiler/fujitsu.py
copying file /Users/calum/Developer/Excelerator/env/lib/python3.11/site-packages/numpy/distutils/fcompiler/absoft.py -> /Users/calum/Developer/Excelerator/dist/Excelerate.app/Contents/Resources/lib/python3.11/numpy/distutils/fcompiler/absoft.py
copying file /Users/calum/Developer/Excelerator/env/lib/python3.11/site-packages/numpy/distutils/fcompiler/vast.py -> /Users/calum/Developer/Excelerator/dist/Excelerate.app/Contents/Resources/lib/python3.11/numpy/distutils/fcompiler/vast.py
copying file /Users/calum/Developer/Excelerator/env/lib/python3.11/site-packages/numpy/distutils/setup.py -> /Users/calum/Developer/Excelerator/dist/Excelerate.app/Contents/Resources/lib/python3.11/numpy/distutils/setup.py
copying file /Users/calum/Developer/Excelerator/env/lib/python3.11/site-packages/numpy/distutils/extension.py -> /Users/calum/Developer/Excelerator/dist/Excelerate.app/Contents/Resources/lib/python3.11/numpy/distutils/extension.py
copying file /Users/calum/Developer/Excelerator/env/lib/python3.11/site-packages/numpy/distutils/msvccompiler.py -> /Users/calum/Developer/Excelerator/dist/Excelerate.app/Contents/Resources/lib/python3.11/numpy/distutils/msvccompiler.py
copying file /Users/calum/Developer/Excelerator/env/lib/python3.11/site-packages/numpy/distutils/armccompiler.py -> /Users/calum/Developer/Excelerator/dist/Excelerate.app/Contents/Resources/lib/python3.11/numpy/distutils/armccompiler.py
copying file /Users/calum/Developer/Excelerator/env/lib/python3.11/site-packages/numpy/distutils/intelccompiler.py -> /Users/calum/Developer/Excelerator/dist/Excelerate.app/Contents/Resources/lib/python3.11/numpy/distutils/intelccompiler.py
creating /Users/calum/Developer/Excelerator/dist/Excelerate.app/Contents/Resources/lib/python3.11/numpy/distutils/command
copying file /Users/calum/Developer/Excelerator/env/lib/python3.11/site-packages/numpy/distutils/command/build.py -> /Users/calum/Developer/Excelerator/dist/Excelerate.app/Contents/Resources/lib/python3.11/numpy/distutils/command/build.py
copying file /Users/calum/Developer/Excelerator/env/lib/python3.11/site-packages/numpy/distutils/command/config_compiler.py -> /Users/calum/Developer/Excelerator/dist/Excelerate.app/Contents/Resources/lib/python3.11/numpy/distutils/command/config_compiler.py
copying file /Users/calum/Developer/Excelerator/env/lib/python3.11/site-packages/numpy/distutils/command/build_ext.py -> /Users/calum/Developer/Excelerator/dist/Excelerate.app/Contents/Resources/lib/python3.11/numpy/distutils/command/build_ext.py
copying file /Users/calum/Developer/Excelerator/env/lib/python3.11/site-packages/numpy/distutils/command/config.py -> /Users/calum/Developer/Excelerator/dist/Excelerate.app/Contents/Resources/lib/python3.11/numpy/distutils/command/config.py
copying file /Users/calum/Developer/Excelerator/env/lib/python3.11/site-packages/numpy/distutils/command/install_headers.py -> /Users/calum/Developer/Excelerator/dist/Excelerate.app/Contents/Resources/lib/python3.11/numpy/distutils/command/install_headers.py
copying file /Users/calum/Developer/Excelerator/env/lib/python3.11/site-packages/numpy/distutils/command/build_py.py -> /Users/calum/Developer/Excelerator/dist/Excelerate.app/Contents/Resources/lib/python3.11/numpy/distutils/command/build_py.py
copying file /Users/calum/Developer/Excelerator/env/lib/python3.11/site-packages/numpy/distutils/command/build_src.py -> /Users/calum/Developer/Excelerator/dist/Excelerate.app/Contents/Resources/lib/python3.11/numpy/distutils/command/build_src.py
copying file /Users/calum/Developer/Excelerator/env/lib/python3.11/site-packages/numpy/distutils/command/__init__.py -> /Users/calum/Developer/Excelerator/dist/Excelerate.app/Contents/Resources/lib/python3.11/numpy/distutils/command/__init__.py
creating /Users/calum/Developer/Excelerator/dist/Excelerate.app/Contents/Resources/lib/python3.11/numpy/distutils/command/__pycache__
copying file /Users/calum/Developer/Excelerator/env/lib/python3.11/site-packages/numpy/distutils/command/__pycache__/build_src.cpython-311.pyc -> /Users/calum/Developer/Excelerator/dist/Excelerate.app/Contents/Resources/lib/python3.11/numpy/distutils/command/__pycache__/build_src.cpython-311.pyc
copying file /Users/calum/Developer/Excelerator/env/lib/python3.11/site-packages/numpy/distutils/command/__pycache__/install_headers.cpython-311.pyc -> /Users/calum/Developer/Excelerator/dist/Excelerate.app/Contents/Resources/lib/python3.11/numpy/distutils/command/__pycache__/install_headers.cpython-311.pyc
copying file /Users/calum/Developer/Excelerator/env/lib/python3.11/site-packages/numpy/distutils/command/__pycache__/develop.cpython-311.pyc -> /Users/calum/Developer/Excelerator/dist/Excelerate.app/Contents/Resources/lib/python3.11/numpy/distutils/command/__pycache__/develop.cpython-311.pyc
copying file /Users/calum/Developer/Excelerator/env/lib/python3.11/site-packages/numpy/distutils/command/__pycache__/autodist.cpython-311.pyc -> /Users/calum/Developer/Excelerator/dist/Excelerate.app/Contents/Resources/lib/python3.11/numpy/distutils/command/__pycache__/autodist.cpython-311.pyc
copying file /Users/calum/Developer/Excelerator/env/lib/python3.11/site-packages/numpy/distutils/command/__pycache__/build_clib.cpython-311.pyc -> /Users/calum/Developer/Excelerator/dist/Excelerate.app/Contents/Resources/lib/python3.11/numpy/distutils/command/__pycache__/build_clib.cpython-311.pyc
copying file /Users/calum/Developer/Excelerator/env/lib/python3.11/site-packages/numpy/distutils/command/__pycache__/install_clib.cpython-311.pyc -> /Users/calum/Developer/Excelerator/dist/Excelerate.app/Contents/Resources/lib/python3.11/numpy/distutils/command/__pycache__/install_clib.cpython-311.pyc
copying file /Users/calum/Developer/Excelerator/env/lib/python3.11/site-packages/numpy/distutils/command/__pycache__/config.cpython-311.pyc -> /Users/calum/Developer/Excelerator/dist/Excelerate.app/Contents/Resources/lib/python3.11/numpy/distutils/command/__pycache__/config.cpython-311.pyc
copying file /Users/calum/Developer/Excelerator/env/lib/python3.11/site-packages/numpy/distutils/command/__pycache__/install_data.cpython-311.pyc -> /Users/calum/Developer/Excelerator/dist/Excelerate.app/Contents/Resources/lib/python3.11/numpy/distutils/command/__pycache__/install_data.cpython-311.pyc
copying file /Users/calum/Developer/Excelerator/env/lib/python3.11/site-packages/numpy/distutils/command/__pycache__/bdist_rpm.cpython-311.pyc -> /Users/calum/Developer/Excelerator/dist/Excelerate.app/Contents/Resources/lib/python3.11/numpy/distutils/command/__pycache__/bdist_rpm.cpython-311.pyc
copying file /Users/calum/Developer/Excelerator/env/lib/python3.11/site-packages/numpy/distutils/command/__pycache__/build_ext.cpython-311.pyc -> /Users/calum/Developer/Excelerator/dist/Excelerate.app/Contents/Resources/lib/python3.11/numpy/distutils/command/__pycache__/build_ext.cpython-311.pyc
copying file /Users/calum/Developer/Excelerator/env/lib/python3.11/site-packages/numpy/distutils/command/__pycache__/build.cpython-311.pyc -> /Users/calum/Developer/Excelerator/dist/Excelerate.app/Contents/Resources/lib/python3.11/numpy/distutils/command/__pycache__/build.cpython-311.pyc
copying file /Users/calum/Developer/Excelerator/env/lib/python3.11/site-packages/numpy/distutils/command/__pycache__/install.cpython-311.pyc -> /Users/calum/Developer/Excelerator/dist/Excelerate.app/Contents/Resources/lib/python3.11/numpy/distutils/command/__pycache__/install.cpython-311.pyc
copying file /Users/calum/Developer/Excelerator/env/lib/python3.11/site-packages/numpy/distutils/command/__pycache__/egg_info.cpython-311.pyc -> /Users/calum/Developer/Excelerator/dist/Excelerate.app/Contents/Resources/lib/python3.11/numpy/distutils/command/__pycache__/egg_info.cpython-311.pyc
copying file /Users/calum/Developer/Excelerator/env/lib/python3.11/site-packages/numpy/distutils/command/__pycache__/build_py.cpython-311.pyc -> /Users/calum/Developer/Excelerator/dist/Excelerate.app/Contents/Resources/lib/python3.11/numpy/distutils/command/__pycache__/build_py.cpython-311.pyc
copying file /Users/calum/Developer/Excelerator/env/lib/python3.11/site-packages/numpy/distutils/command/__pycache__/config_compiler.cpython-311.pyc -> /Users/calum/Developer/Excelerator/dist/Excelerate.app/Contents/Resources/lib/python3.11/numpy/distutils/command/__pycache__/config_compiler.cpython-311.pyc
copying file /Users/calum/Developer/Excelerator/env/lib/python3.11/site-packages/numpy/distutils/command/__pycache__/__init__.cpython-311.pyc -> /Users/calum/Developer/Excelerator/dist/Excelerate.app/Contents/Resources/lib/python3.11/numpy/distutils/command/__pycache__/__init__.cpython-311.pyc
copying file /Users/calum/Developer/Excelerator/env/lib/python3.11/site-packages/numpy/distutils/command/__pycache__/build_scripts.cpython-311.pyc -> /Users/calum/Developer/Excelerator/dist/Excelerate.app/Contents/Resources/lib/python3.11/numpy/distutils/command/__pycache__/build_scripts.cpython-311.pyc
copying file /Users/calum/Developer/Excelerator/env/lib/python3.11/site-packages/numpy/distutils/command/__pycache__/sdist.cpython-311.pyc -> /Users/calum/Developer/Excelerator/dist/Excelerate.app/Contents/Resources/lib/python3.11/numpy/distutils/command/__pycache__/sdist.cpython-311.pyc
copying file /Users/calum/Developer/Excelerator/env/lib/python3.11/site-packages/numpy/distutils/command/sdist.py -> /Users/calum/Developer/Excelerator/dist/Excelerate.app/Contents/Resources/lib/python3.11/numpy/distutils/command/sdist.py
copying file /Users/calum/Developer/Excelerator/env/lib/python3.11/site-packages/numpy/distutils/command/build_scripts.py -> /Users/calum/Developer/Excelerator/dist/Excelerate.app/Contents/Resources/lib/python3.11/numpy/distutils/command/build_scripts.py
copying file /Users/calum/Developer/Excelerator/env/lib/python3.11/site-packages/numpy/distutils/command/bdist_rpm.py -> /Users/calum/Developer/Excelerator/dist/Excelerate.app/Contents/Resources/lib/python3.11/numpy/distutils/command/bdist_rpm.py
copying file /Users/calum/Developer/Excelerator/env/lib/python3.11/site-packages/numpy/distutils/command/install_clib.py -> /Users/calum/Developer/Excelerator/dist/Excelerate.app/Contents/Resources/lib/python3.11/numpy/distutils/command/install_clib.py
copying file /Users/calum/Developer/Excelerator/env/lib/python3.11/site-packages/numpy/distutils/command/build_clib.py -> /Users/calum/Developer/Excelerator/dist/Excelerate.app/Contents/Resources/lib/python3.11/numpy/distutils/command/build_clib.py
copying file /Users/calum/Developer/Excelerator/env/lib/python3.11/site-packages/numpy/distutils/command/autodist.py -> /Users/calum/Developer/Excelerator/dist/Excelerate.app/Contents/Resources/lib/python3.11/numpy/distutils/command/autodist.py
copying file /Users/calum/Developer/Excelerator/env/lib/python3.11/site-packages/numpy/distutils/command/egg_info.py -> /Users/calum/Developer/Excelerator/dist/Excelerate.app/Contents/Resources/lib/python3.11/numpy/distutils/command/egg_info.py
copying file /Users/calum/Developer/Excelerator/env/lib/python3.11/site-packages/numpy/distutils/command/install.py -> /Users/calum/Developer/Excelerator/dist/Excelerate.app/Contents/Resources/lib/python3.11/numpy/distutils/command/install.py
copying file /Users/calum/Developer/Excelerator/env/lib/python3.11/site-packages/numpy/distutils/command/develop.py -> /Users/calum/Developer/Excelerator/dist/Excelerate.app/Contents/Resources/lib/python3.11/numpy/distutils/command/develop.py
copying file /Users/calum/Developer/Excelerator/env/lib/python3.11/site-packages/numpy/distutils/command/install_data.py -> /Users/calum/Developer/Excelerator/dist/Excelerate.app/Contents/Resources/lib/python3.11/numpy/distutils/command/install_data.py
copying file /Users/calum/Developer/Excelerator/env/lib/python3.11/site-packages/numpy/distutils/_shell_utils.py -> /Users/calum/Developer/Excelerator/dist/Excelerate.app/Contents/Resources/lib/python3.11/numpy/distutils/_shell_utils.py
copying file /Users/calum/Developer/Excelerator/env/lib/python3.11/site-packages/numpy/distutils/ccompiler_opt.py -> /Users/calum/Developer/Excelerator/dist/Excelerate.app/Contents/Resources/lib/python3.11/numpy/distutils/ccompiler_opt.py
creating /Users/calum/Developer/Excelerator/dist/Excelerate.app/Contents/Resources/lib/python3.11/numpy/_utils
copying file /Users/calum/Developer/Excelerator/env/lib/python3.11/site-packages/numpy/_utils/_pep440.py -> /Users/calum/Developer/Excelerator/dist/Excelerate.app/Contents/Resources/lib/python3.11/numpy/_utils/_pep440.py
copying file /Users/calum/Developer/Excelerator/env/lib/python3.11/site-packages/numpy/_utils/__init__.py -> /Users/calum/Developer/Excelerator/dist/Excelerate.app/Contents/Resources/lib/python3.11/numpy/_utils/__init__.py
creating /Users/calum/Developer/Excelerator/dist/Excelerate.app/Contents/Resources/lib/python3.11/numpy/_utils/__pycache__
copying file /Users/calum/Developer/Excelerator/env/lib/python3.11/site-packages/numpy/_utils/__pycache__/_pep440.cpython-311.pyc -> /Users/calum/Developer/Excelerator/dist/Excelerate.app/Contents/Resources/lib/python3.11/numpy/_utils/__pycache__/_pep440.cpython-311.pyc
copying file /Users/calum/Developer/Excelerator/env/lib/python3.11/site-packages/numpy/_utils/__pycache__/_inspect.cpython-311.pyc -> /Users/calum/Developer/Excelerator/dist/Excelerate.app/Contents/Resources/lib/python3.11/numpy/_utils/__pycache__/_inspect.cpython-311.pyc
copying file /Users/calum/Developer/Excelerator/env/lib/python3.11/site-packages/numpy/_utils/__pycache__/_convertions.cpython-311.pyc -> /Users/calum/Developer/Excelerator/dist/Excelerate.app/Contents/Resources/lib/python3.11/numpy/_utils/__pycache__/_convertions.cpython-311.pyc
copying file /Users/calum/Developer/Excelerator/env/lib/python3.11/site-packages/numpy/_utils/__pycache__/__init__.cpython-311.pyc -> /Users/calum/Developer/Excelerator/dist/Excelerate.app/Contents/Resources/lib/python3.11/numpy/_utils/__pycache__/__init__.cpython-311.pyc
copying file /Users/calum/Developer/Excelerator/env/lib/python3.11/site-packages/numpy/_utils/_convertions.py -> /Users/calum/Developer/Excelerator/dist/Excelerate.app/Contents/Resources/lib/python3.11/numpy/_utils/_convertions.py
copying file /Users/calum/Developer/Excelerator/env/lib/python3.11/site-packages/numpy/_utils/_inspect.py -> /Users/calum/Developer/Excelerator/dist/Excelerate.app/Contents/Resources/lib/python3.11/numpy/_utils/_inspect.py
copying file /Users/calum/Developer/Excelerator/env/lib/python3.11/site-packages/numpy/_pytesttester.pyi -> /Users/calum/Developer/Excelerator/dist/Excelerate.app/Contents/Resources/lib/python3.11/numpy/_pytesttester.pyi
copying file /Users/calum/Developer/Excelerator/env/lib/python3.11/site-packages/numpy/ctypeslib.pyi -> /Users/calum/Developer/Excelerator/dist/Excelerate.app/Contents/Resources/lib/python3.11/numpy/ctypeslib.pyi
copying file /Users/calum/Developer/Excelerator/env/lib/python3.11/site-packages/numpy/conftest.py -> /Users/calum/Developer/Excelerator/dist/Excelerate.app/Contents/Resources/lib/python3.11/numpy/conftest.py
creating /Users/calum/Developer/Excelerator/dist/Excelerate.app/Contents/Resources/lib/python3.11/numpy/compat
copying file /Users/calum/Developer/Excelerator/env/lib/python3.11/site-packages/numpy/compat/py3k.py -> /Users/calum/Developer/Excelerator/dist/Excelerate.app/Contents/Resources/lib/python3.11/numpy/compat/py3k.py
creating /Users/calum/Developer/Excelerator/dist/Excelerate.app/Contents/Resources/lib/python3.11/numpy/compat/tests
copying file /Users/calum/Developer/Excelerator/env/lib/python3.11/site-packages/numpy/compat/tests/__init__.py -> /Users/calum/Developer/Excelerator/dist/Excelerate.app/Contents/Resources/lib/python3.11/numpy/compat/tests/__init__.py
creating /Users/calum/Developer/Excelerator/dist/Excelerate.app/Contents/Resources/lib/python3.11/numpy/compat/tests/__pycache__
copying file /Users/calum/Developer/Excelerator/env/lib/python3.11/site-packages/numpy/compat/tests/__pycache__/test_compat.cpython-311.pyc -> /Users/calum/Developer/Excelerator/dist/Excelerate.app/Contents/Resources/lib/python3.11/numpy/compat/tests/__pycache__/test_compat.cpython-311.pyc
copying file /Users/calum/Developer/Excelerator/env/lib/python3.11/site-packages/numpy/compat/tests/__pycache__/__init__.cpython-311.pyc -> /Users/calum/Developer/Excelerator/dist/Excelerate.app/Contents/Resources/lib/python3.11/numpy/compat/tests/__pycache__/__init__.cpython-311.pyc
copying file /Users/calum/Developer/Excelerator/env/lib/python3.11/site-packages/numpy/compat/tests/test_compat.py -> /Users/calum/Developer/Excelerator/dist/Excelerate.app/Contents/Resources/lib/python3.11/numpy/compat/tests/test_compat.py
copying file /Users/calum/Developer/Excelerator/env/lib/python3.11/site-packages/numpy/compat/__init__.py -> /Users/calum/Developer/Excelerator/dist/Excelerate.app/Contents/Resources/lib/python3.11/numpy/compat/__init__.py
creating /Users/calum/Developer/Excelerator/dist/Excelerate.app/Contents/Resources/lib/python3.11/numpy/compat/__pycache__
copying file /Users/calum/Developer/Excelerator/env/lib/python3.11/site-packages/numpy/compat/__pycache__/setup.cpython-311.pyc -> /Users/calum/Developer/Excelerator/dist/Excelerate.app/Contents/Resources/lib/python3.11/numpy/compat/__pycache__/setup.cpython-311.pyc
copying file /Users/calum/Developer/Excelerator/env/lib/python3.11/site-packages/numpy/compat/__pycache__/py3k.cpython-311.pyc -> /Users/calum/Developer/Excelerator/dist/Excelerate.app/Contents/Resources/lib/python3.11/numpy/compat/__pycache__/py3k.cpython-311.pyc
copying file /Users/calum/Developer/Excelerator/env/lib/python3.11/site-packages/numpy/compat/__pycache__/__init__.cpython-311.pyc -> /Users/calum/Developer/Excelerator/dist/Excelerate.app/Contents/Resources/lib/python3.11/numpy/compat/__pycache__/__init__.cpython-311.pyc
copying file /Users/calum/Developer/Excelerator/env/lib/python3.11/site-packages/numpy/compat/setup.py -> /Users/calum/Developer/Excelerator/dist/Excelerate.app/Contents/Resources/lib/python3.11/numpy/compat/setup.py
copying file /Users/calum/Developer/Excelerator/env/lib/python3.11/site-packages/numpy/dtypes.pyi -> /Users/calum/Developer/Excelerator/dist/Excelerate.app/Contents/Resources/lib/python3.11/numpy/dtypes.pyi
creating /Users/calum/Developer/Excelerator/dist/Excelerate.app/Contents/Resources/lib/python3.11/numpy/core
copying file /Users/calum/Developer/Excelerator/env/lib/python3.11/site-packages/numpy/core/umath.py -> /Users/calum/Developer/Excelerator/dist/Excelerate.app/Contents/Resources/lib/python3.11/numpy/core/umath.py
copying file /Users/calum/Developer/Excelerator/env/lib/python3.11/site-packages/numpy/core/fromnumeric.py -> /Users/calum/Developer/Excelerator/dist/Excelerate.app/Contents/Resources/lib/python3.11/numpy/core/fromnumeric.py
copying file /Users/calum/Developer/Excelerator/env/lib/python3.11/site-packages/numpy/core/numeric.pyi -> /Users/calum/Developer/Excelerator/dist/Excelerate.app/Contents/Resources/lib/python3.11/numpy/core/numeric.pyi
copying file /Users/calum/Developer/Excelerator/env/lib/python3.11/site-packages/numpy/core/_dtype.py -> /Users/calum/Developer/Excelerator/dist/Excelerate.app/Contents/Resources/lib/python3.11/numpy/core/_dtype.py
copying file /Users/calum/Developer/Excelerator/env/lib/python3.11/site-packages/numpy/core/getlimits.pyi -> /Users/calum/Developer/Excelerator/dist/Excelerate.app/Contents/Resources/lib/python3.11/numpy/core/getlimits.pyi
copying file /Users/calum/Developer/Excelerator/env/lib/python3.11/site-packages/numpy/core/_add_newdocs.py -> /Users/calum/Developer/Excelerator/dist/Excelerate.app/Contents/Resources/lib/python3.11/numpy/core/_add_newdocs.py
copying file /Users/calum/Developer/Excelerator/env/lib/python3.11/site-packages/numpy/core/_multiarray_umath.cpython-311-darwin.so -> /Users/calum/Developer/Excelerator/dist/Excelerate.app/Contents/Resources/lib/python3.11/numpy/core/_multiarray_umath.cpython-311-darwin.so
copying file /Users/calum/Developer/Excelerator/env/lib/python3.11/site-packages/numpy/core/defchararray.pyi -> /Users/calum/Developer/Excelerator/dist/Excelerate.app/Contents/Resources/lib/python3.11/numpy/core/defchararray.pyi
copying file /Users/calum/Developer/Excelerator/env/lib/python3.11/site-packages/numpy/core/_methods.py -> /Users/calum/Developer/Excelerator/dist/Excelerate.app/Contents/Resources/lib/python3.11/numpy/core/_methods.py
copying file /Users/calum/Developer/Excelerator/env/lib/python3.11/site-packages/numpy/core/_internal.py -> /Users/calum/Developer/Excelerator/dist/Excelerate.app/Contents/Resources/lib/python3.11/numpy/core/_internal.py
copying file /Users/calum/Developer/Excelerator/env/lib/python3.11/site-packages/numpy/core/_simd.cpython-311-darwin.so -> /Users/calum/Developer/Excelerator/dist/Excelerate.app/Contents/Resources/lib/python3.11/numpy/core/_simd.cpython-311-darwin.so
copying file /Users/calum/Developer/Excelerator/env/lib/python3.11/site-packages/numpy/core/function_base.pyi -> /Users/calum/Developer/Excelerator/dist/Excelerate.app/Contents/Resources/lib/python3.11/numpy/core/function_base.pyi
copying file /Users/calum/Developer/Excelerator/env/lib/python3.11/site-packages/numpy/core/__init__.pyi -> /Users/calum/Developer/Excelerator/dist/Excelerate.app/Contents/Resources/lib/python3.11/numpy/core/__init__.pyi
copying file /Users/calum/Developer/Excelerator/env/lib/python3.11/site-packages/numpy/core/_string_helpers.py -> /Users/calum/Developer/Excelerator/dist/Excelerate.app/Contents/Resources/lib/python3.11/numpy/core/_string_helpers.py
copying file /Users/calum/Developer/Excelerator/env/lib/python3.11/site-packages/numpy/core/multiarray.py -> /Users/calum/Developer/Excelerator/dist/Excelerate.app/Contents/Resources/lib/python3.11/numpy/core/multiarray.py
copying file /Users/calum/Developer/Excelerator/env/lib/python3.11/site-packages/numpy/core/_asarray.py -> /Users/calum/Developer/Excelerator/dist/Excelerate.app/Contents/Resources/lib/python3.11/numpy/core/_asarray.py
creating /Users/calum/Developer/Excelerator/dist/Excelerate.app/Contents/Resources/lib/python3.11/numpy/core/include
creating /Users/calum/Developer/Excelerator/dist/Excelerate.app/Contents/Resources/lib/python3.11/numpy/core/include/numpy
copying file /Users/calum/Developer/Excelerator/env/lib/python3.11/site-packages/numpy/core/include/numpy/ndarrayobject.h -> /Users/calum/Developer/Excelerator/dist/Excelerate.app/Contents/Resources/lib/python3.11/numpy/core/include/numpy/ndarrayobject.h
copying file /Users/calum/Developer/Excelerator/env/lib/python3.11/site-packages/numpy/core/include/numpy/utils.h -> /Users/calum/Developer/Excelerator/dist/Excelerate.app/Contents/Resources/lib/python3.11/numpy/core/include/numpy/utils.h
copying file /Users/calum/Developer/Excelerator/env/lib/python3.11/site-packages/numpy/core/include/numpy/__multiarray_api.h -> /Users/calum/Developer/Excelerator/dist/Excelerate.app/Contents/Resources/lib/python3.11/numpy/core/include/numpy/__multiarray_api.h
copying file /Users/calum/Developer/Excelerator/env/lib/python3.11/site-packages/numpy/core/include/numpy/npy_1_7_deprecated_api.h -> /Users/calum/Developer/Excelerator/dist/Excelerate.app/Contents/Resources/lib/python3.11/numpy/core/include/numpy/npy_1_7_deprecated_api.h
copying file /Users/calum/Developer/Excelerator/env/lib/python3.11/site-packages/numpy/core/include/numpy/experimental_dtype_api.h -> /Users/calum/Developer/Excelerator/dist/Excelerate.app/Contents/Resources/lib/python3.11/numpy/core/include/numpy/experimental_dtype_api.h
copying file /Users/calum/Developer/Excelerator/env/lib/python3.11/site-packages/numpy/core/include/numpy/old_defines.h -> /Users/calum/Developer/Excelerator/dist/Excelerate.app/Contents/Resources/lib/python3.11/numpy/core/include/numpy/old_defines.h
copying file /Users/calum/Developer/Excelerator/env/lib/python3.11/site-packages/numpy/core/include/numpy/ufuncobject.h -> /Users/calum/Developer/Excelerator/dist/Excelerate.app/Contents/Resources/lib/python3.11/numpy/core/include/numpy/ufuncobject.h
copying file /Users/calum/Developer/Excelerator/env/lib/python3.11/site-packages/numpy/core/include/numpy/npy_common.h -> /Users/calum/Developer/Excelerator/dist/Excelerate.app/Contents/Resources/lib/python3.11/numpy/core/include/numpy/npy_common.h
copying file /Users/calum/Developer/Excelerator/env/lib/python3.11/site-packages/numpy/core/include/numpy/npy_cpu.h -> /Users/calum/Developer/Excelerator/dist/Excelerate.app/Contents/Resources/lib/python3.11/numpy/core/include/numpy/npy_cpu.h
copying file /Users/calum/Developer/Excelerator/env/lib/python3.11/site-packages/numpy/core/include/numpy/__ufunc_api.c -> /Users/calum/Developer/Excelerator/dist/Excelerate.app/Contents/Resources/lib/python3.11/numpy/core/include/numpy/__ufunc_api.c
copying file /Users/calum/Developer/Excelerator/env/lib/python3.11/site-packages/numpy/core/include/numpy/ndarraytypes.h -> /Users/calum/Developer/Excelerator/dist/Excelerate.app/Contents/Resources/lib/python3.11/numpy/core/include/numpy/ndarraytypes.h
copying file /Users/calum/Developer/Excelerator/env/lib/python3.11/site-packages/numpy/core/include/numpy/npy_no_deprecated_api.h -> /Users/calum/Developer/Excelerator/dist/Excelerate.app/Contents/Resources/lib/python3.11/numpy/core/include/numpy/npy_no_deprecated_api.h
copying file /Users/calum/Developer/Excelerator/env/lib/python3.11/site-packages/numpy/core/include/numpy/__multiarray_api.c -> /Users/calum/Developer/Excelerator/dist/Excelerate.app/Contents/Resources/lib/python3.11/numpy/core/include/numpy/__multiarray_api.c
copying file /Users/calum/Developer/Excelerator/env/lib/python3.11/site-packages/numpy/core/include/numpy/npy_3kcompat.h -> /Users/calum/Developer/Excelerator/dist/Excelerate.app/Contents/Resources/lib/python3.11/numpy/core/include/numpy/npy_3kcompat.h
copying file /Users/calum/Developer/Excelerator/env/lib/python3.11/site-packages/numpy/core/include/numpy/npy_os.h -> /Users/calum/Developer/Excelerator/dist/Excelerate.app/Contents/Resources/lib/python3.11/numpy/core/include/numpy/npy_os.h
copying file /Users/calum/Developer/Excelerator/env/lib/python3.11/site-packages/numpy/core/include/numpy/npy_endian.h -> /Users/calum/Developer/Excelerator/dist/Excelerate.app/Contents/Resources/lib/python3.11/numpy/core/include/numpy/npy_endian.h
copying file /Users/calum/Developer/Excelerator/env/lib/python3.11/site-packages/numpy/core/include/numpy/npy_interrupt.h -> /Users/calum/Developer/Excelerator/dist/Excelerate.app/Contents/Resources/lib/python3.11/numpy/core/include/numpy/npy_interrupt.h
copying file /Users/calum/Developer/Excelerator/env/lib/python3.11/site-packages/numpy/core/include/numpy/_numpyconfig.h -> /Users/calum/Developer/Excelerator/dist/Excelerate.app/Contents/Resources/lib/python3.11/numpy/core/include/numpy/_numpyconfig.h
copying file /Users/calum/Developer/Excelerator/env/lib/python3.11/site-packages/numpy/core/include/numpy/_neighborhood_iterator_imp.h -> /Users/calum/Developer/Excelerator/dist/Excelerate.app/Contents/Resources/lib/python3.11/numpy/core/include/numpy/_neighborhood_iterator_imp.h
copying file /Users/calum/Developer/Excelerator/env/lib/python3.11/site-packages/numpy/core/include/numpy/numpyconfig.h -> /Users/calum/Developer/Excelerator/dist/Excelerate.app/Contents/Resources/lib/python3.11/numpy/core/include/numpy/numpyconfig.h
copying file /Users/calum/Developer/Excelerator/env/lib/python3.11/site-packages/numpy/core/include/numpy/__ufunc_api.h -> /Users/calum/Developer/Excelerator/dist/Excelerate.app/Contents/Resources/lib/python3.11/numpy/core/include/numpy/__ufunc_api.h
copying file /Users/calum/Developer/Excelerator/env/lib/python3.11/site-packages/numpy/core/include/numpy/arrayscalars.h -> /Users/calum/Developer/Excelerator/dist/Excelerate.app/Contents/Resources/lib/python3.11/numpy/core/include/numpy/arrayscalars.h
creating /Users/calum/Developer/Excelerator/dist/Excelerate.app/Contents/Resources/lib/python3.11/numpy/core/include/numpy/random
copying file /Users/calum/Developer/Excelerator/env/lib/python3.11/site-packages/numpy/core/include/numpy/random/distributions.h -> /Users/calum/Developer/Excelerator/dist/Excelerate.app/Contents/Resources/lib/python3.11/numpy/core/include/numpy/random/distributions.h
copying file /Users/calum/Developer/Excelerator/env/lib/python3.11/site-packages/numpy/core/include/numpy/random/libdivide.h -> /Users/calum/Developer/Excelerator/dist/Excelerate.app/Contents/Resources/lib/python3.11/numpy/core/include/numpy/random/libdivide.h
copying file /Users/calum/Developer/Excelerator/env/lib/python3.11/site-packages/numpy/core/include/numpy/random/bitgen.h -> /Users/calum/Developer/Excelerator/dist/Excelerate.app/Contents/Resources/lib/python3.11/numpy/core/include/numpy/random/bitgen.h
copying file /Users/calum/Developer/Excelerator/env/lib/python3.11/site-packages/numpy/core/include/numpy/random/LICENSE.txt -> /Users/calum/Developer/Excelerator/dist/Excelerate.app/Contents/Resources/lib/python3.11/numpy/core/include/numpy/random/LICENSE.txt
copying file /Users/calum/Developer/Excelerator/env/lib/python3.11/site-packages/numpy/core/include/numpy/npy_math.h -> /Users/calum/Developer/Excelerator/dist/Excelerate.app/Contents/Resources/lib/python3.11/numpy/core/include/numpy/npy_math.h
copying file /Users/calum/Developer/Excelerator/env/lib/python3.11/site-packages/numpy/core/include/numpy/halffloat.h -> /Users/calum/Developer/Excelerator/dist/Excelerate.app/Contents/Resources/lib/python3.11/numpy/core/include/numpy/halffloat.h
copying file /Users/calum/Developer/Excelerator/env/lib/python3.11/site-packages/numpy/core/include/numpy/arrayobject.h -> /Users/calum/Developer/Excelerator/dist/Excelerate.app/Contents/Resources/lib/python3.11/numpy/core/include/numpy/arrayobject.h
copying file /Users/calum/Developer/Excelerator/env/lib/python3.11/site-packages/numpy/core/include/numpy/_dtype_api.h -> /Users/calum/Developer/Excelerator/dist/Excelerate.app/Contents/Resources/lib/python3.11/numpy/core/include/numpy/_dtype_api.h
copying file /Users/calum/Developer/Excelerator/env/lib/python3.11/site-packages/numpy/core/include/numpy/noprefix.h -> /Users/calum/Developer/Excelerator/dist/Excelerate.app/Contents/Resources/lib/python3.11/numpy/core/include/numpy/noprefix.h
copying file /Users/calum/Developer/Excelerator/env/lib/python3.11/site-packages/numpy/core/records.py -> /Users/calum/Developer/Excelerator/dist/Excelerate.app/Contents/Resources/lib/python3.11/numpy/core/records.py
copying file /Users/calum/Developer/Excelerator/env/lib/python3.11/site-packages/numpy/core/_ufunc_config.pyi -> /Users/calum/Developer/Excelerator/dist/Excelerate.app/Contents/Resources/lib/python3.11/numpy/core/_ufunc_config.pyi
copying file /Users/calum/Developer/Excelerator/env/lib/python3.11/site-packages/numpy/core/_umath_tests.cpython-311-darwin.so -> /Users/calum/Developer/Excelerator/dist/Excelerate.app/Contents/Resources/lib/python3.11/numpy/core/_umath_tests.cpython-311-darwin.so
creating /Users/calum/Developer/Excelerator/dist/Excelerate.app/Contents/Resources/lib/python3.11/numpy/core/tests
copying file /Users/calum/Developer/Excelerator/env/lib/python3.11/site-packages/numpy/core/tests/test_numerictypes.py -> /Users/calum/Developer/Excelerator/dist/Excelerate.app/Contents/Resources/lib/python3.11/numpy/core/tests/test_numerictypes.py
copying file /Users/calum/Developer/Excelerator/env/lib/python3.11/site-packages/numpy/core/tests/test_scalar_methods.py -> /Users/calum/Developer/Excelerator/dist/Excelerate.app/Contents/Resources/lib/python3.11/numpy/core/tests/test_scalar_methods.py
copying file /Users/calum/Developer/Excelerator/env/lib/python3.11/site-packages/numpy/core/tests/test_scalarmath.py -> /Users/calum/Developer/Excelerator/dist/Excelerate.app/Contents/Resources/lib/python3.11/numpy/core/tests/test_scalarmath.py
copying file /Users/calum/Developer/Excelerator/env/lib/python3.11/site-packages/numpy/core/tests/test_item_selection.py -> /Users/calum/Developer/Excelerator/dist/Excelerate.app/Contents/Resources/lib/python3.11/numpy/core/tests/test_item_selection.py
copying file /Users/calum/Developer/Excelerator/env/lib/python3.11/site-packages/numpy/core/tests/test_array_coercion.py -> /Users/calum/Developer/Excelerator/dist/Excelerate.app/Contents/Resources/lib/python3.11/numpy/core/tests/test_array_coercion.py
copying file /Users/calum/Developer/Excelerator/env/lib/python3.11/site-packages/numpy/core/tests/test_limited_api.py -> /Users/calum/Developer/Excelerator/dist/Excelerate.app/Contents/Resources/lib/python3.11/numpy/core/tests/test_limited_api.py
copying file /Users/calum/Developer/Excelerator/env/lib/python3.11/site-packages/numpy/core/tests/test_casting_floatingpoint_errors.py -> /Users/calum/Developer/Excelerator/dist/Excelerate.app/Contents/Resources/lib/python3.11/numpy/core/tests/test_casting_floatingpoint_errors.py
copying file /Users/calum/Developer/Excelerator/env/lib/python3.11/site-packages/numpy/core/tests/test_machar.py -> /Users/calum/Developer/Excelerator/dist/Excelerate.app/Contents/Resources/lib/python3.11/numpy/core/tests/test_machar.py
copying file /Users/calum/Developer/Excelerator/env/lib/python3.11/site-packages/numpy/core/tests/test_unicode.py -> /Users/calum/Developer/Excelerator/dist/Excelerate.app/Contents/Resources/lib/python3.11/numpy/core/tests/test_unicode.py
copying file /Users/calum/Developer/Excelerator/env/lib/python3.11/site-packages/numpy/core/tests/test_cpu_dispatcher.py -> /Users/calum/Developer/Excelerator/dist/Excelerate.app/Contents/Resources/lib/python3.11/numpy/core/tests/test_cpu_dispatcher.py
copying file /Users/calum/Developer/Excelerator/env/lib/python3.11/site-packages/numpy/core/tests/test_arrayprint.py -> /Users/calum/Developer/Excelerator/dist/Excelerate.app/Contents/Resources/lib/python3.11/numpy/core/tests/test_arrayprint.py
copying file /Users/calum/Developer/Excelerator/env/lib/python3.11/site-packages/numpy/core/tests/test_scalarbuffer.py -> /Users/calum/Developer/Excelerator/dist/Excelerate.app/Contents/Resources/lib/python3.11/numpy/core/tests/test_scalarbuffer.py
copying file /Users/calum/Developer/Excelerator/env/lib/python3.11/site-packages/numpy/core/tests/test_indexerrors.py -> /Users/calum/Developer/Excelerator/dist/Excelerate.app/Contents/Resources/lib/python3.11/numpy/core/tests/test_indexerrors.py
copying file /Users/calum/Developer/Excelerator/env/lib/python3.11/site-packages/numpy/core/tests/test_print.py -> /Users/calum/Developer/Excelerator/dist/Excelerate.app/Contents/Resources/lib/python3.11/numpy/core/tests/test_print.py
copying file /Users/calum/Developer/Excelerator/env/lib/python3.11/site-packages/numpy/core/tests/test_half.py -> /Users/calum/Developer/Excelerator/dist/Excelerate.app/Contents/Resources/lib/python3.11/numpy/core/tests/test_half.py
copying file /Users/calum/Developer/Excelerator/env/lib/python3.11/site-packages/numpy/core/tests/test_arraymethod.py -> /Users/calum/Developer/Excelerator/dist/Excelerate.app/Contents/Resources/lib/python3.11/numpy/core/tests/test_arraymethod.py
copying file /Users/calum/Developer/Excelerator/env/lib/python3.11/site-packages/numpy/core/tests/test_mem_overlap.py -> /Users/calum/Developer/Excelerator/dist/Excelerate.app/Contents/Resources/lib/python3.11/numpy/core/tests/test_mem_overlap.py
copying file /Users/calum/Developer/Excelerator/env/lib/python3.11/site-packages/numpy/core/tests/test_shape_base.py -> /Users/calum/Developer/Excelerator/dist/Excelerate.app/Contents/Resources/lib/python3.11/numpy/core/tests/test_shape_base.py
copying file /Users/calum/Developer/Excelerator/env/lib/python3.11/site-packages/numpy/core/tests/test_hashtable.py -> /Users/calum/Developer/Excelerator/dist/Excelerate.app/Contents/Resources/lib/python3.11/numpy/core/tests/test_hashtable.py
copying file /Users/calum/Developer/Excelerator/env/lib/python3.11/site-packages/numpy/core/tests/test_array_interface.py -> /Users/calum/Developer/Excelerator/dist/Excelerate.app/Contents/Resources/lib/python3.11/numpy/core/tests/test_array_interface.py
copying file /Users/calum/Developer/Excelerator/env/lib/python3.11/site-packages/numpy/core/tests/test_deprecations.py -> /Users/calum/Developer/Excelerator/dist/Excelerate.app/Contents/Resources/lib/python3.11/numpy/core/tests/test_deprecations.py
copying file /Users/calum/Developer/Excelerator/env/lib/python3.11/site-packages/numpy/core/tests/__init__.py -> /Users/calum/Developer/Excelerator/dist/Excelerate.app/Contents/Resources/lib/python3.11/numpy/core/tests/__init__.py
copying file /Users/calum/Developer/Excelerator/env/lib/python3.11/site-packages/numpy/core/tests/test_errstate.py -> /Users/calum/Developer/Excelerator/dist/Excelerate.app/Contents/Resources/lib/python3.11/numpy/core/tests/test_errstate.py
copying file /Users/calum/Developer/Excelerator/env/lib/python3.11/site-packages/numpy/core/tests/test_nep50_promotions.py -> /Users/calum/Developer/Excelerator/dist/Excelerate.app/Contents/Resources/lib/python3.11/numpy/core/tests/test_nep50_promotions.py
copying file /Users/calum/Developer/Excelerator/env/lib/python3.11/site-packages/numpy/core/tests/test_records.py -> /Users/calum/Developer/Excelerator/dist/Excelerate.app/Contents/Resources/lib/python3.11/numpy/core/tests/test_records.py
creating /Users/calum/Developer/Excelerator/dist/Excelerate.app/Contents/Resources/lib/python3.11/numpy/core/tests/__pycache__
copying file /Users/calum/Developer/Excelerator/env/lib/python3.11/site-packages/numpy/core/tests/__pycache__/test_scalar_ctors.cpython-311.pyc -> /Users/calum/Developer/Excelerator/dist/Excelerate.app/Contents/Resources/lib/python3.11/numpy/core/tests/__pycache__/test_scalar_ctors.cpython-311.pyc
copying file /Users/calum/Developer/Excelerator/env/lib/python3.11/site-packages/numpy/core/tests/__pycache__/test_scalarprint.cpython-311.pyc -> /Users/calum/Developer/Excelerator/dist/Excelerate.app/Contents/Resources/lib/python3.11/numpy/core/tests/__pycache__/test_scalarprint.cpython-311.pyc
copying file /Users/calum/Developer/Excelerator/env/lib/python3.11/site-packages/numpy/core/tests/__pycache__/_locales.cpython-311.pyc -> /Users/calum/Developer/Excelerator/dist/Excelerate.app/Contents/Resources/lib/python3.11/numpy/core/tests/__pycache__/_locales.cpython-311.pyc
copying file /Users/calum/Developer/Excelerator/env/lib/python3.11/site-packages/numpy/core/tests/__pycache__/test_array_coercion.cpython-311.pyc -> /Users/calum/Developer/Excelerator/dist/Excelerate.app/Contents/Resources/lib/python3.11/numpy/core/tests/__pycache__/test_array_coercion.cpython-311.pyc
copying file /Users/calum/Developer/Excelerator/env/lib/python3.11/site-packages/numpy/core/tests/__pycache__/test_mem_policy.cpython-311.pyc -> /Users/calum/Developer/Excelerator/dist/Excelerate.app/Contents/Resources/lib/python3.11/numpy/core/tests/__pycache__/test_mem_policy.cpython-311.pyc
copying file /Users/calum/Developer/Excelerator/env/lib/python3.11/site-packages/numpy/core/tests/__pycache__/test_strings.cpython-311.pyc -> /Users/calum/Developer/Excelerator/dist/Excelerate.app/Contents/Resources/lib/python3.11/numpy/core/tests/__pycache__/test_strings.cpython-311.pyc
copying file /Users/calum/Developer/Excelerator/env/lib/python3.11/site-packages/numpy/core/tests/__pycache__/test_regression.cpython-311.pyc -> /Users/calum/Developer/Excelerator/dist/Excelerate.app/Contents/Resources/lib/python3.11/numpy/core/tests/__pycache__/test_regression.cpython-311.pyc
copying file /Users/calum/Developer/Excelerator/env/lib/python3.11/site-packages/numpy/core/tests/__pycache__/test_scalarbuffer.cpython-311.pyc -> /Users/calum/Developer/Excelerator/dist/Excelerate.app/Contents/Resources/lib/python3.11/numpy/core/tests/__pycache__/test_scalarbuffer.cpython-311.pyc
copying file /Users/calum/Developer/Excelerator/env/lib/python3.11/site-packages/numpy/core/tests/__pycache__/test_indexing.cpython-311.pyc -> /Users/calum/Developer/Excelerator/dist/Excelerate.app/Contents/Resources/lib/python3.11/numpy/core/tests/__pycache__/test_indexing.cpython-311.pyc
copying file /Users/calum/Developer/Excelerator/env/lib/python3.11/site-packages/numpy/core/tests/__pycache__/test_deprecations.cpython-311.pyc -> /Users/calum/Developer/Excelerator/dist/Excelerate.app/Contents/Resources/lib/python3.11/numpy/core/tests/__pycache__/test_deprecations.cpython-311.pyc
copying file /Users/calum/Developer/Excelerator/env/lib/python3.11/site-packages/numpy/core/tests/__pycache__/test_nditer.cpython-311.pyc -> /Users/calum/Developer/Excelerator/dist/Excelerate.app/Contents/Resources/lib/python3.11/numpy/core/tests/__pycache__/test_nditer.cpython-311.pyc
copying file /Users/calum/Developer/Excelerator/env/lib/python3.11/site-packages/numpy/core/tests/__pycache__/test_cython.cpython-311.pyc -> /Users/calum/Developer/Excelerator/dist/Excelerate.app/Contents/Resources/lib/python3.11/numpy/core/tests/__pycache__/test_cython.cpython-311.pyc
copying file /Users/calum/Developer/Excelerator/env/lib/python3.11/site-packages/numpy/core/tests/__pycache__/test_machar.cpython-311.pyc -> /Users/calum/Developer/Excelerator/dist/Excelerate.app/Contents/Resources/lib/python3.11/numpy/core/tests/__pycache__/test_machar.cpython-311.pyc
copying file /Users/calum/Developer/Excelerator/env/lib/python3.11/site-packages/numpy/core/tests/__pycache__/test_defchararray.cpython-311.pyc -> /Users/calum/Developer/Excelerator/dist/Excelerate.app/Contents/Resources/lib/python3.11/numpy/core/tests/__pycache__/test_defchararray.cpython-311.pyc
copying file /Users/calum/Developer/Excelerator/env/lib/python3.11/site-packages/numpy/core/tests/__pycache__/test_protocols.cpython-311.pyc -> /Users/calum/Developer/Excelerator/dist/Excelerate.app/Contents/Resources/lib/python3.11/numpy/core/tests/__pycache__/test_protocols.cpython-311.pyc
copying file /Users/calum/Developer/Excelerator/env/lib/python3.11/site-packages/numpy/core/tests/__pycache__/test_getlimits.cpython-311.pyc -> /Users/calum/Developer/Excelerator/dist/Excelerate.app/Contents/Resources/lib/python3.11/numpy/core/tests/__pycache__/test_getlimits.cpython-311.pyc
copying file /Users/calum/Developer/Excelerator/env/lib/python3.11/site-packages/numpy/core/tests/__pycache__/test_simd.cpython-311.pyc -> /Users/calum/Developer/Excelerator/dist/Excelerate.app/Contents/Resources/lib/python3.11/numpy/core/tests/__pycache__/test_simd.cpython-311.pyc
copying file /Users/calum/Developer/Excelerator/env/lib/python3.11/site-packages/numpy/core/tests/__pycache__/test_cpu_dispatcher.cpython-311.pyc -> /Users/calum/Developer/Excelerator/dist/Excelerate.app/Contents/Resources/lib/python3.11/numpy/core/tests/__pycache__/test_cpu_dispatcher.cpython-311.pyc
copying file /Users/calum/Developer/Excelerator/env/lib/python3.11/site-packages/numpy/core/tests/__pycache__/test_einsum.cpython-311.pyc -> /Users/calum/Developer/Excelerator/dist/Excelerate.app/Contents/Resources/lib/python3.11/numpy/core/tests/__pycache__/test_einsum.cpython-311.pyc
copying file /Users/calum/Developer/Excelerator/env/lib/python3.11/site-packages/numpy/core/tests/__pycache__/test_argparse.cpython-311.pyc -> /Users/calum/Developer/Excelerator/dist/Excelerate.app/Contents/Resources/lib/python3.11/numpy/core/tests/__pycache__/test_argparse.cpython-311.pyc
copying file /Users/calum/Developer/Excelerator/env/lib/python3.11/site-packages/numpy/core/tests/__pycache__/test_custom_dtypes.cpython-311.pyc -> /Users/calum/Developer/Excelerator/dist/Excelerate.app/Contents/Resources/lib/python3.11/numpy/core/tests/__pycache__/test_custom_dtypes.cpython-311.pyc
copying file /Users/calum/Developer/Excelerator/env/lib/python3.11/site-packages/numpy/core/tests/__pycache__/test_arraymethod.cpython-311.pyc -> /Users/calum/Developer/Excelerator/dist/Excelerate.app/Contents/Resources/lib/python3.11/numpy/core/tests/__pycache__/test_arraymethod.cpython-311.pyc
copying file /Users/calum/Developer/Excelerator/env/lib/python3.11/site-packages/numpy/core/tests/__pycache__/test_numeric.cpython-311.pyc -> /Users/calum/Developer/Excelerator/dist/Excelerate.app/Contents/Resources/lib/python3.11/numpy/core/tests/__pycache__/test_numeric.cpython-311.pyc
copying file /Users/calum/Developer/Excelerator/env/lib/python3.11/site-packages/numpy/core/tests/__pycache__/test_scalarmath.cpython-311.pyc -> /Users/calum/Developer/Excelerator/dist/Excelerate.app/Contents/Resources/lib/python3.11/numpy/core/tests/__pycache__/test_scalarmath.cpython-311.pyc
copying file /Users/calum/Developer/Excelerator/env/lib/python3.11/site-packages/numpy/core/tests/__pycache__/test_print.cpython-311.pyc -> /Users/calum/Developer/Excelerator/dist/Excelerate.app/Contents/Resources/lib/python3.11/numpy/core/tests/__pycache__/test_print.cpython-311.pyc
copying file /Users/calum/Developer/Excelerator/env/lib/python3.11/site-packages/numpy/core/tests/__pycache__/test_records.cpython-311.pyc -> /Users/calum/Developer/Excelerator/dist/Excelerate.app/Contents/Resources/lib/python3.11/numpy/core/tests/__pycache__/test_records.cpython-311.pyc
copying file /Users/calum/Developer/Excelerator/env/lib/python3.11/site-packages/numpy/core/tests/__pycache__/test_casting_floatingpoint_errors.cpython-311.pyc -> /Users/calum/Developer/Excelerator/dist/Excelerate.app/Contents/Resources/lib/python3.11/numpy/core/tests/__pycache__/test_casting_floatingpoint_errors.cpython-311.pyc
copying file /Users/calum/Developer/Excelerator/env/lib/python3.11/site-packages/numpy/core/tests/__pycache__/test_indexerrors.cpython-311.pyc -> /Users/calum/Developer/Excelerator/dist/Excelerate.app/Contents/Resources/lib/python3.11/numpy/core/tests/__pycache__/test_indexerrors.cpython-311.pyc
copying file /Users/calum/Developer/Excelerator/env/lib/python3.11/site-packages/numpy/core/tests/__pycache__/test_dtype.cpython-311.pyc -> /Users/calum/Developer/Excelerator/dist/Excelerate.app/Contents/Resources/lib/python3.11/numpy/core/tests/__pycache__/test_dtype.cpython-311.pyc
copying file /Users/calum/Developer/Excelerator/env/lib/python3.11/site-packages/numpy/core/tests/__pycache__/test_umath_complex.cpython-311.pyc -> /Users/calum/Developer/Excelerator/dist/Excelerate.app/Contents/Resources/lib/python3.11/numpy/core/tests/__pycache__/test_umath_complex.cpython-311.pyc
copying file /Users/calum/Developer/Excelerator/env/lib/python3.11/site-packages/numpy/core/tests/__pycache__/test_scalarinherit.cpython-311.pyc -> /Users/calum/Developer/Excelerator/dist/Excelerate.app/Contents/Resources/lib/python3.11/numpy/core/tests/__pycache__/test_scalarinherit.cpython-311.pyc
copying file /Users/calum/Developer/Excelerator/env/lib/python3.11/site-packages/numpy/core/tests/__pycache__/test_datetime.cpython-311.pyc -> /Users/calum/Developer/Excelerator/dist/Excelerate.app/Contents/Resources/lib/python3.11/numpy/core/tests/__pycache__/test_datetime.cpython-311.pyc
copying file /Users/calum/Developer/Excelerator/env/lib/python3.11/site-packages/numpy/core/tests/__pycache__/test__exceptions.cpython-311.pyc -> /Users/calum/Developer/Excelerator/dist/Excelerate.app/Contents/Resources/lib/python3.11/numpy/core/tests/__pycache__/test__exceptions.cpython-311.pyc
copying file /Users/calum/Developer/Excelerator/env/lib/python3.11/site-packages/numpy/core/tests/__pycache__/test_conversion_utils.cpython-311.pyc -> /Users/calum/Developer/Excelerator/dist/Excelerate.app/Contents/Resources/lib/python3.11/numpy/core/tests/__pycache__/test_conversion_utils.cpython-311.pyc
copying file /Users/calum/Developer/Excelerator/env/lib/python3.11/site-packages/numpy/core/tests/__pycache__/test_errstate.cpython-311.pyc -> /Users/calum/Developer/Excelerator/dist/Excelerate.app/Contents/Resources/lib/python3.11/numpy/core/tests/__pycache__/test_errstate.cpython-311.pyc
copying file /Users/calum/Developer/Excelerator/env/lib/python3.11/site-packages/numpy/core/tests/__pycache__/test_half.cpython-311.pyc -> /Users/calum/Developer/Excelerator/dist/Excelerate.app/Contents/Resources/lib/python3.11/numpy/core/tests/__pycache__/test_half.cpython-311.pyc
copying file /Users/calum/Developer/Excelerator/env/lib/python3.11/site-packages/numpy/core/tests/__pycache__/test_simd_module.cpython-311.pyc -> /Users/calum/Developer/Excelerator/dist/Excelerate.app/Contents/Resources/lib/python3.11/numpy/core/tests/__pycache__/test_simd_module.cpython-311.pyc
copying file /Users/calum/Developer/Excelerator/env/lib/python3.11/site-packages/numpy/core/tests/__pycache__/test_multiarray.cpython-311.pyc -> /Users/calum/Developer/Excelerator/dist/Excelerate.app/Contents/Resources/lib/python3.11/numpy/core/tests/__pycache__/test_multiarray.cpython-311.pyc
copying file /Users/calum/Developer/Excelerator/env/lib/python3.11/site-packages/numpy/core/tests/__pycache__/test_abc.cpython-311.pyc -> /Users/calum/Developer/Excelerator/dist/Excelerate.app/Contents/Resources/lib/python3.11/numpy/core/tests/__pycache__/test_abc.cpython-311.pyc
copying file /Users/calum/Developer/Excelerator/env/lib/python3.11/site-packages/numpy/core/tests/__pycache__/test_unicode.cpython-311.pyc -> /Users/calum/Developer/Excelerator/dist/Excelerate.app/Contents/Resources/lib/python3.11/numpy/core/tests/__pycache__/test_unicode.cpython-311.pyc
copying file /Users/calum/Developer/Excelerator/env/lib/python3.11/site-packages/numpy/core/tests/__pycache__/test_function_base.cpython-311.pyc -> /Users/calum/Developer/Excelerator/dist/Excelerate.app/Contents/Resources/lib/python3.11/numpy/core/tests/__pycache__/test_function_base.cpython-311.pyc
copying file /Users/calum/Developer/Excelerator/env/lib/python3.11/site-packages/numpy/core/tests/__pycache__/test_arrayprint.cpython-311.pyc -> /Users/calum/Developer/Excelerator/dist/Excelerate.app/Contents/Resources/lib/python3.11/numpy/core/tests/__pycache__/test_arrayprint.cpython-311.pyc
copying file /Users/calum/Developer/Excelerator/env/lib/python3.11/site-packages/numpy/core/tests/__pycache__/test_numpy_2_0_compat.cpython-311.pyc -> /Users/calum/Developer/Excelerator/dist/Excelerate.app/Contents/Resources/lib/python3.11/numpy/core/tests/__pycache__/test_numpy_2_0_compat.cpython-311.pyc
copying file /Users/calum/Developer/Excelerator/env/lib/python3.11/site-packages/numpy/core/tests/__pycache__/test_overrides.cpython-311.pyc -> /Users/calum/Developer/Excelerator/dist/Excelerate.app/Contents/Resources/lib/python3.11/numpy/core/tests/__pycache__/test_overrides.cpython-311.pyc
copying file /Users/calum/Developer/Excelerator/env/lib/python3.11/site-packages/numpy/core/tests/__pycache__/test_umath_accuracy.cpython-311.pyc -> /Users/calum/Developer/Excelerator/dist/Excelerate.app/Contents/Resources/lib/python3.11/numpy/core/tests/__pycache__/test_umath_accuracy.cpython-311.pyc
copying file /Users/calum/Developer/Excelerator/env/lib/python3.11/site-packages/numpy/core/tests/__pycache__/test_array_interface.cpython-311.pyc -> /Users/calum/Developer/Excelerator/dist/Excelerate.app/Contents/Resources/lib/python3.11/numpy/core/tests/__pycache__/test_array_interface.cpython-311.pyc
copying file /Users/calum/Developer/Excelerator/env/lib/python3.11/site-packages/numpy/core/tests/__pycache__/test_longdouble.cpython-311.pyc -> /Users/calum/Developer/Excelerator/dist/Excelerate.app/Contents/Resources/lib/python3.11/numpy/core/tests/__pycache__/test_longdouble.cpython-311.pyc
copying file /Users/calum/Developer/Excelerator/env/lib/python3.11/site-packages/numpy/core/tests/__pycache__/test_dlpack.cpython-311.pyc -> /Users/calum/Developer/Excelerator/dist/Excelerate.app/Contents/Resources/lib/python3.11/numpy/core/tests/__pycache__/test_dlpack.cpython-311.pyc
copying file /Users/calum/Developer/Excelerator/env/lib/python3.11/site-packages/numpy/core/tests/__pycache__/test_item_selection.cpython-311.pyc -> /Users/calum/Developer/Excelerator/dist/Excelerate.app/Contents/Resources/lib/python3.11/numpy/core/tests/__pycache__/test_item_selection.cpython-311.pyc
copying file /Users/calum/Developer/Excelerator/env/lib/python3.11/site-packages/numpy/core/tests/__pycache__/test_ufunc.cpython-311.pyc -> /Users/calum/Developer/Excelerator/dist/Excelerate.app/Contents/Resources/lib/python3.11/numpy/core/tests/__pycache__/test_ufunc.cpython-311.pyc
copying file /Users/calum/Developer/Excelerator/env/lib/python3.11/site-packages/numpy/core/tests/__pycache__/test_umath.cpython-311.pyc -> /Users/calum/Developer/Excelerator/dist/Excelerate.app/Contents/Resources/lib/python3.11/numpy/core/tests/__pycache__/test_umath.cpython-311.pyc
copying file /Users/calum/Developer/Excelerator/env/lib/python3.11/site-packages/numpy/core/tests/__pycache__/test_hashtable.cpython-311.pyc -> /Users/calum/Developer/Excelerator/dist/Excelerate.app/Contents/Resources/lib/python3.11/numpy/core/tests/__pycache__/test_hashtable.cpython-311.pyc
copying file /Users/calum/Developer/Excelerator/env/lib/python3.11/site-packages/numpy/core/tests/__pycache__/test_api.cpython-311.pyc -> /Users/calum/Developer/Excelerator/dist/Excelerate.app/Contents/Resources/lib/python3.11/numpy/core/tests/__pycache__/test_api.cpython-311.pyc
copying file /Users/calum/Developer/Excelerator/env/lib/python3.11/site-packages/numpy/core/tests/__pycache__/test_shape_base.cpython-311.pyc -> /Users/calum/Developer/Excelerator/dist/Excelerate.app/Contents/Resources/lib/python3.11/numpy/core/tests/__pycache__/test_shape_base.cpython-311.pyc
copying file /Users/calum/Developer/Excelerator/env/lib/python3.11/site-packages/numpy/core/tests/__pycache__/test_mem_overlap.cpython-311.pyc -> /Users/calum/Developer/Excelerator/dist/Excelerate.app/Contents/Resources/lib/python3.11/numpy/core/tests/__pycache__/test_mem_overlap.cpython-311.pyc
copying file /Users/calum/Developer/Excelerator/env/lib/python3.11/site-packages/numpy/core/tests/__pycache__/test_extint128.cpython-311.pyc -> /Users/calum/Developer/Excelerator/dist/Excelerate.app/Contents/Resources/lib/python3.11/numpy/core/tests/__pycache__/test_extint128.cpython-311.pyc
copying file /Users/calum/Developer/Excelerator/env/lib/python3.11/site-packages/numpy/core/tests/__pycache__/test_memmap.cpython-311.pyc -> /Users/calum/Developer/Excelerator/dist/Excelerate.app/Contents/Resources/lib/python3.11/numpy/core/tests/__pycache__/test_memmap.cpython-311.pyc
copying file /Users/calum/Developer/Excelerator/env/lib/python3.11/site-packages/numpy/core/tests/__pycache__/test_casting_unittests.cpython-311.pyc -> /Users/calum/Developer/Excelerator/dist/Excelerate.app/Contents/Resources/lib/python3.11/numpy/core/tests/__pycache__/test_casting_unittests.cpython-311.pyc
copying file /Users/calum/Developer/Excelerator/env/lib/python3.11/site-packages/numpy/core/tests/__pycache__/test_nep50_promotions.cpython-311.pyc -> /Users/calum/Developer/Excelerator/dist/Excelerate.app/Contents/Resources/lib/python3.11/numpy/core/tests/__pycache__/test_nep50_promotions.cpython-311.pyc
copying file /Users/calum/Developer/Excelerator/env/lib/python3.11/site-packages/numpy/core/tests/__pycache__/__init__.cpython-311.pyc -> /Users/calum/Developer/Excelerator/dist/Excelerate.app/Contents/Resources/lib/python3.11/numpy/core/tests/__pycache__/__init__.cpython-311.pyc
copying file /Users/calum/Developer/Excelerator/env/lib/python3.11/site-packages/numpy/core/tests/__pycache__/test_numerictypes.cpython-311.pyc -> /Users/calum/Developer/Excelerator/dist/Excelerate.app/Contents/Resources/lib/python3.11/numpy/core/tests/__pycache__/test_numerictypes.cpython-311.pyc
copying file /Users/calum/Developer/Excelerator/env/lib/python3.11/site-packages/numpy/core/tests/__pycache__/test_limited_api.cpython-311.pyc -> /Users/calum/Developer/Excelerator/dist/Excelerate.app/Contents/Resources/lib/python3.11/numpy/core/tests/__pycache__/test_limited_api.cpython-311.pyc
copying file /Users/calum/Developer/Excelerator/env/lib/python3.11/site-packages/numpy/core/tests/__pycache__/test_scalar_methods.cpython-311.pyc -> /Users/calum/Developer/Excelerator/dist/Excelerate.app/Contents/Resources/lib/python3.11/numpy/core/tests/__pycache__/test_scalar_methods.cpython-311.pyc
copying file /Users/calum/Developer/Excelerator/env/lib/python3.11/site-packages/numpy/core/tests/__pycache__/test_cpu_features.cpython-311.pyc -> /Users/calum/Developer/Excelerator/dist/Excelerate.app/Contents/Resources/lib/python3.11/numpy/core/tests/__pycache__/test_cpu_features.cpython-311.pyc
copying file /Users/calum/Developer/Excelerator/env/lib/python3.11/site-packages/numpy/core/tests/test_mem_policy.py -> /Users/calum/Developer/Excelerator/dist/Excelerate.app/Contents/Resources/lib/python3.11/numpy/core/tests/test_mem_policy.py
copying file /Users/calum/Developer/Excelerator/env/lib/python3.11/site-packages/numpy/core/tests/test_simd.py -> /Users/calum/Developer/Excelerator/dist/Excelerate.app/Contents/Resources/lib/python3.11/numpy/core/tests/test_simd.py
copying file /Users/calum/Developer/Excelerator/env/lib/python3.11/site-packages/numpy/core/tests/test_scalarinherit.py -> /Users/calum/Developer/Excelerator/dist/Excelerate.app/Contents/Resources/lib/python3.11/numpy/core/tests/test_scalarinherit.py
copying file /Users/calum/Developer/Excelerator/env/lib/python3.11/site-packages/numpy/core/tests/test_indexing.py -> /Users/calum/Developer/Excelerator/dist/Excelerate.app/Contents/Resources/lib/python3.11/numpy/core/tests/test_indexing.py
copying file /Users/calum/Developer/Excelerator/env/lib/python3.11/site-packages/numpy/core/tests/test_umath.py -> /Users/calum/Developer/Excelerator/dist/Excelerate.app/Contents/Resources/lib/python3.11/numpy/core/tests/test_umath.py
copying file /Users/calum/Developer/Excelerator/env/lib/python3.11/site-packages/numpy/core/tests/test_numeric.py -> /Users/calum/Developer/Excelerator/dist/Excelerate.app/Contents/Resources/lib/python3.11/numpy/core/tests/test_numeric.py
copying file /Users/calum/Developer/Excelerator/env/lib/python3.11/site-packages/numpy/core/tests/test_function_base.py -> /Users/calum/Developer/Excelerator/dist/Excelerate.app/Contents/Resources/lib/python3.11/numpy/core/tests/test_function_base.py
copying file /Users/calum/Developer/Excelerator/env/lib/python3.11/site-packages/numpy/core/tests/test_numpy_2_0_compat.py -> /Users/calum/Developer/Excelerator/dist/Excelerate.app/Contents/Resources/lib/python3.11/numpy/core/tests/test_numpy_2_0_compat.py
copying file /Users/calum/Developer/Excelerator/env/lib/python3.11/site-packages/numpy/core/tests/test_datetime.py -> /Users/calum/Developer/Excelerator/dist/Excelerate.app/Contents/Resources/lib/python3.11/numpy/core/tests/test_datetime.py
copying file /Users/calum/Developer/Excelerator/env/lib/python3.11/site-packages/numpy/core/tests/test__exceptions.py -> /Users/calum/Developer/Excelerator/dist/Excelerate.app/Contents/Resources/lib/python3.11/numpy/core/tests/test__exceptions.py
copying file /Users/calum/Developer/Excelerator/env/lib/python3.11/site-packages/numpy/core/tests/test_extint128.py -> /Users/calum/Developer/Excelerator/dist/Excelerate.app/Contents/Resources/lib/python3.11/numpy/core/tests/test_extint128.py
copying file /Users/calum/Developer/Excelerator/env/lib/python3.11/site-packages/numpy/core/tests/test_cython.py -> /Users/calum/Developer/Excelerator/dist/Excelerate.app/Contents/Resources/lib/python3.11/numpy/core/tests/test_cython.py
copying file /Users/calum/Developer/Excelerator/env/lib/python3.11/site-packages/numpy/core/tests/test_umath_complex.py -> /Users/calum/Developer/Excelerator/dist/Excelerate.app/Contents/Resources/lib/python3.11/numpy/core/tests/test_umath_complex.py
copying file /Users/calum/Developer/Excelerator/env/lib/python3.11/site-packages/numpy/core/tests/_locales.py -> /Users/calum/Developer/Excelerator/dist/Excelerate.app/Contents/Resources/lib/python3.11/numpy/core/tests/_locales.py
creating /Users/calum/Developer/Excelerator/dist/Excelerate.app/Contents/Resources/lib/python3.11/numpy/core/tests/examples
creating /Users/calum/Developer/Excelerator/dist/Excelerate.app/Contents/Resources/lib/python3.11/numpy/core/tests/examples/cython
creating /Users/calum/Developer/Excelerator/dist/Excelerate.app/Contents/Resources/lib/python3.11/numpy/core/tests/examples/cython/__pycache__
copying file /Users/calum/Developer/Excelerator/env/lib/python3.11/site-packages/numpy/core/tests/examples/cython/__pycache__/setup.cpython-311.pyc -> /Users/calum/Developer/Excelerator/dist/Excelerate.app/Contents/Resources/lib/python3.11/numpy/core/tests/examples/cython/__pycache__/setup.cpython-311.pyc
copying file /Users/calum/Developer/Excelerator/env/lib/python3.11/site-packages/numpy/core/tests/examples/cython/meson.build -> /Users/calum/Developer/Excelerator/dist/Excelerate.app/Contents/Resources/lib/python3.11/numpy/core/tests/examples/cython/meson.build
copying file /Users/calum/Developer/Excelerator/env/lib/python3.11/site-packages/numpy/core/tests/examples/cython/setup.py -> /Users/calum/Developer/Excelerator/dist/Excelerate.app/Contents/Resources/lib/python3.11/numpy/core/tests/examples/cython/setup.py
copying file /Users/calum/Developer/Excelerator/env/lib/python3.11/site-packages/numpy/core/tests/examples/cython/checks.pyx -> /Users/calum/Developer/Excelerator/dist/Excelerate.app/Contents/Resources/lib/python3.11/numpy/core/tests/examples/cython/checks.pyx
creating /Users/calum/Developer/Excelerator/dist/Excelerate.app/Contents/Resources/lib/python3.11/numpy/core/tests/examples/limited_api
creating /Users/calum/Developer/Excelerator/dist/Excelerate.app/Contents/Resources/lib/python3.11/numpy/core/tests/examples/limited_api/__pycache__
copying file /Users/calum/Developer/Excelerator/env/lib/python3.11/site-packages/numpy/core/tests/examples/limited_api/__pycache__/setup.cpython-311.pyc -> /Users/calum/Developer/Excelerator/dist/Excelerate.app/Contents/Resources/lib/python3.11/numpy/core/tests/examples/limited_api/__pycache__/setup.cpython-311.pyc
copying file /Users/calum/Developer/Excelerator/env/lib/python3.11/site-packages/numpy/core/tests/examples/limited_api/setup.py -> /Users/calum/Developer/Excelerator/dist/Excelerate.app/Contents/Resources/lib/python3.11/numpy/core/tests/examples/limited_api/setup.py
copying file /Users/calum/Developer/Excelerator/env/lib/python3.11/site-packages/numpy/core/tests/examples/limited_api/limited_api.c -> /Users/calum/Developer/Excelerator/dist/Excelerate.app/Contents/Resources/lib/python3.11/numpy/core/tests/examples/limited_api/limited_api.c
copying file /Users/calum/Developer/Excelerator/env/lib/python3.11/site-packages/numpy/core/tests/test_custom_dtypes.py -> /Users/calum/Developer/Excelerator/dist/Excelerate.app/Contents/Resources/lib/python3.11/numpy/core/tests/test_custom_dtypes.py
copying file /Users/calum/Developer/Excelerator/env/lib/python3.11/site-packages/numpy/core/tests/test_defchararray.py -> /Users/calum/Developer/Excelerator/dist/Excelerate.app/Contents/Resources/lib/python3.11/numpy/core/tests/test_defchararray.py
copying file /Users/calum/Developer/Excelerator/env/lib/python3.11/site-packages/numpy/core/tests/test_conversion_utils.py -> /Users/calum/Developer/Excelerator/dist/Excelerate.app/Contents/Resources/lib/python3.11/numpy/core/tests/test_conversion_utils.py
copying file /Users/calum/Developer/Excelerator/env/lib/python3.11/site-packages/numpy/core/tests/test_scalarprint.py -> /Users/calum/Developer/Excelerator/dist/Excelerate.app/Contents/Resources/lib/python3.11/numpy/core/tests/test_scalarprint.py
copying file /Users/calum/Developer/Excelerator/env/lib/python3.11/site-packages/numpy/core/tests/test_casting_unittests.py -> /Users/calum/Developer/Excelerator/dist/Excelerate.app/Contents/Resources/lib/python3.11/numpy/core/tests/test_casting_unittests.py
copying file /Users/calum/Developer/Excelerator/env/lib/python3.11/site-packages/numpy/core/tests/test_abc.py -> /Users/calum/Developer/Excelerator/dist/Excelerate.app/Contents/Resources/lib/python3.11/numpy/core/tests/test_abc.py
copying file /Users/calum/Developer/Excelerator/env/lib/python3.11/site-packages/numpy/core/tests/test_ufunc.py -> /Users/calum/Developer/Excelerator/dist/Excelerate.app/Contents/Resources/lib/python3.11/numpy/core/tests/test_ufunc.py
copying file /Users/calum/Developer/Excelerator/env/lib/python3.11/site-packages/numpy/core/tests/test_dtype.py -> /Users/calum/Developer/Excelerator/dist/Excelerate.app/Contents/Resources/lib/python3.11/numpy/core/tests/test_dtype.py
copying file /Users/calum/Developer/Excelerator/env/lib/python3.11/site-packages/numpy/core/tests/test_umath_accuracy.py -> /Users/calum/Developer/Excelerator/dist/Excelerate.app/Contents/Resources/lib/python3.11/numpy/core/tests/test_umath_accuracy.py
copying file /Users/calum/Developer/Excelerator/env/lib/python3.11/site-packages/numpy/core/tests/test_simd_module.py -> /Users/calum/Developer/Excelerator/dist/Excelerate.app/Contents/Resources/lib/python3.11/numpy/core/tests/test_simd_module.py
copying file /Users/calum/Developer/Excelerator/env/lib/python3.11/site-packages/numpy/core/tests/test_getlimits.py -> /Users/calum/Developer/Excelerator/dist/Excelerate.app/Contents/Resources/lib/python3.11/numpy/core/tests/test_getlimits.py
copying file /Users/calum/Developer/Excelerator/env/lib/python3.11/site-packages/numpy/core/tests/test_strings.py -> /Users/calum/Developer/Excelerator/dist/Excelerate.app/Contents/Resources/lib/python3.11/numpy/core/tests/test_strings.py
copying file /Users/calum/Developer/Excelerator/env/lib/python3.11/site-packages/numpy/core/tests/test_dlpack.py -> /Users/calum/Developer/Excelerator/dist/Excelerate.app/Contents/Resources/lib/python3.11/numpy/core/tests/test_dlpack.py
copying file /Users/calum/Developer/Excelerator/env/lib/python3.11/site-packages/numpy/core/tests/test_einsum.py -> /Users/calum/Developer/Excelerator/dist/Excelerate.app/Contents/Resources/lib/python3.11/numpy/core/tests/test_einsum.py
copying file /Users/calum/Developer/Excelerator/env/lib/python3.11/site-packages/numpy/core/tests/test_api.py -> /Users/calum/Developer/Excelerator/dist/Excelerate.app/Contents/Resources/lib/python3.11/numpy/core/tests/test_api.py
copying file /Users/calum/Developer/Excelerator/env/lib/python3.11/site-packages/numpy/core/tests/test_longdouble.py -> /Users/calum/Developer/Excelerator/dist/Excelerate.app/Contents/Resources/lib/python3.11/numpy/core/tests/test_longdouble.py
copying file /Users/calum/Developer/Excelerator/env/lib/python3.11/site-packages/numpy/core/tests/test_overrides.py -> /Users/calum/Developer/Excelerator/dist/Excelerate.app/Contents/Resources/lib/python3.11/numpy/core/tests/test_overrides.py
copying file /Users/calum/Developer/Excelerator/env/lib/python3.11/site-packages/numpy/core/tests/test_scalar_ctors.py -> /Users/calum/Developer/Excelerator/dist/Excelerate.app/Contents/Resources/lib/python3.11/numpy/core/tests/test_scalar_ctors.py
creating /Users/calum/Developer/Excelerator/dist/Excelerate.app/Contents/Resources/lib/python3.11/numpy/core/tests/data
copying file /Users/calum/Developer/Excelerator/env/lib/python3.11/site-packages/numpy/core/tests/data/umath-validation-set-log2.csv -> /Users/calum/Developer/Excelerator/dist/Excelerate.app/Contents/Resources/lib/python3.11/numpy/core/tests/data/umath-validation-set-log2.csv
copying file /Users/calum/Developer/Excelerator/env/lib/python3.11/site-packages/numpy/core/tests/data/umath-validation-set-arcsinh.csv -> /Users/calum/Developer/Excelerator/dist/Excelerate.app/Contents/Resources/lib/python3.11/numpy/core/tests/data/umath-validation-set-arcsinh.csv
copying file /Users/calum/Developer/Excelerator/env/lib/python3.11/site-packages/numpy/core/tests/data/umath-validation-set-arctanh.csv -> /Users/calum/Developer/Excelerator/dist/Excelerate.app/Contents/Resources/lib/python3.11/numpy/core/tests/data/umath-validation-set-arctanh.csv
copying file /Users/calum/Developer/Excelerator/env/lib/python3.11/site-packages/numpy/core/tests/data/umath-validation-set-sin.csv -> /Users/calum/Developer/Excelerator/dist/Excelerate.app/Contents/Resources/lib/python3.11/numpy/core/tests/data/umath-validation-set-sin.csv
copying file /Users/calum/Developer/Excelerator/env/lib/python3.11/site-packages/numpy/core/tests/data/umath-validation-set-cos.csv -> /Users/calum/Developer/Excelerator/dist/Excelerate.app/Contents/Resources/lib/python3.11/numpy/core/tests/data/umath-validation-set-cos.csv
copying file /Users/calum/Developer/Excelerator/env/lib/python3.11/site-packages/numpy/core/tests/data/umath-validation-set-cbrt.csv -> /Users/calum/Developer/Excelerator/dist/Excelerate.app/Contents/Resources/lib/python3.11/numpy/core/tests/data/umath-validation-set-cbrt.csv
copying file /Users/calum/Developer/Excelerator/env/lib/python3.11/site-packages/numpy/core/tests/data/numpy_2_0_array.pkl -> /Users/calum/Developer/Excelerator/dist/Excelerate.app/Contents/Resources/lib/python3.11/numpy/core/tests/data/numpy_2_0_array.pkl
copying file /Users/calum/Developer/Excelerator/env/lib/python3.11/site-packages/numpy/core/tests/data/generate_umath_validation_data.cpp -> /Users/calum/Developer/Excelerator/dist/Excelerate.app/Contents/Resources/lib/python3.11/numpy/core/tests/data/generate_umath_validation_data.cpp
copying file /Users/calum/Developer/Excelerator/env/lib/python3.11/site-packages/numpy/core/tests/data/umath-validation-set-arctan.csv -> /Users/calum/Developer/Excelerator/dist/Excelerate.app/Contents/Resources/lib/python3.11/numpy/core/tests/data/umath-validation-set-arctan.csv
copying file /Users/calum/Developer/Excelerator/env/lib/python3.11/site-packages/numpy/core/tests/data/umath-validation-set-cosh.csv -> /Users/calum/Developer/Excelerator/dist/Excelerate.app/Contents/Resources/lib/python3.11/numpy/core/tests/data/umath-validation-set-cosh.csv
copying file /Users/calum/Developer/Excelerator/env/lib/python3.11/site-packages/numpy/core/tests/data/umath-validation-set-README.txt -> /Users/calum/Developer/Excelerator/dist/Excelerate.app/Contents/Resources/lib/python3.11/numpy/core/tests/data/umath-validation-set-README.txt
copying file /Users/calum/Developer/Excelerator/env/lib/python3.11/site-packages/numpy/core/tests/data/umath-validation-set-expm1.csv -> /Users/calum/Developer/Excelerator/dist/Excelerate.app/Contents/Resources/lib/python3.11/numpy/core/tests/data/umath-validation-set-expm1.csv
copying file /Users/calum/Developer/Excelerator/env/lib/python3.11/site-packages/numpy/core/tests/data/recarray_from_file.fits -> /Users/calum/Developer/Excelerator/dist/Excelerate.app/Contents/Resources/lib/python3.11/numpy/core/tests/data/recarray_from_file.fits
copying file /Users/calum/Developer/Excelerator/env/lib/python3.11/site-packages/numpy/core/tests/data/umath-validation-set-sinh.csv -> /Users/calum/Developer/Excelerator/dist/Excelerate.app/Contents/Resources/lib/python3.11/numpy/core/tests/data/umath-validation-set-sinh.csv
copying file /Users/calum/Developer/Excelerator/env/lib/python3.11/site-packages/numpy/core/tests/data/umath-validation-set-tanh.csv -> /Users/calum/Developer/Excelerator/dist/Excelerate.app/Contents/Resources/lib/python3.11/numpy/core/tests/data/umath-validation-set-tanh.csv
copying file /Users/calum/Developer/Excelerator/env/lib/python3.11/site-packages/numpy/core/tests/data/umath-validation-set-log10.csv -> /Users/calum/Developer/Excelerator/dist/Excelerate.app/Contents/Resources/lib/python3.11/numpy/core/tests/data/umath-validation-set-log10.csv
copying file /Users/calum/Developer/Excelerator/env/lib/python3.11/site-packages/numpy/core/tests/data/umath-validation-set-arcsin.csv -> /Users/calum/Developer/Excelerator/dist/Excelerate.app/Contents/Resources/lib/python3.11/numpy/core/tests/data/umath-validation-set-arcsin.csv
copying file /Users/calum/Developer/Excelerator/env/lib/python3.11/site-packages/numpy/core/tests/data/umath-validation-set-arccos.csv -> /Users/calum/Developer/Excelerator/dist/Excelerate.app/Contents/Resources/lib/python3.11/numpy/core/tests/data/umath-validation-set-arccos.csv
copying file /Users/calum/Developer/Excelerator/env/lib/python3.11/site-packages/numpy/core/tests/data/umath-validation-set-log1p.csv -> /Users/calum/Developer/Excelerator/dist/Excelerate.app/Contents/Resources/lib/python3.11/numpy/core/tests/data/umath-validation-set-log1p.csv
copying file /Users/calum/Developer/Excelerator/env/lib/python3.11/site-packages/numpy/core/tests/data/umath-validation-set-log.csv -> /Users/calum/Developer/Excelerator/dist/Excelerate.app/Contents/Resources/lib/python3.11/numpy/core/tests/data/umath-validation-set-log.csv
copying file /Users/calum/Developer/Excelerator/env/lib/python3.11/site-packages/numpy/core/tests/data/umath-validation-set-exp2.csv -> /Users/calum/Developer/Excelerator/dist/Excelerate.app/Contents/Resources/lib/python3.11/numpy/core/tests/data/umath-validation-set-exp2.csv
copying file /Users/calum/Developer/Excelerator/env/lib/python3.11/site-packages/numpy/core/tests/data/umath-validation-set-arccosh.csv -> /Users/calum/Developer/Excelerator/dist/Excelerate.app/Contents/Resources/lib/python3.11/numpy/core/tests/data/umath-validation-set-arccosh.csv
copying file /Users/calum/Developer/Excelerator/env/lib/python3.11/site-packages/numpy/core/tests/data/umath-validation-set-tan.csv -> /Users/calum/Developer/Excelerator/dist/Excelerate.app/Contents/Resources/lib/python3.11/numpy/core/tests/data/umath-validation-set-tan.csv
copying file /Users/calum/Developer/Excelerator/env/lib/python3.11/site-packages/numpy/core/tests/data/umath-validation-set-exp.csv -> /Users/calum/Developer/Excelerator/dist/Excelerate.app/Contents/Resources/lib/python3.11/numpy/core/tests/data/umath-validation-set-exp.csv
copying file /Users/calum/Developer/Excelerator/env/lib/python3.11/site-packages/numpy/core/tests/data/astype_copy.pkl -> /Users/calum/Developer/Excelerator/dist/Excelerate.app/Contents/Resources/lib/python3.11/numpy/core/tests/data/astype_copy.pkl
copying file /Users/calum/Developer/Excelerator/env/lib/python3.11/site-packages/numpy/core/tests/test_multiarray.py -> /Users/calum/Developer/Excelerator/dist/Excelerate.app/Contents/Resources/lib/python3.11/numpy/core/tests/test_multiarray.py
copying file /Users/calum/Developer/Excelerator/env/lib/python3.11/site-packages/numpy/core/tests/test_memmap.py -> /Users/calum/Developer/Excelerator/dist/Excelerate.app/Contents/Resources/lib/python3.11/numpy/core/tests/test_memmap.py
copying file /Users/calum/Developer/Excelerator/env/lib/python3.11/site-packages/numpy/core/tests/test_nditer.py -> /Users/calum/Developer/Excelerator/dist/Excelerate.app/Contents/Resources/lib/python3.11/numpy/core/tests/test_nditer.py
copying file /Users/calum/Developer/Excelerator/env/lib/python3.11/site-packages/numpy/core/tests/test_cpu_features.py -> /Users/calum/Developer/Excelerator/dist/Excelerate.app/Contents/Resources/lib/python3.11/numpy/core/tests/test_cpu_features.py
copying file /Users/calum/Developer/Excelerator/env/lib/python3.11/site-packages/numpy/core/tests/test_protocols.py -> /Users/calum/Developer/Excelerator/dist/Excelerate.app/Contents/Resources/lib/python3.11/numpy/core/tests/test_protocols.py
copying file /Users/calum/Developer/Excelerator/env/lib/python3.11/site-packages/numpy/core/tests/test_argparse.py -> /Users/calum/Developer/Excelerator/dist/Excelerate.app/Contents/Resources/lib/python3.11/numpy/core/tests/test_argparse.py
copying file /Users/calum/Developer/Excelerator/env/lib/python3.11/site-packages/numpy/core/tests/test_regression.py -> /Users/calum/Developer/Excelerator/dist/Excelerate.app/Contents/Resources/lib/python3.11/numpy/core/tests/test_regression.py
copying file /Users/calum/Developer/Excelerator/env/lib/python3.11/site-packages/numpy/core/_add_newdocs_scalars.py -> /Users/calum/Developer/Excelerator/dist/Excelerate.app/Contents/Resources/lib/python3.11/numpy/core/_add_newdocs_scalars.py
copying file /Users/calum/Developer/Excelerator/env/lib/python3.11/site-packages/numpy/core/__init__.py -> /Users/calum/Developer/Excelerator/dist/Excelerate.app/Contents/Resources/lib/python3.11/numpy/core/__init__.py
copying file /Users/calum/Developer/Excelerator/env/lib/python3.11/site-packages/numpy/core/_machar.py -> /Users/calum/Developer/Excelerator/dist/Excelerate.app/Contents/Resources/lib/python3.11/numpy/core/_machar.py
copying file /Users/calum/Developer/Excelerator/env/lib/python3.11/site-packages/numpy/core/memmap.py -> /Users/calum/Developer/Excelerator/dist/Excelerate.app/Contents/Resources/lib/python3.11/numpy/core/memmap.py
copying file /Users/calum/Developer/Excelerator/env/lib/python3.11/site-packages/numpy/core/overrides.py -> /Users/calum/Developer/Excelerator/dist/Excelerate.app/Contents/Resources/lib/python3.11/numpy/core/overrides.py
copying file /Users/calum/Developer/Excelerator/env/lib/python3.11/site-packages/numpy/core/getlimits.py -> /Users/calum/Developer/Excelerator/dist/Excelerate.app/Contents/Resources/lib/python3.11/numpy/core/getlimits.py
copying file /Users/calum/Developer/Excelerator/env/lib/python3.11/site-packages/numpy/core/_dtype_ctypes.py -> /Users/calum/Developer/Excelerator/dist/Excelerate.app/Contents/Resources/lib/python3.11/numpy/core/_dtype_ctypes.py
copying file /Users/calum/Developer/Excelerator/env/lib/python3.11/site-packages/numpy/core/defchararray.py -> /Users/calum/Developer/Excelerator/dist/Excelerate.app/Contents/Resources/lib/python3.11/numpy/core/defchararray.py
creating /Users/calum/Developer/Excelerator/dist/Excelerate.app/Contents/Resources/lib/python3.11/numpy/core/__pycache__
copying file /Users/calum/Developer/Excelerator/env/lib/python3.11/site-packages/numpy/core/__pycache__/overrides.cpython-311.pyc -> /Users/calum/Developer/Excelerator/dist/Excelerate.app/Contents/Resources/lib/python3.11/numpy/core/__pycache__/overrides.cpython-311.pyc
copying file /Users/calum/Developer/Excelerator/env/lib/python3.11/site-packages/numpy/core/__pycache__/_ufunc_config.cpython-311.pyc -> /Users/calum/Developer/Excelerator/dist/Excelerate.app/Contents/Resources/lib/python3.11/numpy/core/__pycache__/_ufunc_config.cpython-311.pyc
copying file /Users/calum/Developer/Excelerator/env/lib/python3.11/site-packages/numpy/core/__pycache__/umath.cpython-311.pyc -> /Users/calum/Developer/Excelerator/dist/Excelerate.app/Contents/Resources/lib/python3.11/numpy/core/__pycache__/umath.cpython-311.pyc
copying file /Users/calum/Developer/Excelerator/env/lib/python3.11/site-packages/numpy/core/__pycache__/_asarray.cpython-311.pyc -> /Users/calum/Developer/Excelerator/dist/Excelerate.app/Contents/Resources/lib/python3.11/numpy/core/__pycache__/_asarray.cpython-311.pyc
copying file /Users/calum/Developer/Excelerator/env/lib/python3.11/site-packages/numpy/core/__pycache__/_add_newdocs.cpython-311.pyc -> /Users/calum/Developer/Excelerator/dist/Excelerate.app/Contents/Resources/lib/python3.11/numpy/core/__pycache__/_add_newdocs.cpython-311.pyc
copying file /Users/calum/Developer/Excelerator/env/lib/python3.11/site-packages/numpy/core/__pycache__/einsumfunc.cpython-311.pyc -> /Users/calum/Developer/Excelerator/dist/Excelerate.app/Contents/Resources/lib/python3.11/numpy/core/__pycache__/einsumfunc.cpython-311.pyc
copying file /Users/calum/Developer/Excelerator/env/lib/python3.11/site-packages/numpy/core/__pycache__/_methods.cpython-311.pyc -> /Users/calum/Developer/Excelerator/dist/Excelerate.app/Contents/Resources/lib/python3.11/numpy/core/__pycache__/_methods.cpython-311.pyc
copying file /Users/calum/Developer/Excelerator/env/lib/python3.11/site-packages/numpy/core/__pycache__/numerictypes.cpython-311.pyc -> /Users/calum/Developer/Excelerator/dist/Excelerate.app/Contents/Resources/lib/python3.11/numpy/core/__pycache__/numerictypes.cpython-311.pyc
copying file /Users/calum/Developer/Excelerator/env/lib/python3.11/site-packages/numpy/core/__pycache__/_internal.cpython-311.pyc -> /Users/calum/Developer/Excelerator/dist/Excelerate.app/Contents/Resources/lib/python3.11/numpy/core/__pycache__/_internal.cpython-311.pyc
copying file /Users/calum/Developer/Excelerator/env/lib/python3.11/site-packages/numpy/core/__pycache__/function_base.cpython-311.pyc -> /Users/calum/Developer/Excelerator/dist/Excelerate.app/Contents/Resources/lib/python3.11/numpy/core/__pycache__/function_base.cpython-311.pyc
copying file /Users/calum/Developer/Excelerator/env/lib/python3.11/site-packages/numpy/core/__pycache__/_dtype.cpython-311.pyc -> /Users/calum/Developer/Excelerator/dist/Excelerate.app/Contents/Resources/lib/python3.11/numpy/core/__pycache__/_dtype.cpython-311.pyc
copying file /Users/calum/Developer/Excelerator/env/lib/python3.11/site-packages/numpy/core/__pycache__/_type_aliases.cpython-311.pyc -> /Users/calum/Developer/Excelerator/dist/Excelerate.app/Contents/Resources/lib/python3.11/numpy/core/__pycache__/_type_aliases.cpython-311.pyc
copying file /Users/calum/Developer/Excelerator/env/lib/python3.11/site-packages/numpy/core/__pycache__/_machar.cpython-311.pyc -> /Users/calum/Developer/Excelerator/dist/Excelerate.app/Contents/Resources/lib/python3.11/numpy/core/__pycache__/_machar.cpython-311.pyc
copying file /Users/calum/Developer/Excelerator/env/lib/python3.11/site-packages/numpy/core/__pycache__/_exceptions.cpython-311.pyc -> /Users/calum/Developer/Excelerator/dist/Excelerate.app/Contents/Resources/lib/python3.11/numpy/core/__pycache__/_exceptions.cpython-311.pyc
copying file /Users/calum/Developer/Excelerator/env/lib/python3.11/site-packages/numpy/core/__pycache__/defchararray.cpython-311.pyc -> /Users/calum/Developer/Excelerator/dist/Excelerate.app/Contents/Resources/lib/python3.11/numpy/core/__pycache__/defchararray.cpython-311.pyc
copying file /Users/calum/Developer/Excelerator/env/lib/python3.11/site-packages/numpy/core/__pycache__/getlimits.cpython-311.pyc -> /Users/calum/Developer/Excelerator/dist/Excelerate.app/Contents/Resources/lib/python3.11/numpy/core/__pycache__/getlimits.cpython-311.pyc
copying file /Users/calum/Developer/Excelerator/env/lib/python3.11/site-packages/numpy/core/__pycache__/shape_base.cpython-311.pyc -> /Users/calum/Developer/Excelerator/dist/Excelerate.app/Contents/Resources/lib/python3.11/numpy/core/__pycache__/shape_base.cpython-311.pyc
copying file /Users/calum/Developer/Excelerator/env/lib/python3.11/site-packages/numpy/core/__pycache__/memmap.cpython-311.pyc -> /Users/calum/Developer/Excelerator/dist/Excelerate.app/Contents/Resources/lib/python3.11/numpy/core/__pycache__/memmap.cpython-311.pyc
copying file /Users/calum/Developer/Excelerator/env/lib/python3.11/site-packages/numpy/core/__pycache__/_string_helpers.cpython-311.pyc -> /Users/calum/Developer/Excelerator/dist/Excelerate.app/Contents/Resources/lib/python3.11/numpy/core/__pycache__/_string_helpers.cpython-311.pyc
copying file /Users/calum/Developer/Excelerator/env/lib/python3.11/site-packages/numpy/core/__pycache__/umath_tests.cpython-311.pyc -> /Users/calum/Developer/Excelerator/dist/Excelerate.app/Contents/Resources/lib/python3.11/numpy/core/__pycache__/umath_tests.cpython-311.pyc
copying file /Users/calum/Developer/Excelerator/env/lib/python3.11/site-packages/numpy/core/__pycache__/fromnumeric.cpython-311.pyc -> /Users/calum/Developer/Excelerator/dist/Excelerate.app/Contents/Resources/lib/python3.11/numpy/core/__pycache__/fromnumeric.cpython-311.pyc
copying file /Users/calum/Developer/Excelerator/env/lib/python3.11/site-packages/numpy/core/__pycache__/_dtype_ctypes.cpython-311.pyc -> /Users/calum/Developer/Excelerator/dist/Excelerate.app/Contents/Resources/lib/python3.11/numpy/core/__pycache__/_dtype_ctypes.cpython-311.pyc
copying file /Users/calum/Developer/Excelerator/env/lib/python3.11/site-packages/numpy/core/__pycache__/cversions.cpython-311.pyc -> /Users/calum/Developer/Excelerator/dist/Excelerate.app/Contents/Resources/lib/python3.11/numpy/core/__pycache__/cversions.cpython-311.pyc
copying file /Users/calum/Developer/Excelerator/env/lib/python3.11/site-packages/numpy/core/__pycache__/arrayprint.cpython-311.pyc -> /Users/calum/Developer/Excelerator/dist/Excelerate.app/Contents/Resources/lib/python3.11/numpy/core/__pycache__/arrayprint.cpython-311.pyc
copying file /Users/calum/Developer/Excelerator/env/lib/python3.11/site-packages/numpy/core/__pycache__/multiarray.cpython-311.pyc -> /Users/calum/Developer/Excelerator/dist/Excelerate.app/Contents/Resources/lib/python3.11/numpy/core/__pycache__/multiarray.cpython-311.pyc
copying file /Users/calum/Developer/Excelerator/env/lib/python3.11/site-packages/numpy/core/__pycache__/numeric.cpython-311.pyc -> /Users/calum/Developer/Excelerator/dist/Excelerate.app/Contents/Resources/lib/python3.11/numpy/core/__pycache__/numeric.cpython-311.pyc
copying file /Users/calum/Developer/Excelerator/env/lib/python3.11/site-packages/numpy/core/__pycache__/__init__.cpython-311.pyc -> /Users/calum/Developer/Excelerator/dist/Excelerate.app/Contents/Resources/lib/python3.11/numpy/core/__pycache__/__init__.cpython-311.pyc
copying file /Users/calum/Developer/Excelerator/env/lib/python3.11/site-packages/numpy/core/__pycache__/_add_newdocs_scalars.cpython-311.pyc -> /Users/calum/Developer/Excelerator/dist/Excelerate.app/Contents/Resources/lib/python3.11/numpy/core/__pycache__/_add_newdocs_scalars.cpython-311.pyc
copying file /Users/calum/Developer/Excelerator/env/lib/python3.11/site-packages/numpy/core/__pycache__/records.cpython-311.pyc -> /Users/calum/Developer/Excelerator/dist/Excelerate.app/Contents/Resources/lib/python3.11/numpy/core/__pycache__/records.cpython-311.pyc
copying file /Users/calum/Developer/Excelerator/env/lib/python3.11/site-packages/numpy/core/multiarray.pyi -> /Users/calum/Developer/Excelerator/dist/Excelerate.app/Contents/Resources/lib/python3.11/numpy/core/multiarray.pyi
copying file /Users/calum/Developer/Excelerator/env/lib/python3.11/site-packages/numpy/core/records.pyi -> /Users/calum/Developer/Excelerator/dist/Excelerate.app/Contents/Resources/lib/python3.11/numpy/core/records.pyi
copying file /Users/calum/Developer/Excelerator/env/lib/python3.11/site-packages/numpy/core/fromnumeric.pyi -> /Users/calum/Developer/Excelerator/dist/Excelerate.app/Contents/Resources/lib/python3.11/numpy/core/fromnumeric.pyi
copying file /Users/calum/Developer/Excelerator/env/lib/python3.11/site-packages/numpy/core/shape_base.py -> /Users/calum/Developer/Excelerator/dist/Excelerate.app/Contents/Resources/lib/python3.11/numpy/core/shape_base.py
copying file /Users/calum/Developer/Excelerator/env/lib/python3.11/site-packages/numpy/core/_internal.pyi -> /Users/calum/Developer/Excelerator/dist/Excelerate.app/Contents/Resources/lib/python3.11/numpy/core/_internal.pyi
copying file /Users/calum/Developer/Excelerator/env/lib/python3.11/site-packages/numpy/core/_multiarray_tests.cpython-311-darwin.so -> /Users/calum/Developer/Excelerator/dist/Excelerate.app/Contents/Resources/lib/python3.11/numpy/core/_multiarray_tests.cpython-311-darwin.so
copying file /Users/calum/Developer/Excelerator/env/lib/python3.11/site-packages/numpy/core/numeric.py -> /Users/calum/Developer/Excelerator/dist/Excelerate.app/Contents/Resources/lib/python3.11/numpy/core/numeric.py
copying file /Users/calum/Developer/Excelerator/env/lib/python3.11/site-packages/numpy/core/numerictypes.pyi -> /Users/calum/Developer/Excelerator/dist/Excelerate.app/Contents/Resources/lib/python3.11/numpy/core/numerictypes.pyi
copying file /Users/calum/Developer/Excelerator/env/lib/python3.11/site-packages/numpy/core/einsumfunc.pyi -> /Users/calum/Developer/Excelerator/dist/Excelerate.app/Contents/Resources/lib/python3.11/numpy/core/einsumfunc.pyi
creating /Users/calum/Developer/Excelerator/dist/Excelerate.app/Contents/Resources/lib/python3.11/numpy/core/lib
copying file /Users/calum/Developer/Excelerator/env/lib/python3.11/site-packages/numpy/core/lib/libnpymath.a -> /Users/calum/Developer/Excelerator/dist/Excelerate.app/Contents/Resources/lib/python3.11/numpy/core/lib/libnpymath.a
creating /Users/calum/Developer/Excelerator/dist/Excelerate.app/Contents/Resources/lib/python3.11/numpy/core/lib/npy-pkg-config
copying file /Users/calum/Developer/Excelerator/env/lib/python3.11/site-packages/numpy/core/lib/npy-pkg-config/npymath.ini -> /Users/calum/Developer/Excelerator/dist/Excelerate.app/Contents/Resources/lib/python3.11/numpy/core/lib/npy-pkg-config/npymath.ini
copying file /Users/calum/Developer/Excelerator/env/lib/python3.11/site-packages/numpy/core/lib/npy-pkg-config/mlib.ini -> /Users/calum/Developer/Excelerator/dist/Excelerate.app/Contents/Resources/lib/python3.11/numpy/core/lib/npy-pkg-config/mlib.ini
copying file /Users/calum/Developer/Excelerator/env/lib/python3.11/site-packages/numpy/core/function_base.py -> /Users/calum/Developer/Excelerator/dist/Excelerate.app/Contents/Resources/lib/python3.11/numpy/core/function_base.py
copying file /Users/calum/Developer/Excelerator/env/lib/python3.11/site-packages/numpy/core/einsumfunc.py -> /Users/calum/Developer/Excelerator/dist/Excelerate.app/Contents/Resources/lib/python3.11/numpy/core/einsumfunc.py
copying file /Users/calum/Developer/Excelerator/env/lib/python3.11/site-packages/numpy/core/umath_tests.py -> /Users/calum/Developer/Excelerator/dist/Excelerate.app/Contents/Resources/lib/python3.11/numpy/core/umath_tests.py
copying file /Users/calum/Developer/Excelerator/env/lib/python3.11/site-packages/numpy/core/_operand_flag_tests.cpython-311-darwin.so -> /Users/calum/Developer/Excelerator/dist/Excelerate.app/Contents/Resources/lib/python3.11/numpy/core/_operand_flag_tests.cpython-311-darwin.so
copying file /Users/calum/Developer/Excelerator/env/lib/python3.11/site-packages/numpy/core/_ufunc_config.py -> /Users/calum/Developer/Excelerator/dist/Excelerate.app/Contents/Resources/lib/python3.11/numpy/core/_ufunc_config.py
copying file /Users/calum/Developer/Excelerator/env/lib/python3.11/site-packages/numpy/core/shape_base.pyi -> /Users/calum/Developer/Excelerator/dist/Excelerate.app/Contents/Resources/lib/python3.11/numpy/core/shape_base.pyi
copying file /Users/calum/Developer/Excelerator/env/lib/python3.11/site-packages/numpy/core/_exceptions.py -> /Users/calum/Developer/Excelerator/dist/Excelerate.app/Contents/Resources/lib/python3.11/numpy/core/_exceptions.py
copying file /Users/calum/Developer/Excelerator/env/lib/python3.11/site-packages/numpy/core/numerictypes.py -> /Users/calum/Developer/Excelerator/dist/Excelerate.app/Contents/Resources/lib/python3.11/numpy/core/numerictypes.py
copying file /Users/calum/Developer/Excelerator/env/lib/python3.11/site-packages/numpy/core/_type_aliases.pyi -> /Users/calum/Developer/Excelerator/dist/Excelerate.app/Contents/Resources/lib/python3.11/numpy/core/_type_aliases.pyi
copying file /Users/calum/Developer/Excelerator/env/lib/python3.11/site-packages/numpy/core/_type_aliases.py -> /Users/calum/Developer/Excelerator/dist/Excelerate.app/Contents/Resources/lib/python3.11/numpy/core/_type_aliases.py
copying file /Users/calum/Developer/Excelerator/env/lib/python3.11/site-packages/numpy/core/cversions.py -> /Users/calum/Developer/Excelerator/dist/Excelerate.app/Contents/Resources/lib/python3.11/numpy/core/cversions.py
copying file /Users/calum/Developer/Excelerator/env/lib/python3.11/site-packages/numpy/core/memmap.pyi -> /Users/calum/Developer/Excelerator/dist/Excelerate.app/Contents/Resources/lib/python3.11/numpy/core/memmap.pyi
copying file /Users/calum/Developer/Excelerator/env/lib/python3.11/site-packages/numpy/core/_asarray.pyi -> /Users/calum/Developer/Excelerator/dist/Excelerate.app/Contents/Resources/lib/python3.11/numpy/core/_asarray.pyi
copying file /Users/calum/Developer/Excelerator/env/lib/python3.11/site-packages/numpy/core/arrayprint.pyi -> /Users/calum/Developer/Excelerator/dist/Excelerate.app/Contents/Resources/lib/python3.11/numpy/core/arrayprint.pyi
copying file /Users/calum/Developer/Excelerator/env/lib/python3.11/site-packages/numpy/core/_rational_tests.cpython-311-darwin.so -> /Users/calum/Developer/Excelerator/dist/Excelerate.app/Contents/Resources/lib/python3.11/numpy/core/_rational_tests.cpython-311-darwin.so
copying file /Users/calum/Developer/Excelerator/env/lib/python3.11/site-packages/numpy/core/_struct_ufunc_tests.cpython-311-darwin.so -> /Users/calum/Developer/Excelerator/dist/Excelerate.app/Contents/Resources/lib/python3.11/numpy/core/_struct_ufunc_tests.cpython-311-darwin.so
copying file /Users/calum/Developer/Excelerator/env/lib/python3.11/site-packages/numpy/core/arrayprint.py -> /Users/calum/Developer/Excelerator/dist/Excelerate.app/Contents/Resources/lib/python3.11/numpy/core/arrayprint.py
copying file /Users/calum/Developer/Excelerator/env/lib/python3.11/site-packages/numpy/version.py -> /Users/calum/Developer/Excelerator/dist/Excelerate.app/Contents/Resources/lib/python3.11/numpy/version.py
creating /Users/calum/Developer/Excelerator/dist/Excelerate.app/Contents/Resources/lib/python3.11/numpy/linalg
copying file /Users/calum/Developer/Excelerator/env/lib/python3.11/site-packages/numpy/linalg/__init__.pyi -> /Users/calum/Developer/Excelerator/dist/Excelerate.app/Contents/Resources/lib/python3.11/numpy/linalg/__init__.pyi
copying file /Users/calum/Developer/Excelerator/env/lib/python3.11/site-packages/numpy/linalg/lapack_lite.cpython-311-darwin.so -> /Users/calum/Developer/Excelerator/dist/Excelerate.app/Contents/Resources/lib/python3.11/numpy/linalg/lapack_lite.cpython-311-darwin.so
creating /Users/calum/Developer/Excelerator/dist/Excelerate.app/Contents/Resources/lib/python3.11/numpy/linalg/tests
copying file /Users/calum/Developer/Excelerator/env/lib/python3.11/site-packages/numpy/linalg/tests/test_linalg.py -> /Users/calum/Developer/Excelerator/dist/Excelerate.app/Contents/Resources/lib/python3.11/numpy/linalg/tests/test_linalg.py
copying file /Users/calum/Developer/Excelerator/env/lib/python3.11/site-packages/numpy/linalg/tests/test_deprecations.py -> /Users/calum/Developer/Excelerator/dist/Excelerate.app/Contents/Resources/lib/python3.11/numpy/linalg/tests/test_deprecations.py
copying file /Users/calum/Developer/Excelerator/env/lib/python3.11/site-packages/numpy/linalg/tests/__init__.py -> /Users/calum/Developer/Excelerator/dist/Excelerate.app/Contents/Resources/lib/python3.11/numpy/linalg/tests/__init__.py
creating /Users/calum/Developer/Excelerator/dist/Excelerate.app/Contents/Resources/lib/python3.11/numpy/linalg/tests/__pycache__
copying file /Users/calum/Developer/Excelerator/env/lib/python3.11/site-packages/numpy/linalg/tests/__pycache__/test_regression.cpython-311.pyc -> /Users/calum/Developer/Excelerator/dist/Excelerate.app/Contents/Resources/lib/python3.11/numpy/linalg/tests/__pycache__/test_regression.cpython-311.pyc
copying file /Users/calum/Developer/Excelerator/env/lib/python3.11/site-packages/numpy/linalg/tests/__pycache__/test_deprecations.cpython-311.pyc -> /Users/calum/Developer/Excelerator/dist/Excelerate.app/Contents/Resources/lib/python3.11/numpy/linalg/tests/__pycache__/test_deprecations.cpython-311.pyc
copying file /Users/calum/Developer/Excelerator/env/lib/python3.11/site-packages/numpy/linalg/tests/__pycache__/test_linalg.cpython-311.pyc -> /Users/calum/Developer/Excelerator/dist/Excelerate.app/Contents/Resources/lib/python3.11/numpy/linalg/tests/__pycache__/test_linalg.cpython-311.pyc
copying file /Users/calum/Developer/Excelerator/env/lib/python3.11/site-packages/numpy/linalg/tests/__pycache__/__init__.cpython-311.pyc -> /Users/calum/Developer/Excelerator/dist/Excelerate.app/Contents/Resources/lib/python3.11/numpy/linalg/tests/__pycache__/__init__.cpython-311.pyc
copying file /Users/calum/Developer/Excelerator/env/lib/python3.11/site-packages/numpy/linalg/tests/test_regression.py -> /Users/calum/Developer/Excelerator/dist/Excelerate.app/Contents/Resources/lib/python3.11/numpy/linalg/tests/test_regression.py
copying file /Users/calum/Developer/Excelerator/env/lib/python3.11/site-packages/numpy/linalg/__init__.py -> /Users/calum/Developer/Excelerator/dist/Excelerate.app/Contents/Resources/lib/python3.11/numpy/linalg/__init__.py
copying file /Users/calum/Developer/Excelerator/env/lib/python3.11/site-packages/numpy/linalg/_umath_linalg.cpython-311-darwin.so -> /Users/calum/Developer/Excelerator/dist/Excelerate.app/Contents/Resources/lib/python3.11/numpy/linalg/_umath_linalg.cpython-311-darwin.so
creating /Users/calum/Developer/Excelerator/dist/Excelerate.app/Contents/Resources/lib/python3.11/numpy/linalg/__pycache__
copying file /Users/calum/Developer/Excelerator/env/lib/python3.11/site-packages/numpy/linalg/__pycache__/linalg.cpython-311.pyc -> /Users/calum/Developer/Excelerator/dist/Excelerate.app/Contents/Resources/lib/python3.11/numpy/linalg/__pycache__/linalg.cpython-311.pyc
copying file /Users/calum/Developer/Excelerator/env/lib/python3.11/site-packages/numpy/linalg/__pycache__/__init__.cpython-311.pyc -> /Users/calum/Developer/Excelerator/dist/Excelerate.app/Contents/Resources/lib/python3.11/numpy/linalg/__pycache__/__init__.cpython-311.pyc
copying file /Users/calum/Developer/Excelerator/env/lib/python3.11/site-packages/numpy/linalg/linalg.pyi -> /Users/calum/Developer/Excelerator/dist/Excelerate.app/Contents/Resources/lib/python3.11/numpy/linalg/linalg.pyi
copying file /Users/calum/Developer/Excelerator/env/lib/python3.11/site-packages/numpy/linalg/linalg.py -> /Users/calum/Developer/Excelerator/dist/Excelerate.app/Contents/Resources/lib/python3.11/numpy/linalg/linalg.py
creating /Users/calum/Developer/Excelerator/dist/Excelerate.app/Contents/Resources/lib/python3.11/numpy/ma
copying file /Users/calum/Developer/Excelerator/env/lib/python3.11/site-packages/numpy/ma/extras.py -> /Users/calum/Developer/Excelerator/dist/Excelerate.app/Contents/Resources/lib/python3.11/numpy/ma/extras.py
copying file /Users/calum/Developer/Excelerator/env/lib/python3.11/site-packages/numpy/ma/LICENSE -> /Users/calum/Developer/Excelerator/dist/Excelerate.app/Contents/Resources/lib/python3.11/numpy/ma/LICENSE
copying file /Users/calum/Developer/Excelerator/env/lib/python3.11/site-packages/numpy/ma/__init__.pyi -> /Users/calum/Developer/Excelerator/dist/Excelerate.app/Contents/Resources/lib/python3.11/numpy/ma/__init__.pyi
copying file /Users/calum/Developer/Excelerator/env/lib/python3.11/site-packages/numpy/ma/testutils.py -> /Users/calum/Developer/Excelerator/dist/Excelerate.app/Contents/Resources/lib/python3.11/numpy/ma/testutils.py
copying file /Users/calum/Developer/Excelerator/env/lib/python3.11/site-packages/numpy/ma/core.pyi -> /Users/calum/Developer/Excelerator/dist/Excelerate.app/Contents/Resources/lib/python3.11/numpy/ma/core.pyi
copying file /Users/calum/Developer/Excelerator/env/lib/python3.11/site-packages/numpy/ma/mrecords.pyi -> /Users/calum/Developer/Excelerator/dist/Excelerate.app/Contents/Resources/lib/python3.11/numpy/ma/mrecords.pyi
creating /Users/calum/Developer/Excelerator/dist/Excelerate.app/Contents/Resources/lib/python3.11/numpy/ma/tests
copying file /Users/calum/Developer/Excelerator/env/lib/python3.11/site-packages/numpy/ma/tests/test_old_ma.py -> /Users/calum/Developer/Excelerator/dist/Excelerate.app/Contents/Resources/lib/python3.11/numpy/ma/tests/test_old_ma.py
copying file /Users/calum/Developer/Excelerator/env/lib/python3.11/site-packages/numpy/ma/tests/test_core.py -> /Users/calum/Developer/Excelerator/dist/Excelerate.app/Contents/Resources/lib/python3.11/numpy/ma/tests/test_core.py
copying file /Users/calum/Developer/Excelerator/env/lib/python3.11/site-packages/numpy/ma/tests/test_deprecations.py -> /Users/calum/Developer/Excelerator/dist/Excelerate.app/Contents/Resources/lib/python3.11/numpy/ma/tests/test_deprecations.py
copying file /Users/calum/Developer/Excelerator/env/lib/python3.11/site-packages/numpy/ma/tests/__init__.py -> /Users/calum/Developer/Excelerator/dist/Excelerate.app/Contents/Resources/lib/python3.11/numpy/ma/tests/__init__.py
creating /Users/calum/Developer/Excelerator/dist/Excelerate.app/Contents/Resources/lib/python3.11/numpy/ma/tests/__pycache__
copying file /Users/calum/Developer/Excelerator/env/lib/python3.11/site-packages/numpy/ma/tests/__pycache__/test_regression.cpython-311.pyc -> /Users/calum/Developer/Excelerator/dist/Excelerate.app/Contents/Resources/lib/python3.11/numpy/ma/tests/__pycache__/test_regression.cpython-311.pyc
copying file /Users/calum/Developer/Excelerator/env/lib/python3.11/site-packages/numpy/ma/tests/__pycache__/test_deprecations.cpython-311.pyc -> /Users/calum/Developer/Excelerator/dist/Excelerate.app/Contents/Resources/lib/python3.11/numpy/ma/tests/__pycache__/test_deprecations.cpython-311.pyc
copying file /Users/calum/Developer/Excelerator/env/lib/python3.11/site-packages/numpy/ma/tests/__pycache__/test_subclassing.cpython-311.pyc -> /Users/calum/Developer/Excelerator/dist/Excelerate.app/Contents/Resources/lib/python3.11/numpy/ma/tests/__pycache__/test_subclassing.cpython-311.pyc
copying file /Users/calum/Developer/Excelerator/env/lib/python3.11/site-packages/numpy/ma/tests/__pycache__/test_extras.cpython-311.pyc -> /Users/calum/Developer/Excelerator/dist/Excelerate.app/Contents/Resources/lib/python3.11/numpy/ma/tests/__pycache__/test_extras.cpython-311.pyc
copying file /Users/calum/Developer/Excelerator/env/lib/python3.11/site-packages/numpy/ma/tests/__pycache__/test_mrecords.cpython-311.pyc -> /Users/calum/Developer/Excelerator/dist/Excelerate.app/Contents/Resources/lib/python3.11/numpy/ma/tests/__pycache__/test_mrecords.cpython-311.pyc
copying file /Users/calum/Developer/Excelerator/env/lib/python3.11/site-packages/numpy/ma/tests/__pycache__/test_core.cpython-311.pyc -> /Users/calum/Developer/Excelerator/dist/Excelerate.app/Contents/Resources/lib/python3.11/numpy/ma/tests/__pycache__/test_core.cpython-311.pyc
copying file /Users/calum/Developer/Excelerator/env/lib/python3.11/site-packages/numpy/ma/tests/__pycache__/test_old_ma.cpython-311.pyc -> /Users/calum/Developer/Excelerator/dist/Excelerate.app/Contents/Resources/lib/python3.11/numpy/ma/tests/__pycache__/test_old_ma.cpython-311.pyc
copying file /Users/calum/Developer/Excelerator/env/lib/python3.11/site-packages/numpy/ma/tests/__pycache__/__init__.cpython-311.pyc -> /Users/calum/Developer/Excelerator/dist/Excelerate.app/Contents/Resources/lib/python3.11/numpy/ma/tests/__pycache__/__init__.cpython-311.pyc
copying file /Users/calum/Developer/Excelerator/env/lib/python3.11/site-packages/numpy/ma/tests/test_subclassing.py -> /Users/calum/Developer/Excelerator/dist/Excelerate.app/Contents/Resources/lib/python3.11/numpy/ma/tests/test_subclassing.py
copying file /Users/calum/Developer/Excelerator/env/lib/python3.11/site-packages/numpy/ma/tests/test_extras.py -> /Users/calum/Developer/Excelerator/dist/Excelerate.app/Contents/Resources/lib/python3.11/numpy/ma/tests/test_extras.py
copying file /Users/calum/Developer/Excelerator/env/lib/python3.11/site-packages/numpy/ma/tests/test_mrecords.py -> /Users/calum/Developer/Excelerator/dist/Excelerate.app/Contents/Resources/lib/python3.11/numpy/ma/tests/test_mrecords.py
copying file /Users/calum/Developer/Excelerator/env/lib/python3.11/site-packages/numpy/ma/tests/test_regression.py -> /Users/calum/Developer/Excelerator/dist/Excelerate.app/Contents/Resources/lib/python3.11/numpy/ma/tests/test_regression.py
copying file /Users/calum/Developer/Excelerator/env/lib/python3.11/site-packages/numpy/ma/API_CHANGES.txt -> /Users/calum/Developer/Excelerator/dist/Excelerate.app/Contents/Resources/lib/python3.11/numpy/ma/API_CHANGES.txt
copying file /Users/calum/Developer/Excelerator/env/lib/python3.11/site-packages/numpy/ma/__init__.py -> /Users/calum/Developer/Excelerator/dist/Excelerate.app/Contents/Resources/lib/python3.11/numpy/ma/__init__.py
copying file /Users/calum/Developer/Excelerator/env/lib/python3.11/site-packages/numpy/ma/core.py -> /Users/calum/Developer/Excelerator/dist/Excelerate.app/Contents/Resources/lib/python3.11/numpy/ma/core.py
creating /Users/calum/Developer/Excelerator/dist/Excelerate.app/Contents/Resources/lib/python3.11/numpy/ma/__pycache__
copying file /Users/calum/Developer/Excelerator/env/lib/python3.11/site-packages/numpy/ma/__pycache__/core.cpython-311.pyc -> /Users/calum/Developer/Excelerator/dist/Excelerate.app/Contents/Resources/lib/python3.11/numpy/ma/__pycache__/core.cpython-311.pyc
copying file /Users/calum/Developer/Excelerator/env/lib/python3.11/site-packages/numpy/ma/__pycache__/setup.cpython-311.pyc -> /Users/calum/Developer/Excelerator/dist/Excelerate.app/Contents/Resources/lib/python3.11/numpy/ma/__pycache__/setup.cpython-311.pyc
copying file /Users/calum/Developer/Excelerator/env/lib/python3.11/site-packages/numpy/ma/__pycache__/timer_comparison.cpython-311.pyc -> /Users/calum/Developer/Excelerator/dist/Excelerate.app/Contents/Resources/lib/python3.11/numpy/ma/__pycache__/timer_comparison.cpython-311.pyc
copying file /Users/calum/Developer/Excelerator/env/lib/python3.11/site-packages/numpy/ma/__pycache__/mrecords.cpython-311.pyc -> /Users/calum/Developer/Excelerator/dist/Excelerate.app/Contents/Resources/lib/python3.11/numpy/ma/__pycache__/mrecords.cpython-311.pyc
copying file /Users/calum/Developer/Excelerator/env/lib/python3.11/site-packages/numpy/ma/__pycache__/extras.cpython-311.pyc -> /Users/calum/Developer/Excelerator/dist/Excelerate.app/Contents/Resources/lib/python3.11/numpy/ma/__pycache__/extras.cpython-311.pyc
copying file /Users/calum/Developer/Excelerator/env/lib/python3.11/site-packages/numpy/ma/__pycache__/testutils.cpython-311.pyc -> /Users/calum/Developer/Excelerator/dist/Excelerate.app/Contents/Resources/lib/python3.11/numpy/ma/__pycache__/testutils.cpython-311.pyc
copying file /Users/calum/Developer/Excelerator/env/lib/python3.11/site-packages/numpy/ma/__pycache__/__init__.cpython-311.pyc -> /Users/calum/Developer/Excelerator/dist/Excelerate.app/Contents/Resources/lib/python3.11/numpy/ma/__pycache__/__init__.cpython-311.pyc
copying file /Users/calum/Developer/Excelerator/env/lib/python3.11/site-packages/numpy/ma/setup.py -> /Users/calum/Developer/Excelerator/dist/Excelerate.app/Contents/Resources/lib/python3.11/numpy/ma/setup.py
copying file /Users/calum/Developer/Excelerator/env/lib/python3.11/site-packages/numpy/ma/README.rst -> /Users/calum/Developer/Excelerator/dist/Excelerate.app/Contents/Resources/lib/python3.11/numpy/ma/README.rst
copying file /Users/calum/Developer/Excelerator/env/lib/python3.11/site-packages/numpy/ma/extras.pyi -> /Users/calum/Developer/Excelerator/dist/Excelerate.app/Contents/Resources/lib/python3.11/numpy/ma/extras.pyi
copying file /Users/calum/Developer/Excelerator/env/lib/python3.11/site-packages/numpy/ma/timer_comparison.py -> /Users/calum/Developer/Excelerator/dist/Excelerate.app/Contents/Resources/lib/python3.11/numpy/ma/timer_comparison.py
copying file /Users/calum/Developer/Excelerator/env/lib/python3.11/site-packages/numpy/ma/mrecords.py -> /Users/calum/Developer/Excelerator/dist/Excelerate.app/Contents/Resources/lib/python3.11/numpy/ma/mrecords.py
copying file /Users/calum/Developer/Excelerator/env/lib/python3.11/site-packages/numpy/__init__.cython-30.pxd -> /Users/calum/Developer/Excelerator/dist/Excelerate.app/Contents/Resources/lib/python3.11/numpy/__init__.cython-30.pxd
copying file /Users/calum/Developer/Excelerator/env/lib/python3.11/site-packages/numpy/__init__.pyi -> /Users/calum/Developer/Excelerator/dist/Excelerate.app/Contents/Resources/lib/python3.11/numpy/__init__.pyi
creating /Users/calum/Developer/Excelerator/dist/Excelerate.app/Contents/Resources/lib/python3.11/numpy/_core
copying file /Users/calum/Developer/Excelerator/env/lib/python3.11/site-packages/numpy/_core/umath.py -> /Users/calum/Developer/Excelerator/dist/Excelerate.app/Contents/Resources/lib/python3.11/numpy/_core/umath.py
copying file /Users/calum/Developer/Excelerator/env/lib/python3.11/site-packages/numpy/_core/_dtype.py -> /Users/calum/Developer/Excelerator/dist/Excelerate.app/Contents/Resources/lib/python3.11/numpy/_core/_dtype.py
copying file /Users/calum/Developer/Excelerator/env/lib/python3.11/site-packages/numpy/_core/_internal.py -> /Users/calum/Developer/Excelerator/dist/Excelerate.app/Contents/Resources/lib/python3.11/numpy/_core/_internal.py
copying file /Users/calum/Developer/Excelerator/env/lib/python3.11/site-packages/numpy/_core/__init__.pyi -> /Users/calum/Developer/Excelerator/dist/Excelerate.app/Contents/Resources/lib/python3.11/numpy/_core/__init__.pyi
copying file /Users/calum/Developer/Excelerator/env/lib/python3.11/site-packages/numpy/_core/multiarray.py -> /Users/calum/Developer/Excelerator/dist/Excelerate.app/Contents/Resources/lib/python3.11/numpy/_core/multiarray.py
copying file /Users/calum/Developer/Excelerator/env/lib/python3.11/site-packages/numpy/_core/__init__.py -> /Users/calum/Developer/Excelerator/dist/Excelerate.app/Contents/Resources/lib/python3.11/numpy/_core/__init__.py
copying file /Users/calum/Developer/Excelerator/env/lib/python3.11/site-packages/numpy/_core/_dtype_ctypes.py -> /Users/calum/Developer/Excelerator/dist/Excelerate.app/Contents/Resources/lib/python3.11/numpy/_core/_dtype_ctypes.py
creating /Users/calum/Developer/Excelerator/dist/Excelerate.app/Contents/Resources/lib/python3.11/numpy/_core/__pycache__
copying file /Users/calum/Developer/Excelerator/env/lib/python3.11/site-packages/numpy/_core/__pycache__/umath.cpython-311.pyc -> /Users/calum/Developer/Excelerator/dist/Excelerate.app/Contents/Resources/lib/python3.11/numpy/_core/__pycache__/umath.cpython-311.pyc
copying file /Users/calum/Developer/Excelerator/env/lib/python3.11/site-packages/numpy/_core/__pycache__/_internal.cpython-311.pyc -> /Users/calum/Developer/Excelerator/dist/Excelerate.app/Contents/Resources/lib/python3.11/numpy/_core/__pycache__/_internal.cpython-311.pyc
copying file /Users/calum/Developer/Excelerator/env/lib/python3.11/site-packages/numpy/_core/__pycache__/_dtype.cpython-311.pyc -> /Users/calum/Developer/Excelerator/dist/Excelerate.app/Contents/Resources/lib/python3.11/numpy/_core/__pycache__/_dtype.cpython-311.pyc
copying file /Users/calum/Developer/Excelerator/env/lib/python3.11/site-packages/numpy/_core/__pycache__/_dtype_ctypes.cpython-311.pyc -> /Users/calum/Developer/Excelerator/dist/Excelerate.app/Contents/Resources/lib/python3.11/numpy/_core/__pycache__/_dtype_ctypes.cpython-311.pyc
copying file /Users/calum/Developer/Excelerator/env/lib/python3.11/site-packages/numpy/_core/__pycache__/_multiarray_umath.cpython-311.pyc -> /Users/calum/Developer/Excelerator/dist/Excelerate.app/Contents/Resources/lib/python3.11/numpy/_core/__pycache__/_multiarray_umath.cpython-311.pyc
copying file /Users/calum/Developer/Excelerator/env/lib/python3.11/site-packages/numpy/_core/__pycache__/multiarray.cpython-311.pyc -> /Users/calum/Developer/Excelerator/dist/Excelerate.app/Contents/Resources/lib/python3.11/numpy/_core/__pycache__/multiarray.cpython-311.pyc
copying file /Users/calum/Developer/Excelerator/env/lib/python3.11/site-packages/numpy/_core/__pycache__/__init__.cpython-311.pyc -> /Users/calum/Developer/Excelerator/dist/Excelerate.app/Contents/Resources/lib/python3.11/numpy/_core/__pycache__/__init__.cpython-311.pyc
copying file /Users/calum/Developer/Excelerator/env/lib/python3.11/site-packages/numpy/_core/_multiarray_umath.py -> /Users/calum/Developer/Excelerator/dist/Excelerate.app/Contents/Resources/lib/python3.11/numpy/_core/_multiarray_umath.py
copying file /Users/calum/Developer/Excelerator/env/lib/python3.11/site-packages/numpy/_globals.py -> /Users/calum/Developer/Excelerator/dist/Excelerate.app/Contents/Resources/lib/python3.11/numpy/_globals.py
creating /Users/calum/Developer/Excelerator/dist/Excelerate.app/Contents/Resources/lib/python3.11/numpy/_typing
copying file /Users/calum/Developer/Excelerator/env/lib/python3.11/site-packages/numpy/_typing/_char_codes.py -> /Users/calum/Developer/Excelerator/dist/Excelerate.app/Contents/Resources/lib/python3.11/numpy/_typing/_char_codes.py
copying file /Users/calum/Developer/Excelerator/env/lib/python3.11/site-packages/numpy/_typing/_extended_precision.py -> /Users/calum/Developer/Excelerator/dist/Excelerate.app/Contents/Resources/lib/python3.11/numpy/_typing/_extended_precision.py
copying file /Users/calum/Developer/Excelerator/env/lib/python3.11/site-packages/numpy/_typing/_ufunc.pyi -> /Users/calum/Developer/Excelerator/dist/Excelerate.app/Contents/Resources/lib/python3.11/numpy/_typing/_ufunc.pyi
copying file /Users/calum/Developer/Excelerator/env/lib/python3.11/site-packages/numpy/_typing/_nbit.py -> /Users/calum/Developer/Excelerator/dist/Excelerate.app/Contents/Resources/lib/python3.11/numpy/_typing/_nbit.py
copying file /Users/calum/Developer/Excelerator/env/lib/python3.11/site-packages/numpy/_typing/__init__.py -> /Users/calum/Developer/Excelerator/dist/Excelerate.app/Contents/Resources/lib/python3.11/numpy/_typing/__init__.py
creating /Users/calum/Developer/Excelerator/dist/Excelerate.app/Contents/Resources/lib/python3.11/numpy/_typing/__pycache__
copying file /Users/calum/Developer/Excelerator/env/lib/python3.11/site-packages/numpy/_typing/__pycache__/_dtype_like.cpython-311.pyc -> /Users/calum/Developer/Excelerator/dist/Excelerate.app/Contents/Resources/lib/python3.11/numpy/_typing/__pycache__/_dtype_like.cpython-311.pyc
copying file /Users/calum/Developer/Excelerator/env/lib/python3.11/site-packages/numpy/_typing/__pycache__/setup.cpython-311.pyc -> /Users/calum/Developer/Excelerator/dist/Excelerate.app/Contents/Resources/lib/python3.11/numpy/_typing/__pycache__/setup.cpython-311.pyc
copying file /Users/calum/Developer/Excelerator/env/lib/python3.11/site-packages/numpy/_typing/__pycache__/_array_like.cpython-311.pyc -> /Users/calum/Developer/Excelerator/dist/Excelerate.app/Contents/Resources/lib/python3.11/numpy/_typing/__pycache__/_array_like.cpython-311.pyc
copying file /Users/calum/Developer/Excelerator/env/lib/python3.11/site-packages/numpy/_typing/__pycache__/_shape.cpython-311.pyc -> /Users/calum/Developer/Excelerator/dist/Excelerate.app/Contents/Resources/lib/python3.11/numpy/_typing/__pycache__/_shape.cpython-311.pyc
copying file /Users/calum/Developer/Excelerator/env/lib/python3.11/site-packages/numpy/_typing/__pycache__/_nbit.cpython-311.pyc -> /Users/calum/Developer/Excelerator/dist/Excelerate.app/Contents/Resources/lib/python3.11/numpy/_typing/__pycache__/_nbit.cpython-311.pyc
copying file /Users/calum/Developer/Excelerator/env/lib/python3.11/site-packages/numpy/_typing/__pycache__/_scalars.cpython-311.pyc -> /Users/calum/Developer/Excelerator/dist/Excelerate.app/Contents/Resources/lib/python3.11/numpy/_typing/__pycache__/_scalars.cpython-311.pyc
copying file /Users/calum/Developer/Excelerator/env/lib/python3.11/site-packages/numpy/_typing/__pycache__/_nested_sequence.cpython-311.pyc -> /Users/calum/Developer/Excelerator/dist/Excelerate.app/Contents/Resources/lib/python3.11/numpy/_typing/__pycache__/_nested_sequence.cpython-311.pyc
copying file /Users/calum/Developer/Excelerator/env/lib/python3.11/site-packages/numpy/_typing/__pycache__/_char_codes.cpython-311.pyc -> /Users/calum/Developer/Excelerator/dist/Excelerate.app/Contents/Resources/lib/python3.11/numpy/_typing/__pycache__/_char_codes.cpython-311.pyc
copying file /Users/calum/Developer/Excelerator/env/lib/python3.11/site-packages/numpy/_typing/__pycache__/_add_docstring.cpython-311.pyc -> /Users/calum/Developer/Excelerator/dist/Excelerate.app/Contents/Resources/lib/python3.11/numpy/_typing/__pycache__/_add_docstring.cpython-311.pyc
copying file /Users/calum/Developer/Excelerator/env/lib/python3.11/site-packages/numpy/_typing/__pycache__/__init__.cpython-311.pyc -> /Users/calum/Developer/Excelerator/dist/Excelerate.app/Contents/Resources/lib/python3.11/numpy/_typing/__pycache__/__init__.cpython-311.pyc
copying file /Users/calum/Developer/Excelerator/env/lib/python3.11/site-packages/numpy/_typing/__pycache__/_extended_precision.cpython-311.pyc -> /Users/calum/Developer/Excelerator/dist/Excelerate.app/Contents/Resources/lib/python3.11/numpy/_typing/__pycache__/_extended_precision.cpython-311.pyc
copying file /Users/calum/Developer/Excelerator/env/lib/python3.11/site-packages/numpy/_typing/_dtype_like.py -> /Users/calum/Developer/Excelerator/dist/Excelerate.app/Contents/Resources/lib/python3.11/numpy/_typing/_dtype_like.py
copying file /Users/calum/Developer/Excelerator/env/lib/python3.11/site-packages/numpy/_typing/setup.py -> /Users/calum/Developer/Excelerator/dist/Excelerate.app/Contents/Resources/lib/python3.11/numpy/_typing/setup.py
copying file /Users/calum/Developer/Excelerator/env/lib/python3.11/site-packages/numpy/_typing/_array_like.py -> /Users/calum/Developer/Excelerator/dist/Excelerate.app/Contents/Resources/lib/python3.11/numpy/_typing/_array_like.py
copying file /Users/calum/Developer/Excelerator/env/lib/python3.11/site-packages/numpy/_typing/_scalars.py -> /Users/calum/Developer/Excelerator/dist/Excelerate.app/Contents/Resources/lib/python3.11/numpy/_typing/_scalars.py
copying file /Users/calum/Developer/Excelerator/env/lib/python3.11/site-packages/numpy/_typing/_shape.py -> /Users/calum/Developer/Excelerator/dist/Excelerate.app/Contents/Resources/lib/python3.11/numpy/_typing/_shape.py
copying file /Users/calum/Developer/Excelerator/env/lib/python3.11/site-packages/numpy/_typing/_add_docstring.py -> /Users/calum/Developer/Excelerator/dist/Excelerate.app/Contents/Resources/lib/python3.11/numpy/_typing/_add_docstring.py
copying file /Users/calum/Developer/Excelerator/env/lib/python3.11/site-packages/numpy/_typing/_nested_sequence.py -> /Users/calum/Developer/Excelerator/dist/Excelerate.app/Contents/Resources/lib/python3.11/numpy/_typing/_nested_sequence.py
copying file /Users/calum/Developer/Excelerator/env/lib/python3.11/site-packages/numpy/_typing/_callable.pyi -> /Users/calum/Developer/Excelerator/dist/Excelerate.app/Contents/Resources/lib/python3.11/numpy/_typing/_callable.pyi
copying file /Users/calum/Developer/Excelerator/env/lib/python3.11/site-packages/numpy/__init__.pxd -> /Users/calum/Developer/Excelerator/dist/Excelerate.app/Contents/Resources/lib/python3.11/numpy/__init__.pxd
creating /Users/calum/Developer/Excelerator/dist/Excelerate.app/Contents/Resources/lib/python3.11/numpy/tests
copying file /Users/calum/Developer/Excelerator/env/lib/python3.11/site-packages/numpy/tests/test_warnings.py -> /Users/calum/Developer/Excelerator/dist/Excelerate.app/Contents/Resources/lib/python3.11/numpy/tests/test_warnings.py
copying file /Users/calum/Developer/Excelerator/env/lib/python3.11/site-packages/numpy/tests/test_matlib.py -> /Users/calum/Developer/Excelerator/dist/Excelerate.app/Contents/Resources/lib/python3.11/numpy/tests/test_matlib.py
copying file /Users/calum/Developer/Excelerator/env/lib/python3.11/site-packages/numpy/tests/test_ctypeslib.py -> /Users/calum/Developer/Excelerator/dist/Excelerate.app/Contents/Resources/lib/python3.11/numpy/tests/test_ctypeslib.py
copying file /Users/calum/Developer/Excelerator/env/lib/python3.11/site-packages/numpy/tests/test_lazyloading.py -> /Users/calum/Developer/Excelerator/dist/Excelerate.app/Contents/Resources/lib/python3.11/numpy/tests/test_lazyloading.py
copying file /Users/calum/Developer/Excelerator/env/lib/python3.11/site-packages/numpy/tests/test__all__.py -> /Users/calum/Developer/Excelerator/dist/Excelerate.app/Contents/Resources/lib/python3.11/numpy/tests/test__all__.py
copying file /Users/calum/Developer/Excelerator/env/lib/python3.11/site-packages/numpy/tests/test_numpy_version.py -> /Users/calum/Developer/Excelerator/dist/Excelerate.app/Contents/Resources/lib/python3.11/numpy/tests/test_numpy_version.py
copying file /Users/calum/Developer/Excelerator/env/lib/python3.11/site-packages/numpy/tests/__init__.py -> /Users/calum/Developer/Excelerator/dist/Excelerate.app/Contents/Resources/lib/python3.11/numpy/tests/__init__.py
creating /Users/calum/Developer/Excelerator/dist/Excelerate.app/Contents/Resources/lib/python3.11/numpy/tests/__pycache__
copying file /Users/calum/Developer/Excelerator/env/lib/python3.11/site-packages/numpy/tests/__pycache__/test_matlib.cpython-311.pyc -> /Users/calum/Developer/Excelerator/dist/Excelerate.app/Contents/Resources/lib/python3.11/numpy/tests/__pycache__/test_matlib.cpython-311.pyc
copying file /Users/calum/Developer/Excelerator/env/lib/python3.11/site-packages/numpy/tests/__pycache__/test_scripts.cpython-311.pyc -> /Users/calum/Developer/Excelerator/dist/Excelerate.app/Contents/Resources/lib/python3.11/numpy/tests/__pycache__/test_scripts.cpython-311.pyc
copying file /Users/calum/Developer/Excelerator/env/lib/python3.11/site-packages/numpy/tests/__pycache__/test_warnings.cpython-311.pyc -> /Users/calum/Developer/Excelerator/dist/Excelerate.app/Contents/Resources/lib/python3.11/numpy/tests/__pycache__/test_warnings.cpython-311.pyc
copying file /Users/calum/Developer/Excelerator/env/lib/python3.11/site-packages/numpy/tests/__pycache__/test_numpy_config.cpython-311.pyc -> /Users/calum/Developer/Excelerator/dist/Excelerate.app/Contents/Resources/lib/python3.11/numpy/tests/__pycache__/test_numpy_config.cpython-311.pyc
copying file /Users/calum/Developer/Excelerator/env/lib/python3.11/site-packages/numpy/tests/__pycache__/test_ctypeslib.cpython-311.pyc -> /Users/calum/Developer/Excelerator/dist/Excelerate.app/Contents/Resources/lib/python3.11/numpy/tests/__pycache__/test_ctypeslib.cpython-311.pyc
copying file /Users/calum/Developer/Excelerator/env/lib/python3.11/site-packages/numpy/tests/__pycache__/test_numpy_version.cpython-311.pyc -> /Users/calum/Developer/Excelerator/dist/Excelerate.app/Contents/Resources/lib/python3.11/numpy/tests/__pycache__/test_numpy_version.cpython-311.pyc
copying file /Users/calum/Developer/Excelerator/env/lib/python3.11/site-packages/numpy/tests/__pycache__/test_reloading.cpython-311.pyc -> /Users/calum/Developer/Excelerator/dist/Excelerate.app/Contents/Resources/lib/python3.11/numpy/tests/__pycache__/test_reloading.cpython-311.pyc
copying file /Users/calum/Developer/Excelerator/env/lib/python3.11/site-packages/numpy/tests/__pycache__/test_lazyloading.cpython-311.pyc -> /Users/calum/Developer/Excelerator/dist/Excelerate.app/Contents/Resources/lib/python3.11/numpy/tests/__pycache__/test_lazyloading.cpython-311.pyc
copying file /Users/calum/Developer/Excelerator/env/lib/python3.11/site-packages/numpy/tests/__pycache__/test_public_api.cpython-311.pyc -> /Users/calum/Developer/Excelerator/dist/Excelerate.app/Contents/Resources/lib/python3.11/numpy/tests/__pycache__/test_public_api.cpython-311.pyc
copying file /Users/calum/Developer/Excelerator/env/lib/python3.11/site-packages/numpy/tests/__pycache__/__init__.cpython-311.pyc -> /Users/calum/Developer/Excelerator/dist/Excelerate.app/Contents/Resources/lib/python3.11/numpy/tests/__pycache__/__init__.cpython-311.pyc
copying file /Users/calum/Developer/Excelerator/env/lib/python3.11/site-packages/numpy/tests/__pycache__/test__all__.cpython-311.pyc -> /Users/calum/Developer/Excelerator/dist/Excelerate.app/Contents/Resources/lib/python3.11/numpy/tests/__pycache__/test__all__.cpython-311.pyc
copying file /Users/calum/Developer/Excelerator/env/lib/python3.11/site-packages/numpy/tests/test_reloading.py -> /Users/calum/Developer/Excelerator/dist/Excelerate.app/Contents/Resources/lib/python3.11/numpy/tests/test_reloading.py
copying file /Users/calum/Developer/Excelerator/env/lib/python3.11/site-packages/numpy/tests/test_public_api.py -> /Users/calum/Developer/Excelerator/dist/Excelerate.app/Contents/Resources/lib/python3.11/numpy/tests/test_public_api.py
copying file /Users/calum/Developer/Excelerator/env/lib/python3.11/site-packages/numpy/tests/test_scripts.py -> /Users/calum/Developer/Excelerator/dist/Excelerate.app/Contents/Resources/lib/python3.11/numpy/tests/test_scripts.py
copying file /Users/calum/Developer/Excelerator/env/lib/python3.11/site-packages/numpy/tests/test_numpy_config.py -> /Users/calum/Developer/Excelerator/dist/Excelerate.app/Contents/Resources/lib/python3.11/numpy/tests/test_numpy_config.py
creating /Users/calum/Developer/Excelerator/dist/Excelerate.app/Contents/Resources/lib/python3.11/numpy/_pyinstaller
copying file /Users/calum/Developer/Excelerator/env/lib/python3.11/site-packages/numpy/_pyinstaller/test_pyinstaller.py -> /Users/calum/Developer/Excelerator/dist/Excelerate.app/Contents/Resources/lib/python3.11/numpy/_pyinstaller/test_pyinstaller.py
copying file /Users/calum/Developer/Excelerator/env/lib/python3.11/site-packages/numpy/_pyinstaller/__init__.py -> /Users/calum/Developer/Excelerator/dist/Excelerate.app/Contents/Resources/lib/python3.11/numpy/_pyinstaller/__init__.py
creating /Users/calum/Developer/Excelerator/dist/Excelerate.app/Contents/Resources/lib/python3.11/numpy/_pyinstaller/__pycache__
copying file /Users/calum/Developer/Excelerator/env/lib/python3.11/site-packages/numpy/_pyinstaller/__pycache__/pyinstaller-smoke.cpython-311.pyc -> /Users/calum/Developer/Excelerator/dist/Excelerate.app/Contents/Resources/lib/python3.11/numpy/_pyinstaller/__pycache__/pyinstaller-smoke.cpython-311.pyc
copying file /Users/calum/Developer/Excelerator/env/lib/python3.11/site-packages/numpy/_pyinstaller/__pycache__/hook-numpy.cpython-311.pyc -> /Users/calum/Developer/Excelerator/dist/Excelerate.app/Contents/Resources/lib/python3.11/numpy/_pyinstaller/__pycache__/hook-numpy.cpython-311.pyc
copying file /Users/calum/Developer/Excelerator/env/lib/python3.11/site-packages/numpy/_pyinstaller/__pycache__/__init__.cpython-311.pyc -> /Users/calum/Developer/Excelerator/dist/Excelerate.app/Contents/Resources/lib/python3.11/numpy/_pyinstaller/__pycache__/__init__.cpython-311.pyc
copying file /Users/calum/Developer/Excelerator/env/lib/python3.11/site-packages/numpy/_pyinstaller/__pycache__/test_pyinstaller.cpython-311.pyc -> /Users/calum/Developer/Excelerator/dist/Excelerate.app/Contents/Resources/lib/python3.11/numpy/_pyinstaller/__pycache__/test_pyinstaller.cpython-311.pyc
copying file /Users/calum/Developer/Excelerator/env/lib/python3.11/site-packages/numpy/_pyinstaller/hook-numpy.py -> /Users/calum/Developer/Excelerator/dist/Excelerate.app/Contents/Resources/lib/python3.11/numpy/_pyinstaller/hook-numpy.py
copying file /Users/calum/Developer/Excelerator/env/lib/python3.11/site-packages/numpy/_pyinstaller/pyinstaller-smoke.py -> /Users/calum/Developer/Excelerator/dist/Excelerate.app/Contents/Resources/lib/python3.11/numpy/_pyinstaller/pyinstaller-smoke.py
copying file /Users/calum/Developer/Excelerator/env/lib/python3.11/site-packages/numpy/exceptions.pyi -> /Users/calum/Developer/Excelerator/dist/Excelerate.app/Contents/Resources/lib/python3.11/numpy/exceptions.pyi
copying file /Users/calum/Developer/Excelerator/env/lib/python3.11/site-packages/numpy/__init__.py -> /Users/calum/Developer/Excelerator/dist/Excelerate.app/Contents/Resources/lib/python3.11/numpy/__init__.py
creating /Users/calum/Developer/Excelerator/dist/Excelerate.app/Contents/Resources/lib/python3.11/numpy/array_api
copying file /Users/calum/Developer/Excelerator/env/lib/python3.11/site-packages/numpy/array_api/_constants.py -> /Users/calum/Developer/Excelerator/dist/Excelerate.app/Contents/Resources/lib/python3.11/numpy/array_api/_constants.py
copying file /Users/calum/Developer/Excelerator/env/lib/python3.11/site-packages/numpy/array_api/_elementwise_functions.py -> /Users/calum/Developer/Excelerator/dist/Excelerate.app/Contents/Resources/lib/python3.11/numpy/array_api/_elementwise_functions.py
copying file /Users/calum/Developer/Excelerator/env/lib/python3.11/site-packages/numpy/array_api/_sorting_functions.py -> /Users/calum/Developer/Excelerator/dist/Excelerate.app/Contents/Resources/lib/python3.11/numpy/array_api/_sorting_functions.py
copying file /Users/calum/Developer/Excelerator/env/lib/python3.11/site-packages/numpy/array_api/_manipulation_functions.py -> /Users/calum/Developer/Excelerator/dist/Excelerate.app/Contents/Resources/lib/python3.11/numpy/array_api/_manipulation_functions.py
copying file /Users/calum/Developer/Excelerator/env/lib/python3.11/site-packages/numpy/array_api/_searching_functions.py -> /Users/calum/Developer/Excelerator/dist/Excelerate.app/Contents/Resources/lib/python3.11/numpy/array_api/_searching_functions.py
copying file /Users/calum/Developer/Excelerator/env/lib/python3.11/site-packages/numpy/array_api/_typing.py -> /Users/calum/Developer/Excelerator/dist/Excelerate.app/Contents/Resources/lib/python3.11/numpy/array_api/_typing.py
copying file /Users/calum/Developer/Excelerator/env/lib/python3.11/site-packages/numpy/array_api/_indexing_functions.py -> /Users/calum/Developer/Excelerator/dist/Excelerate.app/Contents/Resources/lib/python3.11/numpy/array_api/_indexing_functions.py
copying file /Users/calum/Developer/Excelerator/env/lib/python3.11/site-packages/numpy/array_api/_utility_functions.py -> /Users/calum/Developer/Excelerator/dist/Excelerate.app/Contents/Resources/lib/python3.11/numpy/array_api/_utility_functions.py
copying file /Users/calum/Developer/Excelerator/env/lib/python3.11/site-packages/numpy/array_api/_array_object.py -> /Users/calum/Developer/Excelerator/dist/Excelerate.app/Contents/Resources/lib/python3.11/numpy/array_api/_array_object.py
creating /Users/calum/Developer/Excelerator/dist/Excelerate.app/Contents/Resources/lib/python3.11/numpy/array_api/tests
copying file /Users/calum/Developer/Excelerator/env/lib/python3.11/site-packages/numpy/array_api/tests/test_indexing_functions.py -> /Users/calum/Developer/Excelerator/dist/Excelerate.app/Contents/Resources/lib/python3.11/numpy/array_api/tests/test_indexing_functions.py
copying file /Users/calum/Developer/Excelerator/env/lib/python3.11/site-packages/numpy/array_api/tests/test_set_functions.py -> /Users/calum/Developer/Excelerator/dist/Excelerate.app/Contents/Resources/lib/python3.11/numpy/array_api/tests/test_set_functions.py
copying file /Users/calum/Developer/Excelerator/env/lib/python3.11/site-packages/numpy/array_api/tests/test_array_object.py -> /Users/calum/Developer/Excelerator/dist/Excelerate.app/Contents/Resources/lib/python3.11/numpy/array_api/tests/test_array_object.py
copying file /Users/calum/Developer/Excelerator/env/lib/python3.11/site-packages/numpy/array_api/tests/test_validation.py -> /Users/calum/Developer/Excelerator/dist/Excelerate.app/Contents/Resources/lib/python3.11/numpy/array_api/tests/test_validation.py
copying file /Users/calum/Developer/Excelerator/env/lib/python3.11/site-packages/numpy/array_api/tests/test_data_type_functions.py -> /Users/calum/Developer/Excelerator/dist/Excelerate.app/Contents/Resources/lib/python3.11/numpy/array_api/tests/test_data_type_functions.py
copying file /Users/calum/Developer/Excelerator/env/lib/python3.11/site-packages/numpy/array_api/tests/test_elementwise_functions.py -> /Users/calum/Developer/Excelerator/dist/Excelerate.app/Contents/Resources/lib/python3.11/numpy/array_api/tests/test_elementwise_functions.py
copying file /Users/calum/Developer/Excelerator/env/lib/python3.11/site-packages/numpy/array_api/tests/__init__.py -> /Users/calum/Developer/Excelerator/dist/Excelerate.app/Contents/Resources/lib/python3.11/numpy/array_api/tests/__init__.py
creating /Users/calum/Developer/Excelerator/dist/Excelerate.app/Contents/Resources/lib/python3.11/numpy/array_api/tests/__pycache__
copying file /Users/calum/Developer/Excelerator/env/lib/python3.11/site-packages/numpy/array_api/tests/__pycache__/test_set_functions.cpython-311.pyc -> /Users/calum/Developer/Excelerator/dist/Excelerate.app/Contents/Resources/lib/python3.11/numpy/array_api/tests/__pycache__/test_set_functions.cpython-311.pyc
copying file /Users/calum/Developer/Excelerator/env/lib/python3.11/site-packages/numpy/array_api/tests/__pycache__/test_elementwise_functions.cpython-311.pyc -> /Users/calum/Developer/Excelerator/dist/Excelerate.app/Contents/Resources/lib/python3.11/numpy/array_api/tests/__pycache__/test_elementwise_functions.cpython-311.pyc
copying file /Users/calum/Developer/Excelerator/env/lib/python3.11/site-packages/numpy/array_api/tests/__pycache__/test_array_object.cpython-311.pyc -> /Users/calum/Developer/Excelerator/dist/Excelerate.app/Contents/Resources/lib/python3.11/numpy/array_api/tests/__pycache__/test_array_object.cpython-311.pyc
copying file /Users/calum/Developer/Excelerator/env/lib/python3.11/site-packages/numpy/array_api/tests/__pycache__/test_indexing_functions.cpython-311.pyc -> /Users/calum/Developer/Excelerator/dist/Excelerate.app/Contents/Resources/lib/python3.11/numpy/array_api/tests/__pycache__/test_indexing_functions.cpython-311.pyc
copying file /Users/calum/Developer/Excelerator/env/lib/python3.11/site-packages/numpy/array_api/tests/__pycache__/test_sorting_functions.cpython-311.pyc -> /Users/calum/Developer/Excelerator/dist/Excelerate.app/Contents/Resources/lib/python3.11/numpy/array_api/tests/__pycache__/test_sorting_functions.cpython-311.pyc
copying file /Users/calum/Developer/Excelerator/env/lib/python3.11/site-packages/numpy/array_api/tests/__pycache__/test_validation.cpython-311.pyc -> /Users/calum/Developer/Excelerator/dist/Excelerate.app/Contents/Resources/lib/python3.11/numpy/array_api/tests/__pycache__/test_validation.cpython-311.pyc
copying file /Users/calum/Developer/Excelerator/env/lib/python3.11/site-packages/numpy/array_api/tests/__pycache__/test_data_type_functions.cpython-311.pyc -> /Users/calum/Developer/Excelerator/dist/Excelerate.app/Contents/Resources/lib/python3.11/numpy/array_api/tests/__pycache__/test_data_type_functions.cpython-311.pyc
copying file /Users/calum/Developer/Excelerator/env/lib/python3.11/site-packages/numpy/array_api/tests/__pycache__/test_manipulation_functions.cpython-311.pyc -> /Users/calum/Developer/Excelerator/dist/Excelerate.app/Contents/Resources/lib/python3.11/numpy/array_api/tests/__pycache__/test_manipulation_functions.cpython-311.pyc
copying file /Users/calum/Developer/Excelerator/env/lib/python3.11/site-packages/numpy/array_api/tests/__pycache__/test_creation_functions.cpython-311.pyc -> /Users/calum/Developer/Excelerator/dist/Excelerate.app/Contents/Resources/lib/python3.11/numpy/array_api/tests/__pycache__/test_creation_functions.cpython-311.pyc
copying file /Users/calum/Developer/Excelerator/env/lib/python3.11/site-packages/numpy/array_api/tests/__pycache__/__init__.cpython-311.pyc -> /Users/calum/Developer/Excelerator/dist/Excelerate.app/Contents/Resources/lib/python3.11/numpy/array_api/tests/__pycache__/__init__.cpython-311.pyc
copying file /Users/calum/Developer/Excelerator/env/lib/python3.11/site-packages/numpy/array_api/tests/test_manipulation_functions.py -> /Users/calum/Developer/Excelerator/dist/Excelerate.app/Contents/Resources/lib/python3.11/numpy/array_api/tests/test_manipulation_functions.py
copying file /Users/calum/Developer/Excelerator/env/lib/python3.11/site-packages/numpy/array_api/tests/test_sorting_functions.py -> /Users/calum/Developer/Excelerator/dist/Excelerate.app/Contents/Resources/lib/python3.11/numpy/array_api/tests/test_sorting_functions.py
copying file /Users/calum/Developer/Excelerator/env/lib/python3.11/site-packages/numpy/array_api/tests/test_creation_functions.py -> /Users/calum/Developer/Excelerator/dist/Excelerate.app/Contents/Resources/lib/python3.11/numpy/array_api/tests/test_creation_functions.py
copying file /Users/calum/Developer/Excelerator/env/lib/python3.11/site-packages/numpy/array_api/__init__.py -> /Users/calum/Developer/Excelerator/dist/Excelerate.app/Contents/Resources/lib/python3.11/numpy/array_api/__init__.py
creating /Users/calum/Developer/Excelerator/dist/Excelerate.app/Contents/Resources/lib/python3.11/numpy/array_api/__pycache__
copying file /Users/calum/Developer/Excelerator/env/lib/python3.11/site-packages/numpy/array_api/__pycache__/_set_functions.cpython-311.pyc -> /Users/calum/Developer/Excelerator/dist/Excelerate.app/Contents/Resources/lib/python3.11/numpy/array_api/__pycache__/_set_functions.cpython-311.pyc
copying file /Users/calum/Developer/Excelerator/env/lib/python3.11/site-packages/numpy/array_api/__pycache__/_typing.cpython-311.pyc -> /Users/calum/Developer/Excelerator/dist/Excelerate.app/Contents/Resources/lib/python3.11/numpy/array_api/__pycache__/_typing.cpython-311.pyc
copying file /Users/calum/Developer/Excelerator/env/lib/python3.11/site-packages/numpy/array_api/__pycache__/_data_type_functions.cpython-311.pyc -> /Users/calum/Developer/Excelerator/dist/Excelerate.app/Contents/Resources/lib/python3.11/numpy/array_api/__pycache__/_data_type_functions.cpython-311.pyc
copying file /Users/calum/Developer/Excelerator/env/lib/python3.11/site-packages/numpy/array_api/__pycache__/_utility_functions.cpython-311.pyc -> /Users/calum/Developer/Excelerator/dist/Excelerate.app/Contents/Resources/lib/python3.11/numpy/array_api/__pycache__/_utility_functions.cpython-311.pyc
copying file /Users/calum/Developer/Excelerator/env/lib/python3.11/site-packages/numpy/array_api/__pycache__/linalg.cpython-311.pyc -> /Users/calum/Developer/Excelerator/dist/Excelerate.app/Contents/Resources/lib/python3.11/numpy/array_api/__pycache__/linalg.cpython-311.pyc
copying file /Users/calum/Developer/Excelerator/env/lib/python3.11/site-packages/numpy/array_api/__pycache__/_creation_functions.cpython-311.pyc -> /Users/calum/Developer/Excelerator/dist/Excelerate.app/Contents/Resources/lib/python3.11/numpy/array_api/__pycache__/_creation_functions.cpython-311.pyc
copying file /Users/calum/Developer/Excelerator/env/lib/python3.11/site-packages/numpy/array_api/__pycache__/setup.cpython-311.pyc -> /Users/calum/Developer/Excelerator/dist/Excelerate.app/Contents/Resources/lib/python3.11/numpy/array_api/__pycache__/setup.cpython-311.pyc
copying file /Users/calum/Developer/Excelerator/env/lib/python3.11/site-packages/numpy/array_api/__pycache__/_manipulation_functions.cpython-311.pyc -> /Users/calum/Developer/Excelerator/dist/Excelerate.app/Contents/Resources/lib/python3.11/numpy/array_api/__pycache__/_manipulation_functions.cpython-311.pyc
copying file /Users/calum/Developer/Excelerator/env/lib/python3.11/site-packages/numpy/array_api/__pycache__/_constants.cpython-311.pyc -> /Users/calum/Developer/Excelerator/dist/Excelerate.app/Contents/Resources/lib/python3.11/numpy/array_api/__pycache__/_constants.cpython-311.pyc
copying file /Users/calum/Developer/Excelerator/env/lib/python3.11/site-packages/numpy/array_api/__pycache__/_elementwise_functions.cpython-311.pyc -> /Users/calum/Developer/Excelerator/dist/Excelerate.app/Contents/Resources/lib/python3.11/numpy/array_api/__pycache__/_elementwise_functions.cpython-311.pyc
copying file /Users/calum/Developer/Excelerator/env/lib/python3.11/site-packages/numpy/array_api/__pycache__/_dtypes.cpython-311.pyc -> /Users/calum/Developer/Excelerator/dist/Excelerate.app/Contents/Resources/lib/python3.11/numpy/array_api/__pycache__/_dtypes.cpython-311.pyc
copying file /Users/calum/Developer/Excelerator/env/lib/python3.11/site-packages/numpy/array_api/__pycache__/_sorting_functions.cpython-311.pyc -> /Users/calum/Developer/Excelerator/dist/Excelerate.app/Contents/Resources/lib/python3.11/numpy/array_api/__pycache__/_sorting_functions.cpython-311.pyc
copying file /Users/calum/Developer/Excelerator/env/lib/python3.11/site-packages/numpy/array_api/__pycache__/_searching_functions.cpython-311.pyc -> /Users/calum/Developer/Excelerator/dist/Excelerate.app/Contents/Resources/lib/python3.11/numpy/array_api/__pycache__/_searching_functions.cpython-311.pyc
copying file /Users/calum/Developer/Excelerator/env/lib/python3.11/site-packages/numpy/array_api/__pycache__/_indexing_functions.cpython-311.pyc -> /Users/calum/Developer/Excelerator/dist/Excelerate.app/Contents/Resources/lib/python3.11/numpy/array_api/__pycache__/_indexing_functions.cpython-311.pyc
copying file /Users/calum/Developer/Excelerator/env/lib/python3.11/site-packages/numpy/array_api/__pycache__/_statistical_functions.cpython-311.pyc -> /Users/calum/Developer/Excelerator/dist/Excelerate.app/Contents/Resources/lib/python3.11/numpy/array_api/__pycache__/_statistical_functions.cpython-311.pyc
copying file /Users/calum/Developer/Excelerator/env/lib/python3.11/site-packages/numpy/array_api/__pycache__/_array_object.cpython-311.pyc -> /Users/calum/Developer/Excelerator/dist/Excelerate.app/Contents/Resources/lib/python3.11/numpy/array_api/__pycache__/_array_object.cpython-311.pyc
copying file /Users/calum/Developer/Excelerator/env/lib/python3.11/site-packages/numpy/array_api/__pycache__/__init__.cpython-311.pyc -> /Users/calum/Developer/Excelerator/dist/Excelerate.app/Contents/Resources/lib/python3.11/numpy/array_api/__pycache__/__init__.cpython-311.pyc
copying file /Users/calum/Developer/Excelerator/env/lib/python3.11/site-packages/numpy/array_api/_data_type_functions.py -> /Users/calum/Developer/Excelerator/dist/Excelerate.app/Contents/Resources/lib/python3.11/numpy/array_api/_data_type_functions.py
copying file /Users/calum/Developer/Excelerator/env/lib/python3.11/site-packages/numpy/array_api/setup.py -> /Users/calum/Developer/Excelerator/dist/Excelerate.app/Contents/Resources/lib/python3.11/numpy/array_api/setup.py
copying file /Users/calum/Developer/Excelerator/env/lib/python3.11/site-packages/numpy/array_api/_dtypes.py -> /Users/calum/Developer/Excelerator/dist/Excelerate.app/Contents/Resources/lib/python3.11/numpy/array_api/_dtypes.py
copying file /Users/calum/Developer/Excelerator/env/lib/python3.11/site-packages/numpy/array_api/linalg.py -> /Users/calum/Developer/Excelerator/dist/Excelerate.app/Contents/Resources/lib/python3.11/numpy/array_api/linalg.py
copying file /Users/calum/Developer/Excelerator/env/lib/python3.11/site-packages/numpy/array_api/_statistical_functions.py -> /Users/calum/Developer/Excelerator/dist/Excelerate.app/Contents/Resources/lib/python3.11/numpy/array_api/_statistical_functions.py
copying file /Users/calum/Developer/Excelerator/env/lib/python3.11/site-packages/numpy/array_api/_set_functions.py -> /Users/calum/Developer/Excelerator/dist/Excelerate.app/Contents/Resources/lib/python3.11/numpy/array_api/_set_functions.py
copying file /Users/calum/Developer/Excelerator/env/lib/python3.11/site-packages/numpy/array_api/_creation_functions.py -> /Users/calum/Developer/Excelerator/dist/Excelerate.app/Contents/Resources/lib/python3.11/numpy/array_api/_creation_functions.py
copying file /Users/calum/Developer/Excelerator/env/lib/python3.11/site-packages/numpy/dtypes.py -> /Users/calum/Developer/Excelerator/dist/Excelerate.app/Contents/Resources/lib/python3.11/numpy/dtypes.py
copying file /Users/calum/Developer/Excelerator/env/lib/python3.11/site-packages/numpy/_distributor_init.py -> /Users/calum/Developer/Excelerator/dist/Excelerate.app/Contents/Resources/lib/python3.11/numpy/_distributor_init.py
creating /Users/calum/Developer/Excelerator/dist/Excelerate.app/Contents/Resources/lib/python3.11/numpy/__pycache__
copying file /Users/calum/Developer/Excelerator/env/lib/python3.11/site-packages/numpy/__pycache__/__config__.cpython-311.pyc -> /Users/calum/Developer/Excelerator/dist/Excelerate.app/Contents/Resources/lib/python3.11/numpy/__pycache__/__config__.cpython-311.pyc
copying file /Users/calum/Developer/Excelerator/env/lib/python3.11/site-packages/numpy/__pycache__/_distributor_init.cpython-311.pyc -> /Users/calum/Developer/Excelerator/dist/Excelerate.app/Contents/Resources/lib/python3.11/numpy/__pycache__/_distributor_init.cpython-311.pyc
copying file /Users/calum/Developer/Excelerator/env/lib/python3.11/site-packages/numpy/__pycache__/_pytesttester.cpython-311.pyc -> /Users/calum/Developer/Excelerator/dist/Excelerate.app/Contents/Resources/lib/python3.11/numpy/__pycache__/_pytesttester.cpython-311.pyc
copying file /Users/calum/Developer/Excelerator/env/lib/python3.11/site-packages/numpy/__pycache__/_globals.cpython-311.pyc -> /Users/calum/Developer/Excelerator/dist/Excelerate.app/Contents/Resources/lib/python3.11/numpy/__pycache__/_globals.cpython-311.pyc
copying file /Users/calum/Developer/Excelerator/env/lib/python3.11/site-packages/numpy/__pycache__/matlib.cpython-311.pyc -> /Users/calum/Developer/Excelerator/dist/Excelerate.app/Contents/Resources/lib/python3.11/numpy/__pycache__/matlib.cpython-311.pyc
copying file /Users/calum/Developer/Excelerator/env/lib/python3.11/site-packages/numpy/__pycache__/conftest.cpython-311.pyc -> /Users/calum/Developer/Excelerator/dist/Excelerate.app/Contents/Resources/lib/python3.11/numpy/__pycache__/conftest.cpython-311.pyc
copying file /Users/calum/Developer/Excelerator/env/lib/python3.11/site-packages/numpy/__pycache__/dtypes.cpython-311.pyc -> /Users/calum/Developer/Excelerator/dist/Excelerate.app/Contents/Resources/lib/python3.11/numpy/__pycache__/dtypes.cpython-311.pyc
copying file /Users/calum/Developer/Excelerator/env/lib/python3.11/site-packages/numpy/__pycache__/exceptions.cpython-311.pyc -> /Users/calum/Developer/Excelerator/dist/Excelerate.app/Contents/Resources/lib/python3.11/numpy/__pycache__/exceptions.cpython-311.pyc
copying file /Users/calum/Developer/Excelerator/env/lib/python3.11/site-packages/numpy/__pycache__/ctypeslib.cpython-311.pyc -> /Users/calum/Developer/Excelerator/dist/Excelerate.app/Contents/Resources/lib/python3.11/numpy/__pycache__/ctypeslib.cpython-311.pyc
copying file /Users/calum/Developer/Excelerator/env/lib/python3.11/site-packages/numpy/__pycache__/version.cpython-311.pyc -> /Users/calum/Developer/Excelerator/dist/Excelerate.app/Contents/Resources/lib/python3.11/numpy/__pycache__/version.cpython-311.pyc
copying file /Users/calum/Developer/Excelerator/env/lib/python3.11/site-packages/numpy/__pycache__/__init__.cpython-311.pyc -> /Users/calum/Developer/Excelerator/dist/Excelerate.app/Contents/Resources/lib/python3.11/numpy/__pycache__/__init__.cpython-311.pyc
copying file /Users/calum/Developer/Excelerator/env/lib/python3.11/site-packages/numpy/__config__.py -> /Users/calum/Developer/Excelerator/dist/Excelerate.app/Contents/Resources/lib/python3.11/numpy/__config__.py
creating /Users/calum/Developer/Excelerator/dist/Excelerate.app/Contents/Resources/lib/python3.11/numpy/.dylibs
copying file /Users/calum/Developer/Excelerator/env/lib/python3.11/site-packages/numpy/.dylibs/libgfortran.5.dylib -> /Users/calum/Developer/Excelerator/dist/Excelerate.app/Contents/Resources/lib/python3.11/numpy/.dylibs/libgfortran.5.dylib
copying file /Users/calum/Developer/Excelerator/env/lib/python3.11/site-packages/numpy/.dylibs/libquadmath.0.dylib -> /Users/calum/Developer/Excelerator/dist/Excelerate.app/Contents/Resources/lib/python3.11/numpy/.dylibs/libquadmath.0.dylib
copying file /Users/calum/Developer/Excelerator/env/lib/python3.11/site-packages/numpy/.dylibs/libgcc_s.1.1.dylib -> /Users/calum/Developer/Excelerator/dist/Excelerate.app/Contents/Resources/lib/python3.11/numpy/.dylibs/libgcc_s.1.1.dylib
copying file /Users/calum/Developer/Excelerator/env/lib/python3.11/site-packages/numpy/.dylibs/libopenblas64_.0.dylib -> /Users/calum/Developer/Excelerator/dist/Excelerate.app/Contents/Resources/lib/python3.11/numpy/.dylibs/libopenblas64_.0.dylib
creating /Users/calum/Developer/Excelerator/dist/Excelerate.app/Contents/Resources/lib/python3.11/numpy/typing
creating /Users/calum/Developer/Excelerator/dist/Excelerate.app/Contents/Resources/lib/python3.11/numpy/typing/tests
copying file /Users/calum/Developer/Excelerator/env/lib/python3.11/site-packages/numpy/typing/tests/test_isfile.py -> /Users/calum/Developer/Excelerator/dist/Excelerate.app/Contents/Resources/lib/python3.11/numpy/typing/tests/test_isfile.py
copying file /Users/calum/Developer/Excelerator/env/lib/python3.11/site-packages/numpy/typing/tests/test_typing.py -> /Users/calum/Developer/Excelerator/dist/Excelerate.app/Contents/Resources/lib/python3.11/numpy/typing/tests/test_typing.py
copying file /Users/calum/Developer/Excelerator/env/lib/python3.11/site-packages/numpy/typing/tests/test_runtime.py -> /Users/calum/Developer/Excelerator/dist/Excelerate.app/Contents/Resources/lib/python3.11/numpy/typing/tests/test_runtime.py
copying file /Users/calum/Developer/Excelerator/env/lib/python3.11/site-packages/numpy/typing/tests/__init__.py -> /Users/calum/Developer/Excelerator/dist/Excelerate.app/Contents/Resources/lib/python3.11/numpy/typing/tests/__init__.py
creating /Users/calum/Developer/Excelerator/dist/Excelerate.app/Contents/Resources/lib/python3.11/numpy/typing/tests/__pycache__
copying file /Users/calum/Developer/Excelerator/env/lib/python3.11/site-packages/numpy/typing/tests/__pycache__/test_typing.cpython-311.pyc -> /Users/calum/Developer/Excelerator/dist/Excelerate.app/Contents/Resources/lib/python3.11/numpy/typing/tests/__pycache__/test_typing.cpython-311.pyc
copying file /Users/calum/Developer/Excelerator/env/lib/python3.11/site-packages/numpy/typing/tests/__pycache__/test_isfile.cpython-311.pyc -> /Users/calum/Developer/Excelerator/dist/Excelerate.app/Contents/Resources/lib/python3.11/numpy/typing/tests/__pycache__/test_isfile.cpython-311.pyc
copying file /Users/calum/Developer/Excelerator/env/lib/python3.11/site-packages/numpy/typing/tests/__pycache__/test_runtime.cpython-311.pyc -> /Users/calum/Developer/Excelerator/dist/Excelerate.app/Contents/Resources/lib/python3.11/numpy/typing/tests/__pycache__/test_runtime.cpython-311.pyc
copying file /Users/calum/Developer/Excelerator/env/lib/python3.11/site-packages/numpy/typing/tests/__pycache__/__init__.cpython-311.pyc -> /Users/calum/Developer/Excelerator/dist/Excelerate.app/Contents/Resources/lib/python3.11/numpy/typing/tests/__pycache__/__init__.cpython-311.pyc
creating /Users/calum/Developer/Excelerator/dist/Excelerate.app/Contents/Resources/lib/python3.11/numpy/typing/tests/data
creating /Users/calum/Developer/Excelerator/dist/Excelerate.app/Contents/Resources/lib/python3.11/numpy/typing/tests/data/misc
copying file /Users/calum/Developer/Excelerator/env/lib/python3.11/site-packages/numpy/typing/tests/data/misc/extended_precision.pyi -> /Users/calum/Developer/Excelerator/dist/Excelerate.app/Contents/Resources/lib/python3.11/numpy/typing/tests/data/misc/extended_precision.pyi
creating /Users/calum/Developer/Excelerator/dist/Excelerate.app/Contents/Resources/lib/python3.11/numpy/typing/tests/data/fail
copying file /Users/calum/Developer/Excelerator/env/lib/python3.11/site-packages/numpy/typing/tests/data/fail/ndarray_misc.pyi -> /Users/calum/Developer/Excelerator/dist/Excelerate.app/Contents/Resources/lib/python3.11/numpy/typing/tests/data/fail/ndarray_misc.pyi
copying file /Users/calum/Developer/Excelerator/env/lib/python3.11/site-packages/numpy/typing/tests/data/fail/type_check.pyi -> /Users/calum/Developer/Excelerator/dist/Excelerate.app/Contents/Resources/lib/python3.11/numpy/typing/tests/data/fail/type_check.pyi
copying file /Users/calum/Developer/Excelerator/env/lib/python3.11/site-packages/numpy/typing/tests/data/fail/modules.pyi -> /Users/calum/Developer/Excelerator/dist/Excelerate.app/Contents/Resources/lib/python3.11/numpy/typing/tests/data/fail/modules.pyi
copying file /Users/calum/Developer/Excelerator/env/lib/python3.11/site-packages/numpy/typing/tests/data/fail/warnings_and_errors.pyi -> /Users/calum/Developer/Excelerator/dist/Excelerate.app/Contents/Resources/lib/python3.11/numpy/typing/tests/data/fail/warnings_and_errors.pyi
copying file /Users/calum/Developer/Excelerator/env/lib/python3.11/site-packages/numpy/typing/tests/data/fail/lib_utils.pyi -> /Users/calum/Developer/Excelerator/dist/Excelerate.app/Contents/Resources/lib/python3.11/numpy/typing/tests/data/fail/lib_utils.pyi
copying file /Users/calum/Developer/Excelerator/env/lib/python3.11/site-packages/numpy/typing/tests/data/fail/lib_function_base.pyi -> /Users/calum/Developer/Excelerator/dist/Excelerate.app/Contents/Resources/lib/python3.11/numpy/typing/tests/data/fail/lib_function_base.pyi
copying file /Users/calum/Developer/Excelerator/env/lib/python3.11/site-packages/numpy/typing/tests/data/fail/random.pyi -> /Users/calum/Developer/Excelerator/dist/Excelerate.app/Contents/Resources/lib/python3.11/numpy/typing/tests/data/fail/random.pyi
copying file /Users/calum/Developer/Excelerator/env/lib/python3.11/site-packages/numpy/typing/tests/data/fail/ufunclike.pyi -> /Users/calum/Developer/Excelerator/dist/Excelerate.app/Contents/Resources/lib/python3.11/numpy/typing/tests/data/fail/ufunclike.pyi
copying file /Users/calum/Developer/Excelerator/env/lib/python3.11/site-packages/numpy/typing/tests/data/fail/bitwise_ops.pyi -> /Users/calum/Developer/Excelerator/dist/Excelerate.app/Contents/Resources/lib/python3.11/numpy/typing/tests/data/fail/bitwise_ops.pyi
copying file /Users/calum/Developer/Excelerator/env/lib/python3.11/site-packages/numpy/typing/tests/data/fail/constants.pyi -> /Users/calum/Developer/Excelerator/dist/Excelerate.app/Contents/Resources/lib/python3.11/numpy/typing/tests/data/fail/constants.pyi
copying file /Users/calum/Developer/Excelerator/env/lib/python3.11/site-packages/numpy/typing/tests/data/fail/index_tricks.pyi -> /Users/calum/Developer/Excelerator/dist/Excelerate.app/Contents/Resources/lib/python3.11/numpy/typing/tests/data/fail/index_tricks.pyi
copying file /Users/calum/Developer/Excelerator/env/lib/python3.11/site-packages/numpy/typing/tests/data/fail/scalars.pyi -> /Users/calum/Developer/Excelerator/dist/Excelerate.app/Contents/Resources/lib/python3.11/numpy/typing/tests/data/fail/scalars.pyi
copying file /Users/calum/Developer/Excelerator/env/lib/python3.11/site-packages/numpy/typing/tests/data/fail/twodim_base.pyi -> /Users/calum/Developer/Excelerator/dist/Excelerate.app/Contents/Resources/lib/python3.11/numpy/typing/tests/data/fail/twodim_base.pyi
copying file /Users/calum/Developer/Excelerator/env/lib/python3.11/site-packages/numpy/typing/tests/data/fail/flatiter.pyi -> /Users/calum/Developer/Excelerator/dist/Excelerate.app/Contents/Resources/lib/python3.11/numpy/typing/tests/data/fail/flatiter.pyi
copying file /Users/calum/Developer/Excelerator/env/lib/python3.11/site-packages/numpy/typing/tests/data/fail/array_like.pyi -> /Users/calum/Developer/Excelerator/dist/Excelerate.app/Contents/Resources/lib/python3.11/numpy/typing/tests/data/fail/array_like.pyi
copying file /Users/calum/Developer/Excelerator/env/lib/python3.11/site-packages/numpy/typing/tests/data/fail/lib_version.pyi -> /Users/calum/Developer/Excelerator/dist/Excelerate.app/Contents/Resources/lib/python3.11/numpy/typing/tests/data/fail/lib_version.pyi
copying file /Users/calum/Developer/Excelerator/env/lib/python3.11/site-packages/numpy/typing/tests/data/fail/rec.pyi -> /Users/calum/Developer/Excelerator/dist/Excelerate.app/Contents/Resources/lib/python3.11/numpy/typing/tests/data/fail/rec.pyi
copying file /Users/calum/Developer/Excelerator/env/lib/python3.11/site-packages/numpy/typing/tests/data/fail/npyio.pyi -> /Users/calum/Developer/Excelerator/dist/Excelerate.app/Contents/Resources/lib/python3.11/numpy/typing/tests/data/fail/npyio.pyi
copying file /Users/calum/Developer/Excelerator/env/lib/python3.11/site-packages/numpy/typing/tests/data/fail/multiarray.pyi -> /Users/calum/Developer/Excelerator/dist/Excelerate.app/Contents/Resources/lib/python3.11/numpy/typing/tests/data/fail/multiarray.pyi
copying file /Users/calum/Developer/Excelerator/env/lib/python3.11/site-packages/numpy/typing/tests/data/fail/ufuncs.pyi -> /Users/calum/Developer/Excelerator/dist/Excelerate.app/Contents/Resources/lib/python3.11/numpy/typing/tests/data/fail/ufuncs.pyi
copying file /Users/calum/Developer/Excelerator/env/lib/python3.11/site-packages/numpy/typing/tests/data/fail/linalg.pyi -> /Users/calum/Developer/Excelerator/dist/Excelerate.app/Contents/Resources/lib/python3.11/numpy/typing/tests/data/fail/linalg.pyi
copying file /Users/calum/Developer/Excelerator/env/lib/python3.11/site-packages/numpy/typing/tests/data/fail/datasource.pyi -> /Users/calum/Developer/Excelerator/dist/Excelerate.app/Contents/Resources/lib/python3.11/numpy/typing/tests/data/fail/datasource.pyi
copying file /Users/calum/Developer/Excelerator/env/lib/python3.11/site-packages/numpy/typing/tests/data/fail/char.pyi -> /Users/calum/Developer/Excelerator/dist/Excelerate.app/Contents/Resources/lib/python3.11/numpy/typing/tests/data/fail/char.pyi
copying file /Users/calum/Developer/Excelerator/env/lib/python3.11/site-packages/numpy/typing/tests/data/fail/array_pad.pyi -> /Users/calum/Developer/Excelerator/dist/Excelerate.app/Contents/Resources/lib/python3.11/numpy/typing/tests/data/fail/array_pad.pyi
copying file /Users/calum/Developer/Excelerator/env/lib/python3.11/site-packages/numpy/typing/tests/data/fail/array_constructors.pyi -> /Users/calum/Developer/Excelerator/dist/Excelerate.app/Contents/Resources/lib/python3.11/numpy/typing/tests/data/fail/array_constructors.pyi
copying file /Users/calum/Developer/Excelerator/env/lib/python3.11/site-packages/numpy/typing/tests/data/fail/arrayterator.pyi -> /Users/calum/Developer/Excelerator/dist/Excelerate.app/Contents/Resources/lib/python3.11/numpy/typing/tests/data/fail/arrayterator.pyi
copying file /Users/calum/Developer/Excelerator/env/lib/python3.11/site-packages/numpy/typing/tests/data/fail/histograms.pyi -> /Users/calum/Developer/Excelerator/dist/Excelerate.app/Contents/Resources/lib/python3.11/numpy/typing/tests/data/fail/histograms.pyi
copying file /Users/calum/Developer/Excelerator/env/lib/python3.11/site-packages/numpy/typing/tests/data/fail/fromnumeric.pyi -> /Users/calum/Developer/Excelerator/dist/Excelerate.app/Contents/Resources/lib/python3.11/numpy/typing/tests/data/fail/fromnumeric.pyi
copying file /Users/calum/Developer/Excelerator/env/lib/python3.11/site-packages/numpy/typing/tests/data/fail/dtype.pyi -> /Users/calum/Developer/Excelerator/dist/Excelerate.app/Contents/Resources/lib/python3.11/numpy/typing/tests/data/fail/dtype.pyi
copying file /Users/calum/Developer/Excelerator/env/lib/python3.11/site-packages/numpy/typing/tests/data/fail/lib_polynomial.pyi -> /Users/calum/Developer/Excelerator/dist/Excelerate.app/Contents/Resources/lib/python3.11/numpy/typing/tests/data/fail/lib_polynomial.pyi
copying file /Users/calum/Developer/Excelerator/env/lib/python3.11/site-packages/numpy/typing/tests/data/fail/nditer.pyi -> /Users/calum/Developer/Excelerator/dist/Excelerate.app/Contents/Resources/lib/python3.11/numpy/typing/tests/data/fail/nditer.pyi
copying file /Users/calum/Developer/Excelerator/env/lib/python3.11/site-packages/numpy/typing/tests/data/fail/ufunc_config.pyi -> /Users/calum/Developer/Excelerator/dist/Excelerate.app/Contents/Resources/lib/python3.11/numpy/typing/tests/data/fail/ufunc_config.pyi
copying file /Users/calum/Developer/Excelerator/env/lib/python3.11/site-packages/numpy/typing/tests/data/fail/testing.pyi -> /Users/calum/Developer/Excelerator/dist/Excelerate.app/Contents/Resources/lib/python3.11/numpy/typing/tests/data/fail/testing.pyi
copying file /Users/calum/Developer/Excelerator/env/lib/python3.11/site-packages/numpy/typing/tests/data/fail/nested_sequence.pyi -> /Users/calum/Developer/Excelerator/dist/Excelerate.app/Contents/Resources/lib/python3.11/numpy/typing/tests/data/fail/nested_sequence.pyi
copying file /Users/calum/Developer/Excelerator/env/lib/python3.11/site-packages/numpy/typing/tests/data/fail/numerictypes.pyi -> /Users/calum/Developer/Excelerator/dist/Excelerate.app/Contents/Resources/lib/python3.11/numpy/typing/tests/data/fail/numerictypes.pyi
copying file /Users/calum/Developer/Excelerator/env/lib/python3.11/site-packages/numpy/typing/tests/data/fail/einsumfunc.pyi -> /Users/calum/Developer/Excelerator/dist/Excelerate.app/Contents/Resources/lib/python3.11/numpy/typing/tests/data/fail/einsumfunc.pyi
copying file /Users/calum/Developer/Excelerator/env/lib/python3.11/site-packages/numpy/typing/tests/data/fail/chararray.pyi -> /Users/calum/Developer/Excelerator/dist/Excelerate.app/Contents/Resources/lib/python3.11/numpy/typing/tests/data/fail/chararray.pyi
copying file /Users/calum/Developer/Excelerator/env/lib/python3.11/site-packages/numpy/typing/tests/data/fail/stride_tricks.pyi -> /Users/calum/Developer/Excelerator/dist/Excelerate.app/Contents/Resources/lib/python3.11/numpy/typing/tests/data/fail/stride_tricks.pyi
copying file /Users/calum/Developer/Excelerator/env/lib/python3.11/site-packages/numpy/typing/tests/data/fail/false_positives.pyi -> /Users/calum/Developer/Excelerator/dist/Excelerate.app/Contents/Resources/lib/python3.11/numpy/typing/tests/data/fail/false_positives.pyi
copying file /Users/calum/Developer/Excelerator/env/lib/python3.11/site-packages/numpy/typing/tests/data/fail/comparisons.pyi -> /Users/calum/Developer/Excelerator/dist/Excelerate.app/Contents/Resources/lib/python3.11/numpy/typing/tests/data/fail/comparisons.pyi
copying file /Users/calum/Developer/Excelerator/env/lib/python3.11/site-packages/numpy/typing/tests/data/fail/ndarray.pyi -> /Users/calum/Developer/Excelerator/dist/Excelerate.app/Contents/Resources/lib/python3.11/numpy/typing/tests/data/fail/ndarray.pyi
copying file /Users/calum/Developer/Excelerator/env/lib/python3.11/site-packages/numpy/typing/tests/data/fail/shape_base.pyi -> /Users/calum/Developer/Excelerator/dist/Excelerate.app/Contents/Resources/lib/python3.11/numpy/typing/tests/data/fail/shape_base.pyi
copying file /Users/calum/Developer/Excelerator/env/lib/python3.11/site-packages/numpy/typing/tests/data/fail/memmap.pyi -> /Users/calum/Developer/Excelerator/dist/Excelerate.app/Contents/Resources/lib/python3.11/numpy/typing/tests/data/fail/memmap.pyi
copying file /Users/calum/Developer/Excelerator/env/lib/python3.11/site-packages/numpy/typing/tests/data/fail/arithmetic.pyi -> /Users/calum/Developer/Excelerator/dist/Excelerate.app/Contents/Resources/lib/python3.11/numpy/typing/tests/data/fail/arithmetic.pyi
copying file /Users/calum/Developer/Excelerator/env/lib/python3.11/site-packages/numpy/typing/tests/data/fail/arrayprint.pyi -> /Users/calum/Developer/Excelerator/dist/Excelerate.app/Contents/Resources/lib/python3.11/numpy/typing/tests/data/fail/arrayprint.pyi
creating /Users/calum/Developer/Excelerator/dist/Excelerate.app/Contents/Resources/lib/python3.11/numpy/typing/tests/data/pass
copying file /Users/calum/Developer/Excelerator/env/lib/python3.11/site-packages/numpy/typing/tests/data/pass/fromnumeric.py -> /Users/calum/Developer/Excelerator/dist/Excelerate.app/Contents/Resources/lib/python3.11/numpy/typing/tests/data/pass/fromnumeric.py
copying file /Users/calum/Developer/Excelerator/env/lib/python3.11/site-packages/numpy/typing/tests/data/pass/arithmetic.py -> /Users/calum/Developer/Excelerator/dist/Excelerate.app/Contents/Resources/lib/python3.11/numpy/typing/tests/data/pass/arithmetic.py
copying file /Users/calum/Developer/Excelerator/env/lib/python3.11/site-packages/numpy/typing/tests/data/pass/ndarray_conversion.py -> /Users/calum/Developer/Excelerator/dist/Excelerate.app/Contents/Resources/lib/python3.11/numpy/typing/tests/data/pass/ndarray_conversion.py
copying file /Users/calum/Developer/Excelerator/env/lib/python3.11/site-packages/numpy/typing/tests/data/pass/literal.py -> /Users/calum/Developer/Excelerator/dist/Excelerate.app/Contents/Resources/lib/python3.11/numpy/typing/tests/data/pass/literal.py
copying file /Users/calum/Developer/Excelerator/env/lib/python3.11/site-packages/numpy/typing/tests/data/pass/comparisons.py -> /Users/calum/Developer/Excelerator/dist/Excelerate.app/Contents/Resources/lib/python3.11/numpy/typing/tests/data/pass/comparisons.py
copying file /Users/calum/Developer/Excelerator/env/lib/python3.11/site-packages/numpy/typing/tests/data/pass/multiarray.py -> /Users/calum/Developer/Excelerator/dist/Excelerate.app/Contents/Resources/lib/python3.11/numpy/typing/tests/data/pass/multiarray.py
copying file /Users/calum/Developer/Excelerator/env/lib/python3.11/site-packages/numpy/typing/tests/data/pass/array_constructors.py -> /Users/calum/Developer/Excelerator/dist/Excelerate.app/Contents/Resources/lib/python3.11/numpy/typing/tests/data/pass/array_constructors.py
copying file /Users/calum/Developer/Excelerator/env/lib/python3.11/site-packages/numpy/typing/tests/data/pass/dtype.py -> /Users/calum/Developer/Excelerator/dist/Excelerate.app/Contents/Resources/lib/python3.11/numpy/typing/tests/data/pass/dtype.py
copying file /Users/calum/Developer/Excelerator/env/lib/python3.11/site-packages/numpy/typing/tests/data/pass/ndarray_misc.py -> /Users/calum/Developer/Excelerator/dist/Excelerate.app/Contents/Resources/lib/python3.11/numpy/typing/tests/data/pass/ndarray_misc.py
copying file /Users/calum/Developer/Excelerator/env/lib/python3.11/site-packages/numpy/typing/tests/data/pass/ndarray_shape_manipulation.py -> /Users/calum/Developer/Excelerator/dist/Excelerate.app/Contents/Resources/lib/python3.11/numpy/typing/tests/data/pass/ndarray_shape_manipulation.py
copying file /Users/calum/Developer/Excelerator/env/lib/python3.11/site-packages/numpy/typing/tests/data/pass/ufuncs.py -> /Users/calum/Developer/Excelerator/dist/Excelerate.app/Contents/Resources/lib/python3.11/numpy/typing/tests/data/pass/ufuncs.py
copying file /Users/calum/Developer/Excelerator/env/lib/python3.11/site-packages/numpy/typing/tests/data/pass/ufunc_config.py -> /Users/calum/Developer/Excelerator/dist/Excelerate.app/Contents/Resources/lib/python3.11/numpy/typing/tests/data/pass/ufunc_config.py
copying file /Users/calum/Developer/Excelerator/env/lib/python3.11/site-packages/numpy/typing/tests/data/pass/simple_py3.py -> /Users/calum/Developer/Excelerator/dist/Excelerate.app/Contents/Resources/lib/python3.11/numpy/typing/tests/data/pass/simple_py3.py
creating /Users/calum/Developer/Excelerator/dist/Excelerate.app/Contents/Resources/lib/python3.11/numpy/typing/tests/data/pass/__pycache__
copying file /Users/calum/Developer/Excelerator/env/lib/python3.11/site-packages/numpy/typing/tests/data/pass/__pycache__/index_tricks.cpython-311.pyc -> /Users/calum/Developer/Excelerator/dist/Excelerate.app/Contents/Resources/lib/python3.11/numpy/typing/tests/data/pass/__pycache__/index_tricks.cpython-311.pyc
copying file /Users/calum/Developer/Excelerator/env/lib/python3.11/site-packages/numpy/typing/tests/data/pass/__pycache__/simple.cpython-311.pyc -> /Users/calum/Developer/Excelerator/dist/Excelerate.app/Contents/Resources/lib/python3.11/numpy/typing/tests/data/pass/__pycache__/simple.cpython-311.pyc
copying file /Users/calum/Developer/Excelerator/env/lib/python3.11/site-packages/numpy/typing/tests/data/pass/__pycache__/einsumfunc.cpython-311.pyc -> /Users/calum/Developer/Excelerator/dist/Excelerate.app/Contents/Resources/lib/python3.11/numpy/typing/tests/data/pass/__pycache__/einsumfunc.cpython-311.pyc
copying file /Users/calum/Developer/Excelerator/env/lib/python3.11/site-packages/numpy/typing/tests/data/pass/__pycache__/comparisons.cpython-311.pyc -> /Users/calum/Developer/Excelerator/dist/Excelerate.app/Contents/Resources/lib/python3.11/numpy/typing/tests/data/pass/__pycache__/comparisons.cpython-311.pyc
copying file /Users/calum/Developer/Excelerator/env/lib/python3.11/site-packages/numpy/typing/tests/data/pass/__pycache__/mod.cpython-311.pyc -> /Users/calum/Developer/Excelerator/dist/Excelerate.app/Contents/Resources/lib/python3.11/numpy/typing/tests/data/pass/__pycache__/mod.cpython-311.pyc
copying file /Users/calum/Developer/Excelerator/env/lib/python3.11/site-packages/numpy/typing/tests/data/pass/__pycache__/simple_py3.cpython-311.pyc -> /Users/calum/Developer/Excelerator/dist/Excelerate.app/Contents/Resources/lib/python3.11/numpy/typing/tests/data/pass/__pycache__/simple_py3.cpython-311.pyc
copying file /Users/calum/Developer/Excelerator/env/lib/python3.11/site-packages/numpy/typing/tests/data/pass/__pycache__/array_like.cpython-311.pyc -> /Users/calum/Developer/Excelerator/dist/Excelerate.app/Contents/Resources/lib/python3.11/numpy/typing/tests/data/pass/__pycache__/array_like.cpython-311.pyc
copying file /Users/calum/Developer/Excelerator/env/lib/python3.11/site-packages/numpy/typing/tests/data/pass/__pycache__/numerictypes.cpython-311.pyc -> /Users/calum/Developer/Excelerator/dist/Excelerate.app/Contents/Resources/lib/python3.11/numpy/typing/tests/data/pass/__pycache__/numerictypes.cpython-311.pyc
copying file /Users/calum/Developer/Excelerator/env/lib/python3.11/site-packages/numpy/typing/tests/data/pass/__pycache__/lib_version.cpython-311.pyc -> /Users/calum/Developer/Excelerator/dist/Excelerate.app/Contents/Resources/lib/python3.11/numpy/typing/tests/data/pass/__pycache__/lib_version.cpython-311.pyc
copying file /Users/calum/Developer/Excelerator/env/lib/python3.11/site-packages/numpy/typing/tests/data/pass/__pycache__/bitwise_ops.cpython-311.pyc -> /Users/calum/Developer/Excelerator/dist/Excelerate.app/Contents/Resources/lib/python3.11/numpy/typing/tests/data/pass/__pycache__/bitwise_ops.cpython-311.pyc
copying file /Users/calum/Developer/Excelerator/env/lib/python3.11/site-packages/numpy/typing/tests/data/pass/__pycache__/ndarray_shape_manipulation.cpython-311.pyc -> /Users/calum/Developer/Excelerator/dist/Excelerate.app/Contents/Resources/lib/python3.11/numpy/typing/tests/data/pass/__pycache__/ndarray_shape_manipulation.cpython-311.pyc
copying file /Users/calum/Developer/Excelerator/env/lib/python3.11/site-packages/numpy/typing/tests/data/pass/__pycache__/arrayterator.cpython-311.pyc -> /Users/calum/Developer/Excelerator/dist/Excelerate.app/Contents/Resources/lib/python3.11/numpy/typing/tests/data/pass/__pycache__/arrayterator.cpython-311.pyc
copying file /Users/calum/Developer/Excelerator/env/lib/python3.11/site-packages/numpy/typing/tests/data/pass/__pycache__/ndarray_conversion.cpython-311.pyc -> /Users/calum/Developer/Excelerator/dist/Excelerate.app/Contents/Resources/lib/python3.11/numpy/typing/tests/data/pass/__pycache__/ndarray_conversion.cpython-311.pyc
copying file /Users/calum/Developer/Excelerator/env/lib/python3.11/site-packages/numpy/typing/tests/data/pass/__pycache__/ufunc_config.cpython-311.pyc -> /Users/calum/Developer/Excelerator/dist/Excelerate.app/Contents/Resources/lib/python3.11/numpy/typing/tests/data/pass/__pycache__/ufunc_config.cpython-311.pyc
copying file /Users/calum/Developer/Excelerator/env/lib/python3.11/site-packages/numpy/typing/tests/data/pass/__pycache__/random.cpython-311.pyc -> /Users/calum/Developer/Excelerator/dist/Excelerate.app/Contents/Resources/lib/python3.11/numpy/typing/tests/data/pass/__pycache__/random.cpython-311.pyc
copying file /Users/calum/Developer/Excelerator/env/lib/python3.11/site-packages/numpy/typing/tests/data/pass/__pycache__/warnings_and_errors.cpython-311.pyc -> /Users/calum/Developer/Excelerator/dist/Excelerate.app/Contents/Resources/lib/python3.11/numpy/typing/tests/data/pass/__pycache__/warnings_and_errors.cpython-311.pyc
copying file /Users/calum/Developer/Excelerator/env/lib/python3.11/site-packages/numpy/typing/tests/data/pass/__pycache__/ndarray_misc.cpython-311.pyc -> /Users/calum/Developer/Excelerator/dist/Excelerate.app/Contents/Resources/lib/python3.11/numpy/typing/tests/data/pass/__pycache__/ndarray_misc.cpython-311.pyc
copying file /Users/calum/Developer/Excelerator/env/lib/python3.11/site-packages/numpy/typing/tests/data/pass/__pycache__/arithmetic.cpython-311.pyc -> /Users/calum/Developer/Excelerator/dist/Excelerate.app/Contents/Resources/lib/python3.11/numpy/typing/tests/data/pass/__pycache__/arithmetic.cpython-311.pyc
copying file /Users/calum/Developer/Excelerator/env/lib/python3.11/site-packages/numpy/typing/tests/data/pass/__pycache__/dtype.cpython-311.pyc -> /Users/calum/Developer/Excelerator/dist/Excelerate.app/Contents/Resources/lib/python3.11/numpy/typing/tests/data/pass/__pycache__/dtype.cpython-311.pyc
copying file /Users/calum/Developer/Excelerator/env/lib/python3.11/site-packages/numpy/typing/tests/data/pass/__pycache__/fromnumeric.cpython-311.pyc -> /Users/calum/Developer/Excelerator/dist/Excelerate.app/Contents/Resources/lib/python3.11/numpy/typing/tests/data/pass/__pycache__/fromnumeric.cpython-311.pyc
copying file /Users/calum/Developer/Excelerator/env/lib/python3.11/site-packages/numpy/typing/tests/data/pass/__pycache__/flatiter.cpython-311.pyc -> /Users/calum/Developer/Excelerator/dist/Excelerate.app/Contents/Resources/lib/python3.11/numpy/typing/tests/data/pass/__pycache__/flatiter.cpython-311.pyc
copying file /Users/calum/Developer/Excelerator/env/lib/python3.11/site-packages/numpy/typing/tests/data/pass/__pycache__/literal.cpython-311.pyc -> /Users/calum/Developer/Excelerator/dist/Excelerate.app/Contents/Resources/lib/python3.11/numpy/typing/tests/data/pass/__pycache__/literal.cpython-311.pyc
copying file /Users/calum/Developer/Excelerator/env/lib/python3.11/site-packages/numpy/typing/tests/data/pass/__pycache__/arrayprint.cpython-311.pyc -> /Users/calum/Developer/Excelerator/dist/Excelerate.app/Contents/Resources/lib/python3.11/numpy/typing/tests/data/pass/__pycache__/arrayprint.cpython-311.pyc
copying file /Users/calum/Developer/Excelerator/env/lib/python3.11/site-packages/numpy/typing/tests/data/pass/__pycache__/ufunclike.cpython-311.pyc -> /Users/calum/Developer/Excelerator/dist/Excelerate.app/Contents/Resources/lib/python3.11/numpy/typing/tests/data/pass/__pycache__/ufunclike.cpython-311.pyc
copying file /Users/calum/Developer/Excelerator/env/lib/python3.11/site-packages/numpy/typing/tests/data/pass/__pycache__/multiarray.cpython-311.pyc -> /Users/calum/Developer/Excelerator/dist/Excelerate.app/Contents/Resources/lib/python3.11/numpy/typing/tests/data/pass/__pycache__/multiarray.cpython-311.pyc
copying file /Users/calum/Developer/Excelerator/env/lib/python3.11/site-packages/numpy/typing/tests/data/pass/__pycache__/numeric.cpython-311.pyc -> /Users/calum/Developer/Excelerator/dist/Excelerate.app/Contents/Resources/lib/python3.11/numpy/typing/tests/data/pass/__pycache__/numeric.cpython-311.pyc
copying file /Users/calum/Developer/Excelerator/env/lib/python3.11/site-packages/numpy/typing/tests/data/pass/__pycache__/ufuncs.cpython-311.pyc -> /Users/calum/Developer/Excelerator/dist/Excelerate.app/Contents/Resources/lib/python3.11/numpy/typing/tests/data/pass/__pycache__/ufuncs.cpython-311.pyc
copying file /Users/calum/Developer/Excelerator/env/lib/python3.11/site-packages/numpy/typing/tests/data/pass/__pycache__/scalars.cpython-311.pyc -> /Users/calum/Developer/Excelerator/dist/Excelerate.app/Contents/Resources/lib/python3.11/numpy/typing/tests/data/pass/__pycache__/scalars.cpython-311.pyc
copying file /Users/calum/Developer/Excelerator/env/lib/python3.11/site-packages/numpy/typing/tests/data/pass/__pycache__/lib_utils.cpython-311.pyc -> /Users/calum/Developer/Excelerator/dist/Excelerate.app/Contents/Resources/lib/python3.11/numpy/typing/tests/data/pass/__pycache__/lib_utils.cpython-311.pyc
copying file /Users/calum/Developer/Excelerator/env/lib/python3.11/site-packages/numpy/typing/tests/data/pass/__pycache__/array_constructors.cpython-311.pyc -> /Users/calum/Developer/Excelerator/dist/Excelerate.app/Contents/Resources/lib/python3.11/numpy/typing/tests/data/pass/__pycache__/array_constructors.cpython-311.pyc
copying file /Users/calum/Developer/Excelerator/env/lib/python3.11/site-packages/numpy/typing/tests/data/pass/__pycache__/modules.cpython-311.pyc -> /Users/calum/Developer/Excelerator/dist/Excelerate.app/Contents/Resources/lib/python3.11/numpy/typing/tests/data/pass/__pycache__/modules.cpython-311.pyc
copying file /Users/calum/Developer/Excelerator/env/lib/python3.11/site-packages/numpy/typing/tests/data/pass/random.py -> /Users/calum/Developer/Excelerator/dist/Excelerate.app/Contents/Resources/lib/python3.11/numpy/typing/tests/data/pass/random.py
copying file /Users/calum/Developer/Excelerator/env/lib/python3.11/site-packages/numpy/typing/tests/data/pass/index_tricks.py -> /Users/calum/Developer/Excelerator/dist/Excelerate.app/Contents/Resources/lib/python3.11/numpy/typing/tests/data/pass/index_tricks.py
copying file /Users/calum/Developer/Excelerator/env/lib/python3.11/site-packages/numpy/typing/tests/data/pass/warnings_and_errors.py -> /Users/calum/Developer/Excelerator/dist/Excelerate.app/Contents/Resources/lib/python3.11/numpy/typing/tests/data/pass/warnings_and_errors.py
copying file /Users/calum/Developer/Excelerator/env/lib/python3.11/site-packages/numpy/typing/tests/data/pass/arrayterator.py -> /Users/calum/Developer/Excelerator/dist/Excelerate.app/Contents/Resources/lib/python3.11/numpy/typing/tests/data/pass/arrayterator.py
copying file /Users/calum/Developer/Excelerator/env/lib/python3.11/site-packages/numpy/typing/tests/data/pass/numeric.py -> /Users/calum/Developer/Excelerator/dist/Excelerate.app/Contents/Resources/lib/python3.11/numpy/typing/tests/data/pass/numeric.py
copying file /Users/calum/Developer/Excelerator/env/lib/python3.11/site-packages/numpy/typing/tests/data/pass/lib_utils.py -> /Users/calum/Developer/Excelerator/dist/Excelerate.app/Contents/Resources/lib/python3.11/numpy/typing/tests/data/pass/lib_utils.py
copying file /Users/calum/Developer/Excelerator/env/lib/python3.11/site-packages/numpy/typing/tests/data/pass/modules.py -> /Users/calum/Developer/Excelerator/dist/Excelerate.app/Contents/Resources/lib/python3.11/numpy/typing/tests/data/pass/modules.py
copying file /Users/calum/Developer/Excelerator/env/lib/python3.11/site-packages/numpy/typing/tests/data/pass/einsumfunc.py -> /Users/calum/Developer/Excelerator/dist/Excelerate.app/Contents/Resources/lib/python3.11/numpy/typing/tests/data/pass/einsumfunc.py
copying file /Users/calum/Developer/Excelerator/env/lib/python3.11/site-packages/numpy/typing/tests/data/pass/lib_version.py -> /Users/calum/Developer/Excelerator/dist/Excelerate.app/Contents/Resources/lib/python3.11/numpy/typing/tests/data/pass/lib_version.py
copying file /Users/calum/Developer/Excelerator/env/lib/python3.11/site-packages/numpy/typing/tests/data/pass/scalars.py -> /Users/calum/Developer/Excelerator/dist/Excelerate.app/Contents/Resources/lib/python3.11/numpy/typing/tests/data/pass/scalars.py
copying file /Users/calum/Developer/Excelerator/env/lib/python3.11/site-packages/numpy/typing/tests/data/pass/array_like.py -> /Users/calum/Developer/Excelerator/dist/Excelerate.app/Contents/Resources/lib/python3.11/numpy/typing/tests/data/pass/array_like.py
copying file /Users/calum/Developer/Excelerator/env/lib/python3.11/site-packages/numpy/typing/tests/data/pass/simple.py -> /Users/calum/Developer/Excelerator/dist/Excelerate.app/Contents/Resources/lib/python3.11/numpy/typing/tests/data/pass/simple.py
copying file /Users/calum/Developer/Excelerator/env/lib/python3.11/site-packages/numpy/typing/tests/data/pass/flatiter.py -> /Users/calum/Developer/Excelerator/dist/Excelerate.app/Contents/Resources/lib/python3.11/numpy/typing/tests/data/pass/flatiter.py
copying file /Users/calum/Developer/Excelerator/env/lib/python3.11/site-packages/numpy/typing/tests/data/pass/numerictypes.py -> /Users/calum/Developer/Excelerator/dist/Excelerate.app/Contents/Resources/lib/python3.11/numpy/typing/tests/data/pass/numerictypes.py
copying file /Users/calum/Developer/Excelerator/env/lib/python3.11/site-packages/numpy/typing/tests/data/pass/mod.py -> /Users/calum/Developer/Excelerator/dist/Excelerate.app/Contents/Resources/lib/python3.11/numpy/typing/tests/data/pass/mod.py
copying file /Users/calum/Developer/Excelerator/env/lib/python3.11/site-packages/numpy/typing/tests/data/pass/arrayprint.py -> /Users/calum/Developer/Excelerator/dist/Excelerate.app/Contents/Resources/lib/python3.11/numpy/typing/tests/data/pass/arrayprint.py
copying file /Users/calum/Developer/Excelerator/env/lib/python3.11/site-packages/numpy/typing/tests/data/pass/ufunclike.py -> /Users/calum/Developer/Excelerator/dist/Excelerate.app/Contents/Resources/lib/python3.11/numpy/typing/tests/data/pass/ufunclike.py
copying file /Users/calum/Developer/Excelerator/env/lib/python3.11/site-packages/numpy/typing/tests/data/pass/bitwise_ops.py -> /Users/calum/Developer/Excelerator/dist/Excelerate.app/Contents/Resources/lib/python3.11/numpy/typing/tests/data/pass/bitwise_ops.py
creating /Users/calum/Developer/Excelerator/dist/Excelerate.app/Contents/Resources/lib/python3.11/numpy/typing/tests/data/reveal
copying file /Users/calum/Developer/Excelerator/env/lib/python3.11/site-packages/numpy/typing/tests/data/reveal/emath.pyi -> /Users/calum/Developer/Excelerator/dist/Excelerate.app/Contents/Resources/lib/python3.11/numpy/typing/tests/data/reveal/emath.pyi
copying file /Users/calum/Developer/Excelerator/env/lib/python3.11/site-packages/numpy/typing/tests/data/reveal/ndarray_misc.pyi -> /Users/calum/Developer/Excelerator/dist/Excelerate.app/Contents/Resources/lib/python3.11/numpy/typing/tests/data/reveal/ndarray_misc.pyi
copying file /Users/calum/Developer/Excelerator/env/lib/python3.11/site-packages/numpy/typing/tests/data/reveal/type_check.pyi -> /Users/calum/Developer/Excelerator/dist/Excelerate.app/Contents/Resources/lib/python3.11/numpy/typing/tests/data/reveal/type_check.pyi
copying file /Users/calum/Developer/Excelerator/env/lib/python3.11/site-packages/numpy/typing/tests/data/reveal/ctypeslib.pyi -> /Users/calum/Developer/Excelerator/dist/Excelerate.app/Contents/Resources/lib/python3.11/numpy/typing/tests/data/reveal/ctypeslib.pyi
copying file /Users/calum/Developer/Excelerator/env/lib/python3.11/site-packages/numpy/typing/tests/data/reveal/numeric.pyi -> /Users/calum/Developer/Excelerator/dist/Excelerate.app/Contents/Resources/lib/python3.11/numpy/typing/tests/data/reveal/numeric.pyi
copying file /Users/calum/Developer/Excelerator/env/lib/python3.11/site-packages/numpy/typing/tests/data/reveal/modules.pyi -> /Users/calum/Developer/Excelerator/dist/Excelerate.app/Contents/Resources/lib/python3.11/numpy/typing/tests/data/reveal/modules.pyi
copying file /Users/calum/Developer/Excelerator/env/lib/python3.11/site-packages/numpy/typing/tests/data/reveal/warnings_and_errors.pyi -> /Users/calum/Developer/Excelerator/dist/Excelerate.app/Contents/Resources/lib/python3.11/numpy/typing/tests/data/reveal/warnings_and_errors.pyi
copying file /Users/calum/Developer/Excelerator/env/lib/python3.11/site-packages/numpy/typing/tests/data/reveal/ndarray_shape_manipulation.pyi -> /Users/calum/Developer/Excelerator/dist/Excelerate.app/Contents/Resources/lib/python3.11/numpy/typing/tests/data/reveal/ndarray_shape_manipulation.pyi
copying file /Users/calum/Developer/Excelerator/env/lib/python3.11/site-packages/numpy/typing/tests/data/reveal/lib_utils.pyi -> /Users/calum/Developer/Excelerator/dist/Excelerate.app/Contents/Resources/lib/python3.11/numpy/typing/tests/data/reveal/lib_utils.pyi
copying file /Users/calum/Developer/Excelerator/env/lib/python3.11/site-packages/numpy/typing/tests/data/reveal/lib_function_base.pyi -> /Users/calum/Developer/Excelerator/dist/Excelerate.app/Contents/Resources/lib/python3.11/numpy/typing/tests/data/reveal/lib_function_base.pyi
copying file /Users/calum/Developer/Excelerator/env/lib/python3.11/site-packages/numpy/typing/tests/data/reveal/getlimits.pyi -> /Users/calum/Developer/Excelerator/dist/Excelerate.app/Contents/Resources/lib/python3.11/numpy/typing/tests/data/reveal/getlimits.pyi
copying file /Users/calum/Developer/Excelerator/env/lib/python3.11/site-packages/numpy/typing/tests/data/reveal/fft.pyi -> /Users/calum/Developer/Excelerator/dist/Excelerate.app/Contents/Resources/lib/python3.11/numpy/typing/tests/data/reveal/fft.pyi
copying file /Users/calum/Developer/Excelerator/env/lib/python3.11/site-packages/numpy/typing/tests/data/reveal/random.pyi -> /Users/calum/Developer/Excelerator/dist/Excelerate.app/Contents/Resources/lib/python3.11/numpy/typing/tests/data/reveal/random.pyi
copying file /Users/calum/Developer/Excelerator/env/lib/python3.11/site-packages/numpy/typing/tests/data/reveal/ufunclike.pyi -> /Users/calum/Developer/Excelerator/dist/Excelerate.app/Contents/Resources/lib/python3.11/numpy/typing/tests/data/reveal/ufunclike.pyi
copying file /Users/calum/Developer/Excelerator/env/lib/python3.11/site-packages/numpy/typing/tests/data/reveal/mod.pyi -> /Users/calum/Developer/Excelerator/dist/Excelerate.app/Contents/Resources/lib/python3.11/numpy/typing/tests/data/reveal/mod.pyi
copying file /Users/calum/Developer/Excelerator/env/lib/python3.11/site-packages/numpy/typing/tests/data/reveal/bitwise_ops.pyi -> /Users/calum/Developer/Excelerator/dist/Excelerate.app/Contents/Resources/lib/python3.11/numpy/typing/tests/data/reveal/bitwise_ops.pyi
copying file /Users/calum/Developer/Excelerator/env/lib/python3.11/site-packages/numpy/typing/tests/data/reveal/constants.pyi -> /Users/calum/Developer/Excelerator/dist/Excelerate.app/Contents/Resources/lib/python3.11/numpy/typing/tests/data/reveal/constants.pyi
copying file /Users/calum/Developer/Excelerator/env/lib/python3.11/site-packages/numpy/typing/tests/data/reveal/index_tricks.pyi -> /Users/calum/Developer/Excelerator/dist/Excelerate.app/Contents/Resources/lib/python3.11/numpy/typing/tests/data/reveal/index_tricks.pyi
copying file /Users/calum/Developer/Excelerator/env/lib/python3.11/site-packages/numpy/typing/tests/data/reveal/scalars.pyi -> /Users/calum/Developer/Excelerator/dist/Excelerate.app/Contents/Resources/lib/python3.11/numpy/typing/tests/data/reveal/scalars.pyi
copying file /Users/calum/Developer/Excelerator/env/lib/python3.11/site-packages/numpy/typing/tests/data/reveal/twodim_base.pyi -> /Users/calum/Developer/Excelerator/dist/Excelerate.app/Contents/Resources/lib/python3.11/numpy/typing/tests/data/reveal/twodim_base.pyi
copying file /Users/calum/Developer/Excelerator/env/lib/python3.11/site-packages/numpy/typing/tests/data/reveal/flatiter.pyi -> /Users/calum/Developer/Excelerator/dist/Excelerate.app/Contents/Resources/lib/python3.11/numpy/typing/tests/data/reveal/flatiter.pyi
copying file /Users/calum/Developer/Excelerator/env/lib/python3.11/site-packages/numpy/typing/tests/data/reveal/lib_version.pyi -> /Users/calum/Developer/Excelerator/dist/Excelerate.app/Contents/Resources/lib/python3.11/numpy/typing/tests/data/reveal/lib_version.pyi
copying file /Users/calum/Developer/Excelerator/env/lib/python3.11/site-packages/numpy/typing/tests/data/reveal/rec.pyi -> /Users/calum/Developer/Excelerator/dist/Excelerate.app/Contents/Resources/lib/python3.11/numpy/typing/tests/data/reveal/rec.pyi
copying file /Users/calum/Developer/Excelerator/env/lib/python3.11/site-packages/numpy/typing/tests/data/reveal/npyio.pyi -> /Users/calum/Developer/Excelerator/dist/Excelerate.app/Contents/Resources/lib/python3.11/numpy/typing/tests/data/reveal/npyio.pyi
copying file /Users/calum/Developer/Excelerator/env/lib/python3.11/site-packages/numpy/typing/tests/data/reveal/multiarray.pyi -> /Users/calum/Developer/Excelerator/dist/Excelerate.app/Contents/Resources/lib/python3.11/numpy/typing/tests/data/reveal/multiarray.pyi
copying file /Users/calum/Developer/Excelerator/env/lib/python3.11/site-packages/numpy/typing/tests/data/reveal/ufuncs.pyi -> /Users/calum/Developer/Excelerator/dist/Excelerate.app/Contents/Resources/lib/python3.11/numpy/typing/tests/data/reveal/ufuncs.pyi
copying file /Users/calum/Developer/Excelerator/env/lib/python3.11/site-packages/numpy/typing/tests/data/reveal/linalg.pyi -> /Users/calum/Developer/Excelerator/dist/Excelerate.app/Contents/Resources/lib/python3.11/numpy/typing/tests/data/reveal/linalg.pyi
copying file /Users/calum/Developer/Excelerator/env/lib/python3.11/site-packages/numpy/typing/tests/data/reveal/datasource.pyi -> /Users/calum/Developer/Excelerator/dist/Excelerate.app/Contents/Resources/lib/python3.11/numpy/typing/tests/data/reveal/datasource.pyi
copying file /Users/calum/Developer/Excelerator/env/lib/python3.11/site-packages/numpy/typing/tests/data/reveal/char.pyi -> /Users/calum/Developer/Excelerator/dist/Excelerate.app/Contents/Resources/lib/python3.11/numpy/typing/tests/data/reveal/char.pyi
copying file /Users/calum/Developer/Excelerator/env/lib/python3.11/site-packages/numpy/typing/tests/data/reveal/array_constructors.pyi -> /Users/calum/Developer/Excelerator/dist/Excelerate.app/Contents/Resources/lib/python3.11/numpy/typing/tests/data/reveal/array_constructors.pyi
copying file /Users/calum/Developer/Excelerator/env/lib/python3.11/site-packages/numpy/typing/tests/data/reveal/ndarray_conversion.pyi -> /Users/calum/Developer/Excelerator/dist/Excelerate.app/Contents/Resources/lib/python3.11/numpy/typing/tests/data/reveal/ndarray_conversion.pyi
copying file /Users/calum/Developer/Excelerator/env/lib/python3.11/site-packages/numpy/typing/tests/data/reveal/arrayterator.pyi -> /Users/calum/Developer/Excelerator/dist/Excelerate.app/Contents/Resources/lib/python3.11/numpy/typing/tests/data/reveal/arrayterator.pyi
copying file /Users/calum/Developer/Excelerator/env/lib/python3.11/site-packages/numpy/typing/tests/data/reveal/histograms.pyi -> /Users/calum/Developer/Excelerator/dist/Excelerate.app/Contents/Resources/lib/python3.11/numpy/typing/tests/data/reveal/histograms.pyi
copying file /Users/calum/Developer/Excelerator/env/lib/python3.11/site-packages/numpy/typing/tests/data/reveal/fromnumeric.pyi -> /Users/calum/Developer/Excelerator/dist/Excelerate.app/Contents/Resources/lib/python3.11/numpy/typing/tests/data/reveal/fromnumeric.pyi
copying file /Users/calum/Developer/Excelerator/env/lib/python3.11/site-packages/numpy/typing/tests/data/reveal/dtype.pyi -> /Users/calum/Developer/Excelerator/dist/Excelerate.app/Contents/Resources/lib/python3.11/numpy/typing/tests/data/reveal/dtype.pyi
copying file /Users/calum/Developer/Excelerator/env/lib/python3.11/site-packages/numpy/typing/tests/data/reveal/lib_polynomial.pyi -> /Users/calum/Developer/Excelerator/dist/Excelerate.app/Contents/Resources/lib/python3.11/numpy/typing/tests/data/reveal/lib_polynomial.pyi
copying file /Users/calum/Developer/Excelerator/env/lib/python3.11/site-packages/numpy/typing/tests/data/reveal/arraypad.pyi -> /Users/calum/Developer/Excelerator/dist/Excelerate.app/Contents/Resources/lib/python3.11/numpy/typing/tests/data/reveal/arraypad.pyi
copying file /Users/calum/Developer/Excelerator/env/lib/python3.11/site-packages/numpy/typing/tests/data/reveal/nditer.pyi -> /Users/calum/Developer/Excelerator/dist/Excelerate.app/Contents/Resources/lib/python3.11/numpy/typing/tests/data/reveal/nditer.pyi
copying file /Users/calum/Developer/Excelerator/env/lib/python3.11/site-packages/numpy/typing/tests/data/reveal/ufunc_config.pyi -> /Users/calum/Developer/Excelerator/dist/Excelerate.app/Contents/Resources/lib/python3.11/numpy/typing/tests/data/reveal/ufunc_config.pyi
copying file /Users/calum/Developer/Excelerator/env/lib/python3.11/site-packages/numpy/typing/tests/data/reveal/testing.pyi -> /Users/calum/Developer/Excelerator/dist/Excelerate.app/Contents/Resources/lib/python3.11/numpy/typing/tests/data/reveal/testing.pyi
copying file /Users/calum/Developer/Excelerator/env/lib/python3.11/site-packages/numpy/typing/tests/data/reveal/nested_sequence.pyi -> /Users/calum/Developer/Excelerator/dist/Excelerate.app/Contents/Resources/lib/python3.11/numpy/typing/tests/data/reveal/nested_sequence.pyi
copying file /Users/calum/Developer/Excelerator/env/lib/python3.11/site-packages/numpy/typing/tests/data/reveal/numerictypes.pyi -> /Users/calum/Developer/Excelerator/dist/Excelerate.app/Contents/Resources/lib/python3.11/numpy/typing/tests/data/reveal/numerictypes.pyi
copying file /Users/calum/Developer/Excelerator/env/lib/python3.11/site-packages/numpy/typing/tests/data/reveal/nbit_base_example.pyi -> /Users/calum/Developer/Excelerator/dist/Excelerate.app/Contents/Resources/lib/python3.11/numpy/typing/tests/data/reveal/nbit_base_example.pyi
copying file /Users/calum/Developer/Excelerator/env/lib/python3.11/site-packages/numpy/typing/tests/data/reveal/einsumfunc.pyi -> /Users/calum/Developer/Excelerator/dist/Excelerate.app/Contents/Resources/lib/python3.11/numpy/typing/tests/data/reveal/einsumfunc.pyi
copying file /Users/calum/Developer/Excelerator/env/lib/python3.11/site-packages/numpy/typing/tests/data/reveal/chararray.pyi -> /Users/calum/Developer/Excelerator/dist/Excelerate.app/Contents/Resources/lib/python3.11/numpy/typing/tests/data/reveal/chararray.pyi
copying file /Users/calum/Developer/Excelerator/env/lib/python3.11/site-packages/numpy/typing/tests/data/reveal/stride_tricks.pyi -> /Users/calum/Developer/Excelerator/dist/Excelerate.app/Contents/Resources/lib/python3.11/numpy/typing/tests/data/reveal/stride_tricks.pyi
copying file /Users/calum/Developer/Excelerator/env/lib/python3.11/site-packages/numpy/typing/tests/data/reveal/matrix.pyi -> /Users/calum/Developer/Excelerator/dist/Excelerate.app/Contents/Resources/lib/python3.11/numpy/typing/tests/data/reveal/matrix.pyi
copying file /Users/calum/Developer/Excelerator/env/lib/python3.11/site-packages/numpy/typing/tests/data/reveal/false_positives.pyi -> /Users/calum/Developer/Excelerator/dist/Excelerate.app/Contents/Resources/lib/python3.11/numpy/typing/tests/data/reveal/false_positives.pyi
copying file /Users/calum/Developer/Excelerator/env/lib/python3.11/site-packages/numpy/typing/tests/data/reveal/comparisons.pyi -> /Users/calum/Developer/Excelerator/dist/Excelerate.app/Contents/Resources/lib/python3.11/numpy/typing/tests/data/reveal/comparisons.pyi
copying file /Users/calum/Developer/Excelerator/env/lib/python3.11/site-packages/numpy/typing/tests/data/reveal/shape_base.pyi -> /Users/calum/Developer/Excelerator/dist/Excelerate.app/Contents/Resources/lib/python3.11/numpy/typing/tests/data/reveal/shape_base.pyi
copying file /Users/calum/Developer/Excelerator/env/lib/python3.11/site-packages/numpy/typing/tests/data/reveal/arraysetops.pyi -> /Users/calum/Developer/Excelerator/dist/Excelerate.app/Contents/Resources/lib/python3.11/numpy/typing/tests/data/reveal/arraysetops.pyi
copying file /Users/calum/Developer/Excelerator/env/lib/python3.11/site-packages/numpy/typing/tests/data/reveal/memmap.pyi -> /Users/calum/Developer/Excelerator/dist/Excelerate.app/Contents/Resources/lib/python3.11/numpy/typing/tests/data/reveal/memmap.pyi
copying file /Users/calum/Developer/Excelerator/env/lib/python3.11/site-packages/numpy/typing/tests/data/reveal/arithmetic.pyi -> /Users/calum/Developer/Excelerator/dist/Excelerate.app/Contents/Resources/lib/python3.11/numpy/typing/tests/data/reveal/arithmetic.pyi
copying file /Users/calum/Developer/Excelerator/env/lib/python3.11/site-packages/numpy/typing/tests/data/reveal/arrayprint.pyi -> /Users/calum/Developer/Excelerator/dist/Excelerate.app/Contents/Resources/lib/python3.11/numpy/typing/tests/data/reveal/arrayprint.pyi
copying file /Users/calum/Developer/Excelerator/env/lib/python3.11/site-packages/numpy/typing/tests/data/mypy.ini -> /Users/calum/Developer/Excelerator/dist/Excelerate.app/Contents/Resources/lib/python3.11/numpy/typing/tests/data/mypy.ini
copying file /Users/calum/Developer/Excelerator/env/lib/python3.11/site-packages/numpy/typing/__init__.py -> /Users/calum/Developer/Excelerator/dist/Excelerate.app/Contents/Resources/lib/python3.11/numpy/typing/__init__.py
creating /Users/calum/Developer/Excelerator/dist/Excelerate.app/Contents/Resources/lib/python3.11/numpy/typing/__pycache__
copying file /Users/calum/Developer/Excelerator/env/lib/python3.11/site-packages/numpy/typing/__pycache__/setup.cpython-311.pyc -> /Users/calum/Developer/Excelerator/dist/Excelerate.app/Contents/Resources/lib/python3.11/numpy/typing/__pycache__/setup.cpython-311.pyc
copying file /Users/calum/Developer/Excelerator/env/lib/python3.11/site-packages/numpy/typing/__pycache__/mypy_plugin.cpython-311.pyc -> /Users/calum/Developer/Excelerator/dist/Excelerate.app/Contents/Resources/lib/python3.11/numpy/typing/__pycache__/mypy_plugin.cpython-311.pyc
copying file /Users/calum/Developer/Excelerator/env/lib/python3.11/site-packages/numpy/typing/__pycache__/__init__.cpython-311.pyc -> /Users/calum/Developer/Excelerator/dist/Excelerate.app/Contents/Resources/lib/python3.11/numpy/typing/__pycache__/__init__.cpython-311.pyc
copying file /Users/calum/Developer/Excelerator/env/lib/python3.11/site-packages/numpy/typing/mypy_plugin.py -> /Users/calum/Developer/Excelerator/dist/Excelerate.app/Contents/Resources/lib/python3.11/numpy/typing/mypy_plugin.py
copying file /Users/calum/Developer/Excelerator/env/lib/python3.11/site-packages/numpy/typing/setup.py -> /Users/calum/Developer/Excelerator/dist/Excelerate.app/Contents/Resources/lib/python3.11/numpy/typing/setup.py
creating /Users/calum/Developer/Excelerator/dist/Excelerate.app/Contents/Resources/lib/python3.11/numpy/f2py
copying file /Users/calum/Developer/Excelerator/env/lib/python3.11/site-packages/numpy/f2py/cfuncs.py -> /Users/calum/Developer/Excelerator/dist/Excelerate.app/Contents/Resources/lib/python3.11/numpy/f2py/cfuncs.py
copying file /Users/calum/Developer/Excelerator/env/lib/python3.11/site-packages/numpy/f2py/_src_pyf.py -> /Users/calum/Developer/Excelerator/dist/Excelerate.app/Contents/Resources/lib/python3.11/numpy/f2py/_src_pyf.py
copying file /Users/calum/Developer/Excelerator/env/lib/python3.11/site-packages/numpy/f2py/common_rules.py -> /Users/calum/Developer/Excelerator/dist/Excelerate.app/Contents/Resources/lib/python3.11/numpy/f2py/common_rules.py
copying file /Users/calum/Developer/Excelerator/env/lib/python3.11/site-packages/numpy/f2py/__init__.pyi -> /Users/calum/Developer/Excelerator/dist/Excelerate.app/Contents/Resources/lib/python3.11/numpy/f2py/__init__.pyi
creating /Users/calum/Developer/Excelerator/dist/Excelerate.app/Contents/Resources/lib/python3.11/numpy/f2py/_backends
copying file /Users/calum/Developer/Excelerator/env/lib/python3.11/site-packages/numpy/f2py/_backends/_backend.py -> /Users/calum/Developer/Excelerator/dist/Excelerate.app/Contents/Resources/lib/python3.11/numpy/f2py/_backends/_backend.py
copying file /Users/calum/Developer/Excelerator/env/lib/python3.11/site-packages/numpy/f2py/_backends/meson.build.template -> /Users/calum/Developer/Excelerator/dist/Excelerate.app/Contents/Resources/lib/python3.11/numpy/f2py/_backends/meson.build.template
copying file /Users/calum/Developer/Excelerator/env/lib/python3.11/site-packages/numpy/f2py/_backends/__init__.py -> /Users/calum/Developer/Excelerator/dist/Excelerate.app/Contents/Resources/lib/python3.11/numpy/f2py/_backends/__init__.py
creating /Users/calum/Developer/Excelerator/dist/Excelerate.app/Contents/Resources/lib/python3.11/numpy/f2py/_backends/__pycache__
copying file /Users/calum/Developer/Excelerator/env/lib/python3.11/site-packages/numpy/f2py/_backends/__pycache__/_distutils.cpython-311.pyc -> /Users/calum/Developer/Excelerator/dist/Excelerate.app/Contents/Resources/lib/python3.11/numpy/f2py/_backends/__pycache__/_distutils.cpython-311.pyc
copying file /Users/calum/Developer/Excelerator/env/lib/python3.11/site-packages/numpy/f2py/_backends/__pycache__/_meson.cpython-311.pyc -> /Users/calum/Developer/Excelerator/dist/Excelerate.app/Contents/Resources/lib/python3.11/numpy/f2py/_backends/__pycache__/_meson.cpython-311.pyc
copying file /Users/calum/Developer/Excelerator/env/lib/python3.11/site-packages/numpy/f2py/_backends/__pycache__/_backend.cpython-311.pyc -> /Users/calum/Developer/Excelerator/dist/Excelerate.app/Contents/Resources/lib/python3.11/numpy/f2py/_backends/__pycache__/_backend.cpython-311.pyc
copying file /Users/calum/Developer/Excelerator/env/lib/python3.11/site-packages/numpy/f2py/_backends/__pycache__/__init__.cpython-311.pyc -> /Users/calum/Developer/Excelerator/dist/Excelerate.app/Contents/Resources/lib/python3.11/numpy/f2py/_backends/__pycache__/__init__.cpython-311.pyc
copying file /Users/calum/Developer/Excelerator/env/lib/python3.11/site-packages/numpy/f2py/_backends/_distutils.py -> /Users/calum/Developer/Excelerator/dist/Excelerate.app/Contents/Resources/lib/python3.11/numpy/f2py/_backends/_distutils.py
copying file /Users/calum/Developer/Excelerator/env/lib/python3.11/site-packages/numpy/f2py/_backends/_meson.py -> /Users/calum/Developer/Excelerator/dist/Excelerate.app/Contents/Resources/lib/python3.11/numpy/f2py/_backends/_meson.py
copying file /Users/calum/Developer/Excelerator/env/lib/python3.11/site-packages/numpy/f2py/crackfortran.py -> /Users/calum/Developer/Excelerator/dist/Excelerate.app/Contents/Resources/lib/python3.11/numpy/f2py/crackfortran.py
copying file /Users/calum/Developer/Excelerator/env/lib/python3.11/site-packages/numpy/f2py/cb_rules.py -> /Users/calum/Developer/Excelerator/dist/Excelerate.app/Contents/Resources/lib/python3.11/numpy/f2py/cb_rules.py
creating /Users/calum/Developer/Excelerator/dist/Excelerate.app/Contents/Resources/lib/python3.11/numpy/f2py/tests
copying file /Users/calum/Developer/Excelerator/env/lib/python3.11/site-packages/numpy/f2py/tests/test_character.py -> /Users/calum/Developer/Excelerator/dist/Excelerate.app/Contents/Resources/lib/python3.11/numpy/f2py/tests/test_character.py
copying file /Users/calum/Developer/Excelerator/env/lib/python3.11/site-packages/numpy/f2py/tests/test_mixed.py -> /Users/calum/Developer/Excelerator/dist/Excelerate.app/Contents/Resources/lib/python3.11/numpy/f2py/tests/test_mixed.py
copying file /Users/calum/Developer/Excelerator/env/lib/python3.11/site-packages/numpy/f2py/tests/test_return_logical.py -> /Users/calum/Developer/Excelerator/dist/Excelerate.app/Contents/Resources/lib/python3.11/numpy/f2py/tests/test_return_logical.py
copying file /Users/calum/Developer/Excelerator/env/lib/python3.11/site-packages/numpy/f2py/tests/test_assumed_shape.py -> /Users/calum/Developer/Excelerator/dist/Excelerate.app/Contents/Resources/lib/python3.11/numpy/f2py/tests/test_assumed_shape.py
copying file /Users/calum/Developer/Excelerator/env/lib/python3.11/site-packages/numpy/f2py/tests/test_common.py -> /Users/calum/Developer/Excelerator/dist/Excelerate.app/Contents/Resources/lib/python3.11/numpy/f2py/tests/test_common.py
copying file /Users/calum/Developer/Excelerator/env/lib/python3.11/site-packages/numpy/f2py/tests/test_pyf_src.py -> /Users/calum/Developer/Excelerator/dist/Excelerate.app/Contents/Resources/lib/python3.11/numpy/f2py/tests/test_pyf_src.py
copying file /Users/calum/Developer/Excelerator/env/lib/python3.11/site-packages/numpy/f2py/tests/test_kind.py -> /Users/calum/Developer/Excelerator/dist/Excelerate.app/Contents/Resources/lib/python3.11/numpy/f2py/tests/test_kind.py
copying file /Users/calum/Developer/Excelerator/env/lib/python3.11/site-packages/numpy/f2py/tests/test_isoc.py -> /Users/calum/Developer/Excelerator/dist/Excelerate.app/Contents/Resources/lib/python3.11/numpy/f2py/tests/test_isoc.py
copying file /Users/calum/Developer/Excelerator/env/lib/python3.11/site-packages/numpy/f2py/tests/test_array_from_pyobj.py -> /Users/calum/Developer/Excelerator/dist/Excelerate.app/Contents/Resources/lib/python3.11/numpy/f2py/tests/test_array_from_pyobj.py
copying file /Users/calum/Developer/Excelerator/env/lib/python3.11/site-packages/numpy/f2py/tests/test_return_real.py -> /Users/calum/Developer/Excelerator/dist/Excelerate.app/Contents/Resources/lib/python3.11/numpy/f2py/tests/test_return_real.py
copying file /Users/calum/Developer/Excelerator/env/lib/python3.11/site-packages/numpy/f2py/tests/test_symbolic.py -> /Users/calum/Developer/Excelerator/dist/Excelerate.app/Contents/Resources/lib/python3.11/numpy/f2py/tests/test_symbolic.py
copying file /Users/calum/Developer/Excelerator/env/lib/python3.11/site-packages/numpy/f2py/tests/util.py -> /Users/calum/Developer/Excelerator/dist/Excelerate.app/Contents/Resources/lib/python3.11/numpy/f2py/tests/util.py
copying file /Users/calum/Developer/Excelerator/env/lib/python3.11/site-packages/numpy/f2py/tests/test_size.py -> /Users/calum/Developer/Excelerator/dist/Excelerate.app/Contents/Resources/lib/python3.11/numpy/f2py/tests/test_size.py
copying file /Users/calum/Developer/Excelerator/env/lib/python3.11/site-packages/numpy/f2py/tests/test_callback.py -> /Users/calum/Developer/Excelerator/dist/Excelerate.app/Contents/Resources/lib/python3.11/numpy/f2py/tests/test_callback.py
copying file /Users/calum/Developer/Excelerator/env/lib/python3.11/site-packages/numpy/f2py/tests/test_string.py -> /Users/calum/Developer/Excelerator/dist/Excelerate.app/Contents/Resources/lib/python3.11/numpy/f2py/tests/test_string.py
copying file /Users/calum/Developer/Excelerator/env/lib/python3.11/site-packages/numpy/f2py/tests/test_docs.py -> /Users/calum/Developer/Excelerator/dist/Excelerate.app/Contents/Resources/lib/python3.11/numpy/f2py/tests/test_docs.py
copying file /Users/calum/Developer/Excelerator/env/lib/python3.11/site-packages/numpy/f2py/tests/test_module_doc.py -> /Users/calum/Developer/Excelerator/dist/Excelerate.app/Contents/Resources/lib/python3.11/numpy/f2py/tests/test_module_doc.py
copying file /Users/calum/Developer/Excelerator/env/lib/python3.11/site-packages/numpy/f2py/tests/__init__.py -> /Users/calum/Developer/Excelerator/dist/Excelerate.app/Contents/Resources/lib/python3.11/numpy/f2py/tests/__init__.py
copying file /Users/calum/Developer/Excelerator/env/lib/python3.11/site-packages/numpy/f2py/tests/test_quoted_character.py -> /Users/calum/Developer/Excelerator/dist/Excelerate.app/Contents/Resources/lib/python3.11/numpy/f2py/tests/test_quoted_character.py
copying file /Users/calum/Developer/Excelerator/env/lib/python3.11/site-packages/numpy/f2py/tests/test_parameter.py -> /Users/calum/Developer/Excelerator/dist/Excelerate.app/Contents/Resources/lib/python3.11/numpy/f2py/tests/test_parameter.py
creating /Users/calum/Developer/Excelerator/dist/Excelerate.app/Contents/Resources/lib/python3.11/numpy/f2py/tests/__pycache__
copying file /Users/calum/Developer/Excelerator/env/lib/python3.11/site-packages/numpy/f2py/tests/__pycache__/test_common.cpython-311.pyc -> /Users/calum/Developer/Excelerator/dist/Excelerate.app/Contents/Resources/lib/python3.11/numpy/f2py/tests/__pycache__/test_common.cpython-311.pyc
copying file /Users/calum/Developer/Excelerator/env/lib/python3.11/site-packages/numpy/f2py/tests/__pycache__/test_regression.cpython-311.pyc -> /Users/calum/Developer/Excelerator/dist/Excelerate.app/Contents/Resources/lib/python3.11/numpy/f2py/tests/__pycache__/test_regression.cpython-311.pyc
copying file /Users/calum/Developer/Excelerator/env/lib/python3.11/site-packages/numpy/f2py/tests/__pycache__/test_semicolon_split.cpython-311.pyc -> /Users/calum/Developer/Excelerator/dist/Excelerate.app/Contents/Resources/lib/python3.11/numpy/f2py/tests/__pycache__/test_semicolon_split.cpython-311.pyc
copying file /Users/calum/Developer/Excelerator/env/lib/python3.11/site-packages/numpy/f2py/tests/__pycache__/test_parameter.cpython-311.pyc -> /Users/calum/Developer/Excelerator/dist/Excelerate.app/Contents/Resources/lib/python3.11/numpy/f2py/tests/__pycache__/test_parameter.cpython-311.pyc
copying file /Users/calum/Developer/Excelerator/env/lib/python3.11/site-packages/numpy/f2py/tests/__pycache__/test_f2py2e.cpython-311.pyc -> /Users/calum/Developer/Excelerator/dist/Excelerate.app/Contents/Resources/lib/python3.11/numpy/f2py/tests/__pycache__/test_f2py2e.cpython-311.pyc
copying file /Users/calum/Developer/Excelerator/env/lib/python3.11/site-packages/numpy/f2py/tests/__pycache__/test_kind.cpython-311.pyc -> /Users/calum/Developer/Excelerator/dist/Excelerate.app/Contents/Resources/lib/python3.11/numpy/f2py/tests/__pycache__/test_kind.cpython-311.pyc
copying file /Users/calum/Developer/Excelerator/env/lib/python3.11/site-packages/numpy/f2py/tests/__pycache__/test_return_logical.cpython-311.pyc -> /Users/calum/Developer/Excelerator/dist/Excelerate.app/Contents/Resources/lib/python3.11/numpy/f2py/tests/__pycache__/test_return_logical.cpython-311.pyc
copying file /Users/calum/Developer/Excelerator/env/lib/python3.11/site-packages/numpy/f2py/tests/__pycache__/test_symbolic.cpython-311.pyc -> /Users/calum/Developer/Excelerator/dist/Excelerate.app/Contents/Resources/lib/python3.11/numpy/f2py/tests/__pycache__/test_symbolic.cpython-311.pyc
copying file /Users/calum/Developer/Excelerator/env/lib/python3.11/site-packages/numpy/f2py/tests/__pycache__/test_string.cpython-311.pyc -> /Users/calum/Developer/Excelerator/dist/Excelerate.app/Contents/Resources/lib/python3.11/numpy/f2py/tests/__pycache__/test_string.cpython-311.pyc
copying file /Users/calum/Developer/Excelerator/env/lib/python3.11/site-packages/numpy/f2py/tests/__pycache__/test_quoted_character.cpython-311.pyc -> /Users/calum/Developer/Excelerator/dist/Excelerate.app/Contents/Resources/lib/python3.11/numpy/f2py/tests/__pycache__/test_quoted_character.cpython-311.pyc
copying file /Users/calum/Developer/Excelerator/env/lib/python3.11/site-packages/numpy/f2py/tests/__pycache__/test_return_complex.cpython-311.pyc -> /Users/calum/Developer/Excelerator/dist/Excelerate.app/Contents/Resources/lib/python3.11/numpy/f2py/tests/__pycache__/test_return_complex.cpython-311.pyc
copying file /Users/calum/Developer/Excelerator/env/lib/python3.11/site-packages/numpy/f2py/tests/__pycache__/test_array_from_pyobj.cpython-311.pyc -> /Users/calum/Developer/Excelerator/dist/Excelerate.app/Contents/Resources/lib/python3.11/numpy/f2py/tests/__pycache__/test_array_from_pyobj.cpython-311.pyc
copying file /Users/calum/Developer/Excelerator/env/lib/python3.11/site-packages/numpy/f2py/tests/__pycache__/test_character.cpython-311.pyc -> /Users/calum/Developer/Excelerator/dist/Excelerate.app/Contents/Resources/lib/python3.11/numpy/f2py/tests/__pycache__/test_character.cpython-311.pyc
copying file /Users/calum/Developer/Excelerator/env/lib/python3.11/site-packages/numpy/f2py/tests/__pycache__/test_f2cmap.cpython-311.pyc -> /Users/calum/Developer/Excelerator/dist/Excelerate.app/Contents/Resources/lib/python3.11/numpy/f2py/tests/__pycache__/test_f2cmap.cpython-311.pyc
copying file /Users/calum/Developer/Excelerator/env/lib/python3.11/site-packages/numpy/f2py/tests/__pycache__/test_module_doc.cpython-311.pyc -> /Users/calum/Developer/Excelerator/dist/Excelerate.app/Contents/Resources/lib/python3.11/numpy/f2py/tests/__pycache__/test_module_doc.cpython-311.pyc
copying file /Users/calum/Developer/Excelerator/env/lib/python3.11/site-packages/numpy/f2py/tests/__pycache__/test_block_docstring.cpython-311.pyc -> /Users/calum/Developer/Excelerator/dist/Excelerate.app/Contents/Resources/lib/python3.11/numpy/f2py/tests/__pycache__/test_block_docstring.cpython-311.pyc
copying file /Users/calum/Developer/Excelerator/env/lib/python3.11/site-packages/numpy/f2py/tests/__pycache__/test_size.cpython-311.pyc -> /Users/calum/Developer/Excelerator/dist/Excelerate.app/Contents/Resources/lib/python3.11/numpy/f2py/tests/__pycache__/test_size.cpython-311.pyc
copying file /Users/calum/Developer/Excelerator/env/lib/python3.11/site-packages/numpy/f2py/tests/__pycache__/test_crackfortran.cpython-311.pyc -> /Users/calum/Developer/Excelerator/dist/Excelerate.app/Contents/Resources/lib/python3.11/numpy/f2py/tests/__pycache__/test_crackfortran.cpython-311.pyc
copying file /Users/calum/Developer/Excelerator/env/lib/python3.11/site-packages/numpy/f2py/tests/__pycache__/test_compile_function.cpython-311.pyc -> /Users/calum/Developer/Excelerator/dist/Excelerate.app/Contents/Resources/lib/python3.11/numpy/f2py/tests/__pycache__/test_compile_function.cpython-311.pyc
copying file /Users/calum/Developer/Excelerator/env/lib/python3.11/site-packages/numpy/f2py/tests/__pycache__/test_pyf_src.cpython-311.pyc -> /Users/calum/Developer/Excelerator/dist/Excelerate.app/Contents/Resources/lib/python3.11/numpy/f2py/tests/__pycache__/test_pyf_src.cpython-311.pyc
copying file /Users/calum/Developer/Excelerator/env/lib/python3.11/site-packages/numpy/f2py/tests/__pycache__/test_data.cpython-311.pyc -> /Users/calum/Developer/Excelerator/dist/Excelerate.app/Contents/Resources/lib/python3.11/numpy/f2py/tests/__pycache__/test_data.cpython-311.pyc
copying file /Users/calum/Developer/Excelerator/env/lib/python3.11/site-packages/numpy/f2py/tests/__pycache__/test_isoc.cpython-311.pyc -> /Users/calum/Developer/Excelerator/dist/Excelerate.app/Contents/Resources/lib/python3.11/numpy/f2py/tests/__pycache__/test_isoc.cpython-311.pyc
copying file /Users/calum/Developer/Excelerator/env/lib/python3.11/site-packages/numpy/f2py/tests/__pycache__/test_mixed.cpython-311.pyc -> /Users/calum/Developer/Excelerator/dist/Excelerate.app/Contents/Resources/lib/python3.11/numpy/f2py/tests/__pycache__/test_mixed.cpython-311.pyc
copying file /Users/calum/Developer/Excelerator/env/lib/python3.11/site-packages/numpy/f2py/tests/__pycache__/test_assumed_shape.cpython-311.pyc -> /Users/calum/Developer/Excelerator/dist/Excelerate.app/Contents/Resources/lib/python3.11/numpy/f2py/tests/__pycache__/test_assumed_shape.cpython-311.pyc
copying file /Users/calum/Developer/Excelerator/env/lib/python3.11/site-packages/numpy/f2py/tests/__pycache__/util.cpython-311.pyc -> /Users/calum/Developer/Excelerator/dist/Excelerate.app/Contents/Resources/lib/python3.11/numpy/f2py/tests/__pycache__/util.cpython-311.pyc
copying file /Users/calum/Developer/Excelerator/env/lib/python3.11/site-packages/numpy/f2py/tests/__pycache__/test_abstract_interface.cpython-311.pyc -> /Users/calum/Developer/Excelerator/dist/Excelerate.app/Contents/Resources/lib/python3.11/numpy/f2py/tests/__pycache__/test_abstract_interface.cpython-311.pyc
copying file /Users/calum/Developer/Excelerator/env/lib/python3.11/site-packages/numpy/f2py/tests/__pycache__/test_return_real.cpython-311.pyc -> /Users/calum/Developer/Excelerator/dist/Excelerate.app/Contents/Resources/lib/python3.11/numpy/f2py/tests/__pycache__/test_return_real.cpython-311.pyc
copying file /Users/calum/Developer/Excelerator/env/lib/python3.11/site-packages/numpy/f2py/tests/__pycache__/test_callback.cpython-311.pyc -> /Users/calum/Developer/Excelerator/dist/Excelerate.app/Contents/Resources/lib/python3.11/numpy/f2py/tests/__pycache__/test_callback.cpython-311.pyc
copying file /Users/calum/Developer/Excelerator/env/lib/python3.11/site-packages/numpy/f2py/tests/__pycache__/test_return_integer.cpython-311.pyc -> /Users/calum/Developer/Excelerator/dist/Excelerate.app/Contents/Resources/lib/python3.11/numpy/f2py/tests/__pycache__/test_return_integer.cpython-311.pyc
copying file /Users/calum/Developer/Excelerator/env/lib/python3.11/site-packages/numpy/f2py/tests/__pycache__/test_return_character.cpython-311.pyc -> /Users/calum/Developer/Excelerator/dist/Excelerate.app/Contents/Resources/lib/python3.11/numpy/f2py/tests/__pycache__/test_return_character.cpython-311.pyc
copying file /Users/calum/Developer/Excelerator/env/lib/python3.11/site-packages/numpy/f2py/tests/__pycache__/test_docs.cpython-311.pyc -> /Users/calum/Developer/Excelerator/dist/Excelerate.app/Contents/Resources/lib/python3.11/numpy/f2py/tests/__pycache__/test_docs.cpython-311.pyc
copying file /Users/calum/Developer/Excelerator/env/lib/python3.11/site-packages/numpy/f2py/tests/__pycache__/test_value_attrspec.cpython-311.pyc -> /Users/calum/Developer/Excelerator/dist/Excelerate.app/Contents/Resources/lib/python3.11/numpy/f2py/tests/__pycache__/test_value_attrspec.cpython-311.pyc
copying file /Users/calum/Developer/Excelerator/env/lib/python3.11/site-packages/numpy/f2py/tests/__pycache__/__init__.cpython-311.pyc -> /Users/calum/Developer/Excelerator/dist/Excelerate.app/Contents/Resources/lib/python3.11/numpy/f2py/tests/__pycache__/__init__.cpython-311.pyc
copying file /Users/calum/Developer/Excelerator/env/lib/python3.11/site-packages/numpy/f2py/tests/test_abstract_interface.py -> /Users/calum/Developer/Excelerator/dist/Excelerate.app/Contents/Resources/lib/python3.11/numpy/f2py/tests/test_abstract_interface.py
copying file /Users/calum/Developer/Excelerator/env/lib/python3.11/site-packages/numpy/f2py/tests/test_f2cmap.py -> /Users/calum/Developer/Excelerator/dist/Excelerate.app/Contents/Resources/lib/python3.11/numpy/f2py/tests/test_f2cmap.py
copying file /Users/calum/Developer/Excelerator/env/lib/python3.11/site-packages/numpy/f2py/tests/test_semicolon_split.py -> /Users/calum/Developer/Excelerator/dist/Excelerate.app/Contents/Resources/lib/python3.11/numpy/f2py/tests/test_semicolon_split.py
copying file /Users/calum/Developer/Excelerator/env/lib/python3.11/site-packages/numpy/f2py/tests/test_compile_function.py -> /Users/calum/Developer/Excelerator/dist/Excelerate.app/Contents/Resources/lib/python3.11/numpy/f2py/tests/test_compile_function.py
copying file /Users/calum/Developer/Excelerator/env/lib/python3.11/site-packages/numpy/f2py/tests/test_block_docstring.py -> /Users/calum/Developer/Excelerator/dist/Excelerate.app/Contents/Resources/lib/python3.11/numpy/f2py/tests/test_block_docstring.py
copying file /Users/calum/Developer/Excelerator/env/lib/python3.11/site-packages/numpy/f2py/tests/test_return_integer.py -> /Users/calum/Developer/Excelerator/dist/Excelerate.app/Contents/Resources/lib/python3.11/numpy/f2py/tests/test_return_integer.py
copying file /Users/calum/Developer/Excelerator/env/lib/python3.11/site-packages/numpy/f2py/tests/test_return_character.py -> /Users/calum/Developer/Excelerator/dist/Excelerate.app/Contents/Resources/lib/python3.11/numpy/f2py/tests/test_return_character.py
copying file /Users/calum/Developer/Excelerator/env/lib/python3.11/site-packages/numpy/f2py/tests/test_data.py -> /Users/calum/Developer/Excelerator/dist/Excelerate.app/Contents/Resources/lib/python3.11/numpy/f2py/tests/test_data.py
copying file /Users/calum/Developer/Excelerator/env/lib/python3.11/site-packages/numpy/f2py/tests/test_value_attrspec.py -> /Users/calum/Developer/Excelerator/dist/Excelerate.app/Contents/Resources/lib/python3.11/numpy/f2py/tests/test_value_attrspec.py
copying file /Users/calum/Developer/Excelerator/env/lib/python3.11/site-packages/numpy/f2py/tests/test_return_complex.py -> /Users/calum/Developer/Excelerator/dist/Excelerate.app/Contents/Resources/lib/python3.11/numpy/f2py/tests/test_return_complex.py
copying file /Users/calum/Developer/Excelerator/env/lib/python3.11/site-packages/numpy/f2py/tests/test_crackfortran.py -> /Users/calum/Developer/Excelerator/dist/Excelerate.app/Contents/Resources/lib/python3.11/numpy/f2py/tests/test_crackfortran.py
copying file /Users/calum/Developer/Excelerator/env/lib/python3.11/site-packages/numpy/f2py/tests/test_f2py2e.py -> /Users/calum/Developer/Excelerator/dist/Excelerate.app/Contents/Resources/lib/python3.11/numpy/f2py/tests/test_f2py2e.py
copying file /Users/calum/Developer/Excelerator/env/lib/python3.11/site-packages/numpy/f2py/tests/test_regression.py -> /Users/calum/Developer/Excelerator/dist/Excelerate.app/Contents/Resources/lib/python3.11/numpy/f2py/tests/test_regression.py
creating /Users/calum/Developer/Excelerator/dist/Excelerate.app/Contents/Resources/lib/python3.11/numpy/f2py/tests/src
creating /Users/calum/Developer/Excelerator/dist/Excelerate.app/Contents/Resources/lib/python3.11/numpy/f2py/tests/src/abstract_interface
copying file /Users/calum/Developer/Excelerator/env/lib/python3.11/site-packages/numpy/f2py/tests/src/abstract_interface/foo.f90 -> /Users/calum/Developer/Excelerator/dist/Excelerate.app/Contents/Resources/lib/python3.11/numpy/f2py/tests/src/abstract_interface/foo.f90
copying file /Users/calum/Developer/Excelerator/env/lib/python3.11/site-packages/numpy/f2py/tests/src/abstract_interface/gh18403_mod.f90 -> /Users/calum/Developer/Excelerator/dist/Excelerate.app/Contents/Resources/lib/python3.11/numpy/f2py/tests/src/abstract_interface/gh18403_mod.f90
creating /Users/calum/Developer/Excelerator/dist/Excelerate.app/Contents/Resources/lib/python3.11/numpy/f2py/tests/src/isocintrin
copying file /Users/calum/Developer/Excelerator/env/lib/python3.11/site-packages/numpy/f2py/tests/src/isocintrin/isoCtests.f90 -> /Users/calum/Developer/Excelerator/dist/Excelerate.app/Contents/Resources/lib/python3.11/numpy/f2py/tests/src/isocintrin/isoCtests.f90
creating /Users/calum/Developer/Excelerator/dist/Excelerate.app/Contents/Resources/lib/python3.11/numpy/f2py/tests/src/return_character
copying file /Users/calum/Developer/Excelerator/env/lib/python3.11/site-packages/numpy/f2py/tests/src/return_character/foo77.f -> /Users/calum/Developer/Excelerator/dist/Excelerate.app/Contents/Resources/lib/python3.11/numpy/f2py/tests/src/return_character/foo77.f
copying file /Users/calum/Developer/Excelerator/env/lib/python3.11/site-packages/numpy/f2py/tests/src/return_character/foo90.f90 -> /Users/calum/Developer/Excelerator/dist/Excelerate.app/Contents/Resources/lib/python3.11/numpy/f2py/tests/src/return_character/foo90.f90
creating /Users/calum/Developer/Excelerator/dist/Excelerate.app/Contents/Resources/lib/python3.11/numpy/f2py/tests/src/f2cmap
copying file /Users/calum/Developer/Excelerator/env/lib/python3.11/site-packages/numpy/f2py/tests/src/f2cmap/.f2py_f2cmap -> /Users/calum/Developer/Excelerator/dist/Excelerate.app/Contents/Resources/lib/python3.11/numpy/f2py/tests/src/f2cmap/.f2py_f2cmap
copying file /Users/calum/Developer/Excelerator/env/lib/python3.11/site-packages/numpy/f2py/tests/src/f2cmap/isoFortranEnvMap.f90 -> /Users/calum/Developer/Excelerator/dist/Excelerate.app/Contents/Resources/lib/python3.11/numpy/f2py/tests/src/f2cmap/isoFortranEnvMap.f90
creating /Users/calum/Developer/Excelerator/dist/Excelerate.app/Contents/Resources/lib/python3.11/numpy/f2py/tests/src/mixed
copying file /Users/calum/Developer/Excelerator/env/lib/python3.11/site-packages/numpy/f2py/tests/src/mixed/foo_free.f90 -> /Users/calum/Developer/Excelerator/dist/Excelerate.app/Contents/Resources/lib/python3.11/numpy/f2py/tests/src/mixed/foo_free.f90
copying file /Users/calum/Developer/Excelerator/env/lib/python3.11/site-packages/numpy/f2py/tests/src/mixed/foo_fixed.f90 -> /Users/calum/Developer/Excelerator/dist/Excelerate.app/Contents/Resources/lib/python3.11/numpy/f2py/tests/src/mixed/foo_fixed.f90
copying file /Users/calum/Developer/Excelerator/env/lib/python3.11/site-packages/numpy/f2py/tests/src/mixed/foo.f -> /Users/calum/Developer/Excelerator/dist/Excelerate.app/Contents/Resources/lib/python3.11/numpy/f2py/tests/src/mixed/foo.f
creating /Users/calum/Developer/Excelerator/dist/Excelerate.app/Contents/Resources/lib/python3.11/numpy/f2py/tests/src/return_complex
copying file /Users/calum/Developer/Excelerator/env/lib/python3.11/site-packages/numpy/f2py/tests/src/return_complex/foo77.f -> /Users/calum/Developer/Excelerator/dist/Excelerate.app/Contents/Resources/lib/python3.11/numpy/f2py/tests/src/return_complex/foo77.f
copying file /Users/calum/Developer/Excelerator/env/lib/python3.11/site-packages/numpy/f2py/tests/src/return_complex/foo90.f90 -> /Users/calum/Developer/Excelerator/dist/Excelerate.app/Contents/Resources/lib/python3.11/numpy/f2py/tests/src/return_complex/foo90.f90
creating /Users/calum/Developer/Excelerator/dist/Excelerate.app/Contents/Resources/lib/python3.11/numpy/f2py/tests/src/quoted_character
copying file /Users/calum/Developer/Excelerator/env/lib/python3.11/site-packages/numpy/f2py/tests/src/quoted_character/foo.f -> /Users/calum/Developer/Excelerator/dist/Excelerate.app/Contents/Resources/lib/python3.11/numpy/f2py/tests/src/quoted_character/foo.f
creating /Users/calum/Developer/Excelerator/dist/Excelerate.app/Contents/Resources/lib/python3.11/numpy/f2py/tests/src/array_from_pyobj
copying file /Users/calum/Developer/Excelerator/env/lib/python3.11/site-packages/numpy/f2py/tests/src/array_from_pyobj/wrapmodule.c -> /Users/calum/Developer/Excelerator/dist/Excelerate.app/Contents/Resources/lib/python3.11/numpy/f2py/tests/src/array_from_pyobj/wrapmodule.c
creating /Users/calum/Developer/Excelerator/dist/Excelerate.app/Contents/Resources/lib/python3.11/numpy/f2py/tests/src/cli
copying file /Users/calum/Developer/Excelerator/env/lib/python3.11/site-packages/numpy/f2py/tests/src/cli/gh_22819.pyf -> /Users/calum/Developer/Excelerator/dist/Excelerate.app/Contents/Resources/lib/python3.11/numpy/f2py/tests/src/cli/gh_22819.pyf
copying file /Users/calum/Developer/Excelerator/env/lib/python3.11/site-packages/numpy/f2py/tests/src/cli/hi77.f -> /Users/calum/Developer/Excelerator/dist/Excelerate.app/Contents/Resources/lib/python3.11/numpy/f2py/tests/src/cli/hi77.f
copying file /Users/calum/Developer/Excelerator/env/lib/python3.11/site-packages/numpy/f2py/tests/src/cli/hiworld.f90 -> /Users/calum/Developer/Excelerator/dist/Excelerate.app/Contents/Resources/lib/python3.11/numpy/f2py/tests/src/cli/hiworld.f90
creating /Users/calum/Developer/Excelerator/dist/Excelerate.app/Contents/Resources/lib/python3.11/numpy/f2py/tests/src/kind
copying file /Users/calum/Developer/Excelerator/env/lib/python3.11/site-packages/numpy/f2py/tests/src/kind/foo.f90 -> /Users/calum/Developer/Excelerator/dist/Excelerate.app/Contents/Resources/lib/python3.11/numpy/f2py/tests/src/kind/foo.f90
creating /Users/calum/Developer/Excelerator/dist/Excelerate.app/Contents/Resources/lib/python3.11/numpy/f2py/tests/src/value_attrspec
copying file /Users/calum/Developer/Excelerator/env/lib/python3.11/site-packages/numpy/f2py/tests/src/value_attrspec/gh21665.f90 -> /Users/calum/Developer/Excelerator/dist/Excelerate.app/Contents/Resources/lib/python3.11/numpy/f2py/tests/src/value_attrspec/gh21665.f90
creating /Users/calum/Developer/Excelerator/dist/Excelerate.app/Contents/Resources/lib/python3.11/numpy/f2py/tests/src/module_data
copying file /Users/calum/Developer/Excelerator/env/lib/python3.11/site-packages/numpy/f2py/tests/src/module_data/mod.mod -> /Users/calum/Developer/Excelerator/dist/Excelerate.app/Contents/Resources/lib/python3.11/numpy/f2py/tests/src/module_data/mod.mod
copying file /Users/calum/Developer/Excelerator/env/lib/python3.11/site-packages/numpy/f2py/tests/src/module_data/module_data_docstring.f90 -> /Users/calum/Developer/Excelerator/dist/Excelerate.app/Contents/Resources/lib/python3.11/numpy/f2py/tests/src/module_data/module_data_docstring.f90
creating /Users/calum/Developer/Excelerator/dist/Excelerate.app/Contents/Resources/lib/python3.11/numpy/f2py/tests/src/negative_bounds
copying file /Users/calum/Developer/Excelerator/env/lib/python3.11/site-packages/numpy/f2py/tests/src/negative_bounds/issue_20853.f90 -> /Users/calum/Developer/Excelerator/dist/Excelerate.app/Contents/Resources/lib/python3.11/numpy/f2py/tests/src/negative_bounds/issue_20853.f90
creating /Users/calum/Developer/Excelerator/dist/Excelerate.app/Contents/Resources/lib/python3.11/numpy/f2py/tests/src/common
copying file /Users/calum/Developer/Excelerator/env/lib/python3.11/site-packages/numpy/f2py/tests/src/common/gh19161.f90 -> /Users/calum/Developer/Excelerator/dist/Excelerate.app/Contents/Resources/lib/python3.11/numpy/f2py/tests/src/common/gh19161.f90
copying file /Users/calum/Developer/Excelerator/env/lib/python3.11/site-packages/numpy/f2py/tests/src/common/block.f -> /Users/calum/Developer/Excelerator/dist/Excelerate.app/Contents/Resources/lib/python3.11/numpy/f2py/tests/src/common/block.f
creating /Users/calum/Developer/Excelerator/dist/Excelerate.app/Contents/Resources/lib/python3.11/numpy/f2py/tests/src/return_real
copying file /Users/calum/Developer/Excelerator/env/lib/python3.11/site-packages/numpy/f2py/tests/src/return_real/foo77.f -> /Users/calum/Developer/Excelerator/dist/Excelerate.app/Contents/Resources/lib/python3.11/numpy/f2py/tests/src/return_real/foo77.f
copying file /Users/calum/Developer/Excelerator/env/lib/python3.11/site-packages/numpy/f2py/tests/src/return_real/foo90.f90 -> /Users/calum/Developer/Excelerator/dist/Excelerate.app/Contents/Resources/lib/python3.11/numpy/f2py/tests/src/return_real/foo90.f90
creating /Users/calum/Developer/Excelerator/dist/Excelerate.app/Contents/Resources/lib/python3.11/numpy/f2py/tests/src/assumed_shape
copying file /Users/calum/Developer/Excelerator/env/lib/python3.11/site-packages/numpy/f2py/tests/src/assumed_shape/precision.f90 -> /Users/calum/Developer/Excelerator/dist/Excelerate.app/Contents/Resources/lib/python3.11/numpy/f2py/tests/src/assumed_shape/precision.f90
copying file /Users/calum/Developer/Excelerator/env/lib/python3.11/site-packages/numpy/f2py/tests/src/assumed_shape/.f2py_f2cmap -> /Users/calum/Developer/Excelerator/dist/Excelerate.app/Contents/Resources/lib/python3.11/numpy/f2py/tests/src/assumed_shape/.f2py_f2cmap
copying file /Users/calum/Developer/Excelerator/env/lib/python3.11/site-packages/numpy/f2py/tests/src/assumed_shape/foo_mod.f90 -> /Users/calum/Developer/Excelerator/dist/Excelerate.app/Contents/Resources/lib/python3.11/numpy/f2py/tests/src/assumed_shape/foo_mod.f90
copying file /Users/calum/Developer/Excelerator/env/lib/python3.11/site-packages/numpy/f2py/tests/src/assumed_shape/foo_free.f90 -> /Users/calum/Developer/Excelerator/dist/Excelerate.app/Contents/Resources/lib/python3.11/numpy/f2py/tests/src/assumed_shape/foo_free.f90
copying file /Users/calum/Developer/Excelerator/env/lib/python3.11/site-packages/numpy/f2py/tests/src/assumed_shape/foo_use.f90 -> /Users/calum/Developer/Excelerator/dist/Excelerate.app/Contents/Resources/lib/python3.11/numpy/f2py/tests/src/assumed_shape/foo_use.f90
creating /Users/calum/Developer/Excelerator/dist/Excelerate.app/Contents/Resources/lib/python3.11/numpy/f2py/tests/src/block_docstring
copying file /Users/calum/Developer/Excelerator/env/lib/python3.11/site-packages/numpy/f2py/tests/src/block_docstring/foo.f -> /Users/calum/Developer/Excelerator/dist/Excelerate.app/Contents/Resources/lib/python3.11/numpy/f2py/tests/src/block_docstring/foo.f
creating /Users/calum/Developer/Excelerator/dist/Excelerate.app/Contents/Resources/lib/python3.11/numpy/f2py/tests/src/return_integer
copying file /Users/calum/Developer/Excelerator/env/lib/python3.11/site-packages/numpy/f2py/tests/src/return_integer/foo77.f -> /Users/calum/Developer/Excelerator/dist/Excelerate.app/Contents/Resources/lib/python3.11/numpy/f2py/tests/src/return_integer/foo77.f
copying file /Users/calum/Developer/Excelerator/env/lib/python3.11/site-packages/numpy/f2py/tests/src/return_integer/foo90.f90 -> /Users/calum/Developer/Excelerator/dist/Excelerate.app/Contents/Resources/lib/python3.11/numpy/f2py/tests/src/return_integer/foo90.f90
creating /Users/calum/Developer/Excelerator/dist/Excelerate.app/Contents/Resources/lib/python3.11/numpy/f2py/tests/src/return_logical
copying file /Users/calum/Developer/Excelerator/env/lib/python3.11/site-packages/numpy/f2py/tests/src/return_logical/foo77.f -> /Users/calum/Developer/Excelerator/dist/Excelerate.app/Contents/Resources/lib/python3.11/numpy/f2py/tests/src/return_logical/foo77.f
copying file /Users/calum/Developer/Excelerator/env/lib/python3.11/site-packages/numpy/f2py/tests/src/return_logical/foo90.f90 -> /Users/calum/Developer/Excelerator/dist/Excelerate.app/Contents/Resources/lib/python3.11/numpy/f2py/tests/src/return_logical/foo90.f90
creating /Users/calum/Developer/Excelerator/dist/Excelerate.app/Contents/Resources/lib/python3.11/numpy/f2py/tests/src/parameter
copying file /Users/calum/Developer/Excelerator/env/lib/python3.11/site-packages/numpy/f2py/tests/src/parameter/constant_non_compound.f90 -> /Users/calum/Developer/Excelerator/dist/Excelerate.app/Contents/Resources/lib/python3.11/numpy/f2py/tests/src/parameter/constant_non_compound.f90
copying file /Users/calum/Developer/Excelerator/env/lib/python3.11/site-packages/numpy/f2py/tests/src/parameter/constant_both.f90 -> /Users/calum/Developer/Excelerator/dist/Excelerate.app/Contents/Resources/lib/python3.11/numpy/f2py/tests/src/parameter/constant_both.f90
copying file /Users/calum/Developer/Excelerator/env/lib/python3.11/site-packages/numpy/f2py/tests/src/parameter/constant_integer.f90 -> /Users/calum/Developer/Excelerator/dist/Excelerate.app/Contents/Resources/lib/python3.11/numpy/f2py/tests/src/parameter/constant_integer.f90
copying file /Users/calum/Developer/Excelerator/env/lib/python3.11/site-packages/numpy/f2py/tests/src/parameter/constant_compound.f90 -> /Users/calum/Developer/Excelerator/dist/Excelerate.app/Contents/Resources/lib/python3.11/numpy/f2py/tests/src/parameter/constant_compound.f90
copying file /Users/calum/Developer/Excelerator/env/lib/python3.11/site-packages/numpy/f2py/tests/src/parameter/constant_real.f90 -> /Users/calum/Developer/Excelerator/dist/Excelerate.app/Contents/Resources/lib/python3.11/numpy/f2py/tests/src/parameter/constant_real.f90
creating /Users/calum/Developer/Excelerator/dist/Excelerate.app/Contents/Resources/lib/python3.11/numpy/f2py/tests/src/string
copying file /Users/calum/Developer/Excelerator/env/lib/python3.11/site-packages/numpy/f2py/tests/src/string/gh24008.f -> /Users/calum/Developer/Excelerator/dist/Excelerate.app/Contents/Resources/lib/python3.11/numpy/f2py/tests/src/string/gh24008.f
copying file /Users/calum/Developer/Excelerator/env/lib/python3.11/site-packages/numpy/f2py/tests/src/string/char.f90 -> /Users/calum/Developer/Excelerator/dist/Excelerate.app/Contents/Resources/lib/python3.11/numpy/f2py/tests/src/string/char.f90
copying file /Users/calum/Developer/Excelerator/env/lib/python3.11/site-packages/numpy/f2py/tests/src/string/gh25286_bc.pyf -> /Users/calum/Developer/Excelerator/dist/Excelerate.app/Contents/Resources/lib/python3.11/numpy/f2py/tests/src/string/gh25286_bc.pyf
copying file /Users/calum/Developer/Excelerator/env/lib/python3.11/site-packages/numpy/f2py/tests/src/string/gh24662.f90 -> /Users/calum/Developer/Excelerator/dist/Excelerate.app/Contents/Resources/lib/python3.11/numpy/f2py/tests/src/string/gh24662.f90
copying file /Users/calum/Developer/Excelerator/env/lib/python3.11/site-packages/numpy/f2py/tests/src/string/fixed_string.f90 -> /Users/calum/Developer/Excelerator/dist/Excelerate.app/Contents/Resources/lib/python3.11/numpy/f2py/tests/src/string/fixed_string.f90
copying file /Users/calum/Developer/Excelerator/env/lib/python3.11/site-packages/numpy/f2py/tests/src/string/gh25286.pyf -> /Users/calum/Developer/Excelerator/dist/Excelerate.app/Contents/Resources/lib/python3.11/numpy/f2py/tests/src/string/gh25286.pyf
copying file /Users/calum/Developer/Excelerator/env/lib/python3.11/site-packages/numpy/f2py/tests/src/string/scalar_string.f90 -> /Users/calum/Developer/Excelerator/dist/Excelerate.app/Contents/Resources/lib/python3.11/numpy/f2py/tests/src/string/scalar_string.f90
copying file /Users/calum/Developer/Excelerator/env/lib/python3.11/site-packages/numpy/f2py/tests/src/string/gh25286.f90 -> /Users/calum/Developer/Excelerator/dist/Excelerate.app/Contents/Resources/lib/python3.11/numpy/f2py/tests/src/string/gh25286.f90
copying file /Users/calum/Developer/Excelerator/env/lib/python3.11/site-packages/numpy/f2py/tests/src/string/string.f -> /Users/calum/Developer/Excelerator/dist/Excelerate.app/Contents/Resources/lib/python3.11/numpy/f2py/tests/src/string/string.f
creating /Users/calum/Developer/Excelerator/dist/Excelerate.app/Contents/Resources/lib/python3.11/numpy/f2py/tests/src/callback
copying file /Users/calum/Developer/Excelerator/env/lib/python3.11/site-packages/numpy/f2py/tests/src/callback/gh18335.f90 -> /Users/calum/Developer/Excelerator/dist/Excelerate.app/Contents/Resources/lib/python3.11/numpy/f2py/tests/src/callback/gh18335.f90
copying file /Users/calum/Developer/Excelerator/env/lib/python3.11/site-packages/numpy/f2py/tests/src/callback/gh25211.pyf -> /Users/calum/Developer/Excelerator/dist/Excelerate.app/Contents/Resources/lib/python3.11/numpy/f2py/tests/src/callback/gh25211.pyf
copying file /Users/calum/Developer/Excelerator/env/lib/python3.11/site-packages/numpy/f2py/tests/src/callback/gh25211.f -> /Users/calum/Developer/Excelerator/dist/Excelerate.app/Contents/Resources/lib/python3.11/numpy/f2py/tests/src/callback/gh25211.f
copying file /Users/calum/Developer/Excelerator/env/lib/python3.11/site-packages/numpy/f2py/tests/src/callback/foo.f -> /Users/calum/Developer/Excelerator/dist/Excelerate.app/Contents/Resources/lib/python3.11/numpy/f2py/tests/src/callback/foo.f
copying file /Users/calum/Developer/Excelerator/env/lib/python3.11/site-packages/numpy/f2py/tests/src/callback/gh17797.f90 -> /Users/calum/Developer/Excelerator/dist/Excelerate.app/Contents/Resources/lib/python3.11/numpy/f2py/tests/src/callback/gh17797.f90
creating /Users/calum/Developer/Excelerator/dist/Excelerate.app/Contents/Resources/lib/python3.11/numpy/f2py/tests/src/size
copying file /Users/calum/Developer/Excelerator/env/lib/python3.11/site-packages/numpy/f2py/tests/src/size/foo.f90 -> /Users/calum/Developer/Excelerator/dist/Excelerate.app/Contents/Resources/lib/python3.11/numpy/f2py/tests/src/size/foo.f90
creating /Users/calum/Developer/Excelerator/dist/Excelerate.app/Contents/Resources/lib/python3.11/numpy/f2py/tests/src/regression
copying file /Users/calum/Developer/Excelerator/env/lib/python3.11/site-packages/numpy/f2py/tests/src/regression/inout.f90 -> /Users/calum/Developer/Excelerator/dist/Excelerate.app/Contents/Resources/lib/python3.11/numpy/f2py/tests/src/regression/inout.f90
creating /Users/calum/Developer/Excelerator/dist/Excelerate.app/Contents/Resources/lib/python3.11/numpy/f2py/tests/src/regression/gh25337
copying file /Users/calum/Developer/Excelerator/env/lib/python3.11/site-packages/numpy/f2py/tests/src/regression/gh25337/data.f90 -> /Users/calum/Developer/Excelerator/dist/Excelerate.app/Contents/Resources/lib/python3.11/numpy/f2py/tests/src/regression/gh25337/data.f90
copying file /Users/calum/Developer/Excelerator/env/lib/python3.11/site-packages/numpy/f2py/tests/src/regression/gh25337/use_data.f90 -> /Users/calum/Developer/Excelerator/dist/Excelerate.app/Contents/Resources/lib/python3.11/numpy/f2py/tests/src/regression/gh25337/use_data.f90
creating /Users/calum/Developer/Excelerator/dist/Excelerate.app/Contents/Resources/lib/python3.11/numpy/f2py/tests/src/crackfortran
copying file /Users/calum/Developer/Excelerator/env/lib/python3.11/site-packages/numpy/f2py/tests/src/crackfortran/data_stmts.f90 -> /Users/calum/Developer/Excelerator/dist/Excelerate.app/Contents/Resources/lib/python3.11/numpy/f2py/tests/src/crackfortran/data_stmts.f90
copying file /Users/calum/Developer/Excelerator/env/lib/python3.11/site-packages/numpy/f2py/tests/src/crackfortran/data_with_comments.f -> /Users/calum/Developer/Excelerator/dist/Excelerate.app/Contents/Resources/lib/python3.11/numpy/f2py/tests/src/crackfortran/data_with_comments.f
copying file /Users/calum/Developer/Excelerator/env/lib/python3.11/site-packages/numpy/f2py/tests/src/crackfortran/accesstype.f90 -> /Users/calum/Developer/Excelerator/dist/Excelerate.app/Contents/Resources/lib/python3.11/numpy/f2py/tests/src/crackfortran/accesstype.f90
copying file /Users/calum/Developer/Excelerator/env/lib/python3.11/site-packages/numpy/f2py/tests/src/crackfortran/unicode_comment.f90 -> /Users/calum/Developer/Excelerator/dist/Excelerate.app/Contents/Resources/lib/python3.11/numpy/f2py/tests/src/crackfortran/unicode_comment.f90
copying file /Users/calum/Developer/Excelerator/env/lib/python3.11/site-packages/numpy/f2py/tests/src/crackfortran/gh23598.f90 -> /Users/calum/Developer/Excelerator/dist/Excelerate.app/Contents/Resources/lib/python3.11/numpy/f2py/tests/src/crackfortran/gh23598.f90
copying file /Users/calum/Developer/Excelerator/env/lib/python3.11/site-packages/numpy/f2py/tests/src/crackfortran/operators.f90 -> /Users/calum/Developer/Excelerator/dist/Excelerate.app/Contents/Resources/lib/python3.11/numpy/f2py/tests/src/crackfortran/operators.f90
copying file /Users/calum/Developer/Excelerator/env/lib/python3.11/site-packages/numpy/f2py/tests/src/crackfortran/publicmod.f90 -> /Users/calum/Developer/Excelerator/dist/Excelerate.app/Contents/Resources/lib/python3.11/numpy/f2py/tests/src/crackfortran/publicmod.f90
copying file /Users/calum/Developer/Excelerator/env/lib/python3.11/site-packages/numpy/f2py/tests/src/crackfortran/gh2848.f90 -> /Users/calum/Developer/Excelerator/dist/Excelerate.app/Contents/Resources/lib/python3.11/numpy/f2py/tests/src/crackfortran/gh2848.f90
copying file /Users/calum/Developer/Excelerator/env/lib/python3.11/site-packages/numpy/f2py/tests/src/crackfortran/gh23533.f -> /Users/calum/Developer/Excelerator/dist/Excelerate.app/Contents/Resources/lib/python3.11/numpy/f2py/tests/src/crackfortran/gh23533.f
copying file /Users/calum/Developer/Excelerator/env/lib/python3.11/site-packages/numpy/f2py/tests/src/crackfortran/gh23879.f90 -> /Users/calum/Developer/Excelerator/dist/Excelerate.app/Contents/Resources/lib/python3.11/numpy/f2py/tests/src/crackfortran/gh23879.f90
copying file /Users/calum/Developer/Excelerator/env/lib/python3.11/site-packages/numpy/f2py/tests/src/crackfortran/pubprivmod.f90 -> /Users/calum/Developer/Excelerator/dist/Excelerate.app/Contents/Resources/lib/python3.11/numpy/f2py/tests/src/crackfortran/pubprivmod.f90
copying file /Users/calum/Developer/Excelerator/env/lib/python3.11/site-packages/numpy/f2py/tests/src/crackfortran/data_common.f -> /Users/calum/Developer/Excelerator/dist/Excelerate.app/Contents/Resources/lib/python3.11/numpy/f2py/tests/src/crackfortran/data_common.f
copying file /Users/calum/Developer/Excelerator/env/lib/python3.11/site-packages/numpy/f2py/tests/src/crackfortran/foo_deps.f90 -> /Users/calum/Developer/Excelerator/dist/Excelerate.app/Contents/Resources/lib/python3.11/numpy/f2py/tests/src/crackfortran/foo_deps.f90
copying file /Users/calum/Developer/Excelerator/env/lib/python3.11/site-packages/numpy/f2py/tests/src/crackfortran/gh17859.f -> /Users/calum/Developer/Excelerator/dist/Excelerate.app/Contents/Resources/lib/python3.11/numpy/f2py/tests/src/crackfortran/gh17859.f
copying file /Users/calum/Developer/Excelerator/env/lib/python3.11/site-packages/numpy/f2py/tests/src/crackfortran/data_multiplier.f -> /Users/calum/Developer/Excelerator/dist/Excelerate.app/Contents/Resources/lib/python3.11/numpy/f2py/tests/src/crackfortran/data_multiplier.f
copying file /Users/calum/Developer/Excelerator/env/lib/python3.11/site-packages/numpy/f2py/tests/src/crackfortran/gh22648.pyf -> /Users/calum/Developer/Excelerator/dist/Excelerate.app/Contents/Resources/lib/python3.11/numpy/f2py/tests/src/crackfortran/gh22648.pyf
copying file /Users/calum/Developer/Excelerator/env/lib/python3.11/site-packages/numpy/f2py/tests/src/crackfortran/privatemod.f90 -> /Users/calum/Developer/Excelerator/dist/Excelerate.app/Contents/Resources/lib/python3.11/numpy/f2py/tests/src/crackfortran/privatemod.f90
copying file /Users/calum/Developer/Excelerator/env/lib/python3.11/site-packages/numpy/f2py/tests/src/crackfortran/gh15035.f -> /Users/calum/Developer/Excelerator/dist/Excelerate.app/Contents/Resources/lib/python3.11/numpy/f2py/tests/src/crackfortran/gh15035.f
copying file /Users/calum/Developer/Excelerator/env/lib/python3.11/site-packages/numpy/f2py/tests/src/crackfortran/gh23598Warn.f90 -> /Users/calum/Developer/Excelerator/dist/Excelerate.app/Contents/Resources/lib/python3.11/numpy/f2py/tests/src/crackfortran/gh23598Warn.f90
copying file /Users/calum/Developer/Excelerator/env/lib/python3.11/site-packages/numpy/f2py/__init__.py -> /Users/calum/Developer/Excelerator/dist/Excelerate.app/Contents/Resources/lib/python3.11/numpy/f2py/__init__.py
copying file /Users/calum/Developer/Excelerator/env/lib/python3.11/site-packages/numpy/f2py/rules.py -> /Users/calum/Developer/Excelerator/dist/Excelerate.app/Contents/Resources/lib/python3.11/numpy/f2py/rules.py
copying file /Users/calum/Developer/Excelerator/env/lib/python3.11/site-packages/numpy/f2py/f2py2e.py -> /Users/calum/Developer/Excelerator/dist/Excelerate.app/Contents/Resources/lib/python3.11/numpy/f2py/f2py2e.py
copying file /Users/calum/Developer/Excelerator/env/lib/python3.11/site-packages/numpy/f2py/func2subr.py -> /Users/calum/Developer/Excelerator/dist/Excelerate.app/Contents/Resources/lib/python3.11/numpy/f2py/func2subr.py
copying file /Users/calum/Developer/Excelerator/env/lib/python3.11/site-packages/numpy/f2py/__version__.py -> /Users/calum/Developer/Excelerator/dist/Excelerate.app/Contents/Resources/lib/python3.11/numpy/f2py/__version__.py
creating /Users/calum/Developer/Excelerator/dist/Excelerate.app/Contents/Resources/lib/python3.11/numpy/f2py/__pycache__
copying file /Users/calum/Developer/Excelerator/env/lib/python3.11/site-packages/numpy/f2py/__pycache__/cb_rules.cpython-311.pyc -> /Users/calum/Developer/Excelerator/dist/Excelerate.app/Contents/Resources/lib/python3.11/numpy/f2py/__pycache__/cb_rules.cpython-311.pyc
copying file /Users/calum/Developer/Excelerator/env/lib/python3.11/site-packages/numpy/f2py/__pycache__/_src_pyf.cpython-311.pyc -> /Users/calum/Developer/Excelerator/dist/Excelerate.app/Contents/Resources/lib/python3.11/numpy/f2py/__pycache__/_src_pyf.cpython-311.pyc
copying file /Users/calum/Developer/Excelerator/env/lib/python3.11/site-packages/numpy/f2py/__pycache__/common_rules.cpython-311.pyc -> /Users/calum/Developer/Excelerator/dist/Excelerate.app/Contents/Resources/lib/python3.11/numpy/f2py/__pycache__/common_rules.cpython-311.pyc
copying file /Users/calum/Developer/Excelerator/env/lib/python3.11/site-packages/numpy/f2py/__pycache__/__version__.cpython-311.pyc -> /Users/calum/Developer/Excelerator/dist/Excelerate.app/Contents/Resources/lib/python3.11/numpy/f2py/__pycache__/__version__.cpython-311.pyc
copying file /Users/calum/Developer/Excelerator/env/lib/python3.11/site-packages/numpy/f2py/__pycache__/rules.cpython-311.pyc -> /Users/calum/Developer/Excelerator/dist/Excelerate.app/Contents/Resources/lib/python3.11/numpy/f2py/__pycache__/rules.cpython-311.pyc
copying file /Users/calum/Developer/Excelerator/env/lib/python3.11/site-packages/numpy/f2py/__pycache__/crackfortran.cpython-311.pyc -> /Users/calum/Developer/Excelerator/dist/Excelerate.app/Contents/Resources/lib/python3.11/numpy/f2py/__pycache__/crackfortran.cpython-311.pyc
copying file /Users/calum/Developer/Excelerator/env/lib/python3.11/site-packages/numpy/f2py/__pycache__/setup.cpython-311.pyc -> /Users/calum/Developer/Excelerator/dist/Excelerate.app/Contents/Resources/lib/python3.11/numpy/f2py/__pycache__/setup.cpython-311.pyc
copying file /Users/calum/Developer/Excelerator/env/lib/python3.11/site-packages/numpy/f2py/__pycache__/cfuncs.cpython-311.pyc -> /Users/calum/Developer/Excelerator/dist/Excelerate.app/Contents/Resources/lib/python3.11/numpy/f2py/__pycache__/cfuncs.cpython-311.pyc
copying file /Users/calum/Developer/Excelerator/env/lib/python3.11/site-packages/numpy/f2py/__pycache__/f2py2e.cpython-311.pyc -> /Users/calum/Developer/Excelerator/dist/Excelerate.app/Contents/Resources/lib/python3.11/numpy/f2py/__pycache__/f2py2e.cpython-311.pyc
copying file /Users/calum/Developer/Excelerator/env/lib/python3.11/site-packages/numpy/f2py/__pycache__/symbolic.cpython-311.pyc -> /Users/calum/Developer/Excelerator/dist/Excelerate.app/Contents/Resources/lib/python3.11/numpy/f2py/__pycache__/symbolic.cpython-311.pyc
copying file /Users/calum/Developer/Excelerator/env/lib/python3.11/site-packages/numpy/f2py/__pycache__/func2subr.cpython-311.pyc -> /Users/calum/Developer/Excelerator/dist/Excelerate.app/Contents/Resources/lib/python3.11/numpy/f2py/__pycache__/func2subr.cpython-311.pyc
copying file /Users/calum/Developer/Excelerator/env/lib/python3.11/site-packages/numpy/f2py/__pycache__/use_rules.cpython-311.pyc -> /Users/calum/Developer/Excelerator/dist/Excelerate.app/Contents/Resources/lib/python3.11/numpy/f2py/__pycache__/use_rules.cpython-311.pyc
copying file /Users/calum/Developer/Excelerator/env/lib/python3.11/site-packages/numpy/f2py/__pycache__/capi_maps.cpython-311.pyc -> /Users/calum/Developer/Excelerator/dist/Excelerate.app/Contents/Resources/lib/python3.11/numpy/f2py/__pycache__/capi_maps.cpython-311.pyc
copying file /Users/calum/Developer/Excelerator/env/lib/python3.11/site-packages/numpy/f2py/__pycache__/auxfuncs.cpython-311.pyc -> /Users/calum/Developer/Excelerator/dist/Excelerate.app/Contents/Resources/lib/python3.11/numpy/f2py/__pycache__/auxfuncs.cpython-311.pyc
copying file /Users/calum/Developer/Excelerator/env/lib/python3.11/site-packages/numpy/f2py/__pycache__/_isocbind.cpython-311.pyc -> /Users/calum/Developer/Excelerator/dist/Excelerate.app/Contents/Resources/lib/python3.11/numpy/f2py/__pycache__/_isocbind.cpython-311.pyc
copying file /Users/calum/Developer/Excelerator/env/lib/python3.11/site-packages/numpy/f2py/__pycache__/f90mod_rules.cpython-311.pyc -> /Users/calum/Developer/Excelerator/dist/Excelerate.app/Contents/Resources/lib/python3.11/numpy/f2py/__pycache__/f90mod_rules.cpython-311.pyc
copying file /Users/calum/Developer/Excelerator/env/lib/python3.11/site-packages/numpy/f2py/__pycache__/__init__.cpython-311.pyc -> /Users/calum/Developer/Excelerator/dist/Excelerate.app/Contents/Resources/lib/python3.11/numpy/f2py/__pycache__/__init__.cpython-311.pyc
copying file /Users/calum/Developer/Excelerator/env/lib/python3.11/site-packages/numpy/f2py/__pycache__/diagnose.cpython-311.pyc -> /Users/calum/Developer/Excelerator/dist/Excelerate.app/Contents/Resources/lib/python3.11/numpy/f2py/__pycache__/diagnose.cpython-311.pyc
copying file /Users/calum/Developer/Excelerator/env/lib/python3.11/site-packages/numpy/f2py/__pycache__/__main__.cpython-311.pyc -> /Users/calum/Developer/Excelerator/dist/Excelerate.app/Contents/Resources/lib/python3.11/numpy/f2py/__pycache__/__main__.cpython-311.pyc
copying file /Users/calum/Developer/Excelerator/env/lib/python3.11/site-packages/numpy/f2py/symbolic.py -> /Users/calum/Developer/Excelerator/dist/Excelerate.app/Contents/Resources/lib/python3.11/numpy/f2py/symbolic.py
copying file /Users/calum/Developer/Excelerator/env/lib/python3.11/site-packages/numpy/f2py/diagnose.py -> /Users/calum/Developer/Excelerator/dist/Excelerate.app/Contents/Resources/lib/python3.11/numpy/f2py/diagnose.py
copying file /Users/calum/Developer/Excelerator/env/lib/python3.11/site-packages/numpy/f2py/setup.py -> /Users/calum/Developer/Excelerator/dist/Excelerate.app/Contents/Resources/lib/python3.11/numpy/f2py/setup.py
copying file /Users/calum/Developer/Excelerator/env/lib/python3.11/site-packages/numpy/f2py/capi_maps.py -> /Users/calum/Developer/Excelerator/dist/Excelerate.app/Contents/Resources/lib/python3.11/numpy/f2py/capi_maps.py
copying file /Users/calum/Developer/Excelerator/env/lib/python3.11/site-packages/numpy/f2py/f90mod_rules.py -> /Users/calum/Developer/Excelerator/dist/Excelerate.app/Contents/Resources/lib/python3.11/numpy/f2py/f90mod_rules.py
copying file /Users/calum/Developer/Excelerator/env/lib/python3.11/site-packages/numpy/f2py/setup.cfg -> /Users/calum/Developer/Excelerator/dist/Excelerate.app/Contents/Resources/lib/python3.11/numpy/f2py/setup.cfg
copying file /Users/calum/Developer/Excelerator/env/lib/python3.11/site-packages/numpy/f2py/use_rules.py -> /Users/calum/Developer/Excelerator/dist/Excelerate.app/Contents/Resources/lib/python3.11/numpy/f2py/use_rules.py
copying file /Users/calum/Developer/Excelerator/env/lib/python3.11/site-packages/numpy/f2py/auxfuncs.py -> /Users/calum/Developer/Excelerator/dist/Excelerate.app/Contents/Resources/lib/python3.11/numpy/f2py/auxfuncs.py
copying file /Users/calum/Developer/Excelerator/env/lib/python3.11/site-packages/numpy/f2py/_isocbind.py -> /Users/calum/Developer/Excelerator/dist/Excelerate.app/Contents/Resources/lib/python3.11/numpy/f2py/_isocbind.py
copying file /Users/calum/Developer/Excelerator/env/lib/python3.11/site-packages/numpy/f2py/__main__.py -> /Users/calum/Developer/Excelerator/dist/Excelerate.app/Contents/Resources/lib/python3.11/numpy/f2py/__main__.py
creating /Users/calum/Developer/Excelerator/dist/Excelerate.app/Contents/Resources/lib/python3.11/numpy/f2py/src
copying file /Users/calum/Developer/Excelerator/env/lib/python3.11/site-packages/numpy/f2py/src/fortranobject.h -> /Users/calum/Developer/Excelerator/dist/Excelerate.app/Contents/Resources/lib/python3.11/numpy/f2py/src/fortranobject.h
copying file /Users/calum/Developer/Excelerator/env/lib/python3.11/site-packages/numpy/f2py/src/fortranobject.c -> /Users/calum/Developer/Excelerator/dist/Excelerate.app/Contents/Resources/lib/python3.11/numpy/f2py/src/fortranobject.c
creating /Users/calum/Developer/Excelerator/dist/Excelerate.app/Contents/Resources/lib/python3.11/numpy/testing
copying file /Users/calum/Developer/Excelerator/env/lib/python3.11/site-packages/numpy/testing/__init__.pyi -> /Users/calum/Developer/Excelerator/dist/Excelerate.app/Contents/Resources/lib/python3.11/numpy/testing/__init__.pyi
creating /Users/calum/Developer/Excelerator/dist/Excelerate.app/Contents/Resources/lib/python3.11/numpy/testing/tests
copying file /Users/calum/Developer/Excelerator/env/lib/python3.11/site-packages/numpy/testing/tests/test_utils.py -> /Users/calum/Developer/Excelerator/dist/Excelerate.app/Contents/Resources/lib/python3.11/numpy/testing/tests/test_utils.py
copying file /Users/calum/Developer/Excelerator/env/lib/python3.11/site-packages/numpy/testing/tests/__init__.py -> /Users/calum/Developer/Excelerator/dist/Excelerate.app/Contents/Resources/lib/python3.11/numpy/testing/tests/__init__.py
creating /Users/calum/Developer/Excelerator/dist/Excelerate.app/Contents/Resources/lib/python3.11/numpy/testing/tests/__pycache__
copying file /Users/calum/Developer/Excelerator/env/lib/python3.11/site-packages/numpy/testing/tests/__pycache__/test_utils.cpython-311.pyc -> /Users/calum/Developer/Excelerator/dist/Excelerate.app/Contents/Resources/lib/python3.11/numpy/testing/tests/__pycache__/test_utils.cpython-311.pyc
copying file /Users/calum/Developer/Excelerator/env/lib/python3.11/site-packages/numpy/testing/tests/__pycache__/__init__.cpython-311.pyc -> /Users/calum/Developer/Excelerator/dist/Excelerate.app/Contents/Resources/lib/python3.11/numpy/testing/tests/__pycache__/__init__.cpython-311.pyc
copying file /Users/calum/Developer/Excelerator/env/lib/python3.11/site-packages/numpy/testing/__init__.py -> /Users/calum/Developer/Excelerator/dist/Excelerate.app/Contents/Resources/lib/python3.11/numpy/testing/__init__.py
copying file /Users/calum/Developer/Excelerator/env/lib/python3.11/site-packages/numpy/testing/overrides.py -> /Users/calum/Developer/Excelerator/dist/Excelerate.app/Contents/Resources/lib/python3.11/numpy/testing/overrides.py
creating /Users/calum/Developer/Excelerator/dist/Excelerate.app/Contents/Resources/lib/python3.11/numpy/testing/__pycache__
copying file /Users/calum/Developer/Excelerator/env/lib/python3.11/site-packages/numpy/testing/__pycache__/overrides.cpython-311.pyc -> /Users/calum/Developer/Excelerator/dist/Excelerate.app/Contents/Resources/lib/python3.11/numpy/testing/__pycache__/overrides.cpython-311.pyc
copying file /Users/calum/Developer/Excelerator/env/lib/python3.11/site-packages/numpy/testing/__pycache__/print_coercion_tables.cpython-311.pyc -> /Users/calum/Developer/Excelerator/dist/Excelerate.app/Contents/Resources/lib/python3.11/numpy/testing/__pycache__/print_coercion_tables.cpython-311.pyc
copying file /Users/calum/Developer/Excelerator/env/lib/python3.11/site-packages/numpy/testing/__pycache__/setup.cpython-311.pyc -> /Users/calum/Developer/Excelerator/dist/Excelerate.app/Contents/Resources/lib/python3.11/numpy/testing/__pycache__/setup.cpython-311.pyc
copying file /Users/calum/Developer/Excelerator/env/lib/python3.11/site-packages/numpy/testing/__pycache__/__init__.cpython-311.pyc -> /Users/calum/Developer/Excelerator/dist/Excelerate.app/Contents/Resources/lib/python3.11/numpy/testing/__pycache__/__init__.cpython-311.pyc
creating /Users/calum/Developer/Excelerator/dist/Excelerate.app/Contents/Resources/lib/python3.11/numpy/testing/_private
copying file /Users/calum/Developer/Excelerator/env/lib/python3.11/site-packages/numpy/testing/_private/__init__.py -> /Users/calum/Developer/Excelerator/dist/Excelerate.app/Contents/Resources/lib/python3.11/numpy/testing/_private/__init__.py
copying file /Users/calum/Developer/Excelerator/env/lib/python3.11/site-packages/numpy/testing/_private/extbuild.py -> /Users/calum/Developer/Excelerator/dist/Excelerate.app/Contents/Resources/lib/python3.11/numpy/testing/_private/extbuild.py
creating /Users/calum/Developer/Excelerator/dist/Excelerate.app/Contents/Resources/lib/python3.11/numpy/testing/_private/__pycache__
copying file /Users/calum/Developer/Excelerator/env/lib/python3.11/site-packages/numpy/testing/_private/__pycache__/extbuild.cpython-311.pyc -> /Users/calum/Developer/Excelerator/dist/Excelerate.app/Contents/Resources/lib/python3.11/numpy/testing/_private/__pycache__/extbuild.cpython-311.pyc
copying file /Users/calum/Developer/Excelerator/env/lib/python3.11/site-packages/numpy/testing/_private/__pycache__/utils.cpython-311.pyc -> /Users/calum/Developer/Excelerator/dist/Excelerate.app/Contents/Resources/lib/python3.11/numpy/testing/_private/__pycache__/utils.cpython-311.pyc
copying file /Users/calum/Developer/Excelerator/env/lib/python3.11/site-packages/numpy/testing/_private/__pycache__/__init__.cpython-311.pyc -> /Users/calum/Developer/Excelerator/dist/Excelerate.app/Contents/Resources/lib/python3.11/numpy/testing/_private/__pycache__/__init__.cpython-311.pyc
copying file /Users/calum/Developer/Excelerator/env/lib/python3.11/site-packages/numpy/testing/_private/utils.pyi -> /Users/calum/Developer/Excelerator/dist/Excelerate.app/Contents/Resources/lib/python3.11/numpy/testing/_private/utils.pyi
copying file /Users/calum/Developer/Excelerator/env/lib/python3.11/site-packages/numpy/testing/_private/utils.py -> /Users/calum/Developer/Excelerator/dist/Excelerate.app/Contents/Resources/lib/python3.11/numpy/testing/_private/utils.py
copying file /Users/calum/Developer/Excelerator/env/lib/python3.11/site-packages/numpy/testing/setup.py -> /Users/calum/Developer/Excelerator/dist/Excelerate.app/Contents/Resources/lib/python3.11/numpy/testing/setup.py
copying file /Users/calum/Developer/Excelerator/env/lib/python3.11/site-packages/numpy/testing/print_coercion_tables.py -> /Users/calum/Developer/Excelerator/dist/Excelerate.app/Contents/Resources/lib/python3.11/numpy/testing/print_coercion_tables.py
copying file /Users/calum/Developer/Excelerator/env/lib/python3.11/site-packages/numpy/ctypeslib.py -> /Users/calum/Developer/Excelerator/dist/Excelerate.app/Contents/Resources/lib/python3.11/numpy/ctypeslib.py
copying file /Users/calum/Developer/Excelerator/env/lib/python3.11/site-packages/numpy/matlib.py -> /Users/calum/Developer/Excelerator/dist/Excelerate.app/Contents/Resources/lib/python3.11/numpy/matlib.py
creating /Users/calum/Developer/Excelerator/dist/Excelerate.app/Contents/Resources/lib/python3.11/numpy/lib
copying file /Users/calum/Developer/Excelerator/env/lib/python3.11/site-packages/numpy/lib/_iotools.py -> /Users/calum/Developer/Excelerator/dist/Excelerate.app/Contents/Resources/lib/python3.11/numpy/lib/_iotools.py
copying file /Users/calum/Developer/Excelerator/env/lib/python3.11/site-packages/numpy/lib/type_check.pyi -> /Users/calum/Developer/Excelerator/dist/Excelerate.app/Contents/Resources/lib/python3.11/numpy/lib/type_check.pyi
copying file /Users/calum/Developer/Excelerator/env/lib/python3.11/site-packages/numpy/lib/mixins.py -> /Users/calum/Developer/Excelerator/dist/Excelerate.app/Contents/Resources/lib/python3.11/numpy/lib/mixins.py
copying file /Users/calum/Developer/Excelerator/env/lib/python3.11/site-packages/numpy/lib/nanfunctions.py -> /Users/calum/Developer/Excelerator/dist/Excelerate.app/Contents/Resources/lib/python3.11/numpy/lib/nanfunctions.py
copying file /Users/calum/Developer/Excelerator/env/lib/python3.11/site-packages/numpy/lib/recfunctions.py -> /Users/calum/Developer/Excelerator/dist/Excelerate.app/Contents/Resources/lib/python3.11/numpy/lib/recfunctions.py
copying file /Users/calum/Developer/Excelerator/env/lib/python3.11/site-packages/numpy/lib/_version.pyi -> /Users/calum/Developer/Excelerator/dist/Excelerate.app/Contents/Resources/lib/python3.11/numpy/lib/_version.pyi
copying file /Users/calum/Developer/Excelerator/env/lib/python3.11/site-packages/numpy/lib/histograms.py -> /Users/calum/Developer/Excelerator/dist/Excelerate.app/Contents/Resources/lib/python3.11/numpy/lib/histograms.py
copying file /Users/calum/Developer/Excelerator/env/lib/python3.11/site-packages/numpy/lib/scimath.py -> /Users/calum/Developer/Excelerator/dist/Excelerate.app/Contents/Resources/lib/python3.11/numpy/lib/scimath.py
copying file /Users/calum/Developer/Excelerator/env/lib/python3.11/site-packages/numpy/lib/function_base.pyi -> /Users/calum/Developer/Excelerator/dist/Excelerate.app/Contents/Resources/lib/python3.11/numpy/lib/function_base.pyi
copying file /Users/calum/Developer/Excelerator/env/lib/python3.11/site-packages/numpy/lib/ufunclike.pyi -> /Users/calum/Developer/Excelerator/dist/Excelerate.app/Contents/Resources/lib/python3.11/numpy/lib/ufunclike.pyi
copying file /Users/calum/Developer/Excelerator/env/lib/python3.11/site-packages/numpy/lib/__init__.pyi -> /Users/calum/Developer/Excelerator/dist/Excelerate.app/Contents/Resources/lib/python3.11/numpy/lib/__init__.pyi
copying file /Users/calum/Developer/Excelerator/env/lib/python3.11/site-packages/numpy/lib/_version.py -> /Users/calum/Developer/Excelerator/dist/Excelerate.app/Contents/Resources/lib/python3.11/numpy/lib/_version.py
copying file /Users/calum/Developer/Excelerator/env/lib/python3.11/site-packages/numpy/lib/index_tricks.pyi -> /Users/calum/Developer/Excelerator/dist/Excelerate.app/Contents/Resources/lib/python3.11/numpy/lib/index_tricks.pyi
copying file /Users/calum/Developer/Excelerator/env/lib/python3.11/site-packages/numpy/lib/format.pyi -> /Users/calum/Developer/Excelerator/dist/Excelerate.app/Contents/Resources/lib/python3.11/numpy/lib/format.pyi
copying file /Users/calum/Developer/Excelerator/env/lib/python3.11/site-packages/numpy/lib/scimath.pyi -> /Users/calum/Developer/Excelerator/dist/Excelerate.app/Contents/Resources/lib/python3.11/numpy/lib/scimath.pyi
copying file /Users/calum/Developer/Excelerator/env/lib/python3.11/site-packages/numpy/lib/twodim_base.pyi -> /Users/calum/Developer/Excelerator/dist/Excelerate.app/Contents/Resources/lib/python3.11/numpy/lib/twodim_base.pyi
copying file /Users/calum/Developer/Excelerator/env/lib/python3.11/site-packages/numpy/lib/mixins.pyi -> /Users/calum/Developer/Excelerator/dist/Excelerate.app/Contents/Resources/lib/python3.11/numpy/lib/mixins.pyi
creating /Users/calum/Developer/Excelerator/dist/Excelerate.app/Contents/Resources/lib/python3.11/numpy/lib/tests
copying file /Users/calum/Developer/Excelerator/env/lib/python3.11/site-packages/numpy/lib/tests/test_type_check.py -> /Users/calum/Developer/Excelerator/dist/Excelerate.app/Contents/Resources/lib/python3.11/numpy/lib/tests/test_type_check.py
copying file /Users/calum/Developer/Excelerator/env/lib/python3.11/site-packages/numpy/lib/tests/test_utils.py -> /Users/calum/Developer/Excelerator/dist/Excelerate.app/Contents/Resources/lib/python3.11/numpy/lib/tests/test_utils.py
copying file /Users/calum/Developer/Excelerator/env/lib/python3.11/site-packages/numpy/lib/tests/test_financial_expired.py -> /Users/calum/Developer/Excelerator/dist/Excelerate.app/Contents/Resources/lib/python3.11/numpy/lib/tests/test_financial_expired.py
copying file /Users/calum/Developer/Excelerator/env/lib/python3.11/site-packages/numpy/lib/tests/test_twodim_base.py -> /Users/calum/Developer/Excelerator/dist/Excelerate.app/Contents/Resources/lib/python3.11/numpy/lib/tests/test_twodim_base.py
copying file /Users/calum/Developer/Excelerator/env/lib/python3.11/site-packages/numpy/lib/tests/test_polynomial.py -> /Users/calum/Developer/Excelerator/dist/Excelerate.app/Contents/Resources/lib/python3.11/numpy/lib/tests/test_polynomial.py
copying file /Users/calum/Developer/Excelerator/env/lib/python3.11/site-packages/numpy/lib/tests/test__iotools.py -> /Users/calum/Developer/Excelerator/dist/Excelerate.app/Contents/Resources/lib/python3.11/numpy/lib/tests/test__iotools.py
copying file /Users/calum/Developer/Excelerator/env/lib/python3.11/site-packages/numpy/lib/tests/test_shape_base.py -> /Users/calum/Developer/Excelerator/dist/Excelerate.app/Contents/Resources/lib/python3.11/numpy/lib/tests/test_shape_base.py
copying file /Users/calum/Developer/Excelerator/env/lib/python3.11/site-packages/numpy/lib/tests/test_ufunclike.py -> /Users/calum/Developer/Excelerator/dist/Excelerate.app/Contents/Resources/lib/python3.11/numpy/lib/tests/test_ufunclike.py
copying file /Users/calum/Developer/Excelerator/env/lib/python3.11/site-packages/numpy/lib/tests/test_index_tricks.py -> /Users/calum/Developer/Excelerator/dist/Excelerate.app/Contents/Resources/lib/python3.11/numpy/lib/tests/test_index_tricks.py
copying file /Users/calum/Developer/Excelerator/env/lib/python3.11/site-packages/numpy/lib/tests/__init__.py -> /Users/calum/Developer/Excelerator/dist/Excelerate.app/Contents/Resources/lib/python3.11/numpy/lib/tests/__init__.py
creating /Users/calum/Developer/Excelerator/dist/Excelerate.app/Contents/Resources/lib/python3.11/numpy/lib/tests/__pycache__
copying file /Users/calum/Developer/Excelerator/env/lib/python3.11/site-packages/numpy/lib/tests/__pycache__/test_regression.cpython-311.pyc -> /Users/calum/Developer/Excelerator/dist/Excelerate.app/Contents/Resources/lib/python3.11/numpy/lib/tests/__pycache__/test_regression.cpython-311.pyc
copying file /Users/calum/Developer/Excelerator/env/lib/python3.11/site-packages/numpy/lib/tests/__pycache__/test_arraypad.cpython-311.pyc -> /Users/calum/Developer/Excelerator/dist/Excelerate.app/Contents/Resources/lib/python3.11/numpy/lib/tests/__pycache__/test_arraypad.cpython-311.pyc
copying file /Users/calum/Developer/Excelerator/env/lib/python3.11/site-packages/numpy/lib/tests/__pycache__/test_twodim_base.cpython-311.pyc -> /Users/calum/Developer/Excelerator/dist/Excelerate.app/Contents/Resources/lib/python3.11/numpy/lib/tests/__pycache__/test_twodim_base.cpython-311.pyc
copying file /Users/calum/Developer/Excelerator/env/lib/python3.11/site-packages/numpy/lib/tests/__pycache__/test_stride_tricks.cpython-311.pyc -> /Users/calum/Developer/Excelerator/dist/Excelerate.app/Contents/Resources/lib/python3.11/numpy/lib/tests/__pycache__/test_stride_tricks.cpython-311.pyc
copying file /Users/calum/Developer/Excelerator/env/lib/python3.11/site-packages/numpy/lib/tests/__pycache__/test__datasource.cpython-311.pyc -> /Users/calum/Developer/Excelerator/dist/Excelerate.app/Contents/Resources/lib/python3.11/numpy/lib/tests/__pycache__/test__datasource.cpython-311.pyc
copying file /Users/calum/Developer/Excelerator/env/lib/python3.11/site-packages/numpy/lib/tests/__pycache__/test_format.cpython-311.pyc -> /Users/calum/Developer/Excelerator/dist/Excelerate.app/Contents/Resources/lib/python3.11/numpy/lib/tests/__pycache__/test_format.cpython-311.pyc
copying file /Users/calum/Developer/Excelerator/env/lib/python3.11/site-packages/numpy/lib/tests/__pycache__/test_financial_expired.cpython-311.pyc -> /Users/calum/Developer/Excelerator/dist/Excelerate.app/Contents/Resources/lib/python3.11/numpy/lib/tests/__pycache__/test_financial_expired.cpython-311.pyc
copying file /Users/calum/Developer/Excelerator/env/lib/python3.11/site-packages/numpy/lib/tests/__pycache__/test__version.cpython-311.pyc -> /Users/calum/Developer/Excelerator/dist/Excelerate.app/Contents/Resources/lib/python3.11/numpy/lib/tests/__pycache__/test__version.cpython-311.pyc
copying file /Users/calum/Developer/Excelerator/env/lib/python3.11/site-packages/numpy/lib/tests/__pycache__/test_nanfunctions.cpython-311.pyc -> /Users/calum/Developer/Excelerator/dist/Excelerate.app/Contents/Resources/lib/python3.11/numpy/lib/tests/__pycache__/test_nanfunctions.cpython-311.pyc
copying file /Users/calum/Developer/Excelerator/env/lib/python3.11/site-packages/numpy/lib/tests/__pycache__/test_ufunclike.cpython-311.pyc -> /Users/calum/Developer/Excelerator/dist/Excelerate.app/Contents/Resources/lib/python3.11/numpy/lib/tests/__pycache__/test_ufunclike.cpython-311.pyc
copying file /Users/calum/Developer/Excelerator/env/lib/python3.11/site-packages/numpy/lib/tests/__pycache__/test_loadtxt.cpython-311.pyc -> /Users/calum/Developer/Excelerator/dist/Excelerate.app/Contents/Resources/lib/python3.11/numpy/lib/tests/__pycache__/test_loadtxt.cpython-311.pyc
copying file /Users/calum/Developer/Excelerator/env/lib/python3.11/site-packages/numpy/lib/tests/__pycache__/test_type_check.cpython-311.pyc -> /Users/calum/Developer/Excelerator/dist/Excelerate.app/Contents/Resources/lib/python3.11/numpy/lib/tests/__pycache__/test_type_check.cpython-311.pyc
copying file /Users/calum/Developer/Excelerator/env/lib/python3.11/site-packages/numpy/lib/tests/__pycache__/test_packbits.cpython-311.pyc -> /Users/calum/Developer/Excelerator/dist/Excelerate.app/Contents/Resources/lib/python3.11/numpy/lib/tests/__pycache__/test_packbits.cpython-311.pyc
copying file /Users/calum/Developer/Excelerator/env/lib/python3.11/site-packages/numpy/lib/tests/__pycache__/test_recfunctions.cpython-311.pyc -> /Users/calum/Developer/Excelerator/dist/Excelerate.app/Contents/Resources/lib/python3.11/numpy/lib/tests/__pycache__/test_recfunctions.cpython-311.pyc
copying file /Users/calum/Developer/Excelerator/env/lib/python3.11/site-packages/numpy/lib/tests/__pycache__/test_index_tricks.cpython-311.pyc -> /Users/calum/Developer/Excelerator/dist/Excelerate.app/Contents/Resources/lib/python3.11/numpy/lib/tests/__pycache__/test_index_tricks.cpython-311.pyc
copying file /Users/calum/Developer/Excelerator/env/lib/python3.11/site-packages/numpy/lib/tests/__pycache__/test_function_base.cpython-311.pyc -> /Users/calum/Developer/Excelerator/dist/Excelerate.app/Contents/Resources/lib/python3.11/numpy/lib/tests/__pycache__/test_function_base.cpython-311.pyc
copying file /Users/calum/Developer/Excelerator/env/lib/python3.11/site-packages/numpy/lib/tests/__pycache__/test_utils.cpython-311.pyc -> /Users/calum/Developer/Excelerator/dist/Excelerate.app/Contents/Resources/lib/python3.11/numpy/lib/tests/__pycache__/test_utils.cpython-311.pyc
copying file /Users/calum/Developer/Excelerator/env/lib/python3.11/site-packages/numpy/lib/tests/__pycache__/test_io.cpython-311.pyc -> /Users/calum/Developer/Excelerator/dist/Excelerate.app/Contents/Resources/lib/python3.11/numpy/lib/tests/__pycache__/test_io.cpython-311.pyc
copying file /Users/calum/Developer/Excelerator/env/lib/python3.11/site-packages/numpy/lib/tests/__pycache__/test_polynomial.cpython-311.pyc -> /Users/calum/Developer/Excelerator/dist/Excelerate.app/Contents/Resources/lib/python3.11/numpy/lib/tests/__pycache__/test_polynomial.cpython-311.pyc
copying file /Users/calum/Developer/Excelerator/env/lib/python3.11/site-packages/numpy/lib/tests/__pycache__/test_shape_base.cpython-311.pyc -> /Users/calum/Developer/Excelerator/dist/Excelerate.app/Contents/Resources/lib/python3.11/numpy/lib/tests/__pycache__/test_shape_base.cpython-311.pyc
copying file /Users/calum/Developer/Excelerator/env/lib/python3.11/site-packages/numpy/lib/tests/__pycache__/test_arrayterator.cpython-311.pyc -> /Users/calum/Developer/Excelerator/dist/Excelerate.app/Contents/Resources/lib/python3.11/numpy/lib/tests/__pycache__/test_arrayterator.cpython-311.pyc
copying file /Users/calum/Developer/Excelerator/env/lib/python3.11/site-packages/numpy/lib/tests/__pycache__/__init__.cpython-311.pyc -> /Users/calum/Developer/Excelerator/dist/Excelerate.app/Contents/Resources/lib/python3.11/numpy/lib/tests/__pycache__/__init__.cpython-311.pyc
copying file /Users/calum/Developer/Excelerator/env/lib/python3.11/site-packages/numpy/lib/tests/__pycache__/test__iotools.cpython-311.pyc -> /Users/calum/Developer/Excelerator/dist/Excelerate.app/Contents/Resources/lib/python3.11/numpy/lib/tests/__pycache__/test__iotools.cpython-311.pyc
copying file /Users/calum/Developer/Excelerator/env/lib/python3.11/site-packages/numpy/lib/tests/__pycache__/test_histograms.cpython-311.pyc -> /Users/calum/Developer/Excelerator/dist/Excelerate.app/Contents/Resources/lib/python3.11/numpy/lib/tests/__pycache__/test_histograms.cpython-311.pyc
copying file /Users/calum/Developer/Excelerator/env/lib/python3.11/site-packages/numpy/lib/tests/__pycache__/test_arraysetops.cpython-311.pyc -> /Users/calum/Developer/Excelerator/dist/Excelerate.app/Contents/Resources/lib/python3.11/numpy/lib/tests/__pycache__/test_arraysetops.cpython-311.pyc
copying file /Users/calum/Developer/Excelerator/env/lib/python3.11/site-packages/numpy/lib/tests/__pycache__/test_mixins.cpython-311.pyc -> /Users/calum/Developer/Excelerator/dist/Excelerate.app/Contents/Resources/lib/python3.11/numpy/lib/tests/__pycache__/test_mixins.cpython-311.pyc
copying file /Users/calum/Developer/Excelerator/env/lib/python3.11/site-packages/numpy/lib/tests/test_arrayterator.py -> /Users/calum/Developer/Excelerator/dist/Excelerate.app/Contents/Resources/lib/python3.11/numpy/lib/tests/test_arrayterator.py
copying file /Users/calum/Developer/Excelerator/env/lib/python3.11/site-packages/numpy/lib/tests/test__version.py -> /Users/calum/Developer/Excelerator/dist/Excelerate.app/Contents/Resources/lib/python3.11/numpy/lib/tests/test__version.py
copying file /Users/calum/Developer/Excelerator/env/lib/python3.11/site-packages/numpy/lib/tests/test_io.py -> /Users/calum/Developer/Excelerator/dist/Excelerate.app/Contents/Resources/lib/python3.11/numpy/lib/tests/test_io.py
copying file /Users/calum/Developer/Excelerator/env/lib/python3.11/site-packages/numpy/lib/tests/test_arraysetops.py -> /Users/calum/Developer/Excelerator/dist/Excelerate.app/Contents/Resources/lib/python3.11/numpy/lib/tests/test_arraysetops.py
copying file /Users/calum/Developer/Excelerator/env/lib/python3.11/site-packages/numpy/lib/tests/test_function_base.py -> /Users/calum/Developer/Excelerator/dist/Excelerate.app/Contents/Resources/lib/python3.11/numpy/lib/tests/test_function_base.py
copying file /Users/calum/Developer/Excelerator/env/lib/python3.11/site-packages/numpy/lib/tests/test_arraypad.py -> /Users/calum/Developer/Excelerator/dist/Excelerate.app/Contents/Resources/lib/python3.11/numpy/lib/tests/test_arraypad.py
copying file /Users/calum/Developer/Excelerator/env/lib/python3.11/site-packages/numpy/lib/tests/test_mixins.py -> /Users/calum/Developer/Excelerator/dist/Excelerate.app/Contents/Resources/lib/python3.11/numpy/lib/tests/test_mixins.py
copying file /Users/calum/Developer/Excelerator/env/lib/python3.11/site-packages/numpy/lib/tests/test_packbits.py -> /Users/calum/Developer/Excelerator/dist/Excelerate.app/Contents/Resources/lib/python3.11/numpy/lib/tests/test_packbits.py
copying file /Users/calum/Developer/Excelerator/env/lib/python3.11/site-packages/numpy/lib/tests/test__datasource.py -> /Users/calum/Developer/Excelerator/dist/Excelerate.app/Contents/Resources/lib/python3.11/numpy/lib/tests/test__datasource.py
copying file /Users/calum/Developer/Excelerator/env/lib/python3.11/site-packages/numpy/lib/tests/test_stride_tricks.py -> /Users/calum/Developer/Excelerator/dist/Excelerate.app/Contents/Resources/lib/python3.11/numpy/lib/tests/test_stride_tricks.py
copying file /Users/calum/Developer/Excelerator/env/lib/python3.11/site-packages/numpy/lib/tests/test_recfunctions.py -> /Users/calum/Developer/Excelerator/dist/Excelerate.app/Contents/Resources/lib/python3.11/numpy/lib/tests/test_recfunctions.py
copying file /Users/calum/Developer/Excelerator/env/lib/python3.11/site-packages/numpy/lib/tests/test_nanfunctions.py -> /Users/calum/Developer/Excelerator/dist/Excelerate.app/Contents/Resources/lib/python3.11/numpy/lib/tests/test_nanfunctions.py
copying file /Users/calum/Developer/Excelerator/env/lib/python3.11/site-packages/numpy/lib/tests/test_loadtxt.py -> /Users/calum/Developer/Excelerator/dist/Excelerate.app/Contents/Resources/lib/python3.11/numpy/lib/tests/test_loadtxt.py
creating /Users/calum/Developer/Excelerator/dist/Excelerate.app/Contents/Resources/lib/python3.11/numpy/lib/tests/data
copying file /Users/calum/Developer/Excelerator/env/lib/python3.11/site-packages/numpy/lib/tests/data/py2-objarr.npy -> /Users/calum/Developer/Excelerator/dist/Excelerate.app/Contents/Resources/lib/python3.11/numpy/lib/tests/data/py2-objarr.npy
copying file /Users/calum/Developer/Excelerator/env/lib/python3.11/site-packages/numpy/lib/tests/data/py3-objarr.npz -> /Users/calum/Developer/Excelerator/dist/Excelerate.app/Contents/Resources/lib/python3.11/numpy/lib/tests/data/py3-objarr.npz
copying file /Users/calum/Developer/Excelerator/env/lib/python3.11/site-packages/numpy/lib/tests/data/python3.npy -> /Users/calum/Developer/Excelerator/dist/Excelerate.app/Contents/Resources/lib/python3.11/numpy/lib/tests/data/python3.npy
copying file /Users/calum/Developer/Excelerator/env/lib/python3.11/site-packages/numpy/lib/tests/data/win64python2.npy -> /Users/calum/Developer/Excelerator/dist/Excelerate.app/Contents/Resources/lib/python3.11/numpy/lib/tests/data/win64python2.npy
copying file /Users/calum/Developer/Excelerator/env/lib/python3.11/site-packages/numpy/lib/tests/data/py2-objarr.npz -> /Users/calum/Developer/Excelerator/dist/Excelerate.app/Contents/Resources/lib/python3.11/numpy/lib/tests/data/py2-objarr.npz
copying file /Users/calum/Developer/Excelerator/env/lib/python3.11/site-packages/numpy/lib/tests/data/py3-objarr.npy -> /Users/calum/Developer/Excelerator/dist/Excelerate.app/Contents/Resources/lib/python3.11/numpy/lib/tests/data/py3-objarr.npy
copying file /Users/calum/Developer/Excelerator/env/lib/python3.11/site-packages/numpy/lib/tests/test_format.py -> /Users/calum/Developer/Excelerator/dist/Excelerate.app/Contents/Resources/lib/python3.11/numpy/lib/tests/test_format.py
copying file /Users/calum/Developer/Excelerator/env/lib/python3.11/site-packages/numpy/lib/tests/test_histograms.py -> /Users/calum/Developer/Excelerator/dist/Excelerate.app/Contents/Resources/lib/python3.11/numpy/lib/tests/test_histograms.py
copying file /Users/calum/Developer/Excelerator/env/lib/python3.11/site-packages/numpy/lib/tests/test_regression.py -> /Users/calum/Developer/Excelerator/dist/Excelerate.app/Contents/Resources/lib/python3.11/numpy/lib/tests/test_regression.py
copying file /Users/calum/Developer/Excelerator/env/lib/python3.11/site-packages/numpy/lib/user_array.py -> /Users/calum/Developer/Excelerator/dist/Excelerate.app/Contents/Resources/lib/python3.11/numpy/lib/user_array.py
copying file /Users/calum/Developer/Excelerator/env/lib/python3.11/site-packages/numpy/lib/__init__.py -> /Users/calum/Developer/Excelerator/dist/Excelerate.app/Contents/Resources/lib/python3.11/numpy/lib/__init__.py
copying file /Users/calum/Developer/Excelerator/env/lib/python3.11/site-packages/numpy/lib/format.py -> /Users/calum/Developer/Excelerator/dist/Excelerate.app/Contents/Resources/lib/python3.11/numpy/lib/format.py
copying file /Users/calum/Developer/Excelerator/env/lib/python3.11/site-packages/numpy/lib/twodim_base.py -> /Users/calum/Developer/Excelerator/dist/Excelerate.app/Contents/Resources/lib/python3.11/numpy/lib/twodim_base.py
copying file /Users/calum/Developer/Excelerator/env/lib/python3.11/site-packages/numpy/lib/npyio.pyi -> /Users/calum/Developer/Excelerator/dist/Excelerate.app/Contents/Resources/lib/python3.11/numpy/lib/npyio.pyi
creating /Users/calum/Developer/Excelerator/dist/Excelerate.app/Contents/Resources/lib/python3.11/numpy/lib/__pycache__
copying file /Users/calum/Developer/Excelerator/env/lib/python3.11/site-packages/numpy/lib/__pycache__/npyio.cpython-311.pyc -> /Users/calum/Developer/Excelerator/dist/Excelerate.app/Contents/Resources/lib/python3.11/numpy/lib/__pycache__/npyio.cpython-311.pyc
copying file /Users/calum/Developer/Excelerator/env/lib/python3.11/site-packages/numpy/lib/__pycache__/arraysetops.cpython-311.pyc -> /Users/calum/Developer/Excelerator/dist/Excelerate.app/Contents/Resources/lib/python3.11/numpy/lib/__pycache__/arraysetops.cpython-311.pyc
copying file /Users/calum/Developer/Excelerator/env/lib/python3.11/site-packages/numpy/lib/__pycache__/index_tricks.cpython-311.pyc -> /Users/calum/Developer/Excelerator/dist/Excelerate.app/Contents/Resources/lib/python3.11/numpy/lib/__pycache__/index_tricks.cpython-311.pyc
copying file /Users/calum/Developer/Excelerator/env/lib/python3.11/site-packages/numpy/lib/__pycache__/user_array.cpython-311.pyc -> /Users/calum/Developer/Excelerator/dist/Excelerate.app/Contents/Resources/lib/python3.11/numpy/lib/__pycache__/user_array.cpython-311.pyc
copying file /Users/calum/Developer/Excelerator/env/lib/python3.11/site-packages/numpy/lib/__pycache__/type_check.cpython-311.pyc -> /Users/calum/Developer/Excelerator/dist/Excelerate.app/Contents/Resources/lib/python3.11/numpy/lib/__pycache__/type_check.cpython-311.pyc
copying file /Users/calum/Developer/Excelerator/env/lib/python3.11/site-packages/numpy/lib/__pycache__/recfunctions.cpython-311.pyc -> /Users/calum/Developer/Excelerator/dist/Excelerate.app/Contents/Resources/lib/python3.11/numpy/lib/__pycache__/recfunctions.cpython-311.pyc
copying file /Users/calum/Developer/Excelerator/env/lib/python3.11/site-packages/numpy/lib/__pycache__/_iotools.cpython-311.pyc -> /Users/calum/Developer/Excelerator/dist/Excelerate.app/Contents/Resources/lib/python3.11/numpy/lib/__pycache__/_iotools.cpython-311.pyc
copying file /Users/calum/Developer/Excelerator/env/lib/python3.11/site-packages/numpy/lib/__pycache__/setup.cpython-311.pyc -> /Users/calum/Developer/Excelerator/dist/Excelerate.app/Contents/Resources/lib/python3.11/numpy/lib/__pycache__/setup.cpython-311.pyc
copying file /Users/calum/Developer/Excelerator/env/lib/python3.11/site-packages/numpy/lib/__pycache__/arrayterator.cpython-311.pyc -> /Users/calum/Developer/Excelerator/dist/Excelerate.app/Contents/Resources/lib/python3.11/numpy/lib/__pycache__/arrayterator.cpython-311.pyc
copying file /Users/calum/Developer/Excelerator/env/lib/python3.11/site-packages/numpy/lib/__pycache__/function_base.cpython-311.pyc -> /Users/calum/Developer/Excelerator/dist/Excelerate.app/Contents/Resources/lib/python3.11/numpy/lib/__pycache__/function_base.cpython-311.pyc
copying file /Users/calum/Developer/Excelerator/env/lib/python3.11/site-packages/numpy/lib/__pycache__/format.cpython-311.pyc -> /Users/calum/Developer/Excelerator/dist/Excelerate.app/Contents/Resources/lib/python3.11/numpy/lib/__pycache__/format.cpython-311.pyc
copying file /Users/calum/Developer/Excelerator/env/lib/python3.11/site-packages/numpy/lib/__pycache__/utils.cpython-311.pyc -> /Users/calum/Developer/Excelerator/dist/Excelerate.app/Contents/Resources/lib/python3.11/numpy/lib/__pycache__/utils.cpython-311.pyc
copying file /Users/calum/Developer/Excelerator/env/lib/python3.11/site-packages/numpy/lib/__pycache__/scimath.cpython-311.pyc -> /Users/calum/Developer/Excelerator/dist/Excelerate.app/Contents/Resources/lib/python3.11/numpy/lib/__pycache__/scimath.cpython-311.pyc
copying file /Users/calum/Developer/Excelerator/env/lib/python3.11/site-packages/numpy/lib/__pycache__/histograms.cpython-311.pyc -> /Users/calum/Developer/Excelerator/dist/Excelerate.app/Contents/Resources/lib/python3.11/numpy/lib/__pycache__/histograms.cpython-311.pyc
copying file /Users/calum/Developer/Excelerator/env/lib/python3.11/site-packages/numpy/lib/__pycache__/_version.cpython-311.pyc -> /Users/calum/Developer/Excelerator/dist/Excelerate.app/Contents/Resources/lib/python3.11/numpy/lib/__pycache__/_version.cpython-311.pyc
copying file /Users/calum/Developer/Excelerator/env/lib/python3.11/site-packages/numpy/lib/__pycache__/mixins.cpython-311.pyc -> /Users/calum/Developer/Excelerator/dist/Excelerate.app/Contents/Resources/lib/python3.11/numpy/lib/__pycache__/mixins.cpython-311.pyc
copying file /Users/calum/Developer/Excelerator/env/lib/python3.11/site-packages/numpy/lib/__pycache__/shape_base.cpython-311.pyc -> /Users/calum/Developer/Excelerator/dist/Excelerate.app/Contents/Resources/lib/python3.11/numpy/lib/__pycache__/shape_base.cpython-311.pyc
copying file /Users/calum/Developer/Excelerator/env/lib/python3.11/site-packages/numpy/lib/__pycache__/arraypad.cpython-311.pyc -> /Users/calum/Developer/Excelerator/dist/Excelerate.app/Contents/Resources/lib/python3.11/numpy/lib/__pycache__/arraypad.cpython-311.pyc
copying file /Users/calum/Developer/Excelerator/env/lib/python3.11/site-packages/numpy/lib/__pycache__/polynomial.cpython-311.pyc -> /Users/calum/Developer/Excelerator/dist/Excelerate.app/Contents/Resources/lib/python3.11/numpy/lib/__pycache__/polynomial.cpython-311.pyc
copying file /Users/calum/Developer/Excelerator/env/lib/python3.11/site-packages/numpy/lib/__pycache__/_datasource.cpython-311.pyc -> /Users/calum/Developer/Excelerator/dist/Excelerate.app/Contents/Resources/lib/python3.11/numpy/lib/__pycache__/_datasource.cpython-311.pyc
copying file /Users/calum/Developer/Excelerator/env/lib/python3.11/site-packages/numpy/lib/__pycache__/stride_tricks.cpython-311.pyc -> /Users/calum/Developer/Excelerator/dist/Excelerate.app/Contents/Resources/lib/python3.11/numpy/lib/__pycache__/stride_tricks.cpython-311.pyc
copying file /Users/calum/Developer/Excelerator/env/lib/python3.11/site-packages/numpy/lib/__pycache__/ufunclike.cpython-311.pyc -> /Users/calum/Developer/Excelerator/dist/Excelerate.app/Contents/Resources/lib/python3.11/numpy/lib/__pycache__/ufunclike.cpython-311.pyc
copying file /Users/calum/Developer/Excelerator/env/lib/python3.11/site-packages/numpy/lib/__pycache__/twodim_base.cpython-311.pyc -> /Users/calum/Developer/Excelerator/dist/Excelerate.app/Contents/Resources/lib/python3.11/numpy/lib/__pycache__/twodim_base.cpython-311.pyc
copying file /Users/calum/Developer/Excelerator/env/lib/python3.11/site-packages/numpy/lib/__pycache__/__init__.cpython-311.pyc -> /Users/calum/Developer/Excelerator/dist/Excelerate.app/Contents/Resources/lib/python3.11/numpy/lib/__pycache__/__init__.cpython-311.pyc
copying file /Users/calum/Developer/Excelerator/env/lib/python3.11/site-packages/numpy/lib/__pycache__/nanfunctions.cpython-311.pyc -> /Users/calum/Developer/Excelerator/dist/Excelerate.app/Contents/Resources/lib/python3.11/numpy/lib/__pycache__/nanfunctions.cpython-311.pyc
copying file /Users/calum/Developer/Excelerator/env/lib/python3.11/site-packages/numpy/lib/utils.pyi -> /Users/calum/Developer/Excelerator/dist/Excelerate.app/Contents/Resources/lib/python3.11/numpy/lib/utils.pyi
copying file /Users/calum/Developer/Excelerator/env/lib/python3.11/site-packages/numpy/lib/index_tricks.py -> /Users/calum/Developer/Excelerator/dist/Excelerate.app/Contents/Resources/lib/python3.11/numpy/lib/index_tricks.py
copying file /Users/calum/Developer/Excelerator/env/lib/python3.11/site-packages/numpy/lib/npyio.py -> /Users/calum/Developer/Excelerator/dist/Excelerate.app/Contents/Resources/lib/python3.11/numpy/lib/npyio.py
copying file /Users/calum/Developer/Excelerator/env/lib/python3.11/site-packages/numpy/lib/arrayterator.pyi -> /Users/calum/Developer/Excelerator/dist/Excelerate.app/Contents/Resources/lib/python3.11/numpy/lib/arrayterator.pyi
copying file /Users/calum/Developer/Excelerator/env/lib/python3.11/site-packages/numpy/lib/histograms.pyi -> /Users/calum/Developer/Excelerator/dist/Excelerate.app/Contents/Resources/lib/python3.11/numpy/lib/histograms.pyi
copying file /Users/calum/Developer/Excelerator/env/lib/python3.11/site-packages/numpy/lib/shape_base.py -> /Users/calum/Developer/Excelerator/dist/Excelerate.app/Contents/Resources/lib/python3.11/numpy/lib/shape_base.py
copying file /Users/calum/Developer/Excelerator/env/lib/python3.11/site-packages/numpy/lib/setup.py -> /Users/calum/Developer/Excelerator/dist/Excelerate.app/Contents/Resources/lib/python3.11/numpy/lib/setup.py
copying file /Users/calum/Developer/Excelerator/env/lib/python3.11/site-packages/numpy/lib/arraypad.pyi -> /Users/calum/Developer/Excelerator/dist/Excelerate.app/Contents/Resources/lib/python3.11/numpy/lib/arraypad.pyi
copying file /Users/calum/Developer/Excelerator/env/lib/python3.11/site-packages/numpy/lib/stride_tricks.py -> /Users/calum/Developer/Excelerator/dist/Excelerate.app/Contents/Resources/lib/python3.11/numpy/lib/stride_tricks.py
copying file /Users/calum/Developer/Excelerator/env/lib/python3.11/site-packages/numpy/lib/utils.py -> /Users/calum/Developer/Excelerator/dist/Excelerate.app/Contents/Resources/lib/python3.11/numpy/lib/utils.py
copying file /Users/calum/Developer/Excelerator/env/lib/python3.11/site-packages/numpy/lib/polynomial.pyi -> /Users/calum/Developer/Excelerator/dist/Excelerate.app/Contents/Resources/lib/python3.11/numpy/lib/polynomial.pyi
copying file /Users/calum/Developer/Excelerator/env/lib/python3.11/site-packages/numpy/lib/arrayterator.py -> /Users/calum/Developer/Excelerator/dist/Excelerate.app/Contents/Resources/lib/python3.11/numpy/lib/arrayterator.py
copying file /Users/calum/Developer/Excelerator/env/lib/python3.11/site-packages/numpy/lib/function_base.py -> /Users/calum/Developer/Excelerator/dist/Excelerate.app/Contents/Resources/lib/python3.11/numpy/lib/function_base.py
copying file /Users/calum/Developer/Excelerator/env/lib/python3.11/site-packages/numpy/lib/stride_tricks.pyi -> /Users/calum/Developer/Excelerator/dist/Excelerate.app/Contents/Resources/lib/python3.11/numpy/lib/stride_tricks.pyi
copying file /Users/calum/Developer/Excelerator/env/lib/python3.11/site-packages/numpy/lib/arraysetops.py -> /Users/calum/Developer/Excelerator/dist/Excelerate.app/Contents/Resources/lib/python3.11/numpy/lib/arraysetops.py
copying file /Users/calum/Developer/Excelerator/env/lib/python3.11/site-packages/numpy/lib/nanfunctions.pyi -> /Users/calum/Developer/Excelerator/dist/Excelerate.app/Contents/Resources/lib/python3.11/numpy/lib/nanfunctions.pyi
copying file /Users/calum/Developer/Excelerator/env/lib/python3.11/site-packages/numpy/lib/arraypad.py -> /Users/calum/Developer/Excelerator/dist/Excelerate.app/Contents/Resources/lib/python3.11/numpy/lib/arraypad.py
copying file /Users/calum/Developer/Excelerator/env/lib/python3.11/site-packages/numpy/lib/type_check.py -> /Users/calum/Developer/Excelerator/dist/Excelerate.app/Contents/Resources/lib/python3.11/numpy/lib/type_check.py
copying file /Users/calum/Developer/Excelerator/env/lib/python3.11/site-packages/numpy/lib/shape_base.pyi -> /Users/calum/Developer/Excelerator/dist/Excelerate.app/Contents/Resources/lib/python3.11/numpy/lib/shape_base.pyi
copying file /Users/calum/Developer/Excelerator/env/lib/python3.11/site-packages/numpy/lib/polynomial.py -> /Users/calum/Developer/Excelerator/dist/Excelerate.app/Contents/Resources/lib/python3.11/numpy/lib/polynomial.py
copying file /Users/calum/Developer/Excelerator/env/lib/python3.11/site-packages/numpy/lib/arraysetops.pyi -> /Users/calum/Developer/Excelerator/dist/Excelerate.app/Contents/Resources/lib/python3.11/numpy/lib/arraysetops.pyi
copying file /Users/calum/Developer/Excelerator/env/lib/python3.11/site-packages/numpy/lib/_datasource.py -> /Users/calum/Developer/Excelerator/dist/Excelerate.app/Contents/Resources/lib/python3.11/numpy/lib/_datasource.py
copying file /Users/calum/Developer/Excelerator/env/lib/python3.11/site-packages/numpy/lib/ufunclike.py -> /Users/calum/Developer/Excelerator/dist/Excelerate.app/Contents/Resources/lib/python3.11/numpy/lib/ufunclike.py
copying file /Users/calum/Developer/Excelerator/env/lib/python3.11/site-packages/numpy/py.typed -> /Users/calum/Developer/Excelerator/dist/Excelerate.app/Contents/Resources/lib/python3.11/numpy/py.typed
copying file /Users/calum/Developer/Excelerator/env/lib/python3.11/site-packages/numpy/exceptions.py -> /Users/calum/Developer/Excelerator/dist/Excelerate.app/Contents/Resources/lib/python3.11/numpy/exceptions.py
creating /Users/calum/Developer/Excelerator/dist/Excelerate.app/Contents/Resources/lib/python3.11/numpy/fft
copying file /Users/calum/Developer/Excelerator/env/lib/python3.11/site-packages/numpy/fft/helper.pyi -> /Users/calum/Developer/Excelerator/dist/Excelerate.app/Contents/Resources/lib/python3.11/numpy/fft/helper.pyi
copying file /Users/calum/Developer/Excelerator/env/lib/python3.11/site-packages/numpy/fft/_pocketfft_internal.cpython-311-darwin.so -> /Users/calum/Developer/Excelerator/dist/Excelerate.app/Contents/Resources/lib/python3.11/numpy/fft/_pocketfft_internal.cpython-311-darwin.so
copying file /Users/calum/Developer/Excelerator/env/lib/python3.11/site-packages/numpy/fft/__init__.pyi -> /Users/calum/Developer/Excelerator/dist/Excelerate.app/Contents/Resources/lib/python3.11/numpy/fft/__init__.pyi
creating /Users/calum/Developer/Excelerator/dist/Excelerate.app/Contents/Resources/lib/python3.11/numpy/fft/tests
copying file /Users/calum/Developer/Excelerator/env/lib/python3.11/site-packages/numpy/fft/tests/test_pocketfft.py -> /Users/calum/Developer/Excelerator/dist/Excelerate.app/Contents/Resources/lib/python3.11/numpy/fft/tests/test_pocketfft.py
copying file /Users/calum/Developer/Excelerator/env/lib/python3.11/site-packages/numpy/fft/tests/test_helper.py -> /Users/calum/Developer/Excelerator/dist/Excelerate.app/Contents/Resources/lib/python3.11/numpy/fft/tests/test_helper.py
copying file /Users/calum/Developer/Excelerator/env/lib/python3.11/site-packages/numpy/fft/tests/__init__.py -> /Users/calum/Developer/Excelerator/dist/Excelerate.app/Contents/Resources/lib/python3.11/numpy/fft/tests/__init__.py
creating /Users/calum/Developer/Excelerator/dist/Excelerate.app/Contents/Resources/lib/python3.11/numpy/fft/tests/__pycache__
copying file /Users/calum/Developer/Excelerator/env/lib/python3.11/site-packages/numpy/fft/tests/__pycache__/test_pocketfft.cpython-311.pyc -> /Users/calum/Developer/Excelerator/dist/Excelerate.app/Contents/Resources/lib/python3.11/numpy/fft/tests/__pycache__/test_pocketfft.cpython-311.pyc
copying file /Users/calum/Developer/Excelerator/env/lib/python3.11/site-packages/numpy/fft/tests/__pycache__/test_helper.cpython-311.pyc -> /Users/calum/Developer/Excelerator/dist/Excelerate.app/Contents/Resources/lib/python3.11/numpy/fft/tests/__pycache__/test_helper.cpython-311.pyc
copying file /Users/calum/Developer/Excelerator/env/lib/python3.11/site-packages/numpy/fft/tests/__pycache__/__init__.cpython-311.pyc -> /Users/calum/Developer/Excelerator/dist/Excelerate.app/Contents/Resources/lib/python3.11/numpy/fft/tests/__pycache__/__init__.cpython-311.pyc
copying file /Users/calum/Developer/Excelerator/env/lib/python3.11/site-packages/numpy/fft/__init__.py -> /Users/calum/Developer/Excelerator/dist/Excelerate.app/Contents/Resources/lib/python3.11/numpy/fft/__init__.py
creating /Users/calum/Developer/Excelerator/dist/Excelerate.app/Contents/Resources/lib/python3.11/numpy/fft/__pycache__
copying file /Users/calum/Developer/Excelerator/env/lib/python3.11/site-packages/numpy/fft/__pycache__/helper.cpython-311.pyc -> /Users/calum/Developer/Excelerator/dist/Excelerate.app/Contents/Resources/lib/python3.11/numpy/fft/__pycache__/helper.cpython-311.pyc
copying file /Users/calum/Developer/Excelerator/env/lib/python3.11/site-packages/numpy/fft/__pycache__/_pocketfft.cpython-311.pyc -> /Users/calum/Developer/Excelerator/dist/Excelerate.app/Contents/Resources/lib/python3.11/numpy/fft/__pycache__/_pocketfft.cpython-311.pyc
copying file /Users/calum/Developer/Excelerator/env/lib/python3.11/site-packages/numpy/fft/__pycache__/__init__.cpython-311.pyc -> /Users/calum/Developer/Excelerator/dist/Excelerate.app/Contents/Resources/lib/python3.11/numpy/fft/__pycache__/__init__.cpython-311.pyc
copying file /Users/calum/Developer/Excelerator/env/lib/python3.11/site-packages/numpy/fft/helper.py -> /Users/calum/Developer/Excelerator/dist/Excelerate.app/Contents/Resources/lib/python3.11/numpy/fft/helper.py
copying file /Users/calum/Developer/Excelerator/env/lib/python3.11/site-packages/numpy/fft/_pocketfft.pyi -> /Users/calum/Developer/Excelerator/dist/Excelerate.app/Contents/Resources/lib/python3.11/numpy/fft/_pocketfft.pyi
copying file /Users/calum/Developer/Excelerator/env/lib/python3.11/site-packages/numpy/fft/_pocketfft.py -> /Users/calum/Developer/Excelerator/dist/Excelerate.app/Contents/Resources/lib/python3.11/numpy/fft/_pocketfft.py
creating /Users/calum/Developer/Excelerator/dist/Excelerate.app/Contents/Resources/lib/python3.11/numpy/doc
copying file /Users/calum/Developer/Excelerator/env/lib/python3.11/site-packages/numpy/doc/constants.py -> /Users/calum/Developer/Excelerator/dist/Excelerate.app/Contents/Resources/lib/python3.11/numpy/doc/constants.py
copying file /Users/calum/Developer/Excelerator/env/lib/python3.11/site-packages/numpy/doc/ufuncs.py -> /Users/calum/Developer/Excelerator/dist/Excelerate.app/Contents/Resources/lib/python3.11/numpy/doc/ufuncs.py
copying file /Users/calum/Developer/Excelerator/env/lib/python3.11/site-packages/numpy/doc/__init__.py -> /Users/calum/Developer/Excelerator/dist/Excelerate.app/Contents/Resources/lib/python3.11/numpy/doc/__init__.py
creating /Users/calum/Developer/Excelerator/dist/Excelerate.app/Contents/Resources/lib/python3.11/numpy/doc/__pycache__
copying file /Users/calum/Developer/Excelerator/env/lib/python3.11/site-packages/numpy/doc/__pycache__/constants.cpython-311.pyc -> /Users/calum/Developer/Excelerator/dist/Excelerate.app/Contents/Resources/lib/python3.11/numpy/doc/__pycache__/constants.cpython-311.pyc
copying file /Users/calum/Developer/Excelerator/env/lib/python3.11/site-packages/numpy/doc/__pycache__/ufuncs.cpython-311.pyc -> /Users/calum/Developer/Excelerator/dist/Excelerate.app/Contents/Resources/lib/python3.11/numpy/doc/__pycache__/ufuncs.cpython-311.pyc
copying file /Users/calum/Developer/Excelerator/env/lib/python3.11/site-packages/numpy/doc/__pycache__/__init__.cpython-311.pyc -> /Users/calum/Developer/Excelerator/dist/Excelerate.app/Contents/Resources/lib/python3.11/numpy/doc/__pycache__/__init__.cpython-311.pyc
copying file /Users/calum/Developer/Excelerator/env/lib/python3.11/site-packages/numpy/_pytesttester.py -> /Users/calum/Developer/Excelerator/dist/Excelerate.app/Contents/Resources/lib/python3.11/numpy/_pytesttester.py
creating /Users/calum/Developer/Excelerator/dist/Excelerate.app/Contents/Resources/lib/python3.11/numpy/random
copying file /Users/calum/Developer/Excelerator/env/lib/python3.11/site-packages/numpy/random/_generator.pyi -> /Users/calum/Developer/Excelerator/dist/Excelerate.app/Contents/Resources/lib/python3.11/numpy/random/_generator.pyi
copying file /Users/calum/Developer/Excelerator/env/lib/python3.11/site-packages/numpy/random/LICENSE.md -> /Users/calum/Developer/Excelerator/dist/Excelerate.app/Contents/Resources/lib/python3.11/numpy/random/LICENSE.md
copying file /Users/calum/Developer/Excelerator/env/lib/python3.11/site-packages/numpy/random/_common.pxd -> /Users/calum/Developer/Excelerator/dist/Excelerate.app/Contents/Resources/lib/python3.11/numpy/random/_common.pxd
copying file /Users/calum/Developer/Excelerator/env/lib/python3.11/site-packages/numpy/random/_generator.cpython-311-darwin.so -> /Users/calum/Developer/Excelerator/dist/Excelerate.app/Contents/Resources/lib/python3.11/numpy/random/_generator.cpython-311-darwin.so
copying file /Users/calum/Developer/Excelerator/env/lib/python3.11/site-packages/numpy/random/_pcg64.pyi -> /Users/calum/Developer/Excelerator/dist/Excelerate.app/Contents/Resources/lib/python3.11/numpy/random/_pcg64.pyi
copying file /Users/calum/Developer/Excelerator/env/lib/python3.11/site-packages/numpy/random/__init__.pyi -> /Users/calum/Developer/Excelerator/dist/Excelerate.app/Contents/Resources/lib/python3.11/numpy/random/__init__.pyi
copying file /Users/calum/Developer/Excelerator/env/lib/python3.11/site-packages/numpy/random/c_distributions.pxd -> /Users/calum/Developer/Excelerator/dist/Excelerate.app/Contents/Resources/lib/python3.11/numpy/random/c_distributions.pxd
copying file /Users/calum/Developer/Excelerator/env/lib/python3.11/site-packages/numpy/random/_common.cpython-311-darwin.so -> /Users/calum/Developer/Excelerator/dist/Excelerate.app/Contents/Resources/lib/python3.11/numpy/random/_common.cpython-311-darwin.so
copying file /Users/calum/Developer/Excelerator/env/lib/python3.11/site-packages/numpy/random/_pickle.py -> /Users/calum/Developer/Excelerator/dist/Excelerate.app/Contents/Resources/lib/python3.11/numpy/random/_pickle.py
copying file /Users/calum/Developer/Excelerator/env/lib/python3.11/site-packages/numpy/random/__init__.pxd -> /Users/calum/Developer/Excelerator/dist/Excelerate.app/Contents/Resources/lib/python3.11/numpy/random/__init__.pxd
copying file /Users/calum/Developer/Excelerator/env/lib/python3.11/site-packages/numpy/random/mtrand.cpython-311-darwin.so -> /Users/calum/Developer/Excelerator/dist/Excelerate.app/Contents/Resources/lib/python3.11/numpy/random/mtrand.cpython-311-darwin.so
creating /Users/calum/Developer/Excelerator/dist/Excelerate.app/Contents/Resources/lib/python3.11/numpy/random/tests
copying file /Users/calum/Developer/Excelerator/env/lib/python3.11/site-packages/numpy/random/tests/test_generator_mt19937.py -> /Users/calum/Developer/Excelerator/dist/Excelerate.app/Contents/Resources/lib/python3.11/numpy/random/tests/test_generator_mt19937.py
copying file /Users/calum/Developer/Excelerator/env/lib/python3.11/site-packages/numpy/random/tests/test_randomstate.py -> /Users/calum/Developer/Excelerator/dist/Excelerate.app/Contents/Resources/lib/python3.11/numpy/random/tests/test_randomstate.py
copying file /Users/calum/Developer/Excelerator/env/lib/python3.11/site-packages/numpy/random/tests/test_direct.py -> /Users/calum/Developer/Excelerator/dist/Excelerate.app/Contents/Resources/lib/python3.11/numpy/random/tests/test_direct.py
copying file /Users/calum/Developer/Excelerator/env/lib/python3.11/site-packages/numpy/random/tests/test_extending.py -> /Users/calum/Developer/Excelerator/dist/Excelerate.app/Contents/Resources/lib/python3.11/numpy/random/tests/test_extending.py
copying file /Users/calum/Developer/Excelerator/env/lib/python3.11/site-packages/numpy/random/tests/__init__.py -> /Users/calum/Developer/Excelerator/dist/Excelerate.app/Contents/Resources/lib/python3.11/numpy/random/tests/__init__.py
creating /Users/calum/Developer/Excelerator/dist/Excelerate.app/Contents/Resources/lib/python3.11/numpy/random/tests/__pycache__
copying file /Users/calum/Developer/Excelerator/env/lib/python3.11/site-packages/numpy/random/tests/__pycache__/test_regression.cpython-311.pyc -> /Users/calum/Developer/Excelerator/dist/Excelerate.app/Contents/Resources/lib/python3.11/numpy/random/tests/__pycache__/test_regression.cpython-311.pyc
copying file /Users/calum/Developer/Excelerator/env/lib/python3.11/site-packages/numpy/random/tests/__pycache__/test_extending.cpython-311.pyc -> /Users/calum/Developer/Excelerator/dist/Excelerate.app/Contents/Resources/lib/python3.11/numpy/random/tests/__pycache__/test_extending.cpython-311.pyc
copying file /Users/calum/Developer/Excelerator/env/lib/python3.11/site-packages/numpy/random/tests/__pycache__/test_randomstate.cpython-311.pyc -> /Users/calum/Developer/Excelerator/dist/Excelerate.app/Contents/Resources/lib/python3.11/numpy/random/tests/__pycache__/test_randomstate.cpython-311.pyc
copying file /Users/calum/Developer/Excelerator/env/lib/python3.11/site-packages/numpy/random/tests/__pycache__/test_random.cpython-311.pyc -> /Users/calum/Developer/Excelerator/dist/Excelerate.app/Contents/Resources/lib/python3.11/numpy/random/tests/__pycache__/test_random.cpython-311.pyc
copying file /Users/calum/Developer/Excelerator/env/lib/python3.11/site-packages/numpy/random/tests/__pycache__/test_generator_mt19937_regressions.cpython-311.pyc -> /Users/calum/Developer/Excelerator/dist/Excelerate.app/Contents/Resources/lib/python3.11/numpy/random/tests/__pycache__/test_generator_mt19937_regressions.cpython-311.pyc
copying file /Users/calum/Developer/Excelerator/env/lib/python3.11/site-packages/numpy/random/tests/__pycache__/test_generator_mt19937.cpython-311.pyc -> /Users/calum/Developer/Excelerator/dist/Excelerate.app/Contents/Resources/lib/python3.11/numpy/random/tests/__pycache__/test_generator_mt19937.cpython-311.pyc
copying file /Users/calum/Developer/Excelerator/env/lib/python3.11/site-packages/numpy/random/tests/__pycache__/test_smoke.cpython-311.pyc -> /Users/calum/Developer/Excelerator/dist/Excelerate.app/Contents/Resources/lib/python3.11/numpy/random/tests/__pycache__/test_smoke.cpython-311.pyc
copying file /Users/calum/Developer/Excelerator/env/lib/python3.11/site-packages/numpy/random/tests/__pycache__/test_randomstate_regression.cpython-311.pyc -> /Users/calum/Developer/Excelerator/dist/Excelerate.app/Contents/Resources/lib/python3.11/numpy/random/tests/__pycache__/test_randomstate_regression.cpython-311.pyc
copying file /Users/calum/Developer/Excelerator/env/lib/python3.11/site-packages/numpy/random/tests/__pycache__/test_seed_sequence.cpython-311.pyc -> /Users/calum/Developer/Excelerator/dist/Excelerate.app/Contents/Resources/lib/python3.11/numpy/random/tests/__pycache__/test_seed_sequence.cpython-311.pyc
copying file /Users/calum/Developer/Excelerator/env/lib/python3.11/site-packages/numpy/random/tests/__pycache__/test_direct.cpython-311.pyc -> /Users/calum/Developer/Excelerator/dist/Excelerate.app/Contents/Resources/lib/python3.11/numpy/random/tests/__pycache__/test_direct.cpython-311.pyc
copying file /Users/calum/Developer/Excelerator/env/lib/python3.11/site-packages/numpy/random/tests/__pycache__/__init__.cpython-311.pyc -> /Users/calum/Developer/Excelerator/dist/Excelerate.app/Contents/Resources/lib/python3.11/numpy/random/tests/__pycache__/__init__.cpython-311.pyc
copying file /Users/calum/Developer/Excelerator/env/lib/python3.11/site-packages/numpy/random/tests/test_smoke.py -> /Users/calum/Developer/Excelerator/dist/Excelerate.app/Contents/Resources/lib/python3.11/numpy/random/tests/test_smoke.py
copying file /Users/calum/Developer/Excelerator/env/lib/python3.11/site-packages/numpy/random/tests/test_randomstate_regression.py -> /Users/calum/Developer/Excelerator/dist/Excelerate.app/Contents/Resources/lib/python3.11/numpy/random/tests/test_randomstate_regression.py
copying file /Users/calum/Developer/Excelerator/env/lib/python3.11/site-packages/numpy/random/tests/test_seed_sequence.py -> /Users/calum/Developer/Excelerator/dist/Excelerate.app/Contents/Resources/lib/python3.11/numpy/random/tests/test_seed_sequence.py
creating /Users/calum/Developer/Excelerator/dist/Excelerate.app/Contents/Resources/lib/python3.11/numpy/random/tests/data
copying file /Users/calum/Developer/Excelerator/env/lib/python3.11/site-packages/numpy/random/tests/data/philox-testset-1.csv -> /Users/calum/Developer/Excelerator/dist/Excelerate.app/Contents/Resources/lib/python3.11/numpy/random/tests/data/philox-testset-1.csv
copying file /Users/calum/Developer/Excelerator/env/lib/python3.11/site-packages/numpy/random/tests/data/philox-testset-2.csv -> /Users/calum/Developer/Excelerator/dist/Excelerate.app/Contents/Resources/lib/python3.11/numpy/random/tests/data/philox-testset-2.csv
copying file /Users/calum/Developer/Excelerator/env/lib/python3.11/site-packages/numpy/random/tests/data/sfc64-testset-1.csv -> /Users/calum/Developer/Excelerator/dist/Excelerate.app/Contents/Resources/lib/python3.11/numpy/random/tests/data/sfc64-testset-1.csv
copying file /Users/calum/Developer/Excelerator/env/lib/python3.11/site-packages/numpy/random/tests/data/sfc64-testset-2.csv -> /Users/calum/Developer/Excelerator/dist/Excelerate.app/Contents/Resources/lib/python3.11/numpy/random/tests/data/sfc64-testset-2.csv
copying file /Users/calum/Developer/Excelerator/env/lib/python3.11/site-packages/numpy/random/tests/data/__init__.py -> /Users/calum/Developer/Excelerator/dist/Excelerate.app/Contents/Resources/lib/python3.11/numpy/random/tests/data/__init__.py
creating /Users/calum/Developer/Excelerator/dist/Excelerate.app/Contents/Resources/lib/python3.11/numpy/random/tests/data/__pycache__
copying file /Users/calum/Developer/Excelerator/env/lib/python3.11/site-packages/numpy/random/tests/data/__pycache__/__init__.cpython-311.pyc -> /Users/calum/Developer/Excelerator/dist/Excelerate.app/Contents/Resources/lib/python3.11/numpy/random/tests/data/__pycache__/__init__.cpython-311.pyc
copying file /Users/calum/Developer/Excelerator/env/lib/python3.11/site-packages/numpy/random/tests/data/mt19937-testset-2.csv -> /Users/calum/Developer/Excelerator/dist/Excelerate.app/Contents/Resources/lib/python3.11/numpy/random/tests/data/mt19937-testset-2.csv
copying file /Users/calum/Developer/Excelerator/env/lib/python3.11/site-packages/numpy/random/tests/data/mt19937-testset-1.csv -> /Users/calum/Developer/Excelerator/dist/Excelerate.app/Contents/Resources/lib/python3.11/numpy/random/tests/data/mt19937-testset-1.csv
copying file /Users/calum/Developer/Excelerator/env/lib/python3.11/site-packages/numpy/random/tests/data/pcg64-testset-1.csv -> /Users/calum/Developer/Excelerator/dist/Excelerate.app/Contents/Resources/lib/python3.11/numpy/random/tests/data/pcg64-testset-1.csv
copying file /Users/calum/Developer/Excelerator/env/lib/python3.11/site-packages/numpy/random/tests/data/pcg64-testset-2.csv -> /Users/calum/Developer/Excelerator/dist/Excelerate.app/Contents/Resources/lib/python3.11/numpy/random/tests/data/pcg64-testset-2.csv
copying file /Users/calum/Developer/Excelerator/env/lib/python3.11/site-packages/numpy/random/tests/data/pcg64dxsm-testset-1.csv -> /Users/calum/Developer/Excelerator/dist/Excelerate.app/Contents/Resources/lib/python3.11/numpy/random/tests/data/pcg64dxsm-testset-1.csv
copying file /Users/calum/Developer/Excelerator/env/lib/python3.11/site-packages/numpy/random/tests/data/pcg64dxsm-testset-2.csv -> /Users/calum/Developer/Excelerator/dist/Excelerate.app/Contents/Resources/lib/python3.11/numpy/random/tests/data/pcg64dxsm-testset-2.csv
copying file /Users/calum/Developer/Excelerator/env/lib/python3.11/site-packages/numpy/random/tests/test_generator_mt19937_regressions.py -> /Users/calum/Developer/Excelerator/dist/Excelerate.app/Contents/Resources/lib/python3.11/numpy/random/tests/test_generator_mt19937_regressions.py
copying file /Users/calum/Developer/Excelerator/env/lib/python3.11/site-packages/numpy/random/tests/test_random.py -> /Users/calum/Developer/Excelerator/dist/Excelerate.app/Contents/Resources/lib/python3.11/numpy/random/tests/test_random.py
copying file /Users/calum/Developer/Excelerator/env/lib/python3.11/site-packages/numpy/random/tests/test_regression.py -> /Users/calum/Developer/Excelerator/dist/Excelerate.app/Contents/Resources/lib/python3.11/numpy/random/tests/test_regression.py
copying file /Users/calum/Developer/Excelerator/env/lib/python3.11/site-packages/numpy/random/__init__.py -> /Users/calum/Developer/Excelerator/dist/Excelerate.app/Contents/Resources/lib/python3.11/numpy/random/__init__.py
copying file /Users/calum/Developer/Excelerator/env/lib/python3.11/site-packages/numpy/random/_sfc64.cpython-311-darwin.so -> /Users/calum/Developer/Excelerator/dist/Excelerate.app/Contents/Resources/lib/python3.11/numpy/random/_sfc64.cpython-311-darwin.so
creating /Users/calum/Developer/Excelerator/dist/Excelerate.app/Contents/Resources/lib/python3.11/numpy/random/__pycache__
copying file /Users/calum/Developer/Excelerator/env/lib/python3.11/site-packages/numpy/random/__pycache__/_pickle.cpython-311.pyc -> /Users/calum/Developer/Excelerator/dist/Excelerate.app/Contents/Resources/lib/python3.11/numpy/random/__pycache__/_pickle.cpython-311.pyc
copying file /Users/calum/Developer/Excelerator/env/lib/python3.11/site-packages/numpy/random/__pycache__/__init__.cpython-311.pyc -> /Users/calum/Developer/Excelerator/dist/Excelerate.app/Contents/Resources/lib/python3.11/numpy/random/__pycache__/__init__.cpython-311.pyc
copying file /Users/calum/Developer/Excelerator/env/lib/python3.11/site-packages/numpy/random/_philox.pyi -> /Users/calum/Developer/Excelerator/dist/Excelerate.app/Contents/Resources/lib/python3.11/numpy/random/_philox.pyi
copying file /Users/calum/Developer/Excelerator/env/lib/python3.11/site-packages/numpy/random/_pcg64.cpython-311-darwin.so -> /Users/calum/Developer/Excelerator/dist/Excelerate.app/Contents/Resources/lib/python3.11/numpy/random/_pcg64.cpython-311-darwin.so
copying file /Users/calum/Developer/Excelerator/env/lib/python3.11/site-packages/numpy/random/_bounded_integers.pxd -> /Users/calum/Developer/Excelerator/dist/Excelerate.app/Contents/Resources/lib/python3.11/numpy/random/_bounded_integers.pxd
copying file /Users/calum/Developer/Excelerator/env/lib/python3.11/site-packages/numpy/random/_philox.cpython-311-darwin.so -> /Users/calum/Developer/Excelerator/dist/Excelerate.app/Contents/Resources/lib/python3.11/numpy/random/_philox.cpython-311-darwin.so
copying file /Users/calum/Developer/Excelerator/env/lib/python3.11/site-packages/numpy/random/_mt19937.cpython-311-darwin.so -> /Users/calum/Developer/Excelerator/dist/Excelerate.app/Contents/Resources/lib/python3.11/numpy/random/_mt19937.cpython-311-darwin.so
creating /Users/calum/Developer/Excelerator/dist/Excelerate.app/Contents/Resources/lib/python3.11/numpy/random/lib
copying file /Users/calum/Developer/Excelerator/env/lib/python3.11/site-packages/numpy/random/lib/libnpyrandom.a -> /Users/calum/Developer/Excelerator/dist/Excelerate.app/Contents/Resources/lib/python3.11/numpy/random/lib/libnpyrandom.a
copying file /Users/calum/Developer/Excelerator/env/lib/python3.11/site-packages/numpy/random/_mt19937.pyi -> /Users/calum/Developer/Excelerator/dist/Excelerate.app/Contents/Resources/lib/python3.11/numpy/random/_mt19937.pyi
copying file /Users/calum/Developer/Excelerator/env/lib/python3.11/site-packages/numpy/random/bit_generator.pyi -> /Users/calum/Developer/Excelerator/dist/Excelerate.app/Contents/Resources/lib/python3.11/numpy/random/bit_generator.pyi
copying file /Users/calum/Developer/Excelerator/env/lib/python3.11/site-packages/numpy/random/_sfc64.pyi -> /Users/calum/Developer/Excelerator/dist/Excelerate.app/Contents/Resources/lib/python3.11/numpy/random/_sfc64.pyi
copying file /Users/calum/Developer/Excelerator/env/lib/python3.11/site-packages/numpy/random/_bounded_integers.cpython-311-darwin.so -> /Users/calum/Developer/Excelerator/dist/Excelerate.app/Contents/Resources/lib/python3.11/numpy/random/_bounded_integers.cpython-311-darwin.so
copying file /Users/calum/Developer/Excelerator/env/lib/python3.11/site-packages/numpy/random/bit_generator.pxd -> /Users/calum/Developer/Excelerator/dist/Excelerate.app/Contents/Resources/lib/python3.11/numpy/random/bit_generator.pxd
creating /Users/calum/Developer/Excelerator/dist/Excelerate.app/Contents/Resources/lib/python3.11/numpy/random/_examples
creating /Users/calum/Developer/Excelerator/dist/Excelerate.app/Contents/Resources/lib/python3.11/numpy/random/_examples/cffi
creating /Users/calum/Developer/Excelerator/dist/Excelerate.app/Contents/Resources/lib/python3.11/numpy/random/_examples/cffi/__pycache__
copying file /Users/calum/Developer/Excelerator/env/lib/python3.11/site-packages/numpy/random/_examples/cffi/__pycache__/parse.cpython-311.pyc -> /Users/calum/Developer/Excelerator/dist/Excelerate.app/Contents/Resources/lib/python3.11/numpy/random/_examples/cffi/__pycache__/parse.cpython-311.pyc
copying file /Users/calum/Developer/Excelerator/env/lib/python3.11/site-packages/numpy/random/_examples/cffi/__pycache__/extending.cpython-311.pyc -> /Users/calum/Developer/Excelerator/dist/Excelerate.app/Contents/Resources/lib/python3.11/numpy/random/_examples/cffi/__pycache__/extending.cpython-311.pyc
copying file /Users/calum/Developer/Excelerator/env/lib/python3.11/site-packages/numpy/random/_examples/cffi/parse.py -> /Users/calum/Developer/Excelerator/dist/Excelerate.app/Contents/Resources/lib/python3.11/numpy/random/_examples/cffi/parse.py
copying file /Users/calum/Developer/Excelerator/env/lib/python3.11/site-packages/numpy/random/_examples/cffi/extending.py -> /Users/calum/Developer/Excelerator/dist/Excelerate.app/Contents/Resources/lib/python3.11/numpy/random/_examples/cffi/extending.py
creating /Users/calum/Developer/Excelerator/dist/Excelerate.app/Contents/Resources/lib/python3.11/numpy/random/_examples/cython
copying file /Users/calum/Developer/Excelerator/env/lib/python3.11/site-packages/numpy/random/_examples/cython/meson.build -> /Users/calum/Developer/Excelerator/dist/Excelerate.app/Contents/Resources/lib/python3.11/numpy/random/_examples/cython/meson.build
copying file /Users/calum/Developer/Excelerator/env/lib/python3.11/site-packages/numpy/random/_examples/cython/extending_distributions.pyx -> /Users/calum/Developer/Excelerator/dist/Excelerate.app/Contents/Resources/lib/python3.11/numpy/random/_examples/cython/extending_distributions.pyx
copying file /Users/calum/Developer/Excelerator/env/lib/python3.11/site-packages/numpy/random/_examples/cython/extending.pyx -> /Users/calum/Developer/Excelerator/dist/Excelerate.app/Contents/Resources/lib/python3.11/numpy/random/_examples/cython/extending.pyx
creating /Users/calum/Developer/Excelerator/dist/Excelerate.app/Contents/Resources/lib/python3.11/numpy/random/_examples/numba
creating /Users/calum/Developer/Excelerator/dist/Excelerate.app/Contents/Resources/lib/python3.11/numpy/random/_examples/numba/__pycache__
copying file /Users/calum/Developer/Excelerator/env/lib/python3.11/site-packages/numpy/random/_examples/numba/__pycache__/extending_distributions.cpython-311.pyc -> /Users/calum/Developer/Excelerator/dist/Excelerate.app/Contents/Resources/lib/python3.11/numpy/random/_examples/numba/__pycache__/extending_distributions.cpython-311.pyc
copying file /Users/calum/Developer/Excelerator/env/lib/python3.11/site-packages/numpy/random/_examples/numba/__pycache__/extending.cpython-311.pyc -> /Users/calum/Developer/Excelerator/dist/Excelerate.app/Contents/Resources/lib/python3.11/numpy/random/_examples/numba/__pycache__/extending.cpython-311.pyc
copying file /Users/calum/Developer/Excelerator/env/lib/python3.11/site-packages/numpy/random/_examples/numba/extending.py -> /Users/calum/Developer/Excelerator/dist/Excelerate.app/Contents/Resources/lib/python3.11/numpy/random/_examples/numba/extending.py
copying file /Users/calum/Developer/Excelerator/env/lib/python3.11/site-packages/numpy/random/_examples/numba/extending_distributions.py -> /Users/calum/Developer/Excelerator/dist/Excelerate.app/Contents/Resources/lib/python3.11/numpy/random/_examples/numba/extending_distributions.py
copying file /Users/calum/Developer/Excelerator/env/lib/python3.11/site-packages/numpy/random/mtrand.pyi -> /Users/calum/Developer/Excelerator/dist/Excelerate.app/Contents/Resources/lib/python3.11/numpy/random/mtrand.pyi
copying file /Users/calum/Developer/Excelerator/env/lib/python3.11/site-packages/numpy/random/bit_generator.cpython-311-darwin.so -> /Users/calum/Developer/Excelerator/dist/Excelerate.app/Contents/Resources/lib/python3.11/numpy/random/bit_generator.cpython-311-darwin.so
creating /Users/calum/Developer/Excelerator/dist/Excelerate.app/Contents/Resources/lib/python3.11/numpy/matrixlib
copying file /Users/calum/Developer/Excelerator/env/lib/python3.11/site-packages/numpy/matrixlib/__init__.pyi -> /Users/calum/Developer/Excelerator/dist/Excelerate.app/Contents/Resources/lib/python3.11/numpy/matrixlib/__init__.pyi
creating /Users/calum/Developer/Excelerator/dist/Excelerate.app/Contents/Resources/lib/python3.11/numpy/matrixlib/tests
copying file /Users/calum/Developer/Excelerator/env/lib/python3.11/site-packages/numpy/matrixlib/tests/test_matrix_linalg.py -> /Users/calum/Developer/Excelerator/dist/Excelerate.app/Contents/Resources/lib/python3.11/numpy/matrixlib/tests/test_matrix_linalg.py
copying file /Users/calum/Developer/Excelerator/env/lib/python3.11/site-packages/numpy/matrixlib/tests/test_defmatrix.py -> /Users/calum/Developer/Excelerator/dist/Excelerate.app/Contents/Resources/lib/python3.11/numpy/matrixlib/tests/test_defmatrix.py
copying file /Users/calum/Developer/Excelerator/env/lib/python3.11/site-packages/numpy/matrixlib/tests/__init__.py -> /Users/calum/Developer/Excelerator/dist/Excelerate.app/Contents/Resources/lib/python3.11/numpy/matrixlib/tests/__init__.py
creating /Users/calum/Developer/Excelerator/dist/Excelerate.app/Contents/Resources/lib/python3.11/numpy/matrixlib/tests/__pycache__
copying file /Users/calum/Developer/Excelerator/env/lib/python3.11/site-packages/numpy/matrixlib/tests/__pycache__/test_interaction.cpython-311.pyc -> /Users/calum/Developer/Excelerator/dist/Excelerate.app/Contents/Resources/lib/python3.11/numpy/matrixlib/tests/__pycache__/test_interaction.cpython-311.pyc
copying file /Users/calum/Developer/Excelerator/env/lib/python3.11/site-packages/numpy/matrixlib/tests/__pycache__/test_regression.cpython-311.pyc -> /Users/calum/Developer/Excelerator/dist/Excelerate.app/Contents/Resources/lib/python3.11/numpy/matrixlib/tests/__pycache__/test_regression.cpython-311.pyc
copying file /Users/calum/Developer/Excelerator/env/lib/python3.11/site-packages/numpy/matrixlib/tests/__pycache__/test_masked_matrix.cpython-311.pyc -> /Users/calum/Developer/Excelerator/dist/Excelerate.app/Contents/Resources/lib/python3.11/numpy/matrixlib/tests/__pycache__/test_masked_matrix.cpython-311.pyc
copying file /Users/calum/Developer/Excelerator/env/lib/python3.11/site-packages/numpy/matrixlib/tests/__pycache__/test_numeric.cpython-311.pyc -> /Users/calum/Developer/Excelerator/dist/Excelerate.app/Contents/Resources/lib/python3.11/numpy/matrixlib/tests/__pycache__/test_numeric.cpython-311.pyc
copying file /Users/calum/Developer/Excelerator/env/lib/python3.11/site-packages/numpy/matrixlib/tests/__pycache__/test_multiarray.cpython-311.pyc -> /Users/calum/Developer/Excelerator/dist/Excelerate.app/Contents/Resources/lib/python3.11/numpy/matrixlib/tests/__pycache__/test_multiarray.cpython-311.pyc
copying file /Users/calum/Developer/Excelerator/env/lib/python3.11/site-packages/numpy/matrixlib/tests/__pycache__/test_defmatrix.cpython-311.pyc -> /Users/calum/Developer/Excelerator/dist/Excelerate.app/Contents/Resources/lib/python3.11/numpy/matrixlib/tests/__pycache__/test_defmatrix.cpython-311.pyc
copying file /Users/calum/Developer/Excelerator/env/lib/python3.11/site-packages/numpy/matrixlib/tests/__pycache__/__init__.cpython-311.pyc -> /Users/calum/Developer/Excelerator/dist/Excelerate.app/Contents/Resources/lib/python3.11/numpy/matrixlib/tests/__pycache__/__init__.cpython-311.pyc
copying file /Users/calum/Developer/Excelerator/env/lib/python3.11/site-packages/numpy/matrixlib/tests/__pycache__/test_matrix_linalg.cpython-311.pyc -> /Users/calum/Developer/Excelerator/dist/Excelerate.app/Contents/Resources/lib/python3.11/numpy/matrixlib/tests/__pycache__/test_matrix_linalg.cpython-311.pyc
copying file /Users/calum/Developer/Excelerator/env/lib/python3.11/site-packages/numpy/matrixlib/tests/test_interaction.py -> /Users/calum/Developer/Excelerator/dist/Excelerate.app/Contents/Resources/lib/python3.11/numpy/matrixlib/tests/test_interaction.py
copying file /Users/calum/Developer/Excelerator/env/lib/python3.11/site-packages/numpy/matrixlib/tests/test_numeric.py -> /Users/calum/Developer/Excelerator/dist/Excelerate.app/Contents/Resources/lib/python3.11/numpy/matrixlib/tests/test_numeric.py
copying file /Users/calum/Developer/Excelerator/env/lib/python3.11/site-packages/numpy/matrixlib/tests/test_masked_matrix.py -> /Users/calum/Developer/Excelerator/dist/Excelerate.app/Contents/Resources/lib/python3.11/numpy/matrixlib/tests/test_masked_matrix.py
copying file /Users/calum/Developer/Excelerator/env/lib/python3.11/site-packages/numpy/matrixlib/tests/test_multiarray.py -> /Users/calum/Developer/Excelerator/dist/Excelerate.app/Contents/Resources/lib/python3.11/numpy/matrixlib/tests/test_multiarray.py
copying file /Users/calum/Developer/Excelerator/env/lib/python3.11/site-packages/numpy/matrixlib/tests/test_regression.py -> /Users/calum/Developer/Excelerator/dist/Excelerate.app/Contents/Resources/lib/python3.11/numpy/matrixlib/tests/test_regression.py
copying file /Users/calum/Developer/Excelerator/env/lib/python3.11/site-packages/numpy/matrixlib/__init__.py -> /Users/calum/Developer/Excelerator/dist/Excelerate.app/Contents/Resources/lib/python3.11/numpy/matrixlib/__init__.py
creating /Users/calum/Developer/Excelerator/dist/Excelerate.app/Contents/Resources/lib/python3.11/numpy/matrixlib/__pycache__
copying file /Users/calum/Developer/Excelerator/env/lib/python3.11/site-packages/numpy/matrixlib/__pycache__/setup.cpython-311.pyc -> /Users/calum/Developer/Excelerator/dist/Excelerate.app/Contents/Resources/lib/python3.11/numpy/matrixlib/__pycache__/setup.cpython-311.pyc
copying file /Users/calum/Developer/Excelerator/env/lib/python3.11/site-packages/numpy/matrixlib/__pycache__/defmatrix.cpython-311.pyc -> /Users/calum/Developer/Excelerator/dist/Excelerate.app/Contents/Resources/lib/python3.11/numpy/matrixlib/__pycache__/defmatrix.cpython-311.pyc
copying file /Users/calum/Developer/Excelerator/env/lib/python3.11/site-packages/numpy/matrixlib/__pycache__/__init__.cpython-311.pyc -> /Users/calum/Developer/Excelerator/dist/Excelerate.app/Contents/Resources/lib/python3.11/numpy/matrixlib/__pycache__/__init__.cpython-311.pyc
copying file /Users/calum/Developer/Excelerator/env/lib/python3.11/site-packages/numpy/matrixlib/setup.py -> /Users/calum/Developer/Excelerator/dist/Excelerate.app/Contents/Resources/lib/python3.11/numpy/matrixlib/setup.py
copying file /Users/calum/Developer/Excelerator/env/lib/python3.11/site-packages/numpy/matrixlib/defmatrix.pyi -> /Users/calum/Developer/Excelerator/dist/Excelerate.app/Contents/Resources/lib/python3.11/numpy/matrixlib/defmatrix.pyi
copying file /Users/calum/Developer/Excelerator/env/lib/python3.11/site-packages/numpy/matrixlib/defmatrix.py -> /Users/calum/Developer/Excelerator/dist/Excelerate.app/Contents/Resources/lib/python3.11/numpy/matrixlib/defmatrix.py
creating /Users/calum/Developer/Excelerator/dist/Excelerate.app/Contents/Resources/lib/python3.11/numpy/polynomial
copying file /Users/calum/Developer/Excelerator/env/lib/python3.11/site-packages/numpy/polynomial/laguerre.py -> /Users/calum/Developer/Excelerator/dist/Excelerate.app/Contents/Resources/lib/python3.11/numpy/polynomial/laguerre.py
copying file /Users/calum/Developer/Excelerator/env/lib/python3.11/site-packages/numpy/polynomial/_polybase.py -> /Users/calum/Developer/Excelerator/dist/Excelerate.app/Contents/Resources/lib/python3.11/numpy/polynomial/_polybase.py
copying file /Users/calum/Developer/Excelerator/env/lib/python3.11/site-packages/numpy/polynomial/__init__.pyi -> /Users/calum/Developer/Excelerator/dist/Excelerate.app/Contents/Resources/lib/python3.11/numpy/polynomial/__init__.pyi
copying file /Users/calum/Developer/Excelerator/env/lib/python3.11/site-packages/numpy/polynomial/polyutils.py -> /Users/calum/Developer/Excelerator/dist/Excelerate.app/Contents/Resources/lib/python3.11/numpy/polynomial/polyutils.py
copying file /Users/calum/Developer/Excelerator/env/lib/python3.11/site-packages/numpy/polynomial/hermite.pyi -> /Users/calum/Developer/Excelerator/dist/Excelerate.app/Contents/Resources/lib/python3.11/numpy/polynomial/hermite.pyi
creating /Users/calum/Developer/Excelerator/dist/Excelerate.app/Contents/Resources/lib/python3.11/numpy/polynomial/tests
copying file /Users/calum/Developer/Excelerator/env/lib/python3.11/site-packages/numpy/polynomial/tests/test_chebyshev.py -> /Users/calum/Developer/Excelerator/dist/Excelerate.app/Contents/Resources/lib/python3.11/numpy/polynomial/tests/test_chebyshev.py
copying file /Users/calum/Developer/Excelerator/env/lib/python3.11/site-packages/numpy/polynomial/tests/test_hermite_e.py -> /Users/calum/Developer/Excelerator/dist/Excelerate.app/Contents/Resources/lib/python3.11/numpy/polynomial/tests/test_hermite_e.py
copying file /Users/calum/Developer/Excelerator/env/lib/python3.11/site-packages/numpy/polynomial/tests/test_polynomial.py -> /Users/calum/Developer/Excelerator/dist/Excelerate.app/Contents/Resources/lib/python3.11/numpy/polynomial/tests/test_polynomial.py
copying file /Users/calum/Developer/Excelerator/env/lib/python3.11/site-packages/numpy/polynomial/tests/__init__.py -> /Users/calum/Developer/Excelerator/dist/Excelerate.app/Contents/Resources/lib/python3.11/numpy/polynomial/tests/__init__.py
copying file /Users/calum/Developer/Excelerator/env/lib/python3.11/site-packages/numpy/polynomial/tests/test_laguerre.py -> /Users/calum/Developer/Excelerator/dist/Excelerate.app/Contents/Resources/lib/python3.11/numpy/polynomial/tests/test_laguerre.py
creating /Users/calum/Developer/Excelerator/dist/Excelerate.app/Contents/Resources/lib/python3.11/numpy/polynomial/tests/__pycache__
copying file /Users/calum/Developer/Excelerator/env/lib/python3.11/site-packages/numpy/polynomial/tests/__pycache__/test_symbol.cpython-311.pyc -> /Users/calum/Developer/Excelerator/dist/Excelerate.app/Contents/Resources/lib/python3.11/numpy/polynomial/tests/__pycache__/test_symbol.cpython-311.pyc
copying file /Users/calum/Developer/Excelerator/env/lib/python3.11/site-packages/numpy/polynomial/tests/__pycache__/test_legendre.cpython-311.pyc -> /Users/calum/Developer/Excelerator/dist/Excelerate.app/Contents/Resources/lib/python3.11/numpy/polynomial/tests/__pycache__/test_legendre.cpython-311.pyc
copying file /Users/calum/Developer/Excelerator/env/lib/python3.11/site-packages/numpy/polynomial/tests/__pycache__/test_chebyshev.cpython-311.pyc -> /Users/calum/Developer/Excelerator/dist/Excelerate.app/Contents/Resources/lib/python3.11/numpy/polynomial/tests/__pycache__/test_chebyshev.cpython-311.pyc
copying file /Users/calum/Developer/Excelerator/env/lib/python3.11/site-packages/numpy/polynomial/tests/__pycache__/test_printing.cpython-311.pyc -> /Users/calum/Developer/Excelerator/dist/Excelerate.app/Contents/Resources/lib/python3.11/numpy/polynomial/tests/__pycache__/test_printing.cpython-311.pyc
copying file /Users/calum/Developer/Excelerator/env/lib/python3.11/site-packages/numpy/polynomial/tests/__pycache__/test_polyutils.cpython-311.pyc -> /Users/calum/Developer/Excelerator/dist/Excelerate.app/Contents/Resources/lib/python3.11/numpy/polynomial/tests/__pycache__/test_polyutils.cpython-311.pyc
copying file /Users/calum/Developer/Excelerator/env/lib/python3.11/site-packages/numpy/polynomial/tests/__pycache__/test_hermite.cpython-311.pyc -> /Users/calum/Developer/Excelerator/dist/Excelerate.app/Contents/Resources/lib/python3.11/numpy/polynomial/tests/__pycache__/test_hermite.cpython-311.pyc
copying file /Users/calum/Developer/Excelerator/env/lib/python3.11/site-packages/numpy/polynomial/tests/__pycache__/test_hermite_e.cpython-311.pyc -> /Users/calum/Developer/Excelerator/dist/Excelerate.app/Contents/Resources/lib/python3.11/numpy/polynomial/tests/__pycache__/test_hermite_e.cpython-311.pyc
copying file /Users/calum/Developer/Excelerator/env/lib/python3.11/site-packages/numpy/polynomial/tests/__pycache__/test_classes.cpython-311.pyc -> /Users/calum/Developer/Excelerator/dist/Excelerate.app/Contents/Resources/lib/python3.11/numpy/polynomial/tests/__pycache__/test_classes.cpython-311.pyc
copying file /Users/calum/Developer/Excelerator/env/lib/python3.11/site-packages/numpy/polynomial/tests/__pycache__/test_polynomial.cpython-311.pyc -> /Users/calum/Developer/Excelerator/dist/Excelerate.app/Contents/Resources/lib/python3.11/numpy/polynomial/tests/__pycache__/test_polynomial.cpython-311.pyc
copying file /Users/calum/Developer/Excelerator/env/lib/python3.11/site-packages/numpy/polynomial/tests/__pycache__/test_laguerre.cpython-311.pyc -> /Users/calum/Developer/Excelerator/dist/Excelerate.app/Contents/Resources/lib/python3.11/numpy/polynomial/tests/__pycache__/test_laguerre.cpython-311.pyc
copying file /Users/calum/Developer/Excelerator/env/lib/python3.11/site-packages/numpy/polynomial/tests/__pycache__/__init__.cpython-311.pyc -> /Users/calum/Developer/Excelerator/dist/Excelerate.app/Contents/Resources/lib/python3.11/numpy/polynomial/tests/__pycache__/__init__.cpython-311.pyc
copying file /Users/calum/Developer/Excelerator/env/lib/python3.11/site-packages/numpy/polynomial/tests/test_legendre.py -> /Users/calum/Developer/Excelerator/dist/Excelerate.app/Contents/Resources/lib/python3.11/numpy/polynomial/tests/test_legendre.py
copying file /Users/calum/Developer/Excelerator/env/lib/python3.11/site-packages/numpy/polynomial/tests/test_printing.py -> /Users/calum/Developer/Excelerator/dist/Excelerate.app/Contents/Resources/lib/python3.11/numpy/polynomial/tests/test_printing.py
copying file /Users/calum/Developer/Excelerator/env/lib/python3.11/site-packages/numpy/polynomial/tests/test_hermite.py -> /Users/calum/Developer/Excelerator/dist/Excelerate.app/Contents/Resources/lib/python3.11/numpy/polynomial/tests/test_hermite.py
copying file /Users/calum/Developer/Excelerator/env/lib/python3.11/site-packages/numpy/polynomial/tests/test_classes.py -> /Users/calum/Developer/Excelerator/dist/Excelerate.app/Contents/Resources/lib/python3.11/numpy/polynomial/tests/test_classes.py
copying file /Users/calum/Developer/Excelerator/env/lib/python3.11/site-packages/numpy/polynomial/tests/test_symbol.py -> /Users/calum/Developer/Excelerator/dist/Excelerate.app/Contents/Resources/lib/python3.11/numpy/polynomial/tests/test_symbol.py
copying file /Users/calum/Developer/Excelerator/env/lib/python3.11/site-packages/numpy/polynomial/tests/test_polyutils.py -> /Users/calum/Developer/Excelerator/dist/Excelerate.app/Contents/Resources/lib/python3.11/numpy/polynomial/tests/test_polyutils.py
copying file /Users/calum/Developer/Excelerator/env/lib/python3.11/site-packages/numpy/polynomial/__init__.py -> /Users/calum/Developer/Excelerator/dist/Excelerate.app/Contents/Resources/lib/python3.11/numpy/polynomial/__init__.py
creating /Users/calum/Developer/Excelerator/dist/Excelerate.app/Contents/Resources/lib/python3.11/numpy/polynomial/__pycache__
copying file /Users/calum/Developer/Excelerator/env/lib/python3.11/site-packages/numpy/polynomial/__pycache__/hermite.cpython-311.pyc -> /Users/calum/Developer/Excelerator/dist/Excelerate.app/Contents/Resources/lib/python3.11/numpy/polynomial/__pycache__/hermite.cpython-311.pyc
copying file /Users/calum/Developer/Excelerator/env/lib/python3.11/site-packages/numpy/polynomial/__pycache__/hermite_e.cpython-311.pyc -> /Users/calum/Developer/Excelerator/dist/Excelerate.app/Contents/Resources/lib/python3.11/numpy/polynomial/__pycache__/hermite_e.cpython-311.pyc
copying file /Users/calum/Developer/Excelerator/env/lib/python3.11/site-packages/numpy/polynomial/__pycache__/laguerre.cpython-311.pyc -> /Users/calum/Developer/Excelerator/dist/Excelerate.app/Contents/Resources/lib/python3.11/numpy/polynomial/__pycache__/laguerre.cpython-311.pyc
copying file /Users/calum/Developer/Excelerator/env/lib/python3.11/site-packages/numpy/polynomial/__pycache__/polyutils.cpython-311.pyc -> /Users/calum/Developer/Excelerator/dist/Excelerate.app/Contents/Resources/lib/python3.11/numpy/polynomial/__pycache__/polyutils.cpython-311.pyc
copying file /Users/calum/Developer/Excelerator/env/lib/python3.11/site-packages/numpy/polynomial/__pycache__/_polybase.cpython-311.pyc -> /Users/calum/Developer/Excelerator/dist/Excelerate.app/Contents/Resources/lib/python3.11/numpy/polynomial/__pycache__/_polybase.cpython-311.pyc
copying file /Users/calum/Developer/Excelerator/env/lib/python3.11/site-packages/numpy/polynomial/__pycache__/setup.cpython-311.pyc -> /Users/calum/Developer/Excelerator/dist/Excelerate.app/Contents/Resources/lib/python3.11/numpy/polynomial/__pycache__/setup.cpython-311.pyc
copying file /Users/calum/Developer/Excelerator/env/lib/python3.11/site-packages/numpy/polynomial/__pycache__/polynomial.cpython-311.pyc -> /Users/calum/Developer/Excelerator/dist/Excelerate.app/Contents/Resources/lib/python3.11/numpy/polynomial/__pycache__/polynomial.cpython-311.pyc
copying file /Users/calum/Developer/Excelerator/env/lib/python3.11/site-packages/numpy/polynomial/__pycache__/legendre.cpython-311.pyc -> /Users/calum/Developer/Excelerator/dist/Excelerate.app/Contents/Resources/lib/python3.11/numpy/polynomial/__pycache__/legendre.cpython-311.pyc
copying file /Users/calum/Developer/Excelerator/env/lib/python3.11/site-packages/numpy/polynomial/__pycache__/chebyshev.cpython-311.pyc -> /Users/calum/Developer/Excelerator/dist/Excelerate.app/Contents/Resources/lib/python3.11/numpy/polynomial/__pycache__/chebyshev.cpython-311.pyc
copying file /Users/calum/Developer/Excelerator/env/lib/python3.11/site-packages/numpy/polynomial/__pycache__/__init__.cpython-311.pyc -> /Users/calum/Developer/Excelerator/dist/Excelerate.app/Contents/Resources/lib/python3.11/numpy/polynomial/__pycache__/__init__.cpython-311.pyc
copying file /Users/calum/Developer/Excelerator/env/lib/python3.11/site-packages/numpy/polynomial/polyutils.pyi -> /Users/calum/Developer/Excelerator/dist/Excelerate.app/Contents/Resources/lib/python3.11/numpy/polynomial/polyutils.pyi
copying file /Users/calum/Developer/Excelerator/env/lib/python3.11/site-packages/numpy/polynomial/chebyshev.pyi -> /Users/calum/Developer/Excelerator/dist/Excelerate.app/Contents/Resources/lib/python3.11/numpy/polynomial/chebyshev.pyi
copying file /Users/calum/Developer/Excelerator/env/lib/python3.11/site-packages/numpy/polynomial/setup.py -> /Users/calum/Developer/Excelerator/dist/Excelerate.app/Contents/Resources/lib/python3.11/numpy/polynomial/setup.py
copying file /Users/calum/Developer/Excelerator/env/lib/python3.11/site-packages/numpy/polynomial/laguerre.pyi -> /Users/calum/Developer/Excelerator/dist/Excelerate.app/Contents/Resources/lib/python3.11/numpy/polynomial/laguerre.pyi
copying file /Users/calum/Developer/Excelerator/env/lib/python3.11/site-packages/numpy/polynomial/polynomial.pyi -> /Users/calum/Developer/Excelerator/dist/Excelerate.app/Contents/Resources/lib/python3.11/numpy/polynomial/polynomial.pyi
copying file /Users/calum/Developer/Excelerator/env/lib/python3.11/site-packages/numpy/polynomial/_polybase.pyi -> /Users/calum/Developer/Excelerator/dist/Excelerate.app/Contents/Resources/lib/python3.11/numpy/polynomial/_polybase.pyi
copying file /Users/calum/Developer/Excelerator/env/lib/python3.11/site-packages/numpy/polynomial/hermite_e.pyi -> /Users/calum/Developer/Excelerator/dist/Excelerate.app/Contents/Resources/lib/python3.11/numpy/polynomial/hermite_e.pyi
copying file /Users/calum/Developer/Excelerator/env/lib/python3.11/site-packages/numpy/polynomial/legendre.pyi -> /Users/calum/Developer/Excelerator/dist/Excelerate.app/Contents/Resources/lib/python3.11/numpy/polynomial/legendre.pyi
copying file /Users/calum/Developer/Excelerator/env/lib/python3.11/site-packages/numpy/polynomial/hermite_e.py -> /Users/calum/Developer/Excelerator/dist/Excelerate.app/Contents/Resources/lib/python3.11/numpy/polynomial/hermite_e.py
copying file /Users/calum/Developer/Excelerator/env/lib/python3.11/site-packages/numpy/polynomial/chebyshev.py -> /Users/calum/Developer/Excelerator/dist/Excelerate.app/Contents/Resources/lib/python3.11/numpy/polynomial/chebyshev.py
copying file /Users/calum/Developer/Excelerator/env/lib/python3.11/site-packages/numpy/polynomial/polynomial.py -> /Users/calum/Developer/Excelerator/dist/Excelerate.app/Contents/Resources/lib/python3.11/numpy/polynomial/polynomial.py
copying file /Users/calum/Developer/Excelerator/env/lib/python3.11/site-packages/numpy/polynomial/legendre.py -> /Users/calum/Developer/Excelerator/dist/Excelerate.app/Contents/Resources/lib/python3.11/numpy/polynomial/legendre.py
copying file /Users/calum/Developer/Excelerator/env/lib/python3.11/site-packages/numpy/polynomial/hermite.py -> /Users/calum/Developer/Excelerator/dist/Excelerate.app/Contents/Resources/lib/python3.11/numpy/polynomial/hermite.py
creating /Users/calum/Developer/Excelerator/dist/Excelerate.app/Contents/Resources/lib/python3.11/ui
copying file ui/dashboard_ui.py -> /Users/calum/Developer/Excelerator/dist/Excelerate.app/Contents/Resources/lib/python3.11/ui/dashboard_ui.py
copying file ui/__init__.py -> /Users/calum/Developer/Excelerator/dist/Excelerate.app/Contents/Resources/lib/python3.11/ui/__init__.py
creating /Users/calum/Developer/Excelerator/dist/Excelerate.app/Contents/Resources/lib/python3.11/ui/__pycache__
copying file ui/__pycache__/login_ui.cpython-311.pyc -> /Users/calum/Developer/Excelerator/dist/Excelerate.app/Contents/Resources/lib/python3.11/ui/__pycache__/login_ui.cpython-311.pyc
copying file ui/__pycache__/authenticate_ui.cpython-311.pyc -> /Users/calum/Developer/Excelerator/dist/Excelerate.app/Contents/Resources/lib/python3.11/ui/__pycache__/authenticate_ui.cpython-311.pyc
copying file ui/__pycache__/workbook_ui.cpython-311.pyc -> /Users/calum/Developer/Excelerator/dist/Excelerate.app/Contents/Resources/lib/python3.11/ui/__pycache__/workbook_ui.cpython-311.pyc
copying file ui/__pycache__/dashboard_ui.cpython-311.pyc -> /Users/calum/Developer/Excelerator/dist/Excelerate.app/Contents/Resources/lib/python3.11/ui/__pycache__/dashboard_ui.cpython-311.pyc
copying file ui/__pycache__/__init__.cpython-311.pyc -> /Users/calum/Developer/Excelerator/dist/Excelerate.app/Contents/Resources/lib/python3.11/ui/__pycache__/__init__.cpython-311.pyc
copying file ui/ExcelerateLogo.png -> /Users/calum/Developer/Excelerator/dist/Excelerate.app/Contents/Resources/lib/python3.11/ui/ExcelerateLogo.png
copying file ui/authenticate_ui.py -> /Users/calum/Developer/Excelerator/dist/Excelerate.app/Contents/Resources/lib/python3.11/ui/authenticate_ui.py
copying file /Users/calum/.pyenv/versions/3.11.1/lib/python3.11/lib-dynload/_asyncio.cpython-311-darwin.so -> /Users/calum/Developer/Excelerator/dist/Excelerate.app/Contents/Resources/lib/python3.11/lib-dynload/_asyncio.so
copying file /Users/calum/.pyenv/versions/3.11.1/lib/python3.11/lib-dynload/_bisect.cpython-311-darwin.so -> /Users/calum/Developer/Excelerator/dist/Excelerate.app/Contents/Resources/lib/python3.11/lib-dynload/_bisect.so
copying file /Users/calum/.pyenv/versions/3.11.1/lib/python3.11/lib-dynload/_blake2.cpython-311-darwin.so -> /Users/calum/Developer/Excelerator/dist/Excelerate.app/Contents/Resources/lib/python3.11/lib-dynload/_blake2.so
copying file /Users/calum/.pyenv/versions/3.11.1/lib/python3.11/lib-dynload/_bz2.cpython-311-darwin.so -> /Users/calum/Developer/Excelerator/dist/Excelerate.app/Contents/Resources/lib/python3.11/lib-dynload/_bz2.so
copying file /Users/calum/.pyenv/versions/3.11.1/lib/python3.11/lib-dynload/_codecs_cn.cpython-311-darwin.so -> /Users/calum/Developer/Excelerator/dist/Excelerate.app/Contents/Resources/lib/python3.11/lib-dynload/_codecs_cn.so
copying file /Users/calum/.pyenv/versions/3.11.1/lib/python3.11/lib-dynload/_codecs_hk.cpython-311-darwin.so -> /Users/calum/Developer/Excelerator/dist/Excelerate.app/Contents/Resources/lib/python3.11/lib-dynload/_codecs_hk.so
copying file /Users/calum/.pyenv/versions/3.11.1/lib/python3.11/lib-dynload/_codecs_iso2022.cpython-311-darwin.so -> /Users/calum/Developer/Excelerator/dist/Excelerate.app/Contents/Resources/lib/python3.11/lib-dynload/_codecs_iso2022.so
copying file /Users/calum/.pyenv/versions/3.11.1/lib/python3.11/lib-dynload/_codecs_jp.cpython-311-darwin.so -> /Users/calum/Developer/Excelerator/dist/Excelerate.app/Contents/Resources/lib/python3.11/lib-dynload/_codecs_jp.so
copying file /Users/calum/.pyenv/versions/3.11.1/lib/python3.11/lib-dynload/_codecs_kr.cpython-311-darwin.so -> /Users/calum/Developer/Excelerator/dist/Excelerate.app/Contents/Resources/lib/python3.11/lib-dynload/_codecs_kr.so
copying file /Users/calum/.pyenv/versions/3.11.1/lib/python3.11/lib-dynload/_codecs_tw.cpython-311-darwin.so -> /Users/calum/Developer/Excelerator/dist/Excelerate.app/Contents/Resources/lib/python3.11/lib-dynload/_codecs_tw.so
copying file /Users/calum/.pyenv/versions/3.11.1/lib/python3.11/lib-dynload/_contextvars.cpython-311-darwin.so -> /Users/calum/Developer/Excelerator/dist/Excelerate.app/Contents/Resources/lib/python3.11/lib-dynload/_contextvars.so
copying file /Users/calum/.pyenv/versions/3.11.1/lib/python3.11/lib-dynload/_csv.cpython-311-darwin.so -> /Users/calum/Developer/Excelerator/dist/Excelerate.app/Contents/Resources/lib/python3.11/lib-dynload/_csv.so
copying file /Users/calum/.pyenv/versions/3.11.1/lib/python3.11/lib-dynload/_ctypes.cpython-311-darwin.so -> /Users/calum/Developer/Excelerator/dist/Excelerate.app/Contents/Resources/lib/python3.11/lib-dynload/_ctypes.so
copying file /Users/calum/.pyenv/versions/3.11.1/lib/python3.11/lib-dynload/_curses.cpython-311-darwin.so -> /Users/calum/Developer/Excelerator/dist/Excelerate.app/Contents/Resources/lib/python3.11/lib-dynload/_curses.so
copying file /Users/calum/.pyenv/versions/3.11.1/lib/python3.11/lib-dynload/_datetime.cpython-311-darwin.so -> /Users/calum/Developer/Excelerator/dist/Excelerate.app/Contents/Resources/lib/python3.11/lib-dynload/_datetime.so
copying file /Users/calum/.pyenv/versions/3.11.1/lib/python3.11/lib-dynload/_dbm.cpython-311-darwin.so -> /Users/calum/Developer/Excelerator/dist/Excelerate.app/Contents/Resources/lib/python3.11/lib-dynload/_dbm.so
copying file /Users/calum/.pyenv/versions/3.11.1/lib/python3.11/lib-dynload/_decimal.cpython-311-darwin.so -> /Users/calum/Developer/Excelerator/dist/Excelerate.app/Contents/Resources/lib/python3.11/lib-dynload/_decimal.so
copying file /Users/calum/.pyenv/versions/3.11.1/lib/python3.11/lib-dynload/_elementtree.cpython-311-darwin.so -> /Users/calum/Developer/Excelerator/dist/Excelerate.app/Contents/Resources/lib/python3.11/lib-dynload/_elementtree.so
copying file /Users/calum/.pyenv/versions/3.11.1/lib/python3.11/lib-dynload/_hashlib.cpython-311-darwin.so -> /Users/calum/Developer/Excelerator/dist/Excelerate.app/Contents/Resources/lib/python3.11/lib-dynload/_hashlib.so
copying file /Users/calum/.pyenv/versions/3.11.1/lib/python3.11/lib-dynload/_heapq.cpython-311-darwin.so -> /Users/calum/Developer/Excelerator/dist/Excelerate.app/Contents/Resources/lib/python3.11/lib-dynload/_heapq.so
copying file /Users/calum/.pyenv/versions/3.11.1/lib/python3.11/lib-dynload/_json.cpython-311-darwin.so -> /Users/calum/Developer/Excelerator/dist/Excelerate.app/Contents/Resources/lib/python3.11/lib-dynload/_json.so
copying file /Users/calum/.pyenv/versions/3.11.1/lib/python3.11/lib-dynload/_lzma.cpython-311-darwin.so -> /Users/calum/Developer/Excelerator/dist/Excelerate.app/Contents/Resources/lib/python3.11/lib-dynload/_lzma.so
copying file /Users/calum/.pyenv/versions/3.11.1/lib/python3.11/lib-dynload/_md5.cpython-311-darwin.so -> /Users/calum/Developer/Excelerator/dist/Excelerate.app/Contents/Resources/lib/python3.11/lib-dynload/_md5.so
copying file /Users/calum/.pyenv/versions/3.11.1/lib/python3.11/lib-dynload/_multibytecodec.cpython-311-darwin.so -> /Users/calum/Developer/Excelerator/dist/Excelerate.app/Contents/Resources/lib/python3.11/lib-dynload/_multibytecodec.so
copying file /Users/calum/.pyenv/versions/3.11.1/lib/python3.11/lib-dynload/_multiprocessing.cpython-311-darwin.so -> /Users/calum/Developer/Excelerator/dist/Excelerate.app/Contents/Resources/lib/python3.11/lib-dynload/_multiprocessing.so
copying file /Users/calum/.pyenv/versions/3.11.1/lib/python3.11/lib-dynload/_opcode.cpython-311-darwin.so -> /Users/calum/Developer/Excelerator/dist/Excelerate.app/Contents/Resources/lib/python3.11/lib-dynload/_opcode.so
copying file /Users/calum/.pyenv/versions/3.11.1/lib/python3.11/lib-dynload/_pickle.cpython-311-darwin.so -> /Users/calum/Developer/Excelerator/dist/Excelerate.app/Contents/Resources/lib/python3.11/lib-dynload/_pickle.so
copying file /Users/calum/.pyenv/versions/3.11.1/lib/python3.11/lib-dynload/_posixshmem.cpython-311-darwin.so -> /Users/calum/Developer/Excelerator/dist/Excelerate.app/Contents/Resources/lib/python3.11/lib-dynload/_posixshmem.so
copying file /Users/calum/.pyenv/versions/3.11.1/lib/python3.11/lib-dynload/_posixsubprocess.cpython-311-darwin.so -> /Users/calum/Developer/Excelerator/dist/Excelerate.app/Contents/Resources/lib/python3.11/lib-dynload/_posixsubprocess.so
copying file /Users/calum/.pyenv/versions/3.11.1/lib/python3.11/lib-dynload/_queue.cpython-311-darwin.so -> /Users/calum/Developer/Excelerator/dist/Excelerate.app/Contents/Resources/lib/python3.11/lib-dynload/_queue.so
copying file /Users/calum/.pyenv/versions/3.11.1/lib/python3.11/lib-dynload/_random.cpython-311-darwin.so -> /Users/calum/Developer/Excelerator/dist/Excelerate.app/Contents/Resources/lib/python3.11/lib-dynload/_random.so
copying file /Users/calum/.pyenv/versions/3.11.1/lib/python3.11/lib-dynload/_scproxy.cpython-311-darwin.so -> /Users/calum/Developer/Excelerator/dist/Excelerate.app/Contents/Resources/lib/python3.11/lib-dynload/_scproxy.so
copying file /Users/calum/.pyenv/versions/3.11.1/lib/python3.11/lib-dynload/_sha1.cpython-311-darwin.so -> /Users/calum/Developer/Excelerator/dist/Excelerate.app/Contents/Resources/lib/python3.11/lib-dynload/_sha1.so
copying file /Users/calum/.pyenv/versions/3.11.1/lib/python3.11/lib-dynload/_sha256.cpython-311-darwin.so -> /Users/calum/Developer/Excelerator/dist/Excelerate.app/Contents/Resources/lib/python3.11/lib-dynload/_sha256.so
copying file /Users/calum/.pyenv/versions/3.11.1/lib/python3.11/lib-dynload/_sha3.cpython-311-darwin.so -> /Users/calum/Developer/Excelerator/dist/Excelerate.app/Contents/Resources/lib/python3.11/lib-dynload/_sha3.so
copying file /Users/calum/.pyenv/versions/3.11.1/lib/python3.11/lib-dynload/_sha512.cpython-311-darwin.so -> /Users/calum/Developer/Excelerator/dist/Excelerate.app/Contents/Resources/lib/python3.11/lib-dynload/_sha512.so
copying file /Users/calum/.pyenv/versions/3.11.1/lib/python3.11/lib-dynload/_socket.cpython-311-darwin.so -> /Users/calum/Developer/Excelerator/dist/Excelerate.app/Contents/Resources/lib/python3.11/lib-dynload/_socket.so
copying file /Users/calum/.pyenv/versions/3.11.1/lib/python3.11/lib-dynload/_sqlite3.cpython-311-darwin.so -> /Users/calum/Developer/Excelerator/dist/Excelerate.app/Contents/Resources/lib/python3.11/lib-dynload/_sqlite3.so
copying file /Users/calum/.pyenv/versions/3.11.1/lib/python3.11/lib-dynload/_ssl.cpython-311-darwin.so -> /Users/calum/Developer/Excelerator/dist/Excelerate.app/Contents/Resources/lib/python3.11/lib-dynload/_ssl.so
copying file /Users/calum/.pyenv/versions/3.11.1/lib/python3.11/lib-dynload/_statistics.cpython-311-darwin.so -> /Users/calum/Developer/Excelerator/dist/Excelerate.app/Contents/Resources/lib/python3.11/lib-dynload/_statistics.so
copying file /Users/calum/.pyenv/versions/3.11.1/lib/python3.11/lib-dynload/_struct.cpython-311-darwin.so -> /Users/calum/Developer/Excelerator/dist/Excelerate.app/Contents/Resources/lib/python3.11/lib-dynload/_struct.so
copying file /Users/calum/.pyenv/versions/3.11.1/lib/python3.11/lib-dynload/_testbuffer.cpython-311-darwin.so -> /Users/calum/Developer/Excelerator/dist/Excelerate.app/Contents/Resources/lib/python3.11/lib-dynload/_testbuffer.so
copying file /Users/calum/.pyenv/versions/3.11.1/lib/python3.11/lib-dynload/_testcapi.cpython-311-darwin.so -> /Users/calum/Developer/Excelerator/dist/Excelerate.app/Contents/Resources/lib/python3.11/lib-dynload/_testcapi.so
copying file /Users/calum/.pyenv/versions/3.11.1/lib/python3.11/lib-dynload/_testinternalcapi.cpython-311-darwin.so -> /Users/calum/Developer/Excelerator/dist/Excelerate.app/Contents/Resources/lib/python3.11/lib-dynload/_testinternalcapi.so
copying file /Users/calum/.pyenv/versions/3.11.1/lib/python3.11/lib-dynload/_tkinter.cpython-311-darwin.so -> /Users/calum/Developer/Excelerator/dist/Excelerate.app/Contents/Resources/lib/python3.11/lib-dynload/_tkinter.so
copying file /Users/calum/.pyenv/versions/3.11.1/lib/python3.11/lib-dynload/_typing.cpython-311-darwin.so -> /Users/calum/Developer/Excelerator/dist/Excelerate.app/Contents/Resources/lib/python3.11/lib-dynload/_typing.so
copying file /Users/calum/.pyenv/versions/3.11.1/lib/python3.11/lib-dynload/_uuid.cpython-311-darwin.so -> /Users/calum/Developer/Excelerator/dist/Excelerate.app/Contents/Resources/lib/python3.11/lib-dynload/_uuid.so
copying file /Users/calum/.pyenv/versions/3.11.1/lib/python3.11/lib-dynload/_zoneinfo.cpython-311-darwin.so -> /Users/calum/Developer/Excelerator/dist/Excelerate.app/Contents/Resources/lib/python3.11/lib-dynload/_zoneinfo.so
copying file /Users/calum/.pyenv/versions/3.11.1/lib/python3.11/lib-dynload/array.cpython-311-darwin.so -> /Users/calum/Developer/Excelerator/dist/Excelerate.app/Contents/Resources/lib/python3.11/lib-dynload/array.so
copying file /Users/calum/.pyenv/versions/3.11.1/lib/python3.11/lib-dynload/binascii.cpython-311-darwin.so -> /Users/calum/Developer/Excelerator/dist/Excelerate.app/Contents/Resources/lib/python3.11/lib-dynload/binascii.so
copying file /Users/calum/.pyenv/versions/3.11.1/lib/python3.11/lib-dynload/cmath.cpython-311-darwin.so -> /Users/calum/Developer/Excelerator/dist/Excelerate.app/Contents/Resources/lib/python3.11/lib-dynload/cmath.so
copying file /Users/calum/.pyenv/versions/3.11.1/lib/python3.11/lib-dynload/fcntl.cpython-311-darwin.so -> /Users/calum/Developer/Excelerator/dist/Excelerate.app/Contents/Resources/lib/python3.11/lib-dynload/fcntl.so
copying file /Users/calum/.pyenv/versions/3.11.1/lib/python3.11/lib-dynload/grp.cpython-311-darwin.so -> /Users/calum/Developer/Excelerator/dist/Excelerate.app/Contents/Resources/lib/python3.11/lib-dynload/grp.so
copying file /Users/calum/.pyenv/versions/3.11.1/lib/python3.11/lib-dynload/math.cpython-311-darwin.so -> /Users/calum/Developer/Excelerator/dist/Excelerate.app/Contents/Resources/lib/python3.11/lib-dynload/math.so
copying file /Users/calum/.pyenv/versions/3.11.1/lib/python3.11/lib-dynload/mmap.cpython-311-darwin.so -> /Users/calum/Developer/Excelerator/dist/Excelerate.app/Contents/Resources/lib/python3.11/lib-dynload/mmap.so
copying file /Users/calum/.pyenv/versions/3.11.1/lib/python3.11/lib-dynload/pyexpat.cpython-311-darwin.so -> /Users/calum/Developer/Excelerator/dist/Excelerate.app/Contents/Resources/lib/python3.11/lib-dynload/pyexpat.so
copying file /Users/calum/.pyenv/versions/3.11.1/lib/python3.11/lib-dynload/resource.cpython-311-darwin.so -> /Users/calum/Developer/Excelerator/dist/Excelerate.app/Contents/Resources/lib/python3.11/lib-dynload/resource.so
copying file /Users/calum/.pyenv/versions/3.11.1/lib/python3.11/lib-dynload/select.cpython-311-darwin.so -> /Users/calum/Developer/Excelerator/dist/Excelerate.app/Contents/Resources/lib/python3.11/lib-dynload/select.so
copying file /Users/calum/.pyenv/versions/3.11.1/lib/python3.11/lib-dynload/termios.cpython-311-darwin.so -> /Users/calum/Developer/Excelerator/dist/Excelerate.app/Contents/Resources/lib/python3.11/lib-dynload/termios.so
copying file /Users/calum/.pyenv/versions/3.11.1/lib/python3.11/lib-dynload/unicodedata.cpython-311-darwin.so -> /Users/calum/Developer/Excelerator/dist/Excelerate.app/Contents/Resources/lib/python3.11/lib-dynload/unicodedata.so
copying file /Users/calum/.pyenv/versions/3.11.1/lib/python3.11/lib-dynload/zlib.cpython-311-darwin.so -> /Users/calum/Developer/Excelerator/dist/Excelerate.app/Contents/Resources/lib/python3.11/lib-dynload/zlib.so
creating /Users/calum/Developer/Excelerator/dist/Excelerate.app/Contents/Resources/lib/python3.11/lib-dynload/PIL
copying file /Users/calum/Developer/Excelerator/env/lib/python3.11/site-packages/PIL/_imaging.cpython-311-darwin.so -> /Users/calum/Developer/Excelerator/dist/Excelerate.app/Contents/Resources/lib/python3.11/lib-dynload/PIL/_imaging.so
copying file /Users/calum/Developer/Excelerator/env/lib/python3.11/site-packages/PIL/.dylibs/libtiff.6.dylib -> /Users/calum/Developer/Excelerator/dist/Excelerate.app/Contents/Resources/lib/python3.11/lib-dynload/PIL/.dylibs/libtiff.6.dylib
copying file /Users/calum/Developer/Excelerator/env/lib/python3.11/site-packages/PIL/.dylibs/libjpeg.62.4.0.dylib -> /Users/calum/Developer/Excelerator/dist/Excelerate.app/Contents/Resources/lib/python3.11/lib-dynload/PIL/.dylibs/libjpeg.62.4.0.dylib
copying file /Users/calum/Developer/Excelerator/env/lib/python3.11/site-packages/PIL/.dylibs/libopenjp2.2.5.2.dylib -> /Users/calum/Developer/Excelerator/dist/Excelerate.app/Contents/Resources/lib/python3.11/lib-dynload/PIL/.dylibs/libopenjp2.2.5.2.dylib
copying file /Users/calum/Developer/Excelerator/env/lib/python3.11/site-packages/PIL/.dylibs/libz.1.3.1.dylib -> /Users/calum/Developer/Excelerator/dist/Excelerate.app/Contents/Resources/lib/python3.11/lib-dynload/PIL/.dylibs/libz.1.3.1.dylib
copying file /Users/calum/Developer/Excelerator/env/lib/python3.11/site-packages/PIL/.dylibs/libxcb.1.dylib -> /Users/calum/Developer/Excelerator/dist/Excelerate.app/Contents/Resources/lib/python3.11/lib-dynload/PIL/.dylibs/libxcb.1.dylib
copying file /Users/calum/Developer/Excelerator/env/lib/python3.11/site-packages/PIL/.dylibs/liblzma.5.dylib -> /Users/calum/Developer/Excelerator/dist/Excelerate.app/Contents/Resources/lib/python3.11/lib-dynload/PIL/.dylibs/liblzma.5.dylib
copying file /Users/calum/Developer/Excelerator/env/lib/python3.11/site-packages/PIL/.dylibs/libXau.6.0.0.dylib -> /Users/calum/Developer/Excelerator/dist/Excelerate.app/Contents/Resources/lib/python3.11/lib-dynload/PIL/.dylibs/libXau.6.0.0.dylib
copying file /Users/calum/Developer/Excelerator/env/lib/python3.11/site-packages/PIL/_imagingcms.cpython-311-darwin.so -> /Users/calum/Developer/Excelerator/dist/Excelerate.app/Contents/Resources/lib/python3.11/lib-dynload/PIL/_imagingcms.so
copying file /Users/calum/Developer/Excelerator/env/lib/python3.11/site-packages/PIL/.dylibs/liblcms2.2.dylib -> /Users/calum/Developer/Excelerator/dist/Excelerate.app/Contents/Resources/lib/python3.11/lib-dynload/PIL/.dylibs/liblcms2.2.dylib
copying file /Users/calum/Developer/Excelerator/env/lib/python3.11/site-packages/PIL/_imagingmath.cpython-311-darwin.so -> /Users/calum/Developer/Excelerator/dist/Excelerate.app/Contents/Resources/lib/python3.11/lib-dynload/PIL/_imagingmath.so
copying file /Users/calum/Developer/Excelerator/env/lib/python3.11/site-packages/PIL/_imagingtk.cpython-311-darwin.so -> /Users/calum/Developer/Excelerator/dist/Excelerate.app/Contents/Resources/lib/python3.11/lib-dynload/PIL/_imagingtk.so
copying file /Users/calum/Developer/Excelerator/env/lib/python3.11/site-packages/_cffi_backend.cpython-311-darwin.so -> /Users/calum/Developer/Excelerator/dist/Excelerate.app/Contents/Resources/lib/python3.11/lib-dynload/_cffi_backend.so
creating /Users/calum/Developer/Excelerator/dist/Excelerate.app/Contents/Resources/lib/python3.11/lib-dynload/charset_normalizer
copying file /Users/calum/Developer/Excelerator/env/lib/python3.11/site-packages/charset_normalizer/md.cpython-311-darwin.so -> /Users/calum/Developer/Excelerator/dist/Excelerate.app/Contents/Resources/lib/python3.11/lib-dynload/charset_normalizer/md.so
creating /Users/calum/Developer/Excelerator/dist/Excelerate.app/Contents/Resources/lib/python3.11/lib-dynload/cryptography
creating /Users/calum/Developer/Excelerator/dist/Excelerate.app/Contents/Resources/lib/python3.11/lib-dynload/cryptography/hazmat
creating /Users/calum/Developer/Excelerator/dist/Excelerate.app/Contents/Resources/lib/python3.11/lib-dynload/cryptography/hazmat/bindings
copying file /Users/calum/Developer/Excelerator/env/lib/python3.11/site-packages/cryptography/hazmat/bindings/_rust.abi3.so -> /Users/calum/Developer/Excelerator/dist/Excelerate.app/Contents/Resources/lib/python3.11/lib-dynload/cryptography/hazmat/bindings/_rust.so
copying file /usr/bin/ptargrep5.30 -> /Users/calum/Developer/Excelerator/dist/Excelerate.app/Contents/Resources/lib/tcl8.6/usr/bin/ptargrep5.30
copying file /usr/bin/uux -> /Users/calum/Developer/Excelerator/dist/Excelerate.app/Contents/Resources/lib/tcl8.6/usr/bin/uux
copying file /usr/bin/cpan -> /Users/calum/Developer/Excelerator/dist/Excelerate.app/Contents/Resources/lib/tcl8.6/usr/bin/cpan
copying file /usr/bin/loads.d -> /Users/calum/Developer/Excelerator/dist/Excelerate.app/Contents/Resources/lib/tcl8.6/usr/bin/loads.d
copying file /usr/bin/htmltree5.30 -> /Users/calum/Developer/Excelerator/dist/Excelerate.app/Contents/Resources/lib/tcl8.6/usr/bin/htmltree5.30
copying file /usr/bin/write -> /Users/calum/Developer/Excelerator/dist/Excelerate.app/Contents/Resources/lib/tcl8.6/usr/bin/write
copying file /usr/bin/lwp-mirror5.30 -> /Users/calum/Developer/Excelerator/dist/Excelerate.app/Contents/Resources/lib/tcl8.6/usr/bin/lwp-mirror5.30
copying file /usr/bin/indent -> /Users/calum/Developer/Excelerator/dist/Excelerate.app/Contents/Resources/lib/tcl8.6/usr/bin/indent
copying file /usr/bin/bzip2recover -> /Users/calum/Developer/Excelerator/dist/Excelerate.app/Contents/Resources/lib/tcl8.6/usr/bin/bzip2recover
copying file /usr/bin/hdiutil -> /Users/calum/Developer/Excelerator/dist/Excelerate.app/Contents/Resources/lib/tcl8.6/usr/bin/hdiutil
copying file /usr/bin/top -> /Users/calum/Developer/Excelerator/dist/Excelerate.app/Contents/Resources/lib/tcl8.6/usr/bin/top
copying file /usr/bin/gktool -> /Users/calum/Developer/Excelerator/dist/Excelerate.app/Contents/Resources/lib/tcl8.6/usr/bin/gktool
copying file /usr/bin/javah -> /Users/calum/Developer/Excelerator/dist/Excelerate.app/Contents/Resources/lib/tcl8.6/usr/bin/javah
copying file /usr/bin/tee -> /Users/calum/Developer/Excelerator/dist/Excelerate.app/Contents/Resources/lib/tcl8.6/usr/bin/tee
copying file /usr/bin/tidy_changelog -> /Users/calum/Developer/Excelerator/dist/Excelerate.app/Contents/Resources/lib/tcl8.6/usr/bin/tidy_changelog
copying file /usr/bin/xip -> /Users/calum/Developer/Excelerator/dist/Excelerate.app/Contents/Resources/lib/tcl8.6/usr/bin/xip
copying file /usr/bin/yapp -> /Users/calum/Developer/Excelerator/dist/Excelerate.app/Contents/Resources/lib/tcl8.6/usr/bin/yapp
copying file /usr/bin/wsimport -> /Users/calum/Developer/Excelerator/dist/Excelerate.app/Contents/Resources/lib/tcl8.6/usr/bin/wsimport
copying file /usr/bin/bzfgrep -> /Users/calum/Developer/Excelerator/dist/Excelerate.app/Contents/Resources/lib/tcl8.6/usr/bin/bzfgrep
copying file /usr/bin/qlmanage -> /Users/calum/Developer/Excelerator/dist/Excelerate.app/Contents/Resources/lib/tcl8.6/usr/bin/qlmanage
copying file /usr/bin/snmptranslate -> /Users/calum/Developer/Excelerator/dist/Excelerate.app/Contents/Resources/lib/tcl8.6/usr/bin/snmptranslate
copying file /usr/bin/split -> /Users/calum/Developer/Excelerator/dist/Excelerate.app/Contents/Resources/lib/tcl8.6/usr/bin/split
copying file /usr/bin/chsh -> /Users/calum/Developer/Excelerator/dist/Excelerate.app/Contents/Resources/lib/tcl8.6/usr/bin/chsh
copying file /usr/bin/xml2man -> /Users/calum/Developer/Excelerator/dist/Excelerate.app/Contents/Resources/lib/tcl8.6/usr/bin/xml2man
copying file /usr/bin/pl2pm5.30 -> /Users/calum/Developer/Excelerator/dist/Excelerate.app/Contents/Resources/lib/tcl8.6/usr/bin/pl2pm5.30
copying file /usr/bin/man -> /Users/calum/Developer/Excelerator/dist/Excelerate.app/Contents/Resources/lib/tcl8.6/usr/bin/man
copying file /usr/bin/lpoptions -> /Users/calum/Developer/Excelerator/dist/Excelerate.app/Contents/Resources/lib/tcl8.6/usr/bin/lpoptions
copying file /usr/bin/tabs -> /Users/calum/Developer/Excelerator/dist/Excelerate.app/Contents/Resources/lib/tcl8.6/usr/bin/tabs
copying file /usr/bin/rview -> /Users/calum/Developer/Excelerator/dist/Excelerate.app/Contents/Resources/lib/tcl8.6/usr/bin/rview
copying file /usr/bin/lsvfs -> /Users/calum/Developer/Excelerator/dist/Excelerate.app/Contents/Resources/lib/tcl8.6/usr/bin/lsvfs
copying file /usr/bin/zgrep -> /Users/calum/Developer/Excelerator/dist/Excelerate.app/Contents/Resources/lib/tcl8.6/usr/bin/zgrep
copying file /usr/bin/dbiprof -> /Users/calum/Developer/Excelerator/dist/Excelerate.app/Contents/Resources/lib/tcl8.6/usr/bin/dbiprof
copying file /usr/bin/zmore -> /Users/calum/Developer/Excelerator/dist/Excelerate.app/Contents/Resources/lib/tcl8.6/usr/bin/zmore
copying file /usr/bin/pod2usage5.30 -> /Users/calum/Developer/Excelerator/dist/Excelerate.app/Contents/Resources/lib/tcl8.6/usr/bin/pod2usage5.30
copying file /usr/bin/gcov -> /Users/calum/Developer/Excelerator/dist/Excelerate.app/Contents/Resources/lib/tcl8.6/usr/bin/gcov
copying file /usr/bin/parldyn5.34 -> /Users/calum/Developer/Excelerator/dist/Excelerate.app/Contents/Resources/lib/tcl8.6/usr/bin/parldyn5.34
copying file /usr/bin/package-stash-conflicts5.30 -> /Users/calum/Developer/Excelerator/dist/Excelerate.app/Contents/Resources/lib/tcl8.6/usr/bin/package-stash-conflicts5.30
copying file /usr/bin/dbiprof5.30 -> /Users/calum/Developer/Excelerator/dist/Excelerate.app/Contents/Resources/lib/tcl8.6/usr/bin/dbiprof5.30
copying file /usr/bin/vim -> /Users/calum/Developer/Excelerator/dist/Excelerate.app/Contents/Resources/lib/tcl8.6/usr/bin/vim
copying file /usr/bin/mandoc_soelim -> /Users/calum/Developer/Excelerator/dist/Excelerate.app/Contents/Resources/lib/tcl8.6/usr/bin/mandoc_soelim
copying file /usr/bin/xjc -> /Users/calum/Developer/Excelerator/dist/Excelerate.app/Contents/Resources/lib/tcl8.6/usr/bin/xjc
copying file /usr/bin/bzmore -> /Users/calum/Developer/Excelerator/dist/Excelerate.app/Contents/Resources/lib/tcl8.6/usr/bin/bzmore
copying file /usr/bin/dyld_info -> /Users/calum/Developer/Excelerator/dist/Excelerate.app/Contents/Resources/lib/tcl8.6/usr/bin/dyld_info
copying file /usr/bin/package-stash-conflicts -> /Users/calum/Developer/Excelerator/dist/Excelerate.app/Contents/Resources/lib/tcl8.6/usr/bin/package-stash-conflicts
copying file /usr/bin/cancel -> /Users/calum/Developer/Excelerator/dist/Excelerate.app/Contents/Resources/lib/tcl8.6/usr/bin/cancel
copying file /usr/bin/apply -> /Users/calum/Developer/Excelerator/dist/Excelerate.app/Contents/Resources/lib/tcl8.6/usr/bin/apply
copying file /usr/bin/bzgrep -> /Users/calum/Developer/Excelerator/dist/Excelerate.app/Contents/Resources/lib/tcl8.6/usr/bin/bzgrep
copying file /usr/bin/umask -> /Users/calum/Developer/Excelerator/dist/Excelerate.app/Contents/Resources/lib/tcl8.6/usr/bin/umask
copying file /usr/bin/g++ -> /Users/calum/Developer/Excelerator/dist/Excelerate.app/Contents/Resources/lib/tcl8.6/usr/bin/g++
copying file /usr/bin/libtool -> /Users/calum/Developer/Excelerator/dist/Excelerate.app/Contents/Resources/lib/tcl8.6/usr/bin/libtool
copying file /usr/bin/findrule5.30 -> /Users/calum/Developer/Excelerator/dist/Excelerate.app/Contents/Resources/lib/tcl8.6/usr/bin/findrule5.30
copying file /usr/bin/ptar5.30 -> /Users/calum/Developer/Excelerator/dist/Excelerate.app/Contents/Resources/lib/tcl8.6/usr/bin/ptar5.30
copying file /usr/bin/unalias -> /Users/calum/Developer/Excelerator/dist/Excelerate.app/Contents/Resources/lib/tcl8.6/usr/bin/unalias
copying file /usr/bin/h2xs5.30 -> /Users/calum/Developer/Excelerator/dist/Excelerate.app/Contents/Resources/lib/tcl8.6/usr/bin/h2xs5.30
copying file /usr/bin/scandeps5.34.pl -> /Users/calum/Developer/Excelerator/dist/Excelerate.app/Contents/Resources/lib/tcl8.6/usr/bin/scandeps5.34.pl
copying file /usr/bin/mp2bug -> /Users/calum/Developer/Excelerator/dist/Excelerate.app/Contents/Resources/lib/tcl8.6/usr/bin/mp2bug
copying file /usr/bin/viewdiagnostic -> /Users/calum/Developer/Excelerator/dist/Excelerate.app/Contents/Resources/lib/tcl8.6/usr/bin/viewdiagnostic
copying file /usr/bin/mkfifo -> /Users/calum/Developer/Excelerator/dist/Excelerate.app/Contents/Resources/lib/tcl8.6/usr/bin/mkfifo
copying file /usr/bin/toe -> /Users/calum/Developer/Excelerator/dist/Excelerate.app/Contents/Resources/lib/tcl8.6/usr/bin/toe
copying file /usr/bin/hexdump -> /Users/calum/Developer/Excelerator/dist/Excelerate.app/Contents/Resources/lib/tcl8.6/usr/bin/hexdump
copying file /usr/bin/Rez -> /Users/calum/Developer/Excelerator/dist/Excelerate.app/Contents/Resources/lib/tcl8.6/usr/bin/Rez
copying file /usr/bin/cap_mkdb -> /Users/calum/Developer/Excelerator/dist/Excelerate.app/Contents/Resources/lib/tcl8.6/usr/bin/cap_mkdb
copying file /usr/bin/ictool -> /Users/calum/Developer/Excelerator/dist/Excelerate.app/Contents/Resources/lib/tcl8.6/usr/bin/ictool
copying file /usr/bin/cmp -> /Users/calum/Developer/Excelerator/dist/Excelerate.app/Contents/Resources/lib/tcl8.6/usr/bin/cmp
copying file /usr/bin/syscallbypid.d -> /Users/calum/Developer/Excelerator/dist/Excelerate.app/Contents/Resources/lib/tcl8.6/usr/bin/syscallbypid.d
copying file /usr/bin/snmpset -> /Users/calum/Developer/Excelerator/dist/Excelerate.app/Contents/Resources/lib/tcl8.6/usr/bin/snmpset
copying file /usr/bin/locate -> /Users/calum/Developer/Excelerator/dist/Excelerate.app/Contents/Resources/lib/tcl8.6/usr/bin/locate
copying file /usr/bin/trustcachectl -> /Users/calum/Developer/Excelerator/dist/Excelerate.app/Contents/Resources/lib/tcl8.6/usr/bin/trustcachectl
copying file /usr/bin/afconvert -> /Users/calum/Developer/Excelerator/dist/Excelerate.app/Contents/Resources/lib/tcl8.6/usr/bin/afconvert
copying file /usr/bin/afclip -> /Users/calum/Developer/Excelerator/dist/Excelerate.app/Contents/Resources/lib/tcl8.6/usr/bin/afclip
copying file /usr/bin/tidy_changelog5.30 -> /Users/calum/Developer/Excelerator/dist/Excelerate.app/Contents/Resources/lib/tcl8.6/usr/bin/tidy_changelog5.30
copying file /usr/bin/bzegrep -> /Users/calum/Developer/Excelerator/dist/Excelerate.app/Contents/Resources/lib/tcl8.6/usr/bin/bzegrep
copying file /usr/bin/instmodsh -> /Users/calum/Developer/Excelerator/dist/Excelerate.app/Contents/Resources/lib/tcl8.6/usr/bin/instmodsh
copying file /usr/bin/extcheck -> /Users/calum/Developer/Excelerator/dist/Excelerate.app/Contents/Resources/lib/tcl8.6/usr/bin/extcheck
copying file /usr/bin/javapackager -> /Users/calum/Developer/Excelerator/dist/Excelerate.app/Contents/Resources/lib/tcl8.6/usr/bin/javapackager
copying file /usr/bin/pl -> /Users/calum/Developer/Excelerator/dist/Excelerate.app/Contents/Resources/lib/tcl8.6/usr/bin/pl
copying file /usr/bin/compress -> /Users/calum/Developer/Excelerator/dist/Excelerate.app/Contents/Resources/lib/tcl8.6/usr/bin/compress
copying file /usr/bin/fddist -> /Users/calum/Developer/Excelerator/dist/Excelerate.app/Contents/Resources/lib/tcl8.6/usr/bin/fddist
copying file /usr/bin/db_upgrade -> /Users/calum/Developer/Excelerator/dist/Excelerate.app/Contents/Resources/lib/tcl8.6/usr/bin/db_upgrade
copying file /usr/bin/diagnose-fu -> /Users/calum/Developer/Excelerator/dist/Excelerate.app/Contents/Resources/lib/tcl8.6/usr/bin/diagnose-fu
copying file /usr/bin/yamlpp-load-dump -> /Users/calum/Developer/Excelerator/dist/Excelerate.app/Contents/Resources/lib/tcl8.6/usr/bin/yamlpp-load-dump
copying file /usr/bin/ctags -> /Users/calum/Developer/Excelerator/dist/Excelerate.app/Contents/Resources/lib/tcl8.6/usr/bin/ctags
copying file /usr/bin/zdiff -> /Users/calum/Developer/Excelerator/dist/Excelerate.app/Contents/Resources/lib/tcl8.6/usr/bin/zdiff
copying file /usr/bin/yamlpp-parse-emit -> /Users/calum/Developer/Excelerator/dist/Excelerate.app/Contents/Resources/lib/tcl8.6/usr/bin/yamlpp-parse-emit
copying file /usr/bin/pathchk -> /Users/calum/Developer/Excelerator/dist/Excelerate.app/Contents/Resources/lib/tcl8.6/usr/bin/pathchk
copying file /usr/bin/mesg -> /Users/calum/Developer/Excelerator/dist/Excelerate.app/Contents/Resources/lib/tcl8.6/usr/bin/mesg
copying file /usr/bin/setregion -> /Users/calum/Developer/Excelerator/dist/Excelerate.app/Contents/Resources/lib/tcl8.6/usr/bin/setregion
copying file /usr/bin/perlivp -> /Users/calum/Developer/Excelerator/dist/Excelerate.app/Contents/Resources/lib/tcl8.6/usr/bin/perlivp
copying file /usr/bin/yamlpp-highlight5.30 -> /Users/calum/Developer/Excelerator/dist/Excelerate.app/Contents/Resources/lib/tcl8.6/usr/bin/yamlpp-highlight5.30
copying file /usr/bin/xpath5.30 -> /Users/calum/Developer/Excelerator/dist/Excelerate.app/Contents/Resources/lib/tcl8.6/usr/bin/xpath5.30
copying file /usr/bin/c++ -> /Users/calum/Developer/Excelerator/dist/Excelerate.app/Contents/Resources/lib/tcl8.6/usr/bin/c++
copying file /usr/bin/pod2readme -> /Users/calum/Developer/Excelerator/dist/Excelerate.app/Contents/Resources/lib/tcl8.6/usr/bin/pod2readme
copying file /usr/bin/pp -> /Users/calum/Developer/Excelerator/dist/Excelerate.app/Contents/Resources/lib/tcl8.6/usr/bin/pp
copying file /usr/bin/vi -> /Users/calum/Developer/Excelerator/dist/Excelerate.app/Contents/Resources/lib/tcl8.6/usr/bin/vi
copying file /usr/bin/iofileb.d -> /Users/calum/Developer/Excelerator/dist/Excelerate.app/Contents/Resources/lib/tcl8.6/usr/bin/iofileb.d
copying file /usr/bin/errinfo -> /Users/calum/Developer/Excelerator/dist/Excelerate.app/Contents/Resources/lib/tcl8.6/usr/bin/errinfo
copying file /usr/bin/zipgrep -> /Users/calum/Developer/Excelerator/dist/Excelerate.app/Contents/Resources/lib/tcl8.6/usr/bin/zipgrep
copying file /usr/bin/pod2usage -> /Users/calum/Developer/Excelerator/dist/Excelerate.app/Contents/Resources/lib/tcl8.6/usr/bin/pod2usage
copying file /usr/bin/alias -> /Users/calum/Developer/Excelerator/dist/Excelerate.app/Contents/Resources/lib/tcl8.6/usr/bin/alias
copying file /usr/bin/wait -> /Users/calum/Developer/Excelerator/dist/Excelerate.app/Contents/Resources/lib/tcl8.6/usr/bin/wait
copying file /usr/bin/safaridriver -> /Users/calum/Developer/Excelerator/dist/Excelerate.app/Contents/Resources/lib/tcl8.6/usr/bin/safaridriver
copying file /usr/bin/bzdiff -> /Users/calum/Developer/Excelerator/dist/Excelerate.app/Contents/Resources/lib/tcl8.6/usr/bin/bzdiff
copying file /usr/bin/unpack200 -> /Users/calum/Developer/Excelerator/dist/Excelerate.app/Contents/Resources/lib/tcl8.6/usr/bin/unpack200
copying file /usr/bin/corelist -> /Users/calum/Developer/Excelerator/dist/Excelerate.app/Contents/Resources/lib/tcl8.6/usr/bin/corelist
copying file /usr/bin/expand -> /Users/calum/Developer/Excelerator/dist/Excelerate.app/Contents/Resources/lib/tcl8.6/usr/bin/expand
copying file /usr/bin/strings -> /Users/calum/Developer/Excelerator/dist/Excelerate.app/Contents/Resources/lib/tcl8.6/usr/bin/strings
copying file /usr/bin/lwp-dump5.34 -> /Users/calum/Developer/Excelerator/dist/Excelerate.app/Contents/Resources/lib/tcl8.6/usr/bin/lwp-dump5.34
copying file /usr/bin/appletviewer -> /Users/calum/Developer/Excelerator/dist/Excelerate.app/Contents/Resources/lib/tcl8.6/usr/bin/appletviewer
copying file /usr/bin/idlj -> /Users/calum/Developer/Excelerator/dist/Excelerate.app/Contents/Resources/lib/tcl8.6/usr/bin/idlj
copying file /usr/bin/dbiproxy5.34 -> /Users/calum/Developer/Excelerator/dist/Excelerate.app/Contents/Resources/lib/tcl8.6/usr/bin/dbiproxy5.34
copying file /usr/bin/wall -> /Users/calum/Developer/Excelerator/dist/Excelerate.app/Contents/Resources/lib/tcl8.6/usr/bin/wall
copying file /usr/bin/brctl -> /Users/calum/Developer/Excelerator/dist/Excelerate.app/Contents/Resources/lib/tcl8.6/usr/bin/brctl
copying file /usr/bin/yapp5.34 -> /Users/calum/Developer/Excelerator/dist/Excelerate.app/Contents/Resources/lib/tcl8.6/usr/bin/yapp5.34
copying file /usr/bin/gm4 -> /Users/calum/Developer/Excelerator/dist/Excelerate.app/Contents/Resources/lib/tcl8.6/usr/bin/gm4
copying file /usr/bin/db_hotbackup -> /Users/calum/Developer/Excelerator/dist/Excelerate.app/Contents/Resources/lib/tcl8.6/usr/bin/db_hotbackup
copying file /usr/bin/auvaltool -> /Users/calum/Developer/Excelerator/dist/Excelerate.app/Contents/Resources/lib/tcl8.6/usr/bin/auvaltool
copying file /usr/bin/applesingle -> /Users/calum/Developer/Excelerator/dist/Excelerate.app/Contents/Resources/lib/tcl8.6/usr/bin/applesingle
copying file /usr/bin/scandeps5.30.pl -> /Users/calum/Developer/Excelerator/dist/Excelerate.app/Contents/Resources/lib/tcl8.6/usr/bin/scandeps5.30.pl
copying file /usr/bin/clang -> /Users/calum/Developer/Excelerator/dist/Excelerate.app/Contents/Resources/lib/tcl8.6/usr/bin/clang
copying file /usr/bin/ibtool -> /Users/calum/Developer/Excelerator/dist/Excelerate.app/Contents/Resources/lib/tcl8.6/usr/bin/ibtool
copying file /usr/bin/tty -> /Users/calum/Developer/Excelerator/dist/Excelerate.app/Contents/Resources/lib/tcl8.6/usr/bin/tty
copying file /usr/bin/demandoc -> /Users/calum/Developer/Excelerator/dist/Excelerate.app/Contents/Resources/lib/tcl8.6/usr/bin/demandoc
copying file /usr/bin/git-receive-pack -> /Users/calum/Developer/Excelerator/dist/Excelerate.app/Contents/Resources/lib/tcl8.6/usr/bin/git-receive-pack
copying file /usr/bin/infotocap -> /Users/calum/Developer/Excelerator/dist/Excelerate.app/Contents/Resources/lib/tcl8.6/usr/bin/infotocap
copying file /usr/bin/pkill -> /Users/calum/Developer/Excelerator/dist/Excelerate.app/Contents/Resources/lib/tcl8.6/usr/bin/pkill
copying file /usr/bin/cups-config -> /Users/calum/Developer/Excelerator/dist/Excelerate.app/Contents/Resources/lib/tcl8.6/usr/bin/cups-config
copying file /usr/bin/piconv5.34 -> /Users/calum/Developer/Excelerator/dist/Excelerate.app/Contents/Resources/lib/tcl8.6/usr/bin/piconv5.34
copying file /usr/bin/basename -> /Users/calum/Developer/Excelerator/dist/Excelerate.app/Contents/Resources/lib/tcl8.6/usr/bin/basename
copying file /usr/bin/nclist -> /Users/calum/Developer/Excelerator/dist/Excelerate.app/Contents/Resources/lib/tcl8.6/usr/bin/nclist
copying file /usr/bin/objdump -> /Users/calum/Developer/Excelerator/dist/Excelerate.app/Contents/Resources/lib/tcl8.6/usr/bin/objdump
copying file /usr/bin/install -> /Users/calum/Developer/Excelerator/dist/Excelerate.app/Contents/Resources/lib/tcl8.6/usr/bin/install
copying file /usr/bin/native2ascii -> /Users/calum/Developer/Excelerator/dist/Excelerate.app/Contents/Resources/lib/tcl8.6/usr/bin/native2ascii
copying file /usr/bin/c99 -> /Users/calum/Developer/Excelerator/dist/Excelerate.app/Contents/Resources/lib/tcl8.6/usr/bin/c99
copying file /usr/bin/desdp -> /Users/calum/Developer/Excelerator/dist/Excelerate.app/Contents/Resources/lib/tcl8.6/usr/bin/desdp
copying file /usr/bin/binhex -> /Users/calum/Developer/Excelerator/dist/Excelerate.app/Contents/Resources/lib/tcl8.6/usr/bin/binhex
copying file /usr/bin/perlbug5.34 -> /Users/calum/Developer/Excelerator/dist/Excelerate.app/Contents/Resources/lib/tcl8.6/usr/bin/perlbug5.34
copying file /usr/bin/lsmp -> /Users/calum/Developer/Excelerator/dist/Excelerate.app/Contents/Resources/lib/tcl8.6/usr/bin/lsmp
copying file /usr/bin/xmllint -> /Users/calum/Developer/Excelerator/dist/Excelerate.app/Contents/Resources/lib/tcl8.6/usr/bin/xmllint
copying file /usr/bin/yamlpp-highlight -> /Users/calum/Developer/Excelerator/dist/Excelerate.app/Contents/Resources/lib/tcl8.6/usr/bin/yamlpp-highlight
copying file /usr/bin/ipcount5.34 -> /Users/calum/Developer/Excelerator/dist/Excelerate.app/Contents/Resources/lib/tcl8.6/usr/bin/ipcount5.34
copying file /usr/bin/last -> /Users/calum/Developer/Excelerator/dist/Excelerate.app/Contents/Resources/lib/tcl8.6/usr/bin/last
copying file /usr/bin/vm_stat -> /Users/calum/Developer/Excelerator/dist/Excelerate.app/Contents/Resources/lib/tcl8.6/usr/bin/vm_stat
copying file /usr/bin/syslog -> /Users/calum/Developer/Excelerator/dist/Excelerate.app/Contents/Resources/lib/tcl8.6/usr/bin/syslog
copying file /usr/bin/net-snmp-cert -> /Users/calum/Developer/Excelerator/dist/Excelerate.app/Contents/Resources/lib/tcl8.6/usr/bin/net-snmp-cert
copying file /usr/bin/treereg5.30 -> /Users/calum/Developer/Excelerator/dist/Excelerate.app/Contents/Resources/lib/tcl8.6/usr/bin/treereg5.30
copying file /usr/bin/nslookup -> /Users/calum/Developer/Excelerator/dist/Excelerate.app/Contents/Resources/lib/tcl8.6/usr/bin/nslookup
copying file /usr/bin/vimdiff -> /Users/calum/Developer/Excelerator/dist/Excelerate.app/Contents/Resources/lib/tcl8.6/usr/bin/vimdiff
copying file /usr/bin/topsyscall -> /Users/calum/Developer/Excelerator/dist/Excelerate.app/Contents/Resources/lib/tcl8.6/usr/bin/topsyscall
copying file /usr/bin/libnetcfg -> /Users/calum/Developer/Excelerator/dist/Excelerate.app/Contents/Resources/lib/tcl8.6/usr/bin/libnetcfg
copying file /usr/bin/cpan5.30 -> /Users/calum/Developer/Excelerator/dist/Excelerate.app/Contents/Resources/lib/tcl8.6/usr/bin/cpan5.30
copying file /usr/bin/c++filt -> /Users/calum/Developer/Excelerator/dist/Excelerate.app/Contents/Resources/lib/tcl8.6/usr/bin/c++filt
copying file /usr/bin/avbdiagnose -> /Users/calum/Developer/Excelerator/dist/Excelerate.app/Contents/Resources/lib/tcl8.6/usr/bin/avbdiagnose
copying file /usr/bin/nice -> /Users/calum/Developer/Excelerator/dist/Excelerate.app/Contents/Resources/lib/tcl8.6/usr/bin/nice
copying file /usr/bin/xcscontrol -> /Users/calum/Developer/Excelerator/dist/Excelerate.app/Contents/Resources/lib/tcl8.6/usr/bin/xcscontrol
copying file /usr/bin/truncate -> /Users/calum/Developer/Excelerator/dist/Excelerate.app/Contents/Resources/lib/tcl8.6/usr/bin/truncate
copying file /usr/bin/calendar -> /Users/calum/Developer/Excelerator/dist/Excelerate.app/Contents/Resources/lib/tcl8.6/usr/bin/calendar
copying file /usr/bin/locale -> /Users/calum/Developer/Excelerator/dist/Excelerate.app/Contents/Resources/lib/tcl8.6/usr/bin/locale
copying file /usr/bin/strip -> /Users/calum/Developer/Excelerator/dist/Excelerate.app/Contents/Resources/lib/tcl8.6/usr/bin/strip
copying file /usr/bin/symbolscache -> /Users/calum/Developer/Excelerator/dist/Excelerate.app/Contents/Resources/lib/tcl8.6/usr/bin/symbolscache
copying file /usr/bin/trace -> /Users/calum/Developer/Excelerator/dist/Excelerate.app/Contents/Resources/lib/tcl8.6/usr/bin/trace
copying file /usr/bin/tops -> /Users/calum/Developer/Excelerator/dist/Excelerate.app/Contents/Resources/lib/tcl8.6/usr/bin/tops
copying file /usr/bin/lprm -> /Users/calum/Developer/Excelerator/dist/Excelerate.app/Contents/Resources/lib/tcl8.6/usr/bin/lprm
copying file /usr/bin/tiffutil -> /Users/calum/Developer/Excelerator/dist/Excelerate.app/Contents/Resources/lib/tcl8.6/usr/bin/tiffutil
copying file /usr/bin/du -> /Users/calum/Developer/Excelerator/dist/Excelerate.app/Contents/Resources/lib/tcl8.6/usr/bin/du
copying file /usr/bin/debinhex5.34.pl -> /Users/calum/Developer/Excelerator/dist/Excelerate.app/Contents/Resources/lib/tcl8.6/usr/bin/debinhex5.34.pl
copying file /usr/bin/diff3 -> /Users/calum/Developer/Excelerator/dist/Excelerate.app/Contents/Resources/lib/tcl8.6/usr/bin/diff3
copying file /usr/bin/cupstestppd -> /Users/calum/Developer/Excelerator/dist/Excelerate.app/Contents/Resources/lib/tcl8.6/usr/bin/cupstestppd
copying file /usr/bin/json_pp5.30 -> /Users/calum/Developer/Excelerator/dist/Excelerate.app/Contents/Resources/lib/tcl8.6/usr/bin/json_pp5.30
copying file /usr/bin/sw_vers -> /Users/calum/Developer/Excelerator/dist/Excelerate.app/Contents/Resources/lib/tcl8.6/usr/bin/sw_vers
copying file /usr/bin/fs_usage -> /Users/calum/Developer/Excelerator/dist/Excelerate.app/Contents/Resources/lib/tcl8.6/usr/bin/fs_usage
copying file /usr/bin/host -> /Users/calum/Developer/Excelerator/dist/Excelerate.app/Contents/Resources/lib/tcl8.6/usr/bin/host
copying file /usr/bin/jarsigner -> /Users/calum/Developer/Excelerator/dist/Excelerate.app/Contents/Resources/lib/tcl8.6/usr/bin/jarsigner
copying file /usr/bin/app-sso -> /Users/calum/Developer/Excelerator/dist/Excelerate.app/Contents/Resources/lib/tcl8.6/usr/bin/app-sso
copying file /usr/bin/devmodectl -> /Users/calum/Developer/Excelerator/dist/Excelerate.app/Contents/Resources/lib/tcl8.6/usr/bin/devmodectl
copying file /usr/bin/nscurl -> /Users/calum/Developer/Excelerator/dist/Excelerate.app/Contents/Resources/lib/tcl8.6/usr/bin/nscurl
copying file /usr/bin/logger -> /Users/calum/Developer/Excelerator/dist/Excelerate.app/Contents/Resources/lib/tcl8.6/usr/bin/logger
copying file /usr/bin/caffeinate -> /Users/calum/Developer/Excelerator/dist/Excelerate.app/Contents/Resources/lib/tcl8.6/usr/bin/caffeinate
copying file /usr/bin/pod2html5.30 -> /Users/calum/Developer/Excelerator/dist/Excelerate.app/Contents/Resources/lib/tcl8.6/usr/bin/pod2html5.30
copying file /usr/bin/say -> /Users/calum/Developer/Excelerator/dist/Excelerate.app/Contents/Resources/lib/tcl8.6/usr/bin/say
copying file /usr/bin/net-snmp-create-v3-user -> /Users/calum/Developer/Excelerator/dist/Excelerate.app/Contents/Resources/lib/tcl8.6/usr/bin/net-snmp-create-v3-user
copying file /usr/bin/zipdetails5.34 -> /Users/calum/Developer/Excelerator/dist/Excelerate.app/Contents/Resources/lib/tcl8.6/usr/bin/zipdetails5.34
copying file /usr/bin/config_data5.34 -> /Users/calum/Developer/Excelerator/dist/Excelerate.app/Contents/Resources/lib/tcl8.6/usr/bin/config_data5.34
copying file /usr/bin/plutil -> /Users/calum/Developer/Excelerator/dist/Excelerate.app/Contents/Resources/lib/tcl8.6/usr/bin/plutil
copying file /usr/bin/python3 -> /Users/calum/Developer/Excelerator/dist/Excelerate.app/Contents/Resources/lib/tcl8.6/usr/bin/python3
copying file /usr/bin/avbutil -> /Users/calum/Developer/Excelerator/dist/Excelerate.app/Contents/Resources/lib/tcl8.6/usr/bin/avbutil
copying file /usr/bin/xcode-select -> /Users/calum/Developer/Excelerator/dist/Excelerate.app/Contents/Resources/lib/tcl8.6/usr/bin/xcode-select
copying file /usr/bin/libnetcfg5.30 -> /Users/calum/Developer/Excelerator/dist/Excelerate.app/Contents/Resources/lib/tcl8.6/usr/bin/libnetcfg5.30
copying file /usr/bin/powermetrics -> /Users/calum/Developer/Excelerator/dist/Excelerate.app/Contents/Resources/lib/tcl8.6/usr/bin/powermetrics
copying file /usr/bin/encguess5.34 -> /Users/calum/Developer/Excelerator/dist/Excelerate.app/Contents/Resources/lib/tcl8.6/usr/bin/encguess5.34
copying file /usr/bin/moose-outdated -> /Users/calum/Developer/Excelerator/dist/Excelerate.app/Contents/Resources/lib/tcl8.6/usr/bin/moose-outdated
copying file /usr/bin/net-server -> /Users/calum/Developer/Excelerator/dist/Excelerate.app/Contents/Resources/lib/tcl8.6/usr/bin/net-server
copying file /usr/bin/cvmkdir -> /Users/calum/Developer/Excelerator/dist/Excelerate.app/Contents/Resources/lib/tcl8.6/usr/bin/cvmkdir
copying file /usr/bin/ldapmodify -> /Users/calum/Developer/Excelerator/dist/Excelerate.app/Contents/Resources/lib/tcl8.6/usr/bin/ldapmodify
copying file /usr/bin/iofile.d -> /Users/calum/Developer/Excelerator/dist/Excelerate.app/Contents/Resources/lib/tcl8.6/usr/bin/iofile.d
copying file /usr/bin/join -> /Users/calum/Developer/Excelerator/dist/Excelerate.app/Contents/Resources/lib/tcl8.6/usr/bin/join
copying file /usr/bin/SafeEjectGPU -> /Users/calum/Developer/Excelerator/dist/Excelerate.app/Contents/Resources/lib/tcl8.6/usr/bin/SafeEjectGPU
copying file /usr/bin/snmpdelta -> /Users/calum/Developer/Excelerator/dist/Excelerate.app/Contents/Resources/lib/tcl8.6/usr/bin/snmpdelta
copying file /usr/bin/ssh-keyscan -> /Users/calum/Developer/Excelerator/dist/Excelerate.app/Contents/Resources/lib/tcl8.6/usr/bin/ssh-keyscan
copying file /usr/bin/renice -> /Users/calum/Developer/Excelerator/dist/Excelerate.app/Contents/Resources/lib/tcl8.6/usr/bin/renice
copying file /usr/bin/xxd -> /Users/calum/Developer/Excelerator/dist/Excelerate.app/Contents/Resources/lib/tcl8.6/usr/bin/xxd
copying file /usr/bin/clangd -> /Users/calum/Developer/Excelerator/dist/Excelerate.app/Contents/Resources/lib/tcl8.6/usr/bin/clangd
copying file /usr/bin/scandeps.pl -> /Users/calum/Developer/Excelerator/dist/Excelerate.app/Contents/Resources/lib/tcl8.6/usr/bin/scandeps.pl
copying file /usr/bin/nettop -> /Users/calum/Developer/Excelerator/dist/Excelerate.app/Contents/Resources/lib/tcl8.6/usr/bin/nettop
copying file /usr/bin/ppdmerge -> /Users/calum/Developer/Excelerator/dist/Excelerate.app/Contents/Resources/lib/tcl8.6/usr/bin/ppdmerge
copying file /usr/bin/snmpconf -> /Users/calum/Developer/Excelerator/dist/Excelerate.app/Contents/Resources/lib/tcl8.6/usr/bin/snmpconf
copying file /usr/bin/xsltproc -> /Users/calum/Developer/Excelerator/dist/Excelerate.app/Contents/Resources/lib/tcl8.6/usr/bin/xsltproc
copying file /usr/bin/osascript -> /Users/calum/Developer/Excelerator/dist/Excelerate.app/Contents/Resources/lib/tcl8.6/usr/bin/osascript
copying file /usr/bin/iotop -> /Users/calum/Developer/Excelerator/dist/Excelerate.app/Contents/Resources/lib/tcl8.6/usr/bin/iotop
copying file /usr/bin/lex -> /Users/calum/Developer/Excelerator/dist/Excelerate.app/Contents/Resources/lib/tcl8.6/usr/bin/lex
copying file /usr/bin/encguess -> /Users/calum/Developer/Excelerator/dist/Excelerate.app/Contents/Resources/lib/tcl8.6/usr/bin/encguess
copying file /usr/bin/eyapp5.34 -> /Users/calum/Developer/Excelerator/dist/Excelerate.app/Contents/Resources/lib/tcl8.6/usr/bin/eyapp5.34
copying file /usr/bin/ctf_insert -> /Users/calum/Developer/Excelerator/dist/Excelerate.app/Contents/Resources/lib/tcl8.6/usr/bin/ctf_insert
copying file /usr/bin/csplit -> /Users/calum/Developer/Excelerator/dist/Excelerate.app/Contents/Resources/lib/tcl8.6/usr/bin/csplit
copying file /usr/bin/swift-inspect -> /Users/calum/Developer/Excelerator/dist/Excelerate.app/Contents/Resources/lib/tcl8.6/usr/bin/swift-inspect
copying file /usr/bin/splain5.30 -> /Users/calum/Developer/Excelerator/dist/Excelerate.app/Contents/Resources/lib/tcl8.6/usr/bin/splain5.30
copying file /usr/bin/iconv -> /Users/calum/Developer/Excelerator/dist/Excelerate.app/Contents/Resources/lib/tcl8.6/usr/bin/iconv
copying file /usr/bin/captoinfo -> /Users/calum/Developer/Excelerator/dist/Excelerate.app/Contents/Resources/lib/tcl8.6/usr/bin/captoinfo
copying file /usr/bin/snmpinform -> /Users/calum/Developer/Excelerator/dist/Excelerate.app/Contents/Resources/lib/tcl8.6/usr/bin/snmpinform
copying file /usr/bin/lsbom -> /Users/calum/Developer/Excelerator/dist/Excelerate.app/Contents/Resources/lib/tcl8.6/usr/bin/lsbom
copying file /usr/bin/pbcopy -> /Users/calum/Developer/Excelerator/dist/Excelerate.app/Contents/Resources/lib/tcl8.6/usr/bin/pbcopy
copying file /usr/bin/sort -> /Users/calum/Developer/Excelerator/dist/Excelerate.app/Contents/Resources/lib/tcl8.6/usr/bin/sort
copying file /usr/bin/xpath -> /Users/calum/Developer/Excelerator/dist/Excelerate.app/Contents/Resources/lib/tcl8.6/usr/bin/xpath
copying file /usr/bin/snmpdf -> /Users/calum/Developer/Excelerator/dist/Excelerate.app/Contents/Resources/lib/tcl8.6/usr/bin/snmpdf
copying file /usr/bin/whoami -> /Users/calum/Developer/Excelerator/dist/Excelerate.app/Contents/Resources/lib/tcl8.6/usr/bin/whoami
copying file /usr/bin/sc_usage -> /Users/calum/Developer/Excelerator/dist/Excelerate.app/Contents/Resources/lib/tcl8.6/usr/bin/sc_usage
copying file /usr/bin/jot -> /Users/calum/Developer/Excelerator/dist/Excelerate.app/Contents/Resources/lib/tcl8.6/usr/bin/jot
copying file /usr/bin/ocspcheck -> /Users/calum/Developer/Excelerator/dist/Excelerate.app/Contents/Resources/lib/tcl8.6/usr/bin/ocspcheck
copying file /usr/bin/mkbom -> /Users/calum/Developer/Excelerator/dist/Excelerate.app/Contents/Resources/lib/tcl8.6/usr/bin/mkbom
copying file /usr/bin/ldapurl -> /Users/calum/Developer/Excelerator/dist/Excelerate.app/Contents/Resources/lib/tcl8.6/usr/bin/ldapurl
copying file /usr/bin/json_xs -> /Users/calum/Developer/Excelerator/dist/Excelerate.app/Contents/Resources/lib/tcl8.6/usr/bin/json_xs
copying file /usr/bin/pkgbuild -> /Users/calum/Developer/Excelerator/dist/Excelerate.app/Contents/Resources/lib/tcl8.6/usr/bin/pkgbuild
copying file /usr/bin/yamlpp-events -> /Users/calum/Developer/Excelerator/dist/Excelerate.app/Contents/Resources/lib/tcl8.6/usr/bin/yamlpp-events
copying file /usr/bin/cpuwalk.d -> /Users/calum/Developer/Excelerator/dist/Excelerate.app/Contents/Resources/lib/tcl8.6/usr/bin/cpuwalk.d
copying file /usr/bin/cvmkfile -> /Users/calum/Developer/Excelerator/dist/Excelerate.app/Contents/Resources/lib/tcl8.6/usr/bin/cvmkfile
copying file /usr/bin/update_dyld_shared_cache -> /Users/calum/Developer/Excelerator/dist/Excelerate.app/Contents/Resources/lib/tcl8.6/usr/bin/update_dyld_shared_cache
copying file /usr/bin/ldapmodrdn -> /Users/calum/Developer/Excelerator/dist/Excelerate.app/Contents/Resources/lib/tcl8.6/usr/bin/ldapmodrdn
copying file /usr/bin/systemextensionsctl -> /Users/calum/Developer/Excelerator/dist/Excelerate.app/Contents/Resources/lib/tcl8.6/usr/bin/systemextensionsctl
copying file /usr/bin/file -> /Users/calum/Developer/Excelerator/dist/Excelerate.app/Contents/Resources/lib/tcl8.6/usr/bin/file
copying file /usr/bin/db_printlog -> /Users/calum/Developer/Excelerator/dist/Excelerate.app/Contents/Resources/lib/tcl8.6/usr/bin/db_printlog
copying file /usr/bin/sourcekit-lsp -> /Users/calum/Developer/Excelerator/dist/Excelerate.app/Contents/Resources/lib/tcl8.6/usr/bin/sourcekit-lsp
copying file /usr/bin/debinhex5.30.pl -> /Users/calum/Developer/Excelerator/dist/Excelerate.app/Contents/Resources/lib/tcl8.6/usr/bin/debinhex5.30.pl
copying file /usr/bin/podchecker5.34 -> /Users/calum/Developer/Excelerator/dist/Excelerate.app/Contents/Resources/lib/tcl8.6/usr/bin/podchecker5.34
copying file /usr/bin/hash -> /Users/calum/Developer/Excelerator/dist/Excelerate.app/Contents/Resources/lib/tcl8.6/usr/bin/hash
copying file /usr/bin/bc -> /Users/calum/Developer/Excelerator/dist/Excelerate.app/Contents/Resources/lib/tcl8.6/usr/bin/bc
copying file /usr/bin/fontrestore -> /Users/calum/Developer/Excelerator/dist/Excelerate.app/Contents/Resources/lib/tcl8.6/usr/bin/fontrestore
copying file /usr/bin/mg -> /Users/calum/Developer/Excelerator/dist/Excelerate.app/Contents/Resources/lib/tcl8.6/usr/bin/mg
copying file /usr/bin/sfltool -> /Users/calum/Developer/Excelerator/dist/Excelerate.app/Contents/Resources/lib/tcl8.6/usr/bin/sfltool
copying file /usr/bin/less -> /Users/calum/Developer/Excelerator/dist/Excelerate.app/Contents/Resources/lib/tcl8.6/usr/bin/less
copying file /usr/bin/bunzip2 -> /Users/calum/Developer/Excelerator/dist/Excelerate.app/Contents/Resources/lib/tcl8.6/usr/bin/bunzip2
copying file /usr/bin/touch -> /Users/calum/Developer/Excelerator/dist/Excelerate.app/Contents/Resources/lib/tcl8.6/usr/bin/touch
copying file /usr/bin/rmic -> /Users/calum/Developer/Excelerator/dist/Excelerate.app/Contents/Resources/lib/tcl8.6/usr/bin/rmic
copying file /usr/bin/dispqlen.d -> /Users/calum/Developer/Excelerator/dist/Excelerate.app/Contents/Resources/lib/tcl8.6/usr/bin/dispqlen.d
copying file /usr/bin/db_archive -> /Users/calum/Developer/Excelerator/dist/Excelerate.app/Contents/Resources/lib/tcl8.6/usr/bin/db_archive
copying file /usr/bin/getopt -> /Users/calum/Developer/Excelerator/dist/Excelerate.app/Contents/Resources/lib/tcl8.6/usr/bin/getopt
copying file /usr/bin/instmodsh5.30 -> /Users/calum/Developer/Excelerator/dist/Excelerate.app/Contents/Resources/lib/tcl8.6/usr/bin/instmodsh5.30
copying file /usr/bin/krb5-config -> /Users/calum/Developer/Excelerator/dist/Excelerate.app/Contents/Resources/lib/tcl8.6/usr/bin/krb5-config
copying file /usr/bin/security -> /Users/calum/Developer/Excelerator/dist/Excelerate.app/Contents/Resources/lib/tcl8.6/usr/bin/security
copying file /usr/bin/perlthanks5.34 -> /Users/calum/Developer/Excelerator/dist/Excelerate.app/Contents/Resources/lib/tcl8.6/usr/bin/perlthanks5.34
copying file /usr/bin/hiutil -> /Users/calum/Developer/Excelerator/dist/Excelerate.app/Contents/Resources/lib/tcl8.6/usr/bin/hiutil
copying file /usr/bin/ip2cc5.30 -> /Users/calum/Developer/Excelerator/dist/Excelerate.app/Contents/Resources/lib/tcl8.6/usr/bin/ip2cc5.30
copying file /usr/bin/json_xs5.34 -> /Users/calum/Developer/Excelerator/dist/Excelerate.app/Contents/Resources/lib/tcl8.6/usr/bin/json_xs5.34
copying file /usr/bin/pip3 -> /Users/calum/Developer/Excelerator/dist/Excelerate.app/Contents/Resources/lib/tcl8.6/usr/bin/pip3
copying file /usr/bin/pod2man5.34 -> /Users/calum/Developer/Excelerator/dist/Excelerate.app/Contents/Resources/lib/tcl8.6/usr/bin/pod2man5.34
copying file /usr/bin/lastwords -> /Users/calum/Developer/Excelerator/dist/Excelerate.app/Contents/Resources/lib/tcl8.6/usr/bin/lastwords
copying file /usr/bin/rmid -> /Users/calum/Developer/Excelerator/dist/Excelerate.app/Contents/Resources/lib/tcl8.6/usr/bin/rmid
copying file /usr/bin/sed -> /Users/calum/Developer/Excelerator/dist/Excelerate.app/Contents/Resources/lib/tcl8.6/usr/bin/sed
copying file /usr/bin/ld -> /Users/calum/Developer/Excelerator/dist/Excelerate.app/Contents/Resources/lib/tcl8.6/usr/bin/ld
copying file /usr/bin/dbilogstrip5.30 -> /Users/calum/Developer/Excelerator/dist/Excelerate.app/Contents/Resources/lib/tcl8.6/usr/bin/dbilogstrip5.30
copying file /usr/bin/awk -> /Users/calum/Developer/Excelerator/dist/Excelerate.app/Contents/Resources/lib/tcl8.6/usr/bin/awk
copying file /usr/bin/ip2cc -> /Users/calum/Developer/Excelerator/dist/Excelerate.app/Contents/Resources/lib/tcl8.6/usr/bin/ip2cc
copying file /usr/bin/syscallbyproc.d -> /Users/calum/Developer/Excelerator/dist/Excelerate.app/Contents/Resources/lib/tcl8.6/usr/bin/syscallbyproc.d
copying file /usr/bin/umtool -> /Users/calum/Developer/Excelerator/dist/Excelerate.app/Contents/Resources/lib/tcl8.6/usr/bin/umtool
copying file /usr/bin/snmpstatus -> /Users/calum/Developer/Excelerator/dist/Excelerate.app/Contents/Resources/lib/tcl8.6/usr/bin/snmpstatus
copying file /usr/bin/uudecode -> /Users/calum/Developer/Excelerator/dist/Excelerate.app/Contents/Resources/lib/tcl8.6/usr/bin/uudecode
copying file /usr/bin/psm -> /Users/calum/Developer/Excelerator/dist/Excelerate.app/Contents/Resources/lib/tcl8.6/usr/bin/psm
copying file /usr/bin/fmt -> /Users/calum/Developer/Excelerator/dist/Excelerate.app/Contents/Resources/lib/tcl8.6/usr/bin/fmt
copying file /usr/bin/zless -> /Users/calum/Developer/Excelerator/dist/Excelerate.app/Contents/Resources/lib/tcl8.6/usr/bin/zless
copying file /usr/bin/enc2xs5.34 -> /Users/calum/Developer/Excelerator/dist/Excelerate.app/Contents/Resources/lib/tcl8.6/usr/bin/enc2xs5.34
copying file /usr/bin/xslt-config -> /Users/calum/Developer/Excelerator/dist/Excelerate.app/Contents/Resources/lib/tcl8.6/usr/bin/xslt-config
copying file /usr/bin/sdef -> /Users/calum/Developer/Excelerator/dist/Excelerate.app/Contents/Resources/lib/tcl8.6/usr/bin/sdef
copying file /usr/bin/ncctl -> /Users/calum/Developer/Excelerator/dist/Excelerate.app/Contents/Resources/lib/tcl8.6/usr/bin/ncctl
copying file /usr/bin/jmc -> /Users/calum/Developer/Excelerator/dist/Excelerate.app/Contents/Resources/lib/tcl8.6/usr/bin/jmc
copying file /usr/bin/pod2text -> /Users/calum/Developer/Excelerator/dist/Excelerate.app/Contents/Resources/lib/tcl8.6/usr/bin/pod2text
copying file /usr/bin/bashbug -> /Users/calum/Developer/Excelerator/dist/Excelerate.app/Contents/Resources/lib/tcl8.6/usr/bin/bashbug
copying file /usr/bin/mail -> /Users/calum/Developer/Excelerator/dist/Excelerate.app/Contents/Resources/lib/tcl8.6/usr/bin/mail
copying file /usr/bin/yamlpp-parse-emit5.30 -> /Users/calum/Developer/Excelerator/dist/Excelerate.app/Contents/Resources/lib/tcl8.6/usr/bin/yamlpp-parse-emit5.30
copying file /usr/bin/chpass -> /Users/calum/Developer/Excelerator/dist/Excelerate.app/Contents/Resources/lib/tcl8.6/usr/bin/chpass
copying file /usr/bin/sips -> /Users/calum/Developer/Excelerator/dist/Excelerate.app/Contents/Resources/lib/tcl8.6/usr/bin/sips
copying file /usr/bin/par5.34.pl -> /Users/calum/Developer/Excelerator/dist/Excelerate.app/Contents/Resources/lib/tcl8.6/usr/bin/par5.34.pl
copying file /usr/bin/xcrun -> /Users/calum/Developer/Excelerator/dist/Excelerate.app/Contents/Resources/lib/tcl8.6/usr/bin/xcrun
copying file /usr/bin/bzcmp -> /Users/calum/Developer/Excelerator/dist/Excelerate.app/Contents/Resources/lib/tcl8.6/usr/bin/bzcmp
copying file /usr/bin/lldb -> /Users/calum/Developer/Excelerator/dist/Excelerate.app/Contents/Resources/lib/tcl8.6/usr/bin/lldb
copying file /usr/bin/chfn -> /Users/calum/Developer/Excelerator/dist/Excelerate.app/Contents/Resources/lib/tcl8.6/usr/bin/chfn
copying file /usr/bin/ipcount -> /Users/calum/Developer/Excelerator/dist/Excelerate.app/Contents/Resources/lib/tcl8.6/usr/bin/ipcount
copying file /usr/bin/newaliases -> /Users/calum/Developer/Excelerator/dist/Excelerate.app/Contents/Resources/lib/tcl8.6/usr/bin/newaliases
copying file /usr/bin/nano -> /Users/calum/Developer/Excelerator/dist/Excelerate.app/Contents/Resources/lib/tcl8.6/usr/bin/nano
copying file /usr/bin/lam -> /Users/calum/Developer/Excelerator/dist/Excelerate.app/Contents/Resources/lib/tcl8.6/usr/bin/lam
copying file /usr/bin/pod2readme5.30 -> /Users/calum/Developer/Excelerator/dist/Excelerate.app/Contents/Resources/lib/tcl8.6/usr/bin/pod2readme5.30
copying file /usr/bin/ipptool -> /Users/calum/Developer/Excelerator/dist/Excelerate.app/Contents/Resources/lib/tcl8.6/usr/bin/ipptool
copying file /usr/bin/irb -> /Users/calum/Developer/Excelerator/dist/Excelerate.app/Contents/Resources/lib/tcl8.6/usr/bin/irb
copying file /usr/bin/ptardiff -> /Users/calum/Developer/Excelerator/dist/Excelerate.app/Contents/Resources/lib/tcl8.6/usr/bin/ptardiff
copying file /usr/bin/bzless -> /Users/calum/Developer/Excelerator/dist/Excelerate.app/Contents/Resources/lib/tcl8.6/usr/bin/bzless
copying file /usr/bin/sysdiagnose -> /Users/calum/Developer/Excelerator/dist/Excelerate.app/Contents/Resources/lib/tcl8.6/usr/bin/sysdiagnose
copying file /usr/bin/logname -> /Users/calum/Developer/Excelerator/dist/Excelerate.app/Contents/Resources/lib/tcl8.6/usr/bin/logname
copying file /usr/bin/tset -> /Users/calum/Developer/Excelerator/dist/Excelerate.app/Contents/Resources/lib/tcl8.6/usr/bin/tset
copying file /usr/bin/chgrp -> /Users/calum/Developer/Excelerator/dist/Excelerate.app/Contents/Resources/lib/tcl8.6/usr/bin/chgrp
copying file /usr/bin/cu -> /Users/calum/Developer/Excelerator/dist/Excelerate.app/Contents/Resources/lib/tcl8.6/usr/bin/cu
copying file /usr/bin/printenv -> /Users/calum/Developer/Excelerator/dist/Excelerate.app/Contents/Resources/lib/tcl8.6/usr/bin/printenv
copying file /usr/bin/yamlpp-load-dump5.30 -> /Users/calum/Developer/Excelerator/dist/Excelerate.app/Contents/Resources/lib/tcl8.6/usr/bin/yamlpp-load-dump5.30
copying file /usr/bin/unvis -> /Users/calum/Developer/Excelerator/dist/Excelerate.app/Contents/Resources/lib/tcl8.6/usr/bin/unvis
copying file /usr/bin/shasum5.30 -> /Users/calum/Developer/Excelerator/dist/Excelerate.app/Contents/Resources/lib/tcl8.6/usr/bin/shasum5.30
copying file /usr/bin/atq -> /Users/calum/Developer/Excelerator/dist/Excelerate.app/Contents/Resources/lib/tcl8.6/usr/bin/atq
copying file /usr/bin/seq -> /Users/calum/Developer/Excelerator/dist/Excelerate.app/Contents/Resources/lib/tcl8.6/usr/bin/seq
copying file /usr/bin/fc -> /Users/calum/Developer/Excelerator/dist/Excelerate.app/Contents/Resources/lib/tcl8.6/usr/bin/fc
copying file /usr/bin/AssetCacheManagerUtil -> /Users/calum/Developer/Excelerator/dist/Excelerate.app/Contents/Resources/lib/tcl8.6/usr/bin/AssetCacheManagerUtil
copying file /usr/bin/xgettext5.34.pl -> /Users/calum/Developer/Excelerator/dist/Excelerate.app/Contents/Resources/lib/tcl8.6/usr/bin/xgettext5.34.pl
copying file /usr/bin/colldef -> /Users/calum/Developer/Excelerator/dist/Excelerate.app/Contents/Resources/lib/tcl8.6/usr/bin/colldef
copying file /usr/bin/net-server5.30 -> /Users/calum/Developer/Excelerator/dist/Excelerate.app/Contents/Resources/lib/tcl8.6/usr/bin/net-server5.30
copying file /usr/bin/jdb -> /Users/calum/Developer/Excelerator/dist/Excelerate.app/Contents/Resources/lib/tcl8.6/usr/bin/jdb
copying file /usr/bin/perl5.30 -> /Users/calum/Developer/Excelerator/dist/Excelerate.app/Contents/Resources/lib/tcl8.6/usr/bin/perl5.30
copying file /usr/bin/wish -> /Users/calum/Developer/Excelerator/dist/Excelerate.app/Contents/Resources/lib/tcl8.6/usr/bin/wish
copying file /usr/bin/uname -> /Users/calum/Developer/Excelerator/dist/Excelerate.app/Contents/Resources/lib/tcl8.6/usr/bin/uname
copying file /usr/bin/hpmdiagnose -> /Users/calum/Developer/Excelerator/dist/Excelerate.app/Contents/Resources/lib/tcl8.6/usr/bin/hpmdiagnose
copying file /usr/bin/timer_analyser.d -> /Users/calum/Developer/Excelerator/dist/Excelerate.app/Contents/Resources/lib/tcl8.6/usr/bin/timer_analyser.d
copying file /usr/bin/jstack -> /Users/calum/Developer/Excelerator/dist/Excelerate.app/Contents/Resources/lib/tcl8.6/usr/bin/jstack
copying file /usr/bin/parl -> /Users/calum/Developer/Excelerator/dist/Excelerate.app/Contents/Resources/lib/tcl8.6/usr/bin/parl
copying file /usr/bin/unzip -> /Users/calum/Developer/Excelerator/dist/Excelerate.app/Contents/Resources/lib/tcl8.6/usr/bin/unzip
copying file /usr/bin/db_stat -> /Users/calum/Developer/Excelerator/dist/Excelerate.app/Contents/Resources/lib/tcl8.6/usr/bin/db_stat
copying file /usr/bin/rmiregistry -> /Users/calum/Developer/Excelerator/dist/Excelerate.app/Contents/Resources/lib/tcl8.6/usr/bin/rmiregistry
copying file /usr/bin/json_pp -> /Users/calum/Developer/Excelerator/dist/Excelerate.app/Contents/Resources/lib/tcl8.6/usr/bin/json_pp
copying file /usr/bin/test-yaml -> /Users/calum/Developer/Excelerator/dist/Excelerate.app/Contents/Resources/lib/tcl8.6/usr/bin/test-yaml
copying file /usr/bin/ptardiff5.30 -> /Users/calum/Developer/Excelerator/dist/Excelerate.app/Contents/Resources/lib/tcl8.6/usr/bin/ptardiff5.30
copying file /usr/bin/zprint -> /Users/calum/Developer/Excelerator/dist/Excelerate.app/Contents/Resources/lib/tcl8.6/usr/bin/zprint
copying file /usr/bin/kinit -> /Users/calum/Developer/Excelerator/dist/Excelerate.app/Contents/Resources/lib/tcl8.6/usr/bin/kinit
copying file /usr/bin/mib2c -> /Users/calum/Developer/Excelerator/dist/Excelerate.app/Contents/Resources/lib/tcl8.6/usr/bin/mib2c
copying file /usr/bin/od -> /Users/calum/Developer/Excelerator/dist/Excelerate.app/Contents/Resources/lib/tcl8.6/usr/bin/od
copying file /usr/bin/bsdtar -> /Users/calum/Developer/Excelerator/dist/Excelerate.app/Contents/Resources/lib/tcl8.6/usr/bin/bsdtar
copying file /usr/bin/perl -> /Users/calum/Developer/Excelerator/dist/Excelerate.app/Contents/Resources/lib/tcl8.6/usr/bin/perl
copying file /usr/bin/findrule -> /Users/calum/Developer/Excelerator/dist/Excelerate.app/Contents/Resources/lib/tcl8.6/usr/bin/findrule
copying file /usr/bin/tbtdiagnose -> /Users/calum/Developer/Excelerator/dist/Excelerate.app/Contents/Resources/lib/tcl8.6/usr/bin/tbtdiagnose
copying file /usr/bin/mcxquery -> /Users/calum/Developer/Excelerator/dist/Excelerate.app/Contents/Resources/lib/tcl8.6/usr/bin/mcxquery
copying file /usr/bin/lwp-download -> /Users/calum/Developer/Excelerator/dist/Excelerate.app/Contents/Resources/lib/tcl8.6/usr/bin/lwp-download
copying file /usr/bin/ppdpo -> /Users/calum/Developer/Excelerator/dist/Excelerate.app/Contents/Resources/lib/tcl8.6/usr/bin/ppdpo
copying file /usr/bin/crontab -> /Users/calum/Developer/Excelerator/dist/Excelerate.app/Contents/Resources/lib/tcl8.6/usr/bin/crontab
copying file /usr/bin/reset -> /Users/calum/Developer/Excelerator/dist/Excelerate.app/Contents/Resources/lib/tcl8.6/usr/bin/reset
copying file /usr/bin/kextutil -> /Users/calum/Developer/Excelerator/dist/Excelerate.app/Contents/Resources/lib/tcl8.6/usr/bin/kextutil
copying file /usr/bin/par5.30.pl -> /Users/calum/Developer/Excelerator/dist/Excelerate.app/Contents/Resources/lib/tcl8.6/usr/bin/par5.30.pl
copying file /usr/bin/bzcat -> /Users/calum/Developer/Excelerator/dist/Excelerate.app/Contents/Resources/lib/tcl8.6/usr/bin/bzcat
copying file /usr/bin/dbicadmin -> /Users/calum/Developer/Excelerator/dist/Excelerate.app/Contents/Resources/lib/tcl8.6/usr/bin/dbicadmin
copying file /usr/bin/ex -> /Users/calum/Developer/Excelerator/dist/Excelerate.app/Contents/Resources/lib/tcl8.6/usr/bin/ex
copying file /usr/bin/perlbug -> /Users/calum/Developer/Excelerator/dist/Excelerate.app/Contents/Resources/lib/tcl8.6/usr/bin/perlbug
copying file /usr/bin/jvisualvm -> /Users/calum/Developer/Excelerator/dist/Excelerate.app/Contents/Resources/lib/tcl8.6/usr/bin/jvisualvm
copying file /usr/bin/footprint -> /Users/calum/Developer/Excelerator/dist/Excelerate.app/Contents/Resources/lib/tcl8.6/usr/bin/footprint
copying file /usr/bin/lsappinfo -> /Users/calum/Developer/Excelerator/dist/Excelerate.app/Contents/Resources/lib/tcl8.6/usr/bin/lsappinfo
copying file /usr/bin/lwp-download5.34 -> /Users/calum/Developer/Excelerator/dist/Excelerate.app/Contents/Resources/lib/tcl8.6/usr/bin/lwp-download5.34
copying file /usr/bin/db_load -> /Users/calum/Developer/Excelerator/dist/Excelerate.app/Contents/Resources/lib/tcl8.6/usr/bin/db_load
copying file /usr/bin/fwkdp -> /Users/calum/Developer/Excelerator/dist/Excelerate.app/Contents/Resources/lib/tcl8.6/usr/bin/fwkdp
copying file /usr/bin/piconv -> /Users/calum/Developer/Excelerator/dist/Excelerate.app/Contents/Resources/lib/tcl8.6/usr/bin/piconv
copying file /usr/bin/read -> /Users/calum/Developer/Excelerator/dist/Excelerate.app/Contents/Resources/lib/tcl8.6/usr/bin/read
copying file /usr/bin/snmpusm -> /Users/calum/Developer/Excelerator/dist/Excelerate.app/Contents/Resources/lib/tcl8.6/usr/bin/snmpusm
copying file /usr/bin/tkpp5.34 -> /Users/calum/Developer/Excelerator/dist/Excelerate.app/Contents/Resources/lib/tcl8.6/usr/bin/tkpp5.34
copying file /usr/bin/test-yaml5.34 -> /Users/calum/Developer/Excelerator/dist/Excelerate.app/Contents/Resources/lib/tcl8.6/usr/bin/test-yaml5.34
copying file /usr/bin/execsnoop -> /Users/calum/Developer/Excelerator/dist/Excelerate.app/Contents/Resources/lib/tcl8.6/usr/bin/execsnoop
copying file /usr/bin/pagesize -> /Users/calum/Developer/Excelerator/dist/Excelerate.app/Contents/Resources/lib/tcl8.6/usr/bin/pagesize
copying file /usr/bin/lp -> /Users/calum/Developer/Excelerator/dist/Excelerate.app/Contents/Resources/lib/tcl8.6/usr/bin/lp
copying file /usr/bin/base64 -> /Users/calum/Developer/Excelerator/dist/Excelerate.app/Contents/Resources/lib/tcl8.6/usr/bin/base64
copying file /usr/bin/ptargrep -> /Users/calum/Developer/Excelerator/dist/Excelerate.app/Contents/Resources/lib/tcl8.6/usr/bin/ptargrep
copying file /usr/bin/jar -> /Users/calum/Developer/Excelerator/dist/Excelerate.app/Contents/Resources/lib/tcl8.6/usr/bin/jar
copying file /usr/bin/h2ph -> /Users/calum/Developer/Excelerator/dist/Excelerate.app/Contents/Resources/lib/tcl8.6/usr/bin/h2ph
copying file /usr/bin/readlink -> /Users/calum/Developer/Excelerator/dist/Excelerate.app/Contents/Resources/lib/tcl8.6/usr/bin/readlink
copying file /usr/bin/opensnoop -> /Users/calum/Developer/Excelerator/dist/Excelerate.app/Contents/Resources/lib/tcl8.6/usr/bin/opensnoop
copying file /usr/bin/rake -> /Users/calum/Developer/Excelerator/dist/Excelerate.app/Contents/Resources/lib/tcl8.6/usr/bin/rake
copying file /usr/bin/rvim -> /Users/calum/Developer/Excelerator/dist/Excelerate.app/Contents/Resources/lib/tcl8.6/usr/bin/rvim
copying file /usr/bin/jcmd -> /Users/calum/Developer/Excelerator/dist/Excelerate.app/Contents/Resources/lib/tcl8.6/usr/bin/jcmd
copying file /usr/bin/dmc -> /Users/calum/Developer/Excelerator/dist/Excelerate.app/Contents/Resources/lib/tcl8.6/usr/bin/dmc
copying file /usr/bin/vimtutor -> /Users/calum/Developer/Excelerator/dist/Excelerate.app/Contents/Resources/lib/tcl8.6/usr/bin/vimtutor
copying file /usr/bin/prove5.34 -> /Users/calum/Developer/Excelerator/dist/Excelerate.app/Contents/Resources/lib/tcl8.6/usr/bin/prove5.34
copying file /usr/bin/spfquery5.34 -> /Users/calum/Developer/Excelerator/dist/Excelerate.app/Contents/Resources/lib/tcl8.6/usr/bin/spfquery5.34
copying file /usr/bin/perlivp5.34 -> /Users/calum/Developer/Excelerator/dist/Excelerate.app/Contents/Resources/lib/tcl8.6/usr/bin/perlivp5.34
copying file /usr/bin/perldoc5.30 -> /Users/calum/Developer/Excelerator/dist/Excelerate.app/Contents/Resources/lib/tcl8.6/usr/bin/perldoc5.30
copying file /usr/bin/xgettext5.30.pl -> /Users/calum/Developer/Excelerator/dist/Excelerate.app/Contents/Resources/lib/tcl8.6/usr/bin/xgettext5.30.pl
copying file /usr/bin/iperf3-darwin -> /Users/calum/Developer/Excelerator/dist/Excelerate.app/Contents/Resources/lib/tcl8.6/usr/bin/iperf3-darwin
copying file /usr/bin/prove -> /Users/calum/Developer/Excelerator/dist/Excelerate.app/Contents/Resources/lib/tcl8.6/usr/bin/prove
copying file /usr/bin/newproc.d -> /Users/calum/Developer/Excelerator/dist/Excelerate.app/Contents/Resources/lib/tcl8.6/usr/bin/newproc.d
copying file /usr/bin/gencat -> /Users/calum/Developer/Excelerator/dist/Excelerate.app/Contents/Resources/lib/tcl8.6/usr/bin/gencat
copying file /usr/bin/mdutil -> /Users/calum/Developer/Excelerator/dist/Excelerate.app/Contents/Resources/lib/tcl8.6/usr/bin/mdutil
copying file /usr/bin/znew -> /Users/calum/Developer/Excelerator/dist/Excelerate.app/Contents/Resources/lib/tcl8.6/usr/bin/znew
copying file /usr/bin/podchecker -> /Users/calum/Developer/Excelerator/dist/Excelerate.app/Contents/Resources/lib/tcl8.6/usr/bin/podchecker
copying file /usr/bin/mcxrefresh -> /Users/calum/Developer/Excelerator/dist/Excelerate.app/Contents/Resources/lib/tcl8.6/usr/bin/mcxrefresh
copying file /usr/bin/colrm -> /Users/calum/Developer/Excelerator/dist/Excelerate.app/Contents/Resources/lib/tcl8.6/usr/bin/colrm
copying file /usr/bin/dbilogstrip -> /Users/calum/Developer/Excelerator/dist/Excelerate.app/Contents/Resources/lib/tcl8.6/usr/bin/dbilogstrip
copying file /usr/bin/pagestuff -> /Users/calum/Developer/Excelerator/dist/Excelerate.app/Contents/Resources/lib/tcl8.6/usr/bin/pagestuff
copying file /usr/bin/crlrefresh -> /Users/calum/Developer/Excelerator/dist/Excelerate.app/Contents/Resources/lib/tcl8.6/usr/bin/crlrefresh
copying file /usr/bin/headerdoc2html -> /Users/calum/Developer/Excelerator/dist/Excelerate.app/Contents/Resources/lib/tcl8.6/usr/bin/headerdoc2html
copying file /usr/bin/jrunscript -> /Users/calum/Developer/Excelerator/dist/Excelerate.app/Contents/Resources/lib/tcl8.6/usr/bin/jrunscript
copying file /usr/bin/pp5.34 -> /Users/calum/Developer/Excelerator/dist/Excelerate.app/Contents/Resources/lib/tcl8.6/usr/bin/pp5.34
copying file /usr/bin/filtercalltree -> /Users/calum/Developer/Excelerator/dist/Excelerate.app/Contents/Resources/lib/tcl8.6/usr/bin/filtercalltree
copying file /usr/bin/afhash -> /Users/calum/Developer/Excelerator/dist/Excelerate.app/Contents/Resources/lib/tcl8.6/usr/bin/afhash
copying file /usr/bin/sandbox-exec -> /Users/calum/Developer/Excelerator/dist/Excelerate.app/Contents/Resources/lib/tcl8.6/usr/bin/sandbox-exec
copying file /usr/bin/snmpvacm -> /Users/calum/Developer/Excelerator/dist/Excelerate.app/Contents/Resources/lib/tcl8.6/usr/bin/snmpvacm
copying file /usr/bin/stapler -> /Users/calum/Developer/Excelerator/dist/Excelerate.app/Contents/Resources/lib/tcl8.6/usr/bin/stapler
copying file /usr/bin/codecctl -> /Users/calum/Developer/Excelerator/dist/Excelerate.app/Contents/Resources/lib/tcl8.6/usr/bin/codecctl
copying file /usr/bin/fwkpfv -> /Users/calum/Developer/Excelerator/dist/Excelerate.app/Contents/Resources/lib/tcl8.6/usr/bin/fwkpfv
copying file /usr/bin/sftp -> /Users/calum/Developer/Excelerator/dist/Excelerate.app/Contents/Resources/lib/tcl8.6/usr/bin/sftp
copying file /usr/bin/wc -> /Users/calum/Developer/Excelerator/dist/Excelerate.app/Contents/Resources/lib/tcl8.6/usr/bin/wc
copying file /usr/bin/jps -> /Users/calum/Developer/Excelerator/dist/Excelerate.app/Contents/Resources/lib/tcl8.6/usr/bin/jps
copying file /usr/bin/rsync -> /Users/calum/Developer/Excelerator/dist/Excelerate.app/Contents/Resources/lib/tcl8.6/usr/bin/rsync
copying file /usr/bin/osacompile -> /Users/calum/Developer/Excelerator/dist/Excelerate.app/Contents/Resources/lib/tcl8.6/usr/bin/osacompile
copying file /usr/bin/yamlpp-load5.30 -> /Users/calum/Developer/Excelerator/dist/Excelerate.app/Contents/Resources/lib/tcl8.6/usr/bin/yamlpp-load5.30
copying file /usr/bin/hdxml2manxml -> /Users/calum/Developer/Excelerator/dist/Excelerate.app/Contents/Resources/lib/tcl8.6/usr/bin/hdxml2manxml
copying file /usr/bin/gzcat -> /Users/calum/Developer/Excelerator/dist/Excelerate.app/Contents/Resources/lib/tcl8.6/usr/bin/gzcat
copying file /usr/bin/delv -> /Users/calum/Developer/Excelerator/dist/Excelerate.app/Contents/Resources/lib/tcl8.6/usr/bin/delv
copying file /usr/bin/thermal -> /Users/calum/Developer/Excelerator/dist/Excelerate.app/Contents/Resources/lib/tcl8.6/usr/bin/thermal
copying file /usr/bin/pico -> /Users/calum/Developer/Excelerator/dist/Excelerate.app/Contents/Resources/lib/tcl8.6/usr/bin/pico
copying file /usr/bin/IOMFB_FDR_Loader -> /Users/calum/Developer/Excelerator/dist/Excelerate.app/Contents/Resources/lib/tcl8.6/usr/bin/IOMFB_FDR_Loader
copying file /usr/bin/shasum -> /Users/calum/Developer/Excelerator/dist/Excelerate.app/Contents/Resources/lib/tcl8.6/usr/bin/shasum
copying file /usr/bin/comm -> /Users/calum/Developer/Excelerator/dist/Excelerate.app/Contents/Resources/lib/tcl8.6/usr/bin/comm
copying file /usr/bin/mpsgraphtool -> /Users/calum/Developer/Excelerator/dist/Excelerate.app/Contents/Resources/lib/tcl8.6/usr/bin/mpsgraphtool
copying file /usr/bin/resolveLinks -> /Users/calum/Developer/Excelerator/dist/Excelerate.app/Contents/Resources/lib/tcl8.6/usr/bin/resolveLinks
copying file /usr/bin/xcdebug -> /Users/calum/Developer/Excelerator/dist/Excelerate.app/Contents/Resources/lib/tcl8.6/usr/bin/xcdebug
copying file /usr/bin/dbicadmin5.30 -> /Users/calum/Developer/Excelerator/dist/Excelerate.app/Contents/Resources/lib/tcl8.6/usr/bin/dbicadmin5.30
copying file /usr/bin/lpq -> /Users/calum/Developer/Excelerator/dist/Excelerate.app/Contents/Resources/lib/tcl8.6/usr/bin/lpq
copying file /usr/bin/java -> /Users/calum/Developer/Excelerator/dist/Excelerate.app/Contents/Resources/lib/tcl8.6/usr/bin/java
copying file /usr/bin/bundle -> /Users/calum/Developer/Excelerator/dist/Excelerate.app/Contents/Resources/lib/tcl8.6/usr/bin/bundle
copying file /usr/bin/gzip -> /Users/calum/Developer/Excelerator/dist/Excelerate.app/Contents/Resources/lib/tcl8.6/usr/bin/gzip
copying file /usr/bin/yamlpp-events5.30 -> /Users/calum/Developer/Excelerator/dist/Excelerate.app/Contents/Resources/lib/tcl8.6/usr/bin/yamlpp-events5.30
copying file /usr/bin/zipcloak -> /Users/calum/Developer/Excelerator/dist/Excelerate.app/Contents/Resources/lib/tcl8.6/usr/bin/zipcloak
copying file /usr/bin/git-upload-archive -> /Users/calum/Developer/Excelerator/dist/Excelerate.app/Contents/Resources/lib/tcl8.6/usr/bin/git-upload-archive
copying file /usr/bin/xml2-config -> /Users/calum/Developer/Excelerator/dist/Excelerate.app/Contents/Resources/lib/tcl8.6/usr/bin/xml2-config
copying file /usr/bin/encode_keychange -> /Users/calum/Developer/Excelerator/dist/Excelerate.app/Contents/Resources/lib/tcl8.6/usr/bin/encode_keychange
copying file /usr/bin/traptoemail -> /Users/calum/Developer/Excelerator/dist/Excelerate.app/Contents/Resources/lib/tcl8.6/usr/bin/traptoemail
copying file /usr/bin/gcc -> /Users/calum/Developer/Excelerator/dist/Excelerate.app/Contents/Resources/lib/tcl8.6/usr/bin/gcc
copying file /usr/bin/smbutil -> /Users/calum/Developer/Excelerator/dist/Excelerate.app/Contents/Resources/lib/tcl8.6/usr/bin/smbutil
copying file /usr/bin/diff -> /Users/calum/Developer/Excelerator/dist/Excelerate.app/Contents/Resources/lib/tcl8.6/usr/bin/diff
copying file /usr/bin/ri -> /Users/calum/Developer/Excelerator/dist/Excelerate.app/Contents/Resources/lib/tcl8.6/usr/bin/ri
copying file /usr/bin/agvtool -> /Users/calum/Developer/Excelerator/dist/Excelerate.app/Contents/Resources/lib/tcl8.6/usr/bin/agvtool
copying file /usr/bin/cksum -> /Users/calum/Developer/Excelerator/dist/Excelerate.app/Contents/Resources/lib/tcl8.6/usr/bin/cksum
copying file /usr/bin/corelist5.34 -> /Users/calum/Developer/Excelerator/dist/Excelerate.app/Contents/Resources/lib/tcl8.6/usr/bin/corelist5.34
copying file /usr/bin/segedit -> /Users/calum/Developer/Excelerator/dist/Excelerate.app/Contents/Resources/lib/tcl8.6/usr/bin/segedit
copying file /usr/bin/zipnote -> /Users/calum/Developer/Excelerator/dist/Excelerate.app/Contents/Resources/lib/tcl8.6/usr/bin/zipnote
copying file /usr/bin/ptar -> /Users/calum/Developer/Excelerator/dist/Excelerate.app/Contents/Resources/lib/tcl8.6/usr/bin/ptar
copying file /usr/bin/printf -> /Users/calum/Developer/Excelerator/dist/Excelerate.app/Contents/Resources/lib/tcl8.6/usr/bin/printf
copying file /usr/bin/iptab5.34 -> /Users/calum/Developer/Excelerator/dist/Excelerate.app/Contents/Resources/lib/tcl8.6/usr/bin/iptab5.34
copying file /usr/bin/AssetCacheTetheratorUtil -> /Users/calum/Developer/Excelerator/dist/Excelerate.app/Contents/Resources/lib/tcl8.6/usr/bin/AssetCacheTetheratorUtil
copying file /usr/bin/column -> /Users/calum/Developer/Excelerator/dist/Excelerate.app/Contents/Resources/lib/tcl8.6/usr/bin/column
copying file /usr/bin/ldapexop -> /Users/calum/Developer/Excelerator/dist/Excelerate.app/Contents/Resources/lib/tcl8.6/usr/bin/ldapexop
copying file /usr/bin/ippfind -> /Users/calum/Developer/Excelerator/dist/Excelerate.app/Contents/Resources/lib/tcl8.6/usr/bin/ippfind
copying file /usr/bin/syscallbysysc.d -> /Users/calum/Developer/Excelerator/dist/Excelerate.app/Contents/Resources/lib/tcl8.6/usr/bin/syscallbysysc.d
copying file /usr/bin/groups -> /Users/calum/Developer/Excelerator/dist/Excelerate.app/Contents/Resources/lib/tcl8.6/usr/bin/groups
copying file /usr/bin/dwarfdump -> /Users/calum/Developer/Excelerator/dist/Excelerate.app/Contents/Resources/lib/tcl8.6/usr/bin/dwarfdump
copying file /usr/bin/ppdc -> /Users/calum/Developer/Excelerator/dist/Excelerate.app/Contents/Resources/lib/tcl8.6/usr/bin/ppdc
copying file /usr/bin/rs -> /Users/calum/Developer/Excelerator/dist/Excelerate.app/Contents/Resources/lib/tcl8.6/usr/bin/rs
copying file /usr/bin/spfd -> /Users/calum/Developer/Excelerator/dist/Excelerate.app/Contents/Resources/lib/tcl8.6/usr/bin/spfd
copying file /usr/bin/config_data -> /Users/calum/Developer/Excelerator/dist/Excelerate.app/Contents/Resources/lib/tcl8.6/usr/bin/config_data
copying file /usr/bin/slogin -> /Users/calum/Developer/Excelerator/dist/Excelerate.app/Contents/Resources/lib/tcl8.6/usr/bin/slogin
copying file /usr/bin/latency -> /Users/calum/Developer/Excelerator/dist/Excelerate.app/Contents/Resources/lib/tcl8.6/usr/bin/latency
copying file /usr/bin/lsm -> /Users/calum/Developer/Excelerator/dist/Excelerate.app/Contents/Resources/lib/tcl8.6/usr/bin/lsm
copying file /usr/bin/h2ph5.30 -> /Users/calum/Developer/Excelerator/dist/Excelerate.app/Contents/Resources/lib/tcl8.6/usr/bin/h2ph5.30
copying file /usr/bin/xar -> /Users/calum/Developer/Excelerator/dist/Excelerate.app/Contents/Resources/lib/tcl8.6/usr/bin/xar
copying file /usr/bin/db_codegen -> /Users/calum/Developer/Excelerator/dist/Excelerate.app/Contents/Resources/lib/tcl8.6/usr/bin/db_codegen
copying file /usr/bin/lwp-request5.34 -> /Users/calum/Developer/Excelerator/dist/Excelerate.app/Contents/Resources/lib/tcl8.6/usr/bin/lwp-request5.34
copying file /usr/bin/dns-sd -> /Users/calum/Developer/Excelerator/dist/Excelerate.app/Contents/Resources/lib/tcl8.6/usr/bin/dns-sd
copying file /usr/bin/tab2space -> /Users/calum/Developer/Excelerator/dist/Excelerate.app/Contents/Resources/lib/tcl8.6/usr/bin/tab2space
copying file /usr/bin/avconvert -> /Users/calum/Developer/Excelerator/dist/Excelerate.app/Contents/Resources/lib/tcl8.6/usr/bin/avconvert
copying file /usr/bin/xsubpp5.30 -> /Users/calum/Developer/Excelerator/dist/Excelerate.app/Contents/Resources/lib/tcl8.6/usr/bin/xsubpp5.30
copying file /usr/bin/jhsdb -> /Users/calum/Developer/Excelerator/dist/Excelerate.app/Contents/Resources/lib/tcl8.6/usr/bin/jhsdb
copying file /usr/bin/unzipsfx -> /Users/calum/Developer/Excelerator/dist/Excelerate.app/Contents/Resources/lib/tcl8.6/usr/bin/unzipsfx
copying file /usr/bin/crc325.34 -> /Users/calum/Developer/Excelerator/dist/Excelerate.app/Contents/Resources/lib/tcl8.6/usr/bin/crc325.34
copying file /usr/bin/treereg -> /Users/calum/Developer/Excelerator/dist/Excelerate.app/Contents/Resources/lib/tcl8.6/usr/bin/treereg
copying file /usr/bin/parl5.30 -> /Users/calum/Developer/Excelerator/dist/Excelerate.app/Contents/Resources/lib/tcl8.6/usr/bin/parl5.30
copying file /usr/bin/spfd5.34 -> /Users/calum/Developer/Excelerator/dist/Excelerate.app/Contents/Resources/lib/tcl8.6/usr/bin/spfd5.34
copying file /usr/bin/csreq -> /Users/calum/Developer/Excelerator/dist/Excelerate.app/Contents/Resources/lib/tcl8.6/usr/bin/csreq
copying file /usr/bin/whatis -> /Users/calum/Developer/Excelerator/dist/Excelerate.app/Contents/Resources/lib/tcl8.6/usr/bin/whatis
copying file /usr/bin/gperf -> /Users/calum/Developer/Excelerator/dist/Excelerate.app/Contents/Resources/lib/tcl8.6/usr/bin/gperf
copying file /usr/bin/iconutil -> /Users/calum/Developer/Excelerator/dist/Excelerate.app/Contents/Resources/lib/tcl8.6/usr/bin/iconutil
copying file /usr/bin/zipsplit -> /Users/calum/Developer/Excelerator/dist/Excelerate.app/Contents/Resources/lib/tcl8.6/usr/bin/zipsplit
copying file /usr/bin/lwp-dump -> /Users/calum/Developer/Excelerator/dist/Excelerate.app/Contents/Resources/lib/tcl8.6/usr/bin/lwp-dump
copying file /usr/bin/pathopens.d -> /Users/calum/Developer/Excelerator/dist/Excelerate.app/Contents/Resources/lib/tcl8.6/usr/bin/pathopens.d
copying file /usr/bin/tail -> /Users/calum/Developer/Excelerator/dist/Excelerate.app/Contents/Resources/lib/tcl8.6/usr/bin/tail
copying file /usr/bin/whois -> /Users/calum/Developer/Excelerator/dist/Excelerate.app/Contents/Resources/lib/tcl8.6/usr/bin/whois
copying file /usr/bin/nsupdate -> /Users/calum/Developer/Excelerator/dist/Excelerate.app/Contents/Resources/lib/tcl8.6/usr/bin/nsupdate
copying file /usr/bin/crc32 -> /Users/calum/Developer/Excelerator/dist/Excelerate.app/Contents/Resources/lib/tcl8.6/usr/bin/crc32
copying file /usr/bin/ldapdelete -> /Users/calum/Developer/Excelerator/dist/Excelerate.app/Contents/Resources/lib/tcl8.6/usr/bin/ldapdelete
copying file /usr/bin/grep -> /Users/calum/Developer/Excelerator/dist/Excelerate.app/Contents/Resources/lib/tcl8.6/usr/bin/grep
copying file /usr/bin/macerror5.34 -> /Users/calum/Developer/Excelerator/dist/Excelerate.app/Contents/Resources/lib/tcl8.6/usr/bin/macerror5.34
copying file /usr/bin/moose-outdated5.30 -> /Users/calum/Developer/Excelerator/dist/Excelerate.app/Contents/Resources/lib/tcl8.6/usr/bin/moose-outdated5.30
copying file /usr/bin/rwbytype.d -> /Users/calum/Developer/Excelerator/dist/Excelerate.app/Contents/Resources/lib/tcl8.6/usr/bin/rwbytype.d
copying file /usr/bin/script -> /Users/calum/Developer/Excelerator/dist/Excelerate.app/Contents/Resources/lib/tcl8.6/usr/bin/script
copying file /usr/bin/pod2text5.30 -> /Users/calum/Developer/Excelerator/dist/Excelerate.app/Contents/Resources/lib/tcl8.6/usr/bin/pod2text5.30
copying file /usr/bin/vtool -> /Users/calum/Developer/Excelerator/dist/Excelerate.app/Contents/Resources/lib/tcl8.6/usr/bin/vtool
copying file /usr/bin/more -> /Users/calum/Developer/Excelerator/dist/Excelerate.app/Contents/Resources/lib/tcl8.6/usr/bin/more
copying file /usr/bin/ldapwhoami -> /Users/calum/Developer/Excelerator/dist/Excelerate.app/Contents/Resources/lib/tcl8.6/usr/bin/ldapwhoami
copying file /usr/bin/pl2pm -> /Users/calum/Developer/Excelerator/dist/Excelerate.app/Contents/Resources/lib/tcl8.6/usr/bin/pl2pm
copying file /usr/bin/ncinit -> /Users/calum/Developer/Excelerator/dist/Excelerate.app/Contents/Resources/lib/tcl8.6/usr/bin/ncinit
copying file /usr/bin/tkmib -> /Users/calum/Developer/Excelerator/dist/Excelerate.app/Contents/Resources/lib/tcl8.6/usr/bin/tkmib
copying file /usr/bin/cal -> /Users/calum/Developer/Excelerator/dist/Excelerate.app/Contents/Resources/lib/tcl8.6/usr/bin/cal
copying file /usr/bin/afplay -> /Users/calum/Developer/Excelerator/dist/Excelerate.app/Contents/Resources/lib/tcl8.6/usr/bin/afplay
copying file /usr/bin/time -> /Users/calum/Developer/Excelerator/dist/Excelerate.app/Contents/Resources/lib/tcl8.6/usr/bin/time
copying file /usr/bin/ssh-agent -> /Users/calum/Developer/Excelerator/dist/Excelerate.app/Contents/Resources/lib/tcl8.6/usr/bin/ssh-agent
copying file /usr/bin/afktool -> /Users/calum/Developer/Excelerator/dist/Excelerate.app/Contents/Resources/lib/tcl8.6/usr/bin/afktool
copying file /usr/bin/gcore -> /Users/calum/Developer/Excelerator/dist/Excelerate.app/Contents/Resources/lib/tcl8.6/usr/bin/gcore
copying file /usr/bin/javap -> /Users/calum/Developer/Excelerator/dist/Excelerate.app/Contents/Resources/lib/tcl8.6/usr/bin/javap
copying file /usr/bin/xed -> /Users/calum/Developer/Excelerator/dist/Excelerate.app/Contents/Resources/lib/tcl8.6/usr/bin/xed
copying file /usr/bin/uuname -> /Users/calum/Developer/Excelerator/dist/Excelerate.app/Contents/Resources/lib/tcl8.6/usr/bin/uuname
copying file /usr/bin/javaws -> /Users/calum/Developer/Excelerator/dist/Excelerate.app/Contents/Resources/lib/tcl8.6/usr/bin/javaws
copying file /usr/bin/ptar5.34 -> /Users/calum/Developer/Excelerator/dist/Excelerate.app/Contents/Resources/lib/tcl8.6/usr/bin/ptar5.34
copying file /usr/bin/findrule5.34 -> /Users/calum/Developer/Excelerator/dist/Excelerate.app/Contents/Resources/lib/tcl8.6/usr/bin/findrule5.34
copying file /usr/bin/env -> /Users/calum/Developer/Excelerator/dist/Excelerate.app/Contents/Resources/lib/tcl8.6/usr/bin/env
copying file /usr/bin/pr -> /Users/calum/Developer/Excelerator/dist/Excelerate.app/Contents/Resources/lib/tcl8.6/usr/bin/pr
copying file /usr/bin/h2xs5.34 -> /Users/calum/Developer/Excelerator/dist/Excelerate.app/Contents/Resources/lib/tcl8.6/usr/bin/h2xs5.34
copying file /usr/bin/head -> /Users/calum/Developer/Excelerator/dist/Excelerate.app/Contents/Resources/lib/tcl8.6/usr/bin/head
copying file /usr/bin/dsymutil -> /Users/calum/Developer/Excelerator/dist/Excelerate.app/Contents/Resources/lib/tcl8.6/usr/bin/dsymutil
copying file /usr/bin/clear -> /Users/calum/Developer/Excelerator/dist/Excelerate.app/Contents/Resources/lib/tcl8.6/usr/bin/clear
copying file /usr/bin/manpath -> /Users/calum/Developer/Excelerator/dist/Excelerate.app/Contents/Resources/lib/tcl8.6/usr/bin/manpath
copying file /usr/bin/apropos -> /Users/calum/Developer/Excelerator/dist/Excelerate.app/Contents/Resources/lib/tcl8.6/usr/bin/apropos
copying file /usr/bin/units -> /Users/calum/Developer/Excelerator/dist/Excelerate.app/Contents/Resources/lib/tcl8.6/usr/bin/units
copying file /usr/bin/curl-config -> /Users/calum/Developer/Excelerator/dist/Excelerate.app/Contents/Resources/lib/tcl8.6/usr/bin/curl-config
copying file /usr/bin/htmltree5.34 -> /Users/calum/Developer/Excelerator/dist/Excelerate.app/Contents/Resources/lib/tcl8.6/usr/bin/htmltree5.34
copying file /usr/bin/lwp-mirror5.34 -> /Users/calum/Developer/Excelerator/dist/Excelerate.app/Contents/Resources/lib/tcl8.6/usr/bin/lwp-mirror5.34
copying file /usr/bin/ptargrep5.34 -> /Users/calum/Developer/Excelerator/dist/Excelerate.app/Contents/Resources/lib/tcl8.6/usr/bin/ptargrep5.34
copying file /usr/bin/kgetcred -> /Users/calum/Developer/Excelerator/dist/Excelerate.app/Contents/Resources/lib/tcl8.6/usr/bin/kgetcred
copying file /usr/bin/rev -> /Users/calum/Developer/Excelerator/dist/Excelerate.app/Contents/Resources/lib/tcl8.6/usr/bin/rev
copying file /usr/bin/SplitForks -> /Users/calum/Developer/Excelerator/dist/Excelerate.app/Contents/Resources/lib/tcl8.6/usr/bin/SplitForks
copying file /usr/bin/uniq -> /Users/calum/Developer/Excelerator/dist/Excelerate.app/Contents/Resources/lib/tcl8.6/usr/bin/uniq
copying file /usr/bin/tclsh -> /Users/calum/Developer/Excelerator/dist/Excelerate.app/Contents/Resources/lib/tcl8.6/usr/bin/tclsh
copying file /usr/bin/binhex5.30.pl -> /Users/calum/Developer/Excelerator/dist/Excelerate.app/Contents/Resources/lib/tcl8.6/usr/bin/binhex5.30.pl
copying file /usr/bin/shazam -> /Users/calum/Developer/Excelerator/dist/Excelerate.app/Contents/Resources/lib/tcl8.6/usr/bin/shazam
copying file /usr/bin/productsign -> /Users/calum/Developer/Excelerator/dist/Excelerate.app/Contents/Resources/lib/tcl8.6/usr/bin/productsign
copying file /usr/bin/mklocale -> /Users/calum/Developer/Excelerator/dist/Excelerate.app/Contents/Resources/lib/tcl8.6/usr/bin/mklocale
copying file /usr/bin/defaults -> /Users/calum/Developer/Excelerator/dist/Excelerate.app/Contents/Resources/lib/tcl8.6/usr/bin/defaults
copying file /usr/bin/tic -> /Users/calum/Developer/Excelerator/dist/Excelerate.app/Contents/Resources/lib/tcl8.6/usr/bin/tic
copying file /usr/bin/zip -> /Users/calum/Developer/Excelerator/dist/Excelerate.app/Contents/Resources/lib/tcl8.6/usr/bin/zip
copying file /usr/bin/uulog -> /Users/calum/Developer/Excelerator/dist/Excelerate.app/Contents/Resources/lib/tcl8.6/usr/bin/uulog
copying file /usr/bin/pl2pm5.34 -> /Users/calum/Developer/Excelerator/dist/Excelerate.app/Contents/Resources/lib/tcl8.6/usr/bin/pl2pm5.34
copying file /usr/bin/atrm -> /Users/calum/Developer/Excelerator/dist/Excelerate.app/Contents/Resources/lib/tcl8.6/usr/bin/atrm
copying file /usr/bin/curl -> /Users/calum/Developer/Excelerator/dist/Excelerate.app/Contents/Resources/lib/tcl8.6/usr/bin/curl
copying file /usr/bin/wdutil -> /Users/calum/Developer/Excelerator/dist/Excelerate.app/Contents/Resources/lib/tcl8.6/usr/bin/wdutil
copying file /usr/bin/agentxtrap -> /Users/calum/Developer/Excelerator/dist/Excelerate.app/Contents/Resources/lib/tcl8.6/usr/bin/agentxtrap
copying file /usr/bin/db_verify -> /Users/calum/Developer/Excelerator/dist/Excelerate.app/Contents/Resources/lib/tcl8.6/usr/bin/db_verify
copying file /usr/bin/servertool -> /Users/calum/Developer/Excelerator/dist/Excelerate.app/Contents/Resources/lib/tcl8.6/usr/bin/servertool
copying file /usr/bin/newgrp -> /Users/calum/Developer/Excelerator/dist/Excelerate.app/Contents/Resources/lib/tcl8.6/usr/bin/newgrp
copying file /usr/bin/pod2usage5.34 -> /Users/calum/Developer/Excelerator/dist/Excelerate.app/Contents/Resources/lib/tcl8.6/usr/bin/pod2usage5.34
copying file /usr/bin/timerfires -> /Users/calum/Developer/Excelerator/dist/Excelerate.app/Contents/Resources/lib/tcl8.6/usr/bin/timerfires
copying file /usr/bin/rpcgen -> /Users/calum/Developer/Excelerator/dist/Excelerate.app/Contents/Resources/lib/tcl8.6/usr/bin/rpcgen
copying file /usr/bin/swcutil -> /Users/calum/Developer/Excelerator/dist/Excelerate.app/Contents/Resources/lib/tcl8.6/usr/bin/swcutil
copying file /usr/bin/perlthanks -> /Users/calum/Developer/Excelerator/dist/Excelerate.app/Contents/Resources/lib/tcl8.6/usr/bin/perlthanks
copying file /usr/bin/dbiprof5.34 -> /Users/calum/Developer/Excelerator/dist/Excelerate.app/Contents/Resources/lib/tcl8.6/usr/bin/dbiprof5.34
copying file /usr/bin/parldyn5.30 -> /Users/calum/Developer/Excelerator/dist/Excelerate.app/Contents/Resources/lib/tcl8.6/usr/bin/parldyn5.30
copying file /usr/bin/snmpnetstat -> /Users/calum/Developer/Excelerator/dist/Excelerate.app/Contents/Resources/lib/tcl8.6/usr/bin/snmpnetstat
copying file /usr/bin/package-stash-conflicts5.34 -> /Users/calum/Developer/Excelerator/dist/Excelerate.app/Contents/Resources/lib/tcl8.6/usr/bin/package-stash-conflicts5.34
copying file /usr/bin/lastcomm -> /Users/calum/Developer/Excelerator/dist/Excelerate.app/Contents/Resources/lib/tcl8.6/usr/bin/lastcomm
copying file /usr/bin/getconf -> /Users/calum/Developer/Excelerator/dist/Excelerate.app/Contents/Resources/lib/tcl8.6/usr/bin/getconf
copying file /usr/bin/kpasswd -> /Users/calum/Developer/Excelerator/dist/Excelerate.app/Contents/Resources/lib/tcl8.6/usr/bin/kpasswd
copying file /usr/bin/dist_package_tool -> /Users/calum/Developer/Excelerator/dist/Excelerate.app/Contents/Resources/lib/tcl8.6/usr/bin/dist_package_tool
copying file /usr/bin/vis -> /Users/calum/Developer/Excelerator/dist/Excelerate.app/Contents/Resources/lib/tcl8.6/usr/bin/vis
copying file /usr/bin/dbiproxy -> /Users/calum/Developer/Excelerator/dist/Excelerate.app/Contents/Resources/lib/tcl8.6/usr/bin/dbiproxy
copying file /usr/bin/ipcrm -> /Users/calum/Developer/Excelerator/dist/Excelerate.app/Contents/Resources/lib/tcl8.6/usr/bin/ipcrm
copying file /usr/bin/bputil -> /Users/calum/Developer/Excelerator/dist/Excelerate.app/Contents/Resources/lib/tcl8.6/usr/bin/bputil
copying file /usr/bin/net-snmp-config -> /Users/calum/Developer/Excelerator/dist/Excelerate.app/Contents/Resources/lib/tcl8.6/usr/bin/net-snmp-config
copying file /usr/bin/otool -> /Users/calum/Developer/Excelerator/dist/Excelerate.app/Contents/Resources/lib/tcl8.6/usr/bin/otool
copying file /usr/bin/lwp-dump5.30 -> /Users/calum/Developer/Excelerator/dist/Excelerate.app/Contents/Resources/lib/tcl8.6/usr/bin/lwp-dump5.30
copying file /usr/bin/killall -> /Users/calum/Developer/Excelerator/dist/Excelerate.app/Contents/Resources/lib/tcl8.6/usr/bin/killall
copying file /usr/bin/patch -> /Users/calum/Developer/Excelerator/dist/Excelerate.app/Contents/Resources/lib/tcl8.6/usr/bin/patch
copying file /usr/bin/tailspin -> /Users/calum/Developer/Excelerator/dist/Excelerate.app/Contents/Resources/lib/tcl8.6/usr/bin/tailspin
copying file /usr/bin/su -> /Users/calum/Developer/Excelerator/dist/Excelerate.app/Contents/Resources/lib/tcl8.6/usr/bin/su
copying file /usr/bin/ul -> /Users/calum/Developer/Excelerator/dist/Excelerate.app/Contents/Resources/lib/tcl8.6/usr/bin/ul
copying file /usr/bin/compression_tool -> /Users/calum/Developer/Excelerator/dist/Excelerate.app/Contents/Resources/lib/tcl8.6/usr/bin/compression_tool
copying file /usr/bin/dbiproxy5.30 -> /Users/calum/Developer/Excelerator/dist/Excelerate.app/Contents/Resources/lib/tcl8.6/usr/bin/dbiproxy5.30
copying file /usr/bin/tkcon -> /Users/calum/Developer/Excelerator/dist/Excelerate.app/Contents/Resources/lib/tcl8.6/usr/bin/tkcon
copying file /usr/bin/ssh -> /Users/calum/Developer/Excelerator/dist/Excelerate.app/Contents/Resources/lib/tcl8.6/usr/bin/ssh
copying file /usr/bin/kdestroy -> /Users/calum/Developer/Excelerator/dist/Excelerate.app/Contents/Resources/lib/tcl8.6/usr/bin/kdestroy
copying file /usr/bin/yapp5.30 -> /Users/calum/Developer/Excelerator/dist/Excelerate.app/Contents/Resources/lib/tcl8.6/usr/bin/yapp5.30
copying file /usr/bin/snmpgetnext -> /Users/calum/Developer/Excelerator/dist/Excelerate.app/Contents/Resources/lib/tcl8.6/usr/bin/snmpgetnext
copying file /usr/bin/type -> /Users/calum/Developer/Excelerator/dist/Excelerate.app/Contents/Resources/lib/tcl8.6/usr/bin/type
copying file /usr/bin/xsubpp -> /Users/calum/Developer/Excelerator/dist/Excelerate.app/Contents/Resources/lib/tcl8.6/usr/bin/xsubpp
copying file /usr/bin/jhat -> /Users/calum/Developer/Excelerator/dist/Excelerate.app/Contents/Resources/lib/tcl8.6/usr/bin/jhat
copying file /usr/bin/tidy -> /Users/calum/Developer/Excelerator/dist/Excelerate.app/Contents/Resources/lib/tcl8.6/usr/bin/tidy
copying file /usr/bin/tftp -> /Users/calum/Developer/Excelerator/dist/Excelerate.app/Contents/Resources/lib/tcl8.6/usr/bin/tftp
copying file /usr/bin/assetutil -> /Users/calum/Developer/Excelerator/dist/Excelerate.app/Contents/Resources/lib/tcl8.6/usr/bin/assetutil
copying file /usr/bin/AssetCacheLocatorUtil -> /Users/calum/Developer/Excelerator/dist/Excelerate.app/Contents/Resources/lib/tcl8.6/usr/bin/AssetCacheLocatorUtil
copying file /usr/bin/orbd -> /Users/calum/Developer/Excelerator/dist/Excelerate.app/Contents/Resources/lib/tcl8.6/usr/bin/orbd
copying file /usr/bin/usbcfwflasher -> /Users/calum/Developer/Excelerator/dist/Excelerate.app/Contents/Resources/lib/tcl8.6/usr/bin/usbcfwflasher
copying file /usr/bin/streamzip -> /Users/calum/Developer/Excelerator/dist/Excelerate.app/Contents/Resources/lib/tcl8.6/usr/bin/streamzip
copying file /usr/bin/networkQuality -> /Users/calum/Developer/Excelerator/dist/Excelerate.app/Contents/Resources/lib/tcl8.6/usr/bin/networkQuality
copying file /usr/bin/ktrace -> /Users/calum/Developer/Excelerator/dist/Excelerate.app/Contents/Resources/lib/tcl8.6/usr/bin/ktrace
copying file /usr/bin/DeRez -> /Users/calum/Developer/Excelerator/dist/Excelerate.app/Contents/Resources/lib/tcl8.6/usr/bin/DeRez
copying file /usr/bin/textutil -> /Users/calum/Developer/Excelerator/dist/Excelerate.app/Contents/Resources/lib/tcl8.6/usr/bin/textutil
copying file /usr/bin/xgettext.pl -> /Users/calum/Developer/Excelerator/dist/Excelerate.app/Contents/Resources/lib/tcl8.6/usr/bin/xgettext.pl
copying file /usr/bin/automator -> /Users/calum/Developer/Excelerator/dist/Excelerate.app/Contents/Resources/lib/tcl8.6/usr/bin/automator
copying file /usr/bin/wsgen -> /Users/calum/Developer/Excelerator/dist/Excelerate.app/Contents/Resources/lib/tcl8.6/usr/bin/wsgen
copying file /usr/bin/stat -> /Users/calum/Developer/Excelerator/dist/Excelerate.app/Contents/Resources/lib/tcl8.6/usr/bin/stat
copying file /usr/bin/perldoc -> /Users/calum/Developer/Excelerator/dist/Excelerate.app/Contents/Resources/lib/tcl8.6/usr/bin/perldoc
copying file /usr/bin/javac -> /Users/calum/Developer/Excelerator/dist/Excelerate.app/Contents/Resources/lib/tcl8.6/usr/bin/javac
copying file /usr/bin/xcsdiagnose -> /Users/calum/Developer/Excelerator/dist/Excelerate.app/Contents/Resources/lib/tcl8.6/usr/bin/xcsdiagnose
copying file /usr/bin/mdfind -> /Users/calum/Developer/Excelerator/dist/Excelerate.app/Contents/Resources/lib/tcl8.6/usr/bin/mdfind
copying file /usr/bin/mdls -> /Users/calum/Developer/Excelerator/dist/Excelerate.app/Contents/Resources/lib/tcl8.6/usr/bin/mdls
copying file /usr/bin/codesign_allocate -> /Users/calum/Developer/Excelerator/dist/Excelerate.app/Contents/Resources/lib/tcl8.6/usr/bin/codesign_allocate
copying file /usr/bin/binhex5.34.pl -> /Users/calum/Developer/Excelerator/dist/Excelerate.app/Contents/Resources/lib/tcl8.6/usr/bin/binhex5.34.pl
copying file /usr/bin/mddiagnose -> /Users/calum/Developer/Excelerator/dist/Excelerate.app/Contents/Resources/lib/tcl8.6/usr/bin/mddiagnose
copying file /usr/bin/snmpbulkwalk -> /Users/calum/Developer/Excelerator/dist/Excelerate.app/Contents/Resources/lib/tcl8.6/usr/bin/snmpbulkwalk
copying file /usr/bin/keytool -> /Users/calum/Developer/Excelerator/dist/Excelerate.app/Contents/Resources/lib/tcl8.6/usr/bin/keytool
copying file /usr/bin/tidy_changelog5.34 -> /Users/calum/Developer/Excelerator/dist/Excelerate.app/Contents/Resources/lib/tcl8.6/usr/bin/tidy_changelog5.34
copying file /usr/bin/fileproviderctl -> /Users/calum/Developer/Excelerator/dist/Excelerate.app/Contents/Resources/lib/tcl8.6/usr/bin/fileproviderctl
copying file /usr/bin/binhex.pl -> /Users/calum/Developer/Excelerator/dist/Excelerate.app/Contents/Resources/lib/tcl8.6/usr/bin/binhex.pl
copying file /usr/bin/IOSDebug -> /Users/calum/Developer/Excelerator/dist/Excelerate.app/Contents/Resources/lib/tcl8.6/usr/bin/IOSDebug
copying file /usr/bin/dtruss -> /Users/calum/Developer/Excelerator/dist/Excelerate.app/Contents/Resources/lib/tcl8.6/usr/bin/dtruss
copying file /usr/bin/dserr -> /Users/calum/Developer/Excelerator/dist/Excelerate.app/Contents/Resources/lib/tcl8.6/usr/bin/dserr
copying file /usr/bin/tiff2icns -> /Users/calum/Developer/Excelerator/dist/Excelerate.app/Contents/Resources/lib/tcl8.6/usr/bin/tiff2icns
copying file /usr/bin/mandoc -> /Users/calum/Developer/Excelerator/dist/Excelerate.app/Contents/Resources/lib/tcl8.6/usr/bin/mandoc
copying file /usr/bin/pbpaste -> /Users/calum/Developer/Excelerator/dist/Excelerate.app/Contents/Resources/lib/tcl8.6/usr/bin/pbpaste
copying file /usr/bin/policytool -> /Users/calum/Developer/Excelerator/dist/Excelerate.app/Contents/Resources/lib/tcl8.6/usr/bin/policytool
copying file /usr/bin/yamlpp-highlight5.34 -> /Users/calum/Developer/Excelerator/dist/Excelerate.app/Contents/Resources/lib/tcl8.6/usr/bin/yamlpp-highlight5.34
copying file /usr/bin/actool -> /Users/calum/Developer/Excelerator/dist/Excelerate.app/Contents/Resources/lib/tcl8.6/usr/bin/actool
copying file /usr/bin/xpath5.34 -> /Users/calum/Developer/Excelerator/dist/Excelerate.app/Contents/Resources/lib/tcl8.6/usr/bin/xpath5.34
copying file /usr/bin/heap -> /Users/calum/Developer/Excelerator/dist/Excelerate.app/Contents/Resources/lib/tcl8.6/usr/bin/heap
copying file /usr/bin/sum -> /Users/calum/Developer/Excelerator/dist/Excelerate.app/Contents/Resources/lib/tcl8.6/usr/bin/sum
copying file /usr/bin/lskq -> /Users/calum/Developer/Excelerator/dist/Excelerate.app/Contents/Resources/lib/tcl8.6/usr/bin/lskq
copying file /usr/bin/macbinary -> /Users/calum/Developer/Excelerator/dist/Excelerate.app/Contents/Resources/lib/tcl8.6/usr/bin/macbinary
copying file /usr/bin/ncdestroy -> /Users/calum/Developer/Excelerator/dist/Excelerate.app/Contents/Resources/lib/tcl8.6/usr/bin/ncdestroy
copying file /usr/bin/nc -> /Users/calum/Developer/Excelerator/dist/Excelerate.app/Contents/Resources/lib/tcl8.6/usr/bin/nc
copying file /usr/bin/json_pp5.34 -> /Users/calum/Developer/Excelerator/dist/Excelerate.app/Contents/Resources/lib/tcl8.6/usr/bin/json_pp5.34
copying file /usr/bin/snmptrap -> /Users/calum/Developer/Excelerator/dist/Excelerate.app/Contents/Resources/lib/tcl8.6/usr/bin/snmptrap
copying file /usr/bin/tsort -> /Users/calum/Developer/Excelerator/dist/Excelerate.app/Contents/Resources/lib/tcl8.6/usr/bin/tsort
copying file /usr/bin/uuencode -> /Users/calum/Developer/Excelerator/dist/Excelerate.app/Contents/Resources/lib/tcl8.6/usr/bin/uuencode
copying file /usr/bin/cpp -> /Users/calum/Developer/Excelerator/dist/Excelerate.app/Contents/Resources/lib/tcl8.6/usr/bin/cpp
copying file /usr/bin/swift -> /Users/calum/Developer/Excelerator/dist/Excelerate.app/Contents/Resources/lib/tcl8.6/usr/bin/swift
copying file /usr/bin/batch -> /Users/calum/Developer/Excelerator/dist/Excelerate.app/Contents/Resources/lib/tcl8.6/usr/bin/batch
copying file /usr/bin/sqlite3 -> /Users/calum/Developer/Excelerator/dist/Excelerate.app/Contents/Resources/lib/tcl8.6/usr/bin/sqlite3
copying file /usr/bin/make -> /Users/calum/Developer/Excelerator/dist/Excelerate.app/Contents/Resources/lib/tcl8.6/usr/bin/make
copying file /usr/bin/pod2html5.34 -> /Users/calum/Developer/Excelerator/dist/Excelerate.app/Contents/Resources/lib/tcl8.6/usr/bin/pod2html5.34
copying file /usr/bin/dig -> /Users/calum/Developer/Excelerator/dist/Excelerate.app/Contents/Resources/lib/tcl8.6/usr/bin/dig
copying file /usr/bin/zipdetails5.30 -> /Users/calum/Developer/Excelerator/dist/Excelerate.app/Contents/Resources/lib/tcl8.6/usr/bin/zipdetails5.30
copying file /usr/bin/macerror -> /Users/calum/Developer/Excelerator/dist/Excelerate.app/Contents/Resources/lib/tcl8.6/usr/bin/macerror
copying file /usr/bin/infocmp -> /Users/calum/Developer/Excelerator/dist/Excelerate.app/Contents/Resources/lib/tcl8.6/usr/bin/infocmp
copying file /usr/bin/eslogger -> /Users/calum/Developer/Excelerator/dist/Excelerate.app/Contents/Resources/lib/tcl8.6/usr/bin/eslogger
copying file /usr/bin/apt -> /Users/calum/Developer/Excelerator/dist/Excelerate.app/Contents/Resources/lib/tcl8.6/usr/bin/apt
copying file /usr/bin/trimforce -> /Users/calum/Developer/Excelerator/dist/Excelerate.app/Contents/Resources/lib/tcl8.6/usr/bin/trimforce
copying file /usr/bin/nm -> /Users/calum/Developer/Excelerator/dist/Excelerate.app/Contents/Resources/lib/tcl8.6/usr/bin/nm
copying file /usr/bin/flex++ -> /Users/calum/Developer/Excelerator/dist/Excelerate.app/Contents/Resources/lib/tcl8.6/usr/bin/flex++
copying file /usr/bin/osadecompile -> /Users/calum/Developer/Excelerator/dist/Excelerate.app/Contents/Resources/lib/tcl8.6/usr/bin/osadecompile
copying file /usr/bin/IOAccelMemory -> /Users/calum/Developer/Excelerator/dist/Excelerate.app/Contents/Resources/lib/tcl8.6/usr/bin/IOAccelMemory
copying file /usr/bin/config_data5.30 -> /Users/calum/Developer/Excelerator/dist/Excelerate.app/Contents/Resources/lib/tcl8.6/usr/bin/config_data5.30
copying file /usr/bin/automationmodetool -> /Users/calum/Developer/Excelerator/dist/Excelerate.app/Contents/Resources/lib/tcl8.6/usr/bin/automationmodetool
copying file /usr/bin/ssh-add -> /Users/calum/Developer/Excelerator/dist/Excelerate.app/Contents/Resources/lib/tcl8.6/usr/bin/ssh-add
copying file /usr/bin/machine -> /Users/calum/Developer/Excelerator/dist/Excelerate.app/Contents/Resources/lib/tcl8.6/usr/bin/machine
copying file /usr/bin/encguess5.30 -> /Users/calum/Developer/Excelerator/dist/Excelerate.app/Contents/Resources/lib/tcl8.6/usr/bin/encguess5.30
copying file /usr/bin/libnetcfg5.34 -> /Users/calum/Developer/Excelerator/dist/Excelerate.app/Contents/Resources/lib/tcl8.6/usr/bin/libnetcfg5.34
copying file /usr/bin/wish8.5 -> /Users/calum/Developer/Excelerator/dist/Excelerate.app/Contents/Resources/lib/tcl8.6/usr/bin/wish8.5
copying file /usr/bin/screen -> /Users/calum/Developer/Excelerator/dist/Excelerate.app/Contents/Resources/lib/tcl8.6/usr/bin/screen
copying file /usr/bin/snmpget -> /Users/calum/Developer/Excelerator/dist/Excelerate.app/Contents/Resources/lib/tcl8.6/usr/bin/snmpget
copying file /usr/bin/piconv5.30 -> /Users/calum/Developer/Excelerator/dist/Excelerate.app/Contents/Resources/lib/tcl8.6/usr/bin/piconv5.30
copying file /usr/bin/pcsctest -> /Users/calum/Developer/Excelerator/dist/Excelerate.app/Contents/Resources/lib/tcl8.6/usr/bin/pcsctest
copying file /usr/bin/codesign -> /Users/calum/Developer/Excelerator/dist/Excelerate.app/Contents/Resources/lib/tcl8.6/usr/bin/codesign
copying file /usr/bin/atos -> /Users/calum/Developer/Excelerator/dist/Excelerate.app/Contents/Resources/lib/tcl8.6/usr/bin/atos
copying file /usr/bin/llvm-gcc -> /Users/calum/Developer/Excelerator/dist/Excelerate.app/Contents/Resources/lib/tcl8.6/usr/bin/llvm-gcc
copying file /usr/bin/mailq -> /Users/calum/Developer/Excelerator/dist/Excelerate.app/Contents/Resources/lib/tcl8.6/usr/bin/mailq
copying file /usr/bin/arch -> /Users/calum/Developer/Excelerator/dist/Excelerate.app/Contents/Resources/lib/tcl8.6/usr/bin/arch
copying file /usr/bin/ssh-keygen -> /Users/calum/Developer/Excelerator/dist/Excelerate.app/Contents/Resources/lib/tcl8.6/usr/bin/ssh-keygen
copying file /usr/bin/snmptable -> /Users/calum/Developer/Excelerator/dist/Excelerate.app/Contents/Resources/lib/tcl8.6/usr/bin/snmptable
copying file /usr/bin/kill.d -> /Users/calum/Developer/Excelerator/dist/Excelerate.app/Contents/Resources/lib/tcl8.6/usr/bin/kill.d
copying file /usr/bin/ditto -> /Users/calum/Developer/Excelerator/dist/Excelerate.app/Contents/Resources/lib/tcl8.6/usr/bin/ditto
copying file /usr/bin/getopts -> /Users/calum/Developer/Excelerator/dist/Excelerate.app/Contents/Resources/lib/tcl8.6/usr/bin/getopts
copying file /usr/bin/users -> /Users/calum/Developer/Excelerator/dist/Excelerate.app/Contents/Resources/lib/tcl8.6/usr/bin/users
copying file /usr/bin/snmpbulkget -> /Users/calum/Developer/Excelerator/dist/Excelerate.app/Contents/Resources/lib/tcl8.6/usr/bin/snmpbulkget
copying file /usr/bin/ipcount5.30 -> /Users/calum/Developer/Excelerator/dist/Excelerate.app/Contents/Resources/lib/tcl8.6/usr/bin/ipcount5.30
copying file /usr/bin/sdp -> /Users/calum/Developer/Excelerator/dist/Excelerate.app/Contents/Resources/lib/tcl8.6/usr/bin/sdp
copying file /usr/bin/perlbug5.30 -> /Users/calum/Developer/Excelerator/dist/Excelerate.app/Contents/Resources/lib/tcl8.6/usr/bin/perlbug5.30
copying file /usr/bin/cpan5.34 -> /Users/calum/Developer/Excelerator/dist/Excelerate.app/Contents/Resources/lib/tcl8.6/usr/bin/cpan5.34
copying file /usr/bin/treereg5.34 -> /Users/calum/Developer/Excelerator/dist/Excelerate.app/Contents/Resources/lib/tcl8.6/usr/bin/treereg5.34
copying file /usr/bin/showmount -> /Users/calum/Developer/Excelerator/dist/Excelerate.app/Contents/Resources/lib/tcl8.6/usr/bin/showmount
copying file /usr/bin/taskinfo -> /Users/calum/Developer/Excelerator/dist/Excelerate.app/Contents/Resources/lib/tcl8.6/usr/bin/taskinfo
copying file /usr/bin/ar -> /Users/calum/Developer/Excelerator/dist/Excelerate.app/Contents/Resources/lib/tcl8.6/usr/bin/ar
copying file /usr/bin/who -> /Users/calum/Developer/Excelerator/dist/Excelerate.app/Contents/Resources/lib/tcl8.6/usr/bin/who
copying file /usr/bin/mktemp -> /Users/calum/Developer/Excelerator/dist/Excelerate.app/Contents/Resources/lib/tcl8.6/usr/bin/mktemp
copying file /usr/bin/unifdef -> /Users/calum/Developer/Excelerator/dist/Excelerate.app/Contents/Resources/lib/tcl8.6/usr/bin/unifdef
copying file /usr/bin/yaa -> /Users/calum/Developer/Excelerator/dist/Excelerate.app/Contents/Resources/lib/tcl8.6/usr/bin/yaa
copying file /usr/bin/cut -> /Users/calum/Developer/Excelerator/dist/Excelerate.app/Contents/Resources/lib/tcl8.6/usr/bin/cut
copying file /usr/bin/imptrace -> /Users/calum/Developer/Excelerator/dist/Excelerate.app/Contents/Resources/lib/tcl8.6/usr/bin/imptrace
copying file /usr/bin/pack200 -> /Users/calum/Developer/Excelerator/dist/Excelerate.app/Contents/Resources/lib/tcl8.6/usr/bin/pack200
copying file /usr/bin/ippeveprinter -> /Users/calum/Developer/Excelerator/dist/Excelerate.app/Contents/Resources/lib/tcl8.6/usr/bin/ippeveprinter
copying file /usr/bin/hdid -> /Users/calum/Developer/Excelerator/dist/Excelerate.app/Contents/Resources/lib/tcl8.6/usr/bin/hdid
copying file /usr/bin/dc -> /Users/calum/Developer/Excelerator/dist/Excelerate.app/Contents/Resources/lib/tcl8.6/usr/bin/dc
copying file /usr/bin/mailx -> /Users/calum/Developer/Excelerator/dist/Excelerate.app/Contents/Resources/lib/tcl8.6/usr/bin/mailx
copying file /usr/bin/odutil -> /Users/calum/Developer/Excelerator/dist/Excelerate.app/Contents/Resources/lib/tcl8.6/usr/bin/odutil
copying file /usr/bin/jsadebugd -> /Users/calum/Developer/Excelerator/dist/Excelerate.app/Contents/Resources/lib/tcl8.6/usr/bin/jsadebugd
copying file /usr/bin/shortcuts -> /Users/calum/Developer/Excelerator/dist/Excelerate.app/Contents/Resources/lib/tcl8.6/usr/bin/shortcuts
copying file /usr/bin/xargs -> /Users/calum/Developer/Excelerator/dist/Excelerate.app/Contents/Resources/lib/tcl8.6/usr/bin/xargs
copying file /usr/bin/tkpp -> /Users/calum/Developer/Excelerator/dist/Excelerate.app/Contents/Resources/lib/tcl8.6/usr/bin/tkpp
copying file /usr/bin/priclass.d -> /Users/calum/Developer/Excelerator/dist/Excelerate.app/Contents/Resources/lib/tcl8.6/usr/bin/priclass.d
copying file /usr/bin/topsysproc -> /Users/calum/Developer/Excelerator/dist/Excelerate.app/Contents/Resources/lib/tcl8.6/usr/bin/topsysproc
copying file /usr/bin/nl -> /Users/calum/Developer/Excelerator/dist/Excelerate.app/Contents/Resources/lib/tcl8.6/usr/bin/nl
copying file /usr/bin/podchecker5.30 -> /Users/calum/Developer/Excelerator/dist/Excelerate.app/Contents/Resources/lib/tcl8.6/usr/bin/podchecker5.30
copying file /usr/bin/view -> /Users/calum/Developer/Excelerator/dist/Excelerate.app/Contents/Resources/lib/tcl8.6/usr/bin/view
copying file /usr/bin/jjs -> /Users/calum/Developer/Excelerator/dist/Excelerate.app/Contents/Resources/lib/tcl8.6/usr/bin/jjs
copying file /usr/bin/spfquery -> /Users/calum/Developer/Excelerator/dist/Excelerate.app/Contents/Resources/lib/tcl8.6/usr/bin/spfquery
copying file /usr/bin/sample -> /Users/calum/Developer/Excelerator/dist/Excelerate.app/Contents/Resources/lib/tcl8.6/usr/bin/sample
copying file /usr/bin/bg -> /Users/calum/Developer/Excelerator/dist/Excelerate.app/Contents/Resources/lib/tcl8.6/usr/bin/bg
copying file /usr/bin/lipo -> /Users/calum/Developer/Excelerator/dist/Excelerate.app/Contents/Resources/lib/tcl8.6/usr/bin/lipo
copying file /usr/bin/seeksize.d -> /Users/calum/Developer/Excelerator/dist/Excelerate.app/Contents/Resources/lib/tcl8.6/usr/bin/seeksize.d
copying file /usr/bin/eyapp -> /Users/calum/Developer/Excelerator/dist/Excelerate.app/Contents/Resources/lib/tcl8.6/usr/bin/eyapp
copying file /usr/bin/clang++ -> /Users/calum/Developer/Excelerator/dist/Excelerate.app/Contents/Resources/lib/tcl8.6/usr/bin/clang++
copying file /usr/bin/setuids.d -> /Users/calum/Developer/Excelerator/dist/Excelerate.app/Contents/Resources/lib/tcl8.6/usr/bin/setuids.d
copying file /usr/bin/instmodsh5.34 -> /Users/calum/Developer/Excelerator/dist/Excelerate.app/Contents/Resources/lib/tcl8.6/usr/bin/instmodsh5.34
copying file /usr/bin/aa -> /Users/calum/Developer/Excelerator/dist/Excelerate.app/Contents/Resources/lib/tcl8.6/usr/bin/aa
copying file /usr/bin/shlock -> /Users/calum/Developer/Excelerator/dist/Excelerate.app/Contents/Resources/lib/tcl8.6/usr/bin/shlock
copying file /usr/bin/symbols -> /Users/calum/Developer/Excelerator/dist/Excelerate.app/Contents/Resources/lib/tcl8.6/usr/bin/symbols
copying file /usr/bin/perlthanks5.30 -> /Users/calum/Developer/Excelerator/dist/Excelerate.app/Contents/Resources/lib/tcl8.6/usr/bin/perlthanks5.30
copying file /usr/bin/xctrace -> /Users/calum/Developer/Excelerator/dist/Excelerate.app/Contents/Resources/lib/tcl8.6/usr/bin/xctrace
copying file /usr/bin/pod2man5.30 -> /Users/calum/Developer/Excelerator/dist/Excelerate.app/Contents/Resources/lib/tcl8.6/usr/bin/pod2man5.30
copying file /usr/bin/gzexe -> /Users/calum/Developer/Excelerator/dist/Excelerate.app/Contents/Resources/lib/tcl8.6/usr/bin/gzexe
copying file /usr/bin/json_xs5.30 -> /Users/calum/Developer/Excelerator/dist/Excelerate.app/Contents/Resources/lib/tcl8.6/usr/bin/json_xs5.30
copying file /usr/bin/ip2cc5.34 -> /Users/calum/Developer/Excelerator/dist/Excelerate.app/Contents/Resources/lib/tcl8.6/usr/bin/ip2cc5.34
copying file /usr/bin/usbdiagnose -> /Users/calum/Developer/Excelerator/dist/Excelerate.app/Contents/Resources/lib/tcl8.6/usr/bin/usbdiagnose
copying file /usr/bin/genstrings -> /Users/calum/Developer/Excelerator/dist/Excelerate.app/Contents/Resources/lib/tcl8.6/usr/bin/genstrings
copying file /usr/bin/at -> /Users/calum/Developer/Excelerator/dist/Excelerate.app/Contents/Resources/lib/tcl8.6/usr/bin/at
copying file /usr/bin/what -> /Users/calum/Developer/Excelerator/dist/Excelerate.app/Contents/Resources/lib/tcl8.6/usr/bin/what
copying file /usr/bin/sdx -> /Users/calum/Developer/Excelerator/dist/Excelerate.app/Contents/Resources/lib/tcl8.6/usr/bin/sdx
copying file /usr/bin/m4 -> /Users/calum/Developer/Excelerator/dist/Excelerate.app/Contents/Resources/lib/tcl8.6/usr/bin/m4
copying file /usr/bin/asa -> /Users/calum/Developer/Excelerator/dist/Excelerate.app/Contents/Resources/lib/tcl8.6/usr/bin/asa
copying file /usr/bin/iptab -> /Users/calum/Developer/Excelerator/dist/Excelerate.app/Contents/Resources/lib/tcl8.6/usr/bin/iptab
copying file /usr/bin/swiftc -> /Users/calum/Developer/Excelerator/dist/Excelerate.app/Contents/Resources/lib/tcl8.6/usr/bin/swiftc
copying file /usr/bin/nfsstat -> /Users/calum/Developer/Excelerator/dist/Excelerate.app/Contents/Resources/lib/tcl8.6/usr/bin/nfsstat
copying file /usr/bin/eyapp5.30 -> /Users/calum/Developer/Excelerator/dist/Excelerate.app/Contents/Resources/lib/tcl8.6/usr/bin/eyapp5.30
copying file /usr/bin/uupick -> /Users/calum/Developer/Excelerator/dist/Excelerate.app/Contents/Resources/lib/tcl8.6/usr/bin/uupick
copying file /usr/bin/ipcs -> /Users/calum/Developer/Excelerator/dist/Excelerate.app/Contents/Resources/lib/tcl8.6/usr/bin/ipcs
copying file /usr/bin/pluginkit -> /Users/calum/Developer/Excelerator/dist/Excelerate.app/Contents/Resources/lib/tcl8.6/usr/bin/pluginkit
copying file /usr/bin/as -> /Users/calum/Developer/Excelerator/dist/Excelerate.app/Contents/Resources/lib/tcl8.6/usr/bin/as
copying file /usr/bin/splain5.34 -> /Users/calum/Developer/Excelerator/dist/Excelerate.app/Contents/Resources/lib/tcl8.6/usr/bin/splain5.34
copying file /usr/bin/fold -> /Users/calum/Developer/Excelerator/dist/Excelerate.app/Contents/Resources/lib/tcl8.6/usr/bin/fold
copying file /usr/bin/gnumake -> /Users/calum/Developer/Excelerator/dist/Excelerate.app/Contents/Resources/lib/tcl8.6/usr/bin/gnumake
copying file /usr/bin/log -> /Users/calum/Developer/Excelerator/dist/Excelerate.app/Contents/Resources/lib/tcl8.6/usr/bin/log
copying file /usr/bin/tmutil -> /Users/calum/Developer/Excelerator/dist/Excelerate.app/Contents/Resources/lib/tcl8.6/usr/bin/tmutil
copying file /usr/bin/certtool -> /Users/calum/Developer/Excelerator/dist/Excelerate.app/Contents/Resources/lib/tcl8.6/usr/bin/certtool
copying file /usr/bin/vmmap -> /Users/calum/Developer/Excelerator/dist/Excelerate.app/Contents/Resources/lib/tcl8.6/usr/bin/vmmap
copying file /usr/bin/system-override -> /Users/calum/Developer/Excelerator/dist/Excelerate.app/Contents/Resources/lib/tcl8.6/usr/bin/system-override
copying file /usr/bin/h2xs -> /Users/calum/Developer/Excelerator/dist/Excelerate.app/Contents/Resources/lib/tcl8.6/usr/bin/h2xs
copying file /usr/bin/csrutil -> /Users/calum/Developer/Excelerator/dist/Excelerate.app/Contents/Resources/lib/tcl8.6/usr/bin/csrutil
copying file /usr/bin/shar -> /Users/calum/Developer/Excelerator/dist/Excelerate.app/Contents/Resources/lib/tcl8.6/usr/bin/shar
copying file /usr/bin/ldappasswd -> /Users/calum/Developer/Excelerator/dist/Excelerate.app/Contents/Resources/lib/tcl8.6/usr/bin/ldappasswd
copying file /usr/bin/ResMerger -> /Users/calum/Developer/Excelerator/dist/Excelerate.app/Contents/Resources/lib/tcl8.6/usr/bin/ResMerger
copying file /usr/bin/bitesize.d -> /Users/calum/Developer/Excelerator/dist/Excelerate.app/Contents/Resources/lib/tcl8.6/usr/bin/bitesize.d
copying file /usr/bin/db_checkpoint -> /Users/calum/Developer/Excelerator/dist/Excelerate.app/Contents/Resources/lib/tcl8.6/usr/bin/db_checkpoint
copying file /usr/bin/funzip -> /Users/calum/Developer/Excelerator/dist/Excelerate.app/Contents/Resources/lib/tcl8.6/usr/bin/funzip
copying file /usr/bin/pod2readme5.34 -> /Users/calum/Developer/Excelerator/dist/Excelerate.app/Contents/Resources/lib/tcl8.6/usr/bin/pod2readme5.34
copying file /usr/bin/power_report.sh -> /Users/calum/Developer/Excelerator/dist/Excelerate.app/Contents/Resources/lib/tcl8.6/usr/bin/power_report.sh
copying file /usr/bin/iosnoop -> /Users/calum/Developer/Excelerator/dist/Excelerate.app/Contents/Resources/lib/tcl8.6/usr/bin/iosnoop
copying file /usr/bin/atsutil -> /Users/calum/Developer/Excelerator/dist/Excelerate.app/Contents/Resources/lib/tcl8.6/usr/bin/atsutil
copying file /usr/bin/osalang -> /Users/calum/Developer/Excelerator/dist/Excelerate.app/Contents/Resources/lib/tcl8.6/usr/bin/osalang
copying file /usr/bin/dirname -> /Users/calum/Developer/Excelerator/dist/Excelerate.app/Contents/Resources/lib/tcl8.6/usr/bin/dirname
copying file /usr/bin/pod2man -> /Users/calum/Developer/Excelerator/dist/Excelerate.app/Contents/Resources/lib/tcl8.6/usr/bin/pod2man
copying file /usr/bin/enc2xs -> /Users/calum/Developer/Excelerator/dist/Excelerate.app/Contents/Resources/lib/tcl8.6/usr/bin/enc2xs
copying file /usr/bin/shasum5.34 -> /Users/calum/Developer/Excelerator/dist/Excelerate.app/Contents/Resources/lib/tcl8.6/usr/bin/shasum5.34
copying file /usr/bin/iopending -> /Users/calum/Developer/Excelerator/dist/Excelerate.app/Contents/Resources/lib/tcl8.6/usr/bin/iopending
copying file /usr/bin/ncal -> /Users/calum/Developer/Excelerator/dist/Excelerate.app/Contents/Resources/lib/tcl8.6/usr/bin/ncal
copying file /usr/bin/yamlpp-load-dump5.34 -> /Users/calum/Developer/Excelerator/dist/Excelerate.app/Contents/Resources/lib/tcl8.6/usr/bin/yamlpp-load-dump5.34
copying file /usr/bin/chflags -> /Users/calum/Developer/Excelerator/dist/Excelerate.app/Contents/Resources/lib/tcl8.6/usr/bin/chflags
copying file /usr/bin/derq -> /Users/calum/Developer/Excelerator/dist/Excelerate.app/Contents/Resources/lib/tcl8.6/usr/bin/derq
copying file /usr/bin/fg -> /Users/calum/Developer/Excelerator/dist/Excelerate.app/Contents/Resources/lib/tcl8.6/usr/bin/fg
copying file /usr/bin/rwbypid.d -> /Users/calum/Developer/Excelerator/dist/Excelerate.app/Contents/Resources/lib/tcl8.6/usr/bin/rwbypid.d
copying file /usr/bin/jmap -> /Users/calum/Developer/Excelerator/dist/Excelerate.app/Contents/Resources/lib/tcl8.6/usr/bin/jmap
copying file /usr/bin/dscl -> /Users/calum/Developer/Excelerator/dist/Excelerate.app/Contents/Resources/lib/tcl8.6/usr/bin/dscl
copying file /usr/bin/leaks -> /Users/calum/Developer/Excelerator/dist/Excelerate.app/Contents/Resources/lib/tcl8.6/usr/bin/leaks
copying file /usr/bin/perl5.34 -> /Users/calum/Developer/Excelerator/dist/Excelerate.app/Contents/Resources/lib/tcl8.6/usr/bin/perl5.34
copying file /usr/bin/nbdst -> /Users/calum/Developer/Excelerator/dist/Excelerate.app/Contents/Resources/lib/tcl8.6/usr/bin/nbdst
copying file /usr/bin/net-server5.34 -> /Users/calum/Developer/Excelerator/dist/Excelerate.app/Contents/Resources/lib/tcl8.6/usr/bin/net-server5.34
copying file /usr/bin/mnthome -> /Users/calum/Developer/Excelerator/dist/Excelerate.app/Contents/Resources/lib/tcl8.6/usr/bin/mnthome
copying file /usr/bin/jshell -> /Users/calum/Developer/Excelerator/dist/Excelerate.app/Contents/Resources/lib/tcl8.6/usr/bin/jshell
copying file /usr/bin/dsexport -> /Users/calum/Developer/Excelerator/dist/Excelerate.app/Contents/Resources/lib/tcl8.6/usr/bin/dsexport
copying file /usr/bin/mdimport -> /Users/calum/Developer/Excelerator/dist/Excelerate.app/Contents/Resources/lib/tcl8.6/usr/bin/mdimport
copying file /usr/bin/parldyn -> /Users/calum/Developer/Excelerator/dist/Excelerate.app/Contents/Resources/lib/tcl8.6/usr/bin/parldyn
copying file /usr/bin/id -> /Users/calum/Developer/Excelerator/dist/Excelerate.app/Contents/Resources/lib/tcl8.6/usr/bin/id
copying file /usr/bin/bm4 -> /Users/calum/Developer/Excelerator/dist/Excelerate.app/Contents/Resources/lib/tcl8.6/usr/bin/bm4
copying file /usr/bin/procsystime -> /Users/calum/Developer/Excelerator/dist/Excelerate.app/Contents/Resources/lib/tcl8.6/usr/bin/procsystime
copying file /usr/bin/dbilogstrip5.34 -> /Users/calum/Developer/Excelerator/dist/Excelerate.app/Contents/Resources/lib/tcl8.6/usr/bin/dbilogstrip5.34
copying file /usr/bin/cd -> /Users/calum/Developer/Excelerator/dist/Excelerate.app/Contents/Resources/lib/tcl8.6/usr/bin/cd
copying file /usr/bin/quota -> /Users/calum/Developer/Excelerator/dist/Excelerate.app/Contents/Resources/lib/tcl8.6/usr/bin/quota
copying file /usr/bin/uuto -> /Users/calum/Developer/Excelerator/dist/Excelerate.app/Contents/Resources/lib/tcl8.6/usr/bin/uuto
copying file /usr/bin/fuser -> /Users/calum/Developer/Excelerator/dist/Excelerate.app/Contents/Resources/lib/tcl8.6/usr/bin/fuser
copying file /usr/bin/dsimport -> /Users/calum/Developer/Excelerator/dist/Excelerate.app/Contents/Resources/lib/tcl8.6/usr/bin/dsimport
copying file /usr/bin/git-shell -> /Users/calum/Developer/Excelerator/dist/Excelerate.app/Contents/Resources/lib/tcl8.6/usr/bin/git-shell
copying file /usr/bin/ldapsearch -> /Users/calum/Developer/Excelerator/dist/Excelerate.app/Contents/Resources/lib/tcl8.6/usr/bin/ldapsearch
copying file /usr/bin/command -> /Users/calum/Developer/Excelerator/dist/Excelerate.app/Contents/Resources/lib/tcl8.6/usr/bin/command
copying file /usr/bin/snmp-bridge-mib -> /Users/calum/Developer/Excelerator/dist/Excelerate.app/Contents/Resources/lib/tcl8.6/usr/bin/snmp-bridge-mib
copying file /usr/bin/egrep -> /Users/calum/Developer/Excelerator/dist/Excelerate.app/Contents/Resources/lib/tcl8.6/usr/bin/egrep
copying file /usr/bin/notifyutil -> /Users/calum/Developer/Excelerator/dist/Excelerate.app/Contents/Resources/lib/tcl8.6/usr/bin/notifyutil
copying file /usr/bin/cc -> /Users/calum/Developer/Excelerator/dist/Excelerate.app/Contents/Resources/lib/tcl8.6/usr/bin/cc
copying file /usr/bin/dsmemberutil -> /Users/calum/Developer/Excelerator/dist/Excelerate.app/Contents/Resources/lib/tcl8.6/usr/bin/dsmemberutil
copying file /usr/bin/podselect -> /Users/calum/Developer/Excelerator/dist/Excelerate.app/Contents/Resources/lib/tcl8.6/usr/bin/podselect
copying file /usr/bin/whereis -> /Users/calum/Developer/Excelerator/dist/Excelerate.app/Contents/Resources/lib/tcl8.6/usr/bin/whereis
copying file /usr/bin/tccutil -> /Users/calum/Developer/Excelerator/dist/Excelerate.app/Contents/Resources/lib/tcl8.6/usr/bin/tccutil
copying file /usr/bin/find -> /Users/calum/Developer/Excelerator/dist/Excelerate.app/Contents/Resources/lib/tcl8.6/usr/bin/find
copying file /usr/bin/jstat -> /Users/calum/Developer/Excelerator/dist/Excelerate.app/Contents/Resources/lib/tcl8.6/usr/bin/jstat
copying file /usr/bin/zcat -> /Users/calum/Developer/Excelerator/dist/Excelerate.app/Contents/Resources/lib/tcl8.6/usr/bin/zcat
copying file /usr/bin/unifdefall -> /Users/calum/Developer/Excelerator/dist/Excelerate.app/Contents/Resources/lib/tcl8.6/usr/bin/unifdefall
copying file /usr/bin/jlink -> /Users/calum/Developer/Excelerator/dist/Excelerate.app/Contents/Resources/lib/tcl8.6/usr/bin/jlink
copying file /usr/bin/enc2xs5.30 -> /Users/calum/Developer/Excelerator/dist/Excelerate.app/Contents/Resources/lib/tcl8.6/usr/bin/enc2xs5.30
copying file /usr/bin/pridist.d -> /Users/calum/Developer/Excelerator/dist/Excelerate.app/Contents/Resources/lib/tcl8.6/usr/bin/pridist.d
copying file /usr/bin/size -> /Users/calum/Developer/Excelerator/dist/Excelerate.app/Contents/Resources/lib/tcl8.6/usr/bin/size
copying file /usr/bin/timesyncanalyse -> /Users/calum/Developer/Excelerator/dist/Excelerate.app/Contents/Resources/lib/tcl8.6/usr/bin/timesyncanalyse
copying file /usr/bin/uttype -> /Users/calum/Developer/Excelerator/dist/Excelerate.app/Contents/Resources/lib/tcl8.6/usr/bin/uttype
copying file /usr/bin/uustat -> /Users/calum/Developer/Excelerator/dist/Excelerate.app/Contents/Resources/lib/tcl8.6/usr/bin/uustat
copying file /usr/bin/snmpwalk -> /Users/calum/Developer/Excelerator/dist/Excelerate.app/Contents/Resources/lib/tcl8.6/usr/bin/snmpwalk
copying file /usr/bin/bintrans -> /Users/calum/Developer/Excelerator/dist/Excelerate.app/Contents/Resources/lib/tcl8.6/usr/bin/bintrans
copying file /usr/bin/llvm-g++ -> /Users/calum/Developer/Excelerator/dist/Excelerate.app/Contents/Resources/lib/tcl8.6/usr/bin/llvm-g++
copying file /usr/bin/yamlpp-parse-emit5.34 -> /Users/calum/Developer/Excelerator/dist/Excelerate.app/Contents/Resources/lib/tcl8.6/usr/bin/yamlpp-parse-emit5.34
copying file /usr/bin/scp -> /Users/calum/Developer/Excelerator/dist/Excelerate.app/Contents/Resources/lib/tcl8.6/usr/bin/scp
copying file /usr/bin/tnameserv -> /Users/calum/Developer/Excelerator/dist/Excelerate.app/Contents/Resources/lib/tcl8.6/usr/bin/tnameserv
copying file /usr/bin/true -> /Users/calum/Developer/Excelerator/dist/Excelerate.app/Contents/Resources/lib/tcl8.6/usr/bin/true
copying file /usr/bin/afinfo -> /Users/calum/Developer/Excelerator/dist/Excelerate.app/Contents/Resources/lib/tcl8.6/usr/bin/afinfo
copying file /usr/bin/hidutil -> /Users/calum/Developer/Excelerator/dist/Excelerate.app/Contents/Resources/lib/tcl8.6/usr/bin/hidutil
copying file /usr/bin/ldapadd -> /Users/calum/Developer/Excelerator/dist/Excelerate.app/Contents/Resources/lib/tcl8.6/usr/bin/ldapadd
copying file /usr/bin/pwpolicy -> /Users/calum/Developer/Excelerator/dist/Excelerate.app/Contents/Resources/lib/tcl8.6/usr/bin/pwpolicy
copying file /usr/bin/profiles -> /Users/calum/Developer/Excelerator/dist/Excelerate.app/Contents/Resources/lib/tcl8.6/usr/bin/profiles
copying file /usr/bin/yacc -> /Users/calum/Developer/Excelerator/dist/Excelerate.app/Contents/Resources/lib/tcl8.6/usr/bin/yacc
copying file /usr/bin/kswitch -> /Users/calum/Developer/Excelerator/dist/Excelerate.app/Contents/Resources/lib/tcl8.6/usr/bin/kswitch
copying file /usr/bin/xcodebuild -> /Users/calum/Developer/Excelerator/dist/Excelerate.app/Contents/Resources/lib/tcl8.6/usr/bin/xcodebuild
copying file /usr/bin/tkpp5.30 -> /Users/calum/Developer/Excelerator/dist/Excelerate.app/Contents/Resources/lib/tcl8.6/usr/bin/tkpp5.30
copying file /usr/bin/test-yaml5.30 -> /Users/calum/Developer/Excelerator/dist/Excelerate.app/Contents/Resources/lib/tcl8.6/usr/bin/test-yaml5.30
copying file /usr/bin/jobs -> /Users/calum/Developer/Excelerator/dist/Excelerate.app/Contents/Resources/lib/tcl8.6/usr/bin/jobs
copying file /usr/bin/c89 -> /Users/calum/Developer/Excelerator/dist/Excelerate.app/Contents/Resources/lib/tcl8.6/usr/bin/c89
copying file /usr/bin/sudo -> /Users/calum/Developer/Excelerator/dist/Excelerate.app/Contents/Resources/lib/tcl8.6/usr/bin/sudo
error: [Errno 13] Permission denied: '/usr/bin/sudo'
Ensuring Tcl/Tk libraries are included...
Removing unnecessary libraries...
rm: dist/Excelerate.app/Contents/Frameworks/liblzma.5.dylib: No such file or directory
Signing individual frameworks...
dist/Excelerate.app/Contents/Frameworks/*: No such file or directory
Signing the main executable...
dist/Excelerate.app/Contents/MacOS/Excelerate: replacing existing signature
Signing the entire application...
dist/Excelerate.app: replacing existing signature
Verifying the signature...
dist/Excelerate.app: valid on disk
dist/Excelerate.app: satisfies its Designated Requirement
Creating ZIP archive for distribution...
  adding: Excelerate.app/ (stored 0%)
  adding: Excelerate.app/Contents/ (stored 0%)
  adding: Excelerate.app/Contents/_CodeSignature/ (stored 0%)
  adding: Excelerate.app/Contents/_CodeSignature/CodeResources (deflated 79%)
  adding: Excelerate.app/Contents/MacOS/ (stored 0%)
  adding: Excelerate.app/Contents/MacOS/Excelerate (deflated 86%)
  adding: Excelerate.app/Contents/Resources/ (stored 0%)
  adding: Excelerate.app/Contents/Resources/include/ (stored 0%)
  adding: Excelerate.app/Contents/Resources/include/python3.11/ (stored 0%)
  adding: Excelerate.app/Contents/Resources/include/python3.11/pyconfig.h (deflated 79%)
  adding: Excelerate.app/Contents/Resources/zlib.cpython-311-darwin.so (deflated 80%)
  adding: Excelerate.app/Contents/Resources/__boot__.py (deflated 65%)
  adding: Excelerate.app/Contents/Resources/lib/ (stored 0%)
  adding: Excelerate.app/Contents/Resources/lib/python311.zip (stored 0%)
  adding: Excelerate.app/Contents/Resources/lib/python3.11/ (stored 0%)
  adding: Excelerate.app/Contents/Resources/lib/python3.11/lib-dynload/ (stored 0%)
  adding: Excelerate.app/Contents/Resources/lib/python3.11/lib-dynload/_testcapi.so (deflated 75%)
  adding: Excelerate.app/Contents/Resources/lib/python3.11/lib-dynload/unicodedata.so (deflated 64%)
  adding: Excelerate.app/Contents/Resources/lib/python3.11/lib-dynload/_random.so (deflated 89%)
  adding: Excelerate.app/Contents/Resources/lib/python3.11/lib-dynload/zlib.so (deflated 80%)
  adding: Excelerate.app/Contents/Resources/lib/python3.11/lib-dynload/_sha1.so (deflated 88%)
  adding: Excelerate.app/Contents/Resources/lib/python3.11/lib-dynload/_sha256.so (deflated 85%)
  adding: Excelerate.app/Contents/Resources/lib/python3.11/lib-dynload/_statistics.so (deflated 94%)
  adding: Excelerate.app/Contents/Resources/lib/python3.11/lib-dynload/cryptography/ (stored 0%)
  adding: Excelerate.app/Contents/Resources/lib/python3.11/lib-dynload/cryptography/hazmat/ (stored 0%)
  adding: Excelerate.app/Contents/Resources/lib/python3.11/lib-dynload/cryptography/hazmat/bindings/ (stored 0%)
  adding: Excelerate.app/Contents/Resources/lib/python3.11/lib-dynload/cryptography/hazmat/bindings/_rust.so (deflated 67%)
  adding: Excelerate.app/Contents/Resources/lib/python3.11/lib-dynload/_codecs_hk.so (deflated 80%)
  adding: Excelerate.app/Contents/Resources/lib/python3.11/lib-dynload/array.so (deflated 79%)
  adding: Excelerate.app/Contents/Resources/lib/python3.11/lib-dynload/termios.so (deflated 85%)
  adding: Excelerate.app/Contents/Resources/lib/python3.11/lib-dynload/fcntl.so (deflated 88%)
  adding: Excelerate.app/Contents/Resources/lib/python3.11/lib-dynload/_opcode.so (deflated 95%)
  adding: Excelerate.app/Contents/Resources/lib/python3.11/lib-dynload/_bisect.so (deflated 91%)
  adding: Excelerate.app/Contents/Resources/lib/python3.11/lib-dynload/_dbm.so (deflated 89%)
  adding: Excelerate.app/Contents/Resources/lib/python3.11/lib-dynload/math.so (deflated 75%)
  adding: Excelerate.app/Contents/Resources/lib/python3.11/lib-dynload/mmap.so (deflated 84%)
  adding: Excelerate.app/Contents/Resources/lib/python3.11/lib-dynload/_posixshmem.so (deflated 94%)
  adding: Excelerate.app/Contents/Resources/lib/python3.11/lib-dynload/_sqlite3.so (deflated 74%)
  adding: Excelerate.app/Contents/Resources/lib/python3.11/lib-dynload/select.so (deflated 84%)
  adding: Excelerate.app/Contents/Resources/lib/python3.11/lib-dynload/_tkinter.so (deflated 79%)
  adding: Excelerate.app/Contents/Resources/lib/python3.11/lib-dynload/_codecs_iso2022.so (deflated 86%)
  adding: Excelerate.app/Contents/Resources/lib/python3.11/lib-dynload/_codecs_kr.so (deflated 50%)
  adding: Excelerate.app/Contents/Resources/lib/python3.11/lib-dynload/_blake2.so (deflated 77%)
  adding: Excelerate.app/Contents/Resources/lib/python3.11/lib-dynload/grp.so (deflated 91%)
  adding: Excelerate.app/Contents/Resources/lib/python3.11/lib-dynload/_datetime.so (deflated 71%)
  adding: Excelerate.app/Contents/Resources/lib/python3.11/lib-dynload/_elementtree.so (deflated 75%)
  adding: Excelerate.app/Contents/Resources/lib/python3.11/lib-dynload/_sha512.so (deflated 82%)
  adding: Excelerate.app/Contents/Resources/lib/python3.11/lib-dynload/_lzma.so (deflated 81%)
  adding: Excelerate.app/Contents/Resources/lib/python3.11/lib-dynload/_curses.so (deflated 76%)
  adding: Excelerate.app/Contents/Resources/lib/python3.11/lib-dynload/_bz2.so (deflated 86%)
  adding: Excelerate.app/Contents/Resources/lib/python3.11/lib-dynload/_multiprocessing.so (deflated 88%)
  adding: Excelerate.app/Contents/Resources/lib/python3.11/lib-dynload/charset_normalizer/ (stored 0%)
  adding: Excelerate.app/Contents/Resources/lib/python3.11/lib-dynload/charset_normalizer/md.so (deflated 97%)
  adding: Excelerate.app/Contents/Resources/lib/python3.11/lib-dynload/PIL/ (stored 0%)
  adding: Excelerate.app/Contents/Resources/lib/python3.11/lib-dynload/PIL/_imagingmath.so (deflated 89%)
  adding: Excelerate.app/Contents/Resources/lib/python3.11/lib-dynload/PIL/_imaging.so (deflated 57%)
  adding: Excelerate.app/Contents/Resources/lib/python3.11/lib-dynload/PIL/_imagingtk.so (deflated 93%)
  adding: Excelerate.app/Contents/Resources/lib/python3.11/lib-dynload/PIL/.dylibs/ (stored 0%)
  adding: Excelerate.app/Contents/Resources/lib/python3.11/lib-dynload/PIL/.dylibs/libxcb.1.dylib (deflated 82%)
  adding: Excelerate.app/Contents/Resources/lib/python3.11/lib-dynload/PIL/.dylibs/liblcms2.2.dylib (deflated 70%)
  adding: Excelerate.app/Contents/Resources/lib/python3.11/lib-dynload/PIL/.dylibs/libjpeg.62.4.0.dylib (deflated 59%)
  adding: Excelerate.app/Contents/Resources/lib/python3.11/lib-dynload/PIL/.dylibs/libXau.6.0.0.dylib (deflated 94%)
  adding: Excelerate.app/Contents/Resources/lib/python3.11/lib-dynload/PIL/.dylibs/libz.1.3.1.dylib (deflated 78%)
  adding: Excelerate.app/Contents/Resources/lib/python3.11/lib-dynload/PIL/.dylibs/libopenjp2.2.5.2.dylib (deflated 76%)
  adding: Excelerate.app/Contents/Resources/lib/python3.11/lib-dynload/PIL/.dylibs/liblzma.5.dylib (deflated 71%)
  adding: Excelerate.app/Contents/Resources/lib/python3.11/lib-dynload/PIL/.dylibs/libtiff.6.dylib (deflated 76%)
  adding: Excelerate.app/Contents/Resources/lib/python3.11/lib-dynload/PIL/_imagingcms.so (deflated 86%)
  adding: Excelerate.app/Contents/Resources/lib/python3.11/lib-dynload/_ssl.so (deflated 70%)
  adding: Excelerate.app/Contents/Resources/lib/python3.11/lib-dynload/_codecs_tw.so (deflated 58%)
  adding: Excelerate.app/Contents/Resources/lib/python3.11/lib-dynload/_scproxy.so (deflated 93%)
  adding: Excelerate.app/Contents/Resources/lib/python3.11/lib-dynload/_json.so (deflated 79%)
  adding: Excelerate.app/Contents/Resources/lib/python3.11/lib-dynload/_uuid.so (deflated 96%)
  adding: Excelerate.app/Contents/Resources/lib/python3.11/lib-dynload/binascii.so (deflated 80%)
  adding: Excelerate.app/Contents/Resources/lib/python3.11/lib-dynload/_ctypes.so (deflated 70%)
  adding: Excelerate.app/Contents/Resources/lib/python3.11/lib-dynload/_struct.so (deflated 81%)
  adding: Excelerate.app/Contents/Resources/lib/python3.11/lib-dynload/cmath.so (deflated 83%)
  adding: Excelerate.app/Contents/Resources/lib/python3.11/lib-dynload/_cffi_backend.so (deflated 64%)
  adding: Excelerate.app/Contents/Resources/lib/python3.11/lib-dynload/_md5.so (deflated 88%)
  adding: Excelerate.app/Contents/Resources/lib/python3.11/lib-dynload/_socket.so (deflated 74%)
  adding: Excelerate.app/Contents/Resources/lib/python3.11/lib-dynload/_codecs_jp.so (deflated 67%)
  adding: Excelerate.app/Contents/Resources/lib/python3.11/lib-dynload/_codecs_cn.so (deflated 39%)
  adding: Excelerate.app/Contents/Resources/lib/python3.11/lib-dynload/_testbuffer.so (deflated 77%)
  adding: Excelerate.app/Contents/Resources/lib/python3.11/lib-dynload/_typing.so (deflated 97%)
  adding: Excelerate.app/Contents/Resources/lib/python3.11/lib-dynload/_hashlib.so (deflated 80%)
  adding: Excelerate.app/Contents/Resources/lib/python3.11/lib-dynload/_heapq.so (deflated 86%)
  adding: Excelerate.app/Contents/Resources/lib/python3.11/lib-dynload/pyexpat.so (deflated 66%)
  adding: Excelerate.app/Contents/Resources/lib/python3.11/lib-dynload/_pickle.so (deflated 73%)
  adding: Excelerate.app/Contents/Resources/lib/python3.11/lib-dynload/_posixsubprocess.so (deflated 87%)
  adding: Excelerate.app/Contents/Resources/lib/python3.11/lib-dynload/_asyncio.so (deflated 79%)
  adding: Excelerate.app/Contents/Resources/lib/python3.11/lib-dynload/_multibytecodec.so (deflated 82%)
  adding: Excelerate.app/Contents/Resources/lib/python3.11/lib-dynload/_decimal.so (deflated 69%)
  adding: Excelerate.app/Contents/Resources/lib/python3.11/lib-dynload/_zoneinfo.so (deflated 81%)
  adding: Excelerate.app/Contents/Resources/lib/python3.11/lib-dynload/resource.so (deflated 91%)
  adding: Excelerate.app/Contents/Resources/lib/python3.11/lib-dynload/_csv.so (deflated 82%)
  adding: Excelerate.app/Contents/Resources/lib/python3.11/lib-dynload/_testinternalcapi.so (deflated 87%)
  adding: Excelerate.app/Contents/Resources/lib/python3.11/lib-dynload/_sha3.so (deflated 87%)
  adding: Excelerate.app/Contents/Resources/lib/python3.11/lib-dynload/_contextvars.so (deflated 97%)
  adding: Excelerate.app/Contents/Resources/lib/python3.11/lib-dynload/_queue.so (deflated 89%)
  adding: Excelerate.app/Contents/Resources/lib/python3.11/ui/ (stored 0%)
  adding: Excelerate.app/Contents/Resources/lib/python3.11/ui/dashboard_ui.py (deflated 83%)
  adding: Excelerate.app/Contents/Resources/lib/python3.11/ui/__init__.py (stored 0%)
  adding: Excelerate.app/Contents/Resources/lib/python3.11/ui/__pycache__/ (stored 0%)
  adding: Excelerate.app/Contents/Resources/lib/python3.11/ui/__pycache__/login_ui.cpython-311.pyc (deflated 52%)
  adding: Excelerate.app/Contents/Resources/lib/python3.11/ui/__pycache__/authenticate_ui.cpython-311.pyc (deflated 49%)
  adding: Excelerate.app/Contents/Resources/lib/python3.11/ui/__pycache__/workbook_ui.cpython-311.pyc (deflated 59%)
  adding: Excelerate.app/Contents/Resources/lib/python3.11/ui/__pycache__/dashboard_ui.cpython-311.pyc (deflated 66%)
  adding: Excelerate.app/Contents/Resources/lib/python3.11/ui/__pycache__/__init__.cpython-311.pyc (deflated 22%)
  adding: Excelerate.app/Contents/Resources/lib/python3.11/ui/ExcelerateLogo.png (deflated 3%)
  adding: Excelerate.app/Contents/Resources/lib/python3.11/ui/authenticate_ui.py (deflated 63%)
  adding: Excelerate.app/Contents/Resources/lib/python3.11/parsers/ (stored 0%)
  adding: Excelerate.app/Contents/Resources/lib/python3.11/parsers/cv_parser.py (deflated 71%)
  adding: Excelerate.app/Contents/Resources/lib/python3.11/parsers/.DS_Store (deflated 91%)
  adding: Excelerate.app/Contents/Resources/lib/python3.11/parsers/kings_parser.py (deflated 71%)
  adding: Excelerate.app/Contents/Resources/lib/python3.11/parsers/__init__.py (stored 0%)
  adding: Excelerate.app/Contents/Resources/lib/python3.11/parsers/__pycache__/ (stored 0%)
  adding: Excelerate.app/Contents/Resources/lib/python3.11/parsers/__pycache__/cv_parser.cpython-311.pyc (deflated 45%)
  adding: Excelerate.app/Contents/Resources/lib/python3.11/parsers/__pycache__/boom_parser.cpython-311.pyc (deflated 44%)
  adding: Excelerate.app/Contents/Resources/lib/python3.11/parsers/__pycache__/bhb_parser.cpython-311.pyc (deflated 43%)
  adding: Excelerate.app/Contents/Resources/lib/python3.11/parsers/__pycache__/kings_parser.cpython-311.pyc (deflated 44%)
  adding: Excelerate.app/Contents/Resources/lib/python3.11/parsers/__pycache__/acs_parser.cpython-311.pyc (deflated 49%)
  adding: Excelerate.app/Contents/Resources/lib/python3.11/parsers/__pycache__/__init__.cpython-311.pyc (deflated 23%)
  adding: Excelerate.app/Contents/Resources/lib/python3.11/parsers/acs_parser.py (deflated 71%)
  adding: Excelerate.app/Contents/Resources/lib/python3.11/parsers/bhb_parser.py (deflated 78%)
  adding: Excelerate.app/Contents/Resources/lib/python3.11/parsers/boom_parser.py (deflated 71%)
  adding: Excelerate.app/Contents/Resources/lib/python3.11/config-3.11-darwin/ (stored 0%)
  adding: Excelerate.app/Contents/Resources/lib/python3.11/cffi/ (stored 0%)
  adding: Excelerate.app/Contents/Resources/lib/python3.11/cffi/_cffi_include.h (deflated 76%)
  adding: Excelerate.app/Contents/Resources/lib/python3.11/cffi/_imp_emulation.py (deflated 64%)
  adding: Excelerate.app/Contents/Resources/lib/python3.11/cffi/backend_ctypes.py (deflated 81%)
  adding: Excelerate.app/Contents/Resources/lib/python3.11/cffi/error.py (deflated 61%)
  adding: Excelerate.app/Contents/Resources/lib/python3.11/cffi/setuptools_ext.py (deflated 66%)
  adding: Excelerate.app/Contents/Resources/lib/python3.11/cffi/_shimmed_dist_utils.py (deflated 60%)
  adding: Excelerate.app/Contents/Resources/lib/python3.11/cffi/_cffi_errors.h (deflated 61%)
  adding: Excelerate.app/Contents/Resources/lib/python3.11/cffi/__init__.py (deflated 45%)
  adding: Excelerate.app/Contents/Resources/lib/python3.11/cffi/cffi_opcode.py (deflated 70%)
  adding: Excelerate.app/Contents/Resources/lib/python3.11/cffi/vengine_gen.py (deflated 76%)
  adding: Excelerate.app/Contents/Resources/lib/python3.11/cffi/__pycache__/ (stored 0%)
  adding: Excelerate.app/Contents/Resources/lib/python3.11/cffi/__pycache__/cparser.cpython-311.pyc (deflated 56%)
  adding: Excelerate.app/Contents/Resources/lib/python3.11/cffi/__pycache__/api.cpython-311.pyc (deflated 59%)
  adding: Excelerate.app/Contents/Resources/lib/python3.11/cffi/__pycache__/pkgconfig.cpython-311.pyc (deflated 58%)
  adding: Excelerate.app/Contents/Resources/lib/python3.11/cffi/__pycache__/vengine_cpy.cpython-311.pyc (deflated 64%)
  adding: Excelerate.app/Contents/Resources/lib/python3.11/cffi/__pycache__/model.cpython-311.pyc (deflated 59%)
  adding: Excelerate.app/Contents/Resources/lib/python3.11/cffi/__pycache__/commontypes.cpython-311.pyc (deflated 39%)
  adding: Excelerate.app/Contents/Resources/lib/python3.11/cffi/__pycache__/_imp_emulation.cpython-311.pyc (deflated 47%)
  adding: Excelerate.app/Contents/Resources/lib/python3.11/cffi/__pycache__/vengine_gen.cpython-311.pyc (deflated 59%)
  adding: Excelerate.app/Contents/Resources/lib/python3.11/cffi/__pycache__/recompiler.cpython-311.pyc (deflated 60%)
  adding: Excelerate.app/Contents/Resources/lib/python3.11/cffi/__pycache__/error.cpython-311.pyc (deflated 51%)
  adding: Excelerate.app/Contents/Resources/lib/python3.11/cffi/__pycache__/ffiplatform.cpython-311.pyc (deflated 49%)
  adding: Excelerate.app/Contents/Resources/lib/python3.11/cffi/__pycache__/_shimmed_dist_utils.cpython-311.pyc (deflated 44%)
  adding: Excelerate.app/Contents/Resources/lib/python3.11/cffi/__pycache__/backend_ctypes.cpython-311.pyc (deflated 63%)
  adding: Excelerate.app/Contents/Resources/lib/python3.11/cffi/__pycache__/setuptools_ext.cpython-311.pyc (deflated 52%)
  adding: Excelerate.app/Contents/Resources/lib/python3.11/cffi/__pycache__/verifier.cpython-311.pyc (deflated 55%)
  adding: Excelerate.app/Contents/Resources/lib/python3.11/cffi/__pycache__/__init__.cpython-311.pyc (deflated 32%)
  adding: Excelerate.app/Contents/Resources/lib/python3.11/cffi/__pycache__/lock.cpython-311.pyc (deflated 37%)
  adding: Excelerate.app/Contents/Resources/lib/python3.11/cffi/__pycache__/cffi_opcode.cpython-311.pyc (deflated 49%)
  adding: Excelerate.app/Contents/Resources/lib/python3.11/cffi/pkgconfig.py (deflated 67%)
  adding: Excelerate.app/Contents/Resources/lib/python3.11/cffi/model.py (deflated 76%)
  adding: Excelerate.app/Contents/Resources/lib/python3.11/cffi/ffiplatform.py (deflated 63%)
  adding: Excelerate.app/Contents/Resources/lib/python3.11/cffi/api.py (deflated 73%)
  adding: Excelerate.app/Contents/Resources/lib/python3.11/cffi/vengine_cpy.py (deflated 77%)
  adding: Excelerate.app/Contents/Resources/lib/python3.11/cffi/_embedding.h (deflated 68%)
  adding: Excelerate.app/Contents/Resources/lib/python3.11/cffi/commontypes.py (deflated 64%)
  adding: Excelerate.app/Contents/Resources/lib/python3.11/cffi/lock.py (deflated 62%)
  adding: Excelerate.app/Contents/Resources/lib/python3.11/cffi/recompiler.py (deflated 78%)
  adding: Excelerate.app/Contents/Resources/lib/python3.11/cffi/cparser.py (deflated 75%)
  adding: Excelerate.app/Contents/Resources/lib/python3.11/cffi/verifier.py (deflated 71%)
  adding: Excelerate.app/Contents/Resources/lib/python3.11/cffi/parse_c_type.h (deflated 71%)
  adding: Excelerate.app/Contents/Resources/lib/python3.11/customtkinter/ (stored 0%)
  adding: Excelerate.app/Contents/Resources/lib/python3.11/customtkinter/__init__.py (deflated 70%)
  adding: Excelerate.app/Contents/Resources/lib/python3.11/customtkinter/__pycache__/ (stored 0%)
  adding: Excelerate.app/Contents/Resources/lib/python3.11/customtkinter/__pycache__/__init__.cpython-311.pyc (deflated 54%)
  adding: Excelerate.app/Contents/Resources/lib/python3.11/customtkinter/windows/ (stored 0%)
  adding: Excelerate.app/Contents/Resources/lib/python3.11/customtkinter/windows/ctk_toplevel.py (deflated 76%)
  adding: Excelerate.app/Contents/Resources/lib/python3.11/customtkinter/windows/ctk_input_dialog.py (deflated 78%)
  adding: Excelerate.app/Contents/Resources/lib/python3.11/customtkinter/windows/ctk_tk.py (deflated 77%)
  adding: Excelerate.app/Contents/Resources/lib/python3.11/customtkinter/windows/__init__.py (deflated 41%)
  adding: Excelerate.app/Contents/Resources/lib/python3.11/customtkinter/windows/__pycache__/ (stored 0%)
  adding: Excelerate.app/Contents/Resources/lib/python3.11/customtkinter/windows/__pycache__/ctk_input_dialog.cpython-311.pyc (deflated 56%)
  adding: Excelerate.app/Contents/Resources/lib/python3.11/customtkinter/windows/__pycache__/ctk_tk.cpython-311.pyc (deflated 61%)
  adding: Excelerate.app/Contents/Resources/lib/python3.11/customtkinter/windows/__pycache__/ctk_toplevel.cpython-311.pyc (deflated 61%)
  adding: Excelerate.app/Contents/Resources/lib/python3.11/customtkinter/windows/__pycache__/__init__.cpython-311.pyc (deflated 28%)
  adding: Excelerate.app/Contents/Resources/lib/python3.11/customtkinter/windows/widgets/ (stored 0%)
  adding: Excelerate.app/Contents/Resources/lib/python3.11/customtkinter/windows/widgets/ctk_segmented_button.py (deflated 83%)
  adding: Excelerate.app/Contents/Resources/lib/python3.11/customtkinter/windows/widgets/ctk_switch.py (deflated 84%)
  adding: Excelerate.app/Contents/Resources/lib/python3.11/customtkinter/windows/widgets/ctk_combobox.py (deflated 83%)
  adding: Excelerate.app/Contents/Resources/lib/python3.11/customtkinter/windows/widgets/core_widget_classes/ (stored 0%)
  adding: Excelerate.app/Contents/Resources/lib/python3.11/customtkinter/windows/widgets/core_widget_classes/dropdown_menu.py (deflated 78%)
  adding: Excelerate.app/Contents/Resources/lib/python3.11/customtkinter/windows/widgets/core_widget_classes/ctk_base_class.py (deflated 75%)
  adding: Excelerate.app/Contents/Resources/lib/python3.11/customtkinter/windows/widgets/core_widget_classes/__init__.py (deflated 21%)
  adding: Excelerate.app/Contents/Resources/lib/python3.11/customtkinter/windows/widgets/core_widget_classes/__pycache__/ (stored 0%)
  adding: Excelerate.app/Contents/Resources/lib/python3.11/customtkinter/windows/widgets/core_widget_classes/__pycache__/ctk_base_class.cpython-311.pyc (deflated 59%)
  adding: Excelerate.app/Contents/Resources/lib/python3.11/customtkinter/windows/widgets/core_widget_classes/__pycache__/dropdown_menu.cpython-311.pyc (deflated 58%)
  adding: Excelerate.app/Contents/Resources/lib/python3.11/customtkinter/windows/widgets/core_widget_classes/__pycache__/__init__.cpython-311.pyc (deflated 26%)
  adding: Excelerate.app/Contents/Resources/lib/python3.11/customtkinter/windows/widgets/appearance_mode/ (stored 0%)
  adding: Excelerate.app/Contents/Resources/lib/python3.11/customtkinter/windows/widgets/appearance_mode/appearance_mode_tracker.py (deflated 78%)
  adding: Excelerate.app/Contents/Resources/lib/python3.11/customtkinter/windows/widgets/appearance_mode/appearance_mode_base_class.py (deflated 68%)
  adding: Excelerate.app/Contents/Resources/lib/python3.11/customtkinter/windows/widgets/appearance_mode/__init__.py (deflated 48%)
  adding: Excelerate.app/Contents/Resources/lib/python3.11/customtkinter/windows/widgets/appearance_mode/__pycache__/ (stored 0%)
  adding: Excelerate.app/Contents/Resources/lib/python3.11/customtkinter/windows/widgets/appearance_mode/__pycache__/appearance_mode_base_class.cpython-311.pyc (deflated 53%)
  adding: Excelerate.app/Contents/Resources/lib/python3.11/customtkinter/windows/widgets/appearance_mode/__pycache__/appearance_mode_tracker.cpython-311.pyc (deflated 57%)
  adding: Excelerate.app/Contents/Resources/lib/python3.11/customtkinter/windows/widgets/appearance_mode/__pycache__/__init__.cpython-311.pyc (deflated 34%)
  adding: Excelerate.app/Contents/Resources/lib/python3.11/customtkinter/windows/widgets/ctk_scrollbar.py (deflated 81%)
  adding: Excelerate.app/Contents/Resources/lib/python3.11/customtkinter/windows/widgets/ctk_radiobutton.py (deflated 84%)
  adding: Excelerate.app/Contents/Resources/lib/python3.11/customtkinter/windows/widgets/ctk_scrollable_frame.py (deflated 84%)
  adding: Excelerate.app/Contents/Resources/lib/python3.11/customtkinter/windows/widgets/__init__.py (deflated 67%)
  adding: Excelerate.app/Contents/Resources/lib/python3.11/customtkinter/windows/widgets/__pycache__/ (stored 0%)
  adding: Excelerate.app/Contents/Resources/lib/python3.11/customtkinter/windows/widgets/__pycache__/ctk_tabview.cpython-311.pyc (deflated 64%)
  adding: Excelerate.app/Contents/Resources/lib/python3.11/customtkinter/windows/widgets/__pycache__/ctk_checkbox.cpython-311.pyc (deflated 63%)
  adding: Excelerate.app/Contents/Resources/lib/python3.11/customtkinter/windows/widgets/__pycache__/ctk_textbox.cpython-311.pyc (deflated 66%)
  adding: Excelerate.app/Contents/Resources/lib/python3.11/customtkinter/windows/widgets/__pycache__/ctk_radiobutton.cpython-311.pyc (deflated 62%)
  adding: Excelerate.app/Contents/Resources/lib/python3.11/customtkinter/windows/widgets/__pycache__/ctk_entry.cpython-311.pyc (deflated 63%)
  adding: Excelerate.app/Contents/Resources/lib/python3.11/customtkinter/windows/widgets/__pycache__/ctk_segmented_button.cpython-311.pyc (deflated 62%)
  adding: Excelerate.app/Contents/Resources/lib/python3.11/customtkinter/windows/widgets/__pycache__/ctk_progressbar.cpython-311.pyc (deflated 59%)
  adding: Excelerate.app/Contents/Resources/lib/python3.11/customtkinter/windows/widgets/__pycache__/ctk_scrollable_frame.cpython-311.pyc (deflated 66%)
  adding: Excelerate.app/Contents/Resources/lib/python3.11/customtkinter/windows/widgets/__pycache__/ctk_slider.cpython-311.pyc (deflated 61%)
  adding: Excelerate.app/Contents/Resources/lib/python3.11/customtkinter/windows/widgets/__pycache__/ctk_label.cpython-311.pyc (deflated 60%)
  adding: Excelerate.app/Contents/Resources/lib/python3.11/customtkinter/windows/widgets/__pycache__/ctk_frame.cpython-311.pyc (deflated 57%)
  adding: Excelerate.app/Contents/Resources/lib/python3.11/customtkinter/windows/widgets/__pycache__/ctk_button.cpython-311.pyc (deflated 64%)
  adding: Excelerate.app/Contents/Resources/lib/python3.11/customtkinter/windows/widgets/__pycache__/ctk_switch.cpython-311.pyc (deflated 64%)
  adding: Excelerate.app/Contents/Resources/lib/python3.11/customtkinter/windows/widgets/__pycache__/ctk_optionmenu.cpython-311.pyc (deflated 61%)
  adding: Excelerate.app/Contents/Resources/lib/python3.11/customtkinter/windows/widgets/__pycache__/ctk_combobox.cpython-311.pyc (deflated 64%)
  adding: Excelerate.app/Contents/Resources/lib/python3.11/customtkinter/windows/widgets/__pycache__/__init__.cpython-311.pyc (deflated 50%)
  adding: Excelerate.app/Contents/Resources/lib/python3.11/customtkinter/windows/widgets/__pycache__/ctk_scrollbar.cpython-311.pyc (deflated 58%)
  adding: Excelerate.app/Contents/Resources/lib/python3.11/customtkinter/windows/widgets/image/ (stored 0%)
  adding: Excelerate.app/Contents/Resources/lib/python3.11/customtkinter/windows/widgets/image/__init__.py (deflated 3%)
  adding: Excelerate.app/Contents/Resources/lib/python3.11/customtkinter/windows/widgets/image/__pycache__/ (stored 0%)
  adding: Excelerate.app/Contents/Resources/lib/python3.11/customtkinter/windows/widgets/image/__pycache__/ctk_image.cpython-311.pyc (deflated 56%)
  adding: Excelerate.app/Contents/Resources/lib/python3.11/customtkinter/windows/widgets/image/__pycache__/__init__.cpython-311.pyc (deflated 19%)
  adding: Excelerate.app/Contents/Resources/lib/python3.11/customtkinter/windows/widgets/image/ctk_image.py (deflated 77%)
  adding: Excelerate.app/Contents/Resources/lib/python3.11/customtkinter/windows/widgets/ctk_label.py (deflated 79%)
  adding: Excelerate.app/Contents/Resources/lib/python3.11/customtkinter/windows/widgets/ctk_entry.py (deflated 81%)
  adding: Excelerate.app/Contents/Resources/lib/python3.11/customtkinter/windows/widgets/ctk_frame.py (deflated 79%)
  adding: Excelerate.app/Contents/Resources/lib/python3.11/customtkinter/windows/widgets/scaling/ (stored 0%)
  adding: Excelerate.app/Contents/Resources/lib/python3.11/customtkinter/windows/widgets/scaling/__init__.py (deflated 34%)
  adding: Excelerate.app/Contents/Resources/lib/python3.11/customtkinter/windows/widgets/scaling/__pycache__/ (stored 0%)
  adding: Excelerate.app/Contents/Resources/lib/python3.11/customtkinter/windows/widgets/scaling/__pycache__/scaling_base_class.cpython-311.pyc (deflated 63%)
  adding: Excelerate.app/Contents/Resources/lib/python3.11/customtkinter/windows/widgets/scaling/__pycache__/scaling_tracker.cpython-311.pyc (deflated 58%)
  adding: Excelerate.app/Contents/Resources/lib/python3.11/customtkinter/windows/widgets/scaling/__pycache__/__init__.cpython-311.pyc (deflated 30%)
  adding: Excelerate.app/Contents/Resources/lib/python3.11/customtkinter/windows/widgets/scaling/scaling_base_class.py (deflated 78%)
  adding: Excelerate.app/Contents/Resources/lib/python3.11/customtkinter/windows/widgets/scaling/scaling_tracker.py (deflated 76%)
  adding: Excelerate.app/Contents/Resources/lib/python3.11/customtkinter/windows/widgets/ctk_tabview.py (deflated 84%)
  adding: Excelerate.app/Contents/Resources/lib/python3.11/customtkinter/windows/widgets/theme/ (stored 0%)
  adding: Excelerate.app/Contents/Resources/lib/python3.11/customtkinter/windows/widgets/theme/__init__.py (deflated 42%)
  adding: Excelerate.app/Contents/Resources/lib/python3.11/customtkinter/windows/widgets/theme/__pycache__/ (stored 0%)
  adding: Excelerate.app/Contents/Resources/lib/python3.11/customtkinter/windows/widgets/theme/__pycache__/theme_manager.cpython-311.pyc (deflated 51%)
  adding: Excelerate.app/Contents/Resources/lib/python3.11/customtkinter/windows/widgets/theme/__pycache__/__init__.cpython-311.pyc (deflated 27%)
  adding: Excelerate.app/Contents/Resources/lib/python3.11/customtkinter/windows/widgets/theme/theme_manager.py (deflated 66%)
  adding: Excelerate.app/Contents/Resources/lib/python3.11/customtkinter/windows/widgets/ctk_progressbar.py (deflated 81%)
  adding: Excelerate.app/Contents/Resources/lib/python3.11/customtkinter/windows/widgets/core_rendering/ (stored 0%)
  adding: Excelerate.app/Contents/Resources/lib/python3.11/customtkinter/windows/widgets/core_rendering/draw_engine.py (deflated 92%)
  adding: Excelerate.app/Contents/Resources/lib/python3.11/customtkinter/windows/widgets/core_rendering/__init__.py (deflated 43%)
  adding: Excelerate.app/Contents/Resources/lib/python3.11/customtkinter/windows/widgets/core_rendering/__pycache__/ (stored 0%)
  adding: Excelerate.app/Contents/Resources/lib/python3.11/customtkinter/windows/widgets/core_rendering/__pycache__/ctk_canvas.cpython-311.pyc (deflated 54%)
  adding: Excelerate.app/Contents/Resources/lib/python3.11/customtkinter/windows/widgets/core_rendering/__pycache__/draw_engine.cpython-311.pyc (deflated 78%)
  adding: Excelerate.app/Contents/Resources/lib/python3.11/customtkinter/windows/widgets/core_rendering/__pycache__/__init__.cpython-311.pyc (deflated 28%)
  adding: Excelerate.app/Contents/Resources/lib/python3.11/customtkinter/windows/widgets/core_rendering/ctk_canvas.py (deflated 71%)
  adding: Excelerate.app/Contents/Resources/lib/python3.11/customtkinter/windows/widgets/ctk_textbox.py (deflated 83%)
  adding: Excelerate.app/Contents/Resources/lib/python3.11/customtkinter/windows/widgets/ctk_button.py (deflated 84%)
  adding: Excelerate.app/Contents/Resources/lib/python3.11/customtkinter/windows/widgets/ctk_checkbox.py (deflated 84%)
  adding: Excelerate.app/Contents/Resources/lib/python3.11/customtkinter/windows/widgets/font/ (stored 0%)
  adding: Excelerate.app/Contents/Resources/lib/python3.11/customtkinter/windows/widgets/font/font_manager.py (deflated 66%)
  adding: Excelerate.app/Contents/Resources/lib/python3.11/customtkinter/windows/widgets/font/__init__.py (deflated 62%)
  adding: Excelerate.app/Contents/Resources/lib/python3.11/customtkinter/windows/widgets/font/__pycache__/ (stored 0%)
  adding: Excelerate.app/Contents/Resources/lib/python3.11/customtkinter/windows/widgets/font/__pycache__/ctk_font.cpython-311.pyc (deflated 52%)
  adding: Excelerate.app/Contents/Resources/lib/python3.11/customtkinter/windows/widgets/font/__pycache__/font_manager.cpython-311.pyc (deflated 48%)
  adding: Excelerate.app/Contents/Resources/lib/python3.11/customtkinter/windows/widgets/font/__pycache__/__init__.cpython-311.pyc (deflated 47%)
  adding: Excelerate.app/Contents/Resources/lib/python3.11/customtkinter/windows/widgets/font/ctk_font.py (deflated 68%)
  adding: Excelerate.app/Contents/Resources/lib/python3.11/customtkinter/windows/widgets/ctk_slider.py (deflated 82%)
  adding: Excelerate.app/Contents/Resources/lib/python3.11/customtkinter/windows/widgets/ctk_optionmenu.py (deflated 82%)
  adding: Excelerate.app/Contents/Resources/lib/python3.11/customtkinter/windows/widgets/utility/ (stored 0%)
  adding: Excelerate.app/Contents/Resources/lib/python3.11/customtkinter/windows/widgets/utility/utility_functions.py (deflated 54%)
  adding: Excelerate.app/Contents/Resources/lib/python3.11/customtkinter/windows/widgets/utility/__init__.py (deflated 4%)
  adding: Excelerate.app/Contents/Resources/lib/python3.11/customtkinter/windows/widgets/utility/__pycache__/ (stored 0%)
  adding: Excelerate.app/Contents/Resources/lib/python3.11/customtkinter/windows/widgets/utility/__pycache__/utility_functions.cpython-311.pyc (deflated 37%)
  adding: Excelerate.app/Contents/Resources/lib/python3.11/customtkinter/windows/widgets/utility/__pycache__/__init__.cpython-311.pyc (deflated 22%)
  adding: Excelerate.app/Contents/Resources/lib/python3.11/customtkinter/assets/ (stored 0%)
  adding: Excelerate.app/Contents/Resources/lib/python3.11/customtkinter/assets/.DS_Store (deflated 93%)
  adding: Excelerate.app/Contents/Resources/lib/python3.11/customtkinter/assets/icons/ (stored 0%)
  adding: Excelerate.app/Contents/Resources/lib/python3.11/customtkinter/assets/icons/.DS_Store (deflated 96%)
  adding: Excelerate.app/Contents/Resources/lib/python3.11/customtkinter/assets/icons/CustomTkinter_icon_Windows.ico (deflated 4%)
  adding: Excelerate.app/Contents/Resources/lib/python3.11/customtkinter/assets/fonts/ (stored 0%)
  adding: Excelerate.app/Contents/Resources/lib/python3.11/customtkinter/assets/fonts/CustomTkinter_shapes_font.otf (deflated 44%)
  adding: Excelerate.app/Contents/Resources/lib/python3.11/customtkinter/assets/fonts/Roboto/ (stored 0%)
  adding: Excelerate.app/Contents/Resources/lib/python3.11/customtkinter/assets/fonts/Roboto/Roboto-Medium.ttf (deflated 47%)
  adding: Excelerate.app/Contents/Resources/lib/python3.11/customtkinter/assets/fonts/Roboto/Roboto-Regular.ttf (deflated 47%)
  adding: Excelerate.app/Contents/Resources/lib/python3.11/customtkinter/assets/themes/ (stored 0%)
  adding: Excelerate.app/Contents/Resources/lib/python3.11/customtkinter/assets/themes/dark-blue.json (deflated 82%)
  adding: Excelerate.app/Contents/Resources/lib/python3.11/customtkinter/assets/themes/green.json (deflated 82%)
  adding: Excelerate.app/Contents/Resources/lib/python3.11/customtkinter/assets/themes/blue.json (deflated 82%)
  adding: Excelerate.app/Contents/Resources/lib/python3.11/pytz/ (stored 0%)
  adding: Excelerate.app/Contents/Resources/lib/python3.11/pytz/zoneinfo/ (stored 0%)
  adding: Excelerate.app/Contents/Resources/lib/python3.11/pytz/zoneinfo/Indian/ (stored 0%)
  adding: Excelerate.app/Contents/Resources/lib/python3.11/pytz/zoneinfo/Indian/Mauritius (deflated 57%)
  adding: Excelerate.app/Contents/Resources/lib/python3.11/pytz/zoneinfo/Indian/Chagos (deflated 61%)
  adding: Excelerate.app/Contents/Resources/lib/python3.11/pytz/zoneinfo/Indian/Mayotte (deflated 58%)
  adding: Excelerate.app/Contents/Resources/lib/python3.11/pytz/zoneinfo/Indian/Christmas (deflated 62%)
  adding: Excelerate.app/Contents/Resources/lib/python3.11/pytz/zoneinfo/Indian/Cocos (deflated 59%)
  adding: Excelerate.app/Contents/Resources/lib/python3.11/pytz/zoneinfo/Indian/Maldives (deflated 62%)
  adding: Excelerate.app/Contents/Resources/lib/python3.11/pytz/zoneinfo/Indian/Comoro (deflated 58%)
  adding: Excelerate.app/Contents/Resources/lib/python3.11/pytz/zoneinfo/Indian/Reunion (deflated 64%)
  adding: Excelerate.app/Contents/Resources/lib/python3.11/pytz/zoneinfo/Indian/Mahe (deflated 64%)
  adding: Excelerate.app/Contents/Resources/lib/python3.11/pytz/zoneinfo/Indian/Kerguelen (deflated 62%)
  adding: Excelerate.app/Contents/Resources/lib/python3.11/pytz/zoneinfo/Indian/Antananarivo (deflated 58%)
  adding: Excelerate.app/Contents/Resources/lib/python3.11/pytz/zoneinfo/Atlantic/ (stored 0%)
  adding: Excelerate.app/Contents/Resources/lib/python3.11/pytz/zoneinfo/Atlantic/Faroe (deflated 54%)
  adding: Excelerate.app/Contents/Resources/lib/python3.11/pytz/zoneinfo/Atlantic/Canary (deflated 53%)
  adding: Excelerate.app/Contents/Resources/lib/python3.11/pytz/zoneinfo/Atlantic/Stanley (deflated 51%)
  adding: Excelerate.app/Contents/Resources/lib/python3.11/pytz/zoneinfo/Atlantic/Bermuda (deflated 53%)
  adding: Excelerate.app/Contents/Resources/lib/python3.11/pytz/zoneinfo/Atlantic/South_Georgia (deflated 61%)
  adding: Excelerate.app/Contents/Resources/lib/python3.11/pytz/zoneinfo/Atlantic/St_Helena (deflated 68%)
  adding: Excelerate.app/Contents/Resources/lib/python3.11/pytz/zoneinfo/Atlantic/Jan_Mayen (deflated 54%)
  adding: Excelerate.app/Contents/Resources/lib/python3.11/pytz/zoneinfo/Atlantic/Faeroe (deflated 54%)
  adding: Excelerate.app/Contents/Resources/lib/python3.11/pytz/zoneinfo/Atlantic/Reykjavik (deflated 68%)
  adding: Excelerate.app/Contents/Resources/lib/python3.11/pytz/zoneinfo/Atlantic/Cape_Verde (deflated 60%)
  adding: Excelerate.app/Contents/Resources/lib/python3.11/pytz/zoneinfo/Atlantic/Azores (deflated 53%)
  adding: Excelerate.app/Contents/Resources/lib/python3.11/pytz/zoneinfo/Atlantic/Madeira (deflated 53%)
  adding: Excelerate.app/Contents/Resources/lib/python3.11/pytz/zoneinfo/CST6CDT (deflated 52%)
  adding: Excelerate.app/Contents/Resources/lib/python3.11/pytz/zoneinfo/Poland (deflated 53%)
  adding: Excelerate.app/Contents/Resources/lib/python3.11/pytz/zoneinfo/US/ (stored 0%)
  adding: Excelerate.app/Contents/Resources/lib/python3.11/pytz/zoneinfo/US/Alaska (deflated 52%)
  adding: Excelerate.app/Contents/Resources/lib/python3.11/pytz/zoneinfo/US/Pacific (deflated 53%)
  adding: Excelerate.app/Contents/Resources/lib/python3.11/pytz/zoneinfo/US/Eastern (deflated 53%)
  adding: Excelerate.app/Contents/Resources/lib/python3.11/pytz/zoneinfo/US/Michigan (deflated 52%)
  adding: Excelerate.app/Contents/Resources/lib/python3.11/pytz/zoneinfo/US/Arizona (deflated 54%)
  adding: Excelerate.app/Contents/Resources/lib/python3.11/pytz/zoneinfo/US/Indiana-Starke (deflated 53%)
  adding: Excelerate.app/Contents/Resources/lib/python3.11/pytz/zoneinfo/US/Aleutian (deflated 51%)
  adding: Excelerate.app/Contents/Resources/lib/python3.11/pytz/zoneinfo/US/Hawaii (deflated 57%)
  adding: Excelerate.app/Contents/Resources/lib/python3.11/pytz/zoneinfo/US/East-Indiana (deflated 52%)
  adding: Excelerate.app/Contents/Resources/lib/python3.11/pytz/zoneinfo/US/Central (deflated 53%)
  adding: Excelerate.app/Contents/Resources/lib/python3.11/pytz/zoneinfo/US/Mountain (deflated 53%)
  adding: Excelerate.app/Contents/Resources/lib/python3.11/pytz/zoneinfo/US/Samoa (deflated 62%)
  adding: Excelerate.app/Contents/Resources/lib/python3.11/pytz/zoneinfo/Kwajalein (deflated 55%)
  adding: Excelerate.app/Contents/Resources/lib/python3.11/pytz/zoneinfo/leapseconds (deflated 58%)
  adding: Excelerate.app/Contents/Resources/lib/python3.11/pytz/zoneinfo/Brazil/ (stored 0%)
  adding: Excelerate.app/Contents/Resources/lib/python3.11/pytz/zoneinfo/Brazil/DeNoronha (deflated 51%)
  adding: Excelerate.app/Contents/Resources/lib/python3.11/pytz/zoneinfo/Brazil/Acre (deflated 51%)
  adding: Excelerate.app/Contents/Resources/lib/python3.11/pytz/zoneinfo/Brazil/East (deflated 52%)
  adding: Excelerate.app/Contents/Resources/lib/python3.11/pytz/zoneinfo/Brazil/West (deflated 49%)
  adding: Excelerate.app/Contents/Resources/lib/python3.11/pytz/zoneinfo/Pacific/ (stored 0%)
  adding: Excelerate.app/Contents/Resources/lib/python3.11/pytz/zoneinfo/Pacific/Port_Moresby (deflated 52%)
  adding: Excelerate.app/Contents/Resources/lib/python3.11/pytz/zoneinfo/Pacific/Chuuk (deflated 52%)
  adding: Excelerate.app/Contents/Resources/lib/python3.11/pytz/zoneinfo/Pacific/Easter (deflated 53%)
  adding: Excelerate.app/Contents/Resources/lib/python3.11/pytz/zoneinfo/Pacific/Kwajalein (deflated 55%)
  adding: Excelerate.app/Contents/Resources/lib/python3.11/pytz/zoneinfo/Pacific/Tongatapu (deflated 55%)
  adding: Excelerate.app/Contents/Resources/lib/python3.11/pytz/zoneinfo/Pacific/Yap (deflated 52%)
  adding: Excelerate.app/Contents/Resources/lib/python3.11/pytz/zoneinfo/Pacific/Wallis (deflated 63%)
  adding: Excelerate.app/Contents/Resources/lib/python3.11/pytz/zoneinfo/Pacific/Apia (deflated 50%)
  adding: Excelerate.app/Contents/Resources/lib/python3.11/pytz/zoneinfo/Pacific/Norfolk (deflated 51%)
  adding: Excelerate.app/Contents/Resources/lib/python3.11/pytz/zoneinfo/Pacific/Efate (deflated 51%)
  adding: Excelerate.app/Contents/Resources/lib/python3.11/pytz/zoneinfo/Pacific/Fiji (deflated 50%)
  adding: Excelerate.app/Contents/Resources/lib/python3.11/pytz/zoneinfo/Pacific/Funafuti (deflated 63%)
  adding: Excelerate.app/Contents/Resources/lib/python3.11/pytz/zoneinfo/Pacific/Palau (deflated 56%)
  adding: Excelerate.app/Contents/Resources/lib/python3.11/pytz/zoneinfo/Pacific/Guam (deflated 47%)
  adding: Excelerate.app/Contents/Resources/lib/python3.11/pytz/zoneinfo/Pacific/Saipan (deflated 47%)
  adding: Excelerate.app/Contents/Resources/lib/python3.11/pytz/zoneinfo/Pacific/Kosrae (deflated 48%)
  adding: Excelerate.app/Contents/Resources/lib/python3.11/pytz/zoneinfo/Pacific/Niue (deflated 60%)
  adding: Excelerate.app/Contents/Resources/lib/python3.11/pytz/zoneinfo/Pacific/Ponape (deflated 64%)
  adding: Excelerate.app/Contents/Resources/lib/python3.11/pytz/zoneinfo/Pacific/Wake (deflated 63%)
  adding: Excelerate.app/Contents/Resources/lib/python3.11/pytz/zoneinfo/Pacific/Galapagos (deflated 59%)
  adding: Excelerate.app/Contents/Resources/lib/python3.11/pytz/zoneinfo/Pacific/Johnston (deflated 57%)
  adding: Excelerate.app/Contents/Resources/lib/python3.11/pytz/zoneinfo/Pacific/Midway (deflated 62%)
  adding: Excelerate.app/Contents/Resources/lib/python3.11/pytz/zoneinfo/Pacific/Nauru (deflated 58%)
  adding: Excelerate.app/Contents/Resources/lib/python3.11/pytz/zoneinfo/Pacific/Guadalcanal (deflated 64%)
  adding: Excelerate.app/Contents/Resources/lib/python3.11/pytz/zoneinfo/Pacific/Chatham (deflated 53%)
  adding: Excelerate.app/Contents/Resources/lib/python3.11/pytz/zoneinfo/Pacific/Auckland (deflated 54%)
  adding: Excelerate.app/Contents/Resources/lib/python3.11/pytz/zoneinfo/Pacific/Noumea (deflated 58%)
  adding: Excelerate.app/Contents/Resources/lib/python3.11/pytz/zoneinfo/Pacific/Fakaofo (deflated 59%)
  adding: Excelerate.app/Contents/Resources/lib/python3.11/pytz/zoneinfo/Pacific/Tahiti (deflated 63%)
  adding: Excelerate.app/Contents/Resources/lib/python3.11/pytz/zoneinfo/Pacific/Gambier (deflated 63%)
  adding: Excelerate.app/Contents/Resources/lib/python3.11/pytz/zoneinfo/Pacific/Majuro (deflated 63%)
  adding: Excelerate.app/Contents/Resources/lib/python3.11/pytz/zoneinfo/Pacific/Honolulu (deflated 57%)
  adding: Excelerate.app/Contents/Resources/lib/python3.11/pytz/zoneinfo/Pacific/Pohnpei (deflated 64%)
  adding: Excelerate.app/Contents/Resources/lib/python3.11/pytz/zoneinfo/Pacific/Pago_Pago (deflated 62%)
  adding: Excelerate.app/Contents/Resources/lib/python3.11/pytz/zoneinfo/Pacific/Truk (deflated 52%)
  adding: Excelerate.app/Contents/Resources/lib/python3.11/pytz/zoneinfo/Pacific/Pitcairn (deflated 60%)
  adding: Excelerate.app/Contents/Resources/lib/python3.11/pytz/zoneinfo/Pacific/Marquesas (deflated 62%)
  adding: Excelerate.app/Contents/Resources/lib/python3.11/pytz/zoneinfo/Pacific/Kanton (deflated 59%)
  adding: Excelerate.app/Contents/Resources/lib/python3.11/pytz/zoneinfo/Pacific/Bougainville (deflated 48%)
  adding: Excelerate.app/Contents/Resources/lib/python3.11/pytz/zoneinfo/Pacific/Tarawa (deflated 63%)
  adding: Excelerate.app/Contents/Resources/lib/python3.11/pytz/zoneinfo/Pacific/Rarotonga (deflated 49%)
  adding: Excelerate.app/Contents/Resources/lib/python3.11/pytz/zoneinfo/Pacific/Samoa (deflated 62%)
  adding: Excelerate.app/Contents/Resources/lib/python3.11/pytz/zoneinfo/Pacific/Kiritimati (deflated 58%)
  adding: Excelerate.app/Contents/Resources/lib/python3.11/pytz/zoneinfo/Pacific/Enderbury (deflated 59%)
  adding: Excelerate.app/Contents/Resources/lib/python3.11/pytz/zoneinfo/zone1970.tab (deflated 51%)
  adding: Excelerate.app/Contents/Resources/lib/python3.11/pytz/zoneinfo/MST (deflated 73%)
  adding: Excelerate.app/Contents/Resources/lib/python3.11/pytz/zoneinfo/NZ (deflated 54%)
  adding: Excelerate.app/Contents/Resources/lib/python3.11/pytz/zoneinfo/Arctic/ (stored 0%)
  adding: Excelerate.app/Contents/Resources/lib/python3.11/pytz/zoneinfo/Arctic/Longyearbyen (deflated 54%)
  adding: Excelerate.app/Contents/Resources/lib/python3.11/pytz/zoneinfo/Universal (deflated 76%)
  adding: Excelerate.app/Contents/Resources/lib/python3.11/pytz/zoneinfo/Libya (deflated 48%)
  adding: Excelerate.app/Contents/Resources/lib/python3.11/pytz/zoneinfo/Turkey (deflated 53%)
  adding: Excelerate.app/Contents/Resources/lib/python3.11/pytz/zoneinfo/iso3166.tab (deflated 42%)
  adding: Excelerate.app/Contents/Resources/lib/python3.11/pytz/zoneinfo/EST5EDT (deflated 53%)
  adding: Excelerate.app/Contents/Resources/lib/python3.11/pytz/zoneinfo/Greenwich (deflated 76%)
  adding: Excelerate.app/Contents/Resources/lib/python3.11/pytz/zoneinfo/America/ (stored 0%)
  adding: Excelerate.app/Contents/Resources/lib/python3.11/pytz/zoneinfo/America/Puerto_Rico (deflated 59%)
  adding: Excelerate.app/Contents/Resources/lib/python3.11/pytz/zoneinfo/America/Recife (deflated 50%)
  adding: Excelerate.app/Contents/Resources/lib/python3.11/pytz/zoneinfo/America/Resolute (deflated 52%)
  adding: Excelerate.app/Contents/Resources/lib/python3.11/pytz/zoneinfo/America/Manaus (deflated 49%)
  adding: Excelerate.app/Contents/Resources/lib/python3.11/pytz/zoneinfo/America/New_York (deflated 53%)
  adding: Excelerate.app/Contents/Resources/lib/python3.11/pytz/zoneinfo/America/Rankin_Inlet (deflated 52%)
  adding: Excelerate.app/Contents/Resources/lib/python3.11/pytz/zoneinfo/America/Lima (deflated 51%)
  adding: Excelerate.app/Contents/Resources/lib/python3.11/pytz/zoneinfo/America/St_Barthelemy (deflated 59%)
  adding: Excelerate.app/Contents/Resources/lib/python3.11/pytz/zoneinfo/America/Santo_Domingo (deflated 50%)
  adding: Excelerate.app/Contents/Resources/lib/python3.11/pytz/zoneinfo/America/Detroit (deflated 52%)
  adding: Excelerate.app/Contents/Resources/lib/python3.11/pytz/zoneinfo/America/Paramaribo (deflated 58%)
  adding: Excelerate.app/Contents/Resources/lib/python3.11/pytz/zoneinfo/America/Yakutat (deflated 52%)
  adding: Excelerate.app/Contents/Resources/lib/python3.11/pytz/zoneinfo/America/Santarem (deflated 49%)
  adding: Excelerate.app/Contents/Resources/lib/python3.11/pytz/zoneinfo/America/Punta_Arenas (deflated 52%)
  adding: Excelerate.app/Contents/Resources/lib/python3.11/pytz/zoneinfo/America/Scoresbysund (deflated 54%)
  adding: Excelerate.app/Contents/Resources/lib/python3.11/pytz/zoneinfo/America/Santiago (deflated 53%)
  adding: Excelerate.app/Contents/Resources/lib/python3.11/pytz/zoneinfo/America/Guyana (deflated 58%)
  adding: Excelerate.app/Contents/Resources/lib/python3.11/pytz/zoneinfo/America/Coral_Harbour (deflated 61%)
  adding: Excelerate.app/Contents/Resources/lib/python3.11/pytz/zoneinfo/America/Rio_Branco (deflated 51%)
  adding: Excelerate.app/Contents/Resources/lib/python3.11/pytz/zoneinfo/America/Porto_Acre (deflated 51%)
  adding: Excelerate.app/Contents/Resources/lib/python3.11/pytz/zoneinfo/America/Ciudad_Juarez (deflated 51%)
  adding: Excelerate.app/Contents/Resources/lib/python3.11/pytz/zoneinfo/America/Nipigon (deflated 53%)
  adding: Excelerate.app/Contents/Resources/lib/python3.11/pytz/zoneinfo/America/Edmonton (deflated 52%)
  adding: Excelerate.app/Contents/Resources/lib/python3.11/pytz/zoneinfo/America/Port_of_Spain (deflated 59%)
  adding: Excelerate.app/Contents/Resources/lib/python3.11/pytz/zoneinfo/America/Lower_Princes (deflated 59%)
  adding: Excelerate.app/Contents/Resources/lib/python3.11/pytz/zoneinfo/America/St_Thomas (deflated 59%)
  adding: Excelerate.app/Contents/Resources/lib/python3.11/pytz/zoneinfo/America/Guatemala (deflated 54%)
  adding: Excelerate.app/Contents/Resources/lib/python3.11/pytz/zoneinfo/America/Catamarca (deflated 50%)
  adding: Excelerate.app/Contents/Resources/lib/python3.11/pytz/zoneinfo/America/Antigua (deflated 59%)
  adding: Excelerate.app/Contents/Resources/lib/python3.11/pytz/zoneinfo/America/Porto_Velho (deflated 49%)
  adding: Excelerate.app/Contents/Resources/lib/python3.11/pytz/zoneinfo/America/Rosario (deflated 50%)
  adding: Excelerate.app/Contents/Resources/lib/python3.11/pytz/zoneinfo/America/Chicago (deflated 53%)
  adding: Excelerate.app/Contents/Resources/lib/python3.11/pytz/zoneinfo/America/Creston (deflated 54%)
  adding: Excelerate.app/Contents/Resources/lib/python3.11/pytz/zoneinfo/America/Managua (deflated 51%)
  adding: Excelerate.app/Contents/Resources/lib/python3.11/pytz/zoneinfo/America/Nassau (deflated 53%)
  adding: Excelerate.app/Contents/Resources/lib/python3.11/pytz/zoneinfo/America/Bogota (deflated 59%)
  adding: Excelerate.app/Contents/Resources/lib/python3.11/pytz/zoneinfo/America/Cancun (deflated 51%)
  adding: Excelerate.app/Contents/Resources/lib/python3.11/pytz/zoneinfo/America/Chihuahua (deflated 52%)
  adding: Excelerate.app/Contents/Resources/lib/python3.11/pytz/zoneinfo/America/Campo_Grande (deflated 52%)
  adding: Excelerate.app/Contents/Resources/lib/python3.11/pytz/zoneinfo/America/Halifax (deflated 52%)
  adding: Excelerate.app/Contents/Resources/lib/python3.11/pytz/zoneinfo/America/Boise (deflated 53%)
  adding: Excelerate.app/Contents/Resources/lib/python3.11/pytz/zoneinfo/America/Montreal (deflated 53%)
  adding: Excelerate.app/Contents/Resources/lib/python3.11/pytz/zoneinfo/America/Goose_Bay (deflated 52%)
  adding: Excelerate.app/Contents/Resources/lib/python3.11/pytz/zoneinfo/America/Sao_Paulo (deflated 52%)
  adding: Excelerate.app/Contents/Resources/lib/python3.11/pytz/zoneinfo/America/Blanc-Sablon (deflated 59%)
  adding: Excelerate.app/Contents/Resources/lib/python3.11/pytz/zoneinfo/America/Phoenix (deflated 54%)
  adding: Excelerate.app/Contents/Resources/lib/python3.11/pytz/zoneinfo/America/Atikokan (deflated 61%)
  adding: Excelerate.app/Contents/Resources/lib/python3.11/pytz/zoneinfo/America/Cayenne (deflated 59%)
  adding: Excelerate.app/Contents/Resources/lib/python3.11/pytz/zoneinfo/America/Nuuk (deflated 54%)
  adding: Excelerate.app/Contents/Resources/lib/python3.11/pytz/zoneinfo/America/Santa_Isabel (deflated 53%)
  adding: Excelerate.app/Contents/Resources/lib/python3.11/pytz/zoneinfo/America/Boa_Vista (deflated 50%)
  adding: Excelerate.app/Contents/Resources/lib/python3.11/pytz/zoneinfo/America/Bahia_Banderas (deflated 52%)
  adding: Excelerate.app/Contents/Resources/lib/python3.11/pytz/zoneinfo/America/Indiana/ (stored 0%)
  adding: Excelerate.app/Contents/Resources/lib/python3.11/pytz/zoneinfo/America/Indiana/Vevay (deflated 52%)
  adding: Excelerate.app/Contents/Resources/lib/python3.11/pytz/zoneinfo/America/Indiana/Indianapolis (deflated 52%)
  adding: Excelerate.app/Contents/Resources/lib/python3.11/pytz/zoneinfo/America/Indiana/Winamac (deflated 51%)
  adding: Excelerate.app/Contents/Resources/lib/python3.11/pytz/zoneinfo/America/Indiana/Tell_City (deflated 52%)
  adding: Excelerate.app/Contents/Resources/lib/python3.11/pytz/zoneinfo/America/Indiana/Petersburg (deflated 51%)
  adding: Excelerate.app/Contents/Resources/lib/python3.11/pytz/zoneinfo/America/Indiana/Vincennes (deflated 52%)
  adding: Excelerate.app/Contents/Resources/lib/python3.11/pytz/zoneinfo/America/Indiana/Knox (deflated 53%)
  adding: Excelerate.app/Contents/Resources/lib/python3.11/pytz/zoneinfo/America/Indiana/Marengo (deflated 52%)
  adding: Excelerate.app/Contents/Resources/lib/python3.11/pytz/zoneinfo/America/Indianapolis (deflated 52%)
  adding: Excelerate.app/Contents/Resources/lib/python3.11/pytz/zoneinfo/America/Dominica (deflated 59%)
  adding: Excelerate.app/Contents/Resources/lib/python3.11/pytz/zoneinfo/America/Argentina/ (stored 0%)
  adding: Excelerate.app/Contents/Resources/lib/python3.11/pytz/zoneinfo/America/Argentina/Salta (deflated 50%)
  adding: Excelerate.app/Contents/Resources/lib/python3.11/pytz/zoneinfo/America/Argentina/Ushuaia (deflated 50%)
  adding: Excelerate.app/Contents/Resources/lib/python3.11/pytz/zoneinfo/America/Argentina/Catamarca (deflated 50%)
  adding: Excelerate.app/Contents/Resources/lib/python3.11/pytz/zoneinfo/America/Argentina/ComodRivadavia (deflated 50%)
  adding: Excelerate.app/Contents/Resources/lib/python3.11/pytz/zoneinfo/America/Argentina/San_Juan (deflated 51%)
  adding: Excelerate.app/Contents/Resources/lib/python3.11/pytz/zoneinfo/America/Argentina/San_Luis (deflated 51%)
  adding: Excelerate.app/Contents/Resources/lib/python3.11/pytz/zoneinfo/America/Argentina/Rio_Gallegos (deflated 50%)
  adding: Excelerate.app/Contents/Resources/lib/python3.11/pytz/zoneinfo/America/Argentina/Jujuy (deflated 50%)
  adding: Excelerate.app/Contents/Resources/lib/python3.11/pytz/zoneinfo/America/Argentina/Tucuman (deflated 50%)
  adding: Excelerate.app/Contents/Resources/lib/python3.11/pytz/zoneinfo/America/Argentina/Buenos_Aires (deflated 50%)
  adding: Excelerate.app/Contents/Resources/lib/python3.11/pytz/zoneinfo/America/Argentina/Cordoba (deflated 50%)
  adding: Excelerate.app/Contents/Resources/lib/python3.11/pytz/zoneinfo/America/Argentina/La_Rioja (deflated 50%)
  adding: Excelerate.app/Contents/Resources/lib/python3.11/pytz/zoneinfo/America/Argentina/Mendoza (deflated 50%)
  adding: Excelerate.app/Contents/Resources/lib/python3.11/pytz/zoneinfo/America/La_Paz (deflated 58%)
  adding: Excelerate.app/Contents/Resources/lib/python3.11/pytz/zoneinfo/America/Dawson (deflated 53%)
  adding: Excelerate.app/Contents/Resources/lib/python3.11/pytz/zoneinfo/America/Moncton (deflated 53%)
  adding: Excelerate.app/Contents/Resources/lib/python3.11/pytz/zoneinfo/America/Matamoros (deflated 52%)
  adding: Excelerate.app/Contents/Resources/lib/python3.11/pytz/zoneinfo/America/St_Vincent (deflated 59%)
  adding: Excelerate.app/Contents/Resources/lib/python3.11/pytz/zoneinfo/America/Regina (deflated 51%)
  adding: Excelerate.app/Contents/Resources/lib/python3.11/pytz/zoneinfo/America/Yellowknife (deflated 52%)
  adding: Excelerate.app/Contents/Resources/lib/python3.11/pytz/zoneinfo/America/Rainy_River (deflated 52%)
  adding: Excelerate.app/Contents/Resources/lib/python3.11/pytz/zoneinfo/America/Kralendijk (deflated 59%)
  adding: Excelerate.app/Contents/Resources/lib/python3.11/pytz/zoneinfo/America/Monterrey (deflated 51%)
  adding: Excelerate.app/Contents/Resources/lib/python3.11/pytz/zoneinfo/America/Jamaica (deflated 49%)
  adding: Excelerate.app/Contents/Resources/lib/python3.11/pytz/zoneinfo/America/Havana (deflated 53%)
  adding: Excelerate.app/Contents/Resources/lib/python3.11/pytz/zoneinfo/America/Tegucigalpa (deflated 54%)
  adding: Excelerate.app/Contents/Resources/lib/python3.11/pytz/zoneinfo/America/Guayaquil (deflated 57%)
  adding: Excelerate.app/Contents/Resources/lib/python3.11/pytz/zoneinfo/America/Metlakatla (deflated 50%)
  adding: Excelerate.app/Contents/Resources/lib/python3.11/pytz/zoneinfo/America/Mazatlan (deflated 52%)
  adding: Excelerate.app/Contents/Resources/lib/python3.11/pytz/zoneinfo/America/Belize (deflated 52%)
  adding: Excelerate.app/Contents/Resources/lib/python3.11/pytz/zoneinfo/America/Knox_IN (deflated 53%)
  adding: Excelerate.app/Contents/Resources/lib/python3.11/pytz/zoneinfo/America/Cuiaba (deflated 52%)
  adding: Excelerate.app/Contents/Resources/lib/python3.11/pytz/zoneinfo/America/Merida (deflated 52%)
  adding: Excelerate.app/Contents/Resources/lib/python3.11/pytz/zoneinfo/America/Jujuy (deflated 50%)
  adding: Excelerate.app/Contents/Resources/lib/python3.11/pytz/zoneinfo/America/Cayman (deflated 61%)
  adding: Excelerate.app/Contents/Resources/lib/python3.11/pytz/zoneinfo/America/Belem (deflated 49%)
  adding: Excelerate.app/Contents/Resources/lib/python3.11/pytz/zoneinfo/America/Eirunepe (deflated 51%)
  adding: Excelerate.app/Contents/Resources/lib/python3.11/pytz/zoneinfo/America/St_Lucia (deflated 59%)
  adding: Excelerate.app/Contents/Resources/lib/python3.11/pytz/zoneinfo/America/Bahia (deflated 51%)
  adding: Excelerate.app/Contents/Resources/lib/python3.11/pytz/zoneinfo/America/Whitehorse (deflated 54%)
  adding: Excelerate.app/Contents/Resources/lib/python3.11/pytz/zoneinfo/America/Tortola (deflated 59%)
  adding: Excelerate.app/Contents/Resources/lib/python3.11/pytz/zoneinfo/America/Vancouver (deflated 53%)
  adding: Excelerate.app/Contents/Resources/lib/python3.11/pytz/zoneinfo/America/Inuvik (deflated 52%)
  adding: Excelerate.app/Contents/Resources/lib/python3.11/pytz/zoneinfo/America/Port-au-Prince (deflated 51%)
  adding: Excelerate.app/Contents/Resources/lib/python3.11/pytz/zoneinfo/America/Fortaleza (deflated 50%)
  adding: Excelerate.app/Contents/Resources/lib/python3.11/pytz/zoneinfo/America/Noronha (deflated 51%)
  adding: Excelerate.app/Contents/Resources/lib/python3.11/pytz/zoneinfo/America/Buenos_Aires (deflated 50%)
  adding: Excelerate.app/Contents/Resources/lib/python3.11/pytz/zoneinfo/America/Los_Angeles (deflated 53%)
  adding: Excelerate.app/Contents/Resources/lib/python3.11/pytz/zoneinfo/America/El_Salvador (deflated 56%)
  adding: Excelerate.app/Contents/Resources/lib/python3.11/pytz/zoneinfo/America/Denver (deflated 53%)
  adding: Excelerate.app/Contents/Resources/lib/python3.11/pytz/zoneinfo/America/Fort_Wayne (deflated 52%)
  adding: Excelerate.app/Contents/Resources/lib/python3.11/pytz/zoneinfo/America/Kentucky/ (stored 0%)
  adding: Excelerate.app/Contents/Resources/lib/python3.11/pytz/zoneinfo/America/Kentucky/Louisville (deflated 53%)
  adding: Excelerate.app/Contents/Resources/lib/python3.11/pytz/zoneinfo/America/Kentucky/Monticello (deflated 52%)
  adding: Excelerate.app/Contents/Resources/lib/python3.11/pytz/zoneinfo/America/North_Dakota/ (stored 0%)
  adding: Excelerate.app/Contents/Resources/lib/python3.11/pytz/zoneinfo/America/North_Dakota/New_Salem (deflated 52%)
  adding: Excelerate.app/Contents/Resources/lib/python3.11/pytz/zoneinfo/America/North_Dakota/Center (deflated 52%)
  adding: Excelerate.app/Contents/Resources/lib/python3.11/pytz/zoneinfo/America/North_Dakota/Beulah (deflated 52%)
  adding: Excelerate.app/Contents/Resources/lib/python3.11/pytz/zoneinfo/America/Glace_Bay (deflated 52%)
  adding: Excelerate.app/Contents/Resources/lib/python3.11/pytz/zoneinfo/America/Montserrat (deflated 59%)
  adding: Excelerate.app/Contents/Resources/lib/python3.11/pytz/zoneinfo/America/Toronto (deflated 53%)
  adding: Excelerate.app/Contents/Resources/lib/python3.11/pytz/zoneinfo/America/Panama (deflated 61%)
  adding: Excelerate.app/Contents/Resources/lib/python3.11/pytz/zoneinfo/America/Cordoba (deflated 50%)
  adding: Excelerate.app/Contents/Resources/lib/python3.11/pytz/zoneinfo/America/Louisville (deflated 53%)
  adding: Excelerate.app/Contents/Resources/lib/python3.11/pytz/zoneinfo/America/Ensenada (deflated 53%)
  adding: Excelerate.app/Contents/Resources/lib/python3.11/pytz/zoneinfo/America/Shiprock (deflated 53%)
  adding: Excelerate.app/Contents/Resources/lib/python3.11/pytz/zoneinfo/America/Ojinaga (deflated 51%)
  adding: Excelerate.app/Contents/Resources/lib/python3.11/pytz/zoneinfo/America/Thule (deflated 52%)
  adding: Excelerate.app/Contents/Resources/lib/python3.11/pytz/zoneinfo/America/Caracas (deflated 56%)
  adding: Excelerate.app/Contents/Resources/lib/python3.11/pytz/zoneinfo/America/Araguaina (deflated 51%)
  adding: Excelerate.app/Contents/Resources/lib/python3.11/pytz/zoneinfo/America/Cambridge_Bay (deflated 53%)
  adding: Excelerate.app/Contents/Resources/lib/python3.11/pytz/zoneinfo/America/Winnipeg (deflated 52%)
  adding: Excelerate.app/Contents/Resources/lib/python3.11/pytz/zoneinfo/America/Grand_Turk (deflated 52%)
  adding: Excelerate.app/Contents/Resources/lib/python3.11/pytz/zoneinfo/America/Virgin (deflated 59%)
  adding: Excelerate.app/Contents/Resources/lib/python3.11/pytz/zoneinfo/America/Anchorage (deflated 52%)
  adding: Excelerate.app/Contents/Resources/lib/python3.11/pytz/zoneinfo/America/Costa_Rica (deflated 53%)
  adding: Excelerate.app/Contents/Resources/lib/python3.11/pytz/zoneinfo/America/Nome (deflated 51%)
  adding: Excelerate.app/Contents/Resources/lib/python3.11/pytz/zoneinfo/America/Grenada (deflated 59%)
  adding: Excelerate.app/Contents/Resources/lib/python3.11/pytz/zoneinfo/America/St_Johns (deflated 52%)
  adding: Excelerate.app/Contents/Resources/lib/python3.11/pytz/zoneinfo/America/Atka (deflated 51%)
  adding: Excelerate.app/Contents/Resources/lib/python3.11/pytz/zoneinfo/America/Asuncion (deflated 53%)
  adding: Excelerate.app/Contents/Resources/lib/python3.11/pytz/zoneinfo/America/Hermosillo (deflated 54%)
  adding: Excelerate.app/Contents/Resources/lib/python3.11/pytz/zoneinfo/America/Tijuana (deflated 53%)
  adding: Excelerate.app/Contents/Resources/lib/python3.11/pytz/zoneinfo/America/Marigot (deflated 59%)
  adding: Excelerate.app/Contents/Resources/lib/python3.11/pytz/zoneinfo/America/Juneau (deflated 52%)
  adding: Excelerate.app/Contents/Resources/lib/python3.11/pytz/zoneinfo/America/Montevideo (deflated 51%)
  adding: Excelerate.app/Contents/Resources/lib/python3.11/pytz/zoneinfo/America/Godthab (deflated 54%)
  adding: Excelerate.app/Contents/Resources/lib/python3.11/pytz/zoneinfo/America/Guadeloupe (deflated 59%)
  adding: Excelerate.app/Contents/Resources/lib/python3.11/pytz/zoneinfo/America/Maceio (deflated 51%)
  adding: Excelerate.app/Contents/Resources/lib/python3.11/pytz/zoneinfo/America/Pangnirtung (deflated 53%)
  adding: Excelerate.app/Contents/Resources/lib/python3.11/pytz/zoneinfo/America/St_Kitts (deflated 59%)
  adding: Excelerate.app/Contents/Resources/lib/python3.11/pytz/zoneinfo/America/Barbados (deflated 52%)
  adding: Excelerate.app/Contents/Resources/lib/python3.11/pytz/zoneinfo/America/Iqaluit (deflated 53%)
  adding: Excelerate.app/Contents/Resources/lib/python3.11/pytz/zoneinfo/America/Menominee (deflated 52%)
  adding: Excelerate.app/Contents/Resources/lib/python3.11/pytz/zoneinfo/America/Martinique (deflated 59%)
  adding: Excelerate.app/Contents/Resources/lib/python3.11/pytz/zoneinfo/America/Mexico_City (deflated 52%)
  adding: Excelerate.app/Contents/Resources/lib/python3.11/pytz/zoneinfo/America/Swift_Current (deflated 52%)
  adding: Excelerate.app/Contents/Resources/lib/python3.11/pytz/zoneinfo/America/Miquelon (deflated 52%)
  adding: Excelerate.app/Contents/Resources/lib/python3.11/pytz/zoneinfo/America/Curacao (deflated 59%)
  adding: Excelerate.app/Contents/Resources/lib/python3.11/pytz/zoneinfo/America/Dawson_Creek (deflated 52%)
  adding: Excelerate.app/Contents/Resources/lib/python3.11/pytz/zoneinfo/America/Mendoza (deflated 50%)
  adding: Excelerate.app/Contents/Resources/lib/python3.11/pytz/zoneinfo/America/Adak (deflated 51%)
  adding: Excelerate.app/Contents/Resources/lib/python3.11/pytz/zoneinfo/America/Thunder_Bay (deflated 53%)
  adding: Excelerate.app/Contents/Resources/lib/python3.11/pytz/zoneinfo/America/Aruba (deflated 59%)
  adding: Excelerate.app/Contents/Resources/lib/python3.11/pytz/zoneinfo/America/Fort_Nelson (deflated 53%)
  adding: Excelerate.app/Contents/Resources/lib/python3.11/pytz/zoneinfo/America/Sitka (deflated 52%)
  adding: Excelerate.app/Contents/Resources/lib/python3.11/pytz/zoneinfo/America/Anguilla (deflated 59%)
  adding: Excelerate.app/Contents/Resources/lib/python3.11/pytz/zoneinfo/America/Danmarkshavn (deflated 52%)
  adding: Excelerate.app/Contents/Resources/lib/python3.11/pytz/zoneinfo/Australia/ (stored 0%)
  adding: Excelerate.app/Contents/Resources/lib/python3.11/pytz/zoneinfo/Australia/Melbourne (deflated 53%)
  adding: Excelerate.app/Contents/Resources/lib/python3.11/pytz/zoneinfo/Australia/Queensland (deflated 52%)
  adding: Excelerate.app/Contents/Resources/lib/python3.11/pytz/zoneinfo/Australia/North (deflated 45%)
  adding: Excelerate.app/Contents/Resources/lib/python3.11/pytz/zoneinfo/Australia/Lord_Howe (deflated 52%)
  adding: Excelerate.app/Contents/Resources/lib/python3.11/pytz/zoneinfo/Australia/Adelaide (deflated 51%)
  adding: Excelerate.app/Contents/Resources/lib/python3.11/pytz/zoneinfo/Australia/Yancowinna (deflated 52%)
  adding: Excelerate.app/Contents/Resources/lib/python3.11/pytz/zoneinfo/Australia/Victoria (deflated 53%)
  adding: Excelerate.app/Contents/Resources/lib/python3.11/pytz/zoneinfo/Australia/Canberra (deflated 53%)
  adding: Excelerate.app/Contents/Resources/lib/python3.11/pytz/zoneinfo/Australia/Sydney (deflated 53%)
  adding: Excelerate.app/Contents/Resources/lib/python3.11/pytz/zoneinfo/Australia/ACT (deflated 53%)
  adding: Excelerate.app/Contents/Resources/lib/python3.11/pytz/zoneinfo/Australia/Eucla (deflated 51%)
  adding: Excelerate.app/Contents/Resources/lib/python3.11/pytz/zoneinfo/Australia/Brisbane (deflated 52%)
  adding: Excelerate.app/Contents/Resources/lib/python3.11/pytz/zoneinfo/Australia/Tasmania (deflated 54%)
  adding: Excelerate.app/Contents/Resources/lib/python3.11/pytz/zoneinfo/Australia/Hobart (deflated 54%)
  adding: Excelerate.app/Contents/Resources/lib/python3.11/pytz/zoneinfo/Australia/Perth (deflated 51%)
  adding: Excelerate.app/Contents/Resources/lib/python3.11/pytz/zoneinfo/Australia/South (deflated 51%)
  adding: Excelerate.app/Contents/Resources/lib/python3.11/pytz/zoneinfo/Australia/Lindeman (deflated 50%)
  adding: Excelerate.app/Contents/Resources/lib/python3.11/pytz/zoneinfo/Australia/Darwin (deflated 45%)
  adding: Excelerate.app/Contents/Resources/lib/python3.11/pytz/zoneinfo/Australia/West (deflated 51%)
  adding: Excelerate.app/Contents/Resources/lib/python3.11/pytz/zoneinfo/Australia/LHI (deflated 52%)
  adding: Excelerate.app/Contents/Resources/lib/python3.11/pytz/zoneinfo/Australia/NSW (deflated 53%)
  adding: Excelerate.app/Contents/Resources/lib/python3.11/pytz/zoneinfo/Australia/Broken_Hill (deflated 52%)
  adding: Excelerate.app/Contents/Resources/lib/python3.11/pytz/zoneinfo/Australia/Currie (deflated 54%)
  adding: Excelerate.app/Contents/Resources/lib/python3.11/pytz/zoneinfo/Etc/ (stored 0%)
  adding: Excelerate.app/Contents/Resources/lib/python3.11/pytz/zoneinfo/Etc/GMT-10 (deflated 70%)
  adding: Excelerate.app/Contents/Resources/lib/python3.11/pytz/zoneinfo/Etc/GMT+12 (deflated 71%)
  adding: Excelerate.app/Contents/Resources/lib/python3.11/pytz/zoneinfo/Etc/GMT-11 (deflated 70%)
  adding: Excelerate.app/Contents/Resources/lib/python3.11/pytz/zoneinfo/Etc/Universal (deflated 76%)
  adding: Excelerate.app/Contents/Resources/lib/python3.11/pytz/zoneinfo/Etc/Greenwich (deflated 76%)
  adding: Excelerate.app/Contents/Resources/lib/python3.11/pytz/zoneinfo/Etc/GMT-6 (deflated 71%)
  adding: Excelerate.app/Contents/Resources/lib/python3.11/pytz/zoneinfo/Etc/GMT-1 (deflated 71%)
  adding: Excelerate.app/Contents/Resources/lib/python3.11/pytz/zoneinfo/Etc/GMT-8 (deflated 71%)
  adding: Excelerate.app/Contents/Resources/lib/python3.11/pytz/zoneinfo/Etc/GMT+4 (deflated 72%)
  adding: Excelerate.app/Contents/Resources/lib/python3.11/pytz/zoneinfo/Etc/GMT+3 (deflated 72%)
  adding: Excelerate.app/Contents/Resources/lib/python3.11/pytz/zoneinfo/Etc/GMT-9 (deflated 71%)
  adding: Excelerate.app/Contents/Resources/lib/python3.11/pytz/zoneinfo/Etc/GMT-0 (deflated 76%)
  adding: Excelerate.app/Contents/Resources/lib/python3.11/pytz/zoneinfo/Etc/GMT-7 (deflated 71%)
  adding: Excelerate.app/Contents/Resources/lib/python3.11/pytz/zoneinfo/Etc/GMT+2 (deflated 72%)
  adding: Excelerate.app/Contents/Resources/lib/python3.11/pytz/zoneinfo/Etc/GMT+5 (deflated 72%)
  adding: Excelerate.app/Contents/Resources/lib/python3.11/pytz/zoneinfo/Etc/GMT (deflated 76%)
  adding: Excelerate.app/Contents/Resources/lib/python3.11/pytz/zoneinfo/Etc/Zulu (deflated 76%)
  adding: Excelerate.app/Contents/Resources/lib/python3.11/pytz/zoneinfo/Etc/GMT+11 (deflated 71%)
  adding: Excelerate.app/Contents/Resources/lib/python3.11/pytz/zoneinfo/Etc/GMT-13 (deflated 70%)
  adding: Excelerate.app/Contents/Resources/lib/python3.11/pytz/zoneinfo/Etc/GMT-14 (deflated 70%)
  adding: Excelerate.app/Contents/Resources/lib/python3.11/pytz/zoneinfo/Etc/GMT+10 (deflated 71%)
  adding: Excelerate.app/Contents/Resources/lib/python3.11/pytz/zoneinfo/Etc/GMT-12 (deflated 70%)
  adding: Excelerate.app/Contents/Resources/lib/python3.11/pytz/zoneinfo/Etc/GMT0 (deflated 76%)
  adding: Excelerate.app/Contents/Resources/lib/python3.11/pytz/zoneinfo/Etc/UCT (deflated 76%)
  adding: Excelerate.app/Contents/Resources/lib/python3.11/pytz/zoneinfo/Etc/GMT+0 (deflated 76%)
  adding: Excelerate.app/Contents/Resources/lib/python3.11/pytz/zoneinfo/Etc/GMT+7 (deflated 72%)
  adding: Excelerate.app/Contents/Resources/lib/python3.11/pytz/zoneinfo/Etc/GMT+9 (deflated 72%)
  adding: Excelerate.app/Contents/Resources/lib/python3.11/pytz/zoneinfo/Etc/GMT-2 (deflated 71%)
  adding: Excelerate.app/Contents/Resources/lib/python3.11/pytz/zoneinfo/Etc/GMT-5 (deflated 71%)
  adding: Excelerate.app/Contents/Resources/lib/python3.11/pytz/zoneinfo/Etc/GMT+8 (deflated 72%)
  adding: Excelerate.app/Contents/Resources/lib/python3.11/pytz/zoneinfo/Etc/GMT+6 (deflated 72%)
  adding: Excelerate.app/Contents/Resources/lib/python3.11/pytz/zoneinfo/Etc/GMT+1 (deflated 72%)
  adding: Excelerate.app/Contents/Resources/lib/python3.11/pytz/zoneinfo/Etc/UTC (deflated 76%)
  adding: Excelerate.app/Contents/Resources/lib/python3.11/pytz/zoneinfo/Etc/GMT-4 (deflated 71%)
  adding: Excelerate.app/Contents/Resources/lib/python3.11/pytz/zoneinfo/Etc/GMT-3 (deflated 71%)
  adding: Excelerate.app/Contents/Resources/lib/python3.11/pytz/zoneinfo/zonenow.tab (deflated 56%)
  adding: Excelerate.app/Contents/Resources/lib/python3.11/pytz/zoneinfo/NZ-CHAT (deflated 53%)
  adding: Excelerate.app/Contents/Resources/lib/python3.11/pytz/zoneinfo/Asia/ (stored 0%)
  adding: Excelerate.app/Contents/Resources/lib/python3.11/pytz/zoneinfo/Asia/Dushanbe (deflated 51%)
  adding: Excelerate.app/Contents/Resources/lib/python3.11/pytz/zoneinfo/Asia/Qostanay (deflated 52%)
  adding: Excelerate.app/Contents/Resources/lib/python3.11/pytz/zoneinfo/Asia/Calcutta (deflated 46%)
  adding: Excelerate.app/Contents/Resources/lib/python3.11/pytz/zoneinfo/Asia/Urumqi (deflated 64%)
  adding: Excelerate.app/Contents/Resources/lib/python3.11/pytz/zoneinfo/Asia/Karachi (deflated 53%)
  adding: Excelerate.app/Contents/Resources/lib/python3.11/pytz/zoneinfo/Asia/Khandyga (deflated 53%)
  adding: Excelerate.app/Contents/Resources/lib/python3.11/pytz/zoneinfo/Asia/Thimbu (deflated 62%)
  adding: Excelerate.app/Contents/Resources/lib/python3.11/pytz/zoneinfo/Asia/Thimphu (deflated 62%)
  adding: Excelerate.app/Contents/Resources/lib/python3.11/pytz/zoneinfo/Asia/Vladivostok (deflated 53%)
  adding: Excelerate.app/Contents/Resources/lib/python3.11/pytz/zoneinfo/Asia/Vientiane (deflated 62%)
  adding: Excelerate.app/Contents/Resources/lib/python3.11/pytz/zoneinfo/Asia/Shanghai (deflated 50%)
  adding: Excelerate.app/Contents/Resources/lib/python3.11/pytz/zoneinfo/Asia/Ulan_Bator (deflated 52%)
  adding: Excelerate.app/Contents/Resources/lib/python3.11/pytz/zoneinfo/Asia/Aden (deflated 64%)
  adding: Excelerate.app/Contents/Resources/lib/python3.11/pytz/zoneinfo/Asia/Muscat (deflated 64%)
  adding: Excelerate.app/Contents/Resources/lib/python3.11/pytz/zoneinfo/Asia/Damascus (deflated 52%)
  adding: Excelerate.app/Contents/Resources/lib/python3.11/pytz/zoneinfo/Asia/Jerusalem (deflated 52%)
  adding: Excelerate.app/Contents/Resources/lib/python3.11/pytz/zoneinfo/Asia/Brunei (deflated 51%)
  adding: Excelerate.app/Contents/Resources/lib/python3.11/pytz/zoneinfo/Asia/Ulaanbaatar (deflated 52%)
  adding: Excelerate.app/Contents/Resources/lib/python3.11/pytz/zoneinfo/Asia/Amman (deflated 52%)
  adding: Excelerate.app/Contents/Resources/lib/python3.11/pytz/zoneinfo/Asia/Kuching (deflated 51%)
  adding: Excelerate.app/Contents/Resources/lib/python3.11/pytz/zoneinfo/Asia/Tel_Aviv (deflated 52%)
  adding: Excelerate.app/Contents/Resources/lib/python3.11/pytz/zoneinfo/Asia/Seoul (deflated 49%)
  adding: Excelerate.app/Contents/Resources/lib/python3.11/pytz/zoneinfo/Asia/Atyrau (deflated 51%)
  adding: Excelerate.app/Contents/Resources/lib/python3.11/pytz/zoneinfo/Asia/Pyongyang (deflated 58%)
  adding: Excelerate.app/Contents/Resources/lib/python3.11/pytz/zoneinfo/Asia/Hovd (deflated 52%)
  adding: Excelerate.app/Contents/Resources/lib/python3.11/pytz/zoneinfo/Asia/Hebron (deflated 50%)
  adding: Excelerate.app/Contents/Resources/lib/python3.11/pytz/zoneinfo/Asia/Kuwait (deflated 64%)
  adding: Excelerate.app/Contents/Resources/lib/python3.11/pytz/zoneinfo/Asia/Tomsk (deflated 51%)
  adding: Excelerate.app/Contents/Resources/lib/python3.11/pytz/zoneinfo/Asia/Manila (deflated 49%)
  adding: Excelerate.app/Contents/Resources/lib/python3.11/pytz/zoneinfo/Asia/Chita (deflated 53%)
  adding: Excelerate.app/Contents/Resources/lib/python3.11/pytz/zoneinfo/Asia/Katmandu (deflated 61%)
  adding: Excelerate.app/Contents/Resources/lib/python3.11/pytz/zoneinfo/Asia/Gaza (deflated 50%)
  adding: Excelerate.app/Contents/Resources/lib/python3.11/pytz/zoneinfo/Asia/Samarkand (deflated 50%)
  adding: Excelerate.app/Contents/Resources/lib/python3.11/pytz/zoneinfo/Asia/Taipei (deflated 52%)
  adding: Excelerate.app/Contents/Resources/lib/python3.11/pytz/zoneinfo/Asia/Tashkent (deflated 51%)
  adding: Excelerate.app/Contents/Resources/lib/python3.11/pytz/zoneinfo/Asia/Yekaterinburg (deflated 53%)
  adding: Excelerate.app/Contents/Resources/lib/python3.11/pytz/zoneinfo/Asia/Macau (deflated 51%)
  adding: Excelerate.app/Contents/Resources/lib/python3.11/pytz/zoneinfo/Asia/Qyzylorda (deflated 52%)
  adding: Excelerate.app/Contents/Resources/lib/python3.11/pytz/zoneinfo/Asia/Macao (deflated 51%)
  adding: Excelerate.app/Contents/Resources/lib/python3.11/pytz/zoneinfo/Asia/Tokyo (deflated 56%)
  adding: Excelerate.app/Contents/Resources/lib/python3.11/pytz/zoneinfo/Asia/Baku (deflated 53%)
  adding: Excelerate.app/Contents/Resources/lib/python3.11/pytz/zoneinfo/Asia/Barnaul (deflated 52%)
  adding: Excelerate.app/Contents/Resources/lib/python3.11/pytz/zoneinfo/Asia/Istanbul (deflated 53%)
  adding: Excelerate.app/Contents/Resources/lib/python3.11/pytz/zoneinfo/Asia/Irkutsk (deflated 53%)
  adding: Excelerate.app/Contents/Resources/lib/python3.11/pytz/zoneinfo/Asia/Qatar (deflated 61%)
  adding: Excelerate.app/Contents/Resources/lib/python3.11/pytz/zoneinfo/Asia/Bahrain (deflated 61%)
  adding: Excelerate.app/Contents/Resources/lib/python3.11/pytz/zoneinfo/Asia/Yangon (deflated 59%)
  adding: Excelerate.app/Contents/Resources/lib/python3.11/pytz/zoneinfo/Asia/Yerevan (deflated 52%)
  adding: Excelerate.app/Contents/Resources/lib/python3.11/pytz/zoneinfo/Asia/Almaty (deflated 51%)
  adding: Excelerate.app/Contents/Resources/lib/python3.11/pytz/zoneinfo/Asia/Dili (deflated 58%)
  adding: Excelerate.app/Contents/Resources/lib/python3.11/pytz/zoneinfo/Asia/Dacca (deflated 55%)
  adding: Excelerate.app/Contents/Resources/lib/python3.11/pytz/zoneinfo/Asia/Chongqing (deflated 50%)
  adding: Excelerate.app/Contents/Resources/lib/python3.11/pytz/zoneinfo/Asia/Ust-Nera (deflated 53%)
  adding: Excelerate.app/Contents/Resources/lib/python3.11/pytz/zoneinfo/Asia/Magadan (deflated 53%)
  adding: Excelerate.app/Contents/Resources/lib/python3.11/pytz/zoneinfo/Asia/Colombo (deflated 57%)
  adding: Excelerate.app/Contents/Resources/lib/python3.11/pytz/zoneinfo/Asia/Krasnoyarsk (deflated 53%)
  adding: Excelerate.app/Contents/Resources/lib/python3.11/pytz/zoneinfo/Asia/Kamchatka (deflated 52%)
  adding: Excelerate.app/Contents/Resources/lib/python3.11/pytz/zoneinfo/Asia/Ujung_Pandang (deflated 60%)
  adding: Excelerate.app/Contents/Resources/lib/python3.11/pytz/zoneinfo/Asia/Jakarta (deflated 56%)
  adding: Excelerate.app/Contents/Resources/lib/python3.11/pytz/zoneinfo/Asia/Kolkata (deflated 46%)
  adding: Excelerate.app/Contents/Resources/lib/python3.11/pytz/zoneinfo/Asia/Kabul (deflated 61%)
  adding: Excelerate.app/Contents/Resources/lib/python3.11/pytz/zoneinfo/Asia/Oral (deflated 51%)
  adding: Excelerate.app/Contents/Resources/lib/python3.11/pytz/zoneinfo/Asia/Jayapura (deflated 62%)
  adding: Excelerate.app/Contents/Resources/lib/python3.11/pytz/zoneinfo/Asia/Pontianak (deflated 55%)
  adding: Excelerate.app/Contents/Resources/lib/python3.11/pytz/zoneinfo/Asia/Makassar (deflated 60%)
  adding: Excelerate.app/Contents/Resources/lib/python3.11/pytz/zoneinfo/Asia/Tbilisi (deflated 51%)
  adding: Excelerate.app/Contents/Resources/lib/python3.11/pytz/zoneinfo/Asia/Singapore (deflated 59%)
  adding: Excelerate.app/Contents/Resources/lib/python3.11/pytz/zoneinfo/Asia/Harbin (deflated 50%)
  adding: Excelerate.app/Contents/Resources/lib/python3.11/pytz/zoneinfo/Asia/Kashgar (deflated 64%)
  adding: Excelerate.app/Contents/Resources/lib/python3.11/pytz/zoneinfo/Asia/Dhaka (deflated 55%)
  adding: Excelerate.app/Contents/Resources/lib/python3.11/pytz/zoneinfo/Asia/Yakutsk (deflated 53%)
  adding: Excelerate.app/Contents/Resources/lib/python3.11/pytz/zoneinfo/Asia/Kuala_Lumpur (deflated 59%)
  adding: Excelerate.app/Contents/Resources/lib/python3.11/pytz/zoneinfo/Asia/Tehran (deflated 52%)
  adding: Excelerate.app/Contents/Resources/lib/python3.11/pytz/zoneinfo/Asia/Beirut (deflated 52%)
  adding: Excelerate.app/Contents/Resources/lib/python3.11/pytz/zoneinfo/Asia/Aqtobe (deflated 52%)
  adding: Excelerate.app/Contents/Resources/lib/python3.11/pytz/zoneinfo/Asia/Anadyr (deflated 52%)
  adding: Excelerate.app/Contents/Resources/lib/python3.11/pytz/zoneinfo/Asia/Bishkek (deflated 50%)
  adding: Excelerate.app/Contents/Resources/lib/python3.11/pytz/zoneinfo/Asia/Dubai (deflated 64%)
  adding: Excelerate.app/Contents/Resources/lib/python3.11/pytz/zoneinfo/Asia/Riyadh (deflated 64%)
  adding: Excelerate.app/Contents/Resources/lib/python3.11/pytz/zoneinfo/Asia/Novokuznetsk (deflated 52%)
  adding: Excelerate.app/Contents/Resources/lib/python3.11/pytz/zoneinfo/Asia/Aqtau (deflated 51%)
  adding: Excelerate.app/Contents/Resources/lib/python3.11/pytz/zoneinfo/Asia/Omsk (deflated 53%)
  adding: Excelerate.app/Contents/Resources/lib/python3.11/pytz/zoneinfo/Asia/Ashkhabad (deflated 51%)
  adding: Excelerate.app/Contents/Resources/lib/python3.11/pytz/zoneinfo/Asia/Saigon (deflated 55%)
  adding: Excelerate.app/Contents/Resources/lib/python3.11/pytz/zoneinfo/Asia/Sakhalin (deflated 51%)
  adding: Excelerate.app/Contents/Resources/lib/python3.11/pytz/zoneinfo/Asia/Hong_Kong (deflated 52%)
  adding: Excelerate.app/Contents/Resources/lib/python3.11/pytz/zoneinfo/Asia/Phnom_Penh (deflated 62%)
  adding: Excelerate.app/Contents/Resources/lib/python3.11/pytz/zoneinfo/Asia/Nicosia (deflated 52%)
  adding: Excelerate.app/Contents/Resources/lib/python3.11/pytz/zoneinfo/Asia/Baghdad (deflated 51%)
  adding: Excelerate.app/Contents/Resources/lib/python3.11/pytz/zoneinfo/Asia/Srednekolymsk (deflated 53%)
  adding: Excelerate.app/Contents/Resources/lib/python3.11/pytz/zoneinfo/Asia/Ashgabat (deflated 51%)
  adding: Excelerate.app/Contents/Resources/lib/python3.11/pytz/zoneinfo/Asia/Kathmandu (deflated 61%)
  adding: Excelerate.app/Contents/Resources/lib/python3.11/pytz/zoneinfo/Asia/Choibalsan (deflated 51%)
  adding: Excelerate.app/Contents/Resources/lib/python3.11/pytz/zoneinfo/Asia/Bangkok (deflated 62%)
  adding: Excelerate.app/Contents/Resources/lib/python3.11/pytz/zoneinfo/Asia/Chungking (deflated 50%)
  adding: Excelerate.app/Contents/Resources/lib/python3.11/pytz/zoneinfo/Asia/Novosibirsk (deflated 52%)
  adding: Excelerate.app/Contents/Resources/lib/python3.11/pytz/zoneinfo/Asia/Famagusta (deflated 52%)
  adding: Excelerate.app/Contents/Resources/lib/python3.11/pytz/zoneinfo/Asia/Rangoon (deflated 59%)
  adding: Excelerate.app/Contents/Resources/lib/python3.11/pytz/zoneinfo/Asia/Ho_Chi_Minh (deflated 55%)
  adding: Excelerate.app/Contents/Resources/lib/python3.11/pytz/zoneinfo/MET (deflated 54%)
  adding: Excelerate.app/Contents/Resources/lib/python3.11/pytz/zoneinfo/Portugal (deflated 53%)
  adding: Excelerate.app/Contents/Resources/lib/python3.11/pytz/zoneinfo/Antarctica/ (stored 0%)
  adding: Excelerate.app/Contents/Resources/lib/python3.11/pytz/zoneinfo/Antarctica/Palmer (deflated 53%)
  adding: Excelerate.app/Contents/Resources/lib/python3.11/pytz/zoneinfo/Antarctica/Davis (deflated 58%)
  adding: Excelerate.app/Contents/Resources/lib/python3.11/pytz/zoneinfo/Antarctica/Rothera (deflated 67%)
  adding: Excelerate.app/Contents/Resources/lib/python3.11/pytz/zoneinfo/Antarctica/Vostok (deflated 61%)
  adding: Excelerate.app/Contents/Resources/lib/python3.11/pytz/zoneinfo/Antarctica/Syowa (deflated 64%)
  adding: Excelerate.app/Contents/Resources/lib/python3.11/pytz/zoneinfo/Antarctica/DumontDUrville (deflated 52%)
  adding: Excelerate.app/Contents/Resources/lib/python3.11/pytz/zoneinfo/Antarctica/McMurdo (deflated 54%)
  adding: Excelerate.app/Contents/Resources/lib/python3.11/pytz/zoneinfo/Antarctica/Macquarie (deflated 54%)
  adding: Excelerate.app/Contents/Resources/lib/python3.11/pytz/zoneinfo/Antarctica/South_Pole (deflated 54%)
  adding: Excelerate.app/Contents/Resources/lib/python3.11/pytz/zoneinfo/Antarctica/Troll (deflated 52%)
  adding: Excelerate.app/Contents/Resources/lib/python3.11/pytz/zoneinfo/Antarctica/Mawson (deflated 63%)
  adding: Excelerate.app/Contents/Resources/lib/python3.11/pytz/zoneinfo/Antarctica/Casey (deflated 52%)
  adding: Excelerate.app/Contents/Resources/lib/python3.11/pytz/zoneinfo/GMT-0 (deflated 76%)
  adding: Excelerate.app/Contents/Resources/lib/python3.11/pytz/zoneinfo/CET (deflated 54%)
  adding: Excelerate.app/Contents/Resources/lib/python3.11/pytz/zoneinfo/Eire (deflated 53%)
  adding: Excelerate.app/Contents/Resources/lib/python3.11/pytz/zoneinfo/PST8PDT (deflated 53%)
  adding: Excelerate.app/Contents/Resources/lib/python3.11/pytz/zoneinfo/Jamaica (deflated 49%)
  adding: Excelerate.app/Contents/Resources/lib/python3.11/pytz/zoneinfo/GMT (deflated 76%)
  adding: Excelerate.app/Contents/Resources/lib/python3.11/pytz/zoneinfo/Zulu (deflated 76%)
  adding: Excelerate.app/Contents/Resources/lib/python3.11/pytz/zoneinfo/Japan (deflated 56%)
  adding: Excelerate.app/Contents/Resources/lib/python3.11/pytz/zoneinfo/ROC (deflated 52%)
  adding: Excelerate.app/Contents/Resources/lib/python3.11/pytz/zoneinfo/GB-Eire (deflated 53%)
  adding: Excelerate.app/Contents/Resources/lib/python3.11/pytz/zoneinfo/Europe/ (stored 0%)
  adding: Excelerate.app/Contents/Resources/lib/python3.11/pytz/zoneinfo/Europe/Zurich (deflated 51%)
  adding: Excelerate.app/Contents/Resources/lib/python3.11/pytz/zoneinfo/Europe/Paris (deflated 54%)
  adding: Excelerate.app/Contents/Resources/lib/python3.11/pytz/zoneinfo/Europe/Moscow (deflated 53%)
  adding: Excelerate.app/Contents/Resources/lib/python3.11/pytz/zoneinfo/Europe/Luxembourg (deflated 52%)
  adding: Excelerate.app/Contents/Resources/lib/python3.11/pytz/zoneinfo/Europe/Ljubljana (deflated 54%)
  adding: Excelerate.app/Contents/Resources/lib/python3.11/pytz/zoneinfo/Europe/Helsinki (deflated 54%)
  adding: Excelerate.app/Contents/Resources/lib/python3.11/pytz/zoneinfo/Europe/Minsk (deflated 53%)
  adding: Excelerate.app/Contents/Resources/lib/python3.11/pytz/zoneinfo/Europe/Skopje (deflated 54%)
  adding: Excelerate.app/Contents/Resources/lib/python3.11/pytz/zoneinfo/Europe/Dublin (deflated 53%)
  adding: Excelerate.app/Contents/Resources/lib/python3.11/pytz/zoneinfo/Europe/Jersey (deflated 53%)
  adding: Excelerate.app/Contents/Resources/lib/python3.11/pytz/zoneinfo/Europe/San_Marino (deflated 51%)
  adding: Excelerate.app/Contents/Resources/lib/python3.11/pytz/zoneinfo/Europe/Gibraltar (deflated 53%)
  adding: Excelerate.app/Contents/Resources/lib/python3.11/pytz/zoneinfo/Europe/Belgrade (deflated 54%)
  adding: Excelerate.app/Contents/Resources/lib/python3.11/pytz/zoneinfo/Europe/Guernsey (deflated 53%)
  adding: Excelerate.app/Contents/Resources/lib/python3.11/pytz/zoneinfo/Europe/Ulyanovsk (deflated 53%)
  adding: Excelerate.app/Contents/Resources/lib/python3.11/pytz/zoneinfo/Europe/Saratov (deflated 52%)
  adding: Excelerate.app/Contents/Resources/lib/python3.11/pytz/zoneinfo/Europe/Vaduz (deflated 51%)
  adding: Excelerate.app/Contents/Resources/lib/python3.11/pytz/zoneinfo/Europe/Istanbul (deflated 53%)
  adding: Excelerate.app/Contents/Resources/lib/python3.11/pytz/zoneinfo/Europe/Lisbon (deflated 53%)
  adding: Excelerate.app/Contents/Resources/lib/python3.11/pytz/zoneinfo/Europe/Uzhgorod (deflated 53%)
  adding: Excelerate.app/Contents/Resources/lib/python3.11/pytz/zoneinfo/Europe/Kirov (deflated 52%)
  adding: Excelerate.app/Contents/Resources/lib/python3.11/pytz/zoneinfo/Europe/Tirane (deflated 53%)
  adding: Excelerate.app/Contents/Resources/lib/python3.11/pytz/zoneinfo/Europe/Tiraspol (deflated 53%)
  adding: Excelerate.app/Contents/Resources/lib/python3.11/pytz/zoneinfo/Europe/Sarajevo (deflated 54%)
  adding: Excelerate.app/Contents/Resources/lib/python3.11/pytz/zoneinfo/Europe/Madrid (deflated 53%)
  adding: Excelerate.app/Contents/Resources/lib/python3.11/pytz/zoneinfo/Europe/Podgorica (deflated 54%)
  adding: Excelerate.app/Contents/Resources/lib/python3.11/pytz/zoneinfo/Europe/Busingen (deflated 51%)
  adding: Excelerate.app/Contents/Resources/lib/python3.11/pytz/zoneinfo/Europe/Vatican (deflated 51%)
  adding: Excelerate.app/Contents/Resources/lib/python3.11/pytz/zoneinfo/Europe/Belfast (deflated 53%)
  adding: Excelerate.app/Contents/Resources/lib/python3.11/pytz/zoneinfo/Europe/Bratislava (deflated 52%)
  adding: Excelerate.app/Contents/Resources/lib/python3.11/pytz/zoneinfo/Europe/Kiev (deflated 53%)
  adding: Excelerate.app/Contents/Resources/lib/python3.11/pytz/zoneinfo/Europe/Kaliningrad (deflated 53%)
  adding: Excelerate.app/Contents/Resources/lib/python3.11/pytz/zoneinfo/Europe/Zaporozhye (deflated 53%)
  adding: Excelerate.app/Contents/Resources/lib/python3.11/pytz/zoneinfo/Europe/Vienna (deflated 54%)
  adding: Excelerate.app/Contents/Resources/lib/python3.11/pytz/zoneinfo/Europe/Budapest (deflated 53%)
  adding: Excelerate.app/Contents/Resources/lib/python3.11/pytz/zoneinfo/Europe/Vilnius (deflated 54%)
  adding: Excelerate.app/Contents/Resources/lib/python3.11/pytz/zoneinfo/Europe/Monaco (deflated 54%)
  adding: Excelerate.app/Contents/Resources/lib/python3.11/pytz/zoneinfo/Europe/Oslo (deflated 54%)
  adding: Excelerate.app/Contents/Resources/lib/python3.11/pytz/zoneinfo/Europe/Astrakhan (deflated 52%)
  adding: Excelerate.app/Contents/Resources/lib/python3.11/pytz/zoneinfo/Europe/Simferopol (deflated 53%)
  adding: Excelerate.app/Contents/Resources/lib/python3.11/pytz/zoneinfo/Europe/Volgograd (deflated 52%)
  adding: Excelerate.app/Contents/Resources/lib/python3.11/pytz/zoneinfo/Europe/Kyiv (deflated 53%)
  adding: Excelerate.app/Contents/Resources/lib/python3.11/pytz/zoneinfo/Europe/Isle_of_Man (deflated 53%)
  adding: Excelerate.app/Contents/Resources/lib/python3.11/pytz/zoneinfo/Europe/London (deflated 53%)
  adding: Excelerate.app/Contents/Resources/lib/python3.11/pytz/zoneinfo/Europe/Riga (deflated 53%)
  adding: Excelerate.app/Contents/Resources/lib/python3.11/pytz/zoneinfo/Europe/Andorra (deflated 54%)
  adding: Excelerate.app/Contents/Resources/lib/python3.11/pytz/zoneinfo/Europe/Prague (deflated 52%)
  adding: Excelerate.app/Contents/Resources/lib/python3.11/pytz/zoneinfo/Europe/Berlin (deflated 54%)
  adding: Excelerate.app/Contents/Resources/lib/python3.11/pytz/zoneinfo/Europe/Tallinn (deflated 53%)
  adding: Excelerate.app/Contents/Resources/lib/python3.11/pytz/zoneinfo/Europe/Rome (deflated 51%)
  adding: Excelerate.app/Contents/Resources/lib/python3.11/pytz/zoneinfo/Europe/Malta (deflated 53%)
  adding: Excelerate.app/Contents/Resources/lib/python3.11/pytz/zoneinfo/Europe/Zagreb (deflated 54%)
  adding: Excelerate.app/Contents/Resources/lib/python3.11/pytz/zoneinfo/Europe/Amsterdam (deflated 52%)
  adding: Excelerate.app/Contents/Resources/lib/python3.11/pytz/zoneinfo/Europe/Nicosia (deflated 52%)
  adding: Excelerate.app/Contents/Resources/lib/python3.11/pytz/zoneinfo/Europe/Bucharest (deflated 52%)
  adding: Excelerate.app/Contents/Resources/lib/python3.11/pytz/zoneinfo/Europe/Copenhagen (deflated 54%)
  adding: Excelerate.app/Contents/Resources/lib/python3.11/pytz/zoneinfo/Europe/Chisinau (deflated 53%)
  adding: Excelerate.app/Contents/Resources/lib/python3.11/pytz/zoneinfo/Europe/Mariehamn (deflated 54%)
  adding: Excelerate.app/Contents/Resources/lib/python3.11/pytz/zoneinfo/Europe/Sofia (deflated 50%)
  adding: Excelerate.app/Contents/Resources/lib/python3.11/pytz/zoneinfo/Europe/Athens (deflated 53%)
  adding: Excelerate.app/Contents/Resources/lib/python3.11/pytz/zoneinfo/Europe/Stockholm (deflated 54%)
  adding: Excelerate.app/Contents/Resources/lib/python3.11/pytz/zoneinfo/Europe/Samara (deflated 53%)
  adding: Excelerate.app/Contents/Resources/lib/python3.11/pytz/zoneinfo/Europe/Brussels (deflated 52%)
  adding: Excelerate.app/Contents/Resources/lib/python3.11/pytz/zoneinfo/Europe/Warsaw (deflated 53%)
  adding: Excelerate.app/Contents/Resources/lib/python3.11/pytz/zoneinfo/ROK (deflated 49%)
  adding: Excelerate.app/Contents/Resources/lib/python3.11/pytz/zoneinfo/Navajo (deflated 53%)
  adding: Excelerate.app/Contents/Resources/lib/python3.11/pytz/zoneinfo/Singapore (deflated 59%)
  adding: Excelerate.app/Contents/Resources/lib/python3.11/pytz/zoneinfo/GB (deflated 53%)
  adding: Excelerate.app/Contents/Resources/lib/python3.11/pytz/zoneinfo/Mexico/ (stored 0%)
  adding: Excelerate.app/Contents/Resources/lib/python3.11/pytz/zoneinfo/Mexico/BajaNorte (deflated 53%)
  adding: Excelerate.app/Contents/Resources/lib/python3.11/pytz/zoneinfo/Mexico/General (deflated 52%)
  adding: Excelerate.app/Contents/Resources/lib/python3.11/pytz/zoneinfo/Mexico/BajaSur (deflated 52%)
  adding: Excelerate.app/Contents/Resources/lib/python3.11/pytz/zoneinfo/EST (deflated 73%)
  adding: Excelerate.app/Contents/Resources/lib/python3.11/pytz/zoneinfo/GMT0 (deflated 76%)
  adding: Excelerate.app/Contents/Resources/lib/python3.11/pytz/zoneinfo/Hongkong (deflated 52%)
  adding: Excelerate.app/Contents/Resources/lib/python3.11/pytz/zoneinfo/PRC (deflated 50%)
  adding: Excelerate.app/Contents/Resources/lib/python3.11/pytz/zoneinfo/zone.tab (deflated 51%)
  adding: Excelerate.app/Contents/Resources/lib/python3.11/pytz/zoneinfo/Iran (deflated 52%)
  adding: Excelerate.app/Contents/Resources/lib/python3.11/pytz/zoneinfo/MST7MDT (deflated 53%)
  adding: Excelerate.app/Contents/Resources/lib/python3.11/pytz/zoneinfo/WET (deflated 54%)
  adding: Excelerate.app/Contents/Resources/lib/python3.11/pytz/zoneinfo/W-SU (deflated 53%)
  adding: Excelerate.app/Contents/Resources/lib/python3.11/pytz/zoneinfo/UCT (deflated 76%)
  adding: Excelerate.app/Contents/Resources/lib/python3.11/pytz/zoneinfo/Cuba (deflated 53%)
  adding: Excelerate.app/Contents/Resources/lib/python3.11/pytz/zoneinfo/Egypt (deflated 52%)
  adding: Excelerate.app/Contents/Resources/lib/python3.11/pytz/zoneinfo/GMT+0 (deflated 76%)
  adding: Excelerate.app/Contents/Resources/lib/python3.11/pytz/zoneinfo/tzdata.zi (deflated 76%)
  adding: Excelerate.app/Contents/Resources/lib/python3.11/pytz/zoneinfo/EET (deflated 54%)
  adding: Excelerate.app/Contents/Resources/lib/python3.11/pytz/zoneinfo/Israel (deflated 52%)
  adding: Excelerate.app/Contents/Resources/lib/python3.11/pytz/zoneinfo/Africa/ (stored 0%)
  adding: Excelerate.app/Contents/Resources/lib/python3.11/pytz/zoneinfo/Africa/Sao_Tome (deflated 63%)
  adding: Excelerate.app/Contents/Resources/lib/python3.11/pytz/zoneinfo/Africa/Conakry (deflated 68%)
  adding: Excelerate.app/Contents/Resources/lib/python3.11/pytz/zoneinfo/Africa/Dakar (deflated 68%)
  adding: Excelerate.app/Contents/Resources/lib/python3.11/pytz/zoneinfo/Africa/Ndjamena (deflated 61%)
  adding: Excelerate.app/Contents/Resources/lib/python3.11/pytz/zoneinfo/Africa/Casablanca (deflated 50%)
  adding: Excelerate.app/Contents/Resources/lib/python3.11/pytz/zoneinfo/Africa/Lome (deflated 68%)
  adding: Excelerate.app/Contents/Resources/lib/python3.11/pytz/zoneinfo/Africa/Algiers (deflated 51%)
  adding: Excelerate.app/Contents/Resources/lib/python3.11/pytz/zoneinfo/Africa/Mogadishu (deflated 58%)
  adding: Excelerate.app/Contents/Resources/lib/python3.11/pytz/zoneinfo/Africa/Lagos (deflated 61%)
  adding: Excelerate.app/Contents/Resources/lib/python3.11/pytz/zoneinfo/Africa/Brazzaville (deflated 61%)
  adding: Excelerate.app/Contents/Resources/lib/python3.11/pytz/zoneinfo/Africa/Timbuktu (deflated 68%)
  adding: Excelerate.app/Contents/Resources/lib/python3.11/pytz/zoneinfo/Africa/Nouakchott (deflated 68%)
  adding: Excelerate.app/Contents/Resources/lib/python3.11/pytz/zoneinfo/Africa/Maseru (deflated 57%)
  adding: Excelerate.app/Contents/Resources/lib/python3.11/pytz/zoneinfo/Africa/Libreville (deflated 61%)
  adding: Excelerate.app/Contents/Resources/lib/python3.11/pytz/zoneinfo/Africa/Harare (deflated 66%)
  adding: Excelerate.app/Contents/Resources/lib/python3.11/pytz/zoneinfo/Africa/Malabo (deflated 61%)
  adding: Excelerate.app/Contents/Resources/lib/python3.11/pytz/zoneinfo/Africa/Bangui (deflated 61%)
  adding: Excelerate.app/Contents/Resources/lib/python3.11/pytz/zoneinfo/Africa/Nairobi (deflated 58%)
  adding: Excelerate.app/Contents/Resources/lib/python3.11/pytz/zoneinfo/Africa/Kinshasa (deflated 61%)
  adding: Excelerate.app/Contents/Resources/lib/python3.11/pytz/zoneinfo/Africa/Porto-Novo (deflated 61%)
  adding: Excelerate.app/Contents/Resources/lib/python3.11/pytz/zoneinfo/Africa/Cairo (deflated 52%)
  adding: Excelerate.app/Contents/Resources/lib/python3.11/pytz/zoneinfo/Africa/Douala (deflated 61%)
  adding: Excelerate.app/Contents/Resources/lib/python3.11/pytz/zoneinfo/Africa/Juba (deflated 52%)
  adding: Excelerate.app/Contents/Resources/lib/python3.11/pytz/zoneinfo/Africa/Gaborone (deflated 66%)
  adding: Excelerate.app/Contents/Resources/lib/python3.11/pytz/zoneinfo/Africa/Tunis (deflated 50%)
  adding: Excelerate.app/Contents/Resources/lib/python3.11/pytz/zoneinfo/Africa/Kampala (deflated 58%)
  adding: Excelerate.app/Contents/Resources/lib/python3.11/pytz/zoneinfo/Africa/Mbabane (deflated 57%)
  adding: Excelerate.app/Contents/Resources/lib/python3.11/pytz/zoneinfo/Africa/Addis_Ababa (deflated 58%)
  adding: Excelerate.app/Contents/Resources/lib/python3.11/pytz/zoneinfo/Africa/Maputo (deflated 66%)
  adding: Excelerate.app/Contents/Resources/lib/python3.11/pytz/zoneinfo/Africa/Bissau (deflated 62%)
  adding: Excelerate.app/Contents/Resources/lib/python3.11/pytz/zoneinfo/Africa/Blantyre (deflated 66%)
  adding: Excelerate.app/Contents/Resources/lib/python3.11/pytz/zoneinfo/Africa/Niamey (deflated 61%)
  adding: Excelerate.app/Contents/Resources/lib/python3.11/pytz/zoneinfo/Africa/Banjul (deflated 68%)
  adding: Excelerate.app/Contents/Resources/lib/python3.11/pytz/zoneinfo/Africa/Abidjan (deflated 68%)
  adding: Excelerate.app/Contents/Resources/lib/python3.11/pytz/zoneinfo/Africa/Asmara (deflated 58%)
  adding: Excelerate.app/Contents/Resources/lib/python3.11/pytz/zoneinfo/Africa/Bamako (deflated 68%)
  adding: Excelerate.app/Contents/Resources/lib/python3.11/pytz/zoneinfo/Africa/Ouagadougou (deflated 68%)
  adding: Excelerate.app/Contents/Resources/lib/python3.11/pytz/zoneinfo/Africa/Lusaka (deflated 66%)
  adding: Excelerate.app/Contents/Resources/lib/python3.11/pytz/zoneinfo/Africa/Luanda (deflated 61%)
  adding: Excelerate.app/Contents/Resources/lib/python3.11/pytz/zoneinfo/Africa/Asmera (deflated 58%)
  adding: Excelerate.app/Contents/Resources/lib/python3.11/pytz/zoneinfo/Africa/Lubumbashi (deflated 66%)
  adding: Excelerate.app/Contents/Resources/lib/python3.11/pytz/zoneinfo/Africa/Accra (deflated 68%)
  adding: Excelerate.app/Contents/Resources/lib/python3.11/pytz/zoneinfo/Africa/Khartoum (deflated 52%)
  adding: Excelerate.app/Contents/Resources/lib/python3.11/pytz/zoneinfo/Africa/Ceuta (deflated 53%)
  adding: Excelerate.app/Contents/Resources/lib/python3.11/pytz/zoneinfo/Africa/Bujumbura (deflated 66%)
  adding: Excelerate.app/Contents/Resources/lib/python3.11/pytz/zoneinfo/Africa/Windhoek (deflated 50%)
  adding: Excelerate.app/Contents/Resources/lib/python3.11/pytz/zoneinfo/Africa/El_Aaiun (deflated 51%)
  adding: Excelerate.app/Contents/Resources/lib/python3.11/pytz/zoneinfo/Africa/Tripoli (deflated 48%)
  adding: Excelerate.app/Contents/Resources/lib/python3.11/pytz/zoneinfo/Africa/Monrovia (deflated 63%)
  adding: Excelerate.app/Contents/Resources/lib/python3.11/pytz/zoneinfo/Africa/Dar_es_Salaam (deflated 58%)
  adding: Excelerate.app/Contents/Resources/lib/python3.11/pytz/zoneinfo/Africa/Johannesburg (deflated 57%)
  adding: Excelerate.app/Contents/Resources/lib/python3.11/pytz/zoneinfo/Africa/Kigali (deflated 66%)
  adding: Excelerate.app/Contents/Resources/lib/python3.11/pytz/zoneinfo/Africa/Djibouti (deflated 58%)
  adding: Excelerate.app/Contents/Resources/lib/python3.11/pytz/zoneinfo/Africa/Freetown (deflated 68%)
  adding: Excelerate.app/Contents/Resources/lib/python3.11/pytz/zoneinfo/Factory (deflated 75%)
  adding: Excelerate.app/Contents/Resources/lib/python3.11/pytz/zoneinfo/UTC (deflated 76%)
  adding: Excelerate.app/Contents/Resources/lib/python3.11/pytz/zoneinfo/Chile/ (stored 0%)
  adding: Excelerate.app/Contents/Resources/lib/python3.11/pytz/zoneinfo/Chile/EasterIsland (deflated 53%)
  adding: Excelerate.app/Contents/Resources/lib/python3.11/pytz/zoneinfo/Chile/Continental (deflated 53%)
  adding: Excelerate.app/Contents/Resources/lib/python3.11/pytz/zoneinfo/HST (deflated 72%)
  adding: Excelerate.app/Contents/Resources/lib/python3.11/pytz/zoneinfo/Canada/ (stored 0%)
  adding: Excelerate.app/Contents/Resources/lib/python3.11/pytz/zoneinfo/Canada/Atlantic (deflated 52%)
  adding: Excelerate.app/Contents/Resources/lib/python3.11/pytz/zoneinfo/Canada/Pacific (deflated 53%)
  adding: Excelerate.app/Contents/Resources/lib/python3.11/pytz/zoneinfo/Canada/Eastern (deflated 53%)
  adding: Excelerate.app/Contents/Resources/lib/python3.11/pytz/zoneinfo/Canada/Yukon (deflated 54%)
  adding: Excelerate.app/Contents/Resources/lib/python3.11/pytz/zoneinfo/Canada/Saskatchewan (deflated 51%)
  adding: Excelerate.app/Contents/Resources/lib/python3.11/pytz/zoneinfo/Canada/Newfoundland (deflated 52%)
  adding: Excelerate.app/Contents/Resources/lib/python3.11/pytz/zoneinfo/Canada/Central (deflated 52%)
  adding: Excelerate.app/Contents/Resources/lib/python3.11/pytz/zoneinfo/Canada/Mountain (deflated 52%)
  adding: Excelerate.app/Contents/Resources/lib/python3.11/pytz/zoneinfo/Iceland (deflated 68%)
  adding: Excelerate.app/Contents/Resources/lib/python3.11/pytz/tzfile.py (deflated 64%)
  adding: Excelerate.app/Contents/Resources/lib/python3.11/pytz/tzinfo.py (deflated 75%)
  adding: Excelerate.app/Contents/Resources/lib/python3.11/pytz/__init__.py (deflated 76%)
  adding: Excelerate.app/Contents/Resources/lib/python3.11/pytz/__pycache__/ (stored 0%)
  adding: Excelerate.app/Contents/Resources/lib/python3.11/pytz/__pycache__/tzinfo.cpython-311.pyc (deflated 62%)
  adding: Excelerate.app/Contents/Resources/lib/python3.11/pytz/__pycache__/exceptions.cpython-311.pyc (deflated 57%)
  adding: Excelerate.app/Contents/Resources/lib/python3.11/pytz/__pycache__/tzfile.cpython-311.pyc (deflated 47%)
  adding: Excelerate.app/Contents/Resources/lib/python3.11/pytz/__pycache__/reference.cpython-311.pyc (deflated 54%)
  adding: Excelerate.app/Contents/Resources/lib/python3.11/pytz/__pycache__/lazy.cpython-311.pyc (deflated 65%)
  adding: Excelerate.app/Contents/Resources/lib/python3.11/pytz/__pycache__/__init__.cpython-311.pyc (deflated 57%)
  adding: Excelerate.app/Contents/Resources/lib/python3.11/pytz/reference.py (deflated 64%)
  adding: Excelerate.app/Contents/Resources/lib/python3.11/pytz/exceptions.py (deflated 60%)
  adding: Excelerate.app/Contents/Resources/lib/python3.11/pytz/lazy.py (deflated 78%)
  adding: Excelerate.app/Contents/Resources/lib/python3.11/numpy/ (stored 0%)
  adding: Excelerate.app/Contents/Resources/lib/python3.11/numpy/distutils/ (stored 0%)
  adding: Excelerate.app/Contents/Resources/lib/python3.11/numpy/distutils/unixccompiler.py (deflated 63%)
  adding: Excelerate.app/Contents/Resources/lib/python3.11/numpy/distutils/numpy_distribution.py (deflated 51%)
  adding: Excelerate.app/Contents/Resources/lib/python3.11/numpy/distutils/conv_template.py (deflated 65%)
  adding: Excelerate.app/Contents/Resources/lib/python3.11/numpy/distutils/cpuinfo.py (deflated 80%)
  adding: Excelerate.app/Contents/Resources/lib/python3.11/numpy/distutils/ccompiler.py (deflated 70%)
  adding: Excelerate.app/Contents/Resources/lib/python3.11/numpy/distutils/msvc9compiler.py (deflated 61%)
  adding: Excelerate.app/Contents/Resources/lib/python3.11/numpy/distutils/npy_pkg_config.py (deflated 70%)
  adding: Excelerate.app/Contents/Resources/lib/python3.11/numpy/distutils/misc_util.py (deflated 75%)
  adding: Excelerate.app/Contents/Resources/lib/python3.11/numpy/distutils/__init__.pyi (deflated 9%)
  adding: Excelerate.app/Contents/Resources/lib/python3.11/numpy/distutils/log.py (deflated 65%)
  adding: Excelerate.app/Contents/Resources/lib/python3.11/numpy/distutils/line_endings.py (deflated 74%)
  adding: Excelerate.app/Contents/Resources/lib/python3.11/numpy/distutils/checks/ (stored 0%)
  adding: Excelerate.app/Contents/Resources/lib/python3.11/numpy/distutils/checks/cpu_avx512_skx.c (deflated 43%)
  adding: Excelerate.app/Contents/Resources/lib/python3.11/numpy/distutils/checks/cpu_f16c.c (deflated 43%)
  adding: Excelerate.app/Contents/Resources/lib/python3.11/numpy/distutils/checks/extra_vsx4_mma.c (deflated 45%)
  adding: Excelerate.app/Contents/Resources/lib/python3.11/numpy/distutils/checks/extra_avx512f_reduce.c (deflated 74%)
  adding: Excelerate.app/Contents/Resources/lib/python3.11/numpy/distutils/checks/cpu_ssse3.c (deflated 37%)
  adding: Excelerate.app/Contents/Resources/lib/python3.11/numpy/distutils/checks/cpu_sse42.c (deflated 37%)
  adding: Excelerate.app/Contents/Resources/lib/python3.11/numpy/distutils/checks/cpu_sse3.c (deflated 37%)
  adding: Excelerate.app/Contents/Resources/lib/python3.11/numpy/distutils/checks/cpu_xop.c (deflated 35%)
  adding: Excelerate.app/Contents/Resources/lib/python3.11/numpy/distutils/checks/cpu_vsx.c (deflated 47%)
  adding: Excelerate.app/Contents/Resources/lib/python3.11/numpy/distutils/checks/cpu_avx512cd.c (deflated 38%)
  adding: Excelerate.app/Contents/Resources/lib/python3.11/numpy/distutils/checks/cpu_neon_vfpv4.c (deflated 54%)
  adding: Excelerate.app/Contents/Resources/lib/python3.11/numpy/distutils/checks/cpu_asimddp.c (deflated 43%)
  adding: Excelerate.app/Contents/Resources/lib/python3.11/numpy/distutils/checks/extra_avx512bw_mask.c (deflated 46%)
  adding: Excelerate.app/Contents/Resources/lib/python3.11/numpy/distutils/checks/cpu_avx.c (deflated 39%)
  adding: Excelerate.app/Contents/Resources/lib/python3.11/numpy/distutils/checks/cpu_sse41.c (deflated 36%)
  adding: Excelerate.app/Contents/Resources/lib/python3.11/numpy/distutils/checks/cpu_vsx2.c (deflated 32%)
  adding: Excelerate.app/Contents/Resources/lib/python3.11/numpy/distutils/checks/cpu_vx.c (deflated 42%)
  adding: Excelerate.app/Contents/Resources/lib/python3.11/numpy/distutils/checks/cpu_avx512_knl.c (deflated 40%)
  adding: Excelerate.app/Contents/Resources/lib/python3.11/numpy/distutils/checks/extra_vsx3_half_double.c (deflated 36%)
  adding: Excelerate.app/Contents/Resources/lib/python3.11/numpy/distutils/checks/cpu_popcnt.c (deflated 44%)
  adding: Excelerate.app/Contents/Resources/lib/python3.11/numpy/distutils/checks/cpu_sse.c (deflated 37%)
  adding: Excelerate.app/Contents/Resources/lib/python3.11/numpy/distutils/checks/cpu_neon.c (deflated 44%)
  adding: Excelerate.app/Contents/Resources/lib/python3.11/numpy/distutils/checks/extra_avx512dq_mask.c (deflated 39%)
  adding: Excelerate.app/Contents/Resources/lib/python3.11/numpy/distutils/checks/cpu_avx512f.c (deflated 38%)
  adding: Excelerate.app/Contents/Resources/lib/python3.11/numpy/distutils/checks/cpu_vxe2.c (deflated 50%)
  adding: Excelerate.app/Contents/Resources/lib/python3.11/numpy/distutils/checks/cpu_avx2.c (deflated 37%)
  adding: Excelerate.app/Contents/Resources/lib/python3.11/numpy/distutils/checks/cpu_neon_fp16.c (deflated 25%)
  adding: Excelerate.app/Contents/Resources/lib/python3.11/numpy/distutils/checks/cpu_vsx3.c (deflated 30%)
  adding: Excelerate.app/Contents/Resources/lib/python3.11/numpy/distutils/checks/cpu_fma4.c (deflated 35%)
  adding: Excelerate.app/Contents/Resources/lib/python3.11/numpy/distutils/checks/cpu_avx512_knm.c (deflated 47%)
  adding: Excelerate.app/Contents/Resources/lib/python3.11/numpy/distutils/checks/cpu_avx512_cnl.c (deflated 42%)
  adding: Excelerate.app/Contents/Resources/lib/python3.11/numpy/distutils/checks/cpu_asimd.c (deflated 59%)
  adding: Excelerate.app/Contents/Resources/lib/python3.11/numpy/distutils/checks/cpu_vxe.c (deflated 45%)
  adding: Excelerate.app/Contents/Resources/lib/python3.11/numpy/distutils/checks/extra_vsx_asm.c (deflated 46%)
  adding: Excelerate.app/Contents/Resources/lib/python3.11/numpy/distutils/checks/cpu_asimdfhm.c (deflated 50%)
  adding: Excelerate.app/Contents/Resources/lib/python3.11/numpy/distutils/checks/cpu_asimdhp.c (deflated 41%)
  adding: Excelerate.app/Contents/Resources/lib/python3.11/numpy/distutils/checks/cpu_avx512_clx.c (deflated 39%)
  adding: Excelerate.app/Contents/Resources/lib/python3.11/numpy/distutils/checks/cpu_avx512_icl.c (deflated 44%)
  adding: Excelerate.app/Contents/Resources/lib/python3.11/numpy/distutils/checks/cpu_avx512_spr.c (deflated 40%)
  adding: Excelerate.app/Contents/Resources/lib/python3.11/numpy/distutils/checks/cpu_sse2.c (deflated 37%)
  adding: Excelerate.app/Contents/Resources/lib/python3.11/numpy/distutils/checks/cpu_fma3.c (deflated 39%)
  adding: Excelerate.app/Contents/Resources/lib/python3.11/numpy/distutils/checks/cpu_vsx4.c (deflated 37%)
  adding: Excelerate.app/Contents/Resources/lib/python3.11/numpy/distutils/checks/test_flags.c (stored 0%)
  adding: Excelerate.app/Contents/Resources/lib/python3.11/numpy/distutils/lib2def.py (deflated 63%)
  adding: Excelerate.app/Contents/Resources/lib/python3.11/numpy/distutils/pathccompiler.py (deflated 62%)
  adding: Excelerate.app/Contents/Resources/lib/python3.11/numpy/distutils/tests/ (stored 0%)
  adding: Excelerate.app/Contents/Resources/lib/python3.11/numpy/distutils/tests/test_system_info.py (deflated 72%)
  adding: Excelerate.app/Contents/Resources/lib/python3.11/numpy/distutils/tests/test_ccompiler_opt_conf.py (deflated 75%)
  adding: Excelerate.app/Contents/Resources/lib/python3.11/numpy/distutils/tests/test_mingw32ccompiler.py (deflated 58%)
  adding: Excelerate.app/Contents/Resources/lib/python3.11/numpy/distutils/tests/test_from_template.py (deflated 64%)
  adding: Excelerate.app/Contents/Resources/lib/python3.11/numpy/distutils/tests/__init__.py (stored 0%)
  adding: Excelerate.app/Contents/Resources/lib/python3.11/numpy/distutils/tests/__pycache__/ (stored 0%)
  adding: Excelerate.app/Contents/Resources/lib/python3.11/numpy/distutils/tests/__pycache__/test_ccompiler_opt.cpython-311.pyc (deflated 62%)
  adding: Excelerate.app/Contents/Resources/lib/python3.11/numpy/distutils/tests/__pycache__/test_mingw32ccompiler.cpython-311.pyc (deflated 43%)
  adding: Excelerate.app/Contents/Resources/lib/python3.11/numpy/distutils/tests/__pycache__/test_from_template.cpython-311.pyc (deflated 50%)
  adding: Excelerate.app/Contents/Resources/lib/python3.11/numpy/distutils/tests/__pycache__/test_npy_pkg_config.cpython-311.pyc (deflated 65%)
  adding: Excelerate.app/Contents/Resources/lib/python3.11/numpy/distutils/tests/__pycache__/test_fcompiler.cpython-311.pyc (deflated 50%)
  adding: Excelerate.app/Contents/Resources/lib/python3.11/numpy/distutils/tests/__pycache__/test_log.cpython-311.pyc (deflated 46%)
  adding: Excelerate.app/Contents/Resources/lib/python3.11/numpy/distutils/tests/__pycache__/test_ccompiler_opt_conf.cpython-311.pyc (deflated 55%)
  adding: Excelerate.app/Contents/Resources/lib/python3.11/numpy/distutils/tests/__pycache__/test_misc_util.cpython-311.pyc (deflated 62%)
  adding: Excelerate.app/Contents/Resources/lib/python3.11/numpy/distutils/tests/__pycache__/test_exec_command.cpython-311.pyc (deflated 69%)
  adding: Excelerate.app/Contents/Resources/lib/python3.11/numpy/distutils/tests/__pycache__/test_fcompiler_intel.cpython-311.pyc (deflated 59%)
  adding: Excelerate.app/Contents/Resources/lib/python3.11/numpy/distutils/tests/__pycache__/test_fcompiler_nagfor.cpython-311.pyc (deflated 43%)
  adding: Excelerate.app/Contents/Resources/lib/python3.11/numpy/distutils/tests/__pycache__/test_system_info.cpython-311.pyc (deflated 61%)
  adding: Excelerate.app/Contents/Resources/lib/python3.11/numpy/distutils/tests/__pycache__/test_fcompiler_gnu.cpython-311.pyc (deflated 63%)
  adding: Excelerate.app/Contents/Resources/lib/python3.11/numpy/distutils/tests/__pycache__/__init__.cpython-311.pyc (deflated 19%)
  adding: Excelerate.app/Contents/Resources/lib/python3.11/numpy/distutils/tests/__pycache__/test_shell_utils.cpython-311.pyc (deflated 48%)
  adding: Excelerate.app/Contents/Resources/lib/python3.11/numpy/distutils/tests/__pycache__/test_build_ext.cpython-311.pyc (deflated 55%)
  adding: Excelerate.app/Contents/Resources/lib/python3.11/numpy/distutils/tests/test_log.py (deflated 46%)
  adding: Excelerate.app/Contents/Resources/lib/python3.11/numpy/distutils/tests/test_fcompiler_intel.py (deflated 69%)
  adding: Excelerate.app/Contents/Resources/lib/python3.11/numpy/distutils/tests/test_misc_util.py (deflated 75%)
  adding: Excelerate.app/Contents/Resources/lib/python3.11/numpy/distutils/tests/test_fcompiler.py (deflated 67%)
  adding: Excelerate.app/Contents/Resources/lib/python3.11/numpy/distutils/tests/test_build_ext.py (deflated 62%)
  adding: Excelerate.app/Contents/Resources/lib/python3.11/numpy/distutils/tests/test_shell_utils.py (deflated 64%)
  adding: Excelerate.app/Contents/Resources/lib/python3.11/numpy/distutils/tests/test_exec_command.py (deflated 78%)
  adding: Excelerate.app/Contents/Resources/lib/python3.11/numpy/distutils/tests/test_npy_pkg_config.py (deflated 75%)
  adding: Excelerate.app/Contents/Resources/lib/python3.11/numpy/distutils/tests/test_fcompiler_nagfor.py (deflated 63%)
  adding: Excelerate.app/Contents/Resources/lib/python3.11/numpy/distutils/tests/test_ccompiler_opt.py (deflated 79%)
  adding: Excelerate.app/Contents/Resources/lib/python3.11/numpy/distutils/tests/test_fcompiler_gnu.py (deflated 72%)
  adding: Excelerate.app/Contents/Resources/lib/python3.11/numpy/distutils/system_info.py (deflated 78%)
  adding: Excelerate.app/Contents/Resources/lib/python3.11/numpy/distutils/__init__.py (deflated 53%)
  adding: Excelerate.app/Contents/Resources/lib/python3.11/numpy/distutils/core.py (deflated 73%)
  adding: Excelerate.app/Contents/Resources/lib/python3.11/numpy/distutils/__pycache__/ (stored 0%)
  adding: Excelerate.app/Contents/Resources/lib/python3.11/numpy/distutils/__pycache__/msvccompiler.cpython-311.pyc (deflated 47%)
  adding: Excelerate.app/Contents/Resources/lib/python3.11/numpy/distutils/__pycache__/msvc9compiler.cpython-311.pyc (deflated 49%)
  adding: Excelerate.app/Contents/Resources/lib/python3.11/numpy/distutils/__pycache__/core.cpython-311.pyc (deflated 50%)
  adding: Excelerate.app/Contents/Resources/lib/python3.11/numpy/distutils/__pycache__/fujitsuccompiler.cpython-311.pyc (deflated 40%)
  adding: Excelerate.app/Contents/Resources/lib/python3.11/numpy/distutils/__pycache__/exec_command.cpython-311.pyc (deflated 54%)
  adding: Excelerate.app/Contents/Resources/lib/python3.11/numpy/distutils/__pycache__/ccompiler.cpython-311.pyc (deflated 54%)
  adding: Excelerate.app/Contents/Resources/lib/python3.11/numpy/distutils/__pycache__/system_info.cpython-311.pyc (deflated 63%)
  adding: Excelerate.app/Contents/Resources/lib/python3.11/numpy/distutils/__pycache__/setup.cpython-311.pyc (deflated 46%)
  adding: Excelerate.app/Contents/Resources/lib/python3.11/numpy/distutils/__pycache__/cpuinfo.cpython-311.pyc (deflated 73%)
  adding: Excelerate.app/Contents/Resources/lib/python3.11/numpy/distutils/__pycache__/npy_pkg_config.cpython-311.pyc (deflated 56%)
  adding: Excelerate.app/Contents/Resources/lib/python3.11/numpy/distutils/__pycache__/armccompiler.cpython-311.pyc (deflated 39%)
  adding: Excelerate.app/Contents/Resources/lib/python3.11/numpy/distutils/__pycache__/_shell_utils.cpython-311.pyc (deflated 50%)
  adding: Excelerate.app/Contents/Resources/lib/python3.11/numpy/distutils/__pycache__/unixccompiler.cpython-311.pyc (deflated 47%)
  adding: Excelerate.app/Contents/Resources/lib/python3.11/numpy/distutils/__pycache__/mingw32ccompiler.cpython-311.pyc (deflated 53%)
  adding: Excelerate.app/Contents/Resources/lib/python3.11/numpy/distutils/__pycache__/extension.cpython-311.pyc (deflated 49%)
  adding: Excelerate.app/Contents/Resources/lib/python3.11/numpy/distutils/__pycache__/log.cpython-311.pyc (deflated 51%)
  adding: Excelerate.app/Contents/Resources/lib/python3.11/numpy/distutils/__pycache__/numpy_distribution.cpython-311.pyc (deflated 43%)
  adding: Excelerate.app/Contents/Resources/lib/python3.11/numpy/distutils/__pycache__/line_endings.cpython-311.pyc (deflated 62%)
  adding: Excelerate.app/Contents/Resources/lib/python3.11/numpy/distutils/__pycache__/misc_util.cpython-311.pyc (deflated 61%)
  adding: Excelerate.app/Contents/Resources/lib/python3.11/numpy/distutils/__pycache__/intelccompiler.cpython-311.pyc (deflated 56%)
  adding: Excelerate.app/Contents/Resources/lib/python3.11/numpy/distutils/__pycache__/pathccompiler.cpython-311.pyc (deflated 41%)
  adding: Excelerate.app/Contents/Resources/lib/python3.11/numpy/distutils/__pycache__/from_template.cpython-311.pyc (deflated 51%)
  adding: Excelerate.app/Contents/Resources/lib/python3.11/numpy/distutils/__pycache__/ccompiler_opt.cpython-311.pyc (deflated 61%)
  adding: Excelerate.app/Contents/Resources/lib/python3.11/numpy/distutils/__pycache__/lib2def.cpython-311.pyc (deflated 46%)
  adding: Excelerate.app/Contents/Resources/lib/python3.11/numpy/distutils/__pycache__/__init__.cpython-311.pyc (deflated 41%)
  adding: Excelerate.app/Contents/Resources/lib/python3.11/numpy/distutils/__pycache__/conv_template.cpython-311.pyc (deflated 52%)
  adding: Excelerate.app/Contents/Resources/lib/python3.11/numpy/distutils/__pycache__/conv_template.cpython-310.pyc (deflated 49%)
  adding: Excelerate.app/Contents/Resources/lib/python3.11/numpy/distutils/exec_command.py (deflated 66%)
  adding: Excelerate.app/Contents/Resources/lib/python3.11/numpy/distutils/from_template.py (deflated 66%)
  adding: Excelerate.app/Contents/Resources/lib/python3.11/numpy/distutils/fujitsuccompiler.py (deflated 65%)
  adding: Excelerate.app/Contents/Resources/lib/python3.11/numpy/distutils/mingw32ccompiler.py (deflated 68%)
  adding: Excelerate.app/Contents/Resources/lib/python3.11/numpy/distutils/mingw/ (stored 0%)
  adding: Excelerate.app/Contents/Resources/lib/python3.11/numpy/distutils/mingw/gfortran_vs2003_hack.c (deflated 6%)
  adding: Excelerate.app/Contents/Resources/lib/python3.11/numpy/distutils/fcompiler/ (stored 0%)
  adding: Excelerate.app/Contents/Resources/lib/python3.11/numpy/distutils/fcompiler/gnu.py (deflated 72%)
  adding: Excelerate.app/Contents/Resources/lib/python3.11/numpy/distutils/fcompiler/compaq.py (deflated 66%)
  adding: Excelerate.app/Contents/Resources/lib/python3.11/numpy/distutils/fcompiler/intel.py (deflated 74%)
  adding: Excelerate.app/Contents/Resources/lib/python3.11/numpy/distutils/fcompiler/none.py (deflated 61%)
  adding: Excelerate.app/Contents/Resources/lib/python3.11/numpy/distutils/fcompiler/nag.py (deflated 72%)
  adding: Excelerate.app/Contents/Resources/lib/python3.11/numpy/distutils/fcompiler/pg.py (deflated 69%)
  adding: Excelerate.app/Contents/Resources/lib/python3.11/numpy/distutils/fcompiler/ibm.py (deflated 63%)
  adding: Excelerate.app/Contents/Resources/lib/python3.11/numpy/distutils/fcompiler/sun.py (deflated 56%)
  adding: Excelerate.app/Contents/Resources/lib/python3.11/numpy/distutils/fcompiler/nv.py (deflated 54%)
  adding: Excelerate.app/Contents/Resources/lib/python3.11/numpy/distutils/fcompiler/lahey.py (deflated 57%)
  adding: Excelerate.app/Contents/Resources/lib/python3.11/numpy/distutils/fcompiler/__init__.py (deflated 74%)
  adding: Excelerate.app/Contents/Resources/lib/python3.11/numpy/distutils/fcompiler/g95.py (deflated 57%)
  adding: Excelerate.app/Contents/Resources/lib/python3.11/numpy/distutils/fcompiler/__pycache__/ (stored 0%)
  adding: Excelerate.app/Contents/Resources/lib/python3.11/numpy/distutils/fcompiler/__pycache__/intel.cpython-311.pyc (deflated 56%)
  adding: Excelerate.app/Contents/Resources/lib/python3.11/numpy/distutils/fcompiler/__pycache__/g95.cpython-311.pyc (deflated 42%)
  adding: Excelerate.app/Contents/Resources/lib/python3.11/numpy/distutils/fcompiler/__pycache__/arm.cpython-311.pyc (deflated 49%)
  adding: Excelerate.app/Contents/Resources/lib/python3.11/numpy/distutils/fcompiler/__pycache__/nv.cpython-311.pyc (deflated 44%)
  adding: Excelerate.app/Contents/Resources/lib/python3.11/numpy/distutils/fcompiler/__pycache__/mips.cpython-311.pyc (deflated 44%)
  adding: Excelerate.app/Contents/Resources/lib/python3.11/numpy/distutils/fcompiler/__pycache__/environment.cpython-311.pyc (deflated 51%)
  adding: Excelerate.app/Contents/Resources/lib/python3.11/numpy/distutils/fcompiler/__pycache__/gnu.cpython-311.pyc (deflated 54%)
  adding: Excelerate.app/Contents/Resources/lib/python3.11/numpy/distutils/fcompiler/__pycache__/vast.cpython-311.pyc (deflated 44%)
  adding: Excelerate.app/Contents/Resources/lib/python3.11/numpy/distutils/fcompiler/__pycache__/pg.cpython-311.pyc (deflated 53%)
  adding: Excelerate.app/Contents/Resources/lib/python3.11/numpy/distutils/fcompiler/__pycache__/nag.cpython-311.pyc (deflated 53%)
  adding: Excelerate.app/Contents/Resources/lib/python3.11/numpy/distutils/fcompiler/__pycache__/fujitsu.cpython-311.pyc (deflated 43%)
  adding: Excelerate.app/Contents/Resources/lib/python3.11/numpy/distutils/fcompiler/__pycache__/sun.cpython-311.pyc (deflated 45%)
  adding: Excelerate.app/Contents/Resources/lib/python3.11/numpy/distutils/fcompiler/__pycache__/lahey.cpython-311.pyc (deflated 44%)
  adding: Excelerate.app/Contents/Resources/lib/python3.11/numpy/distutils/fcompiler/__pycache__/hpux.cpython-311.pyc (deflated 44%)
  adding: Excelerate.app/Contents/Resources/lib/python3.11/numpy/distutils/fcompiler/__pycache__/compaq.cpython-311.pyc (deflated 48%)
  adding: Excelerate.app/Contents/Resources/lib/python3.11/numpy/distutils/fcompiler/__pycache__/pathf95.cpython-311.pyc (deflated 41%)
  adding: Excelerate.app/Contents/Resources/lib/python3.11/numpy/distutils/fcompiler/__pycache__/none.cpython-311.pyc (deflated 41%)
  adding: Excelerate.app/Contents/Resources/lib/python3.11/numpy/distutils/fcompiler/__pycache__/ibm.cpython-311.pyc (deflated 47%)
  adding: Excelerate.app/Contents/Resources/lib/python3.11/numpy/distutils/fcompiler/__pycache__/__init__.cpython-311.pyc (deflated 55%)
  adding: Excelerate.app/Contents/Resources/lib/python3.11/numpy/distutils/fcompiler/__pycache__/absoft.cpython-311.pyc (deflated 56%)
  adding: Excelerate.app/Contents/Resources/lib/python3.11/numpy/distutils/fcompiler/arm.py (deflated 64%)
  adding: Excelerate.app/Contents/Resources/lib/python3.11/numpy/distutils/fcompiler/mips.py (deflated 60%)
  adding: Excelerate.app/Contents/Resources/lib/python3.11/numpy/distutils/fcompiler/hpux.py (deflated 56%)
  adding: Excelerate.app/Contents/Resources/lib/python3.11/numpy/distutils/fcompiler/environment.py (deflated 71%)
  adding: Excelerate.app/Contents/Resources/lib/python3.11/numpy/distutils/fcompiler/pathf95.py (deflated 55%)
  adding: Excelerate.app/Contents/Resources/lib/python3.11/numpy/distutils/fcompiler/fujitsu.py (deflated 54%)
  adding: Excelerate.app/Contents/Resources/lib/python3.11/numpy/distutils/fcompiler/absoft.py (deflated 67%)
  adding: Excelerate.app/Contents/Resources/lib/python3.11/numpy/distutils/fcompiler/vast.py (deflated 57%)
  adding: Excelerate.app/Contents/Resources/lib/python3.11/numpy/distutils/setup.py (deflated 57%)
  adding: Excelerate.app/Contents/Resources/lib/python3.11/numpy/distutils/extension.py (deflated 72%)
  adding: Excelerate.app/Contents/Resources/lib/python3.11/numpy/distutils/msvccompiler.py (deflated 57%)
  adding: Excelerate.app/Contents/Resources/lib/python3.11/numpy/distutils/armccompiler.py (deflated 71%)
  adding: Excelerate.app/Contents/Resources/lib/python3.11/numpy/distutils/intelccompiler.py (deflated 76%)
  adding: Excelerate.app/Contents/Resources/lib/python3.11/numpy/distutils/command/ (stored 0%)
  adding: Excelerate.app/Contents/Resources/lib/python3.11/numpy/distutils/command/build.py (deflated 63%)
  adding: Excelerate.app/Contents/Resources/lib/python3.11/numpy/distutils/command/config_compiler.py (deflated 77%)
  adding: Excelerate.app/Contents/Resources/lib/python3.11/numpy/distutils/command/build_ext.py (deflated 78%)
  adding: Excelerate.app/Contents/Resources/lib/python3.11/numpy/distutils/command/config.py (deflated 75%)
  adding: Excelerate.app/Contents/Resources/lib/python3.11/numpy/distutils/command/install_headers.py (deflated 59%)
  adding: Excelerate.app/Contents/Resources/lib/python3.11/numpy/distutils/command/build_py.py (deflated 66%)
  adding: Excelerate.app/Contents/Resources/lib/python3.11/numpy/distutils/command/build_src.py (deflated 79%)
  adding: Excelerate.app/Contents/Resources/lib/python3.11/numpy/distutils/command/__init__.py (deflated 59%)
  adding: Excelerate.app/Contents/Resources/lib/python3.11/numpy/distutils/command/__pycache__/ (stored 0%)
  adding: Excelerate.app/Contents/Resources/lib/python3.11/numpy/distutils/command/__pycache__/build_src.cpython-311.pyc (deflated 59%)
  adding: Excelerate.app/Contents/Resources/lib/python3.11/numpy/distutils/command/__pycache__/install_headers.cpython-311.pyc (deflated 42%)
  adding: Excelerate.app/Contents/Resources/lib/python3.11/numpy/distutils/command/__pycache__/develop.cpython-311.pyc (deflated 42%)
  adding: Excelerate.app/Contents/Resources/lib/python3.11/numpy/distutils/command/__pycache__/autodist.cpython-311.pyc (deflated 64%)
  adding: Excelerate.app/Contents/Resources/lib/python3.11/numpy/distutils/command/__pycache__/build_clib.cpython-311.pyc (deflated 55%)
  adding: Excelerate.app/Contents/Resources/lib/python3.11/numpy/distutils/command/__pycache__/install_clib.cpython-311.pyc (deflated 47%)
  adding: Excelerate.app/Contents/Resources/lib/python3.11/numpy/distutils/command/__pycache__/config.cpython-311.pyc (deflated 57%)
  adding: Excelerate.app/Contents/Resources/lib/python3.11/numpy/distutils/command/__pycache__/install_data.cpython-311.pyc (deflated 44%)
  adding: Excelerate.app/Contents/Resources/lib/python3.11/numpy/distutils/command/__pycache__/bdist_rpm.cpython-311.pyc (deflated 42%)
  adding: Excelerate.app/Contents/Resources/lib/python3.11/numpy/distutils/command/__pycache__/build_ext.cpython-311.pyc (deflated 56%)
  adding: Excelerate.app/Contents/Resources/lib/python3.11/numpy/distutils/command/__pycache__/build.cpython-311.pyc (deflated 46%)
  adding: Excelerate.app/Contents/Resources/lib/python3.11/numpy/distutils/command/__pycache__/install.cpython-311.pyc (deflated 45%)
  adding: Excelerate.app/Contents/Resources/lib/python3.11/numpy/distutils/command/__pycache__/egg_info.cpython-311.pyc (deflated 43%)
  adding: Excelerate.app/Contents/Resources/lib/python3.11/numpy/distutils/command/__pycache__/build_py.cpython-311.pyc (deflated 48%)
  adding: Excelerate.app/Contents/Resources/lib/python3.11/numpy/distutils/command/__pycache__/config_compiler.cpython-311.pyc (deflated 60%)
  adding: Excelerate.app/Contents/Resources/lib/python3.11/numpy/distutils/command/__pycache__/__init__.cpython-311.pyc (deflated 34%)
  adding: Excelerate.app/Contents/Resources/lib/python3.11/numpy/distutils/command/__pycache__/build_scripts.cpython-311.pyc (deflated 49%)
  adding: Excelerate.app/Contents/Resources/lib/python3.11/numpy/distutils/command/__pycache__/sdist.cpython-311.pyc (deflated 44%)
  adding: Excelerate.app/Contents/Resources/lib/python3.11/numpy/distutils/command/sdist.py (deflated 61%)
  adding: Excelerate.app/Contents/Resources/lib/python3.11/numpy/distutils/command/build_scripts.py (deflated 69%)
  adding: Excelerate.app/Contents/Resources/lib/python3.11/numpy/distutils/command/bdist_rpm.py (deflated 60%)
  adding: Excelerate.app/Contents/Resources/lib/python3.11/numpy/distutils/command/install_clib.py (deflated 64%)
  adding: Excelerate.app/Contents/Resources/lib/python3.11/numpy/distutils/command/build_clib.py (deflated 77%)
  adding: Excelerate.app/Contents/Resources/lib/python3.11/numpy/distutils/command/autodist.py (deflated 75%)
  adding: Excelerate.app/Contents/Resources/lib/python3.11/numpy/distutils/command/egg_info.py (deflated 54%)
  adding: Excelerate.app/Contents/Resources/lib/python3.11/numpy/distutils/command/install.py (deflated 63%)
  adding: Excelerate.app/Contents/Resources/lib/python3.11/numpy/distutils/command/develop.py (deflated 51%)
  adding: Excelerate.app/Contents/Resources/lib/python3.11/numpy/distutils/command/install_data.py (deflated 61%)
  adding: Excelerate.app/Contents/Resources/lib/python3.11/numpy/distutils/_shell_utils.py (deflated 61%)
  adding: Excelerate.app/Contents/Resources/lib/python3.11/numpy/distutils/ccompiler_opt.py (deflated 77%)
  adding: Excelerate.app/Contents/Resources/lib/python3.11/numpy/_utils/ (stored 0%)
  adding: Excelerate.app/Contents/Resources/lib/python3.11/numpy/_utils/_pep440.py (deflated 70%)
  adding: Excelerate.app/Contents/Resources/lib/python3.11/numpy/_utils/__init__.py (deflated 47%)
  adding: Excelerate.app/Contents/Resources/lib/python3.11/numpy/_utils/__pycache__/ (stored 0%)
  adding: Excelerate.app/Contents/Resources/lib/python3.11/numpy/_utils/__pycache__/_pep440.cpython-311.pyc (deflated 65%)
  adding: Excelerate.app/Contents/Resources/lib/python3.11/numpy/_utils/__pycache__/_inspect.cpython-311.pyc (deflated 59%)
  adding: Excelerate.app/Contents/Resources/lib/python3.11/numpy/_utils/__pycache__/_convertions.cpython-311.pyc (deflated 41%)
  adding: Excelerate.app/Contents/Resources/lib/python3.11/numpy/_utils/__pycache__/__init__.cpython-311.pyc (deflated 37%)
  adding: Excelerate.app/Contents/Resources/lib/python3.11/numpy/_utils/_convertions.py (deflated 47%)
  adding: Excelerate.app/Contents/Resources/lib/python3.11/numpy/_utils/_inspect.py (deflated 71%)
  adding: Excelerate.app/Contents/Resources/lib/python3.11/numpy/_pytesttester.pyi (deflated 50%)
  adding: Excelerate.app/Contents/Resources/lib/python3.11/numpy/ctypeslib.pyi (deflated 79%)
  adding: Excelerate.app/Contents/Resources/lib/python3.11/numpy/conftest.py (deflated 62%)
  adding: Excelerate.app/Contents/Resources/lib/python3.11/numpy/compat/ (stored 0%)
  adding: Excelerate.app/Contents/Resources/lib/python3.11/numpy/compat/py3k.py (deflated 61%)
  adding: Excelerate.app/Contents/Resources/lib/python3.11/numpy/compat/tests/ (stored 0%)
  adding: Excelerate.app/Contents/Resources/lib/python3.11/numpy/compat/tests/__init__.py (stored 0%)
  adding: Excelerate.app/Contents/Resources/lib/python3.11/numpy/compat/tests/__pycache__/ (stored 0%)
  adding: Excelerate.app/Contents/Resources/lib/python3.11/numpy/compat/tests/__pycache__/test_compat.cpython-311.pyc (deflated 57%)
  adding: Excelerate.app/Contents/Resources/lib/python3.11/numpy/compat/tests/__pycache__/__init__.cpython-311.pyc (deflated 18%)
  adding: Excelerate.app/Contents/Resources/lib/python3.11/numpy/compat/tests/test_compat.py (deflated 61%)
  adding: Excelerate.app/Contents/Resources/lib/python3.11/numpy/compat/__init__.py (deflated 43%)
  adding: Excelerate.app/Contents/Resources/lib/python3.11/numpy/compat/__pycache__/ (stored 0%)
  adding: Excelerate.app/Contents/Resources/lib/python3.11/numpy/compat/__pycache__/setup.cpython-311.pyc (deflated 32%)
  adding: Excelerate.app/Contents/Resources/lib/python3.11/numpy/compat/__pycache__/py3k.cpython-311.pyc (deflated 53%)
  adding: Excelerate.app/Contents/Resources/lib/python3.11/numpy/compat/__pycache__/__init__.cpython-311.pyc (deflated 35%)
  adding: Excelerate.app/Contents/Resources/lib/python3.11/numpy/compat/setup.py (deflated 48%)
  adding: Excelerate.app/Contents/Resources/lib/python3.11/numpy/dtypes.pyi (deflated 69%)
  adding: Excelerate.app/Contents/Resources/lib/python3.11/numpy/core/ (stored 0%)
  adding: Excelerate.app/Contents/Resources/lib/python3.11/numpy/core/umath.py (deflated 55%)
  adding: Excelerate.app/Contents/Resources/lib/python3.11/numpy/core/fromnumeric.py (deflated 78%)
  adding: Excelerate.app/Contents/Resources/lib/python3.11/numpy/core/numeric.pyi (deflated 87%)
  adding: Excelerate.app/Contents/Resources/lib/python3.11/numpy/core/_dtype.py (deflated 69%)
  adding: Excelerate.app/Contents/Resources/lib/python3.11/numpy/core/getlimits.pyi (deflated 21%)
  adding: Excelerate.app/Contents/Resources/lib/python3.11/numpy/core/_add_newdocs.py (deflated 75%)
  adding: Excelerate.app/Contents/Resources/lib/python3.11/numpy/core/_multiarray_umath.cpython-311-darwin.so (deflated 72%)
  adding: Excelerate.app/Contents/Resources/lib/python3.11/numpy/core/defchararray.pyi (deflated 86%)
  adding: Excelerate.app/Contents/Resources/lib/python3.11/numpy/core/_methods.py (deflated 72%)
  adding: Excelerate.app/Contents/Resources/lib/python3.11/numpy/core/_internal.py (deflated 70%)
  adding: Excelerate.app/Contents/Resources/lib/python3.11/numpy/core/_simd.cpython-311-darwin.so (deflated 81%)
  adding: Excelerate.app/Contents/Resources/lib/python3.11/numpy/core/function_base.pyi (deflated 88%)
  adding: Excelerate.app/Contents/Resources/lib/python3.11/numpy/core/__init__.pyi (deflated 14%)
  adding: Excelerate.app/Contents/Resources/lib/python3.11/numpy/core/_string_helpers.py (deflated 70%)
  adding: Excelerate.app/Contents/Resources/lib/python3.11/numpy/core/multiarray.py (deflated 74%)
  adding: Excelerate.app/Contents/Resources/lib/python3.11/numpy/core/_asarray.py (deflated 61%)
  adding: Excelerate.app/Contents/Resources/lib/python3.11/numpy/core/include/ (stored 0%)
  adding: Excelerate.app/Contents/Resources/lib/python3.11/numpy/core/include/numpy/ (stored 0%)
  adding: Excelerate.app/Contents/Resources/lib/python3.11/numpy/core/include/numpy/ndarrayobject.h (deflated 75%)
  adding: Excelerate.app/Contents/Resources/lib/python3.11/numpy/core/include/numpy/utils.h (deflated 65%)
  adding: Excelerate.app/Contents/Resources/lib/python3.11/numpy/core/include/numpy/__multiarray_api.h (deflated 87%)
  adding: Excelerate.app/Contents/Resources/lib/python3.11/numpy/core/include/numpy/npy_1_7_deprecated_api.h (deflated 66%)
  adding: Excelerate.app/Contents/Resources/lib/python3.11/numpy/core/include/numpy/experimental_dtype_api.h (deflated 70%)
  adding: Excelerate.app/Contents/Resources/lib/python3.11/numpy/core/include/numpy/old_defines.h (deflated 78%)
  adding: Excelerate.app/Contents/Resources/lib/python3.11/numpy/core/include/numpy/ufuncobject.h (deflated 69%)
  adding: Excelerate.app/Contents/Resources/lib/python3.11/numpy/core/include/numpy/npy_common.h (deflated 82%)
  adding: Excelerate.app/Contents/Resources/lib/python3.11/numpy/core/include/numpy/npy_cpu.h (deflated 72%)
  adding: Excelerate.app/Contents/Resources/lib/python3.11/numpy/core/include/numpy/__ufunc_api.c (deflated 77%)
  adding: Excelerate.app/Contents/Resources/lib/python3.11/numpy/core/include/numpy/ndarraytypes.h (deflated 75%)
  adding: Excelerate.app/Contents/Resources/lib/python3.11/numpy/core/include/numpy/npy_no_deprecated_api.h (deflated 48%)
  adding: Excelerate.app/Contents/Resources/lib/python3.11/numpy/core/include/numpy/__multiarray_api.c (deflated 83%)
  adding: Excelerate.app/Contents/Resources/lib/python3.11/numpy/core/include/numpy/npy_3kcompat.h (deflated 74%)
  adding: Excelerate.app/Contents/Resources/lib/python3.11/numpy/core/include/numpy/npy_os.h (deflated 68%)
  adding: Excelerate.app/Contents/Resources/lib/python3.11/numpy/core/include/numpy/npy_endian.h (deflated 79%)
  adding: Excelerate.app/Contents/Resources/lib/python3.11/numpy/core/include/numpy/npy_interrupt.h (deflated 60%)
  adding: Excelerate.app/Contents/Resources/lib/python3.11/numpy/core/include/numpy/_numpyconfig.h (deflated 65%)
  adding: Excelerate.app/Contents/Resources/lib/python3.11/numpy/core/include/numpy/_neighborhood_iterator_imp.h (deflated 65%)
  adding: Excelerate.app/Contents/Resources/lib/python3.11/numpy/core/include/numpy/numpyconfig.h (deflated 66%)
  adding: Excelerate.app/Contents/Resources/lib/python3.11/numpy/core/include/numpy/__ufunc_api.h (deflated 87%)
  adding: Excelerate.app/Contents/Resources/lib/python3.11/numpy/core/include/numpy/arrayscalars.h (deflated 78%)
  adding: Excelerate.app/Contents/Resources/lib/python3.11/numpy/core/include/numpy/random/ (stored 0%)
  adding: Excelerate.app/Contents/Resources/lib/python3.11/numpy/core/include/numpy/random/distributions.h (deflated 81%)
  adding: Excelerate.app/Contents/Resources/lib/python3.11/numpy/core/include/numpy/random/libdivide.h (deflated 84%)
  adding: Excelerate.app/Contents/Resources/lib/python3.11/numpy/core/include/numpy/random/bitgen.h (deflated 48%)
  adding: Excelerate.app/Contents/Resources/lib/python3.11/numpy/core/include/numpy/random/LICENSE.txt (deflated 48%)
  adding: Excelerate.app/Contents/Resources/lib/python3.11/numpy/core/include/numpy/npy_math.h (deflated 79%)
  adding: Excelerate.app/Contents/Resources/lib/python3.11/numpy/core/include/numpy/halffloat.h (deflated 70%)
  adding: Excelerate.app/Contents/Resources/lib/python3.11/numpy/core/include/numpy/arrayobject.h (deflated 48%)
  adding: Excelerate.app/Contents/Resources/lib/python3.11/numpy/core/include/numpy/_dtype_api.h (deflated 66%)
  adding: Excelerate.app/Contents/Resources/lib/python3.11/numpy/core/include/numpy/noprefix.h (deflated 74%)
  adding: Excelerate.app/Contents/Resources/lib/python3.11/numpy/core/records.py (deflated 73%)
  adding: Excelerate.app/Contents/Resources/lib/python3.11/numpy/core/_ufunc_config.pyi (deflated 62%)
  adding: Excelerate.app/Contents/Resources/lib/python3.11/numpy/core/_umath_tests.cpython-311-darwin.so (deflated 85%)
  adding: Excelerate.app/Contents/Resources/lib/python3.11/numpy/core/tests/ (stored 0%)
  adding: Excelerate.app/Contents/Resources/lib/python3.11/numpy/core/tests/test_numerictypes.py (deflated 79%)
  adding: Excelerate.app/Contents/Resources/lib/python3.11/numpy/core/tests/test_scalar_methods.py (deflated 72%)
  adding: Excelerate.app/Contents/Resources/lib/python3.11/numpy/core/tests/test_scalarmath.py (deflated 76%)
  adding: Excelerate.app/Contents/Resources/lib/python3.11/numpy/core/tests/test_item_selection.py (deflated 72%)
  adding: Excelerate.app/Contents/Resources/lib/python3.11/numpy/core/tests/test_array_coercion.py (deflated 74%)
  adding: Excelerate.app/Contents/Resources/lib/python3.11/numpy/core/tests/test_limited_api.py (deflated 53%)
  adding: Excelerate.app/Contents/Resources/lib/python3.11/numpy/core/tests/test_casting_floatingpoint_errors.py (deflated 71%)
  adding: Excelerate.app/Contents/Resources/lib/python3.11/numpy/core/tests/test_machar.py (deflated 51%)
  adding: Excelerate.app/Contents/Resources/lib/python3.11/numpy/core/tests/test_unicode.py (deflated 84%)
  adding: Excelerate.app/Contents/Resources/lib/python3.11/numpy/core/tests/test_cpu_dispatcher.py (deflated 62%)
  adding: Excelerate.app/Contents/Resources/lib/python3.11/numpy/core/tests/test_arrayprint.py (deflated 79%)
  adding: Excelerate.app/Contents/Resources/lib/python3.11/numpy/core/tests/test_scalarbuffer.py (deflated 72%)
  adding: Excelerate.app/Contents/Resources/lib/python3.11/numpy/core/tests/test_indexerrors.py (deflated 83%)
  adding: Excelerate.app/Contents/Resources/lib/python3.11/numpy/core/tests/test_print.py (deflated 78%)
  adding: Excelerate.app/Contents/Resources/lib/python3.11/numpy/core/tests/test_half.py (deflated 78%)
  adding: Excelerate.app/Contents/Resources/lib/python3.11/numpy/core/tests/test_arraymethod.py (deflated 66%)
  adding: Excelerate.app/Contents/Resources/lib/python3.11/numpy/core/tests/test_mem_overlap.py (deflated 77%)
  adding: Excelerate.app/Contents/Resources/lib/python3.11/numpy/core/tests/test_shape_base.py (deflated 82%)
  adding: Excelerate.app/Contents/Resources/lib/python3.11/numpy/core/tests/test_hashtable.py (deflated 54%)
  adding: Excelerate.app/Contents/Resources/lib/python3.11/numpy/core/tests/test_array_interface.py (deflated 70%)
  adding: Excelerate.app/Contents/Resources/lib/python3.11/numpy/core/tests/test_deprecations.py (deflated 73%)
  adding: Excelerate.app/Contents/Resources/lib/python3.11/numpy/core/tests/__init__.py (stored 0%)
  adding: Excelerate.app/Contents/Resources/lib/python3.11/numpy/core/tests/test_errstate.py (deflated 68%)
  adding: Excelerate.app/Contents/Resources/lib/python3.11/numpy/core/tests/test_nep50_promotions.py (deflated 71%)
  adding: Excelerate.app/Contents/Resources/lib/python3.11/numpy/core/tests/test_records.py (deflated 75%)
  adding: Excelerate.app/Contents/Resources/lib/python3.11/numpy/core/tests/__pycache__/ (stored 0%)
  adding: Excelerate.app/Contents/Resources/lib/python3.11/numpy/core/tests/__pycache__/test_scalar_ctors.cpython-311.pyc (deflated 65%)
  adding: Excelerate.app/Contents/Resources/lib/python3.11/numpy/core/tests/__pycache__/test_scalarprint.cpython-311.pyc (deflated 65%)
  adding: Excelerate.app/Contents/Resources/lib/python3.11/numpy/core/tests/__pycache__/_locales.cpython-311.pyc (deflated 52%)
  adding: Excelerate.app/Contents/Resources/lib/python3.11/numpy/core/tests/__pycache__/test_array_coercion.cpython-311.pyc (deflated 67%)
  adding: Excelerate.app/Contents/Resources/lib/python3.11/numpy/core/tests/__pycache__/test_mem_policy.cpython-311.pyc (deflated 67%)
  adding: Excelerate.app/Contents/Resources/lib/python3.11/numpy/core/tests/__pycache__/test_strings.cpython-311.pyc (deflated 59%)
  adding: Excelerate.app/Contents/Resources/lib/python3.11/numpy/core/tests/__pycache__/test_regression.cpython-311.pyc (deflated 68%)
  adding: Excelerate.app/Contents/Resources/lib/python3.11/numpy/core/tests/__pycache__/test_scalarbuffer.cpython-311.pyc (deflated 61%)
  adding: Excelerate.app/Contents/Resources/lib/python3.11/numpy/core/tests/__pycache__/test_indexing.cpython-311.pyc (deflated 70%)
  adding: Excelerate.app/Contents/Resources/lib/python3.11/numpy/core/tests/__pycache__/test_deprecations.cpython-311.pyc (deflated 68%)
  adding: Excelerate.app/Contents/Resources/lib/python3.11/numpy/core/tests/__pycache__/test_nditer.cpython-311.pyc (deflated 74%)
  adding: Excelerate.app/Contents/Resources/lib/python3.11/numpy/core/tests/__pycache__/test_cython.cpython-311.pyc (deflated 59%)
  adding: Excelerate.app/Contents/Resources/lib/python3.11/numpy/core/tests/__pycache__/test_machar.cpython-311.pyc (deflated 43%)
  adding: Excelerate.app/Contents/Resources/lib/python3.11/numpy/core/tests/__pycache__/test_defchararray.cpython-311.pyc (deflated 75%)
  adding: Excelerate.app/Contents/Resources/lib/python3.11/numpy/core/tests/__pycache__/test_protocols.cpython-311.pyc (deflated 54%)
  adding: Excelerate.app/Contents/Resources/lib/python3.11/numpy/core/tests/__pycache__/test_getlimits.cpython-311.pyc (deflated 64%)
  adding: Excelerate.app/Contents/Resources/lib/python3.11/numpy/core/tests/__pycache__/test_simd.cpython-311.pyc (deflated 67%)
  adding: Excelerate.app/Contents/Resources/lib/python3.11/numpy/core/tests/__pycache__/test_cpu_dispatcher.cpython-311.pyc (deflated 44%)
  adding: Excelerate.app/Contents/Resources/lib/python3.11/numpy/core/tests/__pycache__/test_einsum.cpython-311.pyc (deflated 74%)
  adding: Excelerate.app/Contents/Resources/lib/python3.11/numpy/core/tests/__pycache__/test_argparse.cpython-311.pyc (deflated 58%)
  adding: Excelerate.app/Contents/Resources/lib/python3.11/numpy/core/tests/__pycache__/test_custom_dtypes.cpython-311.pyc (deflated 66%)
  adding: Excelerate.app/Contents/Resources/lib/python3.11/numpy/core/tests/__pycache__/test_arraymethod.cpython-311.pyc (deflated 54%)
  adding: Excelerate.app/Contents/Resources/lib/python3.11/numpy/core/tests/__pycache__/test_numeric.cpython-311.pyc (deflated 73%)
  adding: Excelerate.app/Contents/Resources/lib/python3.11/numpy/core/tests/__pycache__/test_scalarmath.cpython-311.pyc (deflated 66%)
  adding: Excelerate.app/Contents/Resources/lib/python3.11/numpy/core/tests/__pycache__/test_print.cpython-311.pyc (deflated 65%)
  adding: Excelerate.app/Contents/Resources/lib/python3.11/numpy/core/tests/__pycache__/test_records.cpython-311.pyc (deflated 67%)
  adding: Excelerate.app/Contents/Resources/lib/python3.11/numpy/core/tests/__pycache__/test_casting_floatingpoint_errors.cpython-311.pyc (deflated 62%)
  adding: Excelerate.app/Contents/Resources/lib/python3.11/numpy/core/tests/__pycache__/test_indexerrors.cpython-311.pyc (deflated 78%)
  adding: Excelerate.app/Contents/Resources/lib/python3.11/numpy/core/tests/__pycache__/test_dtype.cpython-311.pyc (deflated 68%)
  adding: Excelerate.app/Contents/Resources/lib/python3.11/numpy/core/tests/__pycache__/test_umath_complex.cpython-311.pyc (deflated 75%)
  adding: Excelerate.app/Contents/Resources/lib/python3.11/numpy/core/tests/__pycache__/test_scalarinherit.cpython-311.pyc (deflated 68%)
  adding: Excelerate.app/Contents/Resources/lib/python3.11/numpy/core/tests/__pycache__/test_datetime.cpython-311.pyc (deflated 77%)
  adding: Excelerate.app/Contents/Resources/lib/python3.11/numpy/core/tests/__pycache__/test__exceptions.cpython-311.pyc (deflated 58%)
  adding: Excelerate.app/Contents/Resources/lib/python3.11/numpy/core/tests/__pycache__/test_conversion_utils.cpython-311.pyc (deflated 68%)
  adding: Excelerate.app/Contents/Resources/lib/python3.11/numpy/core/tests/__pycache__/test_errstate.cpython-311.pyc (deflated 62%)
  adding: Excelerate.app/Contents/Resources/lib/python3.11/numpy/core/tests/__pycache__/test_half.cpython-311.pyc (deflated 70%)
  adding: Excelerate.app/Contents/Resources/lib/python3.11/numpy/core/tests/__pycache__/test_simd_module.cpython-311.pyc (deflated 59%)
  adding: Excelerate.app/Contents/Resources/lib/python3.11/numpy/core/tests/__pycache__/test_multiarray.cpython-311.pyc (deflated 71%)
  adding: Excelerate.app/Contents/Resources/lib/python3.11/numpy/core/tests/__pycache__/test_abc.cpython-311.pyc (deflated 70%)
  adding: Excelerate.app/Contents/Resources/lib/python3.11/numpy/core/tests/__pycache__/test_unicode.cpython-311.pyc (deflated 74%)
  adding: Excelerate.app/Contents/Resources/lib/python3.11/numpy/core/tests/__pycache__/test_function_base.cpython-311.pyc (deflated 70%)
  adding: Excelerate.app/Contents/Resources/lib/python3.11/numpy/core/tests/__pycache__/test_arrayprint.cpython-311.pyc (deflated 69%)
  adding: Excelerate.app/Contents/Resources/lib/python3.11/numpy/core/tests/__pycache__/test_numpy_2_0_compat.cpython-311.pyc (deflated 52%)
  adding: Excelerate.app/Contents/Resources/lib/python3.11/numpy/core/tests/__pycache__/test_overrides.cpython-311.pyc (deflated 69%)
  adding: Excelerate.app/Contents/Resources/lib/python3.11/numpy/core/tests/__pycache__/test_umath_accuracy.cpython-311.pyc (deflated 50%)
  adding: Excelerate.app/Contents/Resources/lib/python3.11/numpy/core/tests/__pycache__/test_array_interface.cpython-311.pyc (deflated 60%)
  adding: Excelerate.app/Contents/Resources/lib/python3.11/numpy/core/tests/__pycache__/test_longdouble.cpython-311.pyc (deflated 71%)
  adding: Excelerate.app/Contents/Resources/lib/python3.11/numpy/core/tests/__pycache__/test_dlpack.cpython-311.pyc (deflated 66%)
  adding: Excelerate.app/Contents/Resources/lib/python3.11/numpy/core/tests/__pycache__/test_item_selection.cpython-311.pyc (deflated 60%)
  adding: Excelerate.app/Contents/Resources/lib/python3.11/numpy/core/tests/__pycache__/test_ufunc.cpython-311.pyc (deflated 71%)
  adding: Excelerate.app/Contents/Resources/lib/python3.11/numpy/core/tests/__pycache__/test_umath.cpython-311.pyc (deflated 73%)
  adding: Excelerate.app/Contents/Resources/lib/python3.11/numpy/core/tests/__pycache__/test_hashtable.cpython-311.pyc (deflated 45%)
  adding: Excelerate.app/Contents/Resources/lib/python3.11/numpy/core/tests/__pycache__/test_api.cpython-311.pyc (deflated 71%)
  adding: Excelerate.app/Contents/Resources/lib/python3.11/numpy/core/tests/__pycache__/test_shape_base.cpython-311.pyc (deflated 71%)
  adding: Excelerate.app/Contents/Resources/lib/python3.11/numpy/core/tests/__pycache__/test_mem_overlap.cpython-311.pyc (deflated 63%)
  adding: Excelerate.app/Contents/Resources/lib/python3.11/numpy/core/tests/__pycache__/test_extint128.cpython-311.pyc (deflated 66%)
  adding: Excelerate.app/Contents/Resources/lib/python3.11/numpy/core/tests/__pycache__/test_memmap.cpython-311.pyc (deflated 63%)
  adding: Excelerate.app/Contents/Resources/lib/python3.11/numpy/core/tests/__pycache__/test_casting_unittests.cpython-311.pyc (deflated 62%)
  adding: Excelerate.app/Contents/Resources/lib/python3.11/numpy/core/tests/__pycache__/test_nep50_promotions.cpython-311.pyc (deflated 67%)
  adding: Excelerate.app/Contents/Resources/lib/python3.11/numpy/core/tests/__pycache__/__init__.cpython-311.pyc (deflated 18%)
  adding: Excelerate.app/Contents/Resources/lib/python3.11/numpy/core/tests/__pycache__/test_numerictypes.cpython-311.pyc (deflated 71%)
  adding: Excelerate.app/Contents/Resources/lib/python3.11/numpy/core/tests/__pycache__/test_limited_api.cpython-311.pyc (deflated 39%)
  adding: Excelerate.app/Contents/Resources/lib/python3.11/numpy/core/tests/__pycache__/test_scalar_methods.cpython-311.pyc (deflated 61%)
  adding: Excelerate.app/Contents/Resources/lib/python3.11/numpy/core/tests/__pycache__/test_cpu_features.cpython-311.pyc (deflated 56%)
  adding: Excelerate.app/Contents/Resources/lib/python3.11/numpy/core/tests/test_mem_policy.py (deflated 76%)
  adding: Excelerate.app/Contents/Resources/lib/python3.11/numpy/core/tests/test_simd.py (deflated 80%)
  adding: Excelerate.app/Contents/Resources/lib/python3.11/numpy/core/tests/test_scalarinherit.py (deflated 69%)
  adding: Excelerate.app/Contents/Resources/lib/python3.11/numpy/core/tests/test_indexing.py (deflated 75%)
  adding: Excelerate.app/Contents/Resources/lib/python3.11/numpy/core/tests/test_umath.py (deflated 81%)
  adding: Excelerate.app/Contents/Resources/lib/python3.11/numpy/core/tests/test_numeric.py (deflated 80%)
  adding: Excelerate.app/Contents/Resources/lib/python3.11/numpy/core/tests/test_function_base.py (deflated 78%)
  adding: Excelerate.app/Contents/Resources/lib/python3.11/numpy/core/tests/test_numpy_2_0_compat.py (deflated 64%)
  adding: Excelerate.app/Contents/Resources/lib/python3.11/numpy/core/tests/test_datetime.py (deflated 85%)
  adding: Excelerate.app/Contents/Resources/lib/python3.11/numpy/core/tests/test__exceptions.py (deflated 68%)
  adding: Excelerate.app/Contents/Resources/lib/python3.11/numpy/core/tests/test_extint128.py (deflated 78%)
  adding: Excelerate.app/Contents/Resources/lib/python3.11/numpy/core/tests/test_cython.py (deflated 69%)
  adding: Excelerate.app/Contents/Resources/lib/python3.11/numpy/core/tests/test_umath_complex.py (deflated 80%)
  adding: Excelerate.app/Contents/Resources/lib/python3.11/numpy/core/tests/_locales.py (deflated 64%)
  adding: Excelerate.app/Contents/Resources/lib/python3.11/numpy/core/tests/examples/ (stored 0%)
  adding: Excelerate.app/Contents/Resources/lib/python3.11/numpy/core/tests/examples/cython/ (stored 0%)
  adding: Excelerate.app/Contents/Resources/lib/python3.11/numpy/core/tests/examples/cython/__pycache__/ (stored 0%)
  adding: Excelerate.app/Contents/Resources/lib/python3.11/numpy/core/tests/examples/cython/__pycache__/setup.cpython-311.pyc (deflated 30%)
  adding: Excelerate.app/Contents/Resources/lib/python3.11/numpy/core/tests/examples/cython/meson.build (deflated 48%)
  adding: Excelerate.app/Contents/Resources/lib/python3.11/numpy/core/tests/examples/cython/setup.py (deflated 40%)
  adding: Excelerate.app/Contents/Resources/lib/python3.11/numpy/core/tests/examples/cython/checks.pyx (deflated 56%)
  adding: Excelerate.app/Contents/Resources/lib/python3.11/numpy/core/tests/examples/limited_api/ (stored 0%)
  adding: Excelerate.app/Contents/Resources/lib/python3.11/numpy/core/tests/examples/limited_api/__pycache__/ (stored 0%)
  adding: Excelerate.app/Contents/Resources/lib/python3.11/numpy/core/tests/examples/limited_api/__pycache__/setup.cpython-311.pyc (deflated 28%)
  adding: Excelerate.app/Contents/Resources/lib/python3.11/numpy/core/tests/examples/limited_api/setup.py (deflated 38%)
  adding: Excelerate.app/Contents/Resources/lib/python3.11/numpy/core/tests/examples/limited_api/limited_api.c (deflated 35%)
  adding: Excelerate.app/Contents/Resources/lib/python3.11/numpy/core/tests/test_custom_dtypes.py (deflated 73%)
  adding: Excelerate.app/Contents/Resources/lib/python3.11/numpy/core/tests/test_defchararray.py (deflated 84%)
  adding: Excelerate.app/Contents/Resources/lib/python3.11/numpy/core/tests/test_conversion_utils.py (deflated 75%)
  adding: Excelerate.app/Contents/Resources/lib/python3.11/numpy/core/tests/test_scalarprint.py (deflated 76%)
  adding: Excelerate.app/Contents/Resources/lib/python3.11/numpy/core/tests/test_casting_unittests.py (deflated 76%)
  adding: Excelerate.app/Contents/Resources/lib/python3.11/numpy/core/tests/test_abc.py (deflated 83%)
  adding: Excelerate.app/Contents/Resources/lib/python3.11/numpy/core/tests/test_ufunc.py (deflated 78%)
  adding: Excelerate.app/Contents/Resources/lib/python3.11/numpy/core/tests/test_dtype.py (deflated 79%)
  adding: Excelerate.app/Contents/Resources/lib/python3.11/numpy/core/tests/test_umath_accuracy.py (deflated 63%)
  adding: Excelerate.app/Contents/Resources/lib/python3.11/numpy/core/tests/test_simd_module.py (deflated 70%)
  adding: Excelerate.app/Contents/Resources/lib/python3.11/numpy/core/tests/test_getlimits.py (deflated 72%)
  adding: Excelerate.app/Contents/Resources/lib/python3.11/numpy/core/tests/test_strings.py (deflated 70%)
  adding: Excelerate.app/Contents/Resources/lib/python3.11/numpy/core/tests/test_dlpack.py (deflated 72%)
  adding: Excelerate.app/Contents/Resources/lib/python3.11/numpy/core/tests/test_einsum.py (deflated 82%)
  adding: Excelerate.app/Contents/Resources/lib/python3.11/numpy/core/tests/test_api.py (deflated 78%)
  adding: Excelerate.app/Contents/Resources/lib/python3.11/numpy/core/tests/test_longdouble.py (deflated 79%)
  adding: Excelerate.app/Contents/Resources/lib/python3.11/numpy/core/tests/test_overrides.py (deflated 78%)
  adding: Excelerate.app/Contents/Resources/lib/python3.11/numpy/core/tests/test_scalar_ctors.py (deflated 71%)
  adding: Excelerate.app/Contents/Resources/lib/python3.11/numpy/core/tests/data/ (stored 0%)
  adding: Excelerate.app/Contents/Resources/lib/python3.11/numpy/core/tests/data/umath-validation-set-log2.csv (deflated 65%)
  adding: Excelerate.app/Contents/Resources/lib/python3.11/numpy/core/tests/data/umath-validation-set-arcsinh.csv (deflated 68%)
  adding: Excelerate.app/Contents/Resources/lib/python3.11/numpy/core/tests/data/umath-validation-set-arctanh.csv (deflated 65%)
  adding: Excelerate.app/Contents/Resources/lib/python3.11/numpy/core/tests/data/umath-validation-set-sin.csv (deflated 74%)
  adding: Excelerate.app/Contents/Resources/lib/python3.11/numpy/core/tests/data/umath-validation-set-cos.csv (deflated 75%)
  adding: Excelerate.app/Contents/Resources/lib/python3.11/numpy/core/tests/data/umath-validation-set-cbrt.csv (deflated 64%)
  adding: Excelerate.app/Contents/Resources/lib/python3.11/numpy/core/tests/data/numpy_2_0_array.pkl (deflated 6%)
  adding: Excelerate.app/Contents/Resources/lib/python3.11/numpy/core/tests/data/generate_umath_validation_data.cpp (deflated 72%)
  adding: Excelerate.app/Contents/Resources/lib/python3.11/numpy/core/tests/data/umath-validation-set-arctan.csv (deflated 72%)
  adding: Excelerate.app/Contents/Resources/lib/python3.11/numpy/core/tests/data/umath-validation-set-cosh.csv (deflated 74%)
  adding: Excelerate.app/Contents/Resources/lib/python3.11/numpy/core/tests/data/umath-validation-set-README.txt (deflated 50%)
  adding: Excelerate.app/Contents/Resources/lib/python3.11/numpy/core/tests/data/umath-validation-set-expm1.csv (deflated 71%)
  adding: Excelerate.app/Contents/Resources/lib/python3.11/numpy/core/tests/data/recarray_from_file.fits (deflated 90%)
  adding: Excelerate.app/Contents/Resources/lib/python3.11/numpy/core/tests/data/umath-validation-set-sinh.csv (deflated 72%)
  adding: Excelerate.app/Contents/Resources/lib/python3.11/numpy/core/tests/data/umath-validation-set-tanh.csv (deflated 72%)
  adding: Excelerate.app/Contents/Resources/lib/python3.11/numpy/core/tests/data/umath-validation-set-log10.csv (deflated 65%)
  adding: Excelerate.app/Contents/Resources/lib/python3.11/numpy/core/tests/data/umath-validation-set-arcsin.csv (deflated 65%)
  adding: Excelerate.app/Contents/Resources/lib/python3.11/numpy/core/tests/data/umath-validation-set-arccos.csv (deflated 66%)
  adding: Excelerate.app/Contents/Resources/lib/python3.11/numpy/core/tests/data/umath-validation-set-log1p.csv (deflated 67%)
  adding: Excelerate.app/Contents/Resources/lib/python3.11/numpy/core/tests/data/umath-validation-set-log.csv (deflated 65%)
  adding: Excelerate.app/Contents/Resources/lib/python3.11/numpy/core/tests/data/umath-validation-set-exp2.csv (deflated 72%)
  adding: Excelerate.app/Contents/Resources/lib/python3.11/numpy/core/tests/data/umath-validation-set-arccosh.csv (deflated 66%)
  adding: Excelerate.app/Contents/Resources/lib/python3.11/numpy/core/tests/data/umath-validation-set-tan.csv (deflated 67%)
  adding: Excelerate.app/Contents/Resources/lib/python3.11/numpy/core/tests/data/umath-validation-set-exp.csv (deflated 69%)
  adding: Excelerate.app/Contents/Resources/lib/python3.11/numpy/core/tests/data/astype_copy.pkl (deflated 6%)
  adding: Excelerate.app/Contents/Resources/lib/python3.11/numpy/core/tests/test_multiarray.py (deflated 79%)
  adding: Excelerate.app/Contents/Resources/lib/python3.11/numpy/core/tests/test_memmap.py (deflated 74%)
  adding: Excelerate.app/Contents/Resources/lib/python3.11/numpy/core/tests/test_nditer.py (deflated 83%)
  adding: Excelerate.app/Contents/Resources/lib/python3.11/numpy/core/tests/test_cpu_features.py (deflated 73%)
  adding: Excelerate.app/Contents/Resources/lib/python3.11/numpy/core/tests/test_protocols.py (deflated 58%)
  adding: Excelerate.app/Contents/Resources/lib/python3.11/numpy/core/tests/test_argparse.py (deflated 61%)
  adding: Excelerate.app/Contents/Resources/lib/python3.11/numpy/core/tests/test_regression.py (deflated 74%)
  adding: Excelerate.app/Contents/Resources/lib/python3.11/numpy/core/_add_newdocs_scalars.py (deflated 71%)
  adding: Excelerate.app/Contents/Resources/lib/python3.11/numpy/core/__init__.py (deflated 57%)
  adding: Excelerate.app/Contents/Resources/lib/python3.11/numpy/core/_machar.py (deflated 73%)
  adding: Excelerate.app/Contents/Resources/lib/python3.11/numpy/core/memmap.py (deflated 67%)
  adding: Excelerate.app/Contents/Resources/lib/python3.11/numpy/core/overrides.py (deflated 69%)
  adding: Excelerate.app/Contents/Resources/lib/python3.11/numpy/core/getlimits.py (deflated 74%)
  adding: Excelerate.app/Contents/Resources/lib/python3.11/numpy/core/_dtype_ctypes.py (deflated 66%)
  adding: Excelerate.app/Contents/Resources/lib/python3.11/numpy/core/defchararray.py (deflated 82%)
  adding: Excelerate.app/Contents/Resources/lib/python3.11/numpy/core/__pycache__/ (stored 0%)
  adding: Excelerate.app/Contents/Resources/lib/python3.11/numpy/core/__pycache__/overrides.cpython-311.pyc (deflated 55%)
  adding: Excelerate.app/Contents/Resources/lib/python3.11/numpy/core/__pycache__/_ufunc_config.cpython-311.pyc (deflated 63%)
  adding: Excelerate.app/Contents/Resources/lib/python3.11/numpy/core/__pycache__/umath.cpython-311.pyc (deflated 39%)
  adding: Excelerate.app/Contents/Resources/lib/python3.11/numpy/core/__pycache__/_asarray.cpython-311.pyc (deflated 49%)
  adding: Excelerate.app/Contents/Resources/lib/python3.11/numpy/core/__pycache__/_add_newdocs.cpython-311.pyc (deflated 73%)
  adding: Excelerate.app/Contents/Resources/lib/python3.11/numpy/core/__pycache__/einsumfunc.cpython-311.pyc (deflated 60%)
  adding: Excelerate.app/Contents/Resources/lib/python3.11/numpy/core/__pycache__/_methods.cpython-311.pyc (deflated 55%)
  adding: Excelerate.app/Contents/Resources/lib/python3.11/numpy/core/__pycache__/numerictypes.cpython-311.pyc (deflated 61%)
  adding: Excelerate.app/Contents/Resources/lib/python3.11/numpy/core/__pycache__/_internal.cpython-311.pyc (deflated 56%)
  adding: Excelerate.app/Contents/Resources/lib/python3.11/numpy/core/__pycache__/function_base.cpython-311.pyc (deflated 62%)
  adding: Excelerate.app/Contents/Resources/lib/python3.11/numpy/core/__pycache__/_dtype.cpython-311.pyc (deflated 53%)
  adding: Excelerate.app/Contents/Resources/lib/python3.11/numpy/core/__pycache__/_type_aliases.cpython-311.pyc (deflated 48%)
  adding: Excelerate.app/Contents/Resources/lib/python3.11/numpy/core/__pycache__/_machar.cpython-311.pyc (deflated 58%)
  adding: Excelerate.app/Contents/Resources/lib/python3.11/numpy/core/__pycache__/_exceptions.cpython-311.pyc (deflated 59%)
  adding: Excelerate.app/Contents/Resources/lib/python3.11/numpy/core/__pycache__/defchararray.cpython-311.pyc (deflated 76%)
  adding: Excelerate.app/Contents/Resources/lib/python3.11/numpy/core/__pycache__/getlimits.cpython-311.pyc (deflated 59%)
  adding: Excelerate.app/Contents/Resources/lib/python3.11/numpy/core/__pycache__/shape_base.cpython-311.pyc (deflated 64%)
  adding: Excelerate.app/Contents/Resources/lib/python3.11/numpy/core/__pycache__/memmap.cpython-311.pyc (deflated 56%)
  adding: Excelerate.app/Contents/Resources/lib/python3.11/numpy/core/__pycache__/_string_helpers.cpython-311.pyc (deflated 62%)
  adding: Excelerate.app/Contents/Resources/lib/python3.11/numpy/core/__pycache__/umath_tests.cpython-311.pyc (deflated 27%)
  adding: Excelerate.app/Contents/Resources/lib/python3.11/numpy/core/__pycache__/fromnumeric.cpython-311.pyc (deflated 74%)
  adding: Excelerate.app/Contents/Resources/lib/python3.11/numpy/core/__pycache__/_dtype_ctypes.cpython-311.pyc (deflated 50%)
  adding: Excelerate.app/Contents/Resources/lib/python3.11/numpy/core/__pycache__/cversions.cpython-311.pyc (deflated 31%)
  adding: Excelerate.app/Contents/Resources/lib/python3.11/numpy/core/__pycache__/arrayprint.cpython-311.pyc (deflated 63%)
  adding: Excelerate.app/Contents/Resources/lib/python3.11/numpy/core/__pycache__/multiarray.cpython-311.pyc (deflated 70%)
  adding: Excelerate.app/Contents/Resources/lib/python3.11/numpy/core/__pycache__/numeric.cpython-311.pyc (deflated 67%)
  adding: Excelerate.app/Contents/Resources/lib/python3.11/numpy/core/__pycache__/__init__.cpython-311.pyc (deflated 45%)
  adding: Excelerate.app/Contents/Resources/lib/python3.11/numpy/core/__pycache__/_add_newdocs_scalars.cpython-311.pyc (deflated 59%)
  adding: Excelerate.app/Contents/Resources/lib/python3.11/numpy/core/__pycache__/records.cpython-311.pyc (deflated 60%)
  adding: Excelerate.app/Contents/Resources/lib/python3.11/numpy/core/multiarray.pyi (deflated 85%)
  adding: Excelerate.app/Contents/Resources/lib/python3.11/numpy/core/records.pyi (deflated 87%)
  adding: Excelerate.app/Contents/Resources/lib/python3.11/numpy/core/fromnumeric.pyi (deflated 91%)
  adding: Excelerate.app/Contents/Resources/lib/python3.11/numpy/core/shape_base.py (deflated 73%)
  adding: Excelerate.app/Contents/Resources/lib/python3.11/numpy/core/_internal.pyi (deflated 59%)
  adding: Excelerate.app/Contents/Resources/lib/python3.11/numpy/core/_multiarray_tests.cpython-311-darwin.so (deflated 69%)
  adding: Excelerate.app/Contents/Resources/lib/python3.11/numpy/core/numeric.py (deflated 74%)
  adding: Excelerate.app/Contents/Resources/lib/python3.11/numpy/core/numerictypes.pyi (deflated 69%)
  adding: Excelerate.app/Contents/Resources/lib/python3.11/numpy/core/einsumfunc.pyi (deflated 80%)
  adding: Excelerate.app/Contents/Resources/lib/python3.11/numpy/core/lib/ (stored 0%)
  adding: Excelerate.app/Contents/Resources/lib/python3.11/numpy/core/lib/libnpymath.a (deflated 73%)
  adding: Excelerate.app/Contents/Resources/lib/python3.11/numpy/core/lib/npy-pkg-config/ (stored 0%)
  adding: Excelerate.app/Contents/Resources/lib/python3.11/numpy/core/lib/npy-pkg-config/npymath.ini (deflated 36%)
  adding: Excelerate.app/Contents/Resources/lib/python3.11/numpy/core/lib/npy-pkg-config/mlib.ini (deflated 20%)
  adding: Excelerate.app/Contents/Resources/lib/python3.11/numpy/core/function_base.py (deflated 71%)
  adding: Excelerate.app/Contents/Resources/lib/python3.11/numpy/core/einsumfunc.py (deflated 73%)
  adding: Excelerate.app/Contents/Resources/lib/python3.11/numpy/core/umath_tests.py (deflated 39%)
  adding: Excelerate.app/Contents/Resources/lib/python3.11/numpy/core/_operand_flag_tests.cpython-311-darwin.so (deflated 95%)
  adding: Excelerate.app/Contents/Resources/lib/python3.11/numpy/core/_ufunc_config.py (deflated 71%)
  adding: Excelerate.app/Contents/Resources/lib/python3.11/numpy/core/shape_base.pyi (deflated 84%)
  adding: Excelerate.app/Contents/Resources/lib/python3.11/numpy/core/_exceptions.py (deflated 69%)
  adding: Excelerate.app/Contents/Resources/lib/python3.11/numpy/core/numerictypes.py (deflated 70%)
  adding: Excelerate.app/Contents/Resources/lib/python3.11/numpy/core/_type_aliases.pyi (deflated 52%)
  adding: Excelerate.app/Contents/Resources/lib/python3.11/numpy/core/_type_aliases.py (deflated 66%)
  adding: Excelerate.app/Contents/Resources/lib/python3.11/numpy/core/cversions.py (deflated 41%)
  adding: Excelerate.app/Contents/Resources/lib/python3.11/numpy/core/memmap.pyi (deflated 7%)
  adding: Excelerate.app/Contents/Resources/lib/python3.11/numpy/core/_asarray.pyi (deflated 65%)
  adding: Excelerate.app/Contents/Resources/lib/python3.11/numpy/core/arrayprint.pyi (deflated 75%)
  adding: Excelerate.app/Contents/Resources/lib/python3.11/numpy/core/_rational_tests.cpython-311-darwin.so (deflated 79%)
  adding: Excelerate.app/Contents/Resources/lib/python3.11/numpy/core/_struct_ufunc_tests.cpython-311-darwin.so (deflated 94%)
  adding: Excelerate.app/Contents/Resources/lib/python3.11/numpy/core/arrayprint.py (deflated 76%)
  adding: Excelerate.app/Contents/Resources/lib/python3.11/numpy/version.py (deflated 35%)
  adding: Excelerate.app/Contents/Resources/lib/python3.11/numpy/linalg/ (stored 0%)
  adding: Excelerate.app/Contents/Resources/lib/python3.11/numpy/linalg/__init__.pyi (deflated 57%)
  adding: Excelerate.app/Contents/Resources/lib/python3.11/numpy/linalg/lapack_lite.cpython-311-darwin.so (deflated 92%)
  adding: Excelerate.app/Contents/Resources/lib/python3.11/numpy/linalg/tests/ (stored 0%)
  adding: Excelerate.app/Contents/Resources/lib/python3.11/numpy/linalg/tests/test_linalg.py (deflated 80%)
  adding: Excelerate.app/Contents/Resources/lib/python3.11/numpy/linalg/tests/test_deprecations.py (deflated 57%)
  adding: Excelerate.app/Contents/Resources/lib/python3.11/numpy/linalg/tests/__init__.py (stored 0%)
  adding: Excelerate.app/Contents/Resources/lib/python3.11/numpy/linalg/tests/__pycache__/ (stored 0%)
  adding: Excelerate.app/Contents/Resources/lib/python3.11/numpy/linalg/tests/__pycache__/test_regression.cpython-311.pyc (deflated 61%)
  adding: Excelerate.app/Contents/Resources/lib/python3.11/numpy/linalg/tests/__pycache__/test_deprecations.cpython-311.pyc (deflated 47%)
  adding: Excelerate.app/Contents/Resources/lib/python3.11/numpy/linalg/tests/__pycache__/test_linalg.cpython-311.pyc (deflated 71%)
  adding: Excelerate.app/Contents/Resources/lib/python3.11/numpy/linalg/tests/__pycache__/__init__.cpython-311.pyc (deflated 18%)
  adding: Excelerate.app/Contents/Resources/lib/python3.11/numpy/linalg/tests/test_regression.py (deflated 73%)
  adding: Excelerate.app/Contents/Resources/lib/python3.11/numpy/linalg/__init__.py (deflated 52%)
  adding: Excelerate.app/Contents/Resources/lib/python3.11/numpy/linalg/_umath_linalg.cpython-311-darwin.so (deflated 75%)
  adding: Excelerate.app/Contents/Resources/lib/python3.11/numpy/linalg/__pycache__/ (stored 0%)
  adding: Excelerate.app/Contents/Resources/lib/python3.11/numpy/linalg/__pycache__/linalg.cpython-311.pyc (deflated 65%)
  adding: Excelerate.app/Contents/Resources/lib/python3.11/numpy/linalg/__pycache__/__init__.cpython-311.pyc (deflated 47%)
  adding: Excelerate.app/Contents/Resources/lib/python3.11/numpy/linalg/linalg.pyi (deflated 81%)
  adding: Excelerate.app/Contents/Resources/lib/python3.11/numpy/linalg/linalg.py (deflated 74%)
  adding: Excelerate.app/Contents/Resources/lib/python3.11/numpy/ma/ (stored 0%)
  adding: Excelerate.app/Contents/Resources/lib/python3.11/numpy/ma/extras.py (deflated 76%)
  adding: Excelerate.app/Contents/Resources/lib/python3.11/numpy/ma/LICENSE (deflated 49%)
  adding: Excelerate.app/Contents/Resources/lib/python3.11/numpy/ma/__init__.pyi (deflated 74%)
  adding: Excelerate.app/Contents/Resources/lib/python3.11/numpy/ma/testutils.py (deflated 76%)
  adding: Excelerate.app/Contents/Resources/lib/python3.11/numpy/ma/core.pyi (deflated 78%)
  adding: Excelerate.app/Contents/Resources/lib/python3.11/numpy/ma/mrecords.pyi (deflated 66%)
  adding: Excelerate.app/Contents/Resources/lib/python3.11/numpy/ma/tests/ (stored 0%)
  adding: Excelerate.app/Contents/Resources/lib/python3.11/numpy/ma/tests/test_old_ma.py (deflated 78%)
  adding: Excelerate.app/Contents/Resources/lib/python3.11/numpy/ma/tests/test_core.py (deflated 81%)
  adding: Excelerate.app/Contents/Resources/lib/python3.11/numpy/ma/tests/test_deprecations.py (deflated 67%)
  adding: Excelerate.app/Contents/Resources/lib/python3.11/numpy/ma/tests/__init__.py (stored 0%)
  adding: Excelerate.app/Contents/Resources/lib/python3.11/numpy/ma/tests/__pycache__/ (stored 0%)
  adding: Excelerate.app/Contents/Resources/lib/python3.11/numpy/ma/tests/__pycache__/test_regression.cpython-311.pyc (deflated 62%)
  adding: Excelerate.app/Contents/Resources/lib/python3.11/numpy/ma/tests/__pycache__/test_deprecations.cpython-311.pyc (deflated 60%)
  adding: Excelerate.app/Contents/Resources/lib/python3.11/numpy/ma/tests/__pycache__/test_subclassing.cpython-311.pyc (deflated 67%)
  adding: Excelerate.app/Contents/Resources/lib/python3.11/numpy/ma/tests/__pycache__/test_extras.cpython-311.pyc (deflated 75%)
  adding: Excelerate.app/Contents/Resources/lib/python3.11/numpy/ma/tests/__pycache__/test_mrecords.cpython-311.pyc (deflated 67%)
  adding: Excelerate.app/Contents/Resources/lib/python3.11/numpy/ma/tests/__pycache__/test_core.cpython-311.pyc (deflated 72%)
  adding: Excelerate.app/Contents/Resources/lib/python3.11/numpy/ma/tests/__pycache__/test_old_ma.cpython-311.pyc (deflated 72%)
  adding: Excelerate.app/Contents/Resources/lib/python3.11/numpy/ma/tests/__pycache__/__init__.cpython-311.pyc (deflated 18%)
  adding: Excelerate.app/Contents/Resources/lib/python3.11/numpy/ma/tests/test_subclassing.py (deflated 75%)
  adding: Excelerate.app/Contents/Resources/lib/python3.11/numpy/ma/tests/test_extras.py (deflated 84%)
  adding: Excelerate.app/Contents/Resources/lib/python3.11/numpy/ma/tests/test_mrecords.py (deflated 80%)
  adding: Excelerate.app/Contents/Resources/lib/python3.11/numpy/ma/tests/test_regression.py (deflated 66%)
  adding: Excelerate.app/Contents/Resources/lib/python3.11/numpy/ma/API_CHANGES.txt (deflated 61%)
  adding: Excelerate.app/Contents/Resources/lib/python3.11/numpy/ma/__init__.py (deflated 50%)
  adding: Excelerate.app/Contents/Resources/lib/python3.11/numpy/ma/core.py (deflated 78%)
  adding: Excelerate.app/Contents/Resources/lib/python3.11/numpy/ma/__pycache__/ (stored 0%)
  adding: Excelerate.app/Contents/Resources/lib/python3.11/numpy/ma/__pycache__/core.cpython-311.pyc (deflated 67%)
  adding: Excelerate.app/Contents/Resources/lib/python3.11/numpy/ma/__pycache__/setup.cpython-311.pyc (deflated 37%)
  adding: Excelerate.app/Contents/Resources/lib/python3.11/numpy/ma/__pycache__/timer_comparison.cpython-311.pyc (deflated 67%)
  adding: Excelerate.app/Contents/Resources/lib/python3.11/numpy/ma/__pycache__/mrecords.cpython-311.pyc (deflated 57%)
  adding: Excelerate.app/Contents/Resources/lib/python3.11/numpy/ma/__pycache__/extras.cpython-311.pyc (deflated 65%)
  adding: Excelerate.app/Contents/Resources/lib/python3.11/numpy/ma/__pycache__/testutils.cpython-311.pyc (deflated 60%)
  adding: Excelerate.app/Contents/Resources/lib/python3.11/numpy/ma/__pycache__/__init__.cpython-311.pyc (deflated 41%)
  adding: Excelerate.app/Contents/Resources/lib/python3.11/numpy/ma/setup.py (deflated 47%)
  adding: Excelerate.app/Contents/Resources/lib/python3.11/numpy/ma/README.rst (deflated 61%)
  adding: Excelerate.app/Contents/Resources/lib/python3.11/numpy/ma/extras.pyi (deflated 70%)
  adding: Excelerate.app/Contents/Resources/lib/python3.11/numpy/ma/timer_comparison.py (deflated 78%)
  adding: Excelerate.app/Contents/Resources/lib/python3.11/numpy/ma/mrecords.py (deflated 73%)
  adding: Excelerate.app/Contents/Resources/lib/python3.11/numpy/__init__.cython-30.pxd (deflated 78%)
  adding: Excelerate.app/Contents/Resources/lib/python3.11/numpy/__init__.pyi (deflated 85%)
  adding: Excelerate.app/Contents/Resources/lib/python3.11/numpy/_core/ (stored 0%)
  adding: Excelerate.app/Contents/Resources/lib/python3.11/numpy/_core/umath.py (deflated 23%)
  adding: Excelerate.app/Contents/Resources/lib/python3.11/numpy/_core/_dtype.py (deflated 24%)
  adding: Excelerate.app/Contents/Resources/lib/python3.11/numpy/_core/_internal.py (deflated 26%)
  adding: Excelerate.app/Contents/Resources/lib/python3.11/numpy/_core/__init__.pyi (stored 0%)
  adding: Excelerate.app/Contents/Resources/lib/python3.11/numpy/_core/multiarray.py (deflated 26%)
  adding: Excelerate.app/Contents/Resources/lib/python3.11/numpy/_core/__init__.py (deflated 16%)
  adding: Excelerate.app/Contents/Resources/lib/python3.11/numpy/_core/_dtype_ctypes.py (deflated 31%)
  adding: Excelerate.app/Contents/Resources/lib/python3.11/numpy/_core/__pycache__/ (stored 0%)
  adding: Excelerate.app/Contents/Resources/lib/python3.11/numpy/_core/__pycache__/umath.cpython-311.pyc (deflated 22%)
  adding: Excelerate.app/Contents/Resources/lib/python3.11/numpy/_core/__pycache__/_internal.cpython-311.pyc (deflated 23%)
  adding: Excelerate.app/Contents/Resources/lib/python3.11/numpy/_core/__pycache__/_dtype.cpython-311.pyc (deflated 22%)
  adding: Excelerate.app/Contents/Resources/lib/python3.11/numpy/_core/__pycache__/_dtype_ctypes.cpython-311.pyc (deflated 24%)
  adding: Excelerate.app/Contents/Resources/lib/python3.11/numpy/_core/__pycache__/_multiarray_umath.cpython-311.pyc (deflated 24%)
  adding: Excelerate.app/Contents/Resources/lib/python3.11/numpy/_core/__pycache__/multiarray.cpython-311.pyc (deflated 23%)
  adding: Excelerate.app/Contents/Resources/lib/python3.11/numpy/_core/__pycache__/__init__.cpython-311.pyc (deflated 21%)
  adding: Excelerate.app/Contents/Resources/lib/python3.11/numpy/_core/_multiarray_umath.py (deflated 33%)
  adding: Excelerate.app/Contents/Resources/lib/python3.11/numpy/_globals.py (deflated 55%)
  adding: Excelerate.app/Contents/Resources/lib/python3.11/numpy/_typing/ (stored 0%)
  adding: Excelerate.app/Contents/Resources/lib/python3.11/numpy/_typing/_char_codes.py (deflated 78%)
  adding: Excelerate.app/Contents/Resources/lib/python3.11/numpy/_typing/_extended_precision.py (deflated 57%)
  adding: Excelerate.app/Contents/Resources/lib/python3.11/numpy/_typing/_ufunc.pyi (deflated 86%)
  adding: Excelerate.app/Contents/Resources/lib/python3.11/numpy/_typing/_nbit.py (deflated 43%)
  adding: Excelerate.app/Contents/Resources/lib/python3.11/numpy/_typing/__init__.py (deflated 72%)
  adding: Excelerate.app/Contents/Resources/lib/python3.11/numpy/_typing/__pycache__/ (stored 0%)
  adding: Excelerate.app/Contents/Resources/lib/python3.11/numpy/_typing/__pycache__/_dtype_like.cpython-311.pyc (deflated 59%)
  adding: Excelerate.app/Contents/Resources/lib/python3.11/numpy/_typing/__pycache__/setup.cpython-311.pyc (deflated 32%)
  adding: Excelerate.app/Contents/Resources/lib/python3.11/numpy/_typing/__pycache__/_array_like.cpython-311.pyc (deflated 55%)
  adding: Excelerate.app/Contents/Resources/lib/python3.11/numpy/_typing/__pycache__/_shape.cpython-311.pyc (deflated 24%)
  adding: Excelerate.app/Contents/Resources/lib/python3.11/numpy/_typing/__pycache__/_nbit.cpython-311.pyc (deflated 29%)
  adding: Excelerate.app/Contents/Resources/lib/python3.11/numpy/_typing/__pycache__/_scalars.cpython-311.pyc (deflated 39%)
  adding: Excelerate.app/Contents/Resources/lib/python3.11/numpy/_typing/__pycache__/_nested_sequence.cpython-311.pyc (deflated 59%)
  adding: Excelerate.app/Contents/Resources/lib/python3.11/numpy/_typing/__pycache__/_char_codes.cpython-311.pyc (deflated 65%)
  adding: Excelerate.app/Contents/Resources/lib/python3.11/numpy/_typing/__pycache__/_add_docstring.cpython-311.pyc (deflated 55%)
  adding: Excelerate.app/Contents/Resources/lib/python3.11/numpy/_typing/__pycache__/__init__.cpython-311.pyc (deflated 62%)
  adding: Excelerate.app/Contents/Resources/lib/python3.11/numpy/_typing/__pycache__/_extended_precision.cpython-311.pyc (deflated 47%)
  adding: Excelerate.app/Contents/Resources/lib/python3.11/numpy/_typing/_dtype_like.py (deflated 69%)
  adding: Excelerate.app/Contents/Resources/lib/python3.11/numpy/_typing/setup.py (deflated 47%)
  adding: Excelerate.app/Contents/Resources/lib/python3.11/numpy/_typing/_array_like.py (deflated 68%)
  adding: Excelerate.app/Contents/Resources/lib/python3.11/numpy/_typing/_scalars.py (deflated 52%)
  adding: Excelerate.app/Contents/Resources/lib/python3.11/numpy/_typing/_shape.py (deflated 32%)
  adding: Excelerate.app/Contents/Resources/lib/python3.11/numpy/_typing/_add_docstring.py (deflated 67%)
  adding: Excelerate.app/Contents/Resources/lib/python3.11/numpy/_typing/_nested_sequence.py (deflated 68%)
  adding: Excelerate.app/Contents/Resources/lib/python3.11/numpy/_typing/_callable.pyi (deflated 87%)
  adding: Excelerate.app/Contents/Resources/lib/python3.11/numpy/__init__.pxd (deflated 78%)
  adding: Excelerate.app/Contents/Resources/lib/python3.11/numpy/tests/ (stored 0%)
  adding: Excelerate.app/Contents/Resources/lib/python3.11/numpy/tests/test_warnings.py (deflated 63%)
  adding: Excelerate.app/Contents/Resources/lib/python3.11/numpy/tests/test_matlib.py (deflated 74%)
  adding: Excelerate.app/Contents/Resources/lib/python3.11/numpy/tests/test_ctypeslib.py (deflated 76%)
  adding: Excelerate.app/Contents/Resources/lib/python3.11/numpy/tests/test_lazyloading.py (deflated 57%)
  adding: Excelerate.app/Contents/Resources/lib/python3.11/numpy/tests/test__all__.py (deflated 26%)
  adding: Excelerate.app/Contents/Resources/lib/python3.11/numpy/tests/test_numpy_version.py (deflated 57%)
  adding: Excelerate.app/Contents/Resources/lib/python3.11/numpy/tests/__init__.py (stored 0%)
  adding: Excelerate.app/Contents/Resources/lib/python3.11/numpy/tests/__pycache__/ (stored 0%)
  adding: Excelerate.app/Contents/Resources/lib/python3.11/numpy/tests/__pycache__/test_matlib.cpython-311.pyc (deflated 62%)
  adding: Excelerate.app/Contents/Resources/lib/python3.11/numpy/tests/__pycache__/test_scripts.cpython-311.pyc (deflated 48%)
  adding: Excelerate.app/Contents/Resources/lib/python3.11/numpy/tests/__pycache__/test_warnings.cpython-311.pyc (deflated 50%)
  adding: Excelerate.app/Contents/Resources/lib/python3.11/numpy/tests/__pycache__/test_numpy_config.cpython-311.pyc (deflated 48%)
  adding: Excelerate.app/Contents/Resources/lib/python3.11/numpy/tests/__pycache__/test_ctypeslib.cpython-311.pyc (deflated 65%)
  adding: Excelerate.app/Contents/Resources/lib/python3.11/numpy/tests/__pycache__/test_numpy_version.cpython-311.pyc (deflated 48%)
  adding: Excelerate.app/Contents/Resources/lib/python3.11/numpy/tests/__pycache__/test_reloading.cpython-311.pyc (deflated 51%)
  adding: Excelerate.app/Contents/Resources/lib/python3.11/numpy/tests/__pycache__/test_lazyloading.cpython-311.pyc (deflated 45%)
  adding: Excelerate.app/Contents/Resources/lib/python3.11/numpy/tests/__pycache__/test_public_api.cpython-311.pyc (deflated 55%)
  adding: Excelerate.app/Contents/Resources/lib/python3.11/numpy/tests/__pycache__/__init__.cpython-311.pyc (deflated 18%)
  adding: Excelerate.app/Contents/Resources/lib/python3.11/numpy/tests/__pycache__/test__all__.cpython-311.pyc (deflated 36%)
  adding: Excelerate.app/Contents/Resources/lib/python3.11/numpy/tests/test_reloading.py (deflated 61%)
  adding: Excelerate.app/Contents/Resources/lib/python3.11/numpy/tests/test_public_api.py (deflated 70%)
  adding: Excelerate.app/Contents/Resources/lib/python3.11/numpy/tests/test_scripts.py (deflated 58%)
  adding: Excelerate.app/Contents/Resources/lib/python3.11/numpy/tests/test_numpy_config.py (deflated 52%)
  adding: Excelerate.app/Contents/Resources/lib/python3.11/numpy/_pyinstaller/ (stored 0%)
  adding: Excelerate.app/Contents/Resources/lib/python3.11/numpy/_pyinstaller/test_pyinstaller.py (deflated 53%)
  adding: Excelerate.app/Contents/Resources/lib/python3.11/numpy/_pyinstaller/__init__.py (stored 0%)
  adding: Excelerate.app/Contents/Resources/lib/python3.11/numpy/_pyinstaller/__pycache__/ (stored 0%)
  adding: Excelerate.app/Contents/Resources/lib/python3.11/numpy/_pyinstaller/__pycache__/pyinstaller-smoke.cpython-311.pyc (deflated 47%)
  adding: Excelerate.app/Contents/Resources/lib/python3.11/numpy/_pyinstaller/__pycache__/hook-numpy.cpython-311.pyc (deflated 33%)
  adding: Excelerate.app/Contents/Resources/lib/python3.11/numpy/_pyinstaller/__pycache__/__init__.cpython-311.pyc (deflated 18%)
  adding: Excelerate.app/Contents/Resources/lib/python3.11/numpy/_pyinstaller/__pycache__/test_pyinstaller.cpython-311.pyc (deflated 45%)
  adding: Excelerate.app/Contents/Resources/lib/python3.11/numpy/_pyinstaller/hook-numpy.py (deflated 51%)
  adding: Excelerate.app/Contents/Resources/lib/python3.11/numpy/_pyinstaller/pyinstaller-smoke.py (deflated 45%)
  adding: Excelerate.app/Contents/Resources/lib/python3.11/numpy/exceptions.pyi (deflated 56%)
  adding: Excelerate.app/Contents/Resources/lib/python3.11/numpy/__init__.py (deflated 62%)
  adding: Excelerate.app/Contents/Resources/lib/python3.11/numpy/array_api/ (stored 0%)
  adding: Excelerate.app/Contents/Resources/lib/python3.11/numpy/array_api/_constants.py (deflated 28%)
  adding: Excelerate.app/Contents/Resources/lib/python3.11/numpy/array_api/_elementwise_functions.py (deflated 92%)
  adding: Excelerate.app/Contents/Resources/lib/python3.11/numpy/array_api/_sorting_functions.py (deflated 67%)
  adding: Excelerate.app/Contents/Resources/lib/python3.11/numpy/array_api/_manipulation_functions.py (deflated 72%)
  adding: Excelerate.app/Contents/Resources/lib/python3.11/numpy/array_api/_searching_functions.py (deflated 69%)
  adding: Excelerate.app/Contents/Resources/lib/python3.11/numpy/array_api/_typing.py (deflated 57%)
  adding: Excelerate.app/Contents/Resources/lib/python3.11/numpy/array_api/_indexing_functions.py (deflated 48%)
  adding: Excelerate.app/Contents/Resources/lib/python3.11/numpy/array_api/_utility_functions.py (deflated 63%)
  adding: Excelerate.app/Contents/Resources/lib/python3.11/numpy/array_api/_array_object.py (deflated 83%)
  adding: Excelerate.app/Contents/Resources/lib/python3.11/numpy/array_api/tests/ (stored 0%)
  adding: Excelerate.app/Contents/Resources/lib/python3.11/numpy/array_api/tests/test_indexing_functions.py (deflated 51%)
  adding: Excelerate.app/Contents/Resources/lib/python3.11/numpy/array_api/tests/test_set_functions.py (deflated 46%)
  adding: Excelerate.app/Contents/Resources/lib/python3.11/numpy/array_api/tests/test_array_object.py (deflated 79%)
  adding: Excelerate.app/Contents/Resources/lib/python3.11/numpy/array_api/tests/test_validation.py (deflated 47%)
  adding: Excelerate.app/Contents/Resources/lib/python3.11/numpy/array_api/tests/test_data_type_functions.py (deflated 61%)
  adding: Excelerate.app/Contents/Resources/lib/python3.11/numpy/array_api/tests/test_elementwise_functions.py (deflated 76%)
  adding: Excelerate.app/Contents/Resources/lib/python3.11/numpy/array_api/tests/__init__.py (deflated 38%)
  adding: Excelerate.app/Contents/Resources/lib/python3.11/numpy/array_api/tests/__pycache__/ (stored 0%)
  adding: Excelerate.app/Contents/Resources/lib/python3.11/numpy/array_api/tests/__pycache__/test_set_functions.cpython-311.pyc (deflated 40%)
  adding: Excelerate.app/Contents/Resources/lib/python3.11/numpy/array_api/tests/__pycache__/test_elementwise_functions.cpython-311.pyc (deflated 50%)
  adding: Excelerate.app/Contents/Resources/lib/python3.11/numpy/array_api/tests/__pycache__/test_array_object.cpython-311.pyc (deflated 70%)
  adding: Excelerate.app/Contents/Resources/lib/python3.11/numpy/array_api/tests/__pycache__/test_indexing_functions.cpython-311.pyc (deflated 38%)
  adding: Excelerate.app/Contents/Resources/lib/python3.11/numpy/array_api/tests/__pycache__/test_sorting_functions.cpython-311.pyc (deflated 37%)
  adding: Excelerate.app/Contents/Resources/lib/python3.11/numpy/array_api/tests/__pycache__/test_validation.cpython-311.pyc (deflated 43%)
  adding: Excelerate.app/Contents/Resources/lib/python3.11/numpy/array_api/tests/__pycache__/test_data_type_functions.cpython-311.pyc (deflated 55%)
  adding: Excelerate.app/Contents/Resources/lib/python3.11/numpy/array_api/tests/__pycache__/test_manipulation_functions.cpython-311.pyc (deflated 58%)
  adding: Excelerate.app/Contents/Resources/lib/python3.11/numpy/array_api/tests/__pycache__/test_creation_functions.cpython-311.pyc (deflated 77%)
  adding: Excelerate.app/Contents/Resources/lib/python3.11/numpy/array_api/tests/__pycache__/__init__.cpython-311.pyc (deflated 33%)
  adding: Excelerate.app/Contents/Resources/lib/python3.11/numpy/array_api/tests/test_manipulation_functions.py (deflated 68%)
  adding: Excelerate.app/Contents/Resources/lib/python3.11/numpy/array_api/tests/test_sorting_functions.py (deflated 50%)
  adding: Excelerate.app/Contents/Resources/lib/python3.11/numpy/array_api/tests/test_creation_functions.py (deflated 84%)
  adding: Excelerate.app/Contents/Resources/lib/python3.11/numpy/array_api/__init__.py (deflated 65%)
  adding: Excelerate.app/Contents/Resources/lib/python3.11/numpy/array_api/__pycache__/ (stored 0%)
  adding: Excelerate.app/Contents/Resources/lib/python3.11/numpy/array_api/__pycache__/_set_functions.cpython-311.pyc (deflated 56%)
  adding: Excelerate.app/Contents/Resources/lib/python3.11/numpy/array_api/__pycache__/_typing.cpython-311.pyc (deflated 48%)
  adding: Excelerate.app/Contents/Resources/lib/python3.11/numpy/array_api/__pycache__/_data_type_functions.cpython-311.pyc (deflated 56%)
  adding: Excelerate.app/Contents/Resources/lib/python3.11/numpy/array_api/__pycache__/_utility_functions.cpython-311.pyc (deflated 51%)
  adding: Excelerate.app/Contents/Resources/lib/python3.11/numpy/array_api/__pycache__/linalg.cpython-311.pyc (deflated 65%)
  adding: Excelerate.app/Contents/Resources/lib/python3.11/numpy/array_api/__pycache__/_creation_functions.cpython-311.pyc (deflated 68%)
  adding: Excelerate.app/Contents/Resources/lib/python3.11/numpy/array_api/__pycache__/setup.cpython-311.pyc (deflated 32%)
  adding: Excelerate.app/Contents/Resources/lib/python3.11/numpy/array_api/__pycache__/_manipulation_functions.cpython-311.pyc (deflated 63%)
  adding: Excelerate.app/Contents/Resources/lib/python3.11/numpy/array_api/__pycache__/_constants.cpython-311.pyc (deflated 25%)
  adding: Excelerate.app/Contents/Resources/lib/python3.11/numpy/array_api/__pycache__/_elementwise_functions.cpython-311.pyc (deflated 86%)
  adding: Excelerate.app/Contents/Resources/lib/python3.11/numpy/array_api/__pycache__/_dtypes.cpython-311.pyc (deflated 57%)
  adding: Excelerate.app/Contents/Resources/lib/python3.11/numpy/array_api/__pycache__/_sorting_functions.cpython-311.pyc (deflated 48%)
  adding: Excelerate.app/Contents/Resources/lib/python3.11/numpy/array_api/__pycache__/_searching_functions.cpython-311.pyc (deflated 55%)
  adding: Excelerate.app/Contents/Resources/lib/python3.11/numpy/array_api/__pycache__/_indexing_functions.cpython-311.pyc (deflated 38%)
  adding: Excelerate.app/Contents/Resources/lib/python3.11/numpy/array_api/__pycache__/_statistical_functions.cpython-311.pyc (deflated 66%)
  adding: Excelerate.app/Contents/Resources/lib/python3.11/numpy/array_api/__pycache__/_array_object.cpython-311.pyc (deflated 73%)
  adding: Excelerate.app/Contents/Resources/lib/python3.11/numpy/array_api/__pycache__/__init__.cpython-311.pyc (deflated 58%)
  adding: Excelerate.app/Contents/Resources/lib/python3.11/numpy/array_api/_data_type_functions.py (deflated 69%)
  adding: Excelerate.app/Contents/Resources/lib/python3.11/numpy/array_api/setup.py (deflated 48%)
  adding: Excelerate.app/Contents/Resources/lib/python3.11/numpy/array_api/_dtypes.py (deflated 76%)
  adding: Excelerate.app/Contents/Resources/lib/python3.11/numpy/array_api/linalg.py (deflated 78%)
  adding: Excelerate.app/Contents/Resources/lib/python3.11/numpy/array_api/_statistical_functions.py (deflated 81%)
  adding: Excelerate.app/Contents/Resources/lib/python3.11/numpy/array_api/_set_functions.py (deflated 73%)
  adding: Excelerate.app/Contents/Resources/lib/python3.11/numpy/array_api/_creation_functions.py (deflated 82%)
  adding: Excelerate.app/Contents/Resources/lib/python3.11/numpy/dtypes.py (deflated 59%)
  adding: Excelerate.app/Contents/Resources/lib/python3.11/numpy/_distributor_init.py (deflated 38%)
  adding: Excelerate.app/Contents/Resources/lib/python3.11/numpy/__pycache__/ (stored 0%)
  adding: Excelerate.app/Contents/Resources/lib/python3.11/numpy/__pycache__/__config__.cpython-311.pyc (deflated 45%)
  adding: Excelerate.app/Contents/Resources/lib/python3.11/numpy/__pycache__/_distributor_init.cpython-311.pyc (deflated 30%)
  adding: Excelerate.app/Contents/Resources/lib/python3.11/numpy/__pycache__/_pytesttester.cpython-311.pyc (deflated 50%)
  adding: Excelerate.app/Contents/Resources/lib/python3.11/numpy/__pycache__/_globals.cpython-311.pyc (deflated 47%)
  adding: Excelerate.app/Contents/Resources/lib/python3.11/numpy/__pycache__/matlib.cpython-311.pyc (deflated 64%)
  adding: Excelerate.app/Contents/Resources/lib/python3.11/numpy/__pycache__/conftest.cpython-311.pyc (deflated 51%)
  adding: Excelerate.app/Contents/Resources/lib/python3.11/numpy/__pycache__/dtypes.cpython-311.pyc (deflated 52%)
  adding: Excelerate.app/Contents/Resources/lib/python3.11/numpy/__pycache__/exceptions.cpython-311.pyc (deflated 59%)
  adding: Excelerate.app/Contents/Resources/lib/python3.11/numpy/__pycache__/ctypeslib.cpython-311.pyc (deflated 54%)
  adding: Excelerate.app/Contents/Resources/lib/python3.11/numpy/__pycache__/version.cpython-311.pyc (deflated 20%)
  adding: Excelerate.app/Contents/Resources/lib/python3.11/numpy/__pycache__/__init__.cpython-311.pyc (deflated 49%)
  adding: Excelerate.app/Contents/Resources/lib/python3.11/numpy/__config__.py (deflated 66%)
  adding: Excelerate.app/Contents/Resources/lib/python3.11/numpy/.dylibs/ (stored 0%)
  adding: Excelerate.app/Contents/Resources/lib/python3.11/numpy/.dylibs/libgfortran.5.dylib (deflated 68%)
  adding: Excelerate.app/Contents/Resources/lib/python3.11/numpy/.dylibs/libquadmath.0.dylib (deflated 55%)
  adding: Excelerate.app/Contents/Resources/lib/python3.11/numpy/.dylibs/libgcc_s.1.1.dylib (deflated 80%)
  adding: Excelerate.app/Contents/Resources/lib/python3.11/numpy/.dylibs/libopenblas64_.0.dylib (deflated 68%)
  adding: Excelerate.app/Contents/Resources/lib/python3.11/numpy/typing/ (stored 0%)
  adding: Excelerate.app/Contents/Resources/lib/python3.11/numpy/typing/tests/ (stored 0%)
  adding: Excelerate.app/Contents/Resources/lib/python3.11/numpy/typing/tests/test_isfile.py (deflated 61%)
  adding: Excelerate.app/Contents/Resources/lib/python3.11/numpy/typing/tests/test_typing.py (deflated 67%)
  adding: Excelerate.app/Contents/Resources/lib/python3.11/numpy/typing/tests/test_runtime.py (deflated 70%)
  adding: Excelerate.app/Contents/Resources/lib/python3.11/numpy/typing/tests/__init__.py (stored 0%)
  adding: Excelerate.app/Contents/Resources/lib/python3.11/numpy/typing/tests/__pycache__/ (stored 0%)
  adding: Excelerate.app/Contents/Resources/lib/python3.11/numpy/typing/tests/__pycache__/test_typing.cpython-311.pyc (deflated 53%)
  adding: Excelerate.app/Contents/Resources/lib/python3.11/numpy/typing/tests/__pycache__/test_isfile.cpython-311.pyc (deflated 42%)
  adding: Excelerate.app/Contents/Resources/lib/python3.11/numpy/typing/tests/__pycache__/test_runtime.cpython-311.pyc (deflated 58%)
  adding: Excelerate.app/Contents/Resources/lib/python3.11/numpy/typing/tests/__pycache__/__init__.cpython-311.pyc (deflated 18%)
  adding: Excelerate.app/Contents/Resources/lib/python3.11/numpy/typing/tests/data/ (stored 0%)
  adding: Excelerate.app/Contents/Resources/lib/python3.11/numpy/typing/tests/data/misc/ (stored 0%)
  adding: Excelerate.app/Contents/Resources/lib/python3.11/numpy/typing/tests/data/misc/extended_precision.pyi (deflated 70%)
  adding: Excelerate.app/Contents/Resources/lib/python3.11/numpy/typing/tests/data/fail/ (stored 0%)
  adding: Excelerate.app/Contents/Resources/lib/python3.11/numpy/typing/tests/data/fail/ndarray_misc.pyi (deflated 64%)
  adding: Excelerate.app/Contents/Resources/lib/python3.11/numpy/typing/tests/data/fail/type_check.pyi (deflated 54%)
  adding: Excelerate.app/Contents/Resources/lib/python3.11/numpy/typing/tests/data/fail/modules.pyi (deflated 61%)
  adding: Excelerate.app/Contents/Resources/lib/python3.11/numpy/typing/tests/data/fail/warnings_and_errors.pyi (deflated 45%)
  adding: Excelerate.app/Contents/Resources/lib/python3.11/numpy/typing/tests/data/fail/lib_utils.pyi (deflated 55%)
  adding: Excelerate.app/Contents/Resources/lib/python3.11/numpy/typing/tests/data/fail/lib_function_base.pyi (deflated 74%)
  adding: Excelerate.app/Contents/Resources/lib/python3.11/numpy/typing/tests/data/fail/random.pyi (deflated 81%)
  adding: Excelerate.app/Contents/Resources/lib/python3.11/numpy/typing/tests/data/fail/ufunclike.pyi (deflated 72%)
  adding: Excelerate.app/Contents/Resources/lib/python3.11/numpy/typing/tests/data/fail/bitwise_ops.pyi (deflated 48%)
  adding: Excelerate.app/Contents/Resources/lib/python3.11/numpy/typing/tests/data/fail/constants.pyi (deflated 47%)
  adding: Excelerate.app/Contents/Resources/lib/python3.11/numpy/typing/tests/data/fail/index_tricks.pyi (deflated 58%)
  adding: Excelerate.app/Contents/Resources/lib/python3.11/numpy/typing/tests/data/fail/scalars.pyi (deflated 69%)
  adding: Excelerate.app/Contents/Resources/lib/python3.11/numpy/typing/tests/data/fail/twodim_base.pyi (deflated 64%)
  adding: Excelerate.app/Contents/Resources/lib/python3.11/numpy/typing/tests/data/fail/flatiter.pyi (deflated 53%)
  adding: Excelerate.app/Contents/Resources/lib/python3.11/numpy/typing/tests/data/fail/array_like.pyi (deflated 52%)
  adding: Excelerate.app/Contents/Resources/lib/python3.11/numpy/typing/tests/data/fail/lib_version.pyi (deflated 32%)
  adding: Excelerate.app/Contents/Resources/lib/python3.11/numpy/typing/tests/data/fail/rec.pyi (deflated 65%)
  adding: Excelerate.app/Contents/Resources/lib/python3.11/numpy/typing/tests/data/fail/npyio.pyi (deflated 62%)
  adding: Excelerate.app/Contents/Resources/lib/python3.11/numpy/typing/tests/data/fail/multiarray.pyi (deflated 69%)
  adding: Excelerate.app/Contents/Resources/lib/python3.11/numpy/typing/tests/data/fail/ufuncs.pyi (deflated 78%)
  adding: Excelerate.app/Contents/Resources/lib/python3.11/numpy/typing/tests/data/fail/linalg.pyi (deflated 77%)
  adding: Excelerate.app/Contents/Resources/lib/python3.11/numpy/typing/tests/data/fail/datasource.pyi (deflated 59%)
  adding: Excelerate.app/Contents/Resources/lib/python3.11/numpy/typing/tests/data/fail/char.pyi (deflated 85%)
  adding: Excelerate.app/Contents/Resources/lib/python3.11/numpy/typing/tests/data/fail/array_pad.pyi (deflated 14%)
  adding: Excelerate.app/Contents/Resources/lib/python3.11/numpy/typing/tests/data/fail/array_constructors.pyi (deflated 71%)
  adding: Excelerate.app/Contents/Resources/lib/python3.11/numpy/typing/tests/data/fail/arrayterator.pyi (deflated 57%)
  adding: Excelerate.app/Contents/Resources/lib/python3.11/numpy/typing/tests/data/fail/histograms.pyi (deflated 57%)
  adding: Excelerate.app/Contents/Resources/lib/python3.11/numpy/typing/tests/data/fail/fromnumeric.pyi (deflated 84%)
  adding: Excelerate.app/Contents/Resources/lib/python3.11/numpy/typing/tests/data/fail/dtype.pyi (deflated 49%)
  adding: Excelerate.app/Contents/Resources/lib/python3.11/numpy/typing/tests/data/fail/lib_polynomial.pyi (deflated 71%)
  adding: Excelerate.app/Contents/Resources/lib/python3.11/numpy/typing/tests/data/fail/nditer.pyi (deflated 53%)
  adding: Excelerate.app/Contents/Resources/lib/python3.11/numpy/typing/tests/data/fail/ufunc_config.pyi (deflated 69%)
  adding: Excelerate.app/Contents/Resources/lib/python3.11/numpy/typing/tests/data/fail/testing.pyi (deflated 71%)
  adding: Excelerate.app/Contents/Resources/lib/python3.11/numpy/typing/tests/data/fail/nested_sequence.pyi (deflated 57%)
  adding: Excelerate.app/Contents/Resources/lib/python3.11/numpy/typing/tests/data/fail/numerictypes.pyi (deflated 37%)
  adding: Excelerate.app/Contents/Resources/lib/python3.11/numpy/typing/tests/data/fail/einsumfunc.pyi (deflated 57%)
  adding: Excelerate.app/Contents/Resources/lib/python3.11/numpy/typing/tests/data/fail/chararray.pyi (deflated 83%)
  adding: Excelerate.app/Contents/Resources/lib/python3.11/numpy/typing/tests/data/fail/stride_tricks.pyi (deflated 48%)
  adding: Excelerate.app/Contents/Resources/lib/python3.11/numpy/typing/tests/data/fail/false_positives.pyi (deflated 29%)
  adding: Excelerate.app/Contents/Resources/lib/python3.11/numpy/typing/tests/data/fail/comparisons.pyi (deflated 74%)
  adding: Excelerate.app/Contents/Resources/lib/python3.11/numpy/typing/tests/data/fail/ndarray.pyi (deflated 35%)
  adding: Excelerate.app/Contents/Resources/lib/python3.11/numpy/typing/tests/data/fail/shape_base.pyi (deflated 21%)
  adding: Excelerate.app/Contents/Resources/lib/python3.11/numpy/typing/tests/data/fail/memmap.pyi (deflated 28%)
  adding: Excelerate.app/Contents/Resources/lib/python3.11/numpy/typing/tests/data/fail/arithmetic.pyi (deflated 82%)
  adding: Excelerate.app/Contents/Resources/lib/python3.11/numpy/typing/tests/data/fail/arrayprint.pyi (deflated 55%)
  adding: Excelerate.app/Contents/Resources/lib/python3.11/numpy/typing/tests/data/pass/ (stored 0%)
  adding: Excelerate.app/Contents/Resources/lib/python3.11/numpy/typing/tests/data/pass/fromnumeric.py (deflated 75%)
  adding: Excelerate.app/Contents/Resources/lib/python3.11/numpy/typing/tests/data/pass/arithmetic.py (deflated 76%)
  adding: Excelerate.app/Contents/Resources/lib/python3.11/numpy/typing/tests/data/pass/ndarray_conversion.py (deflated 66%)
  adding: Excelerate.app/Contents/Resources/lib/python3.11/numpy/typing/tests/data/pass/literal.py (deflated 65%)
  adding: Excelerate.app/Contents/Resources/lib/python3.11/numpy/typing/tests/data/pass/comparisons.py (deflated 70%)
  adding: Excelerate.app/Contents/Resources/lib/python3.11/numpy/typing/tests/data/pass/multiarray.py (deflated 62%)
  adding: Excelerate.app/Contents/Resources/lib/python3.11/numpy/typing/tests/data/pass/array_constructors.py (deflated 68%)
  adding: Excelerate.app/Contents/Resources/lib/python3.11/numpy/typing/tests/data/pass/dtype.py (deflated 64%)
  adding: Excelerate.app/Contents/Resources/lib/python3.11/numpy/typing/tests/data/pass/ndarray_misc.py (deflated 67%)
  adding: Excelerate.app/Contents/Resources/lib/python3.11/numpy/typing/tests/data/pass/ndarray_shape_manipulation.py (deflated 63%)
  adding: Excelerate.app/Contents/Resources/lib/python3.11/numpy/typing/tests/data/pass/ufuncs.py (deflated 40%)
  adding: Excelerate.app/Contents/Resources/lib/python3.11/numpy/typing/tests/data/pass/ufunc_config.py (deflated 67%)
  adding: Excelerate.app/Contents/Resources/lib/python3.11/numpy/typing/tests/data/pass/simple_py3.py (deflated 13%)
  adding: Excelerate.app/Contents/Resources/lib/python3.11/numpy/typing/tests/data/pass/__pycache__/ (stored 0%)
  adding: Excelerate.app/Contents/Resources/lib/python3.11/numpy/typing/tests/data/pass/__pycache__/index_tricks.cpython-311.pyc (deflated 61%)
  adding: Excelerate.app/Contents/Resources/lib/python3.11/numpy/typing/tests/data/pass/__pycache__/simple.cpython-311.pyc (deflated 60%)
  adding: Excelerate.app/Contents/Resources/lib/python3.11/numpy/typing/tests/data/pass/__pycache__/einsumfunc.cpython-311.pyc (deflated 56%)
  adding: Excelerate.app/Contents/Resources/lib/python3.11/numpy/typing/tests/data/pass/__pycache__/comparisons.cpython-311.pyc (deflated 73%)
  adding: Excelerate.app/Contents/Resources/lib/python3.11/numpy/typing/tests/data/pass/__pycache__/mod.cpython-311.pyc (deflated 75%)
  adding: Excelerate.app/Contents/Resources/lib/python3.11/numpy/typing/tests/data/pass/__pycache__/simple_py3.cpython-311.pyc (deflated 18%)
  adding: Excelerate.app/Contents/Resources/lib/python3.11/numpy/typing/tests/data/pass/__pycache__/array_like.cpython-311.pyc (deflated 48%)
  adding: Excelerate.app/Contents/Resources/lib/python3.11/numpy/typing/tests/data/pass/__pycache__/numerictypes.cpython-311.pyc (deflated 58%)
  adding: Excelerate.app/Contents/Resources/lib/python3.11/numpy/typing/tests/data/pass/__pycache__/lib_version.cpython-311.pyc (deflated 41%)
  adding: Excelerate.app/Contents/Resources/lib/python3.11/numpy/typing/tests/data/pass/__pycache__/bitwise_ops.cpython-311.pyc (deflated 70%)
  adding: Excelerate.app/Contents/Resources/lib/python3.11/numpy/typing/tests/data/pass/__pycache__/ndarray_shape_manipulation.cpython-311.pyc (deflated 62%)
  adding: Excelerate.app/Contents/Resources/lib/python3.11/numpy/typing/tests/data/pass/__pycache__/arrayterator.cpython-311.pyc (deflated 41%)
  adding: Excelerate.app/Contents/Resources/lib/python3.11/numpy/typing/tests/data/pass/__pycache__/ndarray_conversion.cpython-311.pyc (deflated 64%)
  adding: Excelerate.app/Contents/Resources/lib/python3.11/numpy/typing/tests/data/pass/__pycache__/ufunc_config.cpython-311.pyc (deflated 62%)
  adding: Excelerate.app/Contents/Resources/lib/python3.11/numpy/typing/tests/data/pass/__pycache__/random.cpython-311.pyc (deflated 84%)
  adding: Excelerate.app/Contents/Resources/lib/python3.11/numpy/typing/tests/data/pass/__pycache__/warnings_and_errors.cpython-311.pyc (deflated 34%)
  adding: Excelerate.app/Contents/Resources/lib/python3.11/numpy/typing/tests/data/pass/__pycache__/ndarray_misc.cpython-311.pyc (deflated 74%)
  adding: Excelerate.app/Contents/Resources/lib/python3.11/numpy/typing/tests/data/pass/__pycache__/arithmetic.cpython-311.pyc (deflated 74%)
  adding: Excelerate.app/Contents/Resources/lib/python3.11/numpy/typing/tests/data/pass/__pycache__/dtype.cpython-311.pyc (deflated 49%)
  adding: Excelerate.app/Contents/Resources/lib/python3.11/numpy/typing/tests/data/pass/__pycache__/fromnumeric.cpython-311.pyc (deflated 83%)
  adding: Excelerate.app/Contents/Resources/lib/python3.11/numpy/typing/tests/data/pass/__pycache__/flatiter.cpython-311.pyc (deflated 43%)
  adding: Excelerate.app/Contents/Resources/lib/python3.11/numpy/typing/tests/data/pass/__pycache__/literal.cpython-311.pyc (deflated 51%)
  adding: Excelerate.app/Contents/Resources/lib/python3.11/numpy/typing/tests/data/pass/__pycache__/arrayprint.cpython-311.pyc (deflated 41%)
  adding: Excelerate.app/Contents/Resources/lib/python3.11/numpy/typing/tests/data/pass/__pycache__/ufunclike.cpython-311.pyc (deflated 56%)
  adding: Excelerate.app/Contents/Resources/lib/python3.11/numpy/typing/tests/data/pass/__pycache__/multiarray.cpython-311.pyc (deflated 56%)
  adding: Excelerate.app/Contents/Resources/lib/python3.11/numpy/typing/tests/data/pass/__pycache__/numeric.cpython-311.pyc (deflated 64%)
  adding: Excelerate.app/Contents/Resources/lib/python3.11/numpy/typing/tests/data/pass/__pycache__/ufuncs.cpython-311.pyc (deflated 45%)
  adding: Excelerate.app/Contents/Resources/lib/python3.11/numpy/typing/tests/data/pass/__pycache__/scalars.cpython-311.pyc (deflated 74%)
  adding: Excelerate.app/Contents/Resources/lib/python3.11/numpy/typing/tests/data/pass/__pycache__/lib_utils.cpython-311.pyc (deflated 41%)
  adding: Excelerate.app/Contents/Resources/lib/python3.11/numpy/typing/tests/data/pass/__pycache__/array_constructors.cpython-311.pyc (deflated 68%)
  adding: Excelerate.app/Contents/Resources/lib/python3.11/numpy/typing/tests/data/pass/__pycache__/modules.cpython-311.pyc (deflated 59%)
  adding: Excelerate.app/Contents/Resources/lib/python3.11/numpy/typing/tests/data/pass/random.py (deflated 89%)
  adding: Excelerate.app/Contents/Resources/lib/python3.11/numpy/typing/tests/data/pass/index_tricks.py (deflated 67%)
  adding: Excelerate.app/Contents/Resources/lib/python3.11/numpy/typing/tests/data/pass/warnings_and_errors.py (deflated 45%)
  adding: Excelerate.app/Contents/Resources/lib/python3.11/numpy/typing/tests/data/pass/arrayterator.py (deflated 47%)
  adding: Excelerate.app/Contents/Resources/lib/python3.11/numpy/typing/tests/data/pass/numeric.py (deflated 62%)
  adding: Excelerate.app/Contents/Resources/lib/python3.11/numpy/typing/tests/data/pass/lib_utils.py (deflated 43%)
  adding: Excelerate.app/Contents/Resources/lib/python3.11/numpy/typing/tests/data/pass/modules.py (deflated 61%)
  adding: Excelerate.app/Contents/Resources/lib/python3.11/numpy/typing/tests/data/pass/einsumfunc.py (deflated 73%)
  adding: Excelerate.app/Contents/Resources/lib/python3.11/numpy/typing/tests/data/pass/lib_version.py (deflated 57%)
  adding: Excelerate.app/Contents/Resources/lib/python3.11/numpy/typing/tests/data/pass/scalars.py (deflated 69%)
  adding: Excelerate.app/Contents/Resources/lib/python3.11/numpy/typing/tests/data/pass/array_like.py (deflated 56%)
  adding: Excelerate.app/Contents/Resources/lib/python3.11/numpy/typing/tests/data/pass/simple.py (deflated 64%)
  adding: Excelerate.app/Contents/Resources/lib/python3.11/numpy/typing/tests/data/pass/flatiter.py (deflated 25%)
  adding: Excelerate.app/Contents/Resources/lib/python3.11/numpy/typing/tests/data/pass/numerictypes.py (deflated 63%)
  adding: Excelerate.app/Contents/Resources/lib/python3.11/numpy/typing/tests/data/pass/mod.py (deflated 70%)
  adding: Excelerate.app/Contents/Resources/lib/python3.11/numpy/typing/tests/data/pass/arrayprint.py (deflated 55%)
  adding: Excelerate.app/Contents/Resources/lib/python3.11/numpy/typing/tests/data/pass/ufunclike.py (deflated 64%)
  adding: Excelerate.app/Contents/Resources/lib/python3.11/numpy/typing/tests/data/pass/bitwise_ops.py (deflated 64%)
  adding: Excelerate.app/Contents/Resources/lib/python3.11/numpy/typing/tests/data/reveal/ (stored 0%)
  adding: Excelerate.app/Contents/Resources/lib/python3.11/numpy/typing/tests/data/reveal/emath.pyi (deflated 85%)
  adding: Excelerate.app/Contents/Resources/lib/python3.11/numpy/typing/tests/data/reveal/ndarray_misc.pyi (deflated 82%)
  adding: Excelerate.app/Contents/Resources/lib/python3.11/numpy/typing/tests/data/reveal/type_check.pyi (deflated 75%)
  adding: Excelerate.app/Contents/Resources/lib/python3.11/numpy/typing/tests/data/reveal/ctypeslib.pyi (deflated 84%)
  adding: Excelerate.app/Contents/Resources/lib/python3.11/numpy/typing/tests/data/reveal/numeric.pyi (deflated 84%)
  adding: Excelerate.app/Contents/Resources/lib/python3.11/numpy/typing/tests/data/reveal/modules.pyi (deflated 80%)
  adding: Excelerate.app/Contents/Resources/lib/python3.11/numpy/typing/tests/data/reveal/warnings_and_errors.pyi (deflated 62%)
  adding: Excelerate.app/Contents/Resources/lib/python3.11/numpy/typing/tests/data/reveal/ndarray_shape_manipulation.pyi (deflated 75%)
  adding: Excelerate.app/Contents/Resources/lib/python3.11/numpy/typing/tests/data/reveal/lib_utils.pyi (deflated 60%)
  adding: Excelerate.app/Contents/Resources/lib/python3.11/numpy/typing/tests/data/reveal/lib_function_base.pyi (deflated 80%)
  adding: Excelerate.app/Contents/Resources/lib/python3.11/numpy/typing/tests/data/reveal/getlimits.pyi (deflated 75%)
  adding: Excelerate.app/Contents/Resources/lib/python3.11/numpy/typing/tests/data/reveal/fft.pyi (deflated 81%)
  adding: Excelerate.app/Contents/Resources/lib/python3.11/numpy/typing/tests/data/reveal/random.pyi (deflated 92%)
  adding: Excelerate.app/Contents/Resources/lib/python3.11/numpy/typing/tests/data/reveal/ufunclike.pyi (deflated 78%)
  adding: Excelerate.app/Contents/Resources/lib/python3.11/numpy/typing/tests/data/reveal/mod.pyi (deflated 85%)
  adding: Excelerate.app/Contents/Resources/lib/python3.11/numpy/typing/tests/data/reveal/bitwise_ops.pyi (deflated 84%)
  adding: Excelerate.app/Contents/Resources/lib/python3.11/numpy/typing/tests/data/reveal/constants.pyi (deflated 70%)
  adding: Excelerate.app/Contents/Resources/lib/python3.11/numpy/typing/tests/data/reveal/index_tricks.pyi (deflated 78%)
  adding: Excelerate.app/Contents/Resources/lib/python3.11/numpy/typing/tests/data/reveal/scalars.pyi (deflated 78%)
  adding: Excelerate.app/Contents/Resources/lib/python3.11/numpy/typing/tests/data/reveal/twodim_base.pyi (deflated 80%)
  adding: Excelerate.app/Contents/Resources/lib/python3.11/numpy/typing/tests/data/reveal/flatiter.pyi (deflated 67%)
  adding: Excelerate.app/Contents/Resources/lib/python3.11/numpy/typing/tests/data/reveal/lib_version.pyi (deflated 68%)
  adding: Excelerate.app/Contents/Resources/lib/python3.11/numpy/typing/tests/data/reveal/rec.pyi (deflated 81%)
  adding: Excelerate.app/Contents/Resources/lib/python3.11/numpy/typing/tests/data/reveal/npyio.pyi (deflated 77%)
  adding: Excelerate.app/Contents/Resources/lib/python3.11/numpy/typing/tests/data/reveal/multiarray.pyi (deflated 74%)
  adding: Excelerate.app/Contents/Resources/lib/python3.11/numpy/typing/tests/data/reveal/ufuncs.pyi (deflated 79%)
  adding: Excelerate.app/Contents/Resources/lib/python3.11/numpy/typing/tests/data/reveal/linalg.pyi (deflated 85%)
  adding: Excelerate.app/Contents/Resources/lib/python3.11/numpy/typing/tests/data/reveal/datasource.pyi (deflated 61%)
  adding: Excelerate.app/Contents/Resources/lib/python3.11/numpy/typing/tests/data/reveal/char.pyi (deflated 87%)
  adding: Excelerate.app/Contents/Resources/lib/python3.11/numpy/typing/tests/data/reveal/array_constructors.pyi (deflated 85%)
  adding: Excelerate.app/Contents/Resources/lib/python3.11/numpy/typing/tests/data/reveal/ndarray_conversion.pyi (deflated 76%)
  adding: Excelerate.app/Contents/Resources/lib/python3.11/numpy/typing/tests/data/reveal/arrayterator.pyi (deflated 70%)
  adding: Excelerate.app/Contents/Resources/lib/python3.11/numpy/typing/tests/data/reveal/histograms.pyi (deflated 76%)
  adding: Excelerate.app/Contents/Resources/lib/python3.11/numpy/typing/tests/data/reveal/fromnumeric.pyi (deflated 87%)
  adding: Excelerate.app/Contents/Resources/lib/python3.11/numpy/typing/tests/data/reveal/dtype.pyi (deflated 78%)
  adding: Excelerate.app/Contents/Resources/lib/python3.11/numpy/typing/tests/data/reveal/lib_polynomial.pyi (deflated 85%)
  adding: Excelerate.app/Contents/Resources/lib/python3.11/numpy/typing/tests/data/reveal/arraypad.pyi (deflated 57%)
  adding: Excelerate.app/Contents/Resources/lib/python3.11/numpy/typing/tests/data/reveal/nditer.pyi (deflated 75%)
  adding: Excelerate.app/Contents/Resources/lib/python3.11/numpy/typing/tests/data/reveal/ufunc_config.pyi (deflated 65%)
  adding: Excelerate.app/Contents/Resources/lib/python3.11/numpy/typing/tests/data/reveal/testing.pyi (deflated 80%)
  adding: Excelerate.app/Contents/Resources/lib/python3.11/numpy/typing/tests/data/reveal/nested_sequence.pyi (deflated 65%)
  adding: Excelerate.app/Contents/Resources/lib/python3.11/numpy/typing/tests/data/reveal/numerictypes.pyi (deflated 74%)
  adding: Excelerate.app/Contents/Resources/lib/python3.11/numpy/typing/tests/data/reveal/nbit_base_example.pyi (deflated 56%)
  adding: Excelerate.app/Contents/Resources/lib/python3.11/numpy/typing/tests/data/reveal/einsumfunc.pyi (deflated 80%)
  adding: Excelerate.app/Contents/Resources/lib/python3.11/numpy/typing/tests/data/reveal/chararray.pyi (deflated 87%)
  adding: Excelerate.app/Contents/Resources/lib/python3.11/numpy/typing/tests/data/reveal/stride_tricks.pyi (deflated 72%)
  adding: Excelerate.app/Contents/Resources/lib/python3.11/numpy/typing/tests/data/reveal/matrix.pyi (deflated 83%)
  adding: Excelerate.app/Contents/Resources/lib/python3.11/numpy/typing/tests/data/reveal/false_positives.pyi (deflated 41%)
  adding: Excelerate.app/Contents/Resources/lib/python3.11/numpy/typing/tests/data/reveal/comparisons.pyi (deflated 87%)
  adding: Excelerate.app/Contents/Resources/lib/python3.11/numpy/typing/tests/data/reveal/shape_base.pyi (deflated 78%)
  adding: Excelerate.app/Contents/Resources/lib/python3.11/numpy/typing/tests/data/reveal/arraysetops.pyi (deflated 86%)
  adding: Excelerate.app/Contents/Resources/lib/python3.11/numpy/typing/tests/data/reveal/memmap.pyi (deflated 62%)
  adding: Excelerate.app/Contents/Resources/lib/python3.11/numpy/typing/tests/data/reveal/arithmetic.pyi (deflated 89%)
  adding: Excelerate.app/Contents/Resources/lib/python3.11/numpy/typing/tests/data/reveal/arrayprint.pyi (deflated 57%)
  adding: Excelerate.app/Contents/Resources/lib/python3.11/numpy/typing/tests/data/mypy.ini (deflated 17%)
  adding: Excelerate.app/Contents/Resources/lib/python3.11/numpy/typing/__init__.py (deflated 57%)
  adding: Excelerate.app/Contents/Resources/lib/python3.11/numpy/typing/__pycache__/ (stored 0%)
  adding: Excelerate.app/Contents/Resources/lib/python3.11/numpy/typing/__pycache__/setup.cpython-311.pyc (deflated 35%)
  adding: Excelerate.app/Contents/Resources/lib/python3.11/numpy/typing/__pycache__/mypy_plugin.cpython-311.pyc (deflated 49%)
  adding: Excelerate.app/Contents/Resources/lib/python3.11/numpy/typing/__pycache__/__init__.cpython-311.pyc (deflated 53%)
  adding: Excelerate.app/Contents/Resources/lib/python3.11/numpy/typing/mypy_plugin.py (deflated 63%)
  adding: Excelerate.app/Contents/Resources/lib/python3.11/numpy/typing/setup.py (deflated 49%)
  adding: Excelerate.app/Contents/Resources/lib/python3.11/numpy/f2py/ (stored 0%)
  adding: Excelerate.app/Contents/Resources/lib/python3.11/numpy/f2py/cfuncs.py (deflated 79%)
  adding: Excelerate.app/Contents/Resources/lib/python3.11/numpy/f2py/_src_pyf.py (deflated 66%)
  adding: Excelerate.app/Contents/Resources/lib/python3.11/numpy/f2py/common_rules.py (deflated 65%)
  adding: Excelerate.app/Contents/Resources/lib/python3.11/numpy/f2py/__init__.pyi (deflated 61%)
  adding: Excelerate.app/Contents/Resources/lib/python3.11/numpy/f2py/_backends/ (stored 0%)
  adding: Excelerate.app/Contents/Resources/lib/python3.11/numpy/f2py/_backends/_backend.py (deflated 69%)
  adding: Excelerate.app/Contents/Resources/lib/python3.11/numpy/f2py/_backends/meson.build.template (deflated 65%)
  adding: Excelerate.app/Contents/Resources/lib/python3.11/numpy/f2py/_backends/__init__.py (deflated 48%)
  adding: Excelerate.app/Contents/Resources/lib/python3.11/numpy/f2py/_backends/__pycache__/ (stored 0%)
  adding: Excelerate.app/Contents/Resources/lib/python3.11/numpy/f2py/_backends/__pycache__/_distutils.cpython-311.pyc (deflated 46%)
  adding: Excelerate.app/Contents/Resources/lib/python3.11/numpy/f2py/_backends/__pycache__/_meson.cpython-311.pyc (deflated 58%)
  adding: Excelerate.app/Contents/Resources/lib/python3.11/numpy/f2py/_backends/__pycache__/_backend.cpython-311.pyc (deflated 45%)
  adding: Excelerate.app/Contents/Resources/lib/python3.11/numpy/f2py/_backends/__pycache__/__init__.cpython-311.pyc (deflated 29%)
  adding: Excelerate.app/Contents/Resources/lib/python3.11/numpy/f2py/_backends/_distutils.py (deflated 66%)
  adding: Excelerate.app/Contents/Resources/lib/python3.11/numpy/f2py/_backends/_meson.py (deflated 74%)
  adding: Excelerate.app/Contents/Resources/lib/python3.11/numpy/f2py/crackfortran.py (deflated 77%)
  adding: Excelerate.app/Contents/Resources/lib/python3.11/numpy/f2py/cb_rules.py (deflated 79%)
  adding: Excelerate.app/Contents/Resources/lib/python3.11/numpy/f2py/tests/ (stored 0%)
  adding: Excelerate.app/Contents/Resources/lib/python3.11/numpy/f2py/tests/test_character.py (deflated 83%)
  adding: Excelerate.app/Contents/Resources/lib/python3.11/numpy/f2py/tests/test_mixed.py (deflated 57%)
  adding: Excelerate.app/Contents/Resources/lib/python3.11/numpy/f2py/tests/test_return_logical.py (deflated 75%)
  adding: Excelerate.app/Contents/Resources/lib/python3.11/numpy/f2py/tests/test_assumed_shape.py (deflated 68%)
  adding: Excelerate.app/Contents/Resources/lib/python3.11/numpy/f2py/tests/test_common.py (deflated 60%)
  adding: Excelerate.app/Contents/Resources/lib/python3.11/numpy/f2py/tests/test_pyf_src.py (deflated 63%)
  adding: Excelerate.app/Contents/Resources/lib/python3.11/numpy/f2py/tests/test_kind.py (deflated 66%)
  adding: Excelerate.app/Contents/Resources/lib/python3.11/numpy/f2py/tests/test_isoc.py (deflated 62%)
  adding: Excelerate.app/Contents/Resources/lib/python3.11/numpy/f2py/tests/test_array_from_pyobj.py (deflated 81%)
  adding: Excelerate.app/Contents/Resources/lib/python3.11/numpy/f2py/tests/test_return_real.py (deflated 70%)
  adding: Excelerate.app/Contents/Resources/lib/python3.11/numpy/f2py/tests/test_symbolic.py (deflated 81%)
  adding: Excelerate.app/Contents/Resources/lib/python3.11/numpy/f2py/tests/util.py (deflated 72%)
  adding: Excelerate.app/Contents/Resources/lib/python3.11/numpy/f2py/tests/test_size.py (deflated 71%)
  adding: Excelerate.app/Contents/Resources/lib/python3.11/numpy/f2py/tests/test_callback.py (deflated 71%)
  adding: Excelerate.app/Contents/Resources/lib/python3.11/numpy/f2py/tests/test_string.py (deflated 69%)
  adding: Excelerate.app/Contents/Resources/lib/python3.11/numpy/f2py/tests/test_docs.py (deflated 61%)
  adding: Excelerate.app/Contents/Resources/lib/python3.11/numpy/f2py/tests/test_module_doc.py (deflated 51%)
  adding: Excelerate.app/Contents/Resources/lib/python3.11/numpy/f2py/tests/__init__.py (stored 0%)
  adding: Excelerate.app/Contents/Resources/lib/python3.11/numpy/f2py/tests/test_quoted_character.py (deflated 35%)
  adding: Excelerate.app/Contents/Resources/lib/python3.11/numpy/f2py/tests/test_parameter.py (deflated 86%)
  adding: Excelerate.app/Contents/Resources/lib/python3.11/numpy/f2py/tests/__pycache__/ (stored 0%)
  adding: Excelerate.app/Contents/Resources/lib/python3.11/numpy/f2py/tests/__pycache__/test_common.cpython-311.pyc (deflated 52%)
  adding: Excelerate.app/Contents/Resources/lib/python3.11/numpy/f2py/tests/__pycache__/test_regression.cpython-311.pyc (deflated 55%)
  adding: Excelerate.app/Contents/Resources/lib/python3.11/numpy/f2py/tests/__pycache__/test_semicolon_split.cpython-311.pyc (deflated 60%)
  adding: Excelerate.app/Contents/Resources/lib/python3.11/numpy/f2py/tests/__pycache__/test_parameter.cpython-311.pyc (deflated 77%)
  adding: Excelerate.app/Contents/Resources/lib/python3.11/numpy/f2py/tests/__pycache__/test_f2py2e.cpython-311.pyc (deflated 73%)
  adding: Excelerate.app/Contents/Resources/lib/python3.11/numpy/f2py/tests/__pycache__/test_kind.cpython-311.pyc (deflated 54%)
  adding: Excelerate.app/Contents/Resources/lib/python3.11/numpy/f2py/tests/__pycache__/test_return_logical.cpython-311.pyc (deflated 68%)
  adding: Excelerate.app/Contents/Resources/lib/python3.11/numpy/f2py/tests/__pycache__/test_symbolic.cpython-311.pyc (deflated 72%)
  adding: Excelerate.app/Contents/Resources/lib/python3.11/numpy/f2py/tests/__pycache__/test_string.cpython-311.pyc (deflated 57%)
  adding: Excelerate.app/Contents/Resources/lib/python3.11/numpy/f2py/tests/__pycache__/test_quoted_character.cpython-311.pyc (deflated 39%)
  adding: Excelerate.app/Contents/Resources/lib/python3.11/numpy/f2py/tests/__pycache__/test_return_complex.cpython-311.pyc (deflated 65%)
  adding: Excelerate.app/Contents/Resources/lib/python3.11/numpy/f2py/tests/__pycache__/test_array_from_pyobj.cpython-311.pyc (deflated 67%)
  adding: Excelerate.app/Contents/Resources/lib/python3.11/numpy/f2py/tests/__pycache__/test_character.cpython-311.pyc (deflated 71%)
  adding: Excelerate.app/Contents/Resources/lib/python3.11/numpy/f2py/tests/__pycache__/test_f2cmap.cpython-311.pyc (deflated 40%)
  adding: Excelerate.app/Contents/Resources/lib/python3.11/numpy/f2py/tests/__pycache__/test_module_doc.cpython-311.pyc (deflated 44%)
  adding: Excelerate.app/Contents/Resources/lib/python3.11/numpy/f2py/tests/__pycache__/test_block_docstring.cpython-311.pyc (deflated 39%)
  adding: Excelerate.app/Contents/Resources/lib/python3.11/numpy/f2py/tests/__pycache__/test_size.cpython-311.pyc (deflated 60%)
  adding: Excelerate.app/Contents/Resources/lib/python3.11/numpy/f2py/tests/__pycache__/test_crackfortran.cpython-311.pyc (deflated 64%)
  adding: Excelerate.app/Contents/Resources/lib/python3.11/numpy/f2py/tests/__pycache__/test_compile_function.cpython-311.pyc (deflated 49%)
  adding: Excelerate.app/Contents/Resources/lib/python3.11/numpy/f2py/tests/__pycache__/test_pyf_src.cpython-311.pyc (deflated 50%)
  adding: Excelerate.app/Contents/Resources/lib/python3.11/numpy/f2py/tests/__pycache__/test_data.cpython-311.pyc (deflated 66%)
  adding: Excelerate.app/Contents/Resources/lib/python3.11/numpy/f2py/tests/__pycache__/test_isoc.cpython-311.pyc (deflated 50%)
  adding: Excelerate.app/Contents/Resources/lib/python3.11/numpy/f2py/tests/__pycache__/test_mixed.cpython-311.pyc (deflated 46%)
  adding: Excelerate.app/Contents/Resources/lib/python3.11/numpy/f2py/tests/__pycache__/test_assumed_shape.cpython-311.pyc (deflated 53%)
  adding: Excelerate.app/Contents/Resources/lib/python3.11/numpy/f2py/tests/__pycache__/util.cpython-311.pyc (deflated 56%)
  adding: Excelerate.app/Contents/Resources/lib/python3.11/numpy/f2py/tests/__pycache__/test_abstract_interface.cpython-311.pyc (deflated 46%)
  adding: Excelerate.app/Contents/Resources/lib/python3.11/numpy/f2py/tests/__pycache__/test_return_real.cpython-311.pyc (deflated 63%)
  adding: Excelerate.app/Contents/Resources/lib/python3.11/numpy/f2py/tests/__pycache__/test_callback.cpython-311.pyc (deflated 62%)
  adding: Excelerate.app/Contents/Resources/lib/python3.11/numpy/f2py/tests/__pycache__/test_return_integer.cpython-311.pyc (deflated 62%)
  adding: Excelerate.app/Contents/Resources/lib/python3.11/numpy/f2py/tests/__pycache__/test_return_character.cpython-311.pyc (deflated 54%)
  adding: Excelerate.app/Contents/Resources/lib/python3.11/numpy/f2py/tests/__pycache__/test_docs.cpython-311.pyc (deflated 53%)
  adding: Excelerate.app/Contents/Resources/lib/python3.11/numpy/f2py/tests/__pycache__/test_value_attrspec.cpython-311.pyc (deflated 37%)
  adding: Excelerate.app/Contents/Resources/lib/python3.11/numpy/f2py/tests/__pycache__/__init__.cpython-311.pyc (deflated 18%)
  adding: Excelerate.app/Contents/Resources/lib/python3.11/numpy/f2py/tests/test_abstract_interface.py (deflated 55%)
  adding: Excelerate.app/Contents/Resources/lib/python3.11/numpy/f2py/tests/test_f2cmap.py (deflated 42%)
  adding: Excelerate.app/Contents/Resources/lib/python3.11/numpy/f2py/tests/test_semicolon_split.py (deflated 70%)
  adding: Excelerate.app/Contents/Resources/lib/python3.11/numpy/f2py/tests/test_compile_function.py (deflated 60%)
  adding: Excelerate.app/Contents/Resources/lib/python3.11/numpy/f2py/tests/test_block_docstring.py (deflated 40%)
  adding: Excelerate.app/Contents/Resources/lib/python3.11/numpy/f2py/tests/test_return_integer.py (deflated 72%)
  adding: Excelerate.app/Contents/Resources/lib/python3.11/numpy/f2py/tests/test_return_character.py (deflated 66%)
  adding: Excelerate.app/Contents/Resources/lib/python3.11/numpy/f2py/tests/test_data.py (deflated 76%)
  adding: Excelerate.app/Contents/Resources/lib/python3.11/numpy/f2py/tests/test_value_attrspec.py (deflated 35%)
  adding: Excelerate.app/Contents/Resources/lib/python3.11/numpy/f2py/tests/test_return_complex.py (deflated 73%)
  adding: Excelerate.app/Contents/Resources/lib/python3.11/numpy/f2py/tests/test_crackfortran.py (deflated 71%)
  adding: Excelerate.app/Contents/Resources/lib/python3.11/numpy/f2py/tests/test_f2py2e.py (deflated 82%)
  adding: Excelerate.app/Contents/Resources/lib/python3.11/numpy/f2py/tests/test_regression.py (deflated 65%)
  adding: Excelerate.app/Contents/Resources/lib/python3.11/numpy/f2py/tests/src/ (stored 0%)
  adding: Excelerate.app/Contents/Resources/lib/python3.11/numpy/f2py/tests/src/abstract_interface/ (stored 0%)
  adding: Excelerate.app/Contents/Resources/lib/python3.11/numpy/f2py/tests/src/abstract_interface/foo.f90 (deflated 68%)
  adding: Excelerate.app/Contents/Resources/lib/python3.11/numpy/f2py/tests/src/abstract_interface/gh18403_mod.f90 (deflated 34%)
  adding: Excelerate.app/Contents/Resources/lib/python3.11/numpy/f2py/tests/src/isocintrin/ (stored 0%)
  adding: Excelerate.app/Contents/Resources/lib/python3.11/numpy/f2py/tests/src/isocintrin/isoCtests.f90 (deflated 67%)
  adding: Excelerate.app/Contents/Resources/lib/python3.11/numpy/f2py/tests/src/return_character/ (stored 0%)
  adding: Excelerate.app/Contents/Resources/lib/python3.11/numpy/f2py/tests/src/return_character/foo77.f (deflated 81%)
  adding: Excelerate.app/Contents/Resources/lib/python3.11/numpy/f2py/tests/src/return_character/foo90.f90 (deflated 81%)
  adding: Excelerate.app/Contents/Resources/lib/python3.11/numpy/f2py/tests/src/f2cmap/ (stored 0%)
  adding: Excelerate.app/Contents/Resources/lib/python3.11/numpy/f2py/tests/src/f2cmap/.f2py_f2cmap (deflated 21%)
  adding: Excelerate.app/Contents/Resources/lib/python3.11/numpy/f2py/tests/src/f2cmap/isoFortranEnvMap.f90 (deflated 47%)
  adding: Excelerate.app/Contents/Resources/lib/python3.11/numpy/f2py/tests/src/mixed/ (stored 0%)
  adding: Excelerate.app/Contents/Resources/lib/python3.11/numpy/f2py/tests/src/mixed/foo_free.f90 (deflated 32%)
  adding: Excelerate.app/Contents/Resources/lib/python3.11/numpy/f2py/tests/src/mixed/foo_fixed.f90 (deflated 45%)
  adding: Excelerate.app/Contents/Resources/lib/python3.11/numpy/f2py/tests/src/mixed/foo.f (deflated 25%)
  adding: Excelerate.app/Contents/Resources/lib/python3.11/numpy/f2py/tests/src/return_complex/ (stored 0%)
  adding: Excelerate.app/Contents/Resources/lib/python3.11/numpy/f2py/tests/src/return_complex/foo77.f (deflated 80%)
  adding: Excelerate.app/Contents/Resources/lib/python3.11/numpy/f2py/tests/src/return_complex/foo90.f90 (deflated 80%)
  adding: Excelerate.app/Contents/Resources/lib/python3.11/numpy/f2py/tests/src/quoted_character/ (stored 0%)
  adding: Excelerate.app/Contents/Resources/lib/python3.11/numpy/f2py/tests/src/quoted_character/foo.f (deflated 54%)
  adding: Excelerate.app/Contents/Resources/lib/python3.11/numpy/f2py/tests/src/array_from_pyobj/ (stored 0%)
  adding: Excelerate.app/Contents/Resources/lib/python3.11/numpy/f2py/tests/src/array_from_pyobj/wrapmodule.c (deflated 70%)
  adding: Excelerate.app/Contents/Resources/lib/python3.11/numpy/f2py/tests/src/cli/ (stored 0%)
  adding: Excelerate.app/Contents/Resources/lib/python3.11/numpy/f2py/tests/src/cli/gh_22819.pyf (deflated 46%)
  adding: Excelerate.app/Contents/Resources/lib/python3.11/numpy/f2py/tests/src/cli/hi77.f (deflated 28%)
  adding: Excelerate.app/Contents/Resources/lib/python3.11/numpy/f2py/tests/src/cli/hiworld.f90 (deflated 6%)
  adding: Excelerate.app/Contents/Resources/lib/python3.11/numpy/f2py/tests/src/kind/ (stored 0%)
  adding: Excelerate.app/Contents/Resources/lib/python3.11/numpy/f2py/tests/src/kind/foo.f90 (deflated 59%)
  adding: Excelerate.app/Contents/Resources/lib/python3.11/numpy/f2py/tests/src/value_attrspec/ (stored 0%)
  adding: Excelerate.app/Contents/Resources/lib/python3.11/numpy/f2py/tests/src/value_attrspec/gh21665.f90 (deflated 39%)
  adding: Excelerate.app/Contents/Resources/lib/python3.11/numpy/f2py/tests/src/module_data/ (stored 0%)
  adding: Excelerate.app/Contents/Resources/lib/python3.11/numpy/f2py/tests/src/module_data/mod.mod (stored 0%)
  adding: Excelerate.app/Contents/Resources/lib/python3.11/numpy/f2py/tests/src/module_data/module_data_docstring.f90 (deflated 42%)
  adding: Excelerate.app/Contents/Resources/lib/python3.11/numpy/f2py/tests/src/negative_bounds/ (stored 0%)
  adding: Excelerate.app/Contents/Resources/lib/python3.11/numpy/f2py/tests/src/negative_bounds/issue_20853.f90 (deflated 36%)
  adding: Excelerate.app/Contents/Resources/lib/python3.11/numpy/f2py/tests/src/common/ (stored 0%)
  adding: Excelerate.app/Contents/Resources/lib/python3.11/numpy/f2py/tests/src/common/gh19161.f90 (deflated 39%)
  adding: Excelerate.app/Contents/Resources/lib/python3.11/numpy/f2py/tests/src/common/block.f (deflated 45%)
  adding: Excelerate.app/Contents/Resources/lib/python3.11/numpy/f2py/tests/src/return_real/ (stored 0%)
  adding: Excelerate.app/Contents/Resources/lib/python3.11/numpy/f2py/tests/src/return_real/foo77.f (deflated 80%)
  adding: Excelerate.app/Contents/Resources/lib/python3.11/numpy/f2py/tests/src/return_real/foo90.f90 (deflated 79%)
  adding: Excelerate.app/Contents/Resources/lib/python3.11/numpy/f2py/tests/src/assumed_shape/ (stored 0%)
  adding: Excelerate.app/Contents/Resources/lib/python3.11/numpy/f2py/tests/src/assumed_shape/precision.f90 (deflated 38%)
  adding: Excelerate.app/Contents/Resources/lib/python3.11/numpy/f2py/tests/src/assumed_shape/.f2py_f2cmap (deflated 7%)
  adding: Excelerate.app/Contents/Resources/lib/python3.11/numpy/f2py/tests/src/assumed_shape/foo_mod.f90 (deflated 62%)
  adding: Excelerate.app/Contents/Resources/lib/python3.11/numpy/f2py/tests/src/assumed_shape/foo_free.f90 (deflated 63%)
  adding: Excelerate.app/Contents/Resources/lib/python3.11/numpy/f2py/tests/src/assumed_shape/foo_use.f90 (deflated 39%)
  adding: Excelerate.app/Contents/Resources/lib/python3.11/numpy/f2py/tests/src/block_docstring/ (stored 0%)
  adding: Excelerate.app/Contents/Resources/lib/python3.11/numpy/f2py/tests/src/block_docstring/foo.f (deflated 23%)
  adding: Excelerate.app/Contents/Resources/lib/python3.11/numpy/f2py/tests/src/return_integer/ (stored 0%)
  adding: Excelerate.app/Contents/Resources/lib/python3.11/numpy/f2py/tests/src/return_integer/foo77.f (deflated 83%)
  adding: Excelerate.app/Contents/Resources/lib/python3.11/numpy/f2py/tests/src/return_integer/foo90.f90 (deflated 83%)
  adding: Excelerate.app/Contents/Resources/lib/python3.11/numpy/f2py/tests/src/return_logical/ (stored 0%)
  adding: Excelerate.app/Contents/Resources/lib/python3.11/numpy/f2py/tests/src/return_logical/foo77.f (deflated 82%)
  adding: Excelerate.app/Contents/Resources/lib/python3.11/numpy/f2py/tests/src/return_logical/foo90.f90 (deflated 82%)
  adding: Excelerate.app/Contents/Resources/lib/python3.11/numpy/f2py/tests/src/parameter/ (stored 0%)
  adding: Excelerate.app/Contents/Resources/lib/python3.11/numpy/f2py/tests/src/parameter/constant_non_compound.f90 (deflated 50%)
  adding: Excelerate.app/Contents/Resources/lib/python3.11/numpy/f2py/tests/src/parameter/constant_both.f90 (deflated 81%)
  adding: Excelerate.app/Contents/Resources/lib/python3.11/numpy/f2py/tests/src/parameter/constant_integer.f90 (deflated 61%)
  adding: Excelerate.app/Contents/Resources/lib/python3.11/numpy/f2py/tests/src/parameter/constant_compound.f90 (deflated 47%)
  adding: Excelerate.app/Contents/Resources/lib/python3.11/numpy/f2py/tests/src/parameter/constant_real.f90 (deflated 60%)
  adding: Excelerate.app/Contents/Resources/lib/python3.11/numpy/f2py/tests/src/string/ (stored 0%)
  adding: Excelerate.app/Contents/Resources/lib/python3.11/numpy/f2py/tests/src/string/gh24008.f (deflated 43%)
  adding: Excelerate.app/Contents/Resources/lib/python3.11/numpy/f2py/tests/src/string/char.f90 (deflated 62%)
  adding: Excelerate.app/Contents/Resources/lib/python3.11/numpy/f2py/tests/src/string/gh25286_bc.pyf (deflated 49%)
  adding: Excelerate.app/Contents/Resources/lib/python3.11/numpy/f2py/tests/src/string/gh24662.f90 (deflated 36%)
  adding: Excelerate.app/Contents/Resources/lib/python3.11/numpy/f2py/tests/src/string/fixed_string.f90 (deflated 61%)
  adding: Excelerate.app/Contents/Resources/lib/python3.11/numpy/f2py/tests/src/string/gh25286.pyf (deflated 49%)
  adding: Excelerate.app/Contents/Resources/lib/python3.11/numpy/f2py/tests/src/string/scalar_string.f90 (deflated 43%)
  adding: Excelerate.app/Contents/Resources/lib/python3.11/numpy/f2py/tests/src/string/gh25286.f90 (deflated 55%)
  adding: Excelerate.app/Contents/Resources/lib/python3.11/numpy/f2py/tests/src/string/string.f (deflated 41%)
  adding: Excelerate.app/Contents/Resources/lib/python3.11/numpy/f2py/tests/src/callback/ (stored 0%)
  adding: Excelerate.app/Contents/Resources/lib/python3.11/numpy/f2py/tests/src/callback/gh18335.f90 (deflated 59%)
  adding: Excelerate.app/Contents/Resources/lib/python3.11/numpy/f2py/tests/src/callback/gh25211.pyf (deflated 63%)
  adding: Excelerate.app/Contents/Resources/lib/python3.11/numpy/f2py/tests/src/callback/gh25211.f (deflated 32%)
  adding: Excelerate.app/Contents/Resources/lib/python3.11/numpy/f2py/tests/src/callback/foo.f (deflated 78%)
  adding: Excelerate.app/Contents/Resources/lib/python3.11/numpy/f2py/tests/src/callback/gh17797.f90 (deflated 28%)
  adding: Excelerate.app/Contents/Resources/lib/python3.11/numpy/f2py/tests/src/size/ (stored 0%)
  adding: Excelerate.app/Contents/Resources/lib/python3.11/numpy/f2py/tests/src/size/foo.f90 (deflated 66%)
  adding: Excelerate.app/Contents/Resources/lib/python3.11/numpy/f2py/tests/src/regression/ (stored 0%)
  adding: Excelerate.app/Contents/Resources/lib/python3.11/numpy/f2py/tests/src/regression/inout.f90 (deflated 42%)
  adding: Excelerate.app/Contents/Resources/lib/python3.11/numpy/f2py/tests/src/regression/gh25337/ (stored 0%)
  adding: Excelerate.app/Contents/Resources/lib/python3.11/numpy/f2py/tests/src/regression/gh25337/data.f90 (deflated 45%)
  adding: Excelerate.app/Contents/Resources/lib/python3.11/numpy/f2py/tests/src/regression/gh25337/use_data.f90 (deflated 37%)
  adding: Excelerate.app/Contents/Resources/lib/python3.11/numpy/f2py/tests/src/crackfortran/ (stored 0%)
  adding: Excelerate.app/Contents/Resources/lib/python3.11/numpy/f2py/tests/src/crackfortran/data_stmts.f90 (deflated 55%)
  adding: Excelerate.app/Contents/Resources/lib/python3.11/numpy/f2py/tests/src/crackfortran/data_with_comments.f (deflated 31%)
  adding: Excelerate.app/Contents/Resources/lib/python3.11/numpy/f2py/tests/src/crackfortran/accesstype.f90 (deflated 50%)
  adding: Excelerate.app/Contents/Resources/lib/python3.11/numpy/f2py/tests/src/crackfortran/unicode_comment.f90 (deflated 8%)
  adding: Excelerate.app/Contents/Resources/lib/python3.11/numpy/f2py/tests/src/crackfortran/gh23598.f90 (deflated 20%)
  adding: Excelerate.app/Contents/Resources/lib/python3.11/numpy/f2py/tests/src/crackfortran/operators.f90 (deflated 69%)
  adding: Excelerate.app/Contents/Resources/lib/python3.11/numpy/f2py/tests/src/crackfortran/publicmod.f90 (deflated 38%)
  adding: Excelerate.app/Contents/Resources/lib/python3.11/numpy/f2py/tests/src/crackfortran/gh2848.f90 (deflated 55%)
  adding: Excelerate.app/Contents/Resources/lib/python3.11/numpy/f2py/tests/src/crackfortran/gh23533.f (deflated 33%)
  adding: Excelerate.app/Contents/Resources/lib/python3.11/numpy/f2py/tests/src/crackfortran/gh23879.f90 (deflated 53%)
  adding: Excelerate.app/Contents/Resources/lib/python3.11/numpy/f2py/tests/src/crackfortran/pubprivmod.f90 (deflated 38%)
  adding: Excelerate.app/Contents/Resources/lib/python3.11/numpy/f2py/tests/src/crackfortran/data_common.f (deflated 53%)
  adding: Excelerate.app/Contents/Resources/lib/python3.11/numpy/f2py/tests/src/crackfortran/foo_deps.f90 (deflated 29%)
  adding: Excelerate.app/Contents/Resources/lib/python3.11/numpy/f2py/tests/src/crackfortran/gh17859.f (deflated 64%)
  adding: Excelerate.app/Contents/Resources/lib/python3.11/numpy/f2py/tests/src/crackfortran/data_multiplier.f (deflated 40%)
  adding: Excelerate.app/Contents/Resources/lib/python3.11/numpy/f2py/tests/src/crackfortran/gh22648.pyf (deflated 44%)
  adding: Excelerate.app/Contents/Resources/lib/python3.11/numpy/f2py/tests/src/crackfortran/privatemod.f90 (deflated 40%)
  adding: Excelerate.app/Contents/Resources/lib/python3.11/numpy/f2py/tests/src/crackfortran/gh15035.f (deflated 62%)
  adding: Excelerate.app/Contents/Resources/lib/python3.11/numpy/f2py/tests/src/crackfortran/gh23598Warn.f90 (deflated 39%)
  adding: Excelerate.app/Contents/Resources/lib/python3.11/numpy/f2py/__init__.py (deflated 60%)
  adding: Excelerate.app/Contents/Resources/lib/python3.11/numpy/f2py/rules.py (deflated 80%)
  adding: Excelerate.app/Contents/Resources/lib/python3.11/numpy/f2py/f2py2e.py (deflated 71%)
  adding: Excelerate.app/Contents/Resources/lib/python3.11/numpy/f2py/func2subr.py (deflated 78%)
  adding: Excelerate.app/Contents/Resources/lib/python3.11/numpy/f2py/__version__.py (deflated 12%)
  adding: Excelerate.app/Contents/Resources/lib/python3.11/numpy/f2py/__pycache__/ (stored 0%)
  adding: Excelerate.app/Contents/Resources/lib/python3.11/numpy/f2py/__pycache__/cb_rules.cpython-311.pyc (deflated 62%)
  adding: Excelerate.app/Contents/Resources/lib/python3.11/numpy/f2py/__pycache__/_src_pyf.cpython-311.pyc (deflated 50%)
  adding: Excelerate.app/Contents/Resources/lib/python3.11/numpy/f2py/__pycache__/common_rules.cpython-311.pyc (deflated 50%)
  adding: Excelerate.app/Contents/Resources/lib/python3.11/numpy/f2py/__pycache__/__version__.cpython-311.pyc (deflated 23%)
  adding: Excelerate.app/Contents/Resources/lib/python3.11/numpy/f2py/__pycache__/rules.cpython-311.pyc (deflated 63%)
  adding: Excelerate.app/Contents/Resources/lib/python3.11/numpy/f2py/__pycache__/crackfortran.cpython-311.pyc (deflated 58%)
  adding: Excelerate.app/Contents/Resources/lib/python3.11/numpy/f2py/__pycache__/setup.cpython-311.pyc (deflated 41%)
  adding: Excelerate.app/Contents/Resources/lib/python3.11/numpy/f2py/__pycache__/cfuncs.cpython-311.pyc (deflated 72%)
  adding: Excelerate.app/Contents/Resources/lib/python3.11/numpy/f2py/__pycache__/f2py2e.cpython-311.pyc (deflated 56%)
  adding: Excelerate.app/Contents/Resources/lib/python3.11/numpy/f2py/__pycache__/symbolic.cpython-311.pyc (deflated 64%)
  adding: Excelerate.app/Contents/Resources/lib/python3.11/numpy/f2py/__pycache__/func2subr.cpython-311.pyc (deflated 58%)
  adding: Excelerate.app/Contents/Resources/lib/python3.11/numpy/f2py/__pycache__/use_rules.cpython-311.pyc (deflated 44%)
  adding: Excelerate.app/Contents/Resources/lib/python3.11/numpy/f2py/__pycache__/capi_maps.cpython-311.pyc (deflated 54%)
  adding: Excelerate.app/Contents/Resources/lib/python3.11/numpy/f2py/__pycache__/auxfuncs.cpython-311.pyc (deflated 63%)
  adding: Excelerate.app/Contents/Resources/lib/python3.11/numpy/f2py/__pycache__/_isocbind.cpython-311.pyc (deflated 38%)
  adding: Excelerate.app/Contents/Resources/lib/python3.11/numpy/f2py/__pycache__/f90mod_rules.cpython-311.pyc (deflated 54%)
  adding: Excelerate.app/Contents/Resources/lib/python3.11/numpy/f2py/__pycache__/__init__.cpython-311.pyc (deflated 49%)
  adding: Excelerate.app/Contents/Resources/lib/python3.11/numpy/f2py/__pycache__/diagnose.cpython-311.pyc (deflated 62%)
  adding: Excelerate.app/Contents/Resources/lib/python3.11/numpy/f2py/__pycache__/__main__.cpython-311.pyc (deflated 21%)
  adding: Excelerate.app/Contents/Resources/lib/python3.11/numpy/f2py/symbolic.py (deflated 79%)
  adding: Excelerate.app/Contents/Resources/lib/python3.11/numpy/f2py/diagnose.py (deflated 81%)
  adding: Excelerate.app/Contents/Resources/lib/python3.11/numpy/f2py/setup.py (deflated 55%)
  adding: Excelerate.app/Contents/Resources/lib/python3.11/numpy/f2py/capi_maps.py (deflated 77%)
  adding: Excelerate.app/Contents/Resources/lib/python3.11/numpy/f2py/f90mod_rules.py (deflated 70%)
  adding: Excelerate.app/Contents/Resources/lib/python3.11/numpy/f2py/setup.cfg (deflated 19%)
  adding: Excelerate.app/Contents/Resources/lib/python3.11/numpy/f2py/use_rules.py (deflated 60%)
  adding: Excelerate.app/Contents/Resources/lib/python3.11/numpy/f2py/auxfuncs.py (deflated 77%)
  adding: Excelerate.app/Contents/Resources/lib/python3.11/numpy/f2py/_isocbind.py (deflated 67%)
  adding: Excelerate.app/Contents/Resources/lib/python3.11/numpy/f2py/__main__.py (deflated 14%)
  adding: Excelerate.app/Contents/Resources/lib/python3.11/numpy/f2py/src/ (stored 0%)
  adding: Excelerate.app/Contents/Resources/lib/python3.11/numpy/f2py/src/fortranobject.h (deflated 66%)
  adding: Excelerate.app/Contents/Resources/lib/python3.11/numpy/f2py/src/fortranobject.c (deflated 78%)
  adding: Excelerate.app/Contents/Resources/lib/python3.11/numpy/testing/ (stored 0%)
  adding: Excelerate.app/Contents/Resources/lib/python3.11/numpy/testing/__init__.pyi (deflated 69%)
  adding: Excelerate.app/Contents/Resources/lib/python3.11/numpy/testing/tests/ (stored 0%)
  adding: Excelerate.app/Contents/Resources/lib/python3.11/numpy/testing/tests/test_utils.py (deflated 84%)
  adding: Excelerate.app/Contents/Resources/lib/python3.11/numpy/testing/tests/__init__.py (stored 0%)
  adding: Excelerate.app/Contents/Resources/lib/python3.11/numpy/testing/tests/__pycache__/ (stored 0%)
  adding: Excelerate.app/Contents/Resources/lib/python3.11/numpy/testing/tests/__pycache__/test_utils.cpython-311.pyc (deflated 77%)
  adding: Excelerate.app/Contents/Resources/lib/python3.11/numpy/testing/tests/__pycache__/__init__.cpython-311.pyc (deflated 19%)
  adding: Excelerate.app/Contents/Resources/lib/python3.11/numpy/testing/__init__.py (deflated 49%)
  adding: Excelerate.app/Contents/Resources/lib/python3.11/numpy/testing/overrides.py (deflated 69%)
  adding: Excelerate.app/Contents/Resources/lib/python3.11/numpy/testing/__pycache__/ (stored 0%)
  adding: Excelerate.app/Contents/Resources/lib/python3.11/numpy/testing/__pycache__/overrides.cpython-311.pyc (deflated 57%)
  adding: Excelerate.app/Contents/Resources/lib/python3.11/numpy/testing/__pycache__/print_coercion_tables.cpython-311.pyc (deflated 54%)
  adding: Excelerate.app/Contents/Resources/lib/python3.11/numpy/testing/__pycache__/setup.cpython-311.pyc (deflated 41%)
  adding: Excelerate.app/Contents/Resources/lib/python3.11/numpy/testing/__pycache__/__init__.cpython-311.pyc (deflated 34%)
  adding: Excelerate.app/Contents/Resources/lib/python3.11/numpy/testing/_private/ (stored 0%)
  adding: Excelerate.app/Contents/Resources/lib/python3.11/numpy/testing/_private/__init__.py (stored 0%)
  adding: Excelerate.app/Contents/Resources/lib/python3.11/numpy/testing/_private/extbuild.py (deflated 66%)
  adding: Excelerate.app/Contents/Resources/lib/python3.11/numpy/testing/_private/__pycache__/ (stored 0%)
  adding: Excelerate.app/Contents/Resources/lib/python3.11/numpy/testing/_private/__pycache__/extbuild.cpython-311.pyc (deflated 50%)
  adding: Excelerate.app/Contents/Resources/lib/python3.11/numpy/testing/_private/__pycache__/utils.cpython-311.pyc (deflated 62%)
  adding: Excelerate.app/Contents/Resources/lib/python3.11/numpy/testing/_private/__pycache__/__init__.cpython-311.pyc (deflated 18%)
  adding: Excelerate.app/Contents/Resources/lib/python3.11/numpy/testing/_private/utils.pyi (deflated 77%)
  adding: Excelerate.app/Contents/Resources/lib/python3.11/numpy/testing/_private/utils.py (deflated 75%)
  adding: Excelerate.app/Contents/Resources/lib/python3.11/numpy/testing/setup.py (deflated 54%)
  adding: Excelerate.app/Contents/Resources/lib/python3.11/numpy/testing/print_coercion_tables.py (deflated 70%)
  adding: Excelerate.app/Contents/Resources/lib/python3.11/numpy/ctypeslib.py (deflated 69%)
  adding: Excelerate.app/Contents/Resources/lib/python3.11/numpy/matlib.py (deflated 70%)
  adding: Excelerate.app/Contents/Resources/lib/python3.11/numpy/lib/ (stored 0%)
  adding: Excelerate.app/Contents/Resources/lib/python3.11/numpy/lib/_iotools.py (deflated 74%)
  adding: Excelerate.app/Contents/Resources/lib/python3.11/numpy/lib/type_check.pyi (deflated 79%)
  adding: Excelerate.app/Contents/Resources/lib/python3.11/numpy/lib/mixins.py (deflated 69%)
  adding: Excelerate.app/Contents/Resources/lib/python3.11/numpy/lib/nanfunctions.py (deflated 82%)
  adding: Excelerate.app/Contents/Resources/lib/python3.11/numpy/lib/recfunctions.py (deflated 75%)
  adding: Excelerate.app/Contents/Resources/lib/python3.11/numpy/lib/_version.pyi (deflated 69%)
  adding: Excelerate.app/Contents/Resources/lib/python3.11/numpy/lib/histograms.py (deflated 71%)
  adding: Excelerate.app/Contents/Resources/lib/python3.11/numpy/lib/scimath.py (deflated 77%)
  adding: Excelerate.app/Contents/Resources/lib/python3.11/numpy/lib/function_base.pyi (deflated 84%)
  adding: Excelerate.app/Contents/Resources/lib/python3.11/numpy/lib/ufunclike.pyi (deflated 76%)
  adding: Excelerate.app/Contents/Resources/lib/python3.11/numpy/lib/__init__.pyi (deflated 71%)
  adding: Excelerate.app/Contents/Resources/lib/python3.11/numpy/lib/_version.py (deflated 71%)
  adding: Excelerate.app/Contents/Resources/lib/python3.11/numpy/lib/index_tricks.pyi (deflated 72%)
  adding: Excelerate.app/Contents/Resources/lib/python3.11/numpy/lib/format.pyi (deflated 53%)
  adding: Excelerate.app/Contents/Resources/lib/python3.11/numpy/lib/scimath.pyi (deflated 88%)
  adding: Excelerate.app/Contents/Resources/lib/python3.11/numpy/lib/twodim_base.pyi (deflated 81%)
  adding: Excelerate.app/Contents/Resources/lib/python3.11/numpy/lib/mixins.pyi (deflated 81%)
  adding: Excelerate.app/Contents/Resources/lib/python3.11/numpy/lib/tests/ (stored 0%)
  adding: Excelerate.app/Contents/Resources/lib/python3.11/numpy/lib/tests/test_type_check.py (deflated 84%)
  adding: Excelerate.app/Contents/Resources/lib/python3.11/numpy/lib/tests/test_utils.py (deflated 70%)
  adding: Excelerate.app/Contents/Resources/lib/python3.11/numpy/lib/tests/test_financial_expired.py (deflated 36%)
  adding: Excelerate.app/Contents/Resources/lib/python3.11/numpy/lib/tests/test_twodim_base.py (deflated 80%)
  adding: Excelerate.app/Contents/Resources/lib/python3.11/numpy/lib/tests/test_polynomial.py (deflated 73%)
  adding: Excelerate.app/Contents/Resources/lib/python3.11/numpy/lib/tests/test__iotools.py (deflated 80%)
  adding: Excelerate.app/Contents/Resources/lib/python3.11/numpy/lib/tests/test_shape_base.py (deflated 80%)
  adding: Excelerate.app/Contents/Resources/lib/python3.11/numpy/lib/tests/test_ufunclike.py (deflated 74%)
  adding: Excelerate.app/Contents/Resources/lib/python3.11/numpy/lib/tests/test_index_tricks.py (deflated 78%)
  adding: Excelerate.app/Contents/Resources/lib/python3.11/numpy/lib/tests/__init__.py (stored 0%)
  adding: Excelerate.app/Contents/Resources/lib/python3.11/numpy/lib/tests/__pycache__/ (stored 0%)
  adding: Excelerate.app/Contents/Resources/lib/python3.11/numpy/lib/tests/__pycache__/test_regression.cpython-311.pyc (deflated 62%)
  adding: Excelerate.app/Contents/Resources/lib/python3.11/numpy/lib/tests/__pycache__/test_arraypad.cpython-311.pyc (deflated 76%)
  adding: Excelerate.app/Contents/Resources/lib/python3.11/numpy/lib/tests/__pycache__/test_twodim_base.cpython-311.pyc (deflated 67%)
  adding: Excelerate.app/Contents/Resources/lib/python3.11/numpy/lib/tests/__pycache__/test_stride_tricks.cpython-311.pyc (deflated 65%)
  adding: Excelerate.app/Contents/Resources/lib/python3.11/numpy/lib/tests/__pycache__/test__datasource.cpython-311.pyc (deflated 70%)
  adding: Excelerate.app/Contents/Resources/lib/python3.11/numpy/lib/tests/__pycache__/test_format.cpython-311.pyc (deflated 71%)
  adding: Excelerate.app/Contents/Resources/lib/python3.11/numpy/lib/tests/__pycache__/test_financial_expired.cpython-311.pyc (deflated 42%)
  adding: Excelerate.app/Contents/Resources/lib/python3.11/numpy/lib/tests/__pycache__/test__version.cpython-311.pyc (deflated 65%)
  adding: Excelerate.app/Contents/Resources/lib/python3.11/numpy/lib/tests/__pycache__/test_nanfunctions.cpython-311.pyc (deflated 70%)
  adding: Excelerate.app/Contents/Resources/lib/python3.11/numpy/lib/tests/__pycache__/test_ufunclike.cpython-311.pyc (deflated 62%)
  adding: Excelerate.app/Contents/Resources/lib/python3.11/numpy/lib/tests/__pycache__/test_loadtxt.cpython-311.pyc (deflated 66%)
  adding: Excelerate.app/Contents/Resources/lib/python3.11/numpy/lib/tests/__pycache__/test_type_check.cpython-311.pyc (deflated 77%)
  adding: Excelerate.app/Contents/Resources/lib/python3.11/numpy/lib/tests/__pycache__/test_packbits.cpython-311.pyc (deflated 66%)
  adding: Excelerate.app/Contents/Resources/lib/python3.11/numpy/lib/tests/__pycache__/test_recfunctions.cpython-311.pyc (deflated 70%)
  adding: Excelerate.app/Contents/Resources/lib/python3.11/numpy/lib/tests/__pycache__/test_index_tricks.cpython-311.pyc (deflated 68%)
  adding: Excelerate.app/Contents/Resources/lib/python3.11/numpy/lib/tests/__pycache__/test_function_base.cpython-311.pyc (deflated 72%)
  adding: Excelerate.app/Contents/Resources/lib/python3.11/numpy/lib/tests/__pycache__/test_utils.cpython-311.pyc (deflated 62%)
  adding: Excelerate.app/Contents/Resources/lib/python3.11/numpy/lib/tests/__pycache__/test_io.cpython-311.pyc (deflated 70%)
  adding: Excelerate.app/Contents/Resources/lib/python3.11/numpy/lib/tests/__pycache__/test_polynomial.cpython-311.pyc (deflated 66%)
  adding: Excelerate.app/Contents/Resources/lib/python3.11/numpy/lib/tests/__pycache__/test_shape_base.cpython-311.pyc (deflated 72%)
  adding: Excelerate.app/Contents/Resources/lib/python3.11/numpy/lib/tests/__pycache__/test_arrayterator.cpython-311.pyc (deflated 55%)
  adding: Excelerate.app/Contents/Resources/lib/python3.11/numpy/lib/tests/__pycache__/__init__.cpython-311.pyc (deflated 19%)
  adding: Excelerate.app/Contents/Resources/lib/python3.11/numpy/lib/tests/__pycache__/test__iotools.cpython-311.pyc (deflated 67%)
  adding: Excelerate.app/Contents/Resources/lib/python3.11/numpy/lib/tests/__pycache__/test_histograms.cpython-311.pyc (deflated 65%)
  adding: Excelerate.app/Contents/Resources/lib/python3.11/numpy/lib/tests/__pycache__/test_arraysetops.cpython-311.pyc (deflated 70%)
  adding: Excelerate.app/Contents/Resources/lib/python3.11/numpy/lib/tests/__pycache__/test_mixins.cpython-311.pyc (deflated 62%)
  adding: Excelerate.app/Contents/Resources/lib/python3.11/numpy/lib/tests/test_arrayterator.py (deflated 64%)
  adding: Excelerate.app/Contents/Resources/lib/python3.11/numpy/lib/tests/test__version.py (deflated 76%)
  adding: Excelerate.app/Contents/Resources/lib/python3.11/numpy/lib/tests/test_io.py (deflated 81%)
  adding: Excelerate.app/Contents/Resources/lib/python3.11/numpy/lib/tests/test_arraysetops.py (deflated 81%)
  adding: Excelerate.app/Contents/Resources/lib/python3.11/numpy/lib/tests/test_function_base.py (deflated 81%)
  adding: Excelerate.app/Contents/Resources/lib/python3.11/numpy/lib/tests/test_arraypad.py (deflated 86%)
  adding: Excelerate.app/Contents/Resources/lib/python3.11/numpy/lib/tests/test_mixins.py (deflated 75%)
  adding: Excelerate.app/Contents/Resources/lib/python3.11/numpy/lib/tests/test_packbits.py (deflated 80%)
  adding: Excelerate.app/Contents/Resources/lib/python3.11/numpy/lib/tests/test__datasource.py (deflated 79%)
  adding: Excelerate.app/Contents/Resources/lib/python3.11/numpy/lib/tests/test_stride_tricks.py (deflated 80%)
  adding: Excelerate.app/Contents/Resources/lib/python3.11/numpy/lib/tests/test_recfunctions.py (deflated 84%)
  adding: Excelerate.app/Contents/Resources/lib/python3.11/numpy/lib/tests/test_nanfunctions.py (deflated 84%)
  adding: Excelerate.app/Contents/Resources/lib/python3.11/numpy/lib/tests/test_loadtxt.py (deflated 74%)
  adding: Excelerate.app/Contents/Resources/lib/python3.11/numpy/lib/tests/data/ (stored 0%)
  adding: Excelerate.app/Contents/Resources/lib/python3.11/numpy/lib/tests/data/py2-objarr.npy (deflated 14%)
  adding: Excelerate.app/Contents/Resources/lib/python3.11/numpy/lib/tests/data/py3-objarr.npz (deflated 21%)
  adding: Excelerate.app/Contents/Resources/lib/python3.11/numpy/lib/tests/data/python3.npy (deflated 23%)
  adding: Excelerate.app/Contents/Resources/lib/python3.11/numpy/lib/tests/data/win64python2.npy (deflated 22%)
  adding: Excelerate.app/Contents/Resources/lib/python3.11/numpy/lib/tests/data/py2-objarr.npz (deflated 23%)
  adding: Excelerate.app/Contents/Resources/lib/python3.11/numpy/lib/tests/data/py3-objarr.npy (deflated 13%)
  adding: Excelerate.app/Contents/Resources/lib/python3.11/numpy/lib/tests/test_format.py (deflated 82%)
  adding: Excelerate.app/Contents/Resources/lib/python3.11/numpy/lib/tests/test_histograms.py (deflated 76%)
  adding: Excelerate.app/Contents/Resources/lib/python3.11/numpy/lib/tests/test_regression.py (deflated 70%)
  adding: Excelerate.app/Contents/Resources/lib/python3.11/numpy/lib/user_array.py (deflated 80%)
  adding: Excelerate.app/Contents/Resources/lib/python3.11/numpy/lib/__init__.py (deflated 64%)
  adding: Excelerate.app/Contents/Resources/lib/python3.11/numpy/lib/format.py (deflated 70%)
  adding: Excelerate.app/Contents/Resources/lib/python3.11/numpy/lib/twodim_base.py (deflated 74%)
  adding: Excelerate.app/Contents/Resources/lib/python3.11/numpy/lib/npyio.pyi (deflated 81%)
  adding: Excelerate.app/Contents/Resources/lib/python3.11/numpy/lib/__pycache__/ (stored 0%)
  adding: Excelerate.app/Contents/Resources/lib/python3.11/numpy/lib/__pycache__/npyio.cpython-311.pyc (deflated 61%)
  adding: Excelerate.app/Contents/Resources/lib/python3.11/numpy/lib/__pycache__/arraysetops.cpython-311.pyc (deflated 64%)
  adding: Excelerate.app/Contents/Resources/lib/python3.11/numpy/lib/__pycache__/index_tricks.cpython-311.pyc (deflated 62%)
  adding: Excelerate.app/Contents/Resources/lib/python3.11/numpy/lib/__pycache__/user_array.cpython-311.pyc (deflated 71%)
  adding: Excelerate.app/Contents/Resources/lib/python3.11/numpy/lib/__pycache__/type_check.cpython-311.pyc (deflated 64%)
  adding: Excelerate.app/Contents/Resources/lib/python3.11/numpy/lib/__pycache__/recfunctions.cpython-311.pyc (deflated 62%)
  adding: Excelerate.app/Contents/Resources/lib/python3.11/numpy/lib/__pycache__/_iotools.cpython-311.pyc (deflated 59%)
  adding: Excelerate.app/Contents/Resources/lib/python3.11/numpy/lib/__pycache__/setup.cpython-311.pyc (deflated 38%)
  adding: Excelerate.app/Contents/Resources/lib/python3.11/numpy/lib/__pycache__/arrayterator.cpython-311.pyc (deflated 55%)
  adding: Excelerate.app/Contents/Resources/lib/python3.11/numpy/lib/__pycache__/function_base.cpython-311.pyc (deflated 65%)
  adding: Excelerate.app/Contents/Resources/lib/python3.11/numpy/lib/__pycache__/format.cpython-311.pyc (deflated 58%)
  adding: Excelerate.app/Contents/Resources/lib/python3.11/numpy/lib/__pycache__/utils.cpython-311.pyc (deflated 56%)
  adding: Excelerate.app/Contents/Resources/lib/python3.11/numpy/lib/__pycache__/scimath.cpython-311.pyc (deflated 73%)
  adding: Excelerate.app/Contents/Resources/lib/python3.11/numpy/lib/__pycache__/histograms.cpython-311.pyc (deflated 61%)
  adding: Excelerate.app/Contents/Resources/lib/python3.11/numpy/lib/__pycache__/_version.cpython-311.pyc (deflated 57%)
  adding: Excelerate.app/Contents/Resources/lib/python3.11/numpy/lib/__pycache__/mixins.cpython-311.pyc (deflated 59%)
  adding: Excelerate.app/Contents/Resources/lib/python3.11/numpy/lib/__pycache__/shape_base.cpython-311.pyc (deflated 65%)
  adding: Excelerate.app/Contents/Resources/lib/python3.11/numpy/lib/__pycache__/arraypad.cpython-311.pyc (deflated 62%)
  adding: Excelerate.app/Contents/Resources/lib/python3.11/numpy/lib/__pycache__/polynomial.cpython-311.pyc (deflated 64%)
  adding: Excelerate.app/Contents/Resources/lib/python3.11/numpy/lib/__pycache__/_datasource.cpython-311.pyc (deflated 64%)
  adding: Excelerate.app/Contents/Resources/lib/python3.11/numpy/lib/__pycache__/stride_tricks.cpython-311.pyc (deflated 60%)
  adding: Excelerate.app/Contents/Resources/lib/python3.11/numpy/lib/__pycache__/ufunclike.cpython-311.pyc (deflated 67%)
  adding: Excelerate.app/Contents/Resources/lib/python3.11/numpy/lib/__pycache__/twodim_base.cpython-311.pyc (deflated 67%)
  adding: Excelerate.app/Contents/Resources/lib/python3.11/numpy/lib/__pycache__/__init__.cpython-311.pyc (deflated 51%)
  adding: Excelerate.app/Contents/Resources/lib/python3.11/numpy/lib/__pycache__/nanfunctions.cpython-311.pyc (deflated 74%)
  adding: Excelerate.app/Contents/Resources/lib/python3.11/numpy/lib/utils.pyi (deflated 61%)
  adding: Excelerate.app/Contents/Resources/lib/python3.11/numpy/lib/index_tricks.py (deflated 72%)
  adding: Excelerate.app/Contents/Resources/lib/python3.11/numpy/lib/npyio.py (deflated 74%)
  adding: Excelerate.app/Contents/Resources/lib/python3.11/numpy/lib/arrayterator.pyi (deflated 59%)
  adding: Excelerate.app/Contents/Resources/lib/python3.11/numpy/lib/histograms.pyi (deflated 67%)
  adding: Excelerate.app/Contents/Resources/lib/python3.11/numpy/lib/shape_base.py (deflated 74%)
  adding: Excelerate.app/Contents/Resources/lib/python3.11/numpy/lib/setup.py (deflated 51%)
  adding: Excelerate.app/Contents/Resources/lib/python3.11/numpy/lib/arraypad.pyi (deflated 65%)
  adding: Excelerate.app/Contents/Resources/lib/python3.11/numpy/lib/stride_tricks.py (deflated 69%)
  adding: Excelerate.app/Contents/Resources/lib/python3.11/numpy/lib/utils.py (deflated 70%)
  adding: Excelerate.app/Contents/Resources/lib/python3.11/numpy/lib/polynomial.pyi (deflated 86%)
  adding: Excelerate.app/Contents/Resources/lib/python3.11/numpy/lib/arrayterator.py (deflated 66%)
  adding: Excelerate.app/Contents/Resources/lib/python3.11/numpy/lib/function_base.py (deflated 74%)
  adding: Excelerate.app/Contents/Resources/lib/python3.11/numpy/lib/stride_tricks.pyi (deflated 74%)
  adding: Excelerate.app/Contents/Resources/lib/python3.11/numpy/lib/arraysetops.py (deflated 74%)
  adding: Excelerate.app/Contents/Resources/lib/python3.11/numpy/lib/nanfunctions.pyi (deflated 52%)
  adding: Excelerate.app/Contents/Resources/lib/python3.11/numpy/lib/arraypad.py (deflated 76%)
  adding: Excelerate.app/Contents/Resources/lib/python3.11/numpy/lib/type_check.py (deflated 73%)
  adding: Excelerate.app/Contents/Resources/lib/python3.11/numpy/lib/shape_base.pyi (deflated 79%)
  adding: Excelerate.app/Contents/Resources/lib/python3.11/numpy/lib/polynomial.py (deflated 72%)
  adding: Excelerate.app/Contents/Resources/lib/python3.11/numpy/lib/arraysetops.pyi (deflated 88%)
  adding: Excelerate.app/Contents/Resources/lib/python3.11/numpy/lib/_datasource.py (deflated 75%)
  adding: Excelerate.app/Contents/Resources/lib/python3.11/numpy/lib/ufunclike.py (deflated 75%)
  adding: Excelerate.app/Contents/Resources/lib/python3.11/numpy/py.typed (stored 0%)
  adding: Excelerate.app/Contents/Resources/lib/python3.11/numpy/exceptions.py (deflated 64%)
  adding: Excelerate.app/Contents/Resources/lib/python3.11/numpy/fft/ (stored 0%)
  adding: Excelerate.app/Contents/Resources/lib/python3.11/numpy/fft/helper.pyi (deflated 73%)
  adding: Excelerate.app/Contents/Resources/lib/python3.11/numpy/fft/_pocketfft_internal.cpython-311-darwin.so (deflated 64%)
  adding: Excelerate.app/Contents/Resources/lib/python3.11/numpy/fft/__init__.pyi (deflated 65%)
  adding: Excelerate.app/Contents/Resources/lib/python3.11/numpy/fft/tests/ (stored 0%)
  adding: Excelerate.app/Contents/Resources/lib/python3.11/numpy/fft/tests/test_pocketfft.py (deflated 80%)
  adding: Excelerate.app/Contents/Resources/lib/python3.11/numpy/fft/tests/test_helper.py (deflated 79%)
  adding: Excelerate.app/Contents/Resources/lib/python3.11/numpy/fft/tests/__init__.py (stored 0%)
  adding: Excelerate.app/Contents/Resources/lib/python3.11/numpy/fft/tests/__pycache__/ (stored 0%)
  adding: Excelerate.app/Contents/Resources/lib/python3.11/numpy/fft/tests/__pycache__/test_pocketfft.cpython-311.pyc (deflated 72%)
  adding: Excelerate.app/Contents/Resources/lib/python3.11/numpy/fft/tests/__pycache__/test_helper.cpython-311.pyc (deflated 65%)
  adding: Excelerate.app/Contents/Resources/lib/python3.11/numpy/fft/tests/__pycache__/__init__.cpython-311.pyc (deflated 18%)
  adding: Excelerate.app/Contents/Resources/lib/python3.11/numpy/fft/__init__.py (deflated 63%)
  adding: Excelerate.app/Contents/Resources/lib/python3.11/numpy/fft/__pycache__/ (stored 0%)
  adding: Excelerate.app/Contents/Resources/lib/python3.11/numpy/fft/__pycache__/helper.cpython-311.pyc (deflated 64%)
  adding: Excelerate.app/Contents/Resources/lib/python3.11/numpy/fft/__pycache__/_pocketfft.cpython-311.pyc (deflated 79%)
  adding: Excelerate.app/Contents/Resources/lib/python3.11/numpy/fft/__pycache__/__init__.cpython-311.pyc (deflated 60%)
  adding: Excelerate.app/Contents/Resources/lib/python3.11/numpy/fft/helper.py (deflated 73%)
  adding: Excelerate.app/Contents/Resources/lib/python3.11/numpy/fft/_pocketfft.pyi (deflated 85%)
  adding: Excelerate.app/Contents/Resources/lib/python3.11/numpy/fft/_pocketfft.py (deflated 84%)
  adding: Excelerate.app/Contents/Resources/lib/python3.11/numpy/doc/ (stored 0%)
  adding: Excelerate.app/Contents/Resources/lib/python3.11/numpy/doc/constants.py (deflated 79%)
  adding: Excelerate.app/Contents/Resources/lib/python3.11/numpy/doc/ufuncs.py (deflated 59%)
  adding: Excelerate.app/Contents/Resources/lib/python3.11/numpy/doc/__init__.py (deflated 40%)
  adding: Excelerate.app/Contents/Resources/lib/python3.11/numpy/doc/__pycache__/ (stored 0%)
  adding: Excelerate.app/Contents/Resources/lib/python3.11/numpy/doc/__pycache__/constants.cpython-311.pyc (deflated 70%)
  adding: Excelerate.app/Contents/Resources/lib/python3.11/numpy/doc/__pycache__/ufuncs.cpython-311.pyc (deflated 57%)
  adding: Excelerate.app/Contents/Resources/lib/python3.11/numpy/doc/__pycache__/__init__.cpython-311.pyc (deflated 36%)
  adding: Excelerate.app/Contents/Resources/lib/python3.11/numpy/_pytesttester.py (deflated 63%)
  adding: Excelerate.app/Contents/Resources/lib/python3.11/numpy/random/ (stored 0%)
  adding: Excelerate.app/Contents/Resources/lib/python3.11/numpy/random/_generator.pyi (deflated 90%)
  adding: Excelerate.app/Contents/Resources/lib/python3.11/numpy/random/LICENSE.md (deflated 58%)
  adding: Excelerate.app/Contents/Resources/lib/python3.11/numpy/random/_common.pxd (deflated 80%)
  adding: Excelerate.app/Contents/Resources/lib/python3.11/numpy/random/_generator.cpython-311-darwin.so (deflated 65%)
  adding: Excelerate.app/Contents/Resources/lib/python3.11/numpy/random/_pcg64.pyi (deflated 71%)
  adding: Excelerate.app/Contents/Resources/lib/python3.11/numpy/random/__init__.pyi (deflated 70%)
  adding: Excelerate.app/Contents/Resources/lib/python3.11/numpy/random/c_distributions.pxd (deflated 83%)
  adding: Excelerate.app/Contents/Resources/lib/python3.11/numpy/random/_common.cpython-311-darwin.so (deflated 66%)
  adding: Excelerate.app/Contents/Resources/lib/python3.11/numpy/random/_pickle.py (deflated 75%)
  adding: Excelerate.app/Contents/Resources/lib/python3.11/numpy/random/__init__.pxd (deflated 51%)
  adding: Excelerate.app/Contents/Resources/lib/python3.11/numpy/random/mtrand.cpython-311-darwin.so (deflated 68%)
  adding: Excelerate.app/Contents/Resources/lib/python3.11/numpy/random/tests/ (stored 0%)
  adding: Excelerate.app/Contents/Resources/lib/python3.11/numpy/random/tests/test_generator_mt19937.py (deflated 81%)
  adding: Excelerate.app/Contents/Resources/lib/python3.11/numpy/random/tests/test_randomstate.py (deflated 80%)
  adding: Excelerate.app/Contents/Resources/lib/python3.11/numpy/random/tests/test_direct.py (deflated 80%)
  adding: Excelerate.app/Contents/Resources/lib/python3.11/numpy/random/tests/test_extending.py (deflated 60%)
  adding: Excelerate.app/Contents/Resources/lib/python3.11/numpy/random/tests/__init__.py (stored 0%)
  adding: Excelerate.app/Contents/Resources/lib/python3.11/numpy/random/tests/__pycache__/ (stored 0%)
  adding: Excelerate.app/Contents/Resources/lib/python3.11/numpy/random/tests/__pycache__/test_regression.cpython-311.pyc (deflated 64%)
  adding: Excelerate.app/Contents/Resources/lib/python3.11/numpy/random/tests/__pycache__/test_extending.cpython-311.pyc (deflated 46%)
  adding: Excelerate.app/Contents/Resources/lib/python3.11/numpy/random/tests/__pycache__/test_randomstate.cpython-311.pyc (deflated 72%)
  adding: Excelerate.app/Contents/Resources/lib/python3.11/numpy/random/tests/__pycache__/test_random.cpython-311.pyc (deflated 74%)
  adding: Excelerate.app/Contents/Resources/lib/python3.11/numpy/random/tests/__pycache__/test_generator_mt19937_regressions.cpython-311.pyc (deflated 63%)
  adding: Excelerate.app/Contents/Resources/lib/python3.11/numpy/random/tests/__pycache__/test_generator_mt19937.cpython-311.pyc (deflated 72%)
  adding: Excelerate.app/Contents/Resources/lib/python3.11/numpy/random/tests/__pycache__/test_smoke.cpython-311.pyc (deflated 75%)
  adding: Excelerate.app/Contents/Resources/lib/python3.11/numpy/random/tests/__pycache__/test_randomstate_regression.cpython-311.pyc (deflated 62%)
  adding: Excelerate.app/Contents/Resources/lib/python3.11/numpy/random/tests/__pycache__/test_seed_sequence.cpython-311.pyc (deflated 43%)
  adding: Excelerate.app/Contents/Resources/lib/python3.11/numpy/random/tests/__pycache__/test_direct.cpython-311.pyc (deflated 67%)
  adding: Excelerate.app/Contents/Resources/lib/python3.11/numpy/random/tests/__pycache__/__init__.cpython-311.pyc (deflated 18%)
  adding: Excelerate.app/Contents/Resources/lib/python3.11/numpy/random/tests/test_smoke.py (deflated 85%)
  adding: Excelerate.app/Contents/Resources/lib/python3.11/numpy/random/tests/test_randomstate_regression.py (deflated 69%)
  adding: Excelerate.app/Contents/Resources/lib/python3.11/numpy/random/tests/test_seed_sequence.py (deflated 56%)
  adding: Excelerate.app/Contents/Resources/lib/python3.11/numpy/random/tests/data/ (stored 0%)
  adding: Excelerate.app/Contents/Resources/lib/python3.11/numpy/random/tests/data/philox-testset-1.csv (deflated 47%)
  adding: Excelerate.app/Contents/Resources/lib/python3.11/numpy/random/tests/data/philox-testset-2.csv (deflated 47%)
  adding: Excelerate.app/Contents/Resources/lib/python3.11/numpy/random/tests/data/sfc64-testset-1.csv (deflated 47%)
  adding: Excelerate.app/Contents/Resources/lib/python3.11/numpy/random/tests/data/sfc64-testset-2.csv (deflated 48%)
  adding: Excelerate.app/Contents/Resources/lib/python3.11/numpy/random/tests/data/__init__.py (stored 0%)
  adding: Excelerate.app/Contents/Resources/lib/python3.11/numpy/random/tests/data/__pycache__/ (stored 0%)
  adding: Excelerate.app/Contents/Resources/lib/python3.11/numpy/random/tests/data/__pycache__/__init__.cpython-311.pyc (deflated 18%)
  adding: Excelerate.app/Contents/Resources/lib/python3.11/numpy/random/tests/data/mt19937-testset-2.csv (deflated 52%)
  adding: Excelerate.app/Contents/Resources/lib/python3.11/numpy/random/tests/data/mt19937-testset-1.csv (deflated 52%)
  adding: Excelerate.app/Contents/Resources/lib/python3.11/numpy/random/tests/data/pcg64-testset-1.csv (deflated 47%)
  adding: Excelerate.app/Contents/Resources/lib/python3.11/numpy/random/tests/data/pcg64-testset-2.csv (deflated 47%)
  adding: Excelerate.app/Contents/Resources/lib/python3.11/numpy/random/tests/data/pcg64dxsm-testset-1.csv (deflated 47%)
  adding: Excelerate.app/Contents/Resources/lib/python3.11/numpy/random/tests/data/pcg64dxsm-testset-2.csv (deflated 47%)
  adding: Excelerate.app/Contents/Resources/lib/python3.11/numpy/random/tests/test_generator_mt19937_regressions.py (deflated 68%)
  adding: Excelerate.app/Contents/Resources/lib/python3.11/numpy/random/tests/test_random.py (deflated 80%)
  adding: Excelerate.app/Contents/Resources/lib/python3.11/numpy/random/tests/test_regression.py (deflated 68%)
  adding: Excelerate.app/Contents/Resources/lib/python3.11/numpy/random/__init__.py (deflated 74%)
  adding: Excelerate.app/Contents/Resources/lib/python3.11/numpy/random/_sfc64.cpython-311-darwin.so (deflated 76%)
  adding: Excelerate.app/Contents/Resources/lib/python3.11/numpy/random/__pycache__/ (stored 0%)
  adding: Excelerate.app/Contents/Resources/lib/python3.11/numpy/random/__pycache__/_pickle.cpython-311.pyc (deflated 59%)
  adding: Excelerate.app/Contents/Resources/lib/python3.11/numpy/random/__pycache__/__init__.cpython-311.pyc (deflated 68%)
  adding: Excelerate.app/Contents/Resources/lib/python3.11/numpy/random/_philox.pyi (deflated 63%)
  adding: Excelerate.app/Contents/Resources/lib/python3.11/numpy/random/_pcg64.cpython-311-darwin.so (deflated 75%)
  adding: Excelerate.app/Contents/Resources/lib/python3.11/numpy/random/_bounded_integers.pxd (deflated 79%)
  adding: Excelerate.app/Contents/Resources/lib/python3.11/numpy/random/_philox.cpython-311-darwin.so (deflated 73%)
  adding: Excelerate.app/Contents/Resources/lib/python3.11/numpy/random/_mt19937.cpython-311-darwin.so (deflated 67%)
  adding: Excelerate.app/Contents/Resources/lib/python3.11/numpy/random/lib/ (stored 0%)
  adding: Excelerate.app/Contents/Resources/lib/python3.11/numpy/random/lib/libnpyrandom.a (deflated 39%)
  adding: Excelerate.app/Contents/Resources/lib/python3.11/numpy/random/_mt19937.pyi (deflated 56%)
  adding: Excelerate.app/Contents/Resources/lib/python3.11/numpy/random/bit_generator.pyi (deflated 73%)
  adding: Excelerate.app/Contents/Resources/lib/python3.11/numpy/random/_sfc64.pyi (deflated 56%)
  adding: Excelerate.app/Contents/Resources/lib/python3.11/numpy/random/_bounded_integers.cpython-311-darwin.so (deflated 67%)
  adding: Excelerate.app/Contents/Resources/lib/python3.11/numpy/random/bit_generator.pxd (deflated 62%)
  adding: Excelerate.app/Contents/Resources/lib/python3.11/numpy/random/_examples/ (stored 0%)
  adding: Excelerate.app/Contents/Resources/lib/python3.11/numpy/random/_examples/cffi/ (stored 0%)
  adding: Excelerate.app/Contents/Resources/lib/python3.11/numpy/random/_examples/cffi/__pycache__/ (stored 0%)
  adding: Excelerate.app/Contents/Resources/lib/python3.11/numpy/random/_examples/cffi/__pycache__/parse.cpython-311.pyc (deflated 54%)
  adding: Excelerate.app/Contents/Resources/lib/python3.11/numpy/random/_examples/cffi/__pycache__/extending.cpython-311.pyc (deflated 39%)
  adding: Excelerate.app/Contents/Resources/lib/python3.11/numpy/random/_examples/cffi/parse.py (deflated 67%)
  adding: Excelerate.app/Contents/Resources/lib/python3.11/numpy/random/_examples/cffi/extending.py (deflated 50%)
  adding: Excelerate.app/Contents/Resources/lib/python3.11/numpy/random/_examples/cython/ (stored 0%)
  adding: Excelerate.app/Contents/Resources/lib/python3.11/numpy/random/_examples/cython/meson.build (deflated 64%)
  adding: Excelerate.app/Contents/Resources/lib/python3.11/numpy/random/_examples/cython/extending_distributions.pyx (deflated 70%)
  adding: Excelerate.app/Contents/Resources/lib/python3.11/numpy/random/_examples/cython/extending.pyx (deflated 65%)
  adding: Excelerate.app/Contents/Resources/lib/python3.11/numpy/random/_examples/numba/ (stored 0%)
  adding: Excelerate.app/Contents/Resources/lib/python3.11/numpy/random/_examples/numba/__pycache__/ (stored 0%)
  adding: Excelerate.app/Contents/Resources/lib/python3.11/numpy/random/_examples/numba/__pycache__/extending_distributions.cpython-311.pyc (deflated 46%)
  adding: Excelerate.app/Contents/Resources/lib/python3.11/numpy/random/_examples/numba/__pycache__/extending.cpython-311.pyc (deflated 49%)
  adding: Excelerate.app/Contents/Resources/lib/python3.11/numpy/random/_examples/numba/extending.py (deflated 62%)
  adding: Excelerate.app/Contents/Resources/lib/python3.11/numpy/random/_examples/numba/extending_distributions.py (deflated 56%)
  adding: Excelerate.app/Contents/Resources/lib/python3.11/numpy/random/mtrand.pyi (deflated 88%)
  adding: Excelerate.app/Contents/Resources/lib/python3.11/numpy/random/bit_generator.cpython-311-darwin.so (deflated 65%)
  adding: Excelerate.app/Contents/Resources/lib/python3.11/numpy/matrixlib/ (stored 0%)
  adding: Excelerate.app/Contents/Resources/lib/python3.11/numpy/matrixlib/__init__.pyi (deflated 48%)
  adding: Excelerate.app/Contents/Resources/lib/python3.11/numpy/matrixlib/tests/ (stored 0%)
  adding: Excelerate.app/Contents/Resources/lib/python3.11/numpy/matrixlib/tests/test_matrix_linalg.py (deflated 70%)
  adding: Excelerate.app/Contents/Resources/lib/python3.11/numpy/matrixlib/tests/test_defmatrix.py (deflated 77%)
  adding: Excelerate.app/Contents/Resources/lib/python3.11/numpy/matrixlib/tests/__init__.py (stored 0%)
  adding: Excelerate.app/Contents/Resources/lib/python3.11/numpy/matrixlib/tests/__pycache__/ (stored 0%)
  adding: Excelerate.app/Contents/Resources/lib/python3.11/numpy/matrixlib/tests/__pycache__/test_interaction.cpython-311.pyc (deflated 67%)
  adding: Excelerate.app/Contents/Resources/lib/python3.11/numpy/matrixlib/tests/__pycache__/test_regression.cpython-311.pyc (deflated 57%)
  adding: Excelerate.app/Contents/Resources/lib/python3.11/numpy/matrixlib/tests/__pycache__/test_masked_matrix.cpython-311.pyc (deflated 65%)
  adding: Excelerate.app/Contents/Resources/lib/python3.11/numpy/matrixlib/tests/__pycache__/test_numeric.cpython-311.pyc (deflated 47%)
  adding: Excelerate.app/Contents/Resources/lib/python3.11/numpy/matrixlib/tests/__pycache__/test_multiarray.cpython-311.pyc (deflated 48%)
  adding: Excelerate.app/Contents/Resources/lib/python3.11/numpy/matrixlib/tests/__pycache__/test_defmatrix.cpython-311.pyc (deflated 70%)
  adding: Excelerate.app/Contents/Resources/lib/python3.11/numpy/matrixlib/tests/__pycache__/__init__.cpython-311.pyc (deflated 19%)
  adding: Excelerate.app/Contents/Resources/lib/python3.11/numpy/matrixlib/tests/__pycache__/test_matrix_linalg.cpython-311.pyc (deflated 67%)
  adding: Excelerate.app/Contents/Resources/lib/python3.11/numpy/matrixlib/tests/test_interaction.py (deflated 75%)
  adding: Excelerate.app/Contents/Resources/lib/python3.11/numpy/matrixlib/tests/test_numeric.py (deflated 53%)
  adding: Excelerate.app/Contents/Resources/lib/python3.11/numpy/matrixlib/tests/test_masked_matrix.py (deflated 74%)
  adding: Excelerate.app/Contents/Resources/lib/python3.11/numpy/matrixlib/tests/test_multiarray.py (deflated 51%)
  adding: Excelerate.app/Contents/Resources/lib/python3.11/numpy/matrixlib/tests/test_regression.py (deflated 60%)
  adding: Excelerate.app/Contents/Resources/lib/python3.11/numpy/matrixlib/__init__.py (deflated 40%)
  adding: Excelerate.app/Contents/Resources/lib/python3.11/numpy/matrixlib/__pycache__/ (stored 0%)
  adding: Excelerate.app/Contents/Resources/lib/python3.11/numpy/matrixlib/__pycache__/setup.cpython-311.pyc (deflated 37%)
  adding: Excelerate.app/Contents/Resources/lib/python3.11/numpy/matrixlib/__pycache__/defmatrix.cpython-311.pyc (deflated 69%)
  adding: Excelerate.app/Contents/Resources/lib/python3.11/numpy/matrixlib/__pycache__/__init__.cpython-311.pyc (deflated 25%)
  adding: Excelerate.app/Contents/Resources/lib/python3.11/numpy/matrixlib/setup.py (deflated 47%)
  adding: Excelerate.app/Contents/Resources/lib/python3.11/numpy/matrixlib/defmatrix.pyi (deflated 50%)
  adding: Excelerate.app/Contents/Resources/lib/python3.11/numpy/matrixlib/defmatrix.py (deflated 78%)
  adding: Excelerate.app/Contents/Resources/lib/python3.11/numpy/polynomial/ (stored 0%)
  adding: Excelerate.app/Contents/Resources/lib/python3.11/numpy/polynomial/laguerre.py (deflated 75%)
  adding: Excelerate.app/Contents/Resources/lib/python3.11/numpy/polynomial/_polybase.py (deflated 77%)
  adding: Excelerate.app/Contents/Resources/lib/python3.11/numpy/polynomial/__init__.pyi (deflated 66%)
  adding: Excelerate.app/Contents/Resources/lib/python3.11/numpy/polynomial/polyutils.py (deflated 69%)
  adding: Excelerate.app/Contents/Resources/lib/python3.11/numpy/polynomial/hermite.pyi (deflated 65%)
  adding: Excelerate.app/Contents/Resources/lib/python3.11/numpy/polynomial/tests/ (stored 0%)
  adding: Excelerate.app/Contents/Resources/lib/python3.11/numpy/polynomial/tests/test_chebyshev.py (deflated 82%)
  adding: Excelerate.app/Contents/Resources/lib/python3.11/numpy/polynomial/tests/test_hermite_e.py (deflated 82%)
  adding: Excelerate.app/Contents/Resources/lib/python3.11/numpy/polynomial/tests/test_polynomial.py (deflated 82%)
  adding: Excelerate.app/Contents/Resources/lib/python3.11/numpy/polynomial/tests/__init__.py (stored 0%)
  adding: Excelerate.app/Contents/Resources/lib/python3.11/numpy/polynomial/tests/test_laguerre.py (deflated 82%)
  adding: Excelerate.app/Contents/Resources/lib/python3.11/numpy/polynomial/tests/__pycache__/ (stored 0%)
  adding: Excelerate.app/Contents/Resources/lib/python3.11/numpy/polynomial/tests/__pycache__/test_symbol.cpython-311.pyc (deflated 67%)
  adding: Excelerate.app/Contents/Resources/lib/python3.11/numpy/polynomial/tests/__pycache__/test_legendre.cpython-311.pyc (deflated 71%)
  adding: Excelerate.app/Contents/Resources/lib/python3.11/numpy/polynomial/tests/__pycache__/test_chebyshev.cpython-311.pyc (deflated 71%)
  adding: Excelerate.app/Contents/Resources/lib/python3.11/numpy/polynomial/tests/__pycache__/test_printing.cpython-311.pyc (deflated 72%)
  adding: Excelerate.app/Contents/Resources/lib/python3.11/numpy/polynomial/tests/__pycache__/test_polyutils.cpython-311.pyc (deflated 61%)
  adding: Excelerate.app/Contents/Resources/lib/python3.11/numpy/polynomial/tests/__pycache__/test_hermite.cpython-311.pyc (deflated 71%)
  adding: Excelerate.app/Contents/Resources/lib/python3.11/numpy/polynomial/tests/__pycache__/test_hermite_e.cpython-311.pyc (deflated 71%)
  adding: Excelerate.app/Contents/Resources/lib/python3.11/numpy/polynomial/tests/__pycache__/test_classes.cpython-311.pyc (deflated 74%)
  adding: Excelerate.app/Contents/Resources/lib/python3.11/numpy/polynomial/tests/__pycache__/test_polynomial.cpython-311.pyc (deflated 70%)
  adding: Excelerate.app/Contents/Resources/lib/python3.11/numpy/polynomial/tests/__pycache__/test_laguerre.cpython-311.pyc (deflated 70%)
  adding: Excelerate.app/Contents/Resources/lib/python3.11/numpy/polynomial/tests/__pycache__/__init__.cpython-311.pyc (deflated 18%)
  adding: Excelerate.app/Contents/Resources/lib/python3.11/numpy/polynomial/tests/test_legendre.py (deflated 81%)
  adding: Excelerate.app/Contents/Resources/lib/python3.11/numpy/polynomial/tests/test_printing.py (deflated 81%)
  adding: Excelerate.app/Contents/Resources/lib/python3.11/numpy/polynomial/tests/test_hermite.py (deflated 82%)
  adding: Excelerate.app/Contents/Resources/lib/python3.11/numpy/polynomial/tests/test_classes.py (deflated 82%)
  adding: Excelerate.app/Contents/Resources/lib/python3.11/numpy/polynomial/tests/test_symbol.py (deflated 75%)
  adding: Excelerate.app/Contents/Resources/lib/python3.11/numpy/polynomial/tests/test_polyutils.py (deflated 75%)
  adding: Excelerate.app/Contents/Resources/lib/python3.11/numpy/polynomial/__init__.py (deflated 64%)
  adding: Excelerate.app/Contents/Resources/lib/python3.11/numpy/polynomial/__pycache__/ (stored 0%)
  adding: Excelerate.app/Contents/Resources/lib/python3.11/numpy/polynomial/__pycache__/hermite.cpython-311.pyc (deflated 69%)
  adding: Excelerate.app/Contents/Resources/lib/python3.11/numpy/polynomial/__pycache__/hermite_e.cpython-311.pyc (deflated 69%)
  adding: Excelerate.app/Contents/Resources/lib/python3.11/numpy/polynomial/__pycache__/laguerre.cpython-311.pyc (deflated 69%)
  adding: Excelerate.app/Contents/Resources/lib/python3.11/numpy/polynomial/__pycache__/polyutils.cpython-311.pyc (deflated 59%)
  adding: Excelerate.app/Contents/Resources/lib/python3.11/numpy/polynomial/__pycache__/_polybase.cpython-311.pyc (deflated 68%)
  adding: Excelerate.app/Contents/Resources/lib/python3.11/numpy/polynomial/__pycache__/setup.cpython-311.pyc (deflated 37%)
  adding: Excelerate.app/Contents/Resources/lib/python3.11/numpy/polynomial/__pycache__/polynomial.cpython-311.pyc (deflated 69%)
  adding: Excelerate.app/Contents/Resources/lib/python3.11/numpy/polynomial/__pycache__/legendre.cpython-311.pyc (deflated 69%)
  adding: Excelerate.app/Contents/Resources/lib/python3.11/numpy/polynomial/__pycache__/chebyshev.cpython-311.pyc (deflated 69%)
  adding: Excelerate.app/Contents/Resources/lib/python3.11/numpy/polynomial/__pycache__/__init__.cpython-311.pyc (deflated 58%)
  adding: Excelerate.app/Contents/Resources/lib/python3.11/numpy/polynomial/polyutils.pyi (deflated 44%)
  adding: Excelerate.app/Contents/Resources/lib/python3.11/numpy/polynomial/chebyshev.pyi (deflated 66%)
  adding: Excelerate.app/Contents/Resources/lib/python3.11/numpy/polynomial/setup.py (deflated 48%)
  adding: Excelerate.app/Contents/Resources/lib/python3.11/numpy/polynomial/laguerre.pyi (deflated 65%)
  adding: Excelerate.app/Contents/Resources/lib/python3.11/numpy/polynomial/polynomial.pyi (deflated 67%)
  adding: Excelerate.app/Contents/Resources/lib/python3.11/numpy/polynomial/_polybase.pyi (deflated 75%)
  adding: Excelerate.app/Contents/Resources/lib/python3.11/numpy/polynomial/hermite_e.pyi (deflated 66%)
  adding: Excelerate.app/Contents/Resources/lib/python3.11/numpy/polynomial/legendre.pyi (deflated 65%)
  adding: Excelerate.app/Contents/Resources/lib/python3.11/numpy/polynomial/hermite_e.py (deflated 75%)
  adding: Excelerate.app/Contents/Resources/lib/python3.11/numpy/polynomial/chebyshev.py (deflated 75%)
  adding: Excelerate.app/Contents/Resources/lib/python3.11/numpy/polynomial/polynomial.py (deflated 75%)
  adding: Excelerate.app/Contents/Resources/lib/python3.11/numpy/polynomial/legendre.py (deflated 75%)
  adding: Excelerate.app/Contents/Resources/lib/python3.11/numpy/polynomial/hermite.py (deflated 75%)
  adding: Excelerate.app/Contents/Resources/lib/python3.11/babel/ (stored 0%)
  adding: Excelerate.app/Contents/Resources/lib/python3.11/babel/global.dat (deflated 71%)
  adding: Excelerate.app/Contents/Resources/lib/python3.11/babel/messages/ (stored 0%)
  adding: Excelerate.app/Contents/Resources/lib/python3.11/babel/messages/catalog.py (deflated 76%)
  adding: Excelerate.app/Contents/Resources/lib/python3.11/babel/messages/checkers.py (deflated 68%)
  adding: Excelerate.app/Contents/Resources/lib/python3.11/babel/messages/pofile.py (deflated 73%)
  adding: Excelerate.app/Contents/Resources/lib/python3.11/babel/messages/jslexer.py (deflated 65%)
  adding: Excelerate.app/Contents/Resources/lib/python3.11/babel/messages/frontend.py (deflated 76%)
  adding: Excelerate.app/Contents/Resources/lib/python3.11/babel/messages/mofile.py (deflated 66%)
  adding: Excelerate.app/Contents/Resources/lib/python3.11/babel/messages/__init__.py (deflated 39%)
  adding: Excelerate.app/Contents/Resources/lib/python3.11/babel/messages/__pycache__/ (stored 0%)
  adding: Excelerate.app/Contents/Resources/lib/python3.11/babel/messages/__pycache__/mofile.cpython-311.pyc (deflated 52%)
  adding: Excelerate.app/Contents/Resources/lib/python3.11/babel/messages/__pycache__/checkers.cpython-311.pyc (deflated 49%)
  adding: Excelerate.app/Contents/Resources/lib/python3.11/babel/messages/__pycache__/plurals.cpython-311.pyc (deflated 53%)
  adding: Excelerate.app/Contents/Resources/lib/python3.11/babel/messages/__pycache__/setuptools_frontend.cpython-311.pyc (deflated 64%)
  adding: Excelerate.app/Contents/Resources/lib/python3.11/babel/messages/__pycache__/jslexer.cpython-311.pyc (deflated 46%)
  adding: Excelerate.app/Contents/Resources/lib/python3.11/babel/messages/__pycache__/pofile.cpython-311.pyc (deflated 57%)
  adding: Excelerate.app/Contents/Resources/lib/python3.11/babel/messages/__pycache__/catalog.cpython-311.pyc (deflated 60%)
  adding: Excelerate.app/Contents/Resources/lib/python3.11/babel/messages/__pycache__/frontend.cpython-311.pyc (deflated 58%)
  adding: Excelerate.app/Contents/Resources/lib/python3.11/babel/messages/__pycache__/__init__.cpython-311.pyc (deflated 31%)
  adding: Excelerate.app/Contents/Resources/lib/python3.11/babel/messages/__pycache__/extract.cpython-311.pyc (deflated 58%)
  adding: Excelerate.app/Contents/Resources/lib/python3.11/babel/messages/plurals.py (deflated 72%)
  adding: Excelerate.app/Contents/Resources/lib/python3.11/babel/messages/setuptools_frontend.py (deflated 74%)
  adding: Excelerate.app/Contents/Resources/lib/python3.11/babel/messages/extract.py (deflated 76%)
  adding: Excelerate.app/Contents/Resources/lib/python3.11/babel/lists.py (deflated 58%)
  adding: Excelerate.app/Contents/Resources/lib/python3.11/babel/support.py (deflated 79%)
  adding: Excelerate.app/Contents/Resources/lib/python3.11/babel/units.py (deflated 74%)
  adding: Excelerate.app/Contents/Resources/lib/python3.11/babel/locale-data/ (stored 0%)
  adding: Excelerate.app/Contents/Resources/lib/python3.11/babel/locale-data/ff_Latn_GW.dat (deflated 43%)
  adding: Excelerate.app/Contents/Resources/lib/python3.11/babel/locale-data/smj_NO.dat (deflated 41%)
  adding: Excelerate.app/Contents/Resources/lib/python3.11/babel/locale-data/iu_CA.dat (deflated 41%)
  adding: Excelerate.app/Contents/Resources/lib/python3.11/babel/locale-data/wo_SN.dat (deflated 42%)
  adding: Excelerate.app/Contents/Resources/lib/python3.11/babel/locale-data/tr_CY.dat (deflated 45%)
  adding: Excelerate.app/Contents/Resources/lib/python3.11/babel/locale-data/en_DG.dat (deflated 45%)
  adding: Excelerate.app/Contents/Resources/lib/python3.11/babel/locale-data/fr_GN.dat (deflated 41%)
  adding: Excelerate.app/Contents/Resources/lib/python3.11/babel/locale-data/saq.dat (deflated 57%)
  adding: Excelerate.app/Contents/Resources/lib/python3.11/babel/locale-data/nl_CW.dat (deflated 40%)
  adding: Excelerate.app/Contents/Resources/lib/python3.11/babel/locale-data/scn.dat (deflated 52%)
  adding: Excelerate.app/Contents/Resources/lib/python3.11/babel/locale-data/fr_KM.dat (deflated 40%)
  adding: Excelerate.app/Contents/Resources/lib/python3.11/babel/locale-data/chr_US.dat (deflated 41%)
  adding: Excelerate.app/Contents/Resources/lib/python3.11/babel/locale-data/arn.dat (deflated 43%)
  adding: Excelerate.app/Contents/Resources/lib/python3.11/babel/locale-data/ar_OM.dat (deflated 42%)
  adding: Excelerate.app/Contents/Resources/lib/python3.11/babel/locale-data/szl.dat (deflated 64%)
  adding: Excelerate.app/Contents/Resources/lib/python3.11/babel/locale-data/bs_Latn_BA.dat (deflated 41%)
  adding: Excelerate.app/Contents/Resources/lib/python3.11/babel/locale-data/bm.dat (deflated 55%)
  adding: Excelerate.app/Contents/Resources/lib/python3.11/babel/locale-data/ar_MR.dat (deflated 42%)
  adding: Excelerate.app/Contents/Resources/lib/python3.11/babel/locale-data/aa.dat (deflated 46%)
  adding: Excelerate.app/Contents/Resources/lib/python3.11/babel/locale-data/tpi.dat (deflated 47%)
  adding: Excelerate.app/Contents/Resources/lib/python3.11/babel/locale-data/trv.dat (deflated 56%)
  adding: Excelerate.app/Contents/Resources/lib/python3.11/babel/locale-data/nn.dat (deflated 67%)
  adding: Excelerate.app/Contents/Resources/lib/python3.11/babel/locale-data/kam_KE.dat (deflated 42%)
  adding: Excelerate.app/Contents/Resources/lib/python3.11/babel/locale-data/ny.dat (deflated 45%)
  adding: Excelerate.app/Contents/Resources/lib/python3.11/babel/locale-data/es_GQ.dat (deflated 41%)
  adding: Excelerate.app/Contents/Resources/lib/python3.11/babel/locale-data/ie_EE.dat (deflated 41%)
  adding: Excelerate.app/Contents/Resources/lib/python3.11/babel/locale-data/lg.dat (deflated 56%)
  adding: Excelerate.app/Contents/Resources/lib/python3.11/babel/locale-data/byn_ER.dat (deflated 43%)
  adding: Excelerate.app/Contents/Resources/lib/python3.11/babel/locale-data/fr_PF.dat (deflated 42%)
  adding: Excelerate.app/Contents/Resources/lib/python3.11/babel/locale-data/mt.dat (deflated 62%)
  adding: Excelerate.app/Contents/Resources/lib/python3.11/babel/locale-data/no.dat (deflated 68%)
  adding: Excelerate.app/Contents/Resources/lib/python3.11/babel/locale-data/trw.dat (deflated 66%)
  adding: Excelerate.app/Contents/Resources/lib/python3.11/babel/locale-data/ha_Arab.dat (deflated 46%)
  adding: Excelerate.app/Contents/Resources/lib/python3.11/babel/locale-data/prg_PL.dat (deflated 41%)
  adding: Excelerate.app/Contents/Resources/lib/python3.11/babel/locale-data/ta.dat (deflated 74%)
  adding: Excelerate.app/Contents/Resources/lib/python3.11/babel/locale-data/ur.dat (deflated 68%)
  adding: Excelerate.app/Contents/Resources/lib/python3.11/babel/locale-data/vi.dat (deflated 66%)
  adding: Excelerate.app/Contents/Resources/lib/python3.11/babel/locale-data/hy_AM.dat (deflated 42%)
  adding: Excelerate.app/Contents/Resources/lib/python3.11/babel/locale-data/sms.dat (deflated 51%)
  adding: Excelerate.app/Contents/Resources/lib/python3.11/babel/locale-data/sat_Deva_IN.dat (deflated 41%)
  adding: Excelerate.app/Contents/Resources/lib/python3.11/babel/locale-data/nl_BE.dat (deflated 51%)
  adding: Excelerate.app/Contents/Resources/lib/python3.11/babel/locale-data/hi_Latn.dat (deflated 66%)
  adding: Excelerate.app/Contents/Resources/lib/python3.11/babel/locale-data/qu_BO.dat (deflated 42%)
  adding: Excelerate.app/Contents/Resources/lib/python3.11/babel/locale-data/es_PY.dat (deflated 52%)
  adding: Excelerate.app/Contents/Resources/lib/python3.11/babel/locale-data/sn_ZW.dat (deflated 41%)
  adding: Excelerate.app/Contents/Resources/lib/python3.11/babel/locale-data/asa_TZ.dat (deflated 41%)
  adding: Excelerate.app/Contents/Resources/lib/python3.11/babel/locale-data/ga_GB.dat (deflated 41%)
  adding: Excelerate.app/Contents/Resources/lib/python3.11/babel/locale-data/sd_Arab.dat (deflated 39%)
  adding: Excelerate.app/Contents/Resources/lib/python3.11/babel/locale-data/nus.dat (deflated 53%)
  adding: Excelerate.app/Contents/Resources/lib/python3.11/babel/locale-data/oc_FR.dat (deflated 41%)
  adding: Excelerate.app/Contents/Resources/lib/python3.11/babel/locale-data/bal.dat (deflated 66%)
  adding: Excelerate.app/Contents/Resources/lib/python3.11/babel/locale-data/en_JM.dat (deflated 50%)
  adding: Excelerate.app/Contents/Resources/lib/python3.11/babel/locale-data/ti_ET.dat (deflated 43%)
  adding: Excelerate.app/Contents/Resources/lib/python3.11/babel/locale-data/en_KI.dat (deflated 41%)
  adding: Excelerate.app/Contents/Resources/lib/python3.11/babel/locale-data/en_SX.dat (deflated 45%)
  adding: Excelerate.app/Contents/Resources/lib/python3.11/babel/locale-data/rhg_Rohg_MM.dat (deflated 43%)
  adding: Excelerate.app/Contents/Resources/lib/python3.11/babel/locale-data/ru_RU.dat (deflated 41%)
  adding: Excelerate.app/Contents/Resources/lib/python3.11/babel/locale-data/zh_Hant.dat (deflated 63%)
  adding: Excelerate.app/Contents/Resources/lib/python3.11/babel/locale-data/dsb_DE.dat (deflated 41%)
  adding: Excelerate.app/Contents/Resources/lib/python3.11/babel/locale-data/ksb.dat (deflated 55%)
  adding: Excelerate.app/Contents/Resources/lib/python3.11/babel/locale-data/en_SZ.dat (deflated 42%)
  adding: Excelerate.app/Contents/Resources/lib/python3.11/babel/locale-data/ssy_ER.dat (deflated 43%)
  adding: Excelerate.app/Contents/Resources/lib/python3.11/babel/locale-data/pa_Arab_PK.dat (deflated 42%)
  adding: Excelerate.app/Contents/Resources/lib/python3.11/babel/locale-data/ia_001.dat (deflated 39%)
  adding: Excelerate.app/Contents/Resources/lib/python3.11/babel/locale-data/om_KE.dat (deflated 45%)
  adding: Excelerate.app/Contents/Resources/lib/python3.11/babel/locale-data/en_GH.dat (deflated 41%)
  adding: Excelerate.app/Contents/Resources/lib/python3.11/babel/locale-data/apc_SY.dat (deflated 42%)
  adding: Excelerate.app/Contents/Resources/lib/python3.11/babel/locale-data/pa_Arab.dat (deflated 46%)
  adding: Excelerate.app/Contents/Resources/lib/python3.11/babel/locale-data/ff_Latn.dat (deflated 39%)
  adding: Excelerate.app/Contents/Resources/lib/python3.11/babel/locale-data/kgp.dat (deflated 66%)
  adding: Excelerate.app/Contents/Resources/lib/python3.11/babel/locale-data/zh.dat (deflated 63%)
  adding: Excelerate.app/Contents/Resources/lib/python3.11/babel/locale-data/ar_TD.dat (deflated 42%)
  adding: Excelerate.app/Contents/Resources/lib/python3.11/babel/locale-data/sa_IN.dat (deflated 41%)
  adding: Excelerate.app/Contents/Resources/lib/python3.11/babel/locale-data/mfe.dat (deflated 54%)
  adding: Excelerate.app/Contents/Resources/lib/python3.11/babel/locale-data/wo.dat (deflated 59%)
  adding: Excelerate.app/Contents/Resources/lib/python3.11/babel/locale-data/tt.dat (deflated 64%)
  adding: Excelerate.app/Contents/Resources/lib/python3.11/babel/locale-data/ug.dat (deflated 69%)
  adding: Excelerate.app/Contents/Resources/lib/python3.11/babel/locale-data/mua_CM.dat (deflated 41%)
  adding: Excelerate.app/Contents/Resources/lib/python3.11/babel/locale-data/bn.dat (deflated 72%)
  adding: Excelerate.app/Contents/Resources/lib/python3.11/babel/locale-data/hnj.dat (deflated 49%)
  adding: Excelerate.app/Contents/Resources/lib/python3.11/babel/locale-data/ha_Arab_SD.dat (deflated 41%)
  adding: Excelerate.app/Contents/Resources/lib/python3.11/babel/locale-data/ab.dat (deflated 66%)
  adding: Excelerate.app/Contents/Resources/lib/python3.11/babel/locale-data/ar_LB.dat (deflated 43%)
  adding: Excelerate.app/Contents/Resources/lib/python3.11/babel/locale-data/kde_TZ.dat (deflated 42%)
  adding: Excelerate.app/Contents/Resources/lib/python3.11/babel/locale-data/uz_Cyrl.dat (deflated 68%)
  adding: Excelerate.app/Contents/Resources/lib/python3.11/babel/locale-data/ta_MY.dat (deflated 41%)
  adding: Excelerate.app/Contents/Resources/lib/python3.11/babel/locale-data/ca_IT.dat (deflated 41%)
  adding: Excelerate.app/Contents/Resources/lib/python3.11/babel/locale-data/ar_AE.dat (deflated 40%)
  adding: Excelerate.app/Contents/Resources/lib/python3.11/babel/locale-data/sat_Olck.dat (deflated 38%)
  adding: Excelerate.app/Contents/Resources/lib/python3.11/babel/locale-data/en_Dsrt_US.dat (deflated 42%)
  adding: Excelerate.app/Contents/Resources/lib/python3.11/babel/locale-data/et_EE.dat (deflated 41%)
  adding: Excelerate.app/Contents/Resources/lib/python3.11/babel/locale-data/mai_IN.dat (deflated 42%)
  adding: Excelerate.app/Contents/Resources/lib/python3.11/babel/locale-data/ta_LK.dat (deflated 45%)
  adding: Excelerate.app/Contents/Resources/lib/python3.11/babel/locale-data/ar_BH.dat (deflated 42%)
  adding: Excelerate.app/Contents/Resources/lib/python3.11/babel/locale-data/nl.dat (deflated 65%)
  adding: Excelerate.app/Contents/Resources/lib/python3.11/babel/locale-data/ksf_CM.dat (deflated 41%)
  adding: Excelerate.app/Contents/Resources/lib/python3.11/babel/locale-data/blo_BJ.dat (deflated 43%)
  adding: Excelerate.app/Contents/Resources/lib/python3.11/babel/locale-data/se_NO.dat (deflated 42%)
  adding: Excelerate.app/Contents/Resources/lib/python3.11/babel/locale-data/dyo.dat (deflated 54%)
  adding: Excelerate.app/Contents/Resources/lib/python3.11/babel/locale-data/bo.dat (deflated 67%)
  adding: Excelerate.app/Contents/Resources/lib/python3.11/babel/locale-data/quc.dat (deflated 40%)
  adding: Excelerate.app/Contents/Resources/lib/python3.11/babel/locale-data/fr_HT.dat (deflated 46%)
  adding: Excelerate.app/Contents/Resources/lib/python3.11/babel/locale-data/es_SV.dat (deflated 46%)
  adding: Excelerate.app/Contents/Resources/lib/python3.11/babel/locale-data/nl_BQ.dat (deflated 40%)
  adding: Excelerate.app/Contents/Resources/lib/python3.11/babel/locale-data/nds_NL.dat (deflated 42%)
  adding: Excelerate.app/Contents/Resources/lib/python3.11/babel/locale-data/prg.dat (deflated 59%)
  adding: Excelerate.app/Contents/Resources/lib/python3.11/babel/locale-data/en_DE.dat (deflated 41%)
  adding: Excelerate.app/Contents/Resources/lib/python3.11/babel/locale-data/ken.dat (deflated 41%)
  adding: Excelerate.app/Contents/Resources/lib/python3.11/babel/locale-data/en_GI.dat (deflated 44%)
  adding: Excelerate.app/Contents/Resources/lib/python3.11/babel/locale-data/en_FM.dat (deflated 41%)
  adding: Excelerate.app/Contents/Resources/lib/python3.11/babel/locale-data/ms_SG.dat (deflated 40%)
  adding: Excelerate.app/Contents/Resources/lib/python3.11/babel/locale-data/tr_TR.dat (deflated 41%)
  adding: Excelerate.app/Contents/Resources/lib/python3.11/babel/locale-data/yue_Hant_HK.dat (deflated 41%)
  adding: Excelerate.app/Contents/Resources/lib/python3.11/babel/locale-data/uz_Arab_AF.dat (deflated 41%)
  adding: Excelerate.app/Contents/Resources/lib/python3.11/babel/locale-data/ar_001.dat (deflated 42%)
  adding: Excelerate.app/Contents/Resources/lib/python3.11/babel/locale-data/uz_Arab.dat (deflated 46%)
  adding: Excelerate.app/Contents/Resources/lib/python3.11/babel/locale-data/sr_Latn_BA.dat (deflated 66%)
  adding: Excelerate.app/Contents/Resources/lib/python3.11/babel/locale-data/en_PW.dat (deflated 43%)
  adding: Excelerate.app/Contents/Resources/lib/python3.11/babel/locale-data/en_SL.dat (deflated 42%)
  adding: Excelerate.app/Contents/Resources/lib/python3.11/babel/locale-data/ken_CM.dat (deflated 41%)
  adding: Excelerate.app/Contents/Resources/lib/python3.11/babel/locale-data/en_SH.dat (deflated 44%)
  adding: Excelerate.app/Contents/Resources/lib/python3.11/babel/locale-data/lrc_IQ.dat (deflated 46%)
  adding: Excelerate.app/Contents/Resources/lib/python3.11/babel/locale-data/naq.dat (deflated 54%)
  adding: Excelerate.app/Contents/Resources/lib/python3.11/babel/locale-data/ab_GE.dat (deflated 41%)
  adding: Excelerate.app/Contents/Resources/lib/python3.11/babel/locale-data/zh_Hant_HK.dat (deflated 63%)
  adding: Excelerate.app/Contents/Resources/lib/python3.11/babel/locale-data/en_KY.dat (deflated 42%)
  adding: Excelerate.app/Contents/Resources/lib/python3.11/babel/locale-data/ru_KG.dat (deflated 40%)
  adding: Excelerate.app/Contents/Resources/lib/python3.11/babel/locale-data/bm_Nkoo_ML.dat (deflated 43%)
  adding: Excelerate.app/Contents/Resources/lib/python3.11/babel/locale-data/lo_LA.dat (deflated 43%)
  adding: Excelerate.app/Contents/Resources/lib/python3.11/babel/locale-data/en_KN.dat (deflated 41%)
  adding: Excelerate.app/Contents/Resources/lib/python3.11/babel/locale-data/iu_Latn_CA.dat (deflated 41%)
  adding: Excelerate.app/Contents/Resources/lib/python3.11/babel/locale-data/sr_Latn_XK.dat (deflated 44%)
  adding: Excelerate.app/Contents/Resources/lib/python3.11/babel/locale-data/en_ER.dat (deflated 42%)
  adding: Excelerate.app/Contents/Resources/lib/python3.11/babel/locale-data/en_FI.dat (deflated 50%)
  adding: Excelerate.app/Contents/Resources/lib/python3.11/babel/locale-data/en_GM.dat (deflated 42%)
  adding: Excelerate.app/Contents/Resources/lib/python3.11/babel/locale-data/en_150.dat (deflated 46%)
  adding: Excelerate.app/Contents/Resources/lib/python3.11/babel/locale-data/yrl_CO.dat (deflated 59%)
  adding: Excelerate.app/Contents/Resources/lib/python3.11/babel/locale-data/nmg_CM.dat (deflated 40%)
  adding: Excelerate.app/Contents/Resources/lib/python3.11/babel/locale-data/ms_Arab_BN.dat (deflated 42%)
  adding: Excelerate.app/Contents/Resources/lib/python3.11/babel/locale-data/yo_BJ.dat (deflated 62%)
  adding: Excelerate.app/Contents/Resources/lib/python3.11/babel/locale-data/rw_RW.dat (deflated 43%)
  adding: Excelerate.app/Contents/Resources/lib/python3.11/babel/locale-data/co.dat (deflated 57%)
  adding: Excelerate.app/Contents/Resources/lib/python3.11/babel/locale-data/km_KH.dat (deflated 43%)
  adding: Excelerate.app/Contents/Resources/lib/python3.11/babel/locale-data/haw.dat (deflated 58%)
  adding: Excelerate.app/Contents/Resources/lib/python3.11/babel/locale-data/ms.dat (deflated 64%)
  adding: Excelerate.app/Contents/Resources/lib/python3.11/babel/locale-data/bal_Latn_PK.dat (deflated 43%)
  adding: Excelerate.app/Contents/Resources/lib/python3.11/babel/locale-data/lv.dat (deflated 68%)
  adding: Excelerate.app/Contents/Resources/lib/python3.11/babel/locale-data/om.dat (deflated 57%)
  adding: Excelerate.app/Contents/Resources/lib/python3.11/babel/locale-data/mr.dat (deflated 72%)
  adding: Excelerate.app/Contents/Resources/lib/python3.11/babel/locale-data/gu_IN.dat (deflated 41%)
  adding: Excelerate.app/Contents/Resources/lib/python3.11/babel/locale-data/la.dat (deflated 65%)
  adding: Excelerate.app/Contents/Resources/lib/python3.11/babel/locale-data/ca_ES.dat (deflated 41%)
  adding: Excelerate.app/Contents/Resources/lib/python3.11/babel/locale-data/xh_ZA.dat (deflated 41%)
  adding: Excelerate.app/Contents/Resources/lib/python3.11/babel/locale-data/cy.dat (deflated 73%)
  adding: Excelerate.app/Contents/Resources/lib/python3.11/babel/locale-data/af.dat (deflated 67%)
  adding: Excelerate.app/Contents/Resources/lib/python3.11/babel/locale-data/es_HN.dat (deflated 52%)
  adding: Excelerate.app/Contents/Resources/lib/python3.11/babel/locale-data/ha_NE.dat (deflated 38%)
  adding: Excelerate.app/Contents/Resources/lib/python3.11/babel/locale-data/chr.dat (deflated 70%)
  adding: Excelerate.app/Contents/Resources/lib/python3.11/babel/locale-data/vo.dat (deflated 49%)
  adding: Excelerate.app/Contents/Resources/lib/python3.11/babel/locale-data/tg.dat (deflated 65%)
  adding: Excelerate.app/Contents/Resources/lib/python3.11/babel/locale-data/jbo.dat (deflated 43%)
  adding: Excelerate.app/Contents/Resources/lib/python3.11/babel/locale-data/zgh.dat (deflated 65%)
  adding: Excelerate.app/Contents/Resources/lib/python3.11/babel/locale-data/teo.dat (deflated 57%)
  adding: Excelerate.app/Contents/Resources/lib/python3.11/babel/locale-data/naq_NA.dat (deflated 42%)
  adding: Excelerate.app/Contents/Resources/lib/python3.11/babel/locale-data/is_IS.dat (deflated 41%)
  adding: Excelerate.app/Contents/Resources/lib/python3.11/babel/locale-data/es_PH.dat (deflated 45%)
  adding: Excelerate.app/Contents/Resources/lib/python3.11/babel/locale-data/ff_Adlm_NG.dat (deflated 40%)
  adding: Excelerate.app/Contents/Resources/lib/python3.11/babel/locale-data/ceb.dat (deflated 68%)
  adding: Excelerate.app/Contents/Resources/lib/python3.11/babel/locale-data/xnr_IN.dat (deflated 42%)
  adding: Excelerate.app/Contents/Resources/lib/python3.11/babel/locale-data/cad_US.dat (deflated 41%)
  adding: Excelerate.app/Contents/Resources/lib/python3.11/babel/locale-data/ti_ER.dat (deflated 40%)
  adding: Excelerate.app/Contents/Resources/lib/python3.11/babel/locale-data/myv_RU.dat (deflated 41%)
  adding: Excelerate.app/Contents/Resources/lib/python3.11/babel/locale-data/ak_GH.dat (deflated 43%)
  adding: Excelerate.app/Contents/Resources/lib/python3.11/babel/locale-data/rhg_Rohg_BD.dat (deflated 46%)
  adding: Excelerate.app/Contents/Resources/lib/python3.11/babel/locale-data/en_Dsrt.dat (deflated 68%)
  adding: Excelerate.app/Contents/Resources/lib/python3.11/babel/locale-data/ksf.dat (deflated 57%)
  adding: Excelerate.app/Contents/Resources/lib/python3.11/babel/locale-data/bgc_IN.dat (deflated 42%)
  adding: Excelerate.app/Contents/Resources/lib/python3.11/babel/locale-data/en_PR.dat (deflated 41%)
  adding: Excelerate.app/Contents/Resources/lib/python3.11/babel/locale-data/en_SI.dat (deflated 41%)
  adding: Excelerate.app/Contents/Resources/lib/python3.11/babel/locale-data/bss_CM.dat (deflated 42%)
  adding: Excelerate.app/Contents/Resources/lib/python3.11/babel/locale-data/ccp_IN.dat (deflated 41%)
  adding: Excelerate.app/Contents/Resources/lib/python3.11/babel/locale-data/br_FR.dat (deflated 41%)
  adding: Excelerate.app/Contents/Resources/lib/python3.11/babel/locale-data/nnh.dat (deflated 46%)
  adding: Excelerate.app/Contents/Resources/lib/python3.11/babel/locale-data/wae.dat (deflated 60%)
  adding: Excelerate.app/Contents/Resources/lib/python3.11/babel/locale-data/en_PG.dat (deflated 41%)
  adding: Excelerate.app/Contents/Resources/lib/python3.11/babel/locale-data/byn.dat (deflated 57%)
  adding: Excelerate.app/Contents/Resources/lib/python3.11/babel/locale-data/pt_PT.dat (deflated 68%)
  adding: Excelerate.app/Contents/Resources/lib/python3.11/babel/locale-data/lrc_IR.dat (deflated 41%)
  adding: Excelerate.app/Contents/Resources/lib/python3.11/babel/locale-data/en_IE.dat (deflated 49%)
  adding: Excelerate.app/Contents/Resources/lib/python3.11/babel/locale-data/bs_Cyrl.dat (deflated 71%)
  adding: Excelerate.app/Contents/Resources/lib/python3.11/babel/locale-data/en_GY.dat (deflated 40%)
  adding: Excelerate.app/Contents/Resources/lib/python3.11/babel/locale-data/blo.dat (deflated 67%)
  adding: Excelerate.app/Contents/Resources/lib/python3.11/babel/locale-data/lag.dat (deflated 55%)
  adding: Excelerate.app/Contents/Resources/lib/python3.11/babel/locale-data/mas_KE.dat (deflated 42%)
  adding: Excelerate.app/Contents/Resources/lib/python3.11/babel/locale-data/en_FJ.dat (deflated 41%)
  adding: Excelerate.app/Contents/Resources/lib/python3.11/babel/locale-data/sv_AX.dat (deflated 41%)
  adding: Excelerate.app/Contents/Resources/lib/python3.11/babel/locale-data/es_419.dat (deflated 65%)
  adding: Excelerate.app/Contents/Resources/lib/python3.11/babel/locale-data/so_KE.dat (deflated 45%)
  adding: Excelerate.app/Contents/Resources/lib/python3.11/babel/locale-data/ff_Adlm_NE.dat (deflated 42%)
  adding: Excelerate.app/Contents/Resources/lib/python3.11/babel/locale-data/sat.dat (deflated 68%)
  adding: Excelerate.app/Contents/Resources/lib/python3.11/babel/locale-data/apc.dat (deflated 43%)
  adding: Excelerate.app/Contents/Resources/lib/python3.11/babel/locale-data/te.dat (deflated 74%)
  adding: Excelerate.app/Contents/Resources/lib/python3.11/babel/locale-data/ff_Adlm_BF.dat (deflated 41%)
  adding: Excelerate.app/Contents/Resources/lib/python3.11/babel/locale-data/cic.dat (deflated 49%)
  adding: Excelerate.app/Contents/Resources/lib/python3.11/babel/locale-data/ar_YE.dat (deflated 42%)
  adding: Excelerate.app/Contents/Resources/lib/python3.11/babel/locale-data/to_TO.dat (deflated 42%)
  adding: Excelerate.app/Contents/Resources/lib/python3.11/babel/locale-data/so_DJ.dat (deflated 41%)
  adding: Excelerate.app/Contents/Resources/lib/python3.11/babel/locale-data/tr.dat (deflated 66%)
  adding: Excelerate.app/Contents/Resources/lib/python3.11/babel/locale-data/bem_ZM.dat (deflated 42%)
  adding: Excelerate.app/Contents/Resources/lib/python3.11/babel/locale-data/ha_NG.dat (deflated 42%)
  adding: Excelerate.app/Contents/Resources/lib/python3.11/babel/locale-data/syr.dat (deflated 69%)
  adding: Excelerate.app/Contents/Resources/lib/python3.11/babel/locale-data/doi_IN.dat (deflated 41%)
  adding: Excelerate.app/Contents/Resources/lib/python3.11/babel/locale-data/osa_US.dat (deflated 41%)
  adding: Excelerate.app/Contents/Resources/lib/python3.11/babel/locale-data/as.dat (deflated 72%)
  adding: Excelerate.app/Contents/Resources/lib/python3.11/babel/locale-data/fr_SY.dat (deflated 45%)
  adding: Excelerate.app/Contents/Resources/lib/python3.11/babel/locale-data/pcm_NG.dat (deflated 43%)
  adding: Excelerate.app/Contents/Resources/lib/python3.11/babel/locale-data/mg.dat (deflated 57%)
  adding: Excelerate.app/Contents/Resources/lib/python3.11/babel/locale-data/es_DO.dat (deflated 46%)
  adding: Excelerate.app/Contents/Resources/lib/python3.11/babel/locale-data/sr_Latn.dat (deflated 68%)
  adding: Excelerate.app/Contents/Resources/lib/python3.11/babel/locale-data/es_GT.dat (deflated 53%)
  adding: Excelerate.app/Contents/Resources/lib/python3.11/babel/locale-data/lt.dat (deflated 70%)
  adding: Excelerate.app/Contents/Resources/lib/python3.11/babel/locale-data/fr_SN.dat (deflated 44%)
  adding: Excelerate.app/Contents/Resources/lib/python3.11/babel/locale-data/st_ZA.dat (deflated 41%)
  adding: Excelerate.app/Contents/Resources/lib/python3.11/babel/locale-data/lu.dat (deflated 55%)
  adding: Excelerate.app/Contents/Resources/lib/python3.11/babel/locale-data/lb.dat (deflated 66%)
  adding: Excelerate.app/Contents/Resources/lib/python3.11/babel/locale-data/ar.dat (deflated 73%)
  adding: Excelerate.app/Contents/Resources/lib/python3.11/babel/locale-data/ar_MA.dat (deflated 43%)
  adding: Excelerate.app/Contents/Resources/lib/python3.11/babel/locale-data/sw_KE.dat (deflated 68%)
  adding: Excelerate.app/Contents/Resources/lib/python3.11/babel/locale-data/sms_FI.dat (deflated 42%)
  adding: Excelerate.app/Contents/Resources/lib/python3.11/babel/locale-data/mni_Mtei.dat (deflated 47%)
  adding: Excelerate.app/Contents/Resources/lib/python3.11/babel/locale-data/ts.dat (deflated 55%)
  adding: Excelerate.app/Contents/Resources/lib/python3.11/babel/locale-data/tt_RU.dat (deflated 42%)
  adding: Excelerate.app/Contents/Resources/lib/python3.11/babel/locale-data/sma.dat (deflated 38%)
  adding: Excelerate.app/Contents/Resources/lib/python3.11/babel/locale-data/osa.dat (deflated 60%)
  adding: Excelerate.app/Contents/Resources/lib/python3.11/babel/locale-data/jmc.dat (deflated 55%)
  adding: Excelerate.app/Contents/Resources/lib/python3.11/babel/locale-data/en_Shaw_GB.dat (deflated 41%)
  adding: Excelerate.app/Contents/Resources/lib/python3.11/babel/locale-data/en_FK.dat (deflated 44%)
  adding: Excelerate.app/Contents/Resources/lib/python3.11/babel/locale-data/saq_KE.dat (deflated 41%)
  adding: Excelerate.app/Contents/Resources/lib/python3.11/babel/locale-data/ve_ZA.dat (deflated 41%)
  adding: Excelerate.app/Contents/Resources/lib/python3.11/babel/locale-data/kxv_Telu.dat (deflated 45%)
  adding: Excelerate.app/Contents/Resources/lib/python3.11/babel/locale-data/en_ID.dat (deflated 54%)
  adding: Excelerate.app/Contents/Resources/lib/python3.11/babel/locale-data/ps_PK.dat (deflated 55%)
  adding: Excelerate.app/Contents/Resources/lib/python3.11/babel/locale-data/zh_Hans.dat (deflated 45%)
  adding: Excelerate.app/Contents/Resources/lib/python3.11/babel/locale-data/nmg.dat (deflated 55%)
  adding: Excelerate.app/Contents/Resources/lib/python3.11/babel/locale-data/fo_DK.dat (deflated 42%)
  adding: Excelerate.app/Contents/Resources/lib/python3.11/babel/locale-data/bg_BG.dat (deflated 41%)
  adding: Excelerate.app/Contents/Resources/lib/python3.11/babel/locale-data/cgg_UG.dat (deflated 41%)
  adding: Excelerate.app/Contents/Resources/lib/python3.11/babel/locale-data/en_UM.dat (deflated 42%)
  adding: Excelerate.app/Contents/Resources/lib/python3.11/babel/locale-data/pap.dat (deflated 59%)
  adding: Excelerate.app/Contents/Resources/lib/python3.11/babel/locale-data/nr_ZA.dat (deflated 41%)
  adding: Excelerate.app/Contents/Resources/lib/python3.11/babel/locale-data/rm_CH.dat (deflated 41%)
  adding: Excelerate.app/Contents/Resources/lib/python3.11/babel/locale-data/za_CN.dat (deflated 41%)
  adding: Excelerate.app/Contents/Resources/lib/python3.11/babel/locale-data/brx.dat (deflated 70%)
  adding: Excelerate.app/Contents/Resources/lib/python3.11/babel/locale-data/bgn.dat (deflated 61%)
  adding: Excelerate.app/Contents/Resources/lib/python3.11/babel/locale-data/en_NG.dat (deflated 45%)
  adding: Excelerate.app/Contents/Resources/lib/python3.11/babel/locale-data/lij.dat (deflated 67%)
  adding: Excelerate.app/Contents/Resources/lib/python3.11/babel/locale-data/aa_ER.dat (deflated 41%)
  adding: Excelerate.app/Contents/Resources/lib/python3.11/babel/locale-data/zh_Hant_TW.dat (deflated 40%)
  adding: Excelerate.app/Contents/Resources/lib/python3.11/babel/locale-data/en_BS.dat (deflated 42%)
  adding: Excelerate.app/Contents/Resources/lib/python3.11/babel/locale-data/kxv_Latn_IN.dat (deflated 42%)
  adding: Excelerate.app/Contents/Resources/lib/python3.11/babel/locale-data/pt_MO.dat (deflated 50%)
  adding: Excelerate.app/Contents/Resources/lib/python3.11/babel/locale-data/yue_Hant.dat (deflated 45%)
  adding: Excelerate.app/Contents/Resources/lib/python3.11/babel/locale-data/az_Arab_TR.dat (deflated 41%)
  adding: Excelerate.app/Contents/Resources/lib/python3.11/babel/locale-data/sr_Cyrl_BA.dat (deflated 71%)
  adding: Excelerate.app/Contents/Resources/lib/python3.11/babel/locale-data/sg.dat (deflated 55%)
  adding: Excelerate.app/Contents/Resources/lib/python3.11/babel/locale-data/gu.dat (deflated 71%)
  adding: Excelerate.app/Contents/Resources/lib/python3.11/babel/locale-data/ff.dat (deflated 55%)
  adding: Excelerate.app/Contents/Resources/lib/python3.11/babel/locale-data/mus.dat (deflated 47%)
  adding: Excelerate.app/Contents/Resources/lib/python3.11/babel/locale-data/ii.dat (deflated 47%)
  adding: Excelerate.app/Contents/Resources/lib/python3.11/babel/locale-data/tk_TM.dat (deflated 42%)
  adding: Excelerate.app/Contents/Resources/lib/python3.11/babel/locale-data/mn_Mong_CN.dat (deflated 41%)
  adding: Excelerate.app/Contents/Resources/lib/python3.11/babel/locale-data/es_AR.dat (deflated 58%)
  adding: Excelerate.app/Contents/Resources/lib/python3.11/babel/locale-data/ka.dat (deflated 73%)
  adding: Excelerate.app/Contents/Resources/lib/python3.11/babel/locale-data/nb_SJ.dat (deflated 41%)
  adding: Excelerate.app/Contents/Resources/lib/python3.11/babel/locale-data/es_CL.dat (deflated 52%)
  adding: Excelerate.app/Contents/Resources/lib/python3.11/babel/locale-data/nl_SX.dat (deflated 40%)
  adding: Excelerate.app/Contents/Resources/lib/python3.11/babel/locale-data/trv_TW.dat (deflated 42%)
  adding: Excelerate.app/Contents/Resources/lib/python3.11/babel/locale-data/kw.dat (deflated 50%)
  adding: Excelerate.app/Contents/Resources/lib/python3.11/babel/locale-data/de_LU.dat (deflated 43%)
  adding: Excelerate.app/Contents/Resources/lib/python3.11/babel/locale-data/fr_NC.dat (deflated 42%)
  adding: Excelerate.app/Contents/Resources/lib/python3.11/babel/locale-data/sq.dat (deflated 67%)
  adding: Excelerate.app/Contents/Resources/lib/python3.11/babel/locale-data/ff_Adlm_GM.dat (deflated 46%)
  adding: Excelerate.app/Contents/Resources/lib/python3.11/babel/locale-data/ny_MW.dat (deflated 42%)
  adding: Excelerate.app/Contents/Resources/lib/python3.11/babel/locale-data/ru.dat (deflated 72%)
  adding: Excelerate.app/Contents/Resources/lib/python3.11/babel/locale-data/fr_CD.dat (deflated 43%)
  adding: Excelerate.app/Contents/Resources/lib/python3.11/babel/locale-data/ar_SA.dat (deflated 72%)
  adding: Excelerate.app/Contents/Resources/lib/python3.11/babel/locale-data/sl_SI.dat (deflated 42%)
  adding: Excelerate.app/Contents/Resources/lib/python3.11/babel/locale-data/ccp.dat (deflated 75%)
  adding: Excelerate.app/Contents/Resources/lib/python3.11/babel/locale-data/se_SE.dat (deflated 41%)
  adding: Excelerate.app/Contents/Resources/lib/python3.11/babel/locale-data/sdh.dat (deflated 38%)
  adding: Excelerate.app/Contents/Resources/lib/python3.11/babel/locale-data/en_CA.dat (deflated 67%)
  adding: Excelerate.app/Contents/Resources/lib/python3.11/babel/locale-data/en_BE.dat (deflated 47%)
  adding: Excelerate.app/Contents/Resources/lib/python3.11/babel/locale-data/kk_KZ.dat (deflated 41%)
  adding: Excelerate.app/Contents/Resources/lib/python3.11/babel/locale-data/en_AI.dat (deflated 45%)
  adding: Excelerate.app/Contents/Resources/lib/python3.11/babel/locale-data/nqo.dat (deflated 64%)
  adding: Excelerate.app/Contents/Resources/lib/python3.11/babel/locale-data/lkt.dat (deflated 58%)
  adding: Excelerate.app/Contents/Resources/lib/python3.11/babel/locale-data/en_NF.dat (deflated 45%)
  adding: Excelerate.app/Contents/Resources/lib/python3.11/babel/locale-data/jbo_001.dat (deflated 41%)
  adding: Excelerate.app/Contents/Resources/lib/python3.11/babel/locale-data/wbp_AU.dat (deflated 41%)
  adding: Excelerate.app/Contents/Resources/lib/python3.11/babel/locale-data/pt_TL.dat (deflated 49%)
  adding: Excelerate.app/Contents/Resources/lib/python3.11/babel/locale-data/ms_BN.dat (deflated 42%)
  adding: Excelerate.app/Contents/Resources/lib/python3.11/babel/locale-data/ff_Latn_LR.dat (deflated 45%)
  adding: Excelerate.app/Contents/Resources/lib/python3.11/babel/locale-data/bez_TZ.dat (deflated 41%)
  adding: Excelerate.app/Contents/Resources/lib/python3.11/babel/locale-data/gsw_LI.dat (deflated 41%)
  adding: Excelerate.app/Contents/Resources/lib/python3.11/babel/locale-data/en_WS.dat (deflated 41%)
  adding: Excelerate.app/Contents/Resources/lib/python3.11/babel/locale-data/bal_Arab.dat (deflated 39%)
  adding: Excelerate.app/Contents/Resources/lib/python3.11/babel/locale-data/lrc.dat (deflated 57%)
  adding: Excelerate.app/Contents/Resources/lib/python3.11/babel/locale-data/tpi_PG.dat (deflated 43%)
  adding: Excelerate.app/Contents/Resources/lib/python3.11/babel/locale-data/en_VU.dat (deflated 42%)
  adding: Excelerate.app/Contents/Resources/lib/python3.11/babel/locale-data/el_POLYTON.dat (deflated 58%)
  adding: Excelerate.app/Contents/Resources/lib/python3.11/babel/locale-data/az_Arab.dat (deflated 53%)
  adding: Excelerate.app/Contents/Resources/lib/python3.11/babel/locale-data/fa_AF.dat (deflated 58%)
  adding: Excelerate.app/Contents/Resources/lib/python3.11/babel/locale-data/rwk.dat (deflated 55%)
  adding: Excelerate.app/Contents/Resources/lib/python3.11/babel/locale-data/lmo_IT.dat (deflated 42%)
  adding: Excelerate.app/Contents/Resources/lib/python3.11/babel/locale-data/ses_ML.dat (deflated 43%)
  adding: Excelerate.app/Contents/Resources/lib/python3.11/babel/locale-data/en_ZA.dat (deflated 55%)
  adding: Excelerate.app/Contents/Resources/lib/python3.11/babel/locale-data/en_MH.dat (deflated 54%)
  adding: Excelerate.app/Contents/Resources/lib/python3.11/babel/locale-data/yrl.dat (deflated 67%)
  adding: Excelerate.app/Contents/Resources/lib/python3.11/babel/locale-data/ps_AF.dat (deflated 41%)
  adding: Excelerate.app/Contents/Resources/lib/python3.11/babel/locale-data/pt_AO.dat (deflated 48%)
  adding: Excelerate.app/Contents/Resources/lib/python3.11/babel/locale-data/ks_Deva.dat (deflated 64%)
  adding: Excelerate.app/Contents/Resources/lib/python3.11/babel/locale-data/en_CC.dat (deflated 45%)
  adding: Excelerate.app/Contents/Resources/lib/python3.11/babel/locale-data/ru_BY.dat (deflated 41%)
  adding: Excelerate.app/Contents/Resources/lib/python3.11/babel/locale-data/smj_SE.dat (deflated 41%)
  adding: Excelerate.app/Contents/Resources/lib/python3.11/babel/locale-data/mn_MN.dat (deflated 41%)
  adding: Excelerate.app/Contents/Resources/lib/python3.11/babel/locale-data/os_GE.dat (deflated 41%)
  adding: Excelerate.app/Contents/Resources/lib/python3.11/babel/locale-data/fr_CF.dat (deflated 42%)
  adding: Excelerate.app/Contents/Resources/lib/python3.11/babel/locale-data/sw_UG.dat (deflated 41%)
  adding: Excelerate.app/Contents/Resources/lib/python3.11/babel/locale-data/tok.dat (deflated 56%)
  adding: Excelerate.app/Contents/Resources/lib/python3.11/babel/locale-data/ss.dat (deflated 42%)
  adding: Excelerate.app/Contents/Resources/lib/python3.11/babel/locale-data/rw.dat (deflated 57%)
  adding: Excelerate.app/Contents/Resources/lib/python3.11/babel/locale-data/su_Latn.dat (deflated 42%)
  adding: Excelerate.app/Contents/Resources/lib/python3.11/babel/locale-data/shi.dat (deflated 65%)
  adding: Excelerate.app/Contents/Resources/lib/python3.11/babel/locale-data/skr.dat (deflated 41%)
  adding: Excelerate.app/Contents/Resources/lib/python3.11/babel/locale-data/dz_BT.dat (deflated 41%)
  adding: Excelerate.app/Contents/Resources/lib/python3.11/babel/locale-data/sd.dat (deflated 68%)
  adding: Excelerate.app/Contents/Resources/lib/python3.11/babel/locale-data/gv.dat (deflated 46%)
  adding: Excelerate.app/Contents/Resources/lib/python3.11/babel/locale-data/fr.dat (deflated 68%)
  adding: Excelerate.app/Contents/Resources/lib/python3.11/babel/locale-data/dz.dat (deflated 73%)
  adding: Excelerate.app/Contents/Resources/lib/python3.11/babel/locale-data/ga.dat (deflated 71%)
  adding: Excelerate.app/Contents/Resources/lib/python3.11/babel/locale-data/es_NI.dat (deflated 45%)
  adding: Excelerate.app/Contents/Resources/lib/python3.11/babel/locale-data/ku.dat (deflated 65%)
  adding: Excelerate.app/Contents/Resources/lib/python3.11/babel/locale-data/ar_DJ.dat (deflated 41%)
  adding: Excelerate.app/Contents/Resources/lib/python3.11/babel/locale-data/shn_TH.dat (deflated 41%)
  adding: Excelerate.app/Contents/Resources/lib/python3.11/babel/locale-data/hy.dat (deflated 70%)
  adding: Excelerate.app/Contents/Resources/lib/python3.11/babel/locale-data/es_CO.dat (deflated 58%)
  adding: Excelerate.app/Contents/Resources/lib/python3.11/babel/locale-data/szl_PL.dat (deflated 41%)
  adding: Excelerate.app/Contents/Resources/lib/python3.11/babel/locale-data/jmc_TZ.dat (deflated 43%)
  adding: Excelerate.app/Contents/Resources/lib/python3.11/babel/locale-data/vmw.dat (deflated 43%)
  adding: Excelerate.app/Contents/Resources/lib/python3.11/babel/locale-data/fr_TN.dat (deflated 45%)
  adding: Excelerate.app/Contents/Resources/lib/python3.11/babel/locale-data/arn_CL.dat (deflated 41%)
  adding: Excelerate.app/Contents/Resources/lib/python3.11/babel/locale-data/ro_MD.dat (deflated 52%)
  adding: Excelerate.app/Contents/Resources/lib/python3.11/babel/locale-data/az_Cyrl.dat (deflated 61%)
  adding: Excelerate.app/Contents/Resources/lib/python3.11/babel/locale-data/mni_Mtei_IN.dat (deflated 42%)
  adding: Excelerate.app/Contents/Resources/lib/python3.11/babel/locale-data/ar_IL.dat (deflated 45%)
  adding: Excelerate.app/Contents/Resources/lib/python3.11/babel/locale-data/xog.dat (deflated 55%)
  adding: Excelerate.app/Contents/Resources/lib/python3.11/babel/locale-data/luy_KE.dat (deflated 41%)
  adding: Excelerate.app/Contents/Resources/lib/python3.11/babel/locale-data/se.dat (deflated 67%)
  adding: Excelerate.app/Contents/Resources/lib/python3.11/babel/locale-data/fr_ML.dat (deflated 47%)
  adding: Excelerate.app/Contents/Resources/lib/python3.11/babel/locale-data/ne_IN.dat (deflated 46%)
  adding: Excelerate.app/Contents/Resources/lib/python3.11/babel/locale-data/sr.dat (deflated 71%)
  adding: Excelerate.app/Contents/Resources/lib/python3.11/babel/locale-data/it_CH.dat (deflated 51%)
  adding: Excelerate.app/Contents/Resources/lib/python3.11/babel/locale-data/ff_Adlm_GN.dat (deflated 42%)
  adding: Excelerate.app/Contents/Resources/lib/python3.11/babel/locale-data/moh.dat (deflated 45%)
  adding: Excelerate.app/Contents/Resources/lib/python3.11/babel/locale-data/fr_CG.dat (deflated 42%)
  adding: Excelerate.app/Contents/Resources/lib/python3.11/babel/locale-data/hsb.dat (deflated 70%)
  adding: Excelerate.app/Contents/Resources/lib/python3.11/babel/locale-data/guz.dat (deflated 55%)
  adding: Excelerate.app/Contents/Resources/lib/python3.11/babel/locale-data/ur_PK.dat (deflated 42%)
  adding: Excelerate.app/Contents/Resources/lib/python3.11/babel/locale-data/bm_ML.dat (deflated 43%)
  adding: Excelerate.app/Contents/Resources/lib/python3.11/babel/locale-data/pt_MZ.dat (deflated 48%)
  adding: Excelerate.app/Contents/Resources/lib/python3.11/babel/locale-data/bs_Cyrl_BA.dat (deflated 41%)
  adding: Excelerate.app/Contents/Resources/lib/python3.11/babel/locale-data/hu_HU.dat (deflated 41%)
  adding: Excelerate.app/Contents/Resources/lib/python3.11/babel/locale-data/en_NR.dat (deflated 45%)
  adding: Excelerate.app/Contents/Resources/lib/python3.11/babel/locale-data/vai_Latn.dat (deflated 54%)
  adding: Excelerate.app/Contents/Resources/lib/python3.11/babel/locale-data/en_ZW.dat (deflated 54%)
  adding: Excelerate.app/Contents/Resources/lib/python3.11/babel/locale-data/en_VC.dat (deflated 41%)
  adding: Excelerate.app/Contents/Resources/lib/python3.11/babel/locale-data/ig_NG.dat (deflated 42%)
  adding: Excelerate.app/Contents/Resources/lib/python3.11/babel/locale-data/pcm.dat (deflated 67%)
  adding: Excelerate.app/Contents/Resources/lib/python3.11/babel/locale-data/en_TK.dat (deflated 45%)
  adding: Excelerate.app/Contents/Resources/lib/python3.11/babel/locale-data/en_VG.dat (deflated 41%)
  adding: Excelerate.app/Contents/Resources/lib/python3.11/babel/locale-data/ff_Latn_CM.dat (deflated 41%)
  adding: Excelerate.app/Contents/Resources/lib/python3.11/babel/locale-data/en_TO.dat (deflated 41%)
  adding: Excelerate.app/Contents/Resources/lib/python3.11/babel/locale-data/yi_UA.dat (deflated 41%)
  adding: Excelerate.app/Contents/Resources/lib/python3.11/babel/locale-data/ru_MD.dat (deflated 41%)
  adding: Excelerate.app/Contents/Resources/lib/python3.11/babel/locale-data/en_NA.dat (deflated 42%)
  adding: Excelerate.app/Contents/Resources/lib/python3.11/babel/locale-data/ebu.dat (deflated 56%)
  adding: Excelerate.app/Contents/Resources/lib/python3.11/babel/locale-data/bew.dat (deflated 64%)
  adding: Excelerate.app/Contents/Resources/lib/python3.11/babel/locale-data/mer_KE.dat (deflated 42%)
  adding: Excelerate.app/Contents/Resources/lib/python3.11/babel/locale-data/en_BB.dat (deflated 41%)
  adding: Excelerate.app/Contents/Resources/lib/python3.11/babel/locale-data/dav_KE.dat (deflated 41%)
  adding: Excelerate.app/Contents/Resources/lib/python3.11/babel/locale-data/aa_ET.dat (deflated 41%)
  adding: Excelerate.app/Contents/Resources/lib/python3.11/babel/locale-data/luo_KE.dat (deflated 41%)
  adding: Excelerate.app/Contents/Resources/lib/python3.11/babel/locale-data/mg_MG.dat (deflated 42%)
  adding: Excelerate.app/Contents/Resources/lib/python3.11/babel/locale-data/ts_ZA.dat (deflated 42%)
  adding: Excelerate.app/Contents/Resources/lib/python3.11/babel/locale-data/pa_Guru.dat (deflated 42%)
  adding: Excelerate.app/Contents/Resources/lib/python3.11/babel/locale-data/sa.dat (deflated 65%)
  adding: Excelerate.app/Contents/Resources/lib/python3.11/babel/locale-data/am_ET.dat (deflated 41%)
  adding: Excelerate.app/Contents/Resources/lib/python3.11/babel/locale-data/hsb_DE.dat (deflated 41%)
  adding: Excelerate.app/Contents/Resources/lib/python3.11/babel/locale-data/sv.dat (deflated 68%)
  adding: Excelerate.app/Contents/Resources/lib/python3.11/babel/locale-data/kn_IN.dat (deflated 41%)
  adding: Excelerate.app/Contents/Resources/lib/python3.11/babel/locale-data/gd.dat (deflated 71%)
  adding: Excelerate.app/Contents/Resources/lib/python3.11/babel/locale-data/ar_KW.dat (deflated 43%)
  adding: Excelerate.app/Contents/Resources/lib/python3.11/babel/locale-data/el.dat (deflated 70%)
  adding: Excelerate.app/Contents/Resources/lib/python3.11/babel/locale-data/es_BO.dat (deflated 44%)
  adding: Excelerate.app/Contents/Resources/lib/python3.11/babel/locale-data/pap_AW.dat (deflated 43%)
  adding: Excelerate.app/Contents/Resources/lib/python3.11/babel/locale-data/fr_WF.dat (deflated 43%)
  adding: Excelerate.app/Contents/Resources/lib/python3.11/babel/locale-data/myv.dat (deflated 62%)
  adding: Excelerate.app/Contents/Resources/lib/python3.11/babel/locale-data/fur_IT.dat (deflated 41%)
  adding: Excelerate.app/Contents/Resources/lib/python3.11/babel/locale-data/ha_GH.dat (deflated 45%)
  adding: Excelerate.app/Contents/Resources/lib/python3.11/babel/locale-data/fr_VU.dat (deflated 45%)
  adding: Excelerate.app/Contents/Resources/lib/python3.11/babel/locale-data/io.dat (deflated 39%)
  adding: Excelerate.app/Contents/Resources/lib/python3.11/babel/locale-data/de_AT.dat (deflated 44%)
  adding: Excelerate.app/Contents/Resources/lib/python3.11/babel/locale-data/ln_CD.dat (deflated 42%)
  adding: Excelerate.app/Contents/Resources/lib/python3.11/babel/locale-data/mdf_RU.dat (deflated 41%)
  adding: Excelerate.app/Contents/Resources/lib/python3.11/babel/locale-data/ff_Adlm_SN.dat (deflated 41%)
  adding: Excelerate.app/Contents/Resources/lib/python3.11/babel/locale-data/fa.dat (deflated 68%)
  adding: Excelerate.app/Contents/Resources/lib/python3.11/babel/locale-data/ee_TG.dat (deflated 45%)
  adding: Excelerate.app/Contents/Resources/lib/python3.11/babel/locale-data/da_DK.dat (deflated 41%)
  adding: Excelerate.app/Contents/Resources/lib/python3.11/babel/locale-data/sw.dat (deflated 69%)
  adding: Excelerate.app/Contents/Resources/lib/python3.11/babel/locale-data/pl.dat (deflated 69%)
  adding: Excelerate.app/Contents/Resources/lib/python3.11/babel/locale-data/fr_NE.dat (deflated 42%)
  adding: Excelerate.app/Contents/Resources/lib/python3.11/babel/locale-data/yue_Hans.dat (deflated 62%)
  adding: Excelerate.app/Contents/Resources/lib/python3.11/babel/locale-data/fr_BF.dat (deflated 42%)
  adding: Excelerate.app/Contents/Resources/lib/python3.11/babel/locale-data/mni.dat (deflated 66%)
  adding: Excelerate.app/Contents/Resources/lib/python3.11/babel/locale-data/kpe_GN.dat (deflated 45%)
  adding: Excelerate.app/Contents/Resources/lib/python3.11/babel/locale-data/cv_RU.dat (deflated 41%)
  adding: Excelerate.app/Contents/Resources/lib/python3.11/babel/locale-data/fy_NL.dat (deflated 41%)
  adding: Excelerate.app/Contents/Resources/lib/python3.11/babel/locale-data/lij_IT.dat (deflated 41%)
  adding: Excelerate.app/Contents/Resources/lib/python3.11/babel/locale-data/bgn_IR.dat (deflated 41%)
  adding: Excelerate.app/Contents/Resources/lib/python3.11/babel/locale-data/kok.dat (deflated 70%)
  adding: Excelerate.app/Contents/Resources/lib/python3.11/babel/locale-data/tg_TJ.dat (deflated 41%)
  adding: Excelerate.app/Contents/Resources/lib/python3.11/babel/locale-data/ru_UA.dat (deflated 41%)
  adding: Excelerate.app/Contents/Resources/lib/python3.11/babel/locale-data/ur_IN.dat (deflated 61%)
  adding: Excelerate.app/Contents/Resources/lib/python3.11/babel/locale-data/sd_Deva_IN.dat (deflated 41%)
  adding: Excelerate.app/Contents/Resources/lib/python3.11/babel/locale-data/ff_Latn_MR.dat (deflated 45%)
  adding: Excelerate.app/Contents/Resources/lib/python3.11/babel/locale-data/ks_Arab_IN.dat (deflated 41%)
  adding: Excelerate.app/Contents/Resources/lib/python3.11/babel/locale-data/bn_IN.dat (deflated 52%)
  adding: Excelerate.app/Contents/Resources/lib/python3.11/babel/locale-data/en_MY.dat (deflated 40%)
  adding: Excelerate.app/Contents/Resources/lib/python3.11/babel/locale-data/pt_BR.dat (deflated 43%)
  adding: Excelerate.app/Contents/Resources/lib/python3.11/babel/locale-data/sbp_TZ.dat (deflated 42%)
  adding: Excelerate.app/Contents/Resources/lib/python3.11/babel/locale-data/pt_CV.dat (deflated 47%)
  adding: Excelerate.app/Contents/Resources/lib/python3.11/babel/locale-data/nd_ZW.dat (deflated 41%)
  adding: Excelerate.app/Contents/Resources/lib/python3.11/babel/locale-data/en_NU.dat (deflated 45%)
  adding: Excelerate.app/Contents/Resources/lib/python3.11/babel/locale-data/kab.dat (deflated 66%)
  adding: Excelerate.app/Contents/Resources/lib/python3.11/babel/locale-data/rhg_Rohg.dat (deflated 42%)
  adding: Excelerate.app/Contents/Resources/lib/python3.11/babel/locale-data/sid_ET.dat (deflated 41%)
  adding: Excelerate.app/Contents/Resources/lib/python3.11/babel/locale-data/lg_UG.dat (deflated 41%)
  adding: Excelerate.app/Contents/Resources/lib/python3.11/babel/locale-data/mi_NZ.dat (deflated 41%)
  adding: Excelerate.app/Contents/Resources/lib/python3.11/babel/locale-data/seh.dat (deflated 54%)
  adding: Excelerate.app/Contents/Resources/lib/python3.11/babel/locale-data/mas.dat (deflated 58%)
  adding: Excelerate.app/Contents/Resources/lib/python3.11/babel/locale-data/kln_KE.dat (deflated 41%)
  adding: Excelerate.app/Contents/Resources/lib/python3.11/babel/locale-data/su.dat (deflated 59%)
  adding: Excelerate.app/Contents/Resources/lib/python3.11/babel/locale-data/eo.dat (deflated 64%)
  adding: Excelerate.app/Contents/Resources/lib/python3.11/babel/locale-data/ff_Adlm_SL.dat (deflated 45%)
  adding: Excelerate.app/Contents/Resources/lib/python3.11/babel/locale-data/tyv_RU.dat (deflated 41%)
  adding: Excelerate.app/Contents/Resources/lib/python3.11/babel/locale-data/mua.dat (deflated 56%)
  adding: Excelerate.app/Contents/Resources/lib/python3.11/babel/locale-data/ln_CF.dat (deflated 42%)
  adding: Excelerate.app/Contents/Resources/lib/python3.11/babel/locale-data/os_RU.dat (deflated 40%)
  adding: Excelerate.app/Contents/Resources/lib/python3.11/babel/locale-data/mzn.dat (deflated 65%)
  adding: Excelerate.app/Contents/Resources/lib/python3.11/babel/locale-data/ar_EH.dat (deflated 42%)
  adding: Excelerate.app/Contents/Resources/lib/python3.11/babel/locale-data/ks.dat (deflated 64%)
  adding: Excelerate.app/Contents/Resources/lib/python3.11/babel/locale-data/es_BZ.dat (deflated 45%)
  adding: Excelerate.app/Contents/Resources/lib/python3.11/babel/locale-data/de_CH.dat (deflated 48%)
  adding: Excelerate.app/Contents/Resources/lib/python3.11/babel/locale-data/hi.dat (deflated 72%)
  adding: Excelerate.app/Contents/Resources/lib/python3.11/babel/locale-data/sr_Cyrl_XK.dat (deflated 45%)
  adding: Excelerate.app/Contents/Resources/lib/python3.11/babel/locale-data/jv.dat (deflated 65%)
  adding: Excelerate.app/Contents/Resources/lib/python3.11/babel/locale-data/ln_AO.dat (deflated 41%)
  adding: Excelerate.app/Contents/Resources/lib/python3.11/babel/locale-data/kaj_NG.dat (deflated 43%)
  adding: Excelerate.app/Contents/Resources/lib/python3.11/babel/locale-data/ln_CG.dat (deflated 42%)
  adding: Excelerate.app/Contents/Resources/lib/python3.11/babel/locale-data/ar_DZ.dat (deflated 42%)
  adding: Excelerate.app/Contents/Resources/lib/python3.11/babel/locale-data/ja.dat (deflated 66%)
  adding: Excelerate.app/Contents/Resources/lib/python3.11/babel/locale-data/mus_US.dat (deflated 41%)
  adding: Excelerate.app/Contents/Resources/lib/python3.11/babel/locale-data/dje_NE.dat (deflated 42%)
  adding: Excelerate.app/Contents/Resources/lib/python3.11/babel/locale-data/bal_Arab_PK.dat (deflated 43%)
  adding: Excelerate.app/Contents/Resources/lib/python3.11/babel/locale-data/tyv.dat (deflated 42%)
  adding: Excelerate.app/Contents/Resources/lib/python3.11/babel/locale-data/tzm.dat (deflated 53%)
  adding: Excelerate.app/Contents/Resources/lib/python3.11/babel/locale-data/en.dat (deflated 69%)
  adding: Excelerate.app/Contents/Resources/lib/python3.11/babel/locale-data/xnr.dat (deflated 72%)
  adding: Excelerate.app/Contents/Resources/lib/python3.11/babel/locale-data/st.dat (deflated 55%)
  adding: Excelerate.app/Contents/Resources/lib/python3.11/babel/locale-data/pa_Guru_IN.dat (deflated 41%)
  adding: Excelerate.app/Contents/Resources/lib/python3.11/babel/locale-data/ff_Adlm_GH.dat (deflated 45%)
  adding: Excelerate.app/Contents/Resources/lib/python3.11/babel/locale-data/shn_MM.dat (deflated 41%)
  adding: Excelerate.app/Contents/Resources/lib/python3.11/babel/locale-data/shn.dat (deflated 41%)
  adding: Excelerate.app/Contents/Resources/lib/python3.11/babel/locale-data/sc.dat (deflated 68%)
  adding: Excelerate.app/Contents/Resources/lib/python3.11/babel/locale-data/ar_SS.dat (deflated 41%)
  adding: Excelerate.app/Contents/Resources/lib/python3.11/babel/locale-data/scn_IT.dat (deflated 42%)
  adding: Excelerate.app/Contents/Resources/lib/python3.11/babel/locale-data/ar_SD.dat (deflated 42%)
  adding: Excelerate.app/Contents/Resources/lib/python3.11/babel/locale-data/fr_CA.dat (deflated 70%)
  adding: Excelerate.app/Contents/Resources/lib/python3.11/babel/locale-data/es_US.dat (deflated 62%)
  adding: Excelerate.app/Contents/Resources/lib/python3.11/babel/locale-data/fr_BE.dat (deflated 40%)
  adding: Excelerate.app/Contents/Resources/lib/python3.11/babel/locale-data/kea_CV.dat (deflated 41%)
  adding: Excelerate.app/Contents/Resources/lib/python3.11/babel/locale-data/en_BW.dat (deflated 53%)
  adding: Excelerate.app/Contents/Resources/lib/python3.11/babel/locale-data/sv_FI.dat (deflated 52%)
  adding: Excelerate.app/Contents/Resources/lib/python3.11/babel/locale-data/en_MO.dat (deflated 40%)
  adding: Excelerate.app/Contents/Resources/lib/python3.11/babel/locale-data/mni_Beng_IN.dat (deflated 42%)
  adding: Excelerate.app/Contents/Resources/lib/python3.11/babel/locale-data/wa_BE.dat (deflated 41%)
  adding: Excelerate.app/Contents/Resources/lib/python3.11/babel/locale-data/kxv.dat (deflated 63%)
  adding: Excelerate.app/Contents/Resources/lib/python3.11/babel/locale-data/zh_Hans_MO.dat (deflated 49%)
  adding: Excelerate.app/Contents/Resources/lib/python3.11/babel/locale-data/gl_ES.dat (deflated 41%)
  adding: Excelerate.app/Contents/Resources/lib/python3.11/babel/locale-data/kxv_Orya.dat (deflated 48%)
  adding: Excelerate.app/Contents/Resources/lib/python3.11/babel/locale-data/en_TZ.dat (deflated 45%)
  adding: Excelerate.app/Contents/Resources/lib/python3.11/babel/locale-data/sv_SE.dat (deflated 41%)
  adding: Excelerate.app/Contents/Resources/lib/python3.11/babel/locale-data/kcg_NG.dat (deflated 43%)
  adding: Excelerate.app/Contents/Resources/lib/python3.11/babel/locale-data/ff_Latn_BF.dat (deflated 42%)
  adding: Excelerate.app/Contents/Resources/lib/python3.11/babel/locale-data/en_US.dat (deflated 42%)
  adding: Excelerate.app/Contents/Resources/lib/python3.11/babel/locale-data/ff_Latn_NE.dat (deflated 42%)
  adding: Excelerate.app/Contents/Resources/lib/python3.11/babel/locale-data/ccp_BD.dat (deflated 42%)
  adding: Excelerate.app/Contents/Resources/lib/python3.11/babel/locale-data/ii_CN.dat (deflated 41%)
  adding: Excelerate.app/Contents/Resources/lib/python3.11/babel/locale-data/en_MU.dat (deflated 45%)
  adding: Excelerate.app/Contents/Resources/lib/python3.11/babel/locale-data/kab_DZ.dat (deflated 41%)
  adding: Excelerate.app/Contents/Resources/lib/python3.11/babel/locale-data/sr_Latn_RS.dat (deflated 41%)
  adding: Excelerate.app/Contents/Resources/lib/python3.11/babel/locale-data/nso.dat (deflated 55%)
  adding: Excelerate.app/Contents/Resources/lib/python3.11/babel/locale-data/az_Cyrl_AZ.dat (deflated 41%)
  adding: Excelerate.app/Contents/Resources/lib/python3.11/babel/locale-data/en_BM.dat (deflated 41%)
  adding: Excelerate.app/Contents/Resources/lib/python3.11/babel/locale-data/pt_LU.dat (deflated 41%)
  adding: Excelerate.app/Contents/Resources/lib/python3.11/babel/locale-data/en_BZ.dat (deflated 55%)
  adding: Excelerate.app/Contents/Resources/lib/python3.11/babel/locale-data/ses.dat (deflated 55%)
  adding: Excelerate.app/Contents/Resources/lib/python3.11/babel/locale-data/es_VE.dat (deflated 46%)
  adding: Excelerate.app/Contents/Resources/lib/python3.11/babel/locale-data/ha_Arab_NG.dat (deflated 42%)
  adding: Excelerate.app/Contents/Resources/lib/python3.11/babel/locale-data/ar_QA.dat (deflated 42%)
  adding: Excelerate.app/Contents/Resources/lib/python3.11/babel/locale-data/sn.dat (deflated 56%)
  adding: Excelerate.app/Contents/Resources/lib/python3.11/babel/locale-data/fr_MG.dat (deflated 41%)
  adding: Excelerate.app/Contents/Resources/lib/python3.11/babel/locale-data/es_MX.dat (deflated 65%)
  adding: Excelerate.app/Contents/Resources/lib/python3.11/babel/locale-data/et.dat (deflated 67%)
  adding: Excelerate.app/Contents/Resources/lib/python3.11/babel/locale-data/fo.dat (deflated 67%)
  adding: Excelerate.app/Contents/Resources/lib/python3.11/babel/locale-data/ckb_IR.dat (deflated 45%)
  adding: Excelerate.app/Contents/Resources/lib/python3.11/babel/locale-data/es_CR.dat (deflated 44%)
  adding: Excelerate.app/Contents/Resources/lib/python3.11/babel/locale-data/ia.dat (deflated 68%)
  adding: Excelerate.app/Contents/Resources/lib/python3.11/babel/locale-data/he.dat (deflated 69%)
  adding: Excelerate.app/Contents/Resources/lib/python3.11/babel/locale-data/fr_TD.dat (deflated 46%)
  adding: Excelerate.app/Contents/Resources/lib/python3.11/babel/locale-data/ta_IN.dat (deflated 41%)
  adding: Excelerate.app/Contents/Resources/lib/python3.11/babel/locale-data/ar_ER.dat (deflated 42%)
  adding: Excelerate.app/Contents/Resources/lib/python3.11/babel/locale-data/twq.dat (deflated 55%)
  adding: Excelerate.app/Contents/Resources/lib/python3.11/babel/locale-data/hr.dat (deflated 68%)
  adding: Excelerate.app/Contents/Resources/lib/python3.11/babel/locale-data/ki.dat (deflated 55%)
  adding: Excelerate.app/Contents/Resources/lib/python3.11/babel/locale-data/fy.dat (deflated 63%)
  adding: Excelerate.app/Contents/Resources/lib/python3.11/babel/locale-data/ksh_DE.dat (deflated 41%)
  adding: Excelerate.app/Contents/Resources/lib/python3.11/babel/locale-data/ks_Arab.dat (deflated 39%)
  adding: Excelerate.app/Contents/Resources/lib/python3.11/babel/locale-data/shi_Tfng.dat (deflated 39%)
  adding: Excelerate.app/Contents/Resources/lib/python3.11/babel/locale-data/ar_IQ.dat (deflated 54%)
  adding: Excelerate.app/Contents/Resources/lib/python3.11/babel/locale-data/vai.dat (deflated 58%)
  adding: Excelerate.app/Contents/Resources/lib/python3.11/babel/locale-data/fr_YT.dat (deflated 43%)
  adding: Excelerate.app/Contents/Resources/lib/python3.11/babel/locale-data/eu.dat (deflated 68%)
  adding: Excelerate.app/Contents/Resources/lib/python3.11/babel/locale-data/fr_MF.dat (deflated 42%)
  adding: Excelerate.app/Contents/Resources/lib/python3.11/babel/locale-data/jv_ID.dat (deflated 42%)
  adding: Excelerate.app/Contents/Resources/lib/python3.11/babel/locale-data/jgo.dat (deflated 56%)
  adding: Excelerate.app/Contents/Resources/lib/python3.11/babel/locale-data/mzn_IR.dat (deflated 41%)
  adding: Excelerate.app/Contents/Resources/lib/python3.11/babel/locale-data/mai.dat (deflated 69%)
  adding: Excelerate.app/Contents/Resources/lib/python3.11/babel/locale-data/fr_MQ.dat (deflated 41%)
  adding: Excelerate.app/Contents/Resources/lib/python3.11/babel/locale-data/brx_IN.dat (deflated 42%)
  adding: Excelerate.app/Contents/Resources/lib/python3.11/babel/locale-data/pt.dat (deflated 67%)
  adding: Excelerate.app/Contents/Resources/lib/python3.11/babel/locale-data/so.dat (deflated 66%)
  adding: Excelerate.app/Contents/Resources/lib/python3.11/babel/locale-data/fr_LU.dat (deflated 41%)
  adding: Excelerate.app/Contents/Resources/lib/python3.11/babel/locale-data/fr_BI.dat (deflated 41%)
  adding: Excelerate.app/Contents/Resources/lib/python3.11/babel/locale-data/ar_PS.dat (deflated 43%)
  adding: Excelerate.app/Contents/Resources/lib/python3.11/babel/locale-data/fr_CM.dat (deflated 50%)
  adding: Excelerate.app/Contents/Resources/lib/python3.11/babel/locale-data/rof.dat (deflated 57%)
  adding: Excelerate.app/Contents/Resources/lib/python3.11/babel/locale-data/eu_ES.dat (deflated 41%)
  adding: Excelerate.app/Contents/Resources/lib/python3.11/babel/locale-data/raj_IN.dat (deflated 42%)
  adding: Excelerate.app/Contents/Resources/lib/python3.11/babel/locale-data/kcg.dat (deflated 46%)
  adding: Excelerate.app/Contents/Resources/lib/python3.11/babel/locale-data/en_CH.dat (deflated 45%)
  adding: Excelerate.app/Contents/Resources/lib/python3.11/babel/locale-data/sdh_IQ.dat (deflated 42%)
  adding: Excelerate.app/Contents/Resources/lib/python3.11/babel/locale-data/cch_NG.dat (deflated 42%)
  adding: Excelerate.app/Contents/Resources/lib/python3.11/babel/locale-data/en_MT.dat (deflated 51%)
  adding: Excelerate.app/Contents/Resources/lib/python3.11/babel/locale-data/id_ID.dat (deflated 41%)
  adding: Excelerate.app/Contents/Resources/lib/python3.11/babel/locale-data/en_VI.dat (deflated 42%)
  adding: Excelerate.app/Contents/Resources/lib/python3.11/babel/locale-data/en_TV.dat (deflated 45%)
  adding: Excelerate.app/Contents/Resources/lib/python3.11/babel/locale-data/mt_MT.dat (deflated 43%)
  adding: Excelerate.app/Contents/Resources/lib/python3.11/babel/locale-data/rof_TZ.dat (deflated 43%)
  adding: Excelerate.app/Contents/Resources/lib/python3.11/babel/locale-data/en_TT.dat (deflated 41%)
  adding: Excelerate.app/Contents/Resources/lib/python3.11/babel/locale-data/en_UG.dat (deflated 45%)
  adding: Excelerate.app/Contents/Resources/lib/python3.11/babel/locale-data/pis_SB.dat (deflated 42%)
  adding: Excelerate.app/Contents/Resources/lib/python3.11/babel/locale-data/yue_Hans_CN.dat (deflated 41%)
  adding: Excelerate.app/Contents/Resources/lib/python3.11/babel/locale-data/en_TC.dat (deflated 41%)
  adding: Excelerate.app/Contents/Resources/lib/python3.11/babel/locale-data/bew_ID.dat (deflated 41%)
  adding: Excelerate.app/Contents/Resources/lib/python3.11/babel/locale-data/ewo.dat (deflated 56%)
  adding: Excelerate.app/Contents/Resources/lib/python3.11/babel/locale-data/en_MV.dat (deflated 48%)
  adding: Excelerate.app/Contents/Resources/lib/python3.11/babel/locale-data/kl_GL.dat (deflated 43%)
  adding: Excelerate.app/Contents/Resources/lib/python3.11/babel/locale-data/en_LR.dat (deflated 42%)
  adding: Excelerate.app/Contents/Resources/lib/python3.11/babel/locale-data/en_NZ.dat (deflated 49%)
  adding: Excelerate.app/Contents/Resources/lib/python3.11/babel/locale-data/mk_MK.dat (deflated 43%)
  adding: Excelerate.app/Contents/Resources/lib/python3.11/babel/locale-data/en_AU.dat (deflated 65%)
  adding: Excelerate.app/Contents/Resources/lib/python3.11/babel/locale-data/kam.dat (deflated 55%)
  adding: Excelerate.app/Contents/Resources/lib/python3.11/babel/locale-data/trw_PK.dat (deflated 41%)
  adding: Excelerate.app/Contents/Resources/lib/python3.11/babel/locale-data/bho_IN.dat (deflated 42%)
  adding: Excelerate.app/Contents/Resources/lib/python3.11/babel/locale-data/sk_SK.dat (deflated 41%)
  adding: Excelerate.app/Contents/Resources/lib/python3.11/babel/locale-data/syr_IQ.dat (deflated 42%)
  adding: Excelerate.app/Contents/Resources/lib/python3.11/babel/locale-data/qu_EC.dat (deflated 41%)
  adding: Excelerate.app/Contents/Resources/lib/python3.11/babel/locale-data/cad.dat (deflated 48%)
  adding: Excelerate.app/Contents/Resources/lib/python3.11/babel/locale-data/gv_IM.dat (deflated 43%)
  adding: Excelerate.app/Contents/Resources/lib/python3.11/babel/locale-data/vun.dat (deflated 55%)
  adding: Excelerate.app/Contents/Resources/lib/python3.11/babel/locale-data/wae_CH.dat (deflated 41%)
  adding: Excelerate.app/Contents/Resources/lib/python3.11/babel/locale-data/gn_PY.dat (deflated 43%)
  adding: Excelerate.app/Contents/Resources/lib/python3.11/babel/locale-data/pa.dat (deflated 71%)
  adding: Excelerate.app/Contents/Resources/lib/python3.11/babel/locale-data/sid.dat (deflated 46%)
  adding: Excelerate.app/Contents/Resources/lib/python3.11/babel/locale-data/sma_SE.dat (deflated 41%)
  adding: Excelerate.app/Contents/Resources/lib/python3.11/babel/locale-data/dje.dat (deflated 55%)
  adding: Excelerate.app/Contents/Resources/lib/python3.11/babel/locale-data/bm_Nkoo.dat (deflated 52%)
  adding: Excelerate.app/Contents/Resources/lib/python3.11/babel/locale-data/de_LI.dat (deflated 42%)
  adding: Excelerate.app/Contents/Resources/lib/python3.11/babel/locale-data/it_VA.dat (deflated 41%)
  adding: Excelerate.app/Contents/Resources/lib/python3.11/babel/locale-data/ckb_IQ.dat (deflated 41%)
  adding: Excelerate.app/Contents/Resources/lib/python3.11/babel/locale-data/it.dat (deflated 67%)
  adding: Excelerate.app/Contents/Resources/lib/python3.11/babel/locale-data/vun_TZ.dat (deflated 42%)
  adding: Excelerate.app/Contents/Resources/lib/python3.11/babel/locale-data/kk.dat (deflated 69%)
  adding: Excelerate.app/Contents/Resources/lib/python3.11/babel/locale-data/ar_EG.dat (deflated 39%)
  adding: Excelerate.app/Contents/Resources/lib/python3.11/babel/locale-data/ku_TR.dat (deflated 41%)
  adding: Excelerate.app/Contents/Resources/lib/python3.11/babel/locale-data/fr_TG.dat (deflated 42%)
  adding: Excelerate.app/Contents/Resources/lib/python3.11/babel/locale-data/nus_SS.dat (deflated 42%)
  adding: Excelerate.app/Contents/Resources/lib/python3.11/babel/locale-data/iu.dat (deflated 46%)
  adding: Excelerate.app/Contents/Resources/lib/python3.11/babel/locale-data/sah_RU.dat (deflated 41%)
  adding: Excelerate.app/Contents/Resources/lib/python3.11/babel/locale-data/nl_SR.dat (deflated 41%)
  adding: Excelerate.app/Contents/Resources/lib/python3.11/babel/locale-data/ebu_KE.dat (deflated 42%)
  adding: Excelerate.app/Contents/Resources/lib/python3.11/babel/locale-data/de.dat (deflated 67%)
  adding: Excelerate.app/Contents/Resources/lib/python3.11/babel/locale-data/ar_KM.dat (deflated 45%)
  adding: Excelerate.app/Contents/Resources/lib/python3.11/babel/locale-data/mn_Mong_MN.dat (deflated 66%)
  adding: Excelerate.app/Contents/Resources/lib/python3.11/babel/locale-data/nds_DE.dat (deflated 41%)
  adding: Excelerate.app/Contents/Resources/lib/python3.11/babel/locale-data/el_CY.dat (deflated 41%)
  adding: Excelerate.app/Contents/Resources/lib/python3.11/babel/locale-data/sl.dat (deflated 69%)
  adding: Excelerate.app/Contents/Resources/lib/python3.11/babel/locale-data/gaa_GH.dat (deflated 42%)
  adding: Excelerate.app/Contents/Resources/lib/python3.11/babel/locale-data/fr_MR.dat (deflated 45%)
  adding: Excelerate.app/Contents/Resources/lib/python3.11/babel/locale-data/tig_ER.dat (deflated 43%)
  adding: Excelerate.app/Contents/Resources/lib/python3.11/babel/locale-data/sr_Cyrl_ME.dat (deflated 48%)
  adding: Excelerate.app/Contents/Resources/lib/python3.11/babel/locale-data/vec_IT.dat (deflated 42%)
  adding: Excelerate.app/Contents/Resources/lib/python3.11/babel/locale-data/io_001.dat (deflated 38%)
  adding: Excelerate.app/Contents/Resources/lib/python3.11/babel/locale-data/sr_Cyrl.dat (deflated 39%)
  adding: Excelerate.app/Contents/Resources/lib/python3.11/babel/locale-data/fr_BJ.dat (deflated 42%)
  adding: Excelerate.app/Contents/Resources/lib/python3.11/babel/locale-data/sat_Deva.dat (deflated 44%)
  adding: Excelerate.app/Contents/Resources/lib/python3.11/babel/locale-data/root.dat (deflated 66%)
  adding: Excelerate.app/Contents/Resources/lib/python3.11/babel/locale-data/en_CK.dat (deflated 45%)
  adding: Excelerate.app/Contents/Resources/lib/python3.11/babel/locale-data/sdh_IR.dat (deflated 42%)
  adding: Excelerate.app/Contents/Resources/lib/python3.11/babel/locale-data/aa_DJ.dat (deflated 43%)
  adding: Excelerate.app/Contents/Resources/lib/python3.11/babel/locale-data/en_AT.dat (deflated 43%)
  adding: Excelerate.app/Contents/Resources/lib/python3.11/babel/locale-data/bez.dat (deflated 58%)
  adding: Excelerate.app/Contents/Resources/lib/python3.11/babel/locale-data/en_LS.dat (deflated 42%)
  adding: Excelerate.app/Contents/Resources/lib/python3.11/babel/locale-data/lt_LT.dat (deflated 42%)
  adding: Excelerate.app/Contents/Resources/lib/python3.11/babel/locale-data/en_MW.dat (deflated 42%)
  adding: Excelerate.app/Contents/Resources/lib/python3.11/babel/locale-data/bem.dat (deflated 52%)
  adding: Excelerate.app/Contents/Resources/lib/python3.11/babel/locale-data/en_NL.dat (deflated 43%)
  adding: Excelerate.app/Contents/Resources/lib/python3.11/babel/locale-data/nds.dat (deflated 60%)
  adding: Excelerate.app/Contents/Resources/lib/python3.11/babel/locale-data/bs_Latn.dat (deflated 39%)
  adding: Excelerate.app/Contents/Resources/lib/python3.11/babel/locale-data/ff_Latn_NG.dat (deflated 40%)
  adding: Excelerate.app/Contents/Resources/lib/python3.11/babel/locale-data/be_TARASK.dat (deflated 70%)
  adding: Excelerate.app/Contents/Resources/lib/python3.11/babel/locale-data/gaa.dat (deflated 61%)
  adding: Excelerate.app/Contents/Resources/lib/python3.11/babel/locale-data/tn_ZA.dat (deflated 41%)
  adding: Excelerate.app/Contents/Resources/lib/python3.11/babel/locale-data/agq_CM.dat (deflated 41%)
  adding: Excelerate.app/Contents/Resources/lib/python3.11/babel/locale-data/bgn_PK.dat (deflated 43%)
  adding: Excelerate.app/Contents/Resources/lib/python3.11/babel/locale-data/ug_CN.dat (deflated 41%)
  adding: Excelerate.app/Contents/Resources/lib/python3.11/babel/locale-data/su_Latn_ID.dat (deflated 41%)
  adding: Excelerate.app/Contents/Resources/lib/python3.11/babel/locale-data/en_ZM.dat (deflated 42%)
  adding: Excelerate.app/Contents/Resources/lib/python3.11/babel/locale-data/bss.dat (deflated 40%)
  adding: Excelerate.app/Contents/Resources/lib/python3.11/babel/locale-data/gsw_CH.dat (deflated 41%)
  adding: Excelerate.app/Contents/Resources/lib/python3.11/babel/locale-data/ca_ES_VALENCIA.dat (deflated 50%)
  adding: Excelerate.app/Contents/Resources/lib/python3.11/babel/locale-data/mgh_MZ.dat (deflated 41%)
  adding: Excelerate.app/Contents/Resources/lib/python3.11/babel/locale-data/vo_001.dat (deflated 39%)
  adding: Excelerate.app/Contents/Resources/lib/python3.11/babel/locale-data/en_MS.dat (deflated 45%)
  adding: Excelerate.app/Contents/Resources/lib/python3.11/babel/locale-data/raj.dat (deflated 47%)
  adding: Excelerate.app/Contents/Resources/lib/python3.11/babel/locale-data/en_AG.dat (deflated 41%)
  adding: Excelerate.app/Contents/Resources/lib/python3.11/babel/locale-data/en_CX.dat (deflated 45%)
  adding: Excelerate.app/Contents/Resources/lib/python3.11/babel/locale-data/ms_Arab.dat (deflated 62%)
  adding: Excelerate.app/Contents/Resources/lib/python3.11/babel/locale-data/ar_SO.dat (deflated 42%)
  adding: Excelerate.app/Contents/Resources/lib/python3.11/babel/locale-data/fr_MA.dat (deflated 43%)
  adding: Excelerate.app/Contents/Resources/lib/python3.11/babel/locale-data/ta_SG.dat (deflated 41%)
  adding: Excelerate.app/Contents/Resources/lib/python3.11/babel/locale-data/ps.dat (deflated 67%)
  adding: Excelerate.app/Contents/Resources/lib/python3.11/babel/locale-data/ee.dat (deflated 67%)
  adding: Excelerate.app/Contents/Resources/lib/python3.11/babel/locale-data/da.dat (deflated 67%)
  adding: Excelerate.app/Contents/Resources/lib/python3.11/babel/locale-data/fi.dat (deflated 68%)
  adding: Excelerate.app/Contents/Resources/lib/python3.11/babel/locale-data/dv.dat (deflated 44%)
  adding: Excelerate.app/Contents/Resources/lib/python3.11/babel/locale-data/dsb.dat (deflated 70%)
  adding: Excelerate.app/Contents/Resources/lib/python3.11/babel/locale-data/es_CU.dat (deflated 41%)
  adding: Excelerate.app/Contents/Resources/lib/python3.11/babel/locale-data/ky.dat (deflated 69%)
  adding: Excelerate.app/Contents/Resources/lib/python3.11/babel/locale-data/ce_RU.dat (deflated 41%)
  adding: Excelerate.app/Contents/Resources/lib/python3.11/babel/locale-data/kn.dat (deflated 74%)
  adding: Excelerate.app/Contents/Resources/lib/python3.11/babel/locale-data/hu.dat (deflated 65%)
  adding: Excelerate.app/Contents/Resources/lib/python3.11/babel/locale-data/kxv_Deva.dat (deflated 48%)
  adding: Excelerate.app/Contents/Resources/lib/python3.11/babel/locale-data/ko.dat (deflated 64%)
  adding: Excelerate.app/Contents/Resources/lib/python3.11/babel/locale-data/kxv_Deva_IN.dat (deflated 42%)
  adding: Excelerate.app/Contents/Resources/lib/python3.11/babel/locale-data/ssy.dat (deflated 45%)
  adding: Excelerate.app/Contents/Resources/lib/python3.11/babel/locale-data/pap_CW.dat (deflated 43%)
  adding: Excelerate.app/Contents/Resources/lib/python3.11/babel/locale-data/ig.dat (deflated 63%)
  adding: Excelerate.app/Contents/Resources/lib/python3.11/babel/locale-data/gl.dat (deflated 67%)
  adding: Excelerate.app/Contents/Resources/lib/python3.11/babel/locale-data/es.dat (deflated 67%)
  adding: Excelerate.app/Contents/Resources/lib/python3.11/babel/locale-data/frr.dat (deflated 63%)
  adding: Excelerate.app/Contents/Resources/lib/python3.11/babel/locale-data/si.dat (deflated 72%)
  adding: Excelerate.app/Contents/Resources/lib/python3.11/babel/locale-data/yav_CM.dat (deflated 41%)
  adding: Excelerate.app/Contents/Resources/lib/python3.11/babel/locale-data/rm.dat (deflated 64%)
  adding: Excelerate.app/Contents/Resources/lib/python3.11/babel/locale-data/moh_CA.dat (deflated 41%)
  adding: Excelerate.app/Contents/Resources/lib/python3.11/babel/locale-data/es_UY.dat (deflated 48%)
  adding: Excelerate.app/Contents/Resources/lib/python3.11/babel/locale-data/mr_IN.dat (deflated 41%)
  adding: Excelerate.app/Contents/Resources/lib/python3.11/babel/locale-data/cch.dat (deflated 47%)
  adding: Excelerate.app/Contents/Resources/lib/python3.11/babel/locale-data/ar_SY.dat (deflated 43%)
  adding: Excelerate.app/Contents/Resources/lib/python3.11/babel/locale-data/bo_CN.dat (deflated 41%)
  adding: Excelerate.app/Contents/Resources/lib/python3.11/babel/locale-data/uz_Latn_UZ.dat (deflated 41%)
  adding: Excelerate.app/Contents/Resources/lib/python3.11/babel/locale-data/bho.dat (deflated 45%)
  adding: Excelerate.app/Contents/Resources/lib/python3.11/babel/locale-data/twq_NE.dat (deflated 43%)
  adding: Excelerate.app/Contents/Resources/lib/python3.11/babel/locale-data/en_CY.dat (deflated 41%)
  adding: Excelerate.app/Contents/Resources/lib/python3.11/babel/locale-data/en_US_POSIX.dat (deflated 41%)
  adding: Excelerate.app/Contents/Resources/lib/python3.11/babel/locale-data/dv_MV.dat (deflated 41%)
  adding: Excelerate.app/Contents/Resources/lib/python3.11/babel/locale-data/kln.dat (deflated 59%)
  adding: Excelerate.app/Contents/Resources/lib/python3.11/babel/locale-data/LICENSE.unicode (deflated 47%)
  adding: Excelerate.app/Contents/Resources/lib/python3.11/babel/locale-data/teo_UG.dat (deflated 42%)
  adding: Excelerate.app/Contents/Resources/lib/python3.11/babel/locale-data/ms_MY.dat (deflated 41%)
  adding: Excelerate.app/Contents/Resources/lib/python3.11/babel/locale-data/zh_Hans_CN.dat (deflated 40%)
  adding: Excelerate.app/Contents/Resources/lib/python3.11/babel/locale-data/lb_LU.dat (deflated 42%)
  adding: Excelerate.app/Contents/Resources/lib/python3.11/babel/locale-data/mas_TZ.dat (deflated 41%)
  adding: Excelerate.app/Contents/Resources/lib/python3.11/babel/locale-data/en_LC.dat (deflated 41%)
  adding: Excelerate.app/Contents/Resources/lib/python3.11/babel/locale-data/pt_CH.dat (deflated 41%)
  adding: Excelerate.app/Contents/Resources/lib/python3.11/babel/locale-data/tn_BW.dat (deflated 41%)
  adding: Excelerate.app/Contents/Resources/lib/python3.11/babel/locale-data/csw_CA.dat (deflated 40%)
  adding: Excelerate.app/Contents/Resources/lib/python3.11/babel/locale-data/en_MG.dat (deflated 45%)
  adding: Excelerate.app/Contents/Resources/lib/python3.11/babel/locale-data/hr_HR.dat (deflated 41%)
  adding: Excelerate.app/Contents/Resources/lib/python3.11/babel/locale-data/en_MP.dat (deflated 54%)
  adding: Excelerate.app/Contents/Resources/lib/python3.11/babel/locale-data/dua_CM.dat (deflated 41%)
  adding: Excelerate.app/Contents/Resources/lib/python3.11/babel/locale-data/en_AS.dat (deflated 41%)
  adding: Excelerate.app/Contents/Resources/lib/python3.11/babel/locale-data/fi_FI.dat (deflated 41%)
  adding: Excelerate.app/Contents/Resources/lib/python3.11/babel/locale-data/fr_CI.dat (deflated 42%)
  adding: Excelerate.app/Contents/Resources/lib/python3.11/babel/locale-data/lv_LV.dat (deflated 41%)
  adding: Excelerate.app/Contents/Resources/lib/python3.11/babel/locale-data/vai_Latn_LR.dat (deflated 42%)
  adding: Excelerate.app/Contents/Resources/lib/python3.11/babel/locale-data/ff_Adlm_GW.dat (deflated 42%)
  adding: Excelerate.app/Contents/Resources/lib/python3.11/babel/locale-data/ki_KE.dat (deflated 42%)
  adding: Excelerate.app/Contents/Resources/lib/python3.11/babel/locale-data/sk.dat (deflated 69%)
  adding: Excelerate.app/Contents/Resources/lib/python3.11/babel/locale-data/blt_VN.dat (deflated 41%)
  adding: Excelerate.app/Contents/Resources/lib/python3.11/babel/locale-data/da_GL.dat (deflated 42%)
  adding: Excelerate.app/Contents/Resources/lib/python3.11/babel/locale-data/ro.dat (deflated 69%)
  adding: Excelerate.app/Contents/Resources/lib/python3.11/babel/locale-data/fr_MU.dat (deflated 41%)
  adding: Excelerate.app/Contents/Resources/lib/python3.11/babel/locale-data/ca_AD.dat (deflated 41%)
  adding: Excelerate.app/Contents/Resources/lib/python3.11/babel/locale-data/kxv_Orya_IN.dat (deflated 42%)
  adding: Excelerate.app/Contents/Resources/lib/python3.11/babel/locale-data/bas_CM.dat (deflated 41%)
  adding: Excelerate.app/Contents/Resources/lib/python3.11/babel/locale-data/syr_SY.dat (deflated 42%)
  adding: Excelerate.app/Contents/Resources/lib/python3.11/babel/locale-data/gn.dat (deflated 44%)
  adding: Excelerate.app/Contents/Resources/lib/python3.11/babel/locale-data/zu_ZA.dat (deflated 41%)
  adding: Excelerate.app/Contents/Resources/lib/python3.11/babel/locale-data/es_BR.dat (deflated 45%)
  adding: Excelerate.app/Contents/Resources/lib/python3.11/babel/locale-data/ha.dat (deflated 68%)
  adding: Excelerate.app/Contents/Resources/lib/python3.11/babel/locale-data/ie.dat (deflated 63%)
  adding: Excelerate.app/Contents/Resources/lib/python3.11/babel/locale-data/se_FI.dat (deflated 69%)
  adding: Excelerate.app/Contents/Resources/lib/python3.11/babel/locale-data/km.dat (deflated 71%)
  adding: Excelerate.app/Contents/Resources/lib/python3.11/babel/locale-data/ksb_TZ.dat (deflated 43%)
  adding: Excelerate.app/Contents/Resources/lib/python3.11/babel/locale-data/is.dat (deflated 67%)
  adding: Excelerate.app/Contents/Resources/lib/python3.11/babel/locale-data/ann.dat (deflated 41%)
  adding: Excelerate.app/Contents/Resources/lib/python3.11/babel/locale-data/fil.dat (deflated 68%)
  adding: Excelerate.app/Contents/Resources/lib/python3.11/babel/locale-data/ann_NG.dat (deflated 43%)
  adding: Excelerate.app/Contents/Resources/lib/python3.11/babel/locale-data/kl.dat (deflated 67%)
  adding: Excelerate.app/Contents/Resources/lib/python3.11/babel/locale-data/de_BE.dat (deflated 41%)
  adding: Excelerate.app/Contents/Resources/lib/python3.11/babel/locale-data/sw_CD.dat (deflated 43%)
  adding: Excelerate.app/Contents/Resources/lib/python3.11/babel/locale-data/id.dat (deflated 64%)
  adding: Excelerate.app/Contents/Resources/lib/python3.11/babel/locale-data/qu_PE.dat (deflated 41%)
  adding: Excelerate.app/Contents/Resources/lib/python3.11/babel/locale-data/ar_JO.dat (deflated 43%)
  adding: Excelerate.app/Contents/Resources/lib/python3.11/babel/locale-data/ss_SZ.dat (deflated 46%)
  adding: Excelerate.app/Contents/Resources/lib/python3.11/babel/locale-data/qu.dat (deflated 64%)
  adding: Excelerate.app/Contents/Resources/lib/python3.11/babel/locale-data/rn.dat (deflated 56%)
  adding: Excelerate.app/Contents/Resources/lib/python3.11/babel/locale-data/uk_UA.dat (deflated 41%)
  adding: Excelerate.app/Contents/Resources/lib/python3.11/babel/locale-data/fr_MC.dat (deflated 41%)
  adding: Excelerate.app/Contents/Resources/lib/python3.11/babel/locale-data/lag_TZ.dat (deflated 42%)
  adding: Excelerate.app/Contents/Resources/lib/python3.11/babel/locale-data/fr_BL.dat (deflated 42%)
  adding: Excelerate.app/Contents/Resources/lib/python3.11/babel/locale-data/fr_CH.dat (deflated 50%)
  adding: Excelerate.app/Contents/Resources/lib/python3.11/babel/locale-data/sw_TZ.dat (deflated 42%)
  adding: Excelerate.app/Contents/Resources/lib/python3.11/babel/locale-data/uz_Latn.dat (deflated 41%)
  adding: Excelerate.app/Contents/Resources/lib/python3.11/babel/locale-data/en_BI.dat (deflated 45%)
  adding: Excelerate.app/Contents/Resources/lib/python3.11/babel/locale-data/en_CM.dat (deflated 45%)
  adding: Excelerate.app/Contents/Resources/lib/python3.11/babel/locale-data/kaj.dat (deflated 47%)
  adding: Excelerate.app/Contents/Resources/lib/python3.11/babel/locale-data/en_AE.dat (deflated 57%)
  adding: Excelerate.app/Contents/Resources/lib/python3.11/babel/locale-data/mgo_CM.dat (deflated 41%)
  adding: Excelerate.app/Contents/Resources/lib/python3.11/babel/locale-data/bgc.dat (deflated 47%)
  adding: Excelerate.app/Contents/Resources/lib/python3.11/babel/locale-data/zh_Hant_MO.dat (deflated 37%)
  adding: Excelerate.app/Contents/Resources/lib/python3.11/babel/locale-data/ko_CN.dat (deflated 45%)
  adding: Excelerate.app/Contents/Resources/lib/python3.11/babel/locale-data/sr_Latn_ME.dat (deflated 44%)
  adding: Excelerate.app/Contents/Resources/lib/python3.11/babel/locale-data/wbp.dat (deflated 42%)
  adding: Excelerate.app/Contents/Resources/lib/python3.11/babel/locale-data/en_PK.dat (deflated 54%)
  adding: Excelerate.app/Contents/Resources/lib/python3.11/babel/locale-data/luy.dat (deflated 55%)
  adding: Excelerate.app/Contents/Resources/lib/python3.11/babel/locale-data/en_SG.dat (deflated 51%)
  adding: Excelerate.app/Contents/Resources/lib/python3.11/babel/locale-data/ksh.dat (deflated 64%)
  adding: Excelerate.app/Contents/Resources/lib/python3.11/babel/locale-data/sg_CF.dat (deflated 42%)
  adding: Excelerate.app/Contents/Resources/lib/python3.11/babel/locale-data/cu_RU.dat (deflated 41%)
  adding: Excelerate.app/Contents/Resources/lib/python3.11/babel/locale-data/gez_ER.dat (deflated 41%)
  adding: Excelerate.app/Contents/Resources/lib/python3.11/babel/locale-data/pt_ST.dat (deflated 48%)
  adding: Excelerate.app/Contents/Resources/lib/python3.11/babel/locale-data/bas.dat (deflated 54%)
  adding: Excelerate.app/Contents/Resources/lib/python3.11/babel/locale-data/af_NA.dat (deflated 48%)
  adding: Excelerate.app/Contents/Resources/lib/python3.11/babel/locale-data/smn_FI.dat (deflated 42%)
  adding: Excelerate.app/Contents/Resources/lib/python3.11/babel/locale-data/en_JE.dat (deflated 45%)
  adding: Excelerate.app/Contents/Resources/lib/python3.11/babel/locale-data/mic_CA.dat (deflated 42%)
  adding: Excelerate.app/Contents/Resources/lib/python3.11/babel/locale-data/tok_001.dat (deflated 42%)
  adding: Excelerate.app/Contents/Resources/lib/python3.11/babel/locale-data/pt_GQ.dat (deflated 42%)
  adding: Excelerate.app/Contents/Resources/lib/python3.11/babel/locale-data/zh_Hans_SG.dat (deflated 48%)
  adding: Excelerate.app/Contents/Resources/lib/python3.11/babel/locale-data/en_GU.dat (deflated 41%)
  adding: Excelerate.app/Contents/Resources/lib/python3.11/babel/locale-data/blt.dat (deflated 40%)
  adding: Excelerate.app/Contents/Resources/lib/python3.11/babel/locale-data/ff_Latn_SL.dat (deflated 45%)
  adding: Excelerate.app/Contents/Resources/lib/python3.11/babel/locale-data/teo_KE.dat (deflated 41%)
  adding: Excelerate.app/Contents/Resources/lib/python3.11/babel/locale-data/en_GB.dat (deflated 54%)
  adding: Excelerate.app/Contents/Resources/lib/python3.11/babel/locale-data/ff_Adlm_MR.dat (deflated 46%)
  adding: Excelerate.app/Contents/Resources/lib/python3.11/babel/locale-data/it_IT.dat (deflated 41%)
  adding: Excelerate.app/Contents/Resources/lib/python3.11/babel/locale-data/zu.dat (deflated 67%)
  adding: Excelerate.app/Contents/Resources/lib/python3.11/babel/locale-data/ar_TN.dat (deflated 43%)
  adding: Excelerate.app/Contents/Resources/lib/python3.11/babel/locale-data/kok_IN.dat (deflated 42%)
  adding: Excelerate.app/Contents/Resources/lib/python3.11/babel/locale-data/fr_GP.dat (deflated 41%)
  adding: Excelerate.app/Contents/Resources/lib/python3.11/babel/locale-data/ks_Deva_IN.dat (deflated 41%)
  adding: Excelerate.app/Contents/Resources/lib/python3.11/babel/locale-data/vai_Vaii_LR.dat (deflated 42%)
  adding: Excelerate.app/Contents/Resources/lib/python3.11/babel/locale-data/doi.dat (deflated 64%)
  adding: Excelerate.app/Contents/Resources/lib/python3.11/babel/locale-data/fur.dat (deflated 59%)
  adding: Excelerate.app/Contents/Resources/lib/python3.11/babel/locale-data/ti.dat (deflated 65%)
  adding: Excelerate.app/Contents/Resources/lib/python3.11/babel/locale-data/ast.dat (deflated 66%)
  adding: Excelerate.app/Contents/Resources/lib/python3.11/babel/locale-data/uz.dat (deflated 66%)
  adding: Excelerate.app/Contents/Resources/lib/python3.11/babel/locale-data/kkj_CM.dat (deflated 42%)
  adding: Excelerate.app/Contents/Resources/lib/python3.11/babel/locale-data/bs.dat (deflated 68%)
  adding: Excelerate.app/Contents/Resources/lib/python3.11/babel/locale-data/vmw_MZ.dat (deflated 41%)
  adding: Excelerate.app/Contents/Resources/lib/python3.11/babel/locale-data/so_SO.dat (deflated 42%)
  adding: Excelerate.app/Contents/Resources/lib/python3.11/babel/locale-data/agq.dat (deflated 54%)
  adding: Excelerate.app/Contents/Resources/lib/python3.11/babel/locale-data/it_SM.dat (deflated 41%)
  adding: Excelerate.app/Contents/Resources/lib/python3.11/babel/locale-data/vec.dat (deflated 64%)
  adding: Excelerate.app/Contents/Resources/lib/python3.11/babel/locale-data/az_Arab_IR.dat (deflated 42%)
  adding: Excelerate.app/Contents/Resources/lib/python3.11/babel/locale-data/sma_NO.dat (deflated 42%)
  adding: Excelerate.app/Contents/Resources/lib/python3.11/babel/locale-data/ms_Arab_MY.dat (deflated 41%)
  adding: Excelerate.app/Contents/Resources/lib/python3.11/babel/locale-data/en_Shaw.dat (deflated 51%)
  adding: Excelerate.app/Contents/Resources/lib/python3.11/babel/locale-data/mk.dat (deflated 70%)
  adding: Excelerate.app/Contents/Resources/lib/python3.11/babel/locale-data/lo.dat (deflated 69%)
  adding: Excelerate.app/Contents/Resources/lib/python3.11/babel/locale-data/iu_Latn.dat (deflated 38%)
  adding: Excelerate.app/Contents/Resources/lib/python3.11/babel/locale-data/hnj_Hmnp.dat (deflated 41%)
  adding: Excelerate.app/Contents/Resources/lib/python3.11/babel/locale-data/oc.dat (deflated 64%)
  adding: Excelerate.app/Contents/Resources/lib/python3.11/babel/locale-data/fr_SC.dat (deflated 41%)
  adding: Excelerate.app/Contents/Resources/lib/python3.11/babel/locale-data/yo_NG.dat (deflated 42%)
  adding: Excelerate.app/Contents/Resources/lib/python3.11/babel/locale-data/ln.dat (deflated 57%)
  adding: Excelerate.app/Contents/Resources/lib/python3.11/babel/locale-data/csw.dat (deflated 46%)
  adding: Excelerate.app/Contents/Resources/lib/python3.11/babel/locale-data/lu_CD.dat (deflated 43%)
  adding: Excelerate.app/Contents/Resources/lib/python3.11/babel/locale-data/vai_Vaii.dat (deflated 43%)
  adding: Excelerate.app/Contents/Resources/lib/python3.11/babel/locale-data/ca.dat (deflated 67%)
  adding: Excelerate.app/Contents/Resources/lib/python3.11/babel/locale-data/be_BY.dat (deflated 41%)
  adding: Excelerate.app/Contents/Resources/lib/python3.11/babel/locale-data/be.dat (deflated 72%)
  adding: Excelerate.app/Contents/Resources/lib/python3.11/babel/locale-data/cv.dat (deflated 66%)
  adding: Excelerate.app/Contents/Resources/lib/python3.11/babel/locale-data/br.dat (deflated 71%)
  adding: Excelerate.app/Contents/Resources/lib/python3.11/babel/locale-data/yrl_BR.dat (deflated 41%)
  adding: Excelerate.app/Contents/Resources/lib/python3.11/babel/locale-data/th.dat (deflated 70%)
  adding: Excelerate.app/Contents/Resources/lib/python3.11/babel/locale-data/so_ET.dat (deflated 40%)
  adding: Excelerate.app/Contents/Resources/lib/python3.11/babel/locale-data/mdf.dat (deflated 47%)
  adding: Excelerate.app/Contents/Resources/lib/python3.11/babel/locale-data/cic_US.dat (deflated 41%)
  adding: Excelerate.app/Contents/Resources/lib/python3.11/babel/locale-data/cy_GB.dat (deflated 41%)
  adding: Excelerate.app/Contents/Resources/lib/python3.11/babel/locale-data/fr_GF.dat (deflated 41%)
  adding: Excelerate.app/Contents/Resources/lib/python3.11/babel/locale-data/nl_AW.dat (deflated 41%)
  adding: Excelerate.app/Contents/Resources/lib/python3.11/babel/locale-data/fr_DJ.dat (deflated 45%)
  adding: Excelerate.app/Contents/Resources/lib/python3.11/babel/locale-data/ro_RO.dat (deflated 41%)
  adding: Excelerate.app/Contents/Resources/lib/python3.11/babel/locale-data/fr_GQ.dat (deflated 42%)
  adding: Excelerate.app/Contents/Resources/lib/python3.11/babel/locale-data/yo.dat (deflated 64%)
  adding: Excelerate.app/Contents/Resources/lib/python3.11/babel/locale-data/vi_VN.dat (deflated 41%)
  adding: Excelerate.app/Contents/Resources/lib/python3.11/babel/locale-data/nyn.dat (deflated 55%)
  adding: Excelerate.app/Contents/Resources/lib/python3.11/babel/locale-data/ky_KG.dat (deflated 43%)
  adding: Excelerate.app/Contents/Resources/lib/python3.11/babel/locale-data/hr_BA.dat (deflated 41%)
  adding: Excelerate.app/Contents/Resources/lib/python3.11/babel/locale-data/ja_JP.dat (deflated 41%)
  adding: Excelerate.app/Contents/Resources/lib/python3.11/babel/locale-data/lkt_US.dat (deflated 42%)
  adding: Excelerate.app/Contents/Resources/lib/python3.11/babel/locale-data/zgh_MA.dat (deflated 42%)
  adding: Excelerate.app/Contents/Resources/lib/python3.11/babel/locale-data/kpe_LR.dat (deflated 42%)
  adding: Excelerate.app/Contents/Resources/lib/python3.11/babel/locale-data/nyn_UG.dat (deflated 41%)
  adding: Excelerate.app/Contents/Resources/lib/python3.11/babel/locale-data/fa_IR.dat (deflated 42%)
  adding: Excelerate.app/Contents/Resources/lib/python3.11/babel/locale-data/ast_ES.dat (deflated 41%)
  adding: Excelerate.app/Contents/Resources/lib/python3.11/babel/locale-data/sat_Olck_IN.dat (deflated 41%)
  adding: Excelerate.app/Contents/Resources/lib/python3.11/babel/locale-data/or_IN.dat (deflated 41%)
  adding: Excelerate.app/Contents/Resources/lib/python3.11/babel/locale-data/luo.dat (deflated 54%)
  adding: Excelerate.app/Contents/Resources/lib/python3.11/babel/locale-data/fo_FO.dat (deflated 41%)
  adding: Excelerate.app/Contents/Resources/lib/python3.11/babel/locale-data/ka_GE.dat (deflated 41%)
  adding: Excelerate.app/Contents/Resources/lib/python3.11/babel/locale-data/ff_Latn_GH.dat (deflated 45%)
  adding: Excelerate.app/Contents/Resources/lib/python3.11/babel/locale-data/kpe.dat (deflated 45%)
  adding: Excelerate.app/Contents/Resources/lib/python3.11/babel/locale-data/en_PH.dat (deflated 41%)
  adding: Excelerate.app/Contents/Resources/lib/python3.11/babel/locale-data/en_SS.dat (deflated 41%)
  adding: Excelerate.app/Contents/Resources/lib/python3.11/babel/locale-data/en_RW.dat (deflated 45%)
  adding: Excelerate.app/Contents/Resources/lib/python3.11/babel/locale-data/en_SD.dat (deflated 42%)
  adding: Excelerate.app/Contents/Resources/lib/python3.11/babel/locale-data/nqo_GN.dat (deflated 42%)
  adding: Excelerate.app/Contents/Resources/lib/python3.11/babel/locale-data/sq_XK.dat (deflated 45%)
  adding: Excelerate.app/Contents/Resources/lib/python3.11/babel/locale-data/shi_Tfng_MA.dat (deflated 42%)
  adding: Excelerate.app/Contents/Resources/lib/python3.11/babel/locale-data/ff_Adlm.dat (deflated 77%)
  adding: Excelerate.app/Contents/Resources/lib/python3.11/babel/locale-data/dyo_SN.dat (deflated 42%)
  adding: Excelerate.app/Contents/Resources/lib/python3.11/babel/locale-data/rif_MA.dat (deflated 43%)
  adding: Excelerate.app/Contents/Resources/lib/python3.11/babel/locale-data/en_DM.dat (deflated 41%)
  adding: Excelerate.app/Contents/Resources/lib/python3.11/babel/locale-data/mic.dat (deflated 48%)
  adding: Excelerate.app/Contents/Resources/lib/python3.11/babel/locale-data/dav.dat (deflated 56%)
  adding: Excelerate.app/Contents/Resources/lib/python3.11/babel/locale-data/es_PE.dat (deflated 60%)
  adding: Excelerate.app/Contents/Resources/lib/python3.11/babel/locale-data/cgg.dat (deflated 55%)
  adding: Excelerate.app/Contents/Resources/lib/python3.11/babel/locale-data/za.dat (deflated 56%)
  adding: Excelerate.app/Contents/Resources/lib/python3.11/babel/locale-data/es_PR.dat (deflated 53%)
  adding: Excelerate.app/Contents/Resources/lib/python3.11/babel/locale-data/ff_Adlm_CM.dat (deflated 41%)
  adding: Excelerate.app/Contents/Resources/lib/python3.11/babel/locale-data/ee_GH.dat (deflated 41%)
  adding: Excelerate.app/Contents/Resources/lib/python3.11/babel/locale-data/mgh.dat (deflated 55%)
  adding: Excelerate.app/Contents/Resources/lib/python3.11/babel/locale-data/ca_FR.dat (deflated 41%)
  adding: Excelerate.app/Contents/Resources/lib/python3.11/babel/locale-data/ak.dat (deflated 53%)
  adding: Excelerate.app/Contents/Resources/lib/python3.11/babel/locale-data/az_Arab_IQ.dat (deflated 41%)
  adding: Excelerate.app/Contents/Resources/lib/python3.11/babel/locale-data/bg.dat (deflated 70%)
  adding: Excelerate.app/Contents/Resources/lib/python3.11/babel/locale-data/sd_Deva.dat (deflated 65%)
  adding: Excelerate.app/Contents/Resources/lib/python3.11/babel/locale-data/fr_PM.dat (deflated 43%)
  adding: Excelerate.app/Contents/Resources/lib/python3.11/babel/locale-data/nso_ZA.dat (deflated 40%)
  adding: Excelerate.app/Contents/Resources/lib/python3.11/babel/locale-data/es_ES.dat (deflated 41%)
  adding: Excelerate.app/Contents/Resources/lib/python3.11/babel/locale-data/nd.dat (deflated 55%)
  adding: Excelerate.app/Contents/Resources/lib/python3.11/babel/locale-data/fr_RE.dat (deflated 45%)
  adding: Excelerate.app/Contents/Resources/lib/python3.11/babel/locale-data/rwk_TZ.dat (deflated 43%)
  adding: Excelerate.app/Contents/Resources/lib/python3.11/babel/locale-data/ne.dat (deflated 72%)
  adding: Excelerate.app/Contents/Resources/lib/python3.11/babel/locale-data/nr.dat (deflated 43%)
  adding: Excelerate.app/Contents/Resources/lib/python3.11/babel/locale-data/mi.dat (deflated 64%)
  adding: Excelerate.app/Contents/Resources/lib/python3.11/babel/locale-data/kxv_Latn.dat (deflated 42%)
  adding: Excelerate.app/Contents/Resources/lib/python3.11/babel/locale-data/mn_Mong.dat (deflated 38%)
  adding: Excelerate.app/Contents/Resources/lib/python3.11/babel/locale-data/mni_Beng.dat (deflated 42%)
  adding: Excelerate.app/Contents/Resources/lib/python3.11/babel/locale-data/nnh_CM.dat (deflated 41%)
  adding: Excelerate.app/Contents/Resources/lib/python3.11/babel/locale-data/shi_Latn.dat (deflated 55%)
  adding: Excelerate.app/Contents/Resources/lib/python3.11/babel/locale-data/az_Latn_AZ.dat (deflated 41%)
  adding: Excelerate.app/Contents/Resources/lib/python3.11/babel/locale-data/sr_Cyrl_RS.dat (deflated 41%)
  adding: Excelerate.app/Contents/Resources/lib/python3.11/babel/locale-data/cu.dat (deflated 63%)
  adding: Excelerate.app/Contents/Resources/lib/python3.11/babel/locale-data/th_TH.dat (deflated 41%)
  adding: Excelerate.app/Contents/Resources/lib/python3.11/babel/locale-data/asa.dat (deflated 56%)
  adding: Excelerate.app/Contents/Resources/lib/python3.11/babel/locale-data/tk.dat (deflated 68%)
  adding: Excelerate.app/Contents/Resources/lib/python3.11/babel/locale-data/el_GR.dat (deflated 41%)
  adding: Excelerate.app/Contents/Resources/lib/python3.11/babel/locale-data/smn.dat (deflated 62%)
  adding: Excelerate.app/Contents/Resources/lib/python3.11/babel/locale-data/nl_NL.dat (deflated 42%)
  adding: Excelerate.app/Contents/Resources/lib/python3.11/babel/locale-data/xh.dat (deflated 66%)
  adding: Excelerate.app/Contents/Resources/lib/python3.11/babel/locale-data/quc_GT.dat (deflated 41%)
  adding: Excelerate.app/Contents/Resources/lib/python3.11/babel/locale-data/ff_Latn_SN.dat (deflated 42%)
  adding: Excelerate.app/Contents/Resources/lib/python3.11/babel/locale-data/pl_PL.dat (deflated 42%)
  adding: Excelerate.app/Contents/Resources/lib/python3.11/babel/locale-data/rn_BI.dat (deflated 42%)
  adding: Excelerate.app/Contents/Resources/lib/python3.11/babel/locale-data/rif.dat (deflated 60%)
  adding: Excelerate.app/Contents/Resources/lib/python3.11/babel/locale-data/en_001.dat (deflated 68%)
  adding: Excelerate.app/Contents/Resources/lib/python3.11/babel/locale-data/tzm_MA.dat (deflated 43%)
  adding: Excelerate.app/Contents/Resources/lib/python3.11/babel/locale-data/as_IN.dat (deflated 41%)
  adding: Excelerate.app/Contents/Resources/lib/python3.11/babel/locale-data/sc_IT.dat (deflated 41%)
  adding: Excelerate.app/Contents/Resources/lib/python3.11/babel/locale-data/sq_MK.dat (deflated 45%)
  adding: Excelerate.app/Contents/Resources/lib/python3.11/babel/locale-data/hi_Latn_IN.dat (deflated 41%)
  adding: Excelerate.app/Contents/Resources/lib/python3.11/babel/locale-data/kw_GB.dat (deflated 41%)
  adding: Excelerate.app/Contents/Resources/lib/python3.11/babel/locale-data/pis.dat (deflated 43%)
  adding: Excelerate.app/Contents/Resources/lib/python3.11/babel/locale-data/jgo_CM.dat (deflated 41%)
  adding: Excelerate.app/Contents/Resources/lib/python3.11/babel/locale-data/bn_BD.dat (deflated 43%)
  adding: Excelerate.app/Contents/Resources/lib/python3.11/babel/locale-data/en_SE.dat (deflated 43%)
  adding: Excelerate.app/Contents/Resources/lib/python3.11/babel/locale-data/ms_ID.dat (deflated 53%)
  adding: Excelerate.app/Contents/Resources/lib/python3.11/babel/locale-data/gez_ET.dat (deflated 42%)
  adding: Excelerate.app/Contents/Resources/lib/python3.11/babel/locale-data/zh_Hans_HK.dat (deflated 48%)
  adding: Excelerate.app/Contents/Resources/lib/python3.11/babel/locale-data/pt_GW.dat (deflated 49%)
  adding: Excelerate.app/Contents/Resources/lib/python3.11/babel/locale-data/en_HK.dat (deflated 52%)
  adding: Excelerate.app/Contents/Resources/lib/python3.11/babel/locale-data/my_MM.dat (deflated 43%)
  adding: Excelerate.app/Contents/Resources/lib/python3.11/babel/locale-data/en_IO.dat (deflated 45%)
  adding: Excelerate.app/Contents/Resources/lib/python3.11/babel/locale-data/fil_PH.dat (deflated 41%)
  adding: Excelerate.app/Contents/Resources/lib/python3.11/babel/locale-data/en_GD.dat (deflated 41%)
  adding: Excelerate.app/Contents/Resources/lib/python3.11/babel/locale-data/bgn_AE.dat (deflated 42%)
  adding: Excelerate.app/Contents/Resources/lib/python3.11/babel/locale-data/kgp_BR.dat (deflated 42%)
  adding: Excelerate.app/Contents/Resources/lib/python3.11/babel/locale-data/guz_KE.dat (deflated 41%)
  adding: Excelerate.app/Contents/Resources/lib/python3.11/babel/locale-data/sq_AL.dat (deflated 41%)
  adding: Excelerate.app/Contents/Resources/lib/python3.11/babel/locale-data/khq_ML.dat (deflated 43%)
  adding: Excelerate.app/Contents/Resources/lib/python3.11/babel/locale-data/fr_DZ.dat (deflated 45%)
  adding: Excelerate.app/Contents/Resources/lib/python3.11/babel/locale-data/fr_GA.dat (deflated 42%)
  adding: Excelerate.app/Contents/Resources/lib/python3.11/babel/locale-data/fr_FR.dat (deflated 41%)
  adding: Excelerate.app/Contents/Resources/lib/python3.11/babel/locale-data/mer.dat (deflated 55%)
  adding: Excelerate.app/Contents/Resources/lib/python3.11/babel/locale-data/te_IN.dat (deflated 42%)
  adding: Excelerate.app/Contents/Resources/lib/python3.11/babel/locale-data/smj.dat (deflated 38%)
  adding: Excelerate.app/Contents/Resources/lib/python3.11/babel/locale-data/to.dat (deflated 68%)
  adding: Excelerate.app/Contents/Resources/lib/python3.11/babel/locale-data/uk.dat (deflated 73%)
  adding: Excelerate.app/Contents/Resources/lib/python3.11/babel/locale-data/ewo_CM.dat (deflated 41%)
  adding: Excelerate.app/Contents/Resources/lib/python3.11/babel/locale-data/ar_LY.dat (deflated 44%)
  adding: Excelerate.app/Contents/Resources/lib/python3.11/babel/locale-data/co_FR.dat (deflated 41%)
  adding: Excelerate.app/Contents/Resources/lib/python3.11/babel/locale-data/an.dat (deflated 60%)
  adding: Excelerate.app/Contents/Resources/lib/python3.11/babel/locale-data/de_IT.dat (deflated 46%)
  adding: Excelerate.app/Contents/Resources/lib/python3.11/babel/locale-data/dua.dat (deflated 50%)
  adding: Excelerate.app/Contents/Resources/lib/python3.11/babel/locale-data/shi_Latn_MA.dat (deflated 42%)
  adding: Excelerate.app/Contents/Resources/lib/python3.11/babel/locale-data/or.dat (deflated 72%)
  adding: Excelerate.app/Contents/Resources/lib/python3.11/babel/locale-data/es_EA.dat (deflated 42%)
  adding: Excelerate.app/Contents/Resources/lib/python3.11/babel/locale-data/an_ES.dat (deflated 41%)
  adding: Excelerate.app/Contents/Resources/lib/python3.11/babel/locale-data/fr_RW.dat (deflated 41%)
  adding: Excelerate.app/Contents/Resources/lib/python3.11/babel/locale-data/nv.dat (deflated 41%)
  adding: Excelerate.app/Contents/Resources/lib/python3.11/babel/locale-data/ml.dat (deflated 73%)
  adding: Excelerate.app/Contents/Resources/lib/python3.11/babel/locale-data/os.dat (deflated 61%)
  adding: Excelerate.app/Contents/Resources/lib/python3.11/babel/locale-data/de_DE.dat (deflated 42%)
  adding: Excelerate.app/Contents/Resources/lib/python3.11/babel/locale-data/es_IC.dat (deflated 42%)
  adding: Excelerate.app/Contents/Resources/lib/python3.11/babel/locale-data/cs_CZ.dat (deflated 41%)
  adding: Excelerate.app/Contents/Resources/lib/python3.11/babel/locale-data/sd_Arab_PK.dat (deflated 43%)
  adding: Excelerate.app/Contents/Resources/lib/python3.11/babel/locale-data/wal_ET.dat (deflated 42%)
  adding: Excelerate.app/Contents/Resources/lib/python3.11/babel/locale-data/tn.dat (deflated 55%)
  adding: Excelerate.app/Contents/Resources/lib/python3.11/babel/locale-data/bal_Latn.dat (deflated 60%)
  adding: Excelerate.app/Contents/Resources/lib/python3.11/babel/locale-data/bo_IN.dat (deflated 43%)
  adding: Excelerate.app/Contents/Resources/lib/python3.11/babel/locale-data/yi.dat (deflated 63%)
  adding: Excelerate.app/Contents/Resources/lib/python3.11/babel/locale-data/es_PA.dat (deflated 49%)
  adding: Excelerate.app/Contents/Resources/lib/python3.11/babel/locale-data/he_IL.dat (deflated 42%)
  adding: Excelerate.app/Contents/Resources/lib/python3.11/babel/locale-data/sah.dat (deflated 67%)
  adding: Excelerate.app/Contents/Resources/lib/python3.11/babel/locale-data/rhg.dat (deflated 64%)
  adding: Excelerate.app/Contents/Resources/lib/python3.11/babel/locale-data/ceb_PH.dat (deflated 41%)
  adding: Excelerate.app/Contents/Resources/lib/python3.11/babel/locale-data/en_IN.dat (deflated 69%)
  adding: Excelerate.app/Contents/Resources/lib/python3.11/babel/locale-data/mfe_MU.dat (deflated 41%)
  adding: Excelerate.app/Contents/Resources/lib/python3.11/babel/locale-data/om_ET.dat (deflated 43%)
  adding: Excelerate.app/Contents/Resources/lib/python3.11/babel/locale-data/lmo.dat (deflated 44%)
  adding: Excelerate.app/Contents/Resources/lib/python3.11/babel/locale-data/eo_001.dat (deflated 39%)
  adding: Excelerate.app/Contents/Resources/lib/python3.11/babel/locale-data/ko_KR.dat (deflated 43%)
  adding: Excelerate.app/Contents/Resources/lib/python3.11/babel/locale-data/si_LK.dat (deflated 42%)
  adding: Excelerate.app/Contents/Resources/lib/python3.11/babel/locale-data/wal.dat (deflated 54%)
  adding: Excelerate.app/Contents/Resources/lib/python3.11/babel/locale-data/skr_PK.dat (deflated 41%)
  adding: Excelerate.app/Contents/Resources/lib/python3.11/babel/locale-data/ff_Latn_GN.dat (deflated 41%)
  adding: Excelerate.app/Contents/Resources/lib/python3.11/babel/locale-data/haw_US.dat (deflated 41%)
  adding: Excelerate.app/Contents/Resources/lib/python3.11/babel/locale-data/gez.dat (deflated 57%)
  adding: Excelerate.app/Contents/Resources/lib/python3.11/babel/locale-data/en_SB.dat (deflated 41%)
  adding: Excelerate.app/Contents/Resources/lib/python3.11/babel/locale-data/en_PN.dat (deflated 45%)
  adding: Excelerate.app/Contents/Resources/lib/python3.11/babel/locale-data/ko_KP.dat (deflated 37%)
  adding: Excelerate.app/Contents/Resources/lib/python3.11/babel/locale-data/kxv_Telu_IN.dat (deflated 42%)
  adding: Excelerate.app/Contents/Resources/lib/python3.11/babel/locale-data/yav.dat (deflated 54%)
  adding: Excelerate.app/Contents/Resources/lib/python3.11/babel/locale-data/af_ZA.dat (deflated 42%)
  adding: Excelerate.app/Contents/Resources/lib/python3.11/babel/locale-data/hi_IN.dat (deflated 41%)
  adding: Excelerate.app/Contents/Resources/lib/python3.11/babel/locale-data/ru_KZ.dat (deflated 40%)
  adding: Excelerate.app/Contents/Resources/lib/python3.11/babel/locale-data/oc_ES.dat (deflated 65%)
  adding: Excelerate.app/Contents/Resources/lib/python3.11/babel/locale-data/bgn_OM.dat (deflated 41%)
  adding: Excelerate.app/Contents/Resources/lib/python3.11/babel/locale-data/en_IL.dat (deflated 46%)
  adding: Excelerate.app/Contents/Resources/lib/python3.11/babel/locale-data/xog_UG.dat (deflated 41%)
  adding: Excelerate.app/Contents/Resources/lib/python3.11/babel/locale-data/en_GG.dat (deflated 45%)
  adding: Excelerate.app/Contents/Resources/lib/python3.11/babel/locale-data/bgn_AF.dat (deflated 41%)
  adding: Excelerate.app/Contents/Resources/lib/python3.11/babel/locale-data/gsw.dat (deflated 66%)
  adding: Excelerate.app/Contents/Resources/lib/python3.11/babel/locale-data/en_DK.dat (deflated 50%)
  adding: Excelerate.app/Contents/Resources/lib/python3.11/babel/locale-data/st_LS.dat (deflated 45%)
  adding: Excelerate.app/Contents/Resources/lib/python3.11/babel/locale-data/tig.dat (deflated 57%)
  adding: Excelerate.app/Contents/Resources/lib/python3.11/babel/locale-data/ckb.dat (deflated 62%)
  adding: Excelerate.app/Contents/Resources/lib/python3.11/babel/locale-data/ne_NP.dat (deflated 40%)
  adding: Excelerate.app/Contents/Resources/lib/python3.11/babel/locale-data/frr_DE.dat (deflated 41%)
  adding: Excelerate.app/Contents/Resources/lib/python3.11/babel/locale-data/az_Latn.dat (deflated 39%)
  adding: Excelerate.app/Contents/Resources/lib/python3.11/babel/locale-data/az.dat (deflated 67%)
  adding: Excelerate.app/Contents/Resources/lib/python3.11/babel/locale-data/ba.dat (deflated 39%)
  adding: Excelerate.app/Contents/Resources/lib/python3.11/babel/locale-data/ce.dat (deflated 69%)
  adding: Excelerate.app/Contents/Resources/lib/python3.11/babel/locale-data/am.dat (deflated 68%)
  adding: Excelerate.app/Contents/Resources/lib/python3.11/babel/locale-data/nb.dat (deflated 42%)
  adding: Excelerate.app/Contents/Resources/lib/python3.11/babel/locale-data/my.dat (deflated 71%)
  adding: Excelerate.app/Contents/Resources/lib/python3.11/babel/locale-data/hnj_Hmnp_US.dat (deflated 41%)
  adding: Excelerate.app/Contents/Resources/lib/python3.11/babel/locale-data/uz_Cyrl_UZ.dat (deflated 41%)
  adding: Excelerate.app/Contents/Resources/lib/python3.11/babel/locale-data/mn.dat (deflated 69%)
  adding: Excelerate.app/Contents/Resources/lib/python3.11/babel/locale-data/es_EC.dat (deflated 50%)
  adding: Excelerate.app/Contents/Resources/lib/python3.11/babel/locale-data/ba_RU.dat (deflated 41%)
  adding: Excelerate.app/Contents/Resources/lib/python3.11/babel/locale-data/ss_ZA.dat (deflated 42%)
  adding: Excelerate.app/Contents/Resources/lib/python3.11/babel/locale-data/cs.dat (deflated 70%)
  adding: Excelerate.app/Contents/Resources/lib/python3.11/babel/locale-data/yrl_VE.dat (deflated 59%)
  adding: Excelerate.app/Contents/Resources/lib/python3.11/babel/locale-data/cho.dat (deflated 41%)
  adding: Excelerate.app/Contents/Resources/lib/python3.11/babel/locale-data/wa.dat (deflated 39%)
  adding: Excelerate.app/Contents/Resources/lib/python3.11/babel/locale-data/nb_NO.dat (deflated 41%)
  adding: Excelerate.app/Contents/Resources/lib/python3.11/babel/locale-data/mgo.dat (deflated 48%)
  adding: Excelerate.app/Contents/Resources/lib/python3.11/babel/locale-data/ve.dat (deflated 44%)
  adding: Excelerate.app/Contents/Resources/lib/python3.11/babel/locale-data/ff_Adlm_LR.dat (deflated 46%)
  adding: Excelerate.app/Contents/Resources/lib/python3.11/babel/locale-data/sbp.dat (deflated 57%)
  adding: Excelerate.app/Contents/Resources/lib/python3.11/babel/locale-data/gd_GB.dat (deflated 41%)
  adding: Excelerate.app/Contents/Resources/lib/python3.11/babel/locale-data/nn_NO.dat (deflated 42%)
  adding: Excelerate.app/Contents/Resources/lib/python3.11/babel/locale-data/kde.dat (deflated 56%)
  adding: Excelerate.app/Contents/Resources/lib/python3.11/babel/locale-data/kea.dat (deflated 65%)
  adding: Excelerate.app/Contents/Resources/lib/python3.11/babel/locale-data/nv_US.dat (deflated 41%)
  adding: Excelerate.app/Contents/Resources/lib/python3.11/babel/locale-data/ga_IE.dat (deflated 41%)
  adding: Excelerate.app/Contents/Resources/lib/python3.11/babel/locale-data/yue.dat (deflated 62%)
  adding: Excelerate.app/Contents/Resources/lib/python3.11/babel/locale-data/ml_IN.dat (deflated 41%)
  adding: Excelerate.app/Contents/Resources/lib/python3.11/babel/locale-data/en_IM.dat (deflated 45%)
  adding: Excelerate.app/Contents/Resources/lib/python3.11/babel/locale-data/en_KE.dat (deflated 45%)
  adding: Excelerate.app/Contents/Resources/lib/python3.11/babel/locale-data/kkj.dat (deflated 48%)
  adding: Excelerate.app/Contents/Resources/lib/python3.11/babel/locale-data/khq.dat (deflated 55%)
  adding: Excelerate.app/Contents/Resources/lib/python3.11/babel/locale-data/gsw_FR.dat (deflated 41%)
  adding: Excelerate.app/Contents/Resources/lib/python3.11/babel/locale-data/cho_US.dat (deflated 41%)
  adding: Excelerate.app/Contents/Resources/lib/python3.11/babel/locale-data/seh_MZ.dat (deflated 42%)
  adding: Excelerate.app/Contents/Resources/lib/python3.11/babel/locale-data/en_SC.dat (deflated 45%)
  adding: Excelerate.app/Contents/Resources/lib/python3.11/babel/locale-data/la_VA.dat (deflated 42%)
  adding: Excelerate.app/Contents/Resources/lib/python3.11/babel/locale-data/ff_Latn_GM.dat (deflated 45%)
  adding: Excelerate.app/Contents/Resources/lib/python3.11/babel/util.py (deflated 62%)
  adding: Excelerate.app/Contents/Resources/lib/python3.11/babel/__init__.py (deflated 45%)
  adding: Excelerate.app/Contents/Resources/lib/python3.11/babel/core.py (deflated 77%)
  adding: Excelerate.app/Contents/Resources/lib/python3.11/babel/localtime/ (stored 0%)
  adding: Excelerate.app/Contents/Resources/lib/python3.11/babel/localtime/_win32.py (deflated 57%)
  adding: Excelerate.app/Contents/Resources/lib/python3.11/babel/localtime/__init__.py (deflated 50%)
  adding: Excelerate.app/Contents/Resources/lib/python3.11/babel/localtime/__pycache__/ (stored 0%)
  adding: Excelerate.app/Contents/Resources/lib/python3.11/babel/localtime/__pycache__/_helpers.cpython-311.pyc (deflated 46%)
  adding: Excelerate.app/Contents/Resources/lib/python3.11/babel/localtime/__pycache__/_win32.cpython-311.pyc (deflated 43%)
  adding: Excelerate.app/Contents/Resources/lib/python3.11/babel/localtime/__pycache__/_unix.cpython-311.pyc (deflated 51%)
  adding: Excelerate.app/Contents/Resources/lib/python3.11/babel/localtime/__pycache__/_fallback.cpython-311.pyc (deflated 48%)
  adding: Excelerate.app/Contents/Resources/lib/python3.11/babel/localtime/__pycache__/__init__.cpython-311.pyc (deflated 37%)
  adding: Excelerate.app/Contents/Resources/lib/python3.11/babel/localtime/_unix.py (deflated 63%)
  adding: Excelerate.app/Contents/Resources/lib/python3.11/babel/localtime/_fallback.py (deflated 61%)
  adding: Excelerate.app/Contents/Resources/lib/python3.11/babel/localtime/_helpers.py (deflated 61%)
  adding: Excelerate.app/Contents/Resources/lib/python3.11/babel/__pycache__/ (stored 0%)
  adding: Excelerate.app/Contents/Resources/lib/python3.11/babel/__pycache__/core.cpython-311.pyc (deflated 65%)
  adding: Excelerate.app/Contents/Resources/lib/python3.11/babel/__pycache__/localedata.cpython-311.pyc (deflated 53%)
  adding: Excelerate.app/Contents/Resources/lib/python3.11/babel/__pycache__/languages.cpython-311.pyc (deflated 55%)
  adding: Excelerate.app/Contents/Resources/lib/python3.11/babel/__pycache__/dates.cpython-311.pyc (deflated 62%)
  adding: Excelerate.app/Contents/Resources/lib/python3.11/babel/__pycache__/numbers.cpython-311.pyc (deflated 66%)
  adding: Excelerate.app/Contents/Resources/lib/python3.11/babel/__pycache__/lists.cpython-311.pyc (deflated 48%)
  adding: Excelerate.app/Contents/Resources/lib/python3.11/babel/__pycache__/support.cpython-311.pyc (deflated 66%)
  adding: Excelerate.app/Contents/Resources/lib/python3.11/babel/__pycache__/units.cpython-311.pyc (deflated 61%)
  adding: Excelerate.app/Contents/Resources/lib/python3.11/babel/__pycache__/plural.cpython-311.pyc (deflated 59%)
  adding: Excelerate.app/Contents/Resources/lib/python3.11/babel/__pycache__/util.cpython-311.pyc (deflated 51%)
  adding: Excelerate.app/Contents/Resources/lib/python3.11/babel/__pycache__/__init__.cpython-311.pyc (deflated 36%)
  adding: Excelerate.app/Contents/Resources/lib/python3.11/babel/numbers.py (deflated 79%)
  adding: Excelerate.app/Contents/Resources/lib/python3.11/babel/plural.py (deflated 71%)
  adding: Excelerate.app/Contents/Resources/lib/python3.11/babel/py.typed (stored 0%)
  adding: Excelerate.app/Contents/Resources/lib/python3.11/babel/dates.py (deflated 75%)
  adding: Excelerate.app/Contents/Resources/lib/python3.11/babel/localedata.py (deflated 66%)
  adding: Excelerate.app/Contents/Resources/lib/python3.11/babel/languages.py (deflated 66%)
  adding: Excelerate.app/Contents/Resources/lib/python3.11/certifi/ (stored 0%)
  adding: Excelerate.app/Contents/Resources/lib/python3.11/certifi/__init__.py (deflated 14%)
  adding: Excelerate.app/Contents/Resources/lib/python3.11/certifi/core.py (deflated 71%)
  adding: Excelerate.app/Contents/Resources/lib/python3.11/certifi/__pycache__/ (stored 0%)
  adding: Excelerate.app/Contents/Resources/lib/python3.11/certifi/__pycache__/core.cpython-311.pyc (deflated 52%)
  adding: Excelerate.app/Contents/Resources/lib/python3.11/certifi/__pycache__/__init__.cpython-311.pyc (deflated 19%)
  adding: Excelerate.app/Contents/Resources/lib/python3.11/certifi/__pycache__/__main__.cpython-311.pyc (deflated 34%)
  adding: Excelerate.app/Contents/Resources/lib/python3.11/certifi/py.typed (stored 0%)
  adding: Excelerate.app/Contents/Resources/lib/python3.11/certifi/cacert.pem (deflated 46%)
  adding: Excelerate.app/Contents/Resources/lib/python3.11/certifi/__main__.py (deflated 39%)
  adding: Excelerate.app/Contents/Resources/lib/python3.11/site.pyc (deflated 48%)
  adding: Excelerate.app/Contents/Resources/lib/python3.11/reportlab/ (stored 0%)
  adding: Excelerate.app/Contents/Resources/lib/python3.11/reportlab/platypus/ (stored 0%)
  adding: Excelerate.app/Contents/Resources/lib/python3.11/reportlab/platypus/paraparser.py (deflated 80%)
  adding: Excelerate.app/Contents/Resources/lib/python3.11/reportlab/platypus/doctemplate.py (deflated 74%)
  adding: Excelerate.app/Contents/Resources/lib/python3.11/reportlab/platypus/tableofcontents.py (deflated 70%)
  adding: Excelerate.app/Contents/Resources/lib/python3.11/reportlab/platypus/flowables.py (deflated 76%)
  adding: Excelerate.app/Contents/Resources/lib/python3.11/reportlab/platypus/para.py (deflated 79%)
  adding: Excelerate.app/Contents/Resources/lib/python3.11/reportlab/platypus/__init__.py (deflated 43%)
  adding: Excelerate.app/Contents/Resources/lib/python3.11/reportlab/platypus/__pycache__/ (stored 0%)
  adding: Excelerate.app/Contents/Resources/lib/python3.11/reportlab/platypus/__pycache__/paragraph.cpython-311.pyc (deflated 57%)
  adding: Excelerate.app/Contents/Resources/lib/python3.11/reportlab/platypus/__pycache__/multicol.cpython-311.pyc (deflated 49%)
  adding: Excelerate.app/Contents/Resources/lib/python3.11/reportlab/platypus/__pycache__/xpreformatted.cpython-311.pyc (deflated 50%)
  adding: Excelerate.app/Contents/Resources/lib/python3.11/reportlab/platypus/__pycache__/tables.cpython-311.pyc (deflated 57%)
  adding: Excelerate.app/Contents/Resources/lib/python3.11/reportlab/platypus/__pycache__/figures.cpython-311.pyc (deflated 59%)
  adding: Excelerate.app/Contents/Resources/lib/python3.11/reportlab/platypus/__pycache__/para.cpython-311.pyc (deflated 60%)
  adding: Excelerate.app/Contents/Resources/lib/python3.11/reportlab/platypus/__pycache__/frames.cpython-311.pyc (deflated 53%)
  adding: Excelerate.app/Contents/Resources/lib/python3.11/reportlab/platypus/__pycache__/tableofcontents.cpython-311.pyc (deflated 54%)
  adding: Excelerate.app/Contents/Resources/lib/python3.11/reportlab/platypus/__pycache__/paraparser.cpython-311.pyc (deflated 60%)
  adding: Excelerate.app/Contents/Resources/lib/python3.11/reportlab/platypus/__pycache__/doctemplate.cpython-311.pyc (deflated 59%)
  adding: Excelerate.app/Contents/Resources/lib/python3.11/reportlab/platypus/__pycache__/__init__.cpython-311.pyc (deflated 31%)
  adding: Excelerate.app/Contents/Resources/lib/python3.11/reportlab/platypus/__pycache__/flowables.cpython-311.pyc (deflated 58%)
  adding: Excelerate.app/Contents/Resources/lib/python3.11/reportlab/platypus/frames.py (deflated 70%)
  adding: Excelerate.app/Contents/Resources/lib/python3.11/reportlab/platypus/figures.py (deflated 76%)
  adding: Excelerate.app/Contents/Resources/lib/python3.11/reportlab/platypus/paragraph.py (deflated 76%)
  adding: Excelerate.app/Contents/Resources/lib/python3.11/reportlab/platypus/xpreformatted.py (deflated 68%)
  adding: Excelerate.app/Contents/Resources/lib/python3.11/reportlab/platypus/multicol.py (deflated 65%)
  adding: Excelerate.app/Contents/Resources/lib/python3.11/reportlab/platypus/tables.py (deflated 77%)
  adding: Excelerate.app/Contents/Resources/lib/python3.11/reportlab/rl_config.py (deflated 65%)
  adding: Excelerate.app/Contents/Resources/lib/python3.11/reportlab/__init__.py (deflated 53%)
  adding: Excelerate.app/Contents/Resources/lib/python3.11/reportlab/pdfbase/ (stored 0%)
  adding: Excelerate.app/Contents/Resources/lib/python3.11/reportlab/pdfbase/_fontdata_widths_helveticaboldoblique.py (deflated 71%)
  adding: Excelerate.app/Contents/Resources/lib/python3.11/reportlab/pdfbase/pdfpattern.py (deflated 67%)
  adding: Excelerate.app/Contents/Resources/lib/python3.11/reportlab/pdfbase/_fontdata.py (deflated 74%)
  adding: Excelerate.app/Contents/Resources/lib/python3.11/reportlab/pdfbase/_fontdata_widths_zapfdingbats.py (deflated 72%)
  adding: Excelerate.app/Contents/Resources/lib/python3.11/reportlab/pdfbase/_fontdata_widths_timesbold.py (deflated 71%)
  adding: Excelerate.app/Contents/Resources/lib/python3.11/reportlab/pdfbase/_fontdata_widths_courier.py (deflated 77%)
  adding: Excelerate.app/Contents/Resources/lib/python3.11/reportlab/pdfbase/rl_codecs.py (deflated 82%)
  adding: Excelerate.app/Contents/Resources/lib/python3.11/reportlab/pdfbase/_fontdata_widths_timesitalic.py (deflated 71%)
  adding: Excelerate.app/Contents/Resources/lib/python3.11/reportlab/pdfbase/_fontdata_widths_timesroman.py (deflated 71%)
  adding: Excelerate.app/Contents/Resources/lib/python3.11/reportlab/pdfbase/_fontdata_widths_courierboldoblique.py (deflated 77%)
  adding: Excelerate.app/Contents/Resources/lib/python3.11/reportlab/pdfbase/_fontdata_widths_timesbolditalic.py (deflated 71%)
  adding: Excelerate.app/Contents/Resources/lib/python3.11/reportlab/pdfbase/_fontdata_enc_standard.py (deflated 65%)
  adding: Excelerate.app/Contents/Resources/lib/python3.11/reportlab/pdfbase/_fontdata_enc_winansi.py (deflated 71%)
  adding: Excelerate.app/Contents/Resources/lib/python3.11/reportlab/pdfbase/_fontdata_widths_helveticaoblique.py (deflated 70%)
  adding: Excelerate.app/Contents/Resources/lib/python3.11/reportlab/pdfbase/__init__.py (deflated 25%)
  adding: Excelerate.app/Contents/Resources/lib/python3.11/reportlab/pdfbase/__pycache__/ (stored 0%)
  adding: Excelerate.app/Contents/Resources/lib/python3.11/reportlab/pdfbase/__pycache__/_fontdata_widths_courierbold.cpython-311.pyc (deflated 59%)
  adding: Excelerate.app/Contents/Resources/lib/python3.11/reportlab/pdfbase/__pycache__/_cidfontdata.cpython-311.pyc (deflated 55%)
  adding: Excelerate.app/Contents/Resources/lib/python3.11/reportlab/pdfbase/__pycache__/pdfmetrics.cpython-311.pyc (deflated 54%)
  adding: Excelerate.app/Contents/Resources/lib/python3.11/reportlab/pdfbase/__pycache__/_fontdata.cpython-311.pyc (deflated 56%)
  adding: Excelerate.app/Contents/Resources/lib/python3.11/reportlab/pdfbase/__pycache__/_fontdata_enc_winansi.cpython-311.pyc (deflated 47%)
  adding: Excelerate.app/Contents/Resources/lib/python3.11/reportlab/pdfbase/__pycache__/_fontdata_widths_courieroblique.cpython-311.pyc (deflated 59%)
  adding: Excelerate.app/Contents/Resources/lib/python3.11/reportlab/pdfbase/__pycache__/_fontdata_widths_timesitalic.cpython-311.pyc (deflated 55%)
  adding: Excelerate.app/Contents/Resources/lib/python3.11/reportlab/pdfbase/__pycache__/_fontdata_enc_standard.cpython-311.pyc (deflated 40%)
  adding: Excelerate.app/Contents/Resources/lib/python3.11/reportlab/pdfbase/__pycache__/_fontdata_widths_timesroman.cpython-311.pyc (deflated 55%)
  adding: Excelerate.app/Contents/Resources/lib/python3.11/reportlab/pdfbase/__pycache__/_fontdata_enc_symbol.cpython-311.pyc (deflated 47%)
  adding: Excelerate.app/Contents/Resources/lib/python3.11/reportlab/pdfbase/__pycache__/acroform.cpython-311.pyc (deflated 56%)
  adding: Excelerate.app/Contents/Resources/lib/python3.11/reportlab/pdfbase/__pycache__/cidfonts.cpython-311.pyc (deflated 53%)
  adding: Excelerate.app/Contents/Resources/lib/python3.11/reportlab/pdfbase/__pycache__/_fontdata_widths_helvetica.cpython-311.pyc (deflated 56%)
  adding: Excelerate.app/Contents/Resources/lib/python3.11/reportlab/pdfbase/__pycache__/_fontdata_widths_courier.cpython-311.pyc (deflated 59%)
  adding: Excelerate.app/Contents/Resources/lib/python3.11/reportlab/pdfbase/__pycache__/_fontdata_widths_zapfdingbats.cpython-311.pyc (deflated 58%)
  adding: Excelerate.app/Contents/Resources/lib/python3.11/reportlab/pdfbase/__pycache__/pdfform.cpython-311.pyc (deflated 54%)
  adding: Excelerate.app/Contents/Resources/lib/python3.11/reportlab/pdfbase/__pycache__/_fontdata_widths_helveticaoblique.cpython-311.pyc (deflated 56%)
  adding: Excelerate.app/Contents/Resources/lib/python3.11/reportlab/pdfbase/__pycache__/_fontdata_enc_zapfdingbats.cpython-311.pyc (deflated 54%)
  adding: Excelerate.app/Contents/Resources/lib/python3.11/reportlab/pdfbase/__pycache__/_fontdata_widths_courierboldoblique.cpython-311.pyc (deflated 59%)
  adding: Excelerate.app/Contents/Resources/lib/python3.11/reportlab/pdfbase/__pycache__/_fontdata_widths_helveticaboldoblique.cpython-311.pyc (deflated 56%)
  adding: Excelerate.app/Contents/Resources/lib/python3.11/reportlab/pdfbase/__pycache__/_fontdata_widths_symbol.cpython-311.pyc (deflated 53%)
  adding: Excelerate.app/Contents/Resources/lib/python3.11/reportlab/pdfbase/__pycache__/_fontdata_widths_timesbold.cpython-311.pyc (deflated 55%)
  adding: Excelerate.app/Contents/Resources/lib/python3.11/reportlab/pdfbase/__pycache__/rl_codecs.cpython-311.pyc (deflated 61%)
  adding: Excelerate.app/Contents/Resources/lib/python3.11/reportlab/pdfbase/__pycache__/_fontdata_widths_timesbolditalic.cpython-311.pyc (deflated 55%)
  adding: Excelerate.app/Contents/Resources/lib/python3.11/reportlab/pdfbase/__pycache__/_fontdata_enc_pdfdoc.cpython-311.pyc (deflated 46%)
  adding: Excelerate.app/Contents/Resources/lib/python3.11/reportlab/pdfbase/__pycache__/pdfdoc.cpython-311.pyc (deflated 60%)
  adding: Excelerate.app/Contents/Resources/lib/python3.11/reportlab/pdfbase/__pycache__/pdfpattern.cpython-311.pyc (deflated 51%)
  adding: Excelerate.app/Contents/Resources/lib/python3.11/reportlab/pdfbase/__pycache__/_fontdata_widths_helveticabold.cpython-311.pyc (deflated 56%)
  adding: Excelerate.app/Contents/Resources/lib/python3.11/reportlab/pdfbase/__pycache__/_fontdata_enc_macexpert.cpython-311.pyc (deflated 59%)
  adding: Excelerate.app/Contents/Resources/lib/python3.11/reportlab/pdfbase/__pycache__/_glyphlist.cpython-311.pyc (deflated 65%)
  adding: Excelerate.app/Contents/Resources/lib/python3.11/reportlab/pdfbase/__pycache__/pdfutils.cpython-311.pyc (deflated 54%)
  adding: Excelerate.app/Contents/Resources/lib/python3.11/reportlab/pdfbase/__pycache__/ttfonts.cpython-311.pyc (deflated 57%)
  adding: Excelerate.app/Contents/Resources/lib/python3.11/reportlab/pdfbase/__pycache__/__init__.cpython-311.pyc (deflated 14%)
  adding: Excelerate.app/Contents/Resources/lib/python3.11/reportlab/pdfbase/__pycache__/_fontdata_enc_macroman.cpython-311.pyc (deflated 46%)
  adding: Excelerate.app/Contents/Resources/lib/python3.11/reportlab/pdfbase/__pycache__/_can_cmap_data.cpython-311.pyc (deflated 41%)
  adding: Excelerate.app/Contents/Resources/lib/python3.11/reportlab/pdfbase/pdfmetrics.py (deflated 70%)
  adding: Excelerate.app/Contents/Resources/lib/python3.11/reportlab/pdfbase/pdfdoc.py (deflated 74%)
  adding: Excelerate.app/Contents/Resources/lib/python3.11/reportlab/pdfbase/_fontdata_enc_symbol.py (deflated 71%)
  adding: Excelerate.app/Contents/Resources/lib/python3.11/reportlab/pdfbase/_cidfontdata.py (deflated 76%)
  adding: Excelerate.app/Contents/Resources/lib/python3.11/reportlab/pdfbase/_fontdata_enc_pdfdoc.py (deflated 61%)
  adding: Excelerate.app/Contents/Resources/lib/python3.11/reportlab/pdfbase/cidfonts.py (deflated 67%)
  adding: Excelerate.app/Contents/Resources/lib/python3.11/reportlab/pdfbase/_fontdata_enc_macexpert.py (deflated 74%)
  adding: Excelerate.app/Contents/Resources/lib/python3.11/reportlab/pdfbase/ttfonts.py (deflated 73%)
  adding: Excelerate.app/Contents/Resources/lib/python3.11/reportlab/pdfbase/_fontdata_widths_helvetica.py (deflated 70%)
  adding: Excelerate.app/Contents/Resources/lib/python3.11/reportlab/pdfbase/_fontdata_enc_macroman.py (deflated 71%)
  adding: Excelerate.app/Contents/Resources/lib/python3.11/reportlab/pdfbase/_can_cmap_data.py (deflated 56%)
  adding: Excelerate.app/Contents/Resources/lib/python3.11/reportlab/pdfbase/_fontdata_widths_helveticabold.py (deflated 71%)
  adding: Excelerate.app/Contents/Resources/lib/python3.11/reportlab/pdfbase/_fontdata_widths_symbol.py (deflated 66%)
  adding: Excelerate.app/Contents/Resources/lib/python3.11/reportlab/pdfbase/_fontdata_enc_zapfdingbats.py (deflated 76%)
  adding: Excelerate.app/Contents/Resources/lib/python3.11/reportlab/pdfbase/_glyphlist.py (deflated 76%)
  adding: Excelerate.app/Contents/Resources/lib/python3.11/reportlab/pdfbase/acroform.py (deflated 78%)
  adding: Excelerate.app/Contents/Resources/lib/python3.11/reportlab/pdfbase/pdfutils.py (deflated 66%)
  adding: Excelerate.app/Contents/Resources/lib/python3.11/reportlab/pdfbase/pdfform.py (deflated 72%)
  adding: Excelerate.app/Contents/Resources/lib/python3.11/reportlab/pdfbase/_fontdata_widths_courieroblique.py (deflated 77%)
  adding: Excelerate.app/Contents/Resources/lib/python3.11/reportlab/pdfbase/_fontdata_widths_courierbold.py (deflated 77%)
  adding: Excelerate.app/Contents/Resources/lib/python3.11/reportlab/pdfgen/ (stored 0%)
  adding: Excelerate.app/Contents/Resources/lib/python3.11/reportlab/pdfgen/pathobject.py (deflated 65%)
  adding: Excelerate.app/Contents/Resources/lib/python3.11/reportlab/pdfgen/pdfgeom.py (deflated 65%)
  adding: Excelerate.app/Contents/Resources/lib/python3.11/reportlab/pdfgen/pdfimages.py (deflated 66%)
  adding: Excelerate.app/Contents/Resources/lib/python3.11/reportlab/pdfgen/__init__.py (deflated 26%)
  adding: Excelerate.app/Contents/Resources/lib/python3.11/reportlab/pdfgen/__pycache__/ (stored 0%)
  adding: Excelerate.app/Contents/Resources/lib/python3.11/reportlab/pdfgen/__pycache__/textobject.cpython-311.pyc (deflated 62%)
  adding: Excelerate.app/Contents/Resources/lib/python3.11/reportlab/pdfgen/__pycache__/canvas.cpython-311.pyc (deflated 59%)
  adding: Excelerate.app/Contents/Resources/lib/python3.11/reportlab/pdfgen/__pycache__/pdfgeom.cpython-311.pyc (deflated 56%)
  adding: Excelerate.app/Contents/Resources/lib/python3.11/reportlab/pdfgen/__pycache__/pathobject.cpython-311.pyc (deflated 58%)
  adding: Excelerate.app/Contents/Resources/lib/python3.11/reportlab/pdfgen/__pycache__/pdfimages.cpython-311.pyc (deflated 49%)
  adding: Excelerate.app/Contents/Resources/lib/python3.11/reportlab/pdfgen/__pycache__/__init__.cpython-311.pyc (deflated 14%)
  adding: Excelerate.app/Contents/Resources/lib/python3.11/reportlab/pdfgen/textobject.py (deflated 73%)
  adding: Excelerate.app/Contents/Resources/lib/python3.11/reportlab/pdfgen/canvas.py (deflated 71%)
  adding: Excelerate.app/Contents/Resources/lib/python3.11/reportlab/__pycache__/ (stored 0%)
  adding: Excelerate.app/Contents/Resources/lib/python3.11/reportlab/__pycache__/rl_settings.cpython-311.pyc (deflated 56%)
  adding: Excelerate.app/Contents/Resources/lib/python3.11/reportlab/__pycache__/rl_config.cpython-311.pyc (deflated 49%)
  adding: Excelerate.app/Contents/Resources/lib/python3.11/reportlab/__pycache__/__init__.cpython-311.pyc (deflated 38%)
  adding: Excelerate.app/Contents/Resources/lib/python3.11/reportlab/lib/ (stored 0%)
  adding: Excelerate.app/Contents/Resources/lib/python3.11/reportlab/lib/rltempfile.py (deflated 50%)
  adding: Excelerate.app/Contents/Resources/lib/python3.11/reportlab/lib/enums.py (deflated 24%)
  adding: Excelerate.app/Contents/Resources/lib/python3.11/reportlab/lib/units.py (deflated 49%)
  adding: Excelerate.app/Contents/Resources/lib/python3.11/reportlab/lib/sequencer.py (deflated 70%)
  adding: Excelerate.app/Contents/Resources/lib/python3.11/reportlab/lib/formatters.py (deflated 65%)
  adding: Excelerate.app/Contents/Resources/lib/python3.11/reportlab/lib/randomtext.py (deflated 59%)
  adding: Excelerate.app/Contents/Resources/lib/python3.11/reportlab/lib/geomutils.py (deflated 50%)
  adding: Excelerate.app/Contents/Resources/lib/python3.11/reportlab/lib/testutils.py (deflated 66%)
  adding: Excelerate.app/Contents/Resources/lib/python3.11/reportlab/lib/validators.py (deflated 73%)
  adding: Excelerate.app/Contents/Resources/lib/python3.11/reportlab/lib/pygments2xpre.py (deflated 57%)
  adding: Excelerate.app/Contents/Resources/lib/python3.11/reportlab/lib/textsplit.py (deflated 59%)
  adding: Excelerate.app/Contents/Resources/lib/python3.11/reportlab/lib/rl_accel.py (deflated 68%)
  adding: Excelerate.app/Contents/Resources/lib/python3.11/reportlab/lib/codecharts.py (deflated 72%)
  adding: Excelerate.app/Contents/Resources/lib/python3.11/reportlab/lib/boxstuff.py (deflated 64%)
  adding: Excelerate.app/Contents/Resources/lib/python3.11/reportlab/lib/pdfencrypt.py (deflated 71%)
  adding: Excelerate.app/Contents/Resources/lib/python3.11/reportlab/lib/__init__.py (deflated 25%)
  adding: Excelerate.app/Contents/Resources/lib/python3.11/reportlab/lib/__pycache__/ (stored 0%)
  adding: Excelerate.app/Contents/Resources/lib/python3.11/reportlab/lib/__pycache__/validators.cpython-311.pyc (deflated 63%)
  adding: Excelerate.app/Contents/Resources/lib/python3.11/reportlab/lib/__pycache__/pdfencrypt.cpython-311.pyc (deflated 55%)
  adding: Excelerate.app/Contents/Resources/lib/python3.11/reportlab/lib/__pycache__/styles.cpython-311.pyc (deflated 55%)
  adding: Excelerate.app/Contents/Resources/lib/python3.11/reportlab/lib/__pycache__/abag.cpython-311.pyc (deflated 42%)
  adding: Excelerate.app/Contents/Resources/lib/python3.11/reportlab/lib/__pycache__/codecharts.cpython-311.pyc (deflated 57%)
  adding: Excelerate.app/Contents/Resources/lib/python3.11/reportlab/lib/__pycache__/pygments2xpre.cpython-311.pyc (deflated 46%)
  adding: Excelerate.app/Contents/Resources/lib/python3.11/reportlab/lib/__pycache__/rl_accel.cpython-311.pyc (deflated 52%)
  adding: Excelerate.app/Contents/Resources/lib/python3.11/reportlab/lib/__pycache__/normalDate.cpython-311.pyc (deflated 61%)
  adding: Excelerate.app/Contents/Resources/lib/python3.11/reportlab/lib/__pycache__/fonts.cpython-311.pyc (deflated 46%)
  adding: Excelerate.app/Contents/Resources/lib/python3.11/reportlab/lib/__pycache__/corp.cpython-311.pyc (deflated 51%)
  adding: Excelerate.app/Contents/Resources/lib/python3.11/reportlab/lib/__pycache__/arciv.cpython-311.pyc (deflated 46%)
  adding: Excelerate.app/Contents/Resources/lib/python3.11/reportlab/lib/__pycache__/rl_safe_eval.cpython-311.pyc (deflated 60%)
  adding: Excelerate.app/Contents/Resources/lib/python3.11/reportlab/lib/__pycache__/geomutils.cpython-311.pyc (deflated 42%)
  adding: Excelerate.app/Contents/Resources/lib/python3.11/reportlab/lib/__pycache__/randomtext.cpython-311.pyc (deflated 45%)
  adding: Excelerate.app/Contents/Resources/lib/python3.11/reportlab/lib/__pycache__/logger.cpython-311.pyc (deflated 50%)
  adding: Excelerate.app/Contents/Resources/lib/python3.11/reportlab/lib/__pycache__/colors.cpython-311.pyc (deflated 61%)
  adding: Excelerate.app/Contents/Resources/lib/python3.11/reportlab/lib/__pycache__/fontfinder.cpython-311.pyc (deflated 52%)
  adding: Excelerate.app/Contents/Resources/lib/python3.11/reportlab/lib/__pycache__/enums.cpython-311.pyc (deflated 15%)
  adding: Excelerate.app/Contents/Resources/lib/python3.11/reportlab/lib/__pycache__/utils.cpython-311.pyc (deflated 56%)
  adding: Excelerate.app/Contents/Resources/lib/python3.11/reportlab/lib/__pycache__/rltempfile.cpython-311.pyc (deflated 40%)
  adding: Excelerate.app/Contents/Resources/lib/python3.11/reportlab/lib/__pycache__/boxstuff.cpython-311.pyc (deflated 39%)
  adding: Excelerate.app/Contents/Resources/lib/python3.11/reportlab/lib/__pycache__/sequencer.cpython-311.pyc (deflated 59%)
  adding: Excelerate.app/Contents/Resources/lib/python3.11/reportlab/lib/__pycache__/units.cpython-311.pyc (deflated 46%)
  adding: Excelerate.app/Contents/Resources/lib/python3.11/reportlab/lib/__pycache__/PyFontify.cpython-311.pyc (deflated 43%)
  adding: Excelerate.app/Contents/Resources/lib/python3.11/reportlab/lib/__pycache__/attrmap.cpython-311.pyc (deflated 49%)
  adding: Excelerate.app/Contents/Resources/lib/python3.11/reportlab/lib/__pycache__/textsplit.cpython-311.pyc (deflated 44%)
  adding: Excelerate.app/Contents/Resources/lib/python3.11/reportlab/lib/__pycache__/formatters.cpython-311.pyc (deflated 48%)
  adding: Excelerate.app/Contents/Resources/lib/python3.11/reportlab/lib/__pycache__/pagesizes.cpython-311.pyc (deflated 53%)
  adding: Excelerate.app/Contents/Resources/lib/python3.11/reportlab/lib/__pycache__/yaml.cpython-311.pyc (deflated 53%)
  adding: Excelerate.app/Contents/Resources/lib/python3.11/reportlab/lib/__pycache__/testutils.cpython-311.pyc (deflated 54%)
  adding: Excelerate.app/Contents/Resources/lib/python3.11/reportlab/lib/__pycache__/rparsexml.cpython-311.pyc (deflated 47%)
  adding: Excelerate.app/Contents/Resources/lib/python3.11/reportlab/lib/__pycache__/__init__.cpython-311.pyc (deflated 13%)
  adding: Excelerate.app/Contents/Resources/lib/python3.11/reportlab/lib/__pycache__/extformat.cpython-311.pyc (deflated 42%)
  adding: Excelerate.app/Contents/Resources/lib/python3.11/reportlab/lib/logger.py (deflated 60%)
  adding: Excelerate.app/Contents/Resources/lib/python3.11/reportlab/lib/pagesizes.py (deflated 54%)
  adding: Excelerate.app/Contents/Resources/lib/python3.11/reportlab/lib/yaml.py (deflated 61%)
  adding: Excelerate.app/Contents/Resources/lib/python3.11/reportlab/lib/extformat.py (deflated 51%)
  adding: Excelerate.app/Contents/Resources/lib/python3.11/reportlab/lib/rparsexml.py (deflated 71%)
  adding: Excelerate.app/Contents/Resources/lib/python3.11/reportlab/lib/utils.py (deflated 70%)
  adding: Excelerate.app/Contents/Resources/lib/python3.11/reportlab/lib/styles.py (deflated 76%)
  adding: Excelerate.app/Contents/Resources/lib/python3.11/reportlab/lib/abag.py (deflated 45%)
  adding: Excelerate.app/Contents/Resources/lib/python3.11/reportlab/lib/rl_safe_eval.py (deflated 71%)
  adding: Excelerate.app/Contents/Resources/lib/python3.11/reportlab/lib/attrmap.py (deflated 66%)
  adding: Excelerate.app/Contents/Resources/lib/python3.11/reportlab/lib/corp.py (deflated 72%)
  adding: Excelerate.app/Contents/Resources/lib/python3.11/reportlab/lib/fonts.py (deflated 63%)
  adding: Excelerate.app/Contents/Resources/lib/python3.11/reportlab/lib/arciv.py (deflated 69%)
  adding: Excelerate.app/Contents/Resources/lib/python3.11/reportlab/lib/fontfinder.py (deflated 67%)
  adding: Excelerate.app/Contents/Resources/lib/python3.11/reportlab/lib/PyFontify.py (deflated 59%)
  adding: Excelerate.app/Contents/Resources/lib/python3.11/reportlab/lib/normalDate.py (deflated 73%)
  adding: Excelerate.app/Contents/Resources/lib/python3.11/reportlab/lib/colors.py (deflated 72%)
  adding: Excelerate.app/Contents/Resources/lib/python3.11/reportlab/graphics/ (stored 0%)
  adding: Excelerate.app/Contents/Resources/lib/python3.11/reportlab/graphics/shapes.py (deflated 73%)
  adding: Excelerate.app/Contents/Resources/lib/python3.11/reportlab/graphics/testdrawings.py (deflated 70%)
  adding: Excelerate.app/Contents/Resources/lib/python3.11/reportlab/graphics/svgpath.py (deflated 72%)
  adding: Excelerate.app/Contents/Resources/lib/python3.11/reportlab/graphics/renderSVG.py (deflated 72%)
  adding: Excelerate.app/Contents/Resources/lib/python3.11/reportlab/graphics/charts/ (stored 0%)
  adding: Excelerate.app/Contents/Resources/lib/python3.11/reportlab/graphics/charts/slidebox.py (deflated 77%)
  adding: Excelerate.app/Contents/Resources/lib/python3.11/reportlab/graphics/charts/doughnut.py (deflated 78%)
  adding: Excelerate.app/Contents/Resources/lib/python3.11/reportlab/graphics/charts/piecharts.py (deflated 78%)
  adding: Excelerate.app/Contents/Resources/lib/python3.11/reportlab/graphics/charts/areas.py (deflated 74%)
  adding: Excelerate.app/Contents/Resources/lib/python3.11/reportlab/graphics/charts/legends.py (deflated 76%)
  adding: Excelerate.app/Contents/Resources/lib/python3.11/reportlab/graphics/charts/__init__.py (deflated 25%)
  adding: Excelerate.app/Contents/Resources/lib/python3.11/reportlab/graphics/charts/__pycache__/ (stored 0%)
  adding: Excelerate.app/Contents/Resources/lib/python3.11/reportlab/graphics/charts/__pycache__/spider.cpython-311.pyc (deflated 54%)
  adding: Excelerate.app/Contents/Resources/lib/python3.11/reportlab/graphics/charts/__pycache__/markers.cpython-311.pyc (deflated 55%)
  adding: Excelerate.app/Contents/Resources/lib/python3.11/reportlab/graphics/charts/__pycache__/slidebox.cpython-311.pyc (deflated 54%)
  adding: Excelerate.app/Contents/Resources/lib/python3.11/reportlab/graphics/charts/__pycache__/lineplots.cpython-311.pyc (deflated 60%)
  adding: Excelerate.app/Contents/Resources/lib/python3.11/reportlab/graphics/charts/__pycache__/linecharts.cpython-311.pyc (deflated 57%)
  adding: Excelerate.app/Contents/Resources/lib/python3.11/reportlab/graphics/charts/__pycache__/utils.cpython-311.pyc (deflated 51%)
  adding: Excelerate.app/Contents/Resources/lib/python3.11/reportlab/graphics/charts/__pycache__/areas.cpython-311.pyc (deflated 49%)
  adding: Excelerate.app/Contents/Resources/lib/python3.11/reportlab/graphics/charts/__pycache__/axes.cpython-311.pyc (deflated 58%)
  adding: Excelerate.app/Contents/Resources/lib/python3.11/reportlab/graphics/charts/__pycache__/textlabels.cpython-311.pyc (deflated 56%)
  adding: Excelerate.app/Contents/Resources/lib/python3.11/reportlab/graphics/charts/__pycache__/barcharts.cpython-311.pyc (deflated 67%)
  adding: Excelerate.app/Contents/Resources/lib/python3.11/reportlab/graphics/charts/__pycache__/doughnut.cpython-311.pyc (deflated 56%)
  adding: Excelerate.app/Contents/Resources/lib/python3.11/reportlab/graphics/charts/__pycache__/utils3d.cpython-311.pyc (deflated 49%)
  adding: Excelerate.app/Contents/Resources/lib/python3.11/reportlab/graphics/charts/__pycache__/dotbox.cpython-311.pyc (deflated 56%)
  adding: Excelerate.app/Contents/Resources/lib/python3.11/reportlab/graphics/charts/__pycache__/piecharts.cpython-311.pyc (deflated 59%)
  adding: Excelerate.app/Contents/Resources/lib/python3.11/reportlab/graphics/charts/__pycache__/legends.cpython-311.pyc (deflated 55%)
  adding: Excelerate.app/Contents/Resources/lib/python3.11/reportlab/graphics/charts/__pycache__/__init__.cpython-311.pyc (deflated 13%)
  adding: Excelerate.app/Contents/Resources/lib/python3.11/reportlab/graphics/charts/lineplots.py (deflated 78%)
  adding: Excelerate.app/Contents/Resources/lib/python3.11/reportlab/graphics/charts/barcharts.py (deflated 83%)
  adding: Excelerate.app/Contents/Resources/lib/python3.11/reportlab/graphics/charts/linecharts.py (deflated 75%)
  adding: Excelerate.app/Contents/Resources/lib/python3.11/reportlab/graphics/charts/utils.py (deflated 63%)
  adding: Excelerate.app/Contents/Resources/lib/python3.11/reportlab/graphics/charts/dotbox.py (deflated 75%)
  adding: Excelerate.app/Contents/Resources/lib/python3.11/reportlab/graphics/charts/markers.py (deflated 67%)
  adding: Excelerate.app/Contents/Resources/lib/python3.11/reportlab/graphics/charts/utils3d.py (deflated 67%)
  adding: Excelerate.app/Contents/Resources/lib/python3.11/reportlab/graphics/charts/textlabels.py (deflated 77%)
  adding: Excelerate.app/Contents/Resources/lib/python3.11/reportlab/graphics/charts/axes.py (deflated 78%)
  adding: Excelerate.app/Contents/Resources/lib/python3.11/reportlab/graphics/charts/spider.py (deflated 73%)
  adding: Excelerate.app/Contents/Resources/lib/python3.11/reportlab/graphics/__init__.py (deflated 27%)
  adding: Excelerate.app/Contents/Resources/lib/python3.11/reportlab/graphics/renderPS.py (deflated 72%)
  adding: Excelerate.app/Contents/Resources/lib/python3.11/reportlab/graphics/renderbase.py (deflated 70%)
  adding: Excelerate.app/Contents/Resources/lib/python3.11/reportlab/graphics/__pycache__/ (stored 0%)
  adding: Excelerate.app/Contents/Resources/lib/python3.11/reportlab/graphics/__pycache__/svgpath.cpython-311.pyc (deflated 54%)
  adding: Excelerate.app/Contents/Resources/lib/python3.11/reportlab/graphics/__pycache__/testdrawings.cpython-311.pyc (deflated 54%)
  adding: Excelerate.app/Contents/Resources/lib/python3.11/reportlab/graphics/__pycache__/renderPS.cpython-311.pyc (deflated 57%)
  adding: Excelerate.app/Contents/Resources/lib/python3.11/reportlab/graphics/__pycache__/renderSVG.cpython-311.pyc (deflated 57%)
  adding: Excelerate.app/Contents/Resources/lib/python3.11/reportlab/graphics/__pycache__/renderbase.cpython-311.pyc (deflated 57%)
  adding: Excelerate.app/Contents/Resources/lib/python3.11/reportlab/graphics/__pycache__/transform.cpython-311.pyc (deflated 59%)
  adding: Excelerate.app/Contents/Resources/lib/python3.11/reportlab/graphics/__pycache__/utils.cpython-311.pyc (deflated 54%)
  adding: Excelerate.app/Contents/Resources/lib/python3.11/reportlab/graphics/__pycache__/renderPM.cpython-311.pyc (deflated 55%)
  adding: Excelerate.app/Contents/Resources/lib/python3.11/reportlab/graphics/__pycache__/widgetbase.cpython-311.pyc (deflated 57%)
  adding: Excelerate.app/Contents/Resources/lib/python3.11/reportlab/graphics/__pycache__/testshapes.cpython-311.pyc (deflated 60%)
  adding: Excelerate.app/Contents/Resources/lib/python3.11/reportlab/graphics/__pycache__/shapes.cpython-311.pyc (deflated 57%)
  adding: Excelerate.app/Contents/Resources/lib/python3.11/reportlab/graphics/__pycache__/renderPDF.cpython-311.pyc (deflated 54%)
  adding: Excelerate.app/Contents/Resources/lib/python3.11/reportlab/graphics/__pycache__/__init__.cpython-311.pyc (deflated 15%)
  adding: Excelerate.app/Contents/Resources/lib/python3.11/reportlab/graphics/widgetbase.py (deflated 72%)
  adding: Excelerate.app/Contents/Resources/lib/python3.11/reportlab/graphics/samples/ (stored 0%)
  adding: Excelerate.app/Contents/Resources/lib/python3.11/reportlab/graphics/samples/scatter_lines.py (deflated 75%)
  adding: Excelerate.app/Contents/Resources/lib/python3.11/reportlab/graphics/samples/clustered_bar.py (deflated 74%)
  adding: Excelerate.app/Contents/Resources/lib/python3.11/reportlab/graphics/samples/stacked_column.py (deflated 74%)
  adding: Excelerate.app/Contents/Resources/lib/python3.11/reportlab/graphics/samples/linechart_with_markers.py (deflated 76%)
  adding: Excelerate.app/Contents/Resources/lib/python3.11/reportlab/graphics/samples/excelcolors.py (deflated 69%)
  adding: Excelerate.app/Contents/Resources/lib/python3.11/reportlab/graphics/samples/stacked_bar.py (deflated 74%)
  adding: Excelerate.app/Contents/Resources/lib/python3.11/reportlab/graphics/samples/radar.py (deflated 73%)
  adding: Excelerate.app/Contents/Resources/lib/python3.11/reportlab/graphics/samples/simple_pie.py (deflated 71%)
  adding: Excelerate.app/Contents/Resources/lib/python3.11/reportlab/graphics/samples/__init__.py (deflated 1%)
  adding: Excelerate.app/Contents/Resources/lib/python3.11/reportlab/graphics/samples/__pycache__/ (stored 0%)
  adding: Excelerate.app/Contents/Resources/lib/python3.11/reportlab/graphics/samples/__pycache__/linechart_with_markers.cpython-311.pyc (deflated 66%)
  adding: Excelerate.app/Contents/Resources/lib/python3.11/reportlab/graphics/samples/__pycache__/clustered_bar.cpython-311.pyc (deflated 62%)
  adding: Excelerate.app/Contents/Resources/lib/python3.11/reportlab/graphics/samples/__pycache__/scatter.cpython-311.pyc (deflated 60%)
  adding: Excelerate.app/Contents/Resources/lib/python3.11/reportlab/graphics/samples/__pycache__/bubble.cpython-311.pyc (deflated 60%)
  adding: Excelerate.app/Contents/Resources/lib/python3.11/reportlab/graphics/samples/__pycache__/excelcolors.cpython-311.pyc (deflated 62%)
  adding: Excelerate.app/Contents/Resources/lib/python3.11/reportlab/graphics/samples/__pycache__/scatter_lines_markers.cpython-311.pyc (deflated 61%)
  adding: Excelerate.app/Contents/Resources/lib/python3.11/reportlab/graphics/samples/__pycache__/stacked_column.cpython-311.pyc (deflated 62%)
  adding: Excelerate.app/Contents/Resources/lib/python3.11/reportlab/graphics/samples/__pycache__/filled_radar.cpython-311.pyc (deflated 58%)
  adding: Excelerate.app/Contents/Resources/lib/python3.11/reportlab/graphics/samples/__pycache__/radar.cpython-311.pyc (deflated 63%)
  adding: Excelerate.app/Contents/Resources/lib/python3.11/reportlab/graphics/samples/__pycache__/simple_pie.cpython-311.pyc (deflated 58%)
  adding: Excelerate.app/Contents/Resources/lib/python3.11/reportlab/graphics/samples/__pycache__/line_chart.cpython-311.pyc (deflated 63%)
  adding: Excelerate.app/Contents/Resources/lib/python3.11/reportlab/graphics/samples/__pycache__/stacked_bar.cpython-311.pyc (deflated 62%)
  adding: Excelerate.app/Contents/Resources/lib/python3.11/reportlab/graphics/samples/__pycache__/exploded_pie.cpython-311.pyc (deflated 59%)
  adding: Excelerate.app/Contents/Resources/lib/python3.11/reportlab/graphics/samples/__pycache__/scatter_lines.cpython-311.pyc (deflated 64%)
  adding: Excelerate.app/Contents/Resources/lib/python3.11/reportlab/graphics/samples/__pycache__/clustered_column.cpython-311.pyc (deflated 62%)
  adding: Excelerate.app/Contents/Resources/lib/python3.11/reportlab/graphics/samples/__pycache__/__init__.cpython-311.pyc (deflated 16%)
  adding: Excelerate.app/Contents/Resources/lib/python3.11/reportlab/graphics/samples/__pycache__/runall.cpython-311.pyc (deflated 42%)
  adding: Excelerate.app/Contents/Resources/lib/python3.11/reportlab/graphics/samples/scatter.py (deflated 73%)
  adding: Excelerate.app/Contents/Resources/lib/python3.11/reportlab/graphics/samples/bubble.py (deflated 73%)
  adding: Excelerate.app/Contents/Resources/lib/python3.11/reportlab/graphics/samples/clustered_column.py (deflated 74%)
  adding: Excelerate.app/Contents/Resources/lib/python3.11/reportlab/graphics/samples/exploded_pie.py (deflated 71%)
  adding: Excelerate.app/Contents/Resources/lib/python3.11/reportlab/graphics/samples/line_chart.py (deflated 75%)
  adding: Excelerate.app/Contents/Resources/lib/python3.11/reportlab/graphics/samples/filled_radar.py (deflated 70%)
  adding: Excelerate.app/Contents/Resources/lib/python3.11/reportlab/graphics/samples/scatter_lines_markers.py (deflated 73%)
  adding: Excelerate.app/Contents/Resources/lib/python3.11/reportlab/graphics/samples/runall.py (deflated 63%)
  adding: Excelerate.app/Contents/Resources/lib/python3.11/reportlab/graphics/utils.py (deflated 76%)
  adding: Excelerate.app/Contents/Resources/lib/python3.11/reportlab/graphics/renderPM.py (deflated 71%)
  adding: Excelerate.app/Contents/Resources/lib/python3.11/reportlab/graphics/transform.py (deflated 63%)
  adding: Excelerate.app/Contents/Resources/lib/python3.11/reportlab/graphics/testshapes.py (deflated 68%)
  adding: Excelerate.app/Contents/Resources/lib/python3.11/reportlab/graphics/renderPDF.py (deflated 71%)
  adding: Excelerate.app/Contents/Resources/lib/python3.11/reportlab/graphics/barcode/ (stored 0%)
  adding: Excelerate.app/Contents/Resources/lib/python3.11/reportlab/graphics/barcode/eanbc.py (deflated 76%)
  adding: Excelerate.app/Contents/Resources/lib/python3.11/reportlab/graphics/barcode/usps4s.py (deflated 72%)
  adding: Excelerate.app/Contents/Resources/lib/python3.11/reportlab/graphics/barcode/fourstate.py (deflated 59%)
  adding: Excelerate.app/Contents/Resources/lib/python3.11/reportlab/graphics/barcode/qrencoder.py (deflated 77%)
  adding: Excelerate.app/Contents/Resources/lib/python3.11/reportlab/graphics/barcode/usps.py (deflated 66%)
  adding: Excelerate.app/Contents/Resources/lib/python3.11/reportlab/graphics/barcode/ecc200datamatrix.py (deflated 73%)
  adding: Excelerate.app/Contents/Resources/lib/python3.11/reportlab/graphics/barcode/lto.py (deflated 70%)
  adding: Excelerate.app/Contents/Resources/lib/python3.11/reportlab/graphics/barcode/code39.py (deflated 64%)
  adding: Excelerate.app/Contents/Resources/lib/python3.11/reportlab/graphics/barcode/__init__.py (deflated 60%)
  adding: Excelerate.app/Contents/Resources/lib/python3.11/reportlab/graphics/barcode/__pycache__/ (stored 0%)
  adding: Excelerate.app/Contents/Resources/lib/python3.11/reportlab/graphics/barcode/__pycache__/ecc200datamatrix.cpython-311.pyc (deflated 62%)
  adding: Excelerate.app/Contents/Resources/lib/python3.11/reportlab/graphics/barcode/__pycache__/code93.cpython-311.pyc (deflated 53%)
  adding: Excelerate.app/Contents/Resources/lib/python3.11/reportlab/graphics/barcode/__pycache__/common.cpython-311.pyc (deflated 65%)
  adding: Excelerate.app/Contents/Resources/lib/python3.11/reportlab/graphics/barcode/__pycache__/test.cpython-311.pyc (deflated 62%)
  adding: Excelerate.app/Contents/Resources/lib/python3.11/reportlab/graphics/barcode/__pycache__/widgets.cpython-311.pyc (deflated 55%)
  adding: Excelerate.app/Contents/Resources/lib/python3.11/reportlab/graphics/barcode/__pycache__/eanbc.cpython-311.pyc (deflated 59%)
  adding: Excelerate.app/Contents/Resources/lib/python3.11/reportlab/graphics/barcode/__pycache__/dmtx.cpython-311.pyc (deflated 58%)
  adding: Excelerate.app/Contents/Resources/lib/python3.11/reportlab/graphics/barcode/__pycache__/code39.cpython-311.pyc (deflated 52%)
  adding: Excelerate.app/Contents/Resources/lib/python3.11/reportlab/graphics/barcode/__pycache__/fourstate.cpython-311.pyc (deflated 51%)
  adding: Excelerate.app/Contents/Resources/lib/python3.11/reportlab/graphics/barcode/__pycache__/usps4s.cpython-311.pyc (deflated 58%)
  adding: Excelerate.app/Contents/Resources/lib/python3.11/reportlab/graphics/barcode/__pycache__/qrencoder.cpython-311.pyc (deflated 63%)
  adding: Excelerate.app/Contents/Resources/lib/python3.11/reportlab/graphics/barcode/__pycache__/lto.cpython-311.pyc (deflated 50%)
  adding: Excelerate.app/Contents/Resources/lib/python3.11/reportlab/graphics/barcode/__pycache__/usps.cpython-311.pyc (deflated 54%)
  adding: Excelerate.app/Contents/Resources/lib/python3.11/reportlab/graphics/barcode/__pycache__/qr.cpython-311.pyc (deflated 55%)
  adding: Excelerate.app/Contents/Resources/lib/python3.11/reportlab/graphics/barcode/__pycache__/code128.cpython-311.pyc (deflated 56%)
  adding: Excelerate.app/Contents/Resources/lib/python3.11/reportlab/graphics/barcode/__pycache__/__init__.cpython-311.pyc (deflated 48%)
  adding: Excelerate.app/Contents/Resources/lib/python3.11/reportlab/graphics/barcode/test.py (deflated 72%)
  adding: Excelerate.app/Contents/Resources/lib/python3.11/reportlab/graphics/barcode/widgets.py (deflated 75%)
  adding: Excelerate.app/Contents/Resources/lib/python3.11/reportlab/graphics/barcode/qr.py (deflated 71%)
  adding: Excelerate.app/Contents/Resources/lib/python3.11/reportlab/graphics/barcode/common.py (deflated 77%)
  adding: Excelerate.app/Contents/Resources/lib/python3.11/reportlab/graphics/barcode/code128.py (deflated 69%)
  adding: Excelerate.app/Contents/Resources/lib/python3.11/reportlab/graphics/barcode/code93.py (deflated 63%)
  adding: Excelerate.app/Contents/Resources/lib/python3.11/reportlab/graphics/barcode/dmtx.py (deflated 73%)
  adding: Excelerate.app/Contents/Resources/lib/python3.11/reportlab/graphics/widgets/ (stored 0%)
  adding: Excelerate.app/Contents/Resources/lib/python3.11/reportlab/graphics/widgets/eventcal.py (deflated 65%)
  adding: Excelerate.app/Contents/Resources/lib/python3.11/reportlab/graphics/widgets/grids.py (deflated 75%)
  adding: Excelerate.app/Contents/Resources/lib/python3.11/reportlab/graphics/widgets/flags.py (deflated 81%)
  adding: Excelerate.app/Contents/Resources/lib/python3.11/reportlab/graphics/widgets/__init__.py (deflated 26%)
  adding: Excelerate.app/Contents/Resources/lib/python3.11/reportlab/graphics/widgets/__pycache__/ (stored 0%)
  adding: Excelerate.app/Contents/Resources/lib/python3.11/reportlab/graphics/widgets/__pycache__/markers.cpython-311.pyc (deflated 56%)
  adding: Excelerate.app/Contents/Resources/lib/python3.11/reportlab/graphics/widgets/__pycache__/adjustableArrow.cpython-311.pyc (deflated 50%)
  adding: Excelerate.app/Contents/Resources/lib/python3.11/reportlab/graphics/widgets/__pycache__/flags.cpython-311.pyc (deflated 66%)
  adding: Excelerate.app/Contents/Resources/lib/python3.11/reportlab/graphics/widgets/__pycache__/signsandsymbols.cpython-311.pyc (deflated 71%)
  adding: Excelerate.app/Contents/Resources/lib/python3.11/reportlab/graphics/widgets/__pycache__/table.cpython-311.pyc (deflated 51%)
  adding: Excelerate.app/Contents/Resources/lib/python3.11/reportlab/graphics/widgets/__pycache__/grids.cpython-311.pyc (deflated 57%)
  adding: Excelerate.app/Contents/Resources/lib/python3.11/reportlab/graphics/widgets/__pycache__/eventcal.cpython-311.pyc (deflated 50%)
  adding: Excelerate.app/Contents/Resources/lib/python3.11/reportlab/graphics/widgets/__pycache__/__init__.cpython-311.pyc (deflated 14%)
  adding: Excelerate.app/Contents/Resources/lib/python3.11/reportlab/graphics/widgets/markers.py (deflated 73%)
  adding: Excelerate.app/Contents/Resources/lib/python3.11/reportlab/graphics/widgets/adjustableArrow.py (deflated 70%)
  adding: Excelerate.app/Contents/Resources/lib/python3.11/reportlab/graphics/widgets/table.py (deflated 70%)
  adding: Excelerate.app/Contents/Resources/lib/python3.11/reportlab/graphics/widgets/signsandsymbols.py (deflated 84%)
  adding: Excelerate.app/Contents/Resources/lib/python3.11/reportlab/fonts/ (stored 0%)
  adding: Excelerate.app/Contents/Resources/lib/python3.11/reportlab/fonts/DarkGarden.sfd (deflated 67%)
  adding: Excelerate.app/Contents/Resources/lib/python3.11/reportlab/fonts/zx______.pfb (deflated 5%)
  adding: Excelerate.app/Contents/Resources/lib/python3.11/reportlab/fonts/callig15.pfb (deflated 5%)
  adding: Excelerate.app/Contents/Resources/lib/python3.11/reportlab/fonts/DarkGarden-changelog.txt (deflated 48%)
  adding: Excelerate.app/Contents/Resources/lib/python3.11/reportlab/fonts/cob_____.pfb (deflated 2%)
  adding: Excelerate.app/Contents/Resources/lib/python3.11/reportlab/fonts/cobo____.pfb (deflated 1%)
  adding: Excelerate.app/Contents/Resources/lib/python3.11/reportlab/fonts/_a______.pfb (deflated 3%)
  adding: Excelerate.app/Contents/Resources/lib/python3.11/reportlab/fonts/DarkGardenMK.afm (deflated 64%)
  adding: Excelerate.app/Contents/Resources/lib/python3.11/reportlab/fonts/Vera.ttf (deflated 39%)
  adding: Excelerate.app/Contents/Resources/lib/python3.11/reportlab/fonts/_eb_____.pfb (deflated 3%)
  adding: Excelerate.app/Contents/Resources/lib/python3.11/reportlab/fonts/_abi____.pfb (deflated 3%)
  adding: Excelerate.app/Contents/Resources/lib/python3.11/reportlab/fonts/VeraBI.ttf (deflated 39%)
  adding: Excelerate.app/Contents/Resources/lib/python3.11/reportlab/fonts/bitstream-vera-license.txt (deflated 56%)
  adding: Excelerate.app/Contents/Resources/lib/python3.11/reportlab/fonts/_ei_____.pfb (deflated 3%)
  adding: Excelerate.app/Contents/Resources/lib/python3.11/reportlab/fonts/DarkGardenMK.pfb (deflated 6%)
  adding: Excelerate.app/Contents/Resources/lib/python3.11/reportlab/fonts/zy______.pfb (deflated 4%)
  adding: Excelerate.app/Contents/Resources/lib/python3.11/reportlab/fonts/coo_____.pfb (deflated 1%)
  adding: Excelerate.app/Contents/Resources/lib/python3.11/reportlab/fonts/DarkGarden-copying-gpl.txt (deflated 62%)
  adding: Excelerate.app/Contents/Resources/lib/python3.11/reportlab/fonts/callig15.afm (deflated 63%)
  adding: Excelerate.app/Contents/Resources/lib/python3.11/reportlab/fonts/00readme.txt (deflated 36%)
  adding: Excelerate.app/Contents/Resources/lib/python3.11/reportlab/fonts/DarkGarden-copying.txt (deflated 48%)
  adding: Excelerate.app/Contents/Resources/lib/python3.11/reportlab/fonts/zd______.pfb (deflated 6%)
  adding: Excelerate.app/Contents/Resources/lib/python3.11/reportlab/fonts/VeraBd.ttf (deflated 38%)
  adding: Excelerate.app/Contents/Resources/lib/python3.11/reportlab/fonts/DarkGarden-readme.txt (deflated 52%)
  adding: Excelerate.app/Contents/Resources/lib/python3.11/reportlab/fonts/_er_____.pfb (deflated 3%)
  adding: Excelerate.app/Contents/Resources/lib/python3.11/reportlab/fonts/sy______.pfb (deflated 9%)
  adding: Excelerate.app/Contents/Resources/lib/python3.11/reportlab/fonts/VeraIt.ttf (deflated 39%)
  adding: Excelerate.app/Contents/Resources/lib/python3.11/reportlab/fonts/com_____.pfb (deflated 2%)
  adding: Excelerate.app/Contents/Resources/lib/python3.11/reportlab/fonts/_ab_____.pfb (deflated 3%)
  adding: Excelerate.app/Contents/Resources/lib/python3.11/reportlab/fonts/_ebi____.pfb (deflated 3%)
  adding: Excelerate.app/Contents/Resources/lib/python3.11/reportlab/fonts/_ai_____.pfb (deflated 3%)
  adding: Excelerate.app/Contents/Resources/lib/python3.11/reportlab/rl_settings.py (deflated 73%)
  adding: Excelerate.app/Contents/Resources/lib/python3.11/darkdetect/ (stored 0%)
  adding: Excelerate.app/Contents/Resources/lib/python3.11/darkdetect/_mac_detect.py (deflated 59%)
  adding: Excelerate.app/Contents/Resources/lib/python3.11/darkdetect/_linux_detect.py (deflated 61%)
  adding: Excelerate.app/Contents/Resources/lib/python3.11/darkdetect/__init__.py (deflated 60%)
  adding: Excelerate.app/Contents/Resources/lib/python3.11/darkdetect/__pycache__/ (stored 0%)
  adding: Excelerate.app/Contents/Resources/lib/python3.11/darkdetect/__pycache__/_windows_detect.cpython-311.pyc (deflated 60%)
  adding: Excelerate.app/Contents/Resources/lib/python3.11/darkdetect/__pycache__/_linux_detect.cpython-311.pyc (deflated 46%)
  adding: Excelerate.app/Contents/Resources/lib/python3.11/darkdetect/__pycache__/_mac_detect.cpython-311.pyc (deflated 49%)
  adding: Excelerate.app/Contents/Resources/lib/python3.11/darkdetect/__pycache__/_dummy.cpython-311.pyc (deflated 43%)
  adding: Excelerate.app/Contents/Resources/lib/python3.11/darkdetect/__pycache__/__init__.cpython-311.pyc (deflated 41%)
  adding: Excelerate.app/Contents/Resources/lib/python3.11/darkdetect/__pycache__/__main__.cpython-311.pyc (deflated 25%)
  adding: Excelerate.app/Contents/Resources/lib/python3.11/darkdetect/_windows_detect.py (deflated 69%)
  adding: Excelerate.app/Contents/Resources/lib/python3.11/darkdetect/_dummy.py (deflated 55%)
  adding: Excelerate.app/Contents/Resources/lib/python3.11/darkdetect/__main__.py (deflated 55%)
  adding: Excelerate.app/Contents/Resources/lib/python3.11/pandas/ (stored 0%)
  adding: Excelerate.app/Contents/Resources/lib/python3.11/pandas/conftest.py (deflated 77%)
  adding: Excelerate.app/Contents/Resources/lib/python3.11/pandas/compat/ (stored 0%)
  adding: Excelerate.app/Contents/Resources/lib/python3.11/pandas/compat/_constants.py (deflated 44%)
  adding: Excelerate.app/Contents/Resources/lib/python3.11/pandas/compat/_optional.py (deflated 62%)
  adding: Excelerate.app/Contents/Resources/lib/python3.11/pandas/compat/pyarrow.py (deflated 73%)
  adding: Excelerate.app/Contents/Resources/lib/python3.11/pandas/compat/__init__.py (deflated 74%)
  adding: Excelerate.app/Contents/Resources/lib/python3.11/pandas/compat/__pycache__/ (stored 0%)
  adding: Excelerate.app/Contents/Resources/lib/python3.11/pandas/compat/__pycache__/pickle_compat.cpython-311.pyc (deflated 52%)
  adding: Excelerate.app/Contents/Resources/lib/python3.11/pandas/compat/__pycache__/_optional.cpython-311.pyc (deflated 43%)
  adding: Excelerate.app/Contents/Resources/lib/python3.11/pandas/compat/__pycache__/compressors.cpython-311.pyc (deflated 47%)
  adding: Excelerate.app/Contents/Resources/lib/python3.11/pandas/compat/__pycache__/pyarrow.cpython-311.pyc (deflated 54%)
  adding: Excelerate.app/Contents/Resources/lib/python3.11/pandas/compat/__pycache__/_constants.cpython-311.pyc (deflated 32%)
  adding: Excelerate.app/Contents/Resources/lib/python3.11/pandas/compat/__pycache__/__init__.cpython-311.pyc (deflated 63%)
  adding: Excelerate.app/Contents/Resources/lib/python3.11/pandas/compat/numpy/ (stored 0%)
  adding: Excelerate.app/Contents/Resources/lib/python3.11/pandas/compat/numpy/__init__.py (deflated 62%)
  adding: Excelerate.app/Contents/Resources/lib/python3.11/pandas/compat/numpy/__pycache__/ (stored 0%)
  adding: Excelerate.app/Contents/Resources/lib/python3.11/pandas/compat/numpy/__pycache__/function.cpython-311.pyc (deflated 56%)
  adding: Excelerate.app/Contents/Resources/lib/python3.11/pandas/compat/numpy/__pycache__/__init__.cpython-311.pyc (deflated 40%)
  adding: Excelerate.app/Contents/Resources/lib/python3.11/pandas/compat/numpy/function.py (deflated 75%)
  adding: Excelerate.app/Contents/Resources/lib/python3.11/pandas/compat/pickle_compat.py (deflated 71%)
  adding: Excelerate.app/Contents/Resources/lib/python3.11/pandas/compat/compressors.py (deflated 65%)
  adding: Excelerate.app/Contents/Resources/lib/python3.11/pandas/core/ (stored 0%)
  adding: Excelerate.app/Contents/Resources/lib/python3.11/pandas/core/indexers/ (stored 0%)
  adding: Excelerate.app/Contents/Resources/lib/python3.11/pandas/core/indexers/__init__.py (deflated 65%)
  adding: Excelerate.app/Contents/Resources/lib/python3.11/pandas/core/indexers/__pycache__/ (stored 0%)
  adding: Excelerate.app/Contents/Resources/lib/python3.11/pandas/core/indexers/__pycache__/objects.cpython-311.pyc (deflated 59%)
  adding: Excelerate.app/Contents/Resources/lib/python3.11/pandas/core/indexers/__pycache__/utils.cpython-311.pyc (deflated 59%)
  adding: Excelerate.app/Contents/Resources/lib/python3.11/pandas/core/indexers/__pycache__/__init__.cpython-311.pyc (deflated 46%)
  adding: Excelerate.app/Contents/Resources/lib/python3.11/pandas/core/indexers/utils.py (deflated 72%)
  adding: Excelerate.app/Contents/Resources/lib/python3.11/pandas/core/indexers/objects.py (deflated 76%)
  adding: Excelerate.app/Contents/Resources/lib/python3.11/pandas/core/reshape/ (stored 0%)
  adding: Excelerate.app/Contents/Resources/lib/python3.11/pandas/core/reshape/tile.py (deflated 70%)
  adding: Excelerate.app/Contents/Resources/lib/python3.11/pandas/core/reshape/merge.py (deflated 78%)
  adding: Excelerate.app/Contents/Resources/lib/python3.11/pandas/core/reshape/encoding.py (deflated 73%)
  adding: Excelerate.app/Contents/Resources/lib/python3.11/pandas/core/reshape/concat.py (deflated 74%)
  adding: Excelerate.app/Contents/Resources/lib/python3.11/pandas/core/reshape/util.py (deflated 56%)
  adding: Excelerate.app/Contents/Resources/lib/python3.11/pandas/core/reshape/reshape.py (deflated 72%)
  adding: Excelerate.app/Contents/Resources/lib/python3.11/pandas/core/reshape/__init__.py (stored 0%)
  adding: Excelerate.app/Contents/Resources/lib/python3.11/pandas/core/reshape/__pycache__/ (stored 0%)
  adding: Excelerate.app/Contents/Resources/lib/python3.11/pandas/core/reshape/__pycache__/reshape.cpython-311.pyc (deflated 57%)
  adding: Excelerate.app/Contents/Resources/lib/python3.11/pandas/core/reshape/__pycache__/tile.cpython-311.pyc (deflated 58%)
  adding: Excelerate.app/Contents/Resources/lib/python3.11/pandas/core/reshape/__pycache__/pivot.cpython-311.pyc (deflated 56%)
  adding: Excelerate.app/Contents/Resources/lib/python3.11/pandas/core/reshape/__pycache__/api.cpython-311.pyc (deflated 52%)
  adding: Excelerate.app/Contents/Resources/lib/python3.11/pandas/core/reshape/__pycache__/encoding.cpython-311.pyc (deflated 57%)
  adding: Excelerate.app/Contents/Resources/lib/python3.11/pandas/core/reshape/__pycache__/melt.cpython-311.pyc (deflated 58%)
  adding: Excelerate.app/Contents/Resources/lib/python3.11/pandas/core/reshape/__pycache__/util.cpython-311.pyc (deflated 46%)
  adding: Excelerate.app/Contents/Resources/lib/python3.11/pandas/core/reshape/__pycache__/concat.cpython-311.pyc (deflated 58%)
  adding: Excelerate.app/Contents/Resources/lib/python3.11/pandas/core/reshape/__pycache__/__init__.cpython-311.pyc (deflated 18%)
  adding: Excelerate.app/Contents/Resources/lib/python3.11/pandas/core/reshape/__pycache__/merge.cpython-311.pyc (deflated 61%)
  adding: Excelerate.app/Contents/Resources/lib/python3.11/pandas/core/reshape/api.py (deflated 67%)
  adding: Excelerate.app/Contents/Resources/lib/python3.11/pandas/core/reshape/melt.py (deflated 70%)
  adding: Excelerate.app/Contents/Resources/lib/python3.11/pandas/core/reshape/pivot.py (deflated 74%)
  adding: Excelerate.app/Contents/Resources/lib/python3.11/pandas/core/accessor.py (deflated 70%)
  adding: Excelerate.app/Contents/Resources/lib/python3.11/pandas/core/nanops.py (deflated 78%)
  adding: Excelerate.app/Contents/Resources/lib/python3.11/pandas/core/roperator.py (deflated 64%)
  adding: Excelerate.app/Contents/Resources/lib/python3.11/pandas/core/strings/ (stored 0%)
  adding: Excelerate.app/Contents/Resources/lib/python3.11/pandas/core/strings/accessor.py (deflated 78%)
  adding: Excelerate.app/Contents/Resources/lib/python3.11/pandas/core/strings/object_array.py (deflated 76%)
  adding: Excelerate.app/Contents/Resources/lib/python3.11/pandas/core/strings/__init__.py (deflated 53%)
  adding: Excelerate.app/Contents/Resources/lib/python3.11/pandas/core/strings/__pycache__/ (stored 0%)
  adding: Excelerate.app/Contents/Resources/lib/python3.11/pandas/core/strings/__pycache__/object_array.cpython-311.pyc (deflated 66%)
  adding: Excelerate.app/Contents/Resources/lib/python3.11/pandas/core/strings/__pycache__/base.cpython-311.pyc (deflated 75%)
  adding: Excelerate.app/Contents/Resources/lib/python3.11/pandas/core/strings/__pycache__/__init__.cpython-311.pyc (deflated 43%)
  adding: Excelerate.app/Contents/Resources/lib/python3.11/pandas/core/strings/__pycache__/accessor.cpython-311.pyc (deflated 70%)
  adding: Excelerate.app/Contents/Resources/lib/python3.11/pandas/core/strings/base.py (deflated 79%)
  adding: Excelerate.app/Contents/Resources/lib/python3.11/pandas/core/missing.py (deflated 73%)
  adding: Excelerate.app/Contents/Resources/lib/python3.11/pandas/core/tools/ (stored 0%)
  adding: Excelerate.app/Contents/Resources/lib/python3.11/pandas/core/tools/timedeltas.py (deflated 68%)
  adding: Excelerate.app/Contents/Resources/lib/python3.11/pandas/core/tools/datetimes.py (deflated 73%)
  adding: Excelerate.app/Contents/Resources/lib/python3.11/pandas/core/tools/__init__.py (stored 0%)
  adding: Excelerate.app/Contents/Resources/lib/python3.11/pandas/core/tools/__pycache__/ (stored 0%)
  adding: Excelerate.app/Contents/Resources/lib/python3.11/pandas/core/tools/__pycache__/times.cpython-311.pyc (deflated 48%)
  adding: Excelerate.app/Contents/Resources/lib/python3.11/pandas/core/tools/__pycache__/datetimes.cpython-311.pyc (deflated 60%)
  adding: Excelerate.app/Contents/Resources/lib/python3.11/pandas/core/tools/__pycache__/timedeltas.cpython-311.pyc (deflated 56%)
  adding: Excelerate.app/Contents/Resources/lib/python3.11/pandas/core/tools/__pycache__/numeric.cpython-311.pyc (deflated 53%)
  adding: Excelerate.app/Contents/Resources/lib/python3.11/pandas/core/tools/__pycache__/__init__.cpython-311.pyc (deflated 18%)
  adding: Excelerate.app/Contents/Resources/lib/python3.11/pandas/core/tools/times.py (deflated 71%)
  adding: Excelerate.app/Contents/Resources/lib/python3.11/pandas/core/tools/numeric.py (deflated 68%)
  adding: Excelerate.app/Contents/Resources/lib/python3.11/pandas/core/methods/ (stored 0%)
  adding: Excelerate.app/Contents/Resources/lib/python3.11/pandas/core/methods/describe.py (deflated 74%)
  adding: Excelerate.app/Contents/Resources/lib/python3.11/pandas/core/methods/__init__.py (stored 0%)
  adding: Excelerate.app/Contents/Resources/lib/python3.11/pandas/core/methods/__pycache__/ (stored 0%)
  adding: Excelerate.app/Contents/Resources/lib/python3.11/pandas/core/methods/__pycache__/selectn.cpython-311.pyc (deflated 52%)
  adding: Excelerate.app/Contents/Resources/lib/python3.11/pandas/core/methods/__pycache__/describe.cpython-311.pyc (deflated 57%)
  adding: Excelerate.app/Contents/Resources/lib/python3.11/pandas/core/methods/__pycache__/to_dict.cpython-311.pyc (deflated 59%)
  adding: Excelerate.app/Contents/Resources/lib/python3.11/pandas/core/methods/__pycache__/__init__.cpython-311.pyc (deflated 18%)
  adding: Excelerate.app/Contents/Resources/lib/python3.11/pandas/core/methods/selectn.py (deflated 69%)
  adding: Excelerate.app/Contents/Resources/lib/python3.11/pandas/core/methods/to_dict.py (deflated 74%)
  adding: Excelerate.app/Contents/Resources/lib/python3.11/pandas/core/algorithms.py (deflated 73%)
  adding: Excelerate.app/Contents/Resources/lib/python3.11/pandas/core/resample.py (deflated 79%)
  adding: Excelerate.app/Contents/Resources/lib/python3.11/pandas/core/arraylike.py (deflated 73%)
  adding: Excelerate.app/Contents/Resources/lib/python3.11/pandas/core/util/ (stored 0%)
  adding: Excelerate.app/Contents/Resources/lib/python3.11/pandas/core/util/__init__.py (stored 0%)
  adding: Excelerate.app/Contents/Resources/lib/python3.11/pandas/core/util/__pycache__/ (stored 0%)
  adding: Excelerate.app/Contents/Resources/lib/python3.11/pandas/core/util/__pycache__/numba_.cpython-311.pyc (deflated 47%)
  adding: Excelerate.app/Contents/Resources/lib/python3.11/pandas/core/util/__pycache__/hashing.cpython-311.pyc (deflated 54%)
  adding: Excelerate.app/Contents/Resources/lib/python3.11/pandas/core/util/__pycache__/__init__.cpython-311.pyc (deflated 18%)
  adding: Excelerate.app/Contents/Resources/lib/python3.11/pandas/core/util/hashing.py (deflated 71%)
  adding: Excelerate.app/Contents/Resources/lib/python3.11/pandas/core/util/numba_.py (deflated 62%)
  adding: Excelerate.app/Contents/Resources/lib/python3.11/pandas/core/construction.py (deflated 73%)
  adding: Excelerate.app/Contents/Resources/lib/python3.11/pandas/core/config_init.py (deflated 74%)
  adding: Excelerate.app/Contents/Resources/lib/python3.11/pandas/core/flags.py (deflated 66%)
  adding: Excelerate.app/Contents/Resources/lib/python3.11/pandas/core/array_algos/ (stored 0%)
  adding: Excelerate.app/Contents/Resources/lib/python3.11/pandas/core/array_algos/transforms.py (deflated 59%)
  adding: Excelerate.app/Contents/Resources/lib/python3.11/pandas/core/array_algos/masked_accumulations.py (deflated 67%)
  adding: Excelerate.app/Contents/Resources/lib/python3.11/pandas/core/array_algos/quantile.py (deflated 72%)
  adding: Excelerate.app/Contents/Resources/lib/python3.11/pandas/core/array_algos/__init__.py (deflated 43%)
  adding: Excelerate.app/Contents/Resources/lib/python3.11/pandas/core/array_algos/__pycache__/ (stored 0%)
  adding: Excelerate.app/Contents/Resources/lib/python3.11/pandas/core/array_algos/__pycache__/take.cpython-311.pyc (deflated 62%)
  adding: Excelerate.app/Contents/Resources/lib/python3.11/pandas/core/array_algos/__pycache__/replace.cpython-311.pyc (deflated 51%)
  adding: Excelerate.app/Contents/Resources/lib/python3.11/pandas/core/array_algos/__pycache__/masked_reductions.cpython-311.pyc (deflated 61%)
  adding: Excelerate.app/Contents/Resources/lib/python3.11/pandas/core/array_algos/__pycache__/datetimelike_accumulations.cpython-311.pyc (deflated 50%)
  adding: Excelerate.app/Contents/Resources/lib/python3.11/pandas/core/array_algos/__pycache__/putmask.cpython-311.pyc (deflated 49%)
  adding: Excelerate.app/Contents/Resources/lib/python3.11/pandas/core/array_algos/__pycache__/masked_accumulations.cpython-311.pyc (deflated 53%)
  adding: Excelerate.app/Contents/Resources/lib/python3.11/pandas/core/array_algos/__pycache__/transforms.cpython-311.pyc (deflated 36%)
  adding: Excelerate.app/Contents/Resources/lib/python3.11/pandas/core/array_algos/__pycache__/quantile.cpython-311.pyc (deflated 56%)
  adding: Excelerate.app/Contents/Resources/lib/python3.11/pandas/core/array_algos/__pycache__/__init__.cpython-311.pyc (deflated 37%)
  adding: Excelerate.app/Contents/Resources/lib/python3.11/pandas/core/array_algos/masked_reductions.py (deflated 78%)
  adding: Excelerate.app/Contents/Resources/lib/python3.11/pandas/core/array_algos/take.py (deflated 79%)
  adding: Excelerate.app/Contents/Resources/lib/python3.11/pandas/core/array_algos/datetimelike_accumulations.py (deflated 62%)
  adding: Excelerate.app/Contents/Resources/lib/python3.11/pandas/core/array_algos/putmask.py (deflated 63%)
  adding: Excelerate.app/Contents/Resources/lib/python3.11/pandas/core/array_algos/replace.py (deflated 63%)
  adding: Excelerate.app/Contents/Resources/lib/python3.11/pandas/core/generic.py (deflated 79%)
  adding: Excelerate.app/Contents/Resources/lib/python3.11/pandas/core/series.py (deflated 78%)
  adding: Excelerate.app/Contents/Resources/lib/python3.11/pandas/core/sorting.py (deflated 70%)
  adding: Excelerate.app/Contents/Resources/lib/python3.11/pandas/core/interchange/ (stored 0%)
  adding: Excelerate.app/Contents/Resources/lib/python3.11/pandas/core/interchange/from_dataframe.py (deflated 71%)
  adding: Excelerate.app/Contents/Resources/lib/python3.11/pandas/core/interchange/dataframe.py (deflated 69%)
  adding: Excelerate.app/Contents/Resources/lib/python3.11/pandas/core/interchange/__init__.py (stored 0%)
  adding: Excelerate.app/Contents/Resources/lib/python3.11/pandas/core/interchange/__pycache__/ (stored 0%)
  adding: Excelerate.app/Contents/Resources/lib/python3.11/pandas/core/interchange/__pycache__/dataframe_protocol.cpython-311.pyc (deflated 65%)
  adding: Excelerate.app/Contents/Resources/lib/python3.11/pandas/core/interchange/__pycache__/from_dataframe.cpython-311.pyc (deflated 55%)
  adding: Excelerate.app/Contents/Resources/lib/python3.11/pandas/core/interchange/__pycache__/column.cpython-311.pyc (deflated 56%)
  adding: Excelerate.app/Contents/Resources/lib/python3.11/pandas/core/interchange/__pycache__/utils.cpython-311.pyc (deflated 48%)
  adding: Excelerate.app/Contents/Resources/lib/python3.11/pandas/core/interchange/__pycache__/dataframe.cpython-311.pyc (deflated 55%)
  adding: Excelerate.app/Contents/Resources/lib/python3.11/pandas/core/interchange/__pycache__/buffer.cpython-311.pyc (deflated 56%)
  adding: Excelerate.app/Contents/Resources/lib/python3.11/pandas/core/interchange/__pycache__/__init__.cpython-311.pyc (deflated 18%)
  adding: Excelerate.app/Contents/Resources/lib/python3.11/pandas/core/interchange/dataframe_protocol.py (deflated 70%)
  adding: Excelerate.app/Contents/Resources/lib/python3.11/pandas/core/interchange/utils.py (deflated 63%)
  adding: Excelerate.app/Contents/Resources/lib/python3.11/pandas/core/interchange/buffer.py (deflated 72%)
  adding: Excelerate.app/Contents/Resources/lib/python3.11/pandas/core/interchange/column.py (deflated 74%)
  adding: Excelerate.app/Contents/Resources/lib/python3.11/pandas/core/__init__.py (stored 0%)
  adding: Excelerate.app/Contents/Resources/lib/python3.11/pandas/core/__pycache__/ (stored 0%)
  adding: Excelerate.app/Contents/Resources/lib/python3.11/pandas/core/__pycache__/generic.cpython-311.pyc (deflated 68%)
  adding: Excelerate.app/Contents/Resources/lib/python3.11/pandas/core/__pycache__/api.cpython-311.pyc (deflated 59%)
  adding: Excelerate.app/Contents/Resources/lib/python3.11/pandas/core/__pycache__/base.cpython-311.pyc (deflated 64%)
  adding: Excelerate.app/Contents/Resources/lib/python3.11/pandas/core/__pycache__/missing.cpython-311.pyc (deflated 57%)
  adding: Excelerate.app/Contents/Resources/lib/python3.11/pandas/core/__pycache__/frame.cpython-311.pyc (deflated 66%)
  adding: Excelerate.app/Contents/Resources/lib/python3.11/pandas/core/__pycache__/apply.cpython-311.pyc (deflated 60%)
  adding: Excelerate.app/Contents/Resources/lib/python3.11/pandas/core/__pycache__/common.cpython-311.pyc (deflated 59%)
  adding: Excelerate.app/Contents/Resources/lib/python3.11/pandas/core/__pycache__/arraylike.cpython-311.pyc (deflated 64%)
  adding: Excelerate.app/Contents/Resources/lib/python3.11/pandas/core/__pycache__/series.cpython-311.pyc (deflated 68%)
  adding: Excelerate.app/Contents/Resources/lib/python3.11/pandas/core/__pycache__/sample.cpython-311.pyc (deflated 49%)
  adding: Excelerate.app/Contents/Resources/lib/python3.11/pandas/core/__pycache__/flags.cpython-311.pyc (deflated 54%)
  adding: Excelerate.app/Contents/Resources/lib/python3.11/pandas/core/__pycache__/roperator.cpython-311.pyc (deflated 57%)
  adding: Excelerate.app/Contents/Resources/lib/python3.11/pandas/core/__pycache__/resample.cpython-311.pyc (deflated 66%)
  adding: Excelerate.app/Contents/Resources/lib/python3.11/pandas/core/__pycache__/config_init.cpython-311.pyc (deflated 66%)
  adding: Excelerate.app/Contents/Resources/lib/python3.11/pandas/core/__pycache__/sorting.cpython-311.pyc (deflated 55%)
  adding: Excelerate.app/Contents/Resources/lib/python3.11/pandas/core/__pycache__/algorithms.cpython-311.pyc (deflated 59%)
  adding: Excelerate.app/Contents/Resources/lib/python3.11/pandas/core/__pycache__/nanops.cpython-311.pyc (deflated 63%)
  adding: Excelerate.app/Contents/Resources/lib/python3.11/pandas/core/__pycache__/indexing.cpython-311.pyc (deflated 64%)
  adding: Excelerate.app/Contents/Resources/lib/python3.11/pandas/core/__pycache__/construction.cpython-311.pyc (deflated 59%)
  adding: Excelerate.app/Contents/Resources/lib/python3.11/pandas/core/__pycache__/__init__.cpython-311.pyc (deflated 18%)
  adding: Excelerate.app/Contents/Resources/lib/python3.11/pandas/core/__pycache__/accessor.cpython-311.pyc (deflated 59%)
  adding: Excelerate.app/Contents/Resources/lib/python3.11/pandas/core/__pycache__/shared_docs.cpython-311.pyc (deflated 70%)
  adding: Excelerate.app/Contents/Resources/lib/python3.11/pandas/core/dtypes/ (stored 0%)
  adding: Excelerate.app/Contents/Resources/lib/python3.11/pandas/core/dtypes/astype.py (deflated 69%)
  adding: Excelerate.app/Contents/Resources/lib/python3.11/pandas/core/dtypes/cast.py (deflated 75%)
  adding: Excelerate.app/Contents/Resources/lib/python3.11/pandas/core/dtypes/missing.py (deflated 74%)
  adding: Excelerate.app/Contents/Resources/lib/python3.11/pandas/core/dtypes/concat.py (deflated 70%)
  adding: Excelerate.app/Contents/Resources/lib/python3.11/pandas/core/dtypes/generic.py (deflated 74%)
  adding: Excelerate.app/Contents/Resources/lib/python3.11/pandas/core/dtypes/__init__.py (stored 0%)
  adding: Excelerate.app/Contents/Resources/lib/python3.11/pandas/core/dtypes/dtypes.py (deflated 77%)
  adding: Excelerate.app/Contents/Resources/lib/python3.11/pandas/core/dtypes/__pycache__/ (stored 0%)
  adding: Excelerate.app/Contents/Resources/lib/python3.11/pandas/core/dtypes/__pycache__/generic.cpython-311.pyc (deflated 56%)
  adding: Excelerate.app/Contents/Resources/lib/python3.11/pandas/core/dtypes/__pycache__/api.cpython-311.pyc (deflated 58%)
  adding: Excelerate.app/Contents/Resources/lib/python3.11/pandas/core/dtypes/__pycache__/base.cpython-311.pyc (deflated 61%)
  adding: Excelerate.app/Contents/Resources/lib/python3.11/pandas/core/dtypes/__pycache__/inference.cpython-311.pyc (deflated 65%)
  adding: Excelerate.app/Contents/Resources/lib/python3.11/pandas/core/dtypes/__pycache__/missing.cpython-311.pyc (deflated 61%)
  adding: Excelerate.app/Contents/Resources/lib/python3.11/pandas/core/dtypes/__pycache__/common.cpython-311.pyc (deflated 72%)
  adding: Excelerate.app/Contents/Resources/lib/python3.11/pandas/core/dtypes/__pycache__/cast.cpython-311.pyc (deflated 60%)
  adding: Excelerate.app/Contents/Resources/lib/python3.11/pandas/core/dtypes/__pycache__/dtypes.cpython-311.pyc (deflated 63%)
  adding: Excelerate.app/Contents/Resources/lib/python3.11/pandas/core/dtypes/__pycache__/astype.cpython-311.pyc (deflated 52%)
  adding: Excelerate.app/Contents/Resources/lib/python3.11/pandas/core/dtypes/__pycache__/concat.cpython-311.pyc (deflated 58%)
  adding: Excelerate.app/Contents/Resources/lib/python3.11/pandas/core/dtypes/__pycache__/__init__.cpython-311.pyc (deflated 18%)
  adding: Excelerate.app/Contents/Resources/lib/python3.11/pandas/core/dtypes/api.py (deflated 77%)
  adding: Excelerate.app/Contents/Resources/lib/python3.11/pandas/core/dtypes/common.py (deflated 82%)
  adding: Excelerate.app/Contents/Resources/lib/python3.11/pandas/core/dtypes/inference.py (deflated 75%)
  adding: Excelerate.app/Contents/Resources/lib/python3.11/pandas/core/dtypes/base.py (deflated 70%)
  adding: Excelerate.app/Contents/Resources/lib/python3.11/pandas/core/groupby/ (stored 0%)
  adding: Excelerate.app/Contents/Resources/lib/python3.11/pandas/core/groupby/categorical.py (deflated 63%)
  adding: Excelerate.app/Contents/Resources/lib/python3.11/pandas/core/groupby/generic.py (deflated 76%)
  adding: Excelerate.app/Contents/Resources/lib/python3.11/pandas/core/groupby/__init__.py (deflated 54%)
  adding: Excelerate.app/Contents/Resources/lib/python3.11/pandas/core/groupby/__pycache__/ (stored 0%)
  adding: Excelerate.app/Contents/Resources/lib/python3.11/pandas/core/groupby/__pycache__/groupby.cpython-311.pyc (deflated 67%)
  adding: Excelerate.app/Contents/Resources/lib/python3.11/pandas/core/groupby/__pycache__/generic.cpython-311.pyc (deflated 63%)
  adding: Excelerate.app/Contents/Resources/lib/python3.11/pandas/core/groupby/__pycache__/base.cpython-311.pyc (deflated 38%)
  adding: Excelerate.app/Contents/Resources/lib/python3.11/pandas/core/groupby/__pycache__/grouper.cpython-311.pyc (deflated 59%)
  adding: Excelerate.app/Contents/Resources/lib/python3.11/pandas/core/groupby/__pycache__/numba_.cpython-311.pyc (deflated 60%)
  adding: Excelerate.app/Contents/Resources/lib/python3.11/pandas/core/groupby/__pycache__/categorical.cpython-311.pyc (deflated 49%)
  adding: Excelerate.app/Contents/Resources/lib/python3.11/pandas/core/groupby/__pycache__/ops.cpython-311.pyc (deflated 58%)
  adding: Excelerate.app/Contents/Resources/lib/python3.11/pandas/core/groupby/__pycache__/indexing.cpython-311.pyc (deflated 60%)
  adding: Excelerate.app/Contents/Resources/lib/python3.11/pandas/core/groupby/__pycache__/__init__.cpython-311.pyc (deflated 41%)
  adding: Excelerate.app/Contents/Resources/lib/python3.11/pandas/core/groupby/ops.py (deflated 75%)
  adding: Excelerate.app/Contents/Resources/lib/python3.11/pandas/core/groupby/grouper.py (deflated 74%)
  adding: Excelerate.app/Contents/Resources/lib/python3.11/pandas/core/groupby/indexing.py (deflated 74%)
  adding: Excelerate.app/Contents/Resources/lib/python3.11/pandas/core/groupby/groupby.py (deflated 79%)
  adding: Excelerate.app/Contents/Resources/lib/python3.11/pandas/core/groupby/numba_.py (deflated 75%)
  adding: Excelerate.app/Contents/Resources/lib/python3.11/pandas/core/groupby/base.py (deflated 61%)
  adding: Excelerate.app/Contents/Resources/lib/python3.11/pandas/core/api.py (deflated 73%)
  adding: Excelerate.app/Contents/Resources/lib/python3.11/pandas/core/internals/ (stored 0%)
  adding: Excelerate.app/Contents/Resources/lib/python3.11/pandas/core/internals/concat.py (deflated 71%)
  adding: Excelerate.app/Contents/Resources/lib/python3.11/pandas/core/internals/construction.py (deflated 73%)
  adding: Excelerate.app/Contents/Resources/lib/python3.11/pandas/core/internals/__init__.py (deflated 74%)
  adding: Excelerate.app/Contents/Resources/lib/python3.11/pandas/core/internals/array_manager.py (deflated 76%)
  adding: Excelerate.app/Contents/Resources/lib/python3.11/pandas/core/internals/__pycache__/ (stored 0%)
  adding: Excelerate.app/Contents/Resources/lib/python3.11/pandas/core/internals/__pycache__/api.cpython-311.pyc (deflated 47%)
  adding: Excelerate.app/Contents/Resources/lib/python3.11/pandas/core/internals/__pycache__/base.cpython-311.pyc (deflated 58%)
  adding: Excelerate.app/Contents/Resources/lib/python3.11/pandas/core/internals/__pycache__/managers.cpython-311.pyc (deflated 58%)
  adding: Excelerate.app/Contents/Resources/lib/python3.11/pandas/core/internals/__pycache__/blocks.cpython-311.pyc (deflated 60%)
  adding: Excelerate.app/Contents/Resources/lib/python3.11/pandas/core/internals/__pycache__/ops.cpython-311.pyc (deflated 48%)
  adding: Excelerate.app/Contents/Resources/lib/python3.11/pandas/core/internals/__pycache__/array_manager.cpython-311.pyc (deflated 60%)
  adding: Excelerate.app/Contents/Resources/lib/python3.11/pandas/core/internals/__pycache__/concat.cpython-311.pyc (deflated 57%)
  adding: Excelerate.app/Contents/Resources/lib/python3.11/pandas/core/internals/__pycache__/construction.cpython-311.pyc (deflated 57%)
  adding: Excelerate.app/Contents/Resources/lib/python3.11/pandas/core/internals/__pycache__/__init__.cpython-311.pyc (deflated 49%)
  adding: Excelerate.app/Contents/Resources/lib/python3.11/pandas/core/internals/api.py (deflated 66%)
  adding: Excelerate.app/Contents/Resources/lib/python3.11/pandas/core/internals/ops.py (deflated 70%)
  adding: Excelerate.app/Contents/Resources/lib/python3.11/pandas/core/internals/blocks.py (deflated 78%)
  adding: Excelerate.app/Contents/Resources/lib/python3.11/pandas/core/internals/base.py (deflated 72%)
  adding: Excelerate.app/Contents/Resources/lib/python3.11/pandas/core/internals/managers.py (deflated 75%)
  adding: Excelerate.app/Contents/Resources/lib/python3.11/pandas/core/computation/ (stored 0%)
  adding: Excelerate.app/Contents/Resources/lib/python3.11/pandas/core/computation/parsing.py (deflated 65%)
  adding: Excelerate.app/Contents/Resources/lib/python3.11/pandas/core/computation/check.py (deflated 32%)
  adding: Excelerate.app/Contents/Resources/lib/python3.11/pandas/core/computation/align.py (deflated 65%)
  adding: Excelerate.app/Contents/Resources/lib/python3.11/pandas/core/computation/pytables.py (deflated 74%)
  adding: Excelerate.app/Contents/Resources/lib/python3.11/pandas/core/computation/engines.py (deflated 63%)
  adding: Excelerate.app/Contents/Resources/lib/python3.11/pandas/core/computation/expressions.py (deflated 67%)
  adding: Excelerate.app/Contents/Resources/lib/python3.11/pandas/core/computation/__init__.py (stored 0%)
  adding: Excelerate.app/Contents/Resources/lib/python3.11/pandas/core/computation/__pycache__/ (stored 0%)
  adding: Excelerate.app/Contents/Resources/lib/python3.11/pandas/core/computation/__pycache__/expressions.cpython-311.pyc (deflated 49%)
  adding: Excelerate.app/Contents/Resources/lib/python3.11/pandas/core/computation/__pycache__/api.cpython-311.pyc (deflated 21%)
  adding: Excelerate.app/Contents/Resources/lib/python3.11/pandas/core/computation/__pycache__/pytables.cpython-311.pyc (deflated 58%)
  adding: Excelerate.app/Contents/Resources/lib/python3.11/pandas/core/computation/__pycache__/check.cpython-311.pyc (deflated 20%)
  adding: Excelerate.app/Contents/Resources/lib/python3.11/pandas/core/computation/__pycache__/common.cpython-311.pyc (deflated 42%)
  adding: Excelerate.app/Contents/Resources/lib/python3.11/pandas/core/computation/__pycache__/scope.cpython-311.pyc (deflated 53%)
  adding: Excelerate.app/Contents/Resources/lib/python3.11/pandas/core/computation/__pycache__/engines.cpython-311.pyc (deflated 51%)
  adding: Excelerate.app/Contents/Resources/lib/python3.11/pandas/core/computation/__pycache__/ops.cpython-311.pyc (deflated 59%)
  adding: Excelerate.app/Contents/Resources/lib/python3.11/pandas/core/computation/__pycache__/eval.cpython-311.pyc (deflated 54%)
  adding: Excelerate.app/Contents/Resources/lib/python3.11/pandas/core/computation/__pycache__/align.cpython-311.pyc (deflated 51%)
  adding: Excelerate.app/Contents/Resources/lib/python3.11/pandas/core/computation/__pycache__/parsing.cpython-311.pyc (deflated 51%)
  adding: Excelerate.app/Contents/Resources/lib/python3.11/pandas/core/computation/__pycache__/__init__.cpython-311.pyc (deflated 19%)
  adding: Excelerate.app/Contents/Resources/lib/python3.11/pandas/core/computation/__pycache__/expr.cpython-311.pyc (deflated 58%)
  adding: Excelerate.app/Contents/Resources/lib/python3.11/pandas/core/computation/api.py (deflated 6%)
  adding: Excelerate.app/Contents/Resources/lib/python3.11/pandas/core/computation/ops.py (deflated 73%)
  adding: Excelerate.app/Contents/Resources/lib/python3.11/pandas/core/computation/common.py (deflated 64%)
  adding: Excelerate.app/Contents/Resources/lib/python3.11/pandas/core/computation/eval.py (deflated 67%)
  adding: Excelerate.app/Contents/Resources/lib/python3.11/pandas/core/computation/scope.py (deflated 68%)
  adding: Excelerate.app/Contents/Resources/lib/python3.11/pandas/core/computation/expr.py (deflated 73%)
  adding: Excelerate.app/Contents/Resources/lib/python3.11/pandas/core/common.py (deflated 70%)
  adding: Excelerate.app/Contents/Resources/lib/python3.11/pandas/core/_numba/ (stored 0%)
  adding: Excelerate.app/Contents/Resources/lib/python3.11/pandas/core/_numba/kernels/ (stored 0%)
  adding: Excelerate.app/Contents/Resources/lib/python3.11/pandas/core/_numba/kernels/sum_.py (deflated 78%)
  adding: Excelerate.app/Contents/Resources/lib/python3.11/pandas/core/_numba/kernels/min_max_.py (deflated 66%)
  adding: Excelerate.app/Contents/Resources/lib/python3.11/pandas/core/_numba/kernels/__init__.py (deflated 70%)
  adding: Excelerate.app/Contents/Resources/lib/python3.11/pandas/core/_numba/kernels/mean_.py (deflated 77%)
  adding: Excelerate.app/Contents/Resources/lib/python3.11/pandas/core/_numba/kernels/__pycache__/ (stored 0%)
  adding: Excelerate.app/Contents/Resources/lib/python3.11/pandas/core/_numba/kernels/__pycache__/var_.cpython-311.pyc (deflated 50%)
  adding: Excelerate.app/Contents/Resources/lib/python3.11/pandas/core/_numba/kernels/__pycache__/shared.cpython-311.pyc (deflated 32%)
  adding: Excelerate.app/Contents/Resources/lib/python3.11/pandas/core/_numba/kernels/__pycache__/sum_.cpython-311.pyc (deflated 50%)
  adding: Excelerate.app/Contents/Resources/lib/python3.11/pandas/core/_numba/kernels/__pycache__/mean_.cpython-311.pyc (deflated 49%)
  adding: Excelerate.app/Contents/Resources/lib/python3.11/pandas/core/_numba/kernels/__pycache__/min_max_.cpython-311.pyc (deflated 52%)
  adding: Excelerate.app/Contents/Resources/lib/python3.11/pandas/core/_numba/kernels/__pycache__/__init__.cpython-311.pyc (deflated 52%)
  adding: Excelerate.app/Contents/Resources/lib/python3.11/pandas/core/_numba/kernels/shared.py (deflated 45%)
  adding: Excelerate.app/Contents/Resources/lib/python3.11/pandas/core/_numba/kernels/var_.py (deflated 79%)
  adding: Excelerate.app/Contents/Resources/lib/python3.11/pandas/core/_numba/__init__.py (stored 0%)
  adding: Excelerate.app/Contents/Resources/lib/python3.11/pandas/core/_numba/__pycache__/ (stored 0%)
  adding: Excelerate.app/Contents/Resources/lib/python3.11/pandas/core/_numba/__pycache__/executor.cpython-311.pyc (deflated 61%)
  adding: Excelerate.app/Contents/Resources/lib/python3.11/pandas/core/_numba/__pycache__/extensions.cpython-311.pyc (deflated 62%)
  adding: Excelerate.app/Contents/Resources/lib/python3.11/pandas/core/_numba/__pycache__/__init__.cpython-311.pyc (deflated 18%)
  adding: Excelerate.app/Contents/Resources/lib/python3.11/pandas/core/_numba/extensions.py (deflated 74%)
  adding: Excelerate.app/Contents/Resources/lib/python3.11/pandas/core/_numba/executor.py (deflated 74%)
  adding: Excelerate.app/Contents/Resources/lib/python3.11/pandas/core/window/ (stored 0%)
  adding: Excelerate.app/Contents/Resources/lib/python3.11/pandas/core/window/ewm.py (deflated 78%)
  adding: Excelerate.app/Contents/Resources/lib/python3.11/pandas/core/window/online.py (deflated 68%)
  adding: Excelerate.app/Contents/Resources/lib/python3.11/pandas/core/window/__init__.py (deflated 65%)
  adding: Excelerate.app/Contents/Resources/lib/python3.11/pandas/core/window/__pycache__/ (stored 0%)
  adding: Excelerate.app/Contents/Resources/lib/python3.11/pandas/core/window/__pycache__/common.cpython-311.pyc (deflated 52%)
  adding: Excelerate.app/Contents/Resources/lib/python3.11/pandas/core/window/__pycache__/ewm.cpython-311.pyc (deflated 63%)
  adding: Excelerate.app/Contents/Resources/lib/python3.11/pandas/core/window/__pycache__/rolling.cpython-311.pyc (deflated 65%)
  adding: Excelerate.app/Contents/Resources/lib/python3.11/pandas/core/window/__pycache__/numba_.cpython-311.pyc (deflated 61%)
  adding: Excelerate.app/Contents/Resources/lib/python3.11/pandas/core/window/__pycache__/expanding.cpython-311.pyc (deflated 71%)
  adding: Excelerate.app/Contents/Resources/lib/python3.11/pandas/core/window/__pycache__/online.cpython-311.pyc (deflated 48%)
  adding: Excelerate.app/Contents/Resources/lib/python3.11/pandas/core/window/__pycache__/__init__.cpython-311.pyc (deflated 46%)
  adding: Excelerate.app/Contents/Resources/lib/python3.11/pandas/core/window/__pycache__/doc.cpython-311.pyc (deflated 60%)
  adding: Excelerate.app/Contents/Resources/lib/python3.11/pandas/core/window/rolling.py (deflated 81%)
  adding: Excelerate.app/Contents/Resources/lib/python3.11/pandas/core/window/common.py (deflated 75%)
  adding: Excelerate.app/Contents/Resources/lib/python3.11/pandas/core/window/doc.py (deflated 67%)
  adding: Excelerate.app/Contents/Resources/lib/python3.11/pandas/core/window/numba_.py (deflated 81%)
  adding: Excelerate.app/Contents/Resources/lib/python3.11/pandas/core/window/expanding.py (deflated 83%)
  adding: Excelerate.app/Contents/Resources/lib/python3.11/pandas/core/arrays/ (stored 0%)
  adding: Excelerate.app/Contents/Resources/lib/python3.11/pandas/core/arrays/floating.py (deflated 62%)
  adding: Excelerate.app/Contents/Resources/lib/python3.11/pandas/core/arrays/categorical.py (deflated 76%)
  adding: Excelerate.app/Contents/Resources/lib/python3.11/pandas/core/arrays/interval.py (deflated 78%)
  adding: Excelerate.app/Contents/Resources/lib/python3.11/pandas/core/arrays/_arrow_string_mixins.py (deflated 67%)
  adding: Excelerate.app/Contents/Resources/lib/python3.11/pandas/core/arrays/arrow/ (stored 0%)
  adding: Excelerate.app/Contents/Resources/lib/python3.11/pandas/core/arrays/arrow/accessors.py (deflated 78%)
  adding: Excelerate.app/Contents/Resources/lib/python3.11/pandas/core/arrays/arrow/_arrow_utils.py (deflated 57%)
  adding: Excelerate.app/Contents/Resources/lib/python3.11/pandas/core/arrays/arrow/__init__.py (deflated 45%)
  adding: Excelerate.app/Contents/Resources/lib/python3.11/pandas/core/arrays/arrow/extension_types.py (deflated 71%)
  adding: Excelerate.app/Contents/Resources/lib/python3.11/pandas/core/arrays/arrow/__pycache__/ (stored 0%)
  adding: Excelerate.app/Contents/Resources/lib/python3.11/pandas/core/arrays/arrow/__pycache__/extension_types.cpython-311.pyc (deflated 57%)
  adding: Excelerate.app/Contents/Resources/lib/python3.11/pandas/core/arrays/arrow/__pycache__/array.cpython-311.pyc (deflated 65%)
  adding: Excelerate.app/Contents/Resources/lib/python3.11/pandas/core/arrays/arrow/__pycache__/_arrow_utils.cpython-311.pyc (deflated 45%)
  adding: Excelerate.app/Contents/Resources/lib/python3.11/pandas/core/arrays/arrow/__pycache__/accessors.cpython-311.pyc (deflated 65%)
  adding: Excelerate.app/Contents/Resources/lib/python3.11/pandas/core/arrays/arrow/__pycache__/__init__.cpython-311.pyc (deflated 34%)
  adding: Excelerate.app/Contents/Resources/lib/python3.11/pandas/core/arrays/arrow/array.py (deflated 79%)
  adding: Excelerate.app/Contents/Resources/lib/python3.11/pandas/core/arrays/timedeltas.py (deflated 76%)
  adding: Excelerate.app/Contents/Resources/lib/python3.11/pandas/core/arrays/datetimes.py (deflated 77%)
  adding: Excelerate.app/Contents/Resources/lib/python3.11/pandas/core/arrays/string_.py (deflated 73%)
  adding: Excelerate.app/Contents/Resources/lib/python3.11/pandas/core/arrays/__init__.py (deflated 75%)
  adding: Excelerate.app/Contents/Resources/lib/python3.11/pandas/core/arrays/numpy_.py (deflated 78%)
  adding: Excelerate.app/Contents/Resources/lib/python3.11/pandas/core/arrays/_ranges.py (deflated 67%)
  adding: Excelerate.app/Contents/Resources/lib/python3.11/pandas/core/arrays/__pycache__/ (stored 0%)
  adding: Excelerate.app/Contents/Resources/lib/python3.11/pandas/core/arrays/__pycache__/datetimelike.cpython-311.pyc (deflated 62%)
  adding: Excelerate.app/Contents/Resources/lib/python3.11/pandas/core/arrays/__pycache__/period.cpython-311.pyc (deflated 59%)
  adding: Excelerate.app/Contents/Resources/lib/python3.11/pandas/core/arrays/__pycache__/masked.cpython-311.pyc (deflated 61%)
  adding: Excelerate.app/Contents/Resources/lib/python3.11/pandas/core/arrays/__pycache__/base.cpython-311.pyc (deflated 67%)
  adding: Excelerate.app/Contents/Resources/lib/python3.11/pandas/core/arrays/__pycache__/floating.cpython-311.pyc (deflated 55%)
  adding: Excelerate.app/Contents/Resources/lib/python3.11/pandas/core/arrays/__pycache__/string_arrow.cpython-311.pyc (deflated 62%)
  adding: Excelerate.app/Contents/Resources/lib/python3.11/pandas/core/arrays/__pycache__/string_.cpython-311.pyc (deflated 58%)
  adding: Excelerate.app/Contents/Resources/lib/python3.11/pandas/core/arrays/__pycache__/numpy_.cpython-311.pyc (deflated 62%)
  adding: Excelerate.app/Contents/Resources/lib/python3.11/pandas/core/arrays/__pycache__/_arrow_string_mixins.cpython-311.pyc (deflated 53%)
  adding: Excelerate.app/Contents/Resources/lib/python3.11/pandas/core/arrays/__pycache__/_utils.cpython-311.pyc (deflated 45%)
  adding: Excelerate.app/Contents/Resources/lib/python3.11/pandas/core/arrays/__pycache__/boolean.cpython-311.pyc (deflated 54%)
  adding: Excelerate.app/Contents/Resources/lib/python3.11/pandas/core/arrays/__pycache__/categorical.cpython-311.pyc (deflated 64%)
  adding: Excelerate.app/Contents/Resources/lib/python3.11/pandas/core/arrays/__pycache__/_mixins.cpython-311.pyc (deflated 58%)
  adding: Excelerate.app/Contents/Resources/lib/python3.11/pandas/core/arrays/__pycache__/interval.cpython-311.pyc (deflated 64%)
  adding: Excelerate.app/Contents/Resources/lib/python3.11/pandas/core/arrays/__pycache__/integer.cpython-311.pyc (deflated 65%)
  adding: Excelerate.app/Contents/Resources/lib/python3.11/pandas/core/arrays/__pycache__/datetimes.cpython-311.pyc (deflated 66%)
  adding: Excelerate.app/Contents/Resources/lib/python3.11/pandas/core/arrays/__pycache__/timedeltas.cpython-311.pyc (deflated 61%)
  adding: Excelerate.app/Contents/Resources/lib/python3.11/pandas/core/arrays/__pycache__/_ranges.cpython-311.pyc (deflated 50%)
  adding: Excelerate.app/Contents/Resources/lib/python3.11/pandas/core/arrays/__pycache__/numeric.cpython-311.pyc (deflated 51%)
  adding: Excelerate.app/Contents/Resources/lib/python3.11/pandas/core/arrays/__pycache__/__init__.cpython-311.pyc (deflated 56%)
  adding: Excelerate.app/Contents/Resources/lib/python3.11/pandas/core/arrays/string_arrow.py (deflated 78%)
  adding: Excelerate.app/Contents/Resources/lib/python3.11/pandas/core/arrays/boolean.py (deflated 71%)
  adding: Excelerate.app/Contents/Resources/lib/python3.11/pandas/core/arrays/integer.py (deflated 70%)
  adding: Excelerate.app/Contents/Resources/lib/python3.11/pandas/core/arrays/masked.py (deflated 77%)
  adding: Excelerate.app/Contents/Resources/lib/python3.11/pandas/core/arrays/period.py (deflated 74%)
  adding: Excelerate.app/Contents/Resources/lib/python3.11/pandas/core/arrays/numeric.py (deflated 69%)
  adding: Excelerate.app/Contents/Resources/lib/python3.11/pandas/core/arrays/datetimelike.py (deflated 77%)
  adding: Excelerate.app/Contents/Resources/lib/python3.11/pandas/core/arrays/sparse/ (stored 0%)
  adding: Excelerate.app/Contents/Resources/lib/python3.11/pandas/core/arrays/sparse/accessor.py (deflated 72%)
  adding: Excelerate.app/Contents/Resources/lib/python3.11/pandas/core/arrays/sparse/scipy_sparse.py (deflated 68%)
  adding: Excelerate.app/Contents/Resources/lib/python3.11/pandas/core/arrays/sparse/__init__.py (deflated 57%)
  adding: Excelerate.app/Contents/Resources/lib/python3.11/pandas/core/arrays/sparse/__pycache__/ (stored 0%)
  adding: Excelerate.app/Contents/Resources/lib/python3.11/pandas/core/arrays/sparse/__pycache__/scipy_sparse.cpython-311.pyc (deflated 54%)
  adding: Excelerate.app/Contents/Resources/lib/python3.11/pandas/core/arrays/sparse/__pycache__/array.cpython-311.pyc (deflated 60%)
  adding: Excelerate.app/Contents/Resources/lib/python3.11/pandas/core/arrays/sparse/__pycache__/__init__.cpython-311.pyc (deflated 42%)
  adding: Excelerate.app/Contents/Resources/lib/python3.11/pandas/core/arrays/sparse/__pycache__/accessor.cpython-311.pyc (deflated 60%)
  adding: Excelerate.app/Contents/Resources/lib/python3.11/pandas/core/arrays/sparse/array.py (deflated 76%)
  adding: Excelerate.app/Contents/Resources/lib/python3.11/pandas/core/arrays/base.py (deflated 75%)
  adding: Excelerate.app/Contents/Resources/lib/python3.11/pandas/core/arrays/_mixins.py (deflated 74%)
  adding: Excelerate.app/Contents/Resources/lib/python3.11/pandas/core/arrays/_utils.py (deflated 69%)
  adding: Excelerate.app/Contents/Resources/lib/python3.11/pandas/core/frame.py (deflated 77%)
  adding: Excelerate.app/Contents/Resources/lib/python3.11/pandas/core/shared_docs.py (deflated 71%)
  adding: Excelerate.app/Contents/Resources/lib/python3.11/pandas/core/sample.py (deflated 66%)
  adding: Excelerate.app/Contents/Resources/lib/python3.11/pandas/core/ops/ (stored 0%)
  adding: Excelerate.app/Contents/Resources/lib/python3.11/pandas/core/ops/array_ops.py (deflated 71%)
  adding: Excelerate.app/Contents/Resources/lib/python3.11/pandas/core/ops/missing.py (deflated 67%)
  adding: Excelerate.app/Contents/Resources/lib/python3.11/pandas/core/ops/dispatch.py (deflated 49%)
  adding: Excelerate.app/Contents/Resources/lib/python3.11/pandas/core/ops/invalid.py (deflated 56%)
  adding: Excelerate.app/Contents/Resources/lib/python3.11/pandas/core/ops/__init__.py (deflated 67%)
  adding: Excelerate.app/Contents/Resources/lib/python3.11/pandas/core/ops/__pycache__/ (stored 0%)
  adding: Excelerate.app/Contents/Resources/lib/python3.11/pandas/core/ops/__pycache__/missing.cpython-311.pyc (deflated 53%)
  adding: Excelerate.app/Contents/Resources/lib/python3.11/pandas/core/ops/__pycache__/docstrings.cpython-311.pyc (deflated 66%)
  adding: Excelerate.app/Contents/Resources/lib/python3.11/pandas/core/ops/__pycache__/dispatch.cpython-311.pyc (deflated 39%)
  adding: Excelerate.app/Contents/Resources/lib/python3.11/pandas/core/ops/__pycache__/common.cpython-311.pyc (deflated 50%)
  adding: Excelerate.app/Contents/Resources/lib/python3.11/pandas/core/ops/__pycache__/array_ops.cpython-311.pyc (deflated 56%)
  adding: Excelerate.app/Contents/Resources/lib/python3.11/pandas/core/ops/__pycache__/invalid.cpython-311.pyc (deflated 44%)
  adding: Excelerate.app/Contents/Resources/lib/python3.11/pandas/core/ops/__pycache__/__init__.cpython-311.pyc (deflated 50%)
  adding: Excelerate.app/Contents/Resources/lib/python3.11/pandas/core/ops/__pycache__/mask_ops.cpython-311.pyc (deflated 61%)
  adding: Excelerate.app/Contents/Resources/lib/python3.11/pandas/core/ops/docstrings.py (deflated 77%)
  adding: Excelerate.app/Contents/Resources/lib/python3.11/pandas/core/ops/mask_ops.py (deflated 79%)
  adding: Excelerate.app/Contents/Resources/lib/python3.11/pandas/core/ops/common.py (deflated 65%)
  adding: Excelerate.app/Contents/Resources/lib/python3.11/pandas/core/sparse/ (stored 0%)
  adding: Excelerate.app/Contents/Resources/lib/python3.11/pandas/core/sparse/__init__.py (stored 0%)
  adding: Excelerate.app/Contents/Resources/lib/python3.11/pandas/core/sparse/__pycache__/ (stored 0%)
  adding: Excelerate.app/Contents/Resources/lib/python3.11/pandas/core/sparse/__pycache__/api.cpython-311.pyc (deflated 29%)
  adding: Excelerate.app/Contents/Resources/lib/python3.11/pandas/core/sparse/__pycache__/__init__.cpython-311.pyc (deflated 18%)
  adding: Excelerate.app/Contents/Resources/lib/python3.11/pandas/core/sparse/api.py (deflated 38%)
  adding: Excelerate.app/Contents/Resources/lib/python3.11/pandas/core/indexing.py (deflated 77%)
  adding: Excelerate.app/Contents/Resources/lib/python3.11/pandas/core/base.py (deflated 74%)
  adding: Excelerate.app/Contents/Resources/lib/python3.11/pandas/core/apply.py (deflated 76%)
  adding: Excelerate.app/Contents/Resources/lib/python3.11/pandas/core/indexes/ (stored 0%)
  adding: Excelerate.app/Contents/Resources/lib/python3.11/pandas/core/indexes/accessors.py (deflated 80%)
  adding: Excelerate.app/Contents/Resources/lib/python3.11/pandas/core/indexes/interval.py (deflated 75%)
  adding: Excelerate.app/Contents/Resources/lib/python3.11/pandas/core/indexes/timedeltas.py (deflated 69%)
  adding: Excelerate.app/Contents/Resources/lib/python3.11/pandas/core/indexes/range.py (deflated 75%)
  adding: Excelerate.app/Contents/Resources/lib/python3.11/pandas/core/indexes/datetimes.py (deflated 74%)
  adding: Excelerate.app/Contents/Resources/lib/python3.11/pandas/core/indexes/multi.py (deflated 78%)
  adding: Excelerate.app/Contents/Resources/lib/python3.11/pandas/core/indexes/__init__.py (stored 0%)
  adding: Excelerate.app/Contents/Resources/lib/python3.11/pandas/core/indexes/__pycache__/ (stored 0%)
  adding: Excelerate.app/Contents/Resources/lib/python3.11/pandas/core/indexes/__pycache__/datetimelike.cpython-311.pyc (deflated 58%)
  adding: Excelerate.app/Contents/Resources/lib/python3.11/pandas/core/indexes/__pycache__/period.cpython-311.pyc (deflated 57%)
  adding: Excelerate.app/Contents/Resources/lib/python3.11/pandas/core/indexes/__pycache__/api.cpython-311.pyc (deflated 58%)
  adding: Excelerate.app/Contents/Resources/lib/python3.11/pandas/core/indexes/__pycache__/base.cpython-311.pyc (deflated 65%)
  adding: Excelerate.app/Contents/Resources/lib/python3.11/pandas/core/indexes/__pycache__/multi.cpython-311.pyc (deflated 63%)
  adding: Excelerate.app/Contents/Resources/lib/python3.11/pandas/core/indexes/__pycache__/category.cpython-311.pyc (deflated 61%)
  adding: Excelerate.app/Contents/Resources/lib/python3.11/pandas/core/indexes/__pycache__/frozen.cpython-311.pyc (deflated 56%)
  adding: Excelerate.app/Contents/Resources/lib/python3.11/pandas/core/indexes/__pycache__/range.cpython-311.pyc (deflated 59%)
  adding: Excelerate.app/Contents/Resources/lib/python3.11/pandas/core/indexes/__pycache__/extension.cpython-311.pyc (deflated 53%)
  adding: Excelerate.app/Contents/Resources/lib/python3.11/pandas/core/indexes/__pycache__/interval.cpython-311.pyc (deflated 61%)
  adding: Excelerate.app/Contents/Resources/lib/python3.11/pandas/core/indexes/__pycache__/accessors.cpython-311.pyc (deflated 67%)
  adding: Excelerate.app/Contents/Resources/lib/python3.11/pandas/core/indexes/__pycache__/datetimes.cpython-311.pyc (deflated 61%)
  adding: Excelerate.app/Contents/Resources/lib/python3.11/pandas/core/indexes/__pycache__/timedeltas.cpython-311.pyc (deflated 57%)
  adding: Excelerate.app/Contents/Resources/lib/python3.11/pandas/core/indexes/__pycache__/__init__.cpython-311.pyc (deflated 18%)
  adding: Excelerate.app/Contents/Resources/lib/python3.11/pandas/core/indexes/api.py (deflated 71%)
  adding: Excelerate.app/Contents/Resources/lib/python3.11/pandas/core/indexes/period.py (deflated 72%)
  adding: Excelerate.app/Contents/Resources/lib/python3.11/pandas/core/indexes/frozen.py (deflated 64%)
  adding: Excelerate.app/Contents/Resources/lib/python3.11/pandas/core/indexes/extension.py (deflated 70%)
  adding: Excelerate.app/Contents/Resources/lib/python3.11/pandas/core/indexes/datetimelike.py (deflated 73%)
  adding: Excelerate.app/Contents/Resources/lib/python3.11/pandas/core/indexes/base.py (deflated 77%)
  adding: Excelerate.app/Contents/Resources/lib/python3.11/pandas/core/indexes/category.py (deflated 73%)
  adding: Excelerate.app/Contents/Resources/lib/python3.11/pandas/_typing.py (deflated 67%)
  adding: Excelerate.app/Contents/Resources/lib/python3.11/pandas/util/ (stored 0%)
  adding: Excelerate.app/Contents/Resources/lib/python3.11/pandas/util/_test_decorators.py (deflated 65%)
  adding: Excelerate.app/Contents/Resources/lib/python3.11/pandas/util/_validators.py (deflated 72%)
  adding: Excelerate.app/Contents/Resources/lib/python3.11/pandas/util/_print_versions.py (deflated 62%)
  adding: Excelerate.app/Contents/Resources/lib/python3.11/pandas/util/__init__.py (deflated 62%)
  adding: Excelerate.app/Contents/Resources/lib/python3.11/pandas/util/__pycache__/ (stored 0%)
  adding: Excelerate.app/Contents/Resources/lib/python3.11/pandas/util/__pycache__/_test_decorators.cpython-311.pyc (deflated 55%)
  adding: Excelerate.app/Contents/Resources/lib/python3.11/pandas/util/__pycache__/_validators.cpython-311.pyc (deflated 58%)
  adding: Excelerate.app/Contents/Resources/lib/python3.11/pandas/util/__pycache__/_tester.cpython-311.pyc (deflated 42%)
  adding: Excelerate.app/Contents/Resources/lib/python3.11/pandas/util/__pycache__/_decorators.cpython-311.pyc (deflated 57%)
  adding: Excelerate.app/Contents/Resources/lib/python3.11/pandas/util/__pycache__/_exceptions.cpython-311.pyc (deflated 46%)
  adding: Excelerate.app/Contents/Resources/lib/python3.11/pandas/util/__pycache__/_print_versions.cpython-311.pyc (deflated 48%)
  adding: Excelerate.app/Contents/Resources/lib/python3.11/pandas/util/__pycache__/__init__.cpython-311.pyc (deflated 38%)
  adding: Excelerate.app/Contents/Resources/lib/python3.11/pandas/util/__pycache__/_doctools.cpython-311.pyc (deflated 55%)
  adding: Excelerate.app/Contents/Resources/lib/python3.11/pandas/util/version/ (stored 0%)
  adding: Excelerate.app/Contents/Resources/lib/python3.11/pandas/util/version/__init__.py (deflated 73%)
  adding: Excelerate.app/Contents/Resources/lib/python3.11/pandas/util/version/__pycache__/ (stored 0%)
  adding: Excelerate.app/Contents/Resources/lib/python3.11/pandas/util/version/__pycache__/__init__.cpython-311.pyc (deflated 65%)
  adding: Excelerate.app/Contents/Resources/lib/python3.11/pandas/util/_decorators.py (deflated 72%)
  adding: Excelerate.app/Contents/Resources/lib/python3.11/pandas/util/_doctools.py (deflated 69%)
  adding: Excelerate.app/Contents/Resources/lib/python3.11/pandas/util/_exceptions.py (deflated 64%)
  adding: Excelerate.app/Contents/Resources/lib/python3.11/pandas/util/_tester.py (deflated 56%)
  adding: Excelerate.app/Contents/Resources/lib/python3.11/pandas/_version.py (deflated 73%)
  adding: Excelerate.app/Contents/Resources/lib/python3.11/pandas/pyproject.toml (deflated 66%)
  adding: Excelerate.app/Contents/Resources/lib/python3.11/pandas/io/ (stored 0%)
  adding: Excelerate.app/Contents/Resources/lib/python3.11/pandas/io/orc.py (deflated 65%)
  adding: Excelerate.app/Contents/Resources/lib/python3.11/pandas/io/feather_format.py (deflated 66%)
  adding: Excelerate.app/Contents/Resources/lib/python3.11/pandas/io/parsers/ (stored 0%)
  adding: Excelerate.app/Contents/Resources/lib/python3.11/pandas/io/parsers/readers.py (deflated 78%)
  adding: Excelerate.app/Contents/Resources/lib/python3.11/pandas/io/parsers/__init__.py (deflated 42%)
  adding: Excelerate.app/Contents/Resources/lib/python3.11/pandas/io/parsers/__pycache__/ (stored 0%)
  adding: Excelerate.app/Contents/Resources/lib/python3.11/pandas/io/parsers/__pycache__/c_parser_wrapper.cpython-311.pyc (deflated 54%)
  adding: Excelerate.app/Contents/Resources/lib/python3.11/pandas/io/parsers/__pycache__/base_parser.cpython-311.pyc (deflated 57%)
  adding: Excelerate.app/Contents/Resources/lib/python3.11/pandas/io/parsers/__pycache__/python_parser.cpython-311.pyc (deflated 56%)
  adding: Excelerate.app/Contents/Resources/lib/python3.11/pandas/io/parsers/__pycache__/arrow_parser_wrapper.cpython-311.pyc (deflated 52%)
  adding: Excelerate.app/Contents/Resources/lib/python3.11/pandas/io/parsers/__pycache__/__init__.cpython-311.pyc (deflated 33%)
  adding: Excelerate.app/Contents/Resources/lib/python3.11/pandas/io/parsers/__pycache__/readers.cpython-311.pyc (deflated 64%)
  adding: Excelerate.app/Contents/Resources/lib/python3.11/pandas/io/parsers/python_parser.py (deflated 76%)
  adding: Excelerate.app/Contents/Resources/lib/python3.11/pandas/io/parsers/base_parser.py (deflated 76%)
  adding: Excelerate.app/Contents/Resources/lib/python3.11/pandas/io/parsers/arrow_parser_wrapper.py (deflated 72%)
  adding: Excelerate.app/Contents/Resources/lib/python3.11/pandas/io/parsers/c_parser_wrapper.py (deflated 75%)
  adding: Excelerate.app/Contents/Resources/lib/python3.11/pandas/io/formats/ (stored 0%)
  adding: Excelerate.app/Contents/Resources/lib/python3.11/pandas/io/formats/console.py (deflated 65%)
  adding: Excelerate.app/Contents/Resources/lib/python3.11/pandas/io/formats/style.py (deflated 77%)
  adding: Excelerate.app/Contents/Resources/lib/python3.11/pandas/io/formats/html.py (deflated 78%)
  adding: Excelerate.app/Contents/Resources/lib/python3.11/pandas/io/formats/xml.py (deflated 76%)
  adding: Excelerate.app/Contents/Resources/lib/python3.11/pandas/io/formats/__init__.py (deflated 30%)
  adding: Excelerate.app/Contents/Resources/lib/python3.11/pandas/io/formats/format.py (deflated 75%)
  adding: Excelerate.app/Contents/Resources/lib/python3.11/pandas/io/formats/__pycache__/ (stored 0%)
  adding: Excelerate.app/Contents/Resources/lib/python3.11/pandas/io/formats/__pycache__/string.cpython-311.pyc (deflated 53%)
  adding: Excelerate.app/Contents/Resources/lib/python3.11/pandas/io/formats/__pycache__/html.cpython-311.pyc (deflated 56%)
  adding: Excelerate.app/Contents/Resources/lib/python3.11/pandas/io/formats/__pycache__/xml.cpython-311.pyc (deflated 60%)
  adding: Excelerate.app/Contents/Resources/lib/python3.11/pandas/io/formats/__pycache__/style.cpython-311.pyc (deflated 67%)
  adding: Excelerate.app/Contents/Resources/lib/python3.11/pandas/io/formats/__pycache__/format.cpython-311.pyc (deflated 59%)
  adding: Excelerate.app/Contents/Resources/lib/python3.11/pandas/io/formats/__pycache__/excel.cpython-311.pyc (deflated 57%)
  adding: Excelerate.app/Contents/Resources/lib/python3.11/pandas/io/formats/__pycache__/_color_data.cpython-311.pyc (deflated 48%)
  adding: Excelerate.app/Contents/Resources/lib/python3.11/pandas/io/formats/__pycache__/info.cpython-311.pyc (deflated 69%)
  adding: Excelerate.app/Contents/Resources/lib/python3.11/pandas/io/formats/__pycache__/css.cpython-311.pyc (deflated 54%)
  adding: Excelerate.app/Contents/Resources/lib/python3.11/pandas/io/formats/__pycache__/printing.cpython-311.pyc (deflated 58%)
  adding: Excelerate.app/Contents/Resources/lib/python3.11/pandas/io/formats/__pycache__/style_render.cpython-311.pyc (deflated 62%)
  adding: Excelerate.app/Contents/Resources/lib/python3.11/pandas/io/formats/__pycache__/console.cpython-311.pyc (deflated 44%)
  adding: Excelerate.app/Contents/Resources/lib/python3.11/pandas/io/formats/__pycache__/csvs.cpython-311.pyc (deflated 56%)
  adding: Excelerate.app/Contents/Resources/lib/python3.11/pandas/io/formats/__pycache__/__init__.cpython-311.pyc (deflated 22%)
  adding: Excelerate.app/Contents/Resources/lib/python3.11/pandas/io/formats/excel.py (deflated 75%)
  adding: Excelerate.app/Contents/Resources/lib/python3.11/pandas/io/formats/style_render.py (deflated 76%)
  adding: Excelerate.app/Contents/Resources/lib/python3.11/pandas/io/formats/css.py (deflated 73%)
  adding: Excelerate.app/Contents/Resources/lib/python3.11/pandas/io/formats/_color_data.py (deflated 64%)
  adding: Excelerate.app/Contents/Resources/lib/python3.11/pandas/io/formats/csvs.py (deflated 72%)
  adding: Excelerate.app/Contents/Resources/lib/python3.11/pandas/io/formats/templates/ (stored 0%)
  adding: Excelerate.app/Contents/Resources/lib/python3.11/pandas/io/formats/templates/latex_longtable.tpl (deflated 77%)
  adding: Excelerate.app/Contents/Resources/lib/python3.11/pandas/io/formats/templates/html_table.tpl (deflated 77%)
  adding: Excelerate.app/Contents/Resources/lib/python3.11/pandas/io/formats/templates/html_style.tpl (deflated 65%)
  adding: Excelerate.app/Contents/Resources/lib/python3.11/pandas/io/formats/templates/html.tpl (deflated 54%)
  adding: Excelerate.app/Contents/Resources/lib/python3.11/pandas/io/formats/templates/string.tpl (deflated 64%)
  adding: Excelerate.app/Contents/Resources/lib/python3.11/pandas/io/formats/templates/latex_table.tpl (deflated 72%)
  adding: Excelerate.app/Contents/Resources/lib/python3.11/pandas/io/formats/templates/latex.tpl (deflated 40%)
  adding: Excelerate.app/Contents/Resources/lib/python3.11/pandas/io/formats/string.py (deflated 71%)
  adding: Excelerate.app/Contents/Resources/lib/python3.11/pandas/io/formats/info.py (deflated 81%)
  adding: Excelerate.app/Contents/Resources/lib/python3.11/pandas/io/formats/printing.py (deflated 70%)
  adding: Excelerate.app/Contents/Resources/lib/python3.11/pandas/io/parquet.py (deflated 74%)
  adding: Excelerate.app/Contents/Resources/lib/python3.11/pandas/io/pytables.py (deflated 77%)
  adding: Excelerate.app/Contents/Resources/lib/python3.11/pandas/io/html.py (deflated 72%)
  adding: Excelerate.app/Contents/Resources/lib/python3.11/pandas/io/excel/ (stored 0%)
  adding: Excelerate.app/Contents/Resources/lib/python3.11/pandas/io/excel/_openpyxl.py (deflated 77%)
  adding: Excelerate.app/Contents/Resources/lib/python3.11/pandas/io/excel/_base.py (deflated 74%)
  adding: Excelerate.app/Contents/Resources/lib/python3.11/pandas/io/excel/_calamine.py (deflated 69%)
  adding: Excelerate.app/Contents/Resources/lib/python3.11/pandas/io/excel/_xlrd.py (deflated 68%)
  adding: Excelerate.app/Contents/Resources/lib/python3.11/pandas/io/excel/__init__.py (deflated 62%)
  adding: Excelerate.app/Contents/Resources/lib/python3.11/pandas/io/excel/_pyxlsb.py (deflated 65%)
  adding: Excelerate.app/Contents/Resources/lib/python3.11/pandas/io/excel/__pycache__/ (stored 0%)
  adding: Excelerate.app/Contents/Resources/lib/python3.11/pandas/io/excel/__pycache__/_base.cpython-311.pyc (deflated 61%)
  adding: Excelerate.app/Contents/Resources/lib/python3.11/pandas/io/excel/__pycache__/_calamine.cpython-311.pyc (deflated 53%)
  adding: Excelerate.app/Contents/Resources/lib/python3.11/pandas/io/excel/__pycache__/_openpyxl.cpython-311.pyc (deflated 60%)
  adding: Excelerate.app/Contents/Resources/lib/python3.11/pandas/io/excel/__pycache__/_odfreader.cpython-311.pyc (deflated 53%)
  adding: Excelerate.app/Contents/Resources/lib/python3.11/pandas/io/excel/__pycache__/_pyxlsb.cpython-311.pyc (deflated 51%)
  adding: Excelerate.app/Contents/Resources/lib/python3.11/pandas/io/excel/__pycache__/_xlsxwriter.cpython-311.pyc (deflated 49%)
  adding: Excelerate.app/Contents/Resources/lib/python3.11/pandas/io/excel/__pycache__/_util.cpython-311.pyc (deflated 55%)
  adding: Excelerate.app/Contents/Resources/lib/python3.11/pandas/io/excel/__pycache__/_odswriter.cpython-311.pyc (deflated 55%)
  adding: Excelerate.app/Contents/Resources/lib/python3.11/pandas/io/excel/__pycache__/_xlrd.cpython-311.pyc (deflated 50%)
  adding: Excelerate.app/Contents/Resources/lib/python3.11/pandas/io/excel/__pycache__/__init__.cpython-311.pyc (deflated 44%)
  adding: Excelerate.app/Contents/Resources/lib/python3.11/pandas/io/excel/_odswriter.py (deflated 75%)
  adding: Excelerate.app/Contents/Resources/lib/python3.11/pandas/io/excel/_util.py (deflated 67%)
  adding: Excelerate.app/Contents/Resources/lib/python3.11/pandas/io/excel/_odfreader.py (deflated 71%)
  adding: Excelerate.app/Contents/Resources/lib/python3.11/pandas/io/excel/_xlsxwriter.py (deflated 74%)
  adding: Excelerate.app/Contents/Resources/lib/python3.11/pandas/io/xml.py (deflated 77%)
  adding: Excelerate.app/Contents/Resources/lib/python3.11/pandas/io/__init__.py (deflated 36%)
  adding: Excelerate.app/Contents/Resources/lib/python3.11/pandas/io/clipboards.py (deflated 62%)
  adding: Excelerate.app/Contents/Resources/lib/python3.11/pandas/io/__pycache__/ (stored 0%)
  adding: Excelerate.app/Contents/Resources/lib/python3.11/pandas/io/__pycache__/parquet.cpython-311.pyc (deflated 57%)
  adding: Excelerate.app/Contents/Resources/lib/python3.11/pandas/io/__pycache__/api.cpython-311.pyc (deflated 55%)
  adding: Excelerate.app/Contents/Resources/lib/python3.11/pandas/io/__pycache__/html.cpython-311.pyc (deflated 60%)
  adding: Excelerate.app/Contents/Resources/lib/python3.11/pandas/io/__pycache__/gbq.cpython-311.pyc (deflated 60%)
  adding: Excelerate.app/Contents/Resources/lib/python3.11/pandas/io/__pycache__/pytables.cpython-311.pyc (deflated 60%)
  adding: Excelerate.app/Contents/Resources/lib/python3.11/pandas/io/__pycache__/xml.cpython-311.pyc (deflated 64%)
  adding: Excelerate.app/Contents/Resources/lib/python3.11/pandas/io/__pycache__/sql.cpython-311.pyc (deflated 63%)
  adding: Excelerate.app/Contents/Resources/lib/python3.11/pandas/io/__pycache__/common.cpython-311.pyc (deflated 57%)
  adding: Excelerate.app/Contents/Resources/lib/python3.11/pandas/io/__pycache__/stata.cpython-311.pyc (deflated 62%)
  adding: Excelerate.app/Contents/Resources/lib/python3.11/pandas/io/__pycache__/clipboards.cpython-311.pyc (deflated 50%)
  adding: Excelerate.app/Contents/Resources/lib/python3.11/pandas/io/__pycache__/spss.cpython-311.pyc (deflated 45%)
  adding: Excelerate.app/Contents/Resources/lib/python3.11/pandas/io/__pycache__/_util.cpython-311.pyc (deflated 63%)
  adding: Excelerate.app/Contents/Resources/lib/python3.11/pandas/io/__pycache__/orc.cpython-311.pyc (deflated 51%)
  adding: Excelerate.app/Contents/Resources/lib/python3.11/pandas/io/__pycache__/feather_format.cpython-311.pyc (deflated 53%)
  adding: Excelerate.app/Contents/Resources/lib/python3.11/pandas/io/__pycache__/pickle.cpython-311.pyc (deflated 59%)
  adding: Excelerate.app/Contents/Resources/lib/python3.11/pandas/io/__pycache__/__init__.cpython-311.pyc (deflated 26%)
  adding: Excelerate.app/Contents/Resources/lib/python3.11/pandas/io/api.py (deflated 72%)
  adding: Excelerate.app/Contents/Resources/lib/python3.11/pandas/io/json/ (stored 0%)
  adding: Excelerate.app/Contents/Resources/lib/python3.11/pandas/io/json/_json.py (deflated 77%)
  adding: Excelerate.app/Contents/Resources/lib/python3.11/pandas/io/json/_normalize.py (deflated 73%)
  adding: Excelerate.app/Contents/Resources/lib/python3.11/pandas/io/json/_table_schema.py (deflated 69%)
  adding: Excelerate.app/Contents/Resources/lib/python3.11/pandas/io/json/__init__.py (deflated 53%)
  adding: Excelerate.app/Contents/Resources/lib/python3.11/pandas/io/json/__pycache__/ (stored 0%)
  adding: Excelerate.app/Contents/Resources/lib/python3.11/pandas/io/json/__pycache__/_table_schema.cpython-311.pyc (deflated 55%)
  adding: Excelerate.app/Contents/Resources/lib/python3.11/pandas/io/json/__pycache__/_normalize.cpython-311.pyc (deflated 59%)
  adding: Excelerate.app/Contents/Resources/lib/python3.11/pandas/io/json/__pycache__/_json.cpython-311.pyc (deflated 60%)
  adding: Excelerate.app/Contents/Resources/lib/python3.11/pandas/io/json/__pycache__/__init__.cpython-311.pyc (deflated 37%)
  adding: Excelerate.app/Contents/Resources/lib/python3.11/pandas/io/common.py (deflated 74%)
  adding: Excelerate.app/Contents/Resources/lib/python3.11/pandas/io/sas/ (stored 0%)
  adding: Excelerate.app/Contents/Resources/lib/python3.11/pandas/io/sas/sas7bdat.py (deflated 78%)
  adding: Excelerate.app/Contents/Resources/lib/python3.11/pandas/io/sas/sas_constants.py (deflated 76%)
  adding: Excelerate.app/Contents/Resources/lib/python3.11/pandas/io/sas/sasreader.py (deflated 68%)
  adding: Excelerate.app/Contents/Resources/lib/python3.11/pandas/io/sas/__init__.py (deflated 16%)
  adding: Excelerate.app/Contents/Resources/lib/python3.11/pandas/io/sas/__pycache__/ (stored 0%)
  adding: Excelerate.app/Contents/Resources/lib/python3.11/pandas/io/sas/__pycache__/sas7bdat.cpython-311.pyc (deflated 60%)
  adding: Excelerate.app/Contents/Resources/lib/python3.11/pandas/io/sas/__pycache__/sas_constants.cpython-311.pyc (deflated 60%)
  adding: Excelerate.app/Contents/Resources/lib/python3.11/pandas/io/sas/__pycache__/sasreader.cpython-311.pyc (deflated 52%)
  adding: Excelerate.app/Contents/Resources/lib/python3.11/pandas/io/sas/__pycache__/sas_xport.cpython-311.pyc (deflated 50%)
  adding: Excelerate.app/Contents/Resources/lib/python3.11/pandas/io/sas/__pycache__/__init__.cpython-311.pyc (deflated 19%)
  adding: Excelerate.app/Contents/Resources/lib/python3.11/pandas/io/sas/sas_xport.py (deflated 66%)
  adding: Excelerate.app/Contents/Resources/lib/python3.11/pandas/io/_util.py (deflated 67%)
  adding: Excelerate.app/Contents/Resources/lib/python3.11/pandas/io/pickle.py (deflated 69%)
  adding: Excelerate.app/Contents/Resources/lib/python3.11/pandas/io/sql.py (deflated 79%)
  adding: Excelerate.app/Contents/Resources/lib/python3.11/pandas/io/stata.py (deflated 76%)
  adding: Excelerate.app/Contents/Resources/lib/python3.11/pandas/io/gbq.py (deflated 69%)
  adding: Excelerate.app/Contents/Resources/lib/python3.11/pandas/io/spss.py (deflated 58%)
  adding: Excelerate.app/Contents/Resources/lib/python3.11/pandas/io/clipboard/ (stored 0%)
  adding: Excelerate.app/Contents/Resources/lib/python3.11/pandas/io/clipboard/__init__.py (deflated 74%)
  adding: Excelerate.app/Contents/Resources/lib/python3.11/pandas/io/clipboard/__pycache__/ (stored 0%)
  adding: Excelerate.app/Contents/Resources/lib/python3.11/pandas/io/clipboard/__pycache__/__init__.cpython-311.pyc (deflated 61%)
  adding: Excelerate.app/Contents/Resources/lib/python3.11/pandas/tseries/ (stored 0%)
  adding: Excelerate.app/Contents/Resources/lib/python3.11/pandas/tseries/__init__.py (deflated 35%)
  adding: Excelerate.app/Contents/Resources/lib/python3.11/pandas/tseries/__pycache__/ (stored 0%)
  adding: Excelerate.app/Contents/Resources/lib/python3.11/pandas/tseries/__pycache__/api.cpython-311.pyc (deflated 30%)
  adding: Excelerate.app/Contents/Resources/lib/python3.11/pandas/tseries/__pycache__/holiday.cpython-311.pyc (deflated 59%)
  adding: Excelerate.app/Contents/Resources/lib/python3.11/pandas/tseries/__pycache__/offsets.cpython-311.pyc (deflated 58%)
  adding: Excelerate.app/Contents/Resources/lib/python3.11/pandas/tseries/__pycache__/frequencies.cpython-311.pyc (deflated 60%)
  adding: Excelerate.app/Contents/Resources/lib/python3.11/pandas/tseries/__pycache__/__init__.cpython-311.pyc (deflated 26%)
  adding: Excelerate.app/Contents/Resources/lib/python3.11/pandas/tseries/api.py (deflated 43%)
  adding: Excelerate.app/Contents/Resources/lib/python3.11/pandas/tseries/offsets.py (deflated 74%)
  adding: Excelerate.app/Contents/Resources/lib/python3.11/pandas/tseries/frequencies.py (deflated 76%)
  adding: Excelerate.app/Contents/Resources/lib/python3.11/pandas/tseries/holiday.py (deflated 75%)
  adding: Excelerate.app/Contents/Resources/lib/python3.11/pandas/tests/ (stored 0%)
  adding: Excelerate.app/Contents/Resources/lib/python3.11/pandas/tests/series/ (stored 0%)
  adding: Excelerate.app/Contents/Resources/lib/python3.11/pandas/tests/series/test_logical_ops.py (deflated 83%)
  adding: Excelerate.app/Contents/Resources/lib/python3.11/pandas/tests/series/test_reductions.py (deflated 73%)
  adding: Excelerate.app/Contents/Resources/lib/python3.11/pandas/tests/series/methods/ (stored 0%)
  adding: Excelerate.app/Contents/Resources/lib/python3.11/pandas/tests/series/methods/test_autocorr.py (deflated 68%)
  adding: Excelerate.app/Contents/Resources/lib/python3.11/pandas/tests/series/methods/test_value_counts.py (deflated 84%)
  adding: Excelerate.app/Contents/Resources/lib/python3.11/pandas/tests/series/methods/test_combine.py (deflated 55%)
  adding: Excelerate.app/Contents/Resources/lib/python3.11/pandas/tests/series/methods/test_convert_dtypes.py (deflated 77%)
  adding: Excelerate.app/Contents/Resources/lib/python3.11/pandas/tests/series/methods/test_cov_corr.py (deflated 75%)
  adding: Excelerate.app/Contents/Resources/lib/python3.11/pandas/tests/series/methods/test_repeat.py (deflated 60%)
  adding: Excelerate.app/Contents/Resources/lib/python3.11/pandas/tests/series/methods/test_searchsorted.py (deflated 74%)
  adding: Excelerate.app/Contents/Resources/lib/python3.11/pandas/tests/series/methods/test_add_prefix_suffix.py (deflated 78%)
  adding: Excelerate.app/Contents/Resources/lib/python3.11/pandas/tests/series/methods/test_round.py (deflated 71%)
  adding: Excelerate.app/Contents/Resources/lib/python3.11/pandas/tests/series/methods/test_combine_first.py (deflated 73%)
  adding: Excelerate.app/Contents/Resources/lib/python3.11/pandas/tests/series/methods/test_infer_objects.py (deflated 69%)
  adding: Excelerate.app/Contents/Resources/lib/python3.11/pandas/tests/series/methods/test_sort_values.py (deflated 78%)
  adding: Excelerate.app/Contents/Resources/lib/python3.11/pandas/tests/series/methods/test_to_frame.py (deflated 67%)
  adding: Excelerate.app/Contents/Resources/lib/python3.11/pandas/tests/series/methods/test_nunique.py (deflated 51%)
  adding: Excelerate.app/Contents/Resources/lib/python3.11/pandas/tests/series/methods/test_argsort.py (deflated 67%)
  adding: Excelerate.app/Contents/Resources/lib/python3.11/pandas/tests/series/methods/test_reset_index.py (deflated 73%)
  adding: Excelerate.app/Contents/Resources/lib/python3.11/pandas/tests/series/methods/test_describe.py (deflated 80%)
  adding: Excelerate.app/Contents/Resources/lib/python3.11/pandas/tests/series/methods/test_size.py (deflated 56%)
  adding: Excelerate.app/Contents/Resources/lib/python3.11/pandas/tests/series/methods/test_reindex_like.py (deflated 66%)
  adding: Excelerate.app/Contents/Resources/lib/python3.11/pandas/tests/series/methods/test_copy.py (deflated 74%)
  adding: Excelerate.app/Contents/Resources/lib/python3.11/pandas/tests/series/methods/test_set_name.py (deflated 60%)
  adding: Excelerate.app/Contents/Resources/lib/python3.11/pandas/tests/series/methods/test_truncate.py (deflated 67%)
  adding: Excelerate.app/Contents/Resources/lib/python3.11/pandas/tests/series/methods/test_drop_duplicates.py (deflated 84%)
  adding: Excelerate.app/Contents/Resources/lib/python3.11/pandas/tests/series/methods/__init__.py (deflated 29%)
  adding: Excelerate.app/Contents/Resources/lib/python3.11/pandas/tests/series/methods/test_head_tail.py (deflated 65%)
  adding: Excelerate.app/Contents/Resources/lib/python3.11/pandas/tests/series/methods/__pycache__/ (stored 0%)
  adding: Excelerate.app/Contents/Resources/lib/python3.11/pandas/tests/series/methods/__pycache__/test_autocorr.cpython-311.pyc (deflated 53%)
  adding: Excelerate.app/Contents/Resources/lib/python3.11/pandas/tests/series/methods/__pycache__/test_update.cpython-311.pyc (deflated 56%)
  adding: Excelerate.app/Contents/Resources/lib/python3.11/pandas/tests/series/methods/__pycache__/test_explode.cpython-311.pyc (deflated 64%)
  adding: Excelerate.app/Contents/Resources/lib/python3.11/pandas/tests/series/methods/__pycache__/test_quantile.cpython-311.pyc (deflated 65%)
  adding: Excelerate.app/Contents/Resources/lib/python3.11/pandas/tests/series/methods/__pycache__/test_asof.cpython-311.pyc (deflated 64%)
  adding: Excelerate.app/Contents/Resources/lib/python3.11/pandas/tests/series/methods/__pycache__/test_value_counts.cpython-311.pyc (deflated 71%)
  adding: Excelerate.app/Contents/Resources/lib/python3.11/pandas/tests/series/methods/__pycache__/test_convert_dtypes.cpython-311.pyc (deflated 60%)
  adding: Excelerate.app/Contents/Resources/lib/python3.11/pandas/tests/series/methods/__pycache__/test_isna.cpython-311.pyc (deflated 53%)
  adding: Excelerate.app/Contents/Resources/lib/python3.11/pandas/tests/series/methods/__pycache__/test_sort_index.cpython-311.pyc (deflated 69%)
  adding: Excelerate.app/Contents/Resources/lib/python3.11/pandas/tests/series/methods/__pycache__/test_reset_index.cpython-311.pyc (deflated 58%)
  adding: Excelerate.app/Contents/Resources/lib/python3.11/pandas/tests/series/methods/__pycache__/test_argsort.cpython-311.pyc (deflated 55%)
  adding: Excelerate.app/Contents/Resources/lib/python3.11/pandas/tests/series/methods/__pycache__/test_dropna.cpython-311.pyc (deflated 56%)
  adding: Excelerate.app/Contents/Resources/lib/python3.11/pandas/tests/series/methods/__pycache__/test_drop_duplicates.cpython-311.pyc (deflated 72%)
  adding: Excelerate.app/Contents/Resources/lib/python3.11/pandas/tests/series/methods/__pycache__/test_searchsorted.cpython-311.pyc (deflated 64%)
  adding: Excelerate.app/Contents/Resources/lib/python3.11/pandas/tests/series/methods/__pycache__/test_duplicated.cpython-311.pyc (deflated 57%)
  adding: Excelerate.app/Contents/Resources/lib/python3.11/pandas/tests/series/methods/__pycache__/test_to_dict.cpython-311.pyc (deflated 49%)
  adding: Excelerate.app/Contents/Resources/lib/python3.11/pandas/tests/series/methods/__pycache__/test_nunique.cpython-311.pyc (deflated 47%)
  adding: Excelerate.app/Contents/Resources/lib/python3.11/pandas/tests/series/methods/__pycache__/test_sort_values.cpython-311.pyc (deflated 64%)
  adding: Excelerate.app/Contents/Resources/lib/python3.11/pandas/tests/series/methods/__pycache__/test_combine_first.cpython-311.pyc (deflated 59%)
  adding: Excelerate.app/Contents/Resources/lib/python3.11/pandas/tests/series/methods/__pycache__/test_equals.cpython-311.pyc (deflated 61%)
  adding: Excelerate.app/Contents/Resources/lib/python3.11/pandas/tests/series/methods/__pycache__/test_repeat.cpython-311.pyc (deflated 52%)
  adding: Excelerate.app/Contents/Resources/lib/python3.11/pandas/tests/series/methods/__pycache__/test_is_unique.cpython-311.pyc (deflated 47%)
  adding: Excelerate.app/Contents/Resources/lib/python3.11/pandas/tests/series/methods/__pycache__/test_round.cpython-311.pyc (deflated 54%)
  adding: Excelerate.app/Contents/Resources/lib/python3.11/pandas/tests/series/methods/__pycache__/test_nlargest.cpython-311.pyc (deflated 61%)
  adding: Excelerate.app/Contents/Resources/lib/python3.11/pandas/tests/series/methods/__pycache__/test_align.cpython-311.pyc (deflated 65%)
  adding: Excelerate.app/Contents/Resources/lib/python3.11/pandas/tests/series/methods/__pycache__/test_reindex_like.cpython-311.pyc (deflated 50%)
  adding: Excelerate.app/Contents/Resources/lib/python3.11/pandas/tests/series/methods/__pycache__/test_to_numpy.cpython-311.pyc (deflated 55%)
  adding: Excelerate.app/Contents/Resources/lib/python3.11/pandas/tests/series/methods/__pycache__/test_get_numeric_data.cpython-311.pyc (deflated 54%)
  adding: Excelerate.app/Contents/Resources/lib/python3.11/pandas/tests/series/methods/__pycache__/test_copy.cpython-311.pyc (deflated 56%)
  adding: Excelerate.app/Contents/Resources/lib/python3.11/pandas/tests/series/methods/__pycache__/test_unique.cpython-311.pyc (deflated 61%)
  adding: Excelerate.app/Contents/Resources/lib/python3.11/pandas/tests/series/methods/__pycache__/test_size.cpython-311.pyc (deflated 40%)
  adding: Excelerate.app/Contents/Resources/lib/python3.11/pandas/tests/series/methods/__pycache__/test_set_name.cpython-311.pyc (deflated 46%)
  adding: Excelerate.app/Contents/Resources/lib/python3.11/pandas/tests/series/methods/__pycache__/test_rename_axis.cpython-311.pyc (deflated 49%)
  adding: Excelerate.app/Contents/Resources/lib/python3.11/pandas/tests/series/methods/__pycache__/test_pct_change.cpython-311.pyc (deflated 60%)
  adding: Excelerate.app/Contents/Resources/lib/python3.11/pandas/tests/series/methods/__pycache__/test_is_monotonic.cpython-311.pyc (deflated 54%)
  adding: Excelerate.app/Contents/Resources/lib/python3.11/pandas/tests/series/methods/__pycache__/test_infer_objects.cpython-311.pyc (deflated 56%)
  adding: Excelerate.app/Contents/Resources/lib/python3.11/pandas/tests/series/methods/__pycache__/test_to_frame.cpython-311.pyc (deflated 57%)
  adding: Excelerate.app/Contents/Resources/lib/python3.11/pandas/tests/series/methods/__pycache__/test_count.cpython-311.pyc (deflated 51%)
  adding: Excelerate.app/Contents/Resources/lib/python3.11/pandas/tests/series/methods/__pycache__/test_compare.cpython-311.pyc (deflated 60%)
  adding: Excelerate.app/Contents/Resources/lib/python3.11/pandas/tests/series/methods/__pycache__/test_fillna.cpython-311.pyc (deflated 73%)
  adding: Excelerate.app/Contents/Resources/lib/python3.11/pandas/tests/series/methods/__pycache__/test_rename.cpython-311.pyc (deflated 61%)
  adding: Excelerate.app/Contents/Resources/lib/python3.11/pandas/tests/series/methods/__pycache__/test_to_csv.cpython-311.pyc (deflated 56%)
  adding: Excelerate.app/Contents/Resources/lib/python3.11/pandas/tests/series/methods/__pycache__/test_truncate.cpython-311.pyc (deflated 56%)
  adding: Excelerate.app/Contents/Resources/lib/python3.11/pandas/tests/series/methods/__pycache__/test_matmul.cpython-311.pyc (deflated 67%)
  adding: Excelerate.app/Contents/Resources/lib/python3.11/pandas/tests/series/methods/__pycache__/test_between.cpython-311.pyc (deflated 61%)
  adding: Excelerate.app/Contents/Resources/lib/python3.11/pandas/tests/series/methods/__pycache__/test_head_tail.cpython-311.pyc (deflated 53%)
  adding: Excelerate.app/Contents/Resources/lib/python3.11/pandas/tests/series/methods/__pycache__/test_combine.cpython-311.pyc (deflated 55%)
  adding: Excelerate.app/Contents/Resources/lib/python3.11/pandas/tests/series/methods/__pycache__/test_rank.cpython-311.pyc (deflated 65%)
  adding: Excelerate.app/Contents/Resources/lib/python3.11/pandas/tests/series/methods/__pycache__/test_dtypes.cpython-311.pyc (deflated 43%)
  adding: Excelerate.app/Contents/Resources/lib/python3.11/pandas/tests/series/methods/__pycache__/test_tolist.cpython-311.pyc (deflated 42%)
  adding: Excelerate.app/Contents/Resources/lib/python3.11/pandas/tests/series/methods/__pycache__/test_case_when.cpython-311.pyc (deflated 64%)
  adding: Excelerate.app/Contents/Resources/lib/python3.11/pandas/tests/series/methods/__pycache__/test_isin.cpython-311.pyc (deflated 63%)
  adding: Excelerate.app/Contents/Resources/lib/python3.11/pandas/tests/series/methods/__pycache__/test_drop.cpython-311.pyc (deflated 55%)
  adding: Excelerate.app/Contents/Resources/lib/python3.11/pandas/tests/series/methods/__pycache__/test_item.cpython-311.pyc (deflated 64%)
  adding: Excelerate.app/Contents/Resources/lib/python3.11/pandas/tests/series/methods/__pycache__/test_unstack.cpython-311.pyc (deflated 55%)
  adding: Excelerate.app/Contents/Resources/lib/python3.11/pandas/tests/series/methods/__pycache__/test_reindex.cpython-311.pyc (deflated 64%)
  adding: Excelerate.app/Contents/Resources/lib/python3.11/pandas/tests/series/methods/__pycache__/test_add_prefix_suffix.cpython-311.pyc (deflated 67%)
  adding: Excelerate.app/Contents/Resources/lib/python3.11/pandas/tests/series/methods/__pycache__/test_tz_localize.cpython-311.pyc (deflated 61%)
  adding: Excelerate.app/Contents/Resources/lib/python3.11/pandas/tests/series/methods/__pycache__/test_clip.cpython-311.pyc (deflated 61%)
  adding: Excelerate.app/Contents/Resources/lib/python3.11/pandas/tests/series/methods/__pycache__/test_diff.cpython-311.pyc (deflated 57%)
  adding: Excelerate.app/Contents/Resources/lib/python3.11/pandas/tests/series/methods/__pycache__/test_view.cpython-311.pyc (deflated 53%)
  adding: Excelerate.app/Contents/Resources/lib/python3.11/pandas/tests/series/methods/__pycache__/test_astype.cpython-311.pyc (deflated 66%)
  adding: Excelerate.app/Contents/Resources/lib/python3.11/pandas/tests/series/methods/__pycache__/test_describe.cpython-311.pyc (deflated 64%)
  adding: Excelerate.app/Contents/Resources/lib/python3.11/pandas/tests/series/methods/__pycache__/test_values.cpython-311.pyc (deflated 45%)
  adding: Excelerate.app/Contents/Resources/lib/python3.11/pandas/tests/series/methods/__pycache__/__init__.cpython-311.pyc (deflated 28%)
  adding: Excelerate.app/Contents/Resources/lib/python3.11/pandas/tests/series/methods/__pycache__/test_map.cpython-311.pyc (deflated 66%)
  adding: Excelerate.app/Contents/Resources/lib/python3.11/pandas/tests/series/methods/__pycache__/test_replace.cpython-311.pyc (deflated 70%)
  adding: Excelerate.app/Contents/Resources/lib/python3.11/pandas/tests/series/methods/__pycache__/test_info.cpython-311.pyc (deflated 56%)
  adding: Excelerate.app/Contents/Resources/lib/python3.11/pandas/tests/series/methods/__pycache__/test_pop.cpython-311.pyc (deflated 34%)
  adding: Excelerate.app/Contents/Resources/lib/python3.11/pandas/tests/series/methods/__pycache__/test_interpolate.cpython-311.pyc (deflated 72%)
  adding: Excelerate.app/Contents/Resources/lib/python3.11/pandas/tests/series/methods/__pycache__/test_cov_corr.cpython-311.pyc (deflated 59%)
  adding: Excelerate.app/Contents/Resources/lib/python3.11/pandas/tests/series/methods/test_unstack.py (deflated 74%)
  adding: Excelerate.app/Contents/Resources/lib/python3.11/pandas/tests/series/methods/test_count.py (deflated 57%)
  adding: Excelerate.app/Contents/Resources/lib/python3.11/pandas/tests/series/methods/test_quantile.py (deflated 79%)
  adding: Excelerate.app/Contents/Resources/lib/python3.11/pandas/tests/series/methods/test_between.py (deflated 76%)
  adding: Excelerate.app/Contents/Resources/lib/python3.11/pandas/tests/series/methods/test_equals.py (deflated 71%)
  adding: Excelerate.app/Contents/Resources/lib/python3.11/pandas/tests/series/methods/test_nlargest.py (deflated 73%)
  adding: Excelerate.app/Contents/Resources/lib/python3.11/pandas/tests/series/methods/test_tz_localize.py (deflated 73%)
  adding: Excelerate.app/Contents/Resources/lib/python3.11/pandas/tests/series/methods/test_update.py (deflated 75%)
  adding: Excelerate.app/Contents/Resources/lib/python3.11/pandas/tests/series/methods/test_diff.py (deflated 69%)
  adding: Excelerate.app/Contents/Resources/lib/python3.11/pandas/tests/series/methods/test_astype.py (deflated 76%)
  adding: Excelerate.app/Contents/Resources/lib/python3.11/pandas/tests/series/methods/test_dropna.py (deflated 74%)
  adding: Excelerate.app/Contents/Resources/lib/python3.11/pandas/tests/series/methods/test_explode.py (deflated 76%)
  adding: Excelerate.app/Contents/Resources/lib/python3.11/pandas/tests/series/methods/test_matmul.py (deflated 76%)
  adding: Excelerate.app/Contents/Resources/lib/python3.11/pandas/tests/series/methods/test_values.py (deflated 49%)
  adding: Excelerate.app/Contents/Resources/lib/python3.11/pandas/tests/series/methods/test_view.py (deflated 64%)
  adding: Excelerate.app/Contents/Resources/lib/python3.11/pandas/tests/series/methods/test_duplicated.py (deflated 75%)
  adding: Excelerate.app/Contents/Resources/lib/python3.11/pandas/tests/series/methods/test_case_when.py (deflated 72%)
  adding: Excelerate.app/Contents/Resources/lib/python3.11/pandas/tests/series/methods/test_align.py (deflated 77%)
  adding: Excelerate.app/Contents/Resources/lib/python3.11/pandas/tests/series/methods/test_pop.py (deflated 39%)
  adding: Excelerate.app/Contents/Resources/lib/python3.11/pandas/tests/series/methods/test_pct_change.py (deflated 76%)
  adding: Excelerate.app/Contents/Resources/lib/python3.11/pandas/tests/series/methods/test_tolist.py (deflated 62%)
  adding: Excelerate.app/Contents/Resources/lib/python3.11/pandas/tests/series/methods/test_isin.py (deflated 74%)
  adding: Excelerate.app/Contents/Resources/lib/python3.11/pandas/tests/series/methods/test_rename.py (deflated 75%)
  adding: Excelerate.app/Contents/Resources/lib/python3.11/pandas/tests/series/methods/test_fillna.py (deflated 85%)
  adding: Excelerate.app/Contents/Resources/lib/python3.11/pandas/tests/series/methods/test_sort_index.py (deflated 82%)
  adding: Excelerate.app/Contents/Resources/lib/python3.11/pandas/tests/series/methods/test_map.py (deflated 76%)
  adding: Excelerate.app/Contents/Resources/lib/python3.11/pandas/tests/series/methods/test_drop.py (deflated 72%)
  adding: Excelerate.app/Contents/Resources/lib/python3.11/pandas/tests/series/methods/test_is_unique.py (deflated 53%)
  adding: Excelerate.app/Contents/Resources/lib/python3.11/pandas/tests/series/methods/test_item.py (deflated 69%)
  adding: Excelerate.app/Contents/Resources/lib/python3.11/pandas/tests/series/methods/test_is_monotonic.py (deflated 68%)
  adding: Excelerate.app/Contents/Resources/lib/python3.11/pandas/tests/series/methods/test_asof.py (deflated 76%)
  adding: Excelerate.app/Contents/Resources/lib/python3.11/pandas/tests/series/methods/test_get_numeric_data.py (deflated 66%)
  adding: Excelerate.app/Contents/Resources/lib/python3.11/pandas/tests/series/methods/test_compare.py (deflated 74%)
  adding: Excelerate.app/Contents/Resources/lib/python3.11/pandas/tests/series/methods/test_to_dict.py (deflated 61%)
  adding: Excelerate.app/Contents/Resources/lib/python3.11/pandas/tests/series/methods/test_rename_axis.py (deflated 62%)
  adding: Excelerate.app/Contents/Resources/lib/python3.11/pandas/tests/series/methods/test_rank.py (deflated 80%)
  adding: Excelerate.app/Contents/Resources/lib/python3.11/pandas/tests/series/methods/test_replace.py (deflated 81%)
  adding: Excelerate.app/Contents/Resources/lib/python3.11/pandas/tests/series/methods/test_unique.py (deflated 71%)
  adding: Excelerate.app/Contents/Resources/lib/python3.11/pandas/tests/series/methods/test_clip.py (deflated 73%)
  adding: Excelerate.app/Contents/Resources/lib/python3.11/pandas/tests/series/methods/test_info.py (deflated 68%)
  adding: Excelerate.app/Contents/Resources/lib/python3.11/pandas/tests/series/methods/test_dtypes.py (deflated 44%)
  adding: Excelerate.app/Contents/Resources/lib/python3.11/pandas/tests/series/methods/test_isna.py (deflated 64%)
  adding: Excelerate.app/Contents/Resources/lib/python3.11/pandas/tests/series/methods/test_to_numpy.py (deflated 66%)
  adding: Excelerate.app/Contents/Resources/lib/python3.11/pandas/tests/series/methods/test_interpolate.py (deflated 83%)
  adding: Excelerate.app/Contents/Resources/lib/python3.11/pandas/tests/series/methods/test_reindex.py (deflated 76%)
  adding: Excelerate.app/Contents/Resources/lib/python3.11/pandas/tests/series/methods/test_to_csv.py (deflated 72%)
  adding: Excelerate.app/Contents/Resources/lib/python3.11/pandas/tests/series/test_constructors.py (deflated 80%)
  adding: Excelerate.app/Contents/Resources/lib/python3.11/pandas/tests/series/test_missing.py (deflated 63%)
  adding: Excelerate.app/Contents/Resources/lib/python3.11/pandas/tests/series/test_unary.py (deflated 66%)
  adding: Excelerate.app/Contents/Resources/lib/python3.11/pandas/tests/series/accessors/ (stored 0%)
  adding: Excelerate.app/Contents/Resources/lib/python3.11/pandas/tests/series/accessors/test_dt_accessor.py (deflated 80%)
  adding: Excelerate.app/Contents/Resources/lib/python3.11/pandas/tests/series/accessors/test_str_accessor.py (deflated 52%)
  adding: Excelerate.app/Contents/Resources/lib/python3.11/pandas/tests/series/accessors/__init__.py (stored 0%)
  adding: Excelerate.app/Contents/Resources/lib/python3.11/pandas/tests/series/accessors/__pycache__/ (stored 0%)
  adding: Excelerate.app/Contents/Resources/lib/python3.11/pandas/tests/series/accessors/__pycache__/test_dt_accessor.cpython-311.pyc (deflated 65%)
  adding: Excelerate.app/Contents/Resources/lib/python3.11/pandas/tests/series/accessors/__pycache__/test_str_accessor.cpython-311.pyc (deflated 47%)
  adding: Excelerate.app/Contents/Resources/lib/python3.11/pandas/tests/series/accessors/__pycache__/test_struct_accessor.cpython-311.pyc (deflated 58%)
  adding: Excelerate.app/Contents/Resources/lib/python3.11/pandas/tests/series/accessors/__pycache__/test_cat_accessor.cpython-311.pyc (deflated 62%)
  adding: Excelerate.app/Contents/Resources/lib/python3.11/pandas/tests/series/accessors/__pycache__/test_sparse_accessor.cpython-311.pyc (deflated 42%)
  adding: Excelerate.app/Contents/Resources/lib/python3.11/pandas/tests/series/accessors/__pycache__/__init__.cpython-311.pyc (deflated 20%)
  adding: Excelerate.app/Contents/Resources/lib/python3.11/pandas/tests/series/accessors/__pycache__/test_list_accessor.cpython-311.pyc (deflated 68%)
  adding: Excelerate.app/Contents/Resources/lib/python3.11/pandas/tests/series/accessors/test_list_accessor.py (deflated 77%)
  adding: Excelerate.app/Contents/Resources/lib/python3.11/pandas/tests/series/accessors/test_cat_accessor.py (deflated 75%)
  adding: Excelerate.app/Contents/Resources/lib/python3.11/pandas/tests/series/accessors/test_sparse_accessor.py (deflated 37%)
  adding: Excelerate.app/Contents/Resources/lib/python3.11/pandas/tests/series/accessors/test_struct_accessor.py (deflated 77%)
  adding: Excelerate.app/Contents/Resources/lib/python3.11/pandas/tests/series/test_cumulative.py (deflated 74%)
  adding: Excelerate.app/Contents/Resources/lib/python3.11/pandas/tests/series/__init__.py (stored 0%)
  adding: Excelerate.app/Contents/Resources/lib/python3.11/pandas/tests/series/test_subclass.py (deflated 67%)
  adding: Excelerate.app/Contents/Resources/lib/python3.11/pandas/tests/series/__pycache__/ (stored 0%)
  adding: Excelerate.app/Contents/Resources/lib/python3.11/pandas/tests/series/__pycache__/test_arithmetic.cpython-311.pyc (deflated 66%)
  adding: Excelerate.app/Contents/Resources/lib/python3.11/pandas/tests/series/__pycache__/test_reductions.cpython-311.pyc (deflated 64%)
  adding: Excelerate.app/Contents/Resources/lib/python3.11/pandas/tests/series/__pycache__/test_iteration.cpython-311.pyc (deflated 63%)
  adding: Excelerate.app/Contents/Resources/lib/python3.11/pandas/tests/series/__pycache__/test_cumulative.cpython-311.pyc (deflated 59%)
  adding: Excelerate.app/Contents/Resources/lib/python3.11/pandas/tests/series/__pycache__/test_logical_ops.cpython-311.pyc (deflated 72%)
  adding: Excelerate.app/Contents/Resources/lib/python3.11/pandas/tests/series/__pycache__/test_subclass.cpython-311.pyc (deflated 55%)
  adding: Excelerate.app/Contents/Resources/lib/python3.11/pandas/tests/series/__pycache__/test_npfuncs.cpython-311.pyc (deflated 47%)
  adding: Excelerate.app/Contents/Resources/lib/python3.11/pandas/tests/series/__pycache__/test_missing.cpython-311.pyc (deflated 55%)
  adding: Excelerate.app/Contents/Resources/lib/python3.11/pandas/tests/series/__pycache__/test_constructors.cpython-311.pyc (deflated 69%)
  adding: Excelerate.app/Contents/Resources/lib/python3.11/pandas/tests/series/__pycache__/test_formats.cpython-311.pyc (deflated 67%)
  adding: Excelerate.app/Contents/Resources/lib/python3.11/pandas/tests/series/__pycache__/test_ufunc.cpython-311.pyc (deflated 64%)
  adding: Excelerate.app/Contents/Resources/lib/python3.11/pandas/tests/series/__pycache__/test_unary.cpython-311.pyc (deflated 51%)
  adding: Excelerate.app/Contents/Resources/lib/python3.11/pandas/tests/series/__pycache__/test_api.cpython-311.pyc (deflated 60%)
  adding: Excelerate.app/Contents/Resources/lib/python3.11/pandas/tests/series/__pycache__/test_validate.cpython-311.pyc (deflated 37%)
  adding: Excelerate.app/Contents/Resources/lib/python3.11/pandas/tests/series/__pycache__/__init__.cpython-311.pyc (deflated 18%)
  adding: Excelerate.app/Contents/Resources/lib/python3.11/pandas/tests/series/test_formats.py (deflated 78%)
  adding: Excelerate.app/Contents/Resources/lib/python3.11/pandas/tests/series/test_iteration.py (deflated 79%)
  adding: Excelerate.app/Contents/Resources/lib/python3.11/pandas/tests/series/test_ufunc.py (deflated 78%)
  adding: Excelerate.app/Contents/Resources/lib/python3.11/pandas/tests/series/test_validate.py (deflated 49%)
  adding: Excelerate.app/Contents/Resources/lib/python3.11/pandas/tests/series/test_npfuncs.py (deflated 52%)
  adding: Excelerate.app/Contents/Resources/lib/python3.11/pandas/tests/series/indexing/ (stored 0%)
  adding: Excelerate.app/Contents/Resources/lib/python3.11/pandas/tests/series/indexing/test_set_value.py (deflated 62%)
  adding: Excelerate.app/Contents/Resources/lib/python3.11/pandas/tests/series/indexing/test_mask.py (deflated 68%)
  adding: Excelerate.app/Contents/Resources/lib/python3.11/pandas/tests/series/indexing/test_xs.py (deflated 68%)
  adding: Excelerate.app/Contents/Resources/lib/python3.11/pandas/tests/series/indexing/test_getitem.py (deflated 77%)
  adding: Excelerate.app/Contents/Resources/lib/python3.11/pandas/tests/series/indexing/test_setitem.py (deflated 80%)
  adding: Excelerate.app/Contents/Resources/lib/python3.11/pandas/tests/series/indexing/__init__.py (stored 0%)
  adding: Excelerate.app/Contents/Resources/lib/python3.11/pandas/tests/series/indexing/__pycache__/ (stored 0%)
  adding: Excelerate.app/Contents/Resources/lib/python3.11/pandas/tests/series/indexing/__pycache__/test_mask.cpython-311.pyc (deflated 61%)
  adding: Excelerate.app/Contents/Resources/lib/python3.11/pandas/tests/series/indexing/__pycache__/test_indexing.cpython-311.pyc (deflated 65%)
  adding: Excelerate.app/Contents/Resources/lib/python3.11/pandas/tests/series/indexing/__pycache__/test_delitem.cpython-311.pyc (deflated 57%)
  adding: Excelerate.app/Contents/Resources/lib/python3.11/pandas/tests/series/indexing/__pycache__/test_setitem.cpython-311.pyc (deflated 69%)
  adding: Excelerate.app/Contents/Resources/lib/python3.11/pandas/tests/series/indexing/__pycache__/test_datetime.cpython-311.pyc (deflated 64%)
  adding: Excelerate.app/Contents/Resources/lib/python3.11/pandas/tests/series/indexing/__pycache__/test_xs.cpython-311.pyc (deflated 55%)
  adding: Excelerate.app/Contents/Resources/lib/python3.11/pandas/tests/series/indexing/__pycache__/test_set_value.cpython-311.pyc (deflated 48%)
  adding: Excelerate.app/Contents/Resources/lib/python3.11/pandas/tests/series/indexing/__pycache__/test_take.cpython-311.pyc (deflated 58%)
  adding: Excelerate.app/Contents/Resources/lib/python3.11/pandas/tests/series/indexing/__pycache__/test_get.cpython-311.pyc (deflated 60%)
  adding: Excelerate.app/Contents/Resources/lib/python3.11/pandas/tests/series/indexing/__pycache__/test_where.cpython-311.pyc (deflated 67%)
  adding: Excelerate.app/Contents/Resources/lib/python3.11/pandas/tests/series/indexing/__pycache__/__init__.cpython-311.pyc (deflated 19%)
  adding: Excelerate.app/Contents/Resources/lib/python3.11/pandas/tests/series/indexing/__pycache__/test_getitem.cpython-311.pyc (deflated 67%)
  adding: Excelerate.app/Contents/Resources/lib/python3.11/pandas/tests/series/indexing/test_indexing.py (deflated 76%)
  adding: Excelerate.app/Contents/Resources/lib/python3.11/pandas/tests/series/indexing/test_datetime.py (deflated 76%)
  adding: Excelerate.app/Contents/Resources/lib/python3.11/pandas/tests/series/indexing/test_take.py (deflated 64%)
  adding: Excelerate.app/Contents/Resources/lib/python3.11/pandas/tests/series/indexing/test_get.py (deflated 75%)
  adding: Excelerate.app/Contents/Resources/lib/python3.11/pandas/tests/series/indexing/test_where.py (deflated 77%)
  adding: Excelerate.app/Contents/Resources/lib/python3.11/pandas/tests/series/indexing/test_delitem.py (deflated 70%)
  adding: Excelerate.app/Contents/Resources/lib/python3.11/pandas/tests/series/test_api.py (deflated 73%)
  adding: Excelerate.app/Contents/Resources/lib/python3.11/pandas/tests/series/test_arithmetic.py (deflated 77%)
  adding: Excelerate.app/Contents/Resources/lib/python3.11/pandas/tests/reshape/ (stored 0%)
  adding: Excelerate.app/Contents/Resources/lib/python3.11/pandas/tests/reshape/concat/ (stored 0%)
  adding: Excelerate.app/Contents/Resources/lib/python3.11/pandas/tests/reshape/concat/conftest.py (deflated 20%)
  adding: Excelerate.app/Contents/Resources/lib/python3.11/pandas/tests/reshape/concat/test_categorical.py (deflated 78%)
  adding: Excelerate.app/Contents/Resources/lib/python3.11/pandas/tests/reshape/concat/test_append.py (deflated 77%)
  adding: Excelerate.app/Contents/Resources/lib/python3.11/pandas/tests/reshape/concat/__init__.py (stored 0%)
  adding: Excelerate.app/Contents/Resources/lib/python3.11/pandas/tests/reshape/concat/__pycache__/ (stored 0%)
  adding: Excelerate.app/Contents/Resources/lib/python3.11/pandas/tests/reshape/concat/__pycache__/test_datetimes.cpython-311.pyc (deflated 69%)
  adding: Excelerate.app/Contents/Resources/lib/python3.11/pandas/tests/reshape/concat/__pycache__/test_index.cpython-311.pyc (deflated 65%)
  adding: Excelerate.app/Contents/Resources/lib/python3.11/pandas/tests/reshape/concat/__pycache__/test_append.cpython-311.pyc (deflated 62%)
  adding: Excelerate.app/Contents/Resources/lib/python3.11/pandas/tests/reshape/concat/__pycache__/test_dataframe.cpython-311.pyc (deflated 59%)
  adding: Excelerate.app/Contents/Resources/lib/python3.11/pandas/tests/reshape/concat/__pycache__/test_series.cpython-311.pyc (deflated 60%)
  adding: Excelerate.app/Contents/Resources/lib/python3.11/pandas/tests/reshape/concat/__pycache__/test_invalid.cpython-311.pyc (deflated 54%)
  adding: Excelerate.app/Contents/Resources/lib/python3.11/pandas/tests/reshape/concat/__pycache__/test_categorical.cpython-311.pyc (deflated 65%)
  adding: Excelerate.app/Contents/Resources/lib/python3.11/pandas/tests/reshape/concat/__pycache__/conftest.cpython-311.pyc (deflated 26%)
  adding: Excelerate.app/Contents/Resources/lib/python3.11/pandas/tests/reshape/concat/__pycache__/test_sort.cpython-311.pyc (deflated 58%)
  adding: Excelerate.app/Contents/Resources/lib/python3.11/pandas/tests/reshape/concat/__pycache__/test_append_common.cpython-311.pyc (deflated 77%)
  adding: Excelerate.app/Contents/Resources/lib/python3.11/pandas/tests/reshape/concat/__pycache__/test_empty.cpython-311.pyc (deflated 63%)
  adding: Excelerate.app/Contents/Resources/lib/python3.11/pandas/tests/reshape/concat/__pycache__/test_concat.cpython-311.pyc (deflated 67%)
  adding: Excelerate.app/Contents/Resources/lib/python3.11/pandas/tests/reshape/concat/__pycache__/__init__.cpython-311.pyc (deflated 19%)
  adding: Excelerate.app/Contents/Resources/lib/python3.11/pandas/tests/reshape/concat/test_invalid.py (deflated 59%)
  adding: Excelerate.app/Contents/Resources/lib/python3.11/pandas/tests/reshape/concat/test_sort.py (deflated 74%)
  adding: Excelerate.app/Contents/Resources/lib/python3.11/pandas/tests/reshape/concat/test_concat.py (deflated 80%)
  adding: Excelerate.app/Contents/Resources/lib/python3.11/pandas/tests/reshape/concat/test_index.py (deflated 79%)
  adding: Excelerate.app/Contents/Resources/lib/python3.11/pandas/tests/reshape/concat/test_empty.py (deflated 77%)
  adding: Excelerate.app/Contents/Resources/lib/python3.11/pandas/tests/reshape/concat/test_datetimes.py (deflated 82%)
  adding: Excelerate.app/Contents/Resources/lib/python3.11/pandas/tests/reshape/concat/test_series.py (deflated 74%)
  adding: Excelerate.app/Contents/Resources/lib/python3.11/pandas/tests/reshape/concat/test_append_common.py (deflated 86%)
  adding: Excelerate.app/Contents/Resources/lib/python3.11/pandas/tests/reshape/concat/test_dataframe.py (deflated 78%)
  adding: Excelerate.app/Contents/Resources/lib/python3.11/pandas/tests/reshape/test_pivot_multilevel.py (deflated 83%)
  adding: Excelerate.app/Contents/Resources/lib/python3.11/pandas/tests/reshape/test_cut.py (deflated 77%)
  adding: Excelerate.app/Contents/Resources/lib/python3.11/pandas/tests/reshape/test_get_dummies.py (deflated 83%)
  adding: Excelerate.app/Contents/Resources/lib/python3.11/pandas/tests/reshape/test_union_categoricals.py (deflated 88%)
  adding: Excelerate.app/Contents/Resources/lib/python3.11/pandas/tests/reshape/merge/ (stored 0%)
  adding: Excelerate.app/Contents/Resources/lib/python3.11/pandas/tests/reshape/merge/test_merge_index_as_string.py (deflated 74%)
  adding: Excelerate.app/Contents/Resources/lib/python3.11/pandas/tests/reshape/merge/test_merge_asof.py (deflated 91%)
  adding: Excelerate.app/Contents/Resources/lib/python3.11/pandas/tests/reshape/merge/test_join.py (deflated 80%)
  adding: Excelerate.app/Contents/Resources/lib/python3.11/pandas/tests/reshape/merge/__init__.py (stored 0%)
  adding: Excelerate.app/Contents/Resources/lib/python3.11/pandas/tests/reshape/merge/__pycache__/ (stored 0%)
  adding: Excelerate.app/Contents/Resources/lib/python3.11/pandas/tests/reshape/merge/__pycache__/test_merge.cpython-311.pyc (deflated 66%)
  adding: Excelerate.app/Contents/Resources/lib/python3.11/pandas/tests/reshape/merge/__pycache__/test_merge_index_as_string.cpython-311.pyc (deflated 59%)
  adding: Excelerate.app/Contents/Resources/lib/python3.11/pandas/tests/reshape/merge/__pycache__/test_merge_asof.cpython-311.pyc (deflated 71%)
  adding: Excelerate.app/Contents/Resources/lib/python3.11/pandas/tests/reshape/merge/__pycache__/test_join.cpython-311.pyc (deflated 66%)
  adding: Excelerate.app/Contents/Resources/lib/python3.11/pandas/tests/reshape/merge/__pycache__/test_merge_cross.cpython-311.pyc (deflated 57%)
  adding: Excelerate.app/Contents/Resources/lib/python3.11/pandas/tests/reshape/merge/__pycache__/test_merge_ordered.cpython-311.pyc (deflated 60%)
  adding: Excelerate.app/Contents/Resources/lib/python3.11/pandas/tests/reshape/merge/__pycache__/test_multi.cpython-311.pyc (deflated 64%)
  adding: Excelerate.app/Contents/Resources/lib/python3.11/pandas/tests/reshape/merge/__pycache__/__init__.cpython-311.pyc (deflated 19%)
  adding: Excelerate.app/Contents/Resources/lib/python3.11/pandas/tests/reshape/merge/test_merge.py (deflated 82%)
  adding: Excelerate.app/Contents/Resources/lib/python3.11/pandas/tests/reshape/merge/test_merge_cross.py (deflated 73%)
  adding: Excelerate.app/Contents/Resources/lib/python3.11/pandas/tests/reshape/merge/test_multi.py (deflated 82%)
  adding: Excelerate.app/Contents/Resources/lib/python3.11/pandas/tests/reshape/merge/test_merge_ordered.py (deflated 80%)
  adding: Excelerate.app/Contents/Resources/lib/python3.11/pandas/tests/reshape/test_qcut.py (deflated 71%)
  adding: Excelerate.app/Contents/Resources/lib/python3.11/pandas/tests/reshape/__init__.py (stored 0%)
  adding: Excelerate.app/Contents/Resources/lib/python3.11/pandas/tests/reshape/test_pivot.py (deflated 83%)
  adding: Excelerate.app/Contents/Resources/lib/python3.11/pandas/tests/reshape/__pycache__/ (stored 0%)
  adding: Excelerate.app/Contents/Resources/lib/python3.11/pandas/tests/reshape/__pycache__/test_get_dummies.cpython-311.pyc (deflated 66%)
  adding: Excelerate.app/Contents/Resources/lib/python3.11/pandas/tests/reshape/__pycache__/test_util.cpython-311.pyc (deflated 58%)
  adding: Excelerate.app/Contents/Resources/lib/python3.11/pandas/tests/reshape/__pycache__/test_crosstab.cpython-311.pyc (deflated 69%)
  adding: Excelerate.app/Contents/Resources/lib/python3.11/pandas/tests/reshape/__pycache__/test_qcut.cpython-311.pyc (deflated 59%)
  adding: Excelerate.app/Contents/Resources/lib/python3.11/pandas/tests/reshape/__pycache__/test_from_dummies.cpython-311.pyc (deflated 70%)
  adding: Excelerate.app/Contents/Resources/lib/python3.11/pandas/tests/reshape/__pycache__/test_melt.cpython-311.pyc (deflated 67%)
  adding: Excelerate.app/Contents/Resources/lib/python3.11/pandas/tests/reshape/__pycache__/test_cut.cpython-311.pyc (deflated 63%)
  adding: Excelerate.app/Contents/Resources/lib/python3.11/pandas/tests/reshape/__pycache__/test_union_categoricals.cpython-311.pyc (deflated 74%)
  adding: Excelerate.app/Contents/Resources/lib/python3.11/pandas/tests/reshape/__pycache__/test_pivot_multilevel.cpython-311.pyc (deflated 64%)
  adding: Excelerate.app/Contents/Resources/lib/python3.11/pandas/tests/reshape/__pycache__/test_pivot.cpython-311.pyc (deflated 66%)
  adding: Excelerate.app/Contents/Resources/lib/python3.11/pandas/tests/reshape/__pycache__/__init__.cpython-311.pyc (deflated 19%)
  adding: Excelerate.app/Contents/Resources/lib/python3.11/pandas/tests/reshape/test_util.py (deflated 69%)
  adding: Excelerate.app/Contents/Resources/lib/python3.11/pandas/tests/reshape/test_melt.py (deflated 84%)
  adding: Excelerate.app/Contents/Resources/lib/python3.11/pandas/tests/reshape/test_from_dummies.py (deflated 85%)
  adding: Excelerate.app/Contents/Resources/lib/python3.11/pandas/tests/reshape/test_crosstab.py (deflated 84%)
  adding: Excelerate.app/Contents/Resources/lib/python3.11/pandas/tests/test_optional_dependency.py (deflated 76%)
  adding: Excelerate.app/Contents/Resources/lib/python3.11/pandas/tests/apply/ (stored 0%)
  adding: Excelerate.app/Contents/Resources/lib/python3.11/pandas/tests/apply/test_invalid_arg.py (deflated 74%)
  adding: Excelerate.app/Contents/Resources/lib/python3.11/pandas/tests/apply/__init__.py (stored 0%)
  adding: Excelerate.app/Contents/Resources/lib/python3.11/pandas/tests/apply/test_series_transform.py (deflated 63%)
  adding: Excelerate.app/Contents/Resources/lib/python3.11/pandas/tests/apply/__pycache__/ (stored 0%)
  adding: Excelerate.app/Contents/Resources/lib/python3.11/pandas/tests/apply/__pycache__/test_frame_apply.cpython-311.pyc (deflated 69%)
  adding: Excelerate.app/Contents/Resources/lib/python3.11/pandas/tests/apply/__pycache__/common.cpython-311.pyc (deflated 36%)
  adding: Excelerate.app/Contents/Resources/lib/python3.11/pandas/tests/apply/__pycache__/test_series_apply.cpython-311.pyc (deflated 66%)
  adding: Excelerate.app/Contents/Resources/lib/python3.11/pandas/tests/apply/__pycache__/test_numba.cpython-311.pyc (deflated 60%)
  adding: Excelerate.app/Contents/Resources/lib/python3.11/pandas/tests/apply/__pycache__/test_invalid_arg.cpython-311.pyc (deflated 64%)
  adding: Excelerate.app/Contents/Resources/lib/python3.11/pandas/tests/apply/__pycache__/test_str.cpython-311.pyc (deflated 63%)
  adding: Excelerate.app/Contents/Resources/lib/python3.11/pandas/tests/apply/__pycache__/test_frame_transform.cpython-311.pyc (deflated 62%)
  adding: Excelerate.app/Contents/Resources/lib/python3.11/pandas/tests/apply/__pycache__/test_frame_apply_relabeling.cpython-311.pyc (deflated 61%)
  adding: Excelerate.app/Contents/Resources/lib/python3.11/pandas/tests/apply/__pycache__/test_series_transform.cpython-311.pyc (deflated 52%)
  adding: Excelerate.app/Contents/Resources/lib/python3.11/pandas/tests/apply/__pycache__/__init__.cpython-311.pyc (deflated 18%)
  adding: Excelerate.app/Contents/Resources/lib/python3.11/pandas/tests/apply/__pycache__/test_series_apply_relabeling.cpython-311.pyc (deflated 59%)
  adding: Excelerate.app/Contents/Resources/lib/python3.11/pandas/tests/apply/test_str.py (deflated 79%)
  adding: Excelerate.app/Contents/Resources/lib/python3.11/pandas/tests/apply/test_series_apply.py (deflated 76%)
  adding: Excelerate.app/Contents/Resources/lib/python3.11/pandas/tests/apply/common.py (deflated 50%)
  adding: Excelerate.app/Contents/Resources/lib/python3.11/pandas/tests/apply/test_series_apply_relabeling.py (deflated 70%)
  adding: Excelerate.app/Contents/Resources/lib/python3.11/pandas/tests/apply/test_frame_apply.py (deflated 80%)
  adding: Excelerate.app/Contents/Resources/lib/python3.11/pandas/tests/apply/test_frame_apply_relabeling.py (deflated 73%)
  adding: Excelerate.app/Contents/Resources/lib/python3.11/pandas/tests/apply/test_numba.py (deflated 70%)
  adding: Excelerate.app/Contents/Resources/lib/python3.11/pandas/tests/apply/test_frame_transform.py (deflated 74%)
  adding: Excelerate.app/Contents/Resources/lib/python3.11/pandas/tests/test_expressions.py (deflated 79%)
  adding: Excelerate.app/Contents/Resources/lib/python3.11/pandas/tests/strings/ (stored 0%)
  adding: Excelerate.app/Contents/Resources/lib/python3.11/pandas/tests/strings/test_cat.py (deflated 77%)
  adding: Excelerate.app/Contents/Resources/lib/python3.11/pandas/tests/strings/test_string_array.py (deflated 71%)
  adding: Excelerate.app/Contents/Resources/lib/python3.11/pandas/tests/strings/test_split_partition.py (deflated 85%)
  adding: Excelerate.app/Contents/Resources/lib/python3.11/pandas/tests/strings/conftest.py (deflated 70%)
  adding: Excelerate.app/Contents/Resources/lib/python3.11/pandas/tests/strings/test_get_dummies.py (deflated 70%)
  adding: Excelerate.app/Contents/Resources/lib/python3.11/pandas/tests/strings/test_find_replace.py (deflated 87%)
  adding: Excelerate.app/Contents/Resources/lib/python3.11/pandas/tests/strings/__init__.py (deflated 47%)
  adding: Excelerate.app/Contents/Resources/lib/python3.11/pandas/tests/strings/__pycache__/ (stored 0%)
  adding: Excelerate.app/Contents/Resources/lib/python3.11/pandas/tests/strings/__pycache__/test_strings.cpython-311.pyc (deflated 68%)
  adding: Excelerate.app/Contents/Resources/lib/python3.11/pandas/tests/strings/__pycache__/test_case_justify.cpython-311.pyc (deflated 75%)
  adding: Excelerate.app/Contents/Resources/lib/python3.11/pandas/tests/strings/__pycache__/test_get_dummies.cpython-311.pyc (deflated 59%)
  adding: Excelerate.app/Contents/Resources/lib/python3.11/pandas/tests/strings/__pycache__/test_extract.cpython-311.pyc (deflated 71%)
  adding: Excelerate.app/Contents/Resources/lib/python3.11/pandas/tests/strings/__pycache__/conftest.cpython-311.pyc (deflated 45%)
  adding: Excelerate.app/Contents/Resources/lib/python3.11/pandas/tests/strings/__pycache__/test_string_array.cpython-311.pyc (deflated 54%)
  adding: Excelerate.app/Contents/Resources/lib/python3.11/pandas/tests/strings/__pycache__/test_split_partition.cpython-311.pyc (deflated 71%)
  adding: Excelerate.app/Contents/Resources/lib/python3.11/pandas/tests/strings/__pycache__/test_cat.cpython-311.pyc (deflated 66%)
  adding: Excelerate.app/Contents/Resources/lib/python3.11/pandas/tests/strings/__pycache__/test_find_replace.cpython-311.pyc (deflated 73%)
  adding: Excelerate.app/Contents/Resources/lib/python3.11/pandas/tests/strings/__pycache__/test_api.cpython-311.pyc (deflated 52%)
  adding: Excelerate.app/Contents/Resources/lib/python3.11/pandas/tests/strings/__pycache__/__init__.cpython-311.pyc (deflated 35%)
  adding: Excelerate.app/Contents/Resources/lib/python3.11/pandas/tests/strings/test_case_justify.py (deflated 85%)
  adding: Excelerate.app/Contents/Resources/lib/python3.11/pandas/tests/strings/test_strings.py (deflated 81%)
  adding: Excelerate.app/Contents/Resources/lib/python3.11/pandas/tests/strings/test_api.py (deflated 67%)
  adding: Excelerate.app/Contents/Resources/lib/python3.11/pandas/tests/strings/test_extract.py (deflated 84%)
  adding: Excelerate.app/Contents/Resources/lib/python3.11/pandas/tests/test_register_accessor.py (deflated 65%)
  adding: Excelerate.app/Contents/Resources/lib/python3.11/pandas/tests/test_common.py (deflated 69%)
  adding: Excelerate.app/Contents/Resources/lib/python3.11/pandas/tests/tools/ (stored 0%)
  adding: Excelerate.app/Contents/Resources/lib/python3.11/pandas/tests/tools/test_to_time.py (deflated 64%)
  adding: Excelerate.app/Contents/Resources/lib/python3.11/pandas/tests/tools/__init__.py (stored 0%)
  adding: Excelerate.app/Contents/Resources/lib/python3.11/pandas/tests/tools/__pycache__/ (stored 0%)
  adding: Excelerate.app/Contents/Resources/lib/python3.11/pandas/tests/tools/__pycache__/test_to_time.cpython-311.pyc (deflated 50%)
  adding: Excelerate.app/Contents/Resources/lib/python3.11/pandas/tests/tools/__pycache__/test_to_datetime.cpython-311.pyc (deflated 68%)
  adding: Excelerate.app/Contents/Resources/lib/python3.11/pandas/tests/tools/__pycache__/test_to_numeric.cpython-311.pyc (deflated 66%)
  adding: Excelerate.app/Contents/Resources/lib/python3.11/pandas/tests/tools/__pycache__/__init__.cpython-311.pyc (deflated 19%)
  adding: Excelerate.app/Contents/Resources/lib/python3.11/pandas/tests/tools/__pycache__/test_to_timedelta.cpython-311.pyc (deflated 65%)
  adding: Excelerate.app/Contents/Resources/lib/python3.11/pandas/tests/tools/test_to_timedelta.py (deflated 77%)
  adding: Excelerate.app/Contents/Resources/lib/python3.11/pandas/tests/tools/test_to_datetime.py (deflated 82%)
  adding: Excelerate.app/Contents/Resources/lib/python3.11/pandas/tests/tools/test_to_numeric.py (deflated 80%)
  adding: Excelerate.app/Contents/Resources/lib/python3.11/pandas/tests/extension/ (stored 0%)
  adding: Excelerate.app/Contents/Resources/lib/python3.11/pandas/tests/extension/decimal/ (stored 0%)
  adding: Excelerate.app/Contents/Resources/lib/python3.11/pandas/tests/extension/decimal/test_decimal.py (deflated 79%)
  adding: Excelerate.app/Contents/Resources/lib/python3.11/pandas/tests/extension/decimal/__init__.py (deflated 39%)
  adding: Excelerate.app/Contents/Resources/lib/python3.11/pandas/tests/extension/decimal/__pycache__/ (stored 0%)
  adding: Excelerate.app/Contents/Resources/lib/python3.11/pandas/tests/extension/decimal/__pycache__/array.cpython-311.pyc (deflated 56%)
  adding: Excelerate.app/Contents/Resources/lib/python3.11/pandas/tests/extension/decimal/__pycache__/test_decimal.cpython-311.pyc (deflated 66%)
  adding: Excelerate.app/Contents/Resources/lib/python3.11/pandas/tests/extension/decimal/__pycache__/__init__.cpython-311.pyc (deflated 34%)
  adding: Excelerate.app/Contents/Resources/lib/python3.11/pandas/tests/extension/decimal/array.py (deflated 69%)
  adding: Excelerate.app/Contents/Resources/lib/python3.11/pandas/tests/extension/test_period.py (deflated 63%)
  adding: Excelerate.app/Contents/Resources/lib/python3.11/pandas/tests/extension/test_masked.py (deflated 75%)
  adding: Excelerate.app/Contents/Resources/lib/python3.11/pandas/tests/extension/test_extension.py (deflated 46%)
  adding: Excelerate.app/Contents/Resources/lib/python3.11/pandas/tests/extension/conftest.py (deflated 67%)
  adding: Excelerate.app/Contents/Resources/lib/python3.11/pandas/tests/extension/test_common.py (deflated 67%)
  adding: Excelerate.app/Contents/Resources/lib/python3.11/pandas/tests/extension/test_sparse.py (deflated 77%)
  adding: Excelerate.app/Contents/Resources/lib/python3.11/pandas/tests/extension/array_with_attr/ (stored 0%)
  adding: Excelerate.app/Contents/Resources/lib/python3.11/pandas/tests/extension/array_with_attr/test_array_with_attr.py (deflated 65%)
  adding: Excelerate.app/Contents/Resources/lib/python3.11/pandas/tests/extension/array_with_attr/__init__.py (deflated 30%)
  adding: Excelerate.app/Contents/Resources/lib/python3.11/pandas/tests/extension/array_with_attr/__pycache__/ (stored 0%)
  adding: Excelerate.app/Contents/Resources/lib/python3.11/pandas/tests/extension/array_with_attr/__pycache__/array.cpython-311.pyc (deflated 50%)
  adding: Excelerate.app/Contents/Resources/lib/python3.11/pandas/tests/extension/array_with_attr/__pycache__/__init__.cpython-311.pyc (deflated 30%)
  adding: Excelerate.app/Contents/Resources/lib/python3.11/pandas/tests/extension/array_with_attr/__pycache__/test_array_with_attr.cpython-311.pyc (deflated 56%)
  adding: Excelerate.app/Contents/Resources/lib/python3.11/pandas/tests/extension/array_with_attr/array.py (deflated 65%)
  adding: Excelerate.app/Contents/Resources/lib/python3.11/pandas/tests/extension/test_string.py (deflated 73%)
  adding: Excelerate.app/Contents/Resources/lib/python3.11/pandas/tests/extension/test_categorical.py (deflated 67%)
  adding: Excelerate.app/Contents/Resources/lib/python3.11/pandas/tests/extension/date/ (stored 0%)
  adding: Excelerate.app/Contents/Resources/lib/python3.11/pandas/tests/extension/date/__init__.py (deflated 23%)
  adding: Excelerate.app/Contents/Resources/lib/python3.11/pandas/tests/extension/date/__pycache__/ (stored 0%)
  adding: Excelerate.app/Contents/Resources/lib/python3.11/pandas/tests/extension/date/__pycache__/array.cpython-311.pyc (deflated 57%)
  adding: Excelerate.app/Contents/Resources/lib/python3.11/pandas/tests/extension/date/__pycache__/__init__.cpython-311.pyc (deflated 27%)
  adding: Excelerate.app/Contents/Resources/lib/python3.11/pandas/tests/extension/date/array.py (deflated 71%)
  adding: Excelerate.app/Contents/Resources/lib/python3.11/pandas/tests/extension/__init__.py (stored 0%)
  adding: Excelerate.app/Contents/Resources/lib/python3.11/pandas/tests/extension/__pycache__/ (stored 0%)
  adding: Excelerate.app/Contents/Resources/lib/python3.11/pandas/tests/extension/__pycache__/test_common.cpython-311.pyc (deflated 56%)
  adding: Excelerate.app/Contents/Resources/lib/python3.11/pandas/tests/extension/__pycache__/test_extension.cpython-311.pyc (deflated 46%)
  adding: Excelerate.app/Contents/Resources/lib/python3.11/pandas/tests/extension/__pycache__/test_numpy.cpython-311.pyc (deflated 64%)
  adding: Excelerate.app/Contents/Resources/lib/python3.11/pandas/tests/extension/__pycache__/test_masked.cpython-311.pyc (deflated 57%)
  adding: Excelerate.app/Contents/Resources/lib/python3.11/pandas/tests/extension/__pycache__/test_string.cpython-311.pyc (deflated 58%)
  adding: Excelerate.app/Contents/Resources/lib/python3.11/pandas/tests/extension/__pycache__/test_categorical.cpython-311.pyc (deflated 58%)
  adding: Excelerate.app/Contents/Resources/lib/python3.11/pandas/tests/extension/__pycache__/test_period.cpython-311.pyc (deflated 53%)
  adding: Excelerate.app/Contents/Resources/lib/python3.11/pandas/tests/extension/__pycache__/test_interval.cpython-311.pyc (deflated 52%)
  adding: Excelerate.app/Contents/Resources/lib/python3.11/pandas/tests/extension/__pycache__/test_datetime.cpython-311.pyc (deflated 56%)
  adding: Excelerate.app/Contents/Resources/lib/python3.11/pandas/tests/extension/__pycache__/conftest.cpython-311.pyc (deflated 60%)
  adding: Excelerate.app/Contents/Resources/lib/python3.11/pandas/tests/extension/__pycache__/test_sparse.cpython-311.pyc (deflated 64%)
  adding: Excelerate.app/Contents/Resources/lib/python3.11/pandas/tests/extension/__pycache__/test_arrow.cpython-311.pyc (deflated 70%)
  adding: Excelerate.app/Contents/Resources/lib/python3.11/pandas/tests/extension/__pycache__/__init__.cpython-311.pyc (deflated 18%)
  adding: Excelerate.app/Contents/Resources/lib/python3.11/pandas/tests/extension/test_interval.py (deflated 59%)
  adding: Excelerate.app/Contents/Resources/lib/python3.11/pandas/tests/extension/json/ (stored 0%)
  adding: Excelerate.app/Contents/Resources/lib/python3.11/pandas/tests/extension/json/__init__.py (deflated 26%)
  adding: Excelerate.app/Contents/Resources/lib/python3.11/pandas/tests/extension/json/__pycache__/ (stored 0%)
  adding: Excelerate.app/Contents/Resources/lib/python3.11/pandas/tests/extension/json/__pycache__/test_json.cpython-311.pyc (deflated 70%)
  adding: Excelerate.app/Contents/Resources/lib/python3.11/pandas/tests/extension/json/__pycache__/array.cpython-311.pyc (deflated 56%)
  adding: Excelerate.app/Contents/Resources/lib/python3.11/pandas/tests/extension/json/__pycache__/__init__.cpython-311.pyc (deflated 28%)
  adding: Excelerate.app/Contents/Resources/lib/python3.11/pandas/tests/extension/json/test_json.py (deflated 77%)
  adding: Excelerate.app/Contents/Resources/lib/python3.11/pandas/tests/extension/json/array.py (deflated 67%)
  adding: Excelerate.app/Contents/Resources/lib/python3.11/pandas/tests/extension/test_datetime.py (deflated 67%)
  adding: Excelerate.app/Contents/Resources/lib/python3.11/pandas/tests/extension/list/ (stored 0%)
  adding: Excelerate.app/Contents/Resources/lib/python3.11/pandas/tests/extension/list/test_list.py (deflated 46%)
  adding: Excelerate.app/Contents/Resources/lib/python3.11/pandas/tests/extension/list/__init__.py (deflated 29%)
  adding: Excelerate.app/Contents/Resources/lib/python3.11/pandas/tests/extension/list/__pycache__/ (stored 0%)
  adding: Excelerate.app/Contents/Resources/lib/python3.11/pandas/tests/extension/list/__pycache__/array.cpython-311.pyc (deflated 53%)
  adding: Excelerate.app/Contents/Resources/lib/python3.11/pandas/tests/extension/list/__pycache__/test_list.cpython-311.pyc (deflated 49%)
  adding: Excelerate.app/Contents/Resources/lib/python3.11/pandas/tests/extension/list/__pycache__/__init__.cpython-311.pyc (deflated 28%)
  adding: Excelerate.app/Contents/Resources/lib/python3.11/pandas/tests/extension/list/array.py (deflated 65%)
  adding: Excelerate.app/Contents/Resources/lib/python3.11/pandas/tests/extension/test_numpy.py (deflated 73%)
  adding: Excelerate.app/Contents/Resources/lib/python3.11/pandas/tests/extension/test_arrow.py (deflated 82%)
  adding: Excelerate.app/Contents/Resources/lib/python3.11/pandas/tests/extension/base/ (stored 0%)
  adding: Excelerate.app/Contents/Resources/lib/python3.11/pandas/tests/extension/base/missing.py (deflated 80%)
  adding: Excelerate.app/Contents/Resources/lib/python3.11/pandas/tests/extension/base/reshaping.py (deflated 79%)
  adding: Excelerate.app/Contents/Resources/lib/python3.11/pandas/tests/extension/base/index.py (deflated 58%)
  adding: Excelerate.app/Contents/Resources/lib/python3.11/pandas/tests/extension/base/methods.py (deflated 79%)
  adding: Excelerate.app/Contents/Resources/lib/python3.11/pandas/tests/extension/base/reduce.py (deflated 71%)
  adding: Excelerate.app/Contents/Resources/lib/python3.11/pandas/tests/extension/base/setitem.py (deflated 78%)
  adding: Excelerate.app/Contents/Resources/lib/python3.11/pandas/tests/extension/base/dtype.py (deflated 72%)
  adding: Excelerate.app/Contents/Resources/lib/python3.11/pandas/tests/extension/base/io.py (deflated 57%)
  adding: Excelerate.app/Contents/Resources/lib/python3.11/pandas/tests/extension/base/accumulate.py (deflated 57%)
  adding: Excelerate.app/Contents/Resources/lib/python3.11/pandas/tests/extension/base/interface.py (deflated 69%)
  adding: Excelerate.app/Contents/Resources/lib/python3.11/pandas/tests/extension/base/__init__.py (deflated 73%)
  adding: Excelerate.app/Contents/Resources/lib/python3.11/pandas/tests/extension/base/getitem.py (deflated 81%)
  adding: Excelerate.app/Contents/Resources/lib/python3.11/pandas/tests/extension/base/__pycache__/ (stored 0%)
  adding: Excelerate.app/Contents/Resources/lib/python3.11/pandas/tests/extension/base/__pycache__/groupby.cpython-311.pyc (deflated 62%)
  adding: Excelerate.app/Contents/Resources/lib/python3.11/pandas/tests/extension/base/__pycache__/io.cpython-311.pyc (deflated 44%)
  adding: Excelerate.app/Contents/Resources/lib/python3.11/pandas/tests/extension/base/__pycache__/base.cpython-311.pyc (deflated 34%)
  adding: Excelerate.app/Contents/Resources/lib/python3.11/pandas/tests/extension/base/__pycache__/missing.cpython-311.pyc (deflated 66%)
  adding: Excelerate.app/Contents/Resources/lib/python3.11/pandas/tests/extension/base/__pycache__/constructors.cpython-311.pyc (deflated 65%)
  adding: Excelerate.app/Contents/Resources/lib/python3.11/pandas/tests/extension/base/__pycache__/dim2.cpython-311.pyc (deflated 64%)
  adding: Excelerate.app/Contents/Resources/lib/python3.11/pandas/tests/extension/base/__pycache__/interface.cpython-311.pyc (deflated 59%)
  adding: Excelerate.app/Contents/Resources/lib/python3.11/pandas/tests/extension/base/__pycache__/methods.cpython-311.pyc (deflated 66%)
  adding: Excelerate.app/Contents/Resources/lib/python3.11/pandas/tests/extension/base/__pycache__/getitem.cpython-311.pyc (deflated 70%)
  adding: Excelerate.app/Contents/Resources/lib/python3.11/pandas/tests/extension/base/__pycache__/accumulate.cpython-311.pyc (deflated 47%)
  adding: Excelerate.app/Contents/Resources/lib/python3.11/pandas/tests/extension/base/__pycache__/casting.cpython-311.pyc (deflated 59%)
  adding: Excelerate.app/Contents/Resources/lib/python3.11/pandas/tests/extension/base/__pycache__/reduce.cpython-311.pyc (deflated 59%)
  adding: Excelerate.app/Contents/Resources/lib/python3.11/pandas/tests/extension/base/__pycache__/setitem.cpython-311.pyc (deflated 67%)
  adding: Excelerate.app/Contents/Resources/lib/python3.11/pandas/tests/extension/base/__pycache__/ops.cpython-311.pyc (deflated 60%)
  adding: Excelerate.app/Contents/Resources/lib/python3.11/pandas/tests/extension/base/__pycache__/printing.cpython-311.pyc (deflated 50%)
  adding: Excelerate.app/Contents/Resources/lib/python3.11/pandas/tests/extension/base/__pycache__/dtype.cpython-311.pyc (deflated 63%)
  adding: Excelerate.app/Contents/Resources/lib/python3.11/pandas/tests/extension/base/__pycache__/index.cpython-311.pyc (deflated 50%)
  adding: Excelerate.app/Contents/Resources/lib/python3.11/pandas/tests/extension/base/__pycache__/reshaping.cpython-311.pyc (deflated 65%)
  adding: Excelerate.app/Contents/Resources/lib/python3.11/pandas/tests/extension/base/__pycache__/__init__.cpython-311.pyc (deflated 58%)
  adding: Excelerate.app/Contents/Resources/lib/python3.11/pandas/tests/extension/base/ops.py (deflated 74%)
  adding: Excelerate.app/Contents/Resources/lib/python3.11/pandas/tests/extension/base/dim2.py (deflated 77%)
  adding: Excelerate.app/Contents/Resources/lib/python3.11/pandas/tests/extension/base/casting.py (deflated 69%)
  adding: Excelerate.app/Contents/Resources/lib/python3.11/pandas/tests/extension/base/groupby.py (deflated 77%)
  adding: Excelerate.app/Contents/Resources/lib/python3.11/pandas/tests/extension/base/base.py (deflated 3%)
  adding: Excelerate.app/Contents/Resources/lib/python3.11/pandas/tests/extension/base/constructors.py (deflated 78%)
  adding: Excelerate.app/Contents/Resources/lib/python3.11/pandas/tests/extension/base/printing.py (deflated 60%)
  adding: Excelerate.app/Contents/Resources/lib/python3.11/pandas/tests/resample/ (stored 0%)
  adding: Excelerate.app/Contents/Resources/lib/python3.11/pandas/tests/resample/conftest.py (deflated 78%)
  adding: Excelerate.app/Contents/Resources/lib/python3.11/pandas/tests/resample/test_resampler_grouper.py (deflated 78%)
  adding: Excelerate.app/Contents/Resources/lib/python3.11/pandas/tests/resample/__init__.py (stored 0%)
  adding: Excelerate.app/Contents/Resources/lib/python3.11/pandas/tests/resample/__pycache__/ (stored 0%)
  adding: Excelerate.app/Contents/Resources/lib/python3.11/pandas/tests/resample/__pycache__/test_time_grouper.cpython-311.pyc (deflated 61%)
  adding: Excelerate.app/Contents/Resources/lib/python3.11/pandas/tests/resample/__pycache__/test_period_index.cpython-311.pyc (deflated 67%)
  adding: Excelerate.app/Contents/Resources/lib/python3.11/pandas/tests/resample/__pycache__/test_resample_api.cpython-311.pyc (deflated 66%)
  adding: Excelerate.app/Contents/Resources/lib/python3.11/pandas/tests/resample/__pycache__/test_resampler_grouper.cpython-311.pyc (deflated 64%)
  adding: Excelerate.app/Contents/Resources/lib/python3.11/pandas/tests/resample/__pycache__/test_timedelta.cpython-311.pyc (deflated 58%)
  adding: Excelerate.app/Contents/Resources/lib/python3.11/pandas/tests/resample/__pycache__/conftest.cpython-311.pyc (deflated 62%)
  adding: Excelerate.app/Contents/Resources/lib/python3.11/pandas/tests/resample/__pycache__/test_base.cpython-311.pyc (deflated 66%)
  adding: Excelerate.app/Contents/Resources/lib/python3.11/pandas/tests/resample/__pycache__/test_datetime_index.cpython-311.pyc (deflated 69%)
  adding: Excelerate.app/Contents/Resources/lib/python3.11/pandas/tests/resample/__pycache__/__init__.cpython-311.pyc (deflated 19%)
  adding: Excelerate.app/Contents/Resources/lib/python3.11/pandas/tests/resample/test_timedelta.py (deflated 72%)
  adding: Excelerate.app/Contents/Resources/lib/python3.11/pandas/tests/resample/test_period_index.py (deflated 81%)
  adding: Excelerate.app/Contents/Resources/lib/python3.11/pandas/tests/resample/test_datetime_index.py (deflated 80%)
  adding: Excelerate.app/Contents/Resources/lib/python3.11/pandas/tests/resample/test_base.py (deflated 79%)
  adding: Excelerate.app/Contents/Resources/lib/python3.11/pandas/tests/resample/test_time_grouper.py (deflated 78%)
  adding: Excelerate.app/Contents/Resources/lib/python3.11/pandas/tests/resample/test_resample_api.py (deflated 79%)
  adding: Excelerate.app/Contents/Resources/lib/python3.11/pandas/tests/test_downstream.py (deflated 66%)
  adding: Excelerate.app/Contents/Resources/lib/python3.11/pandas/tests/util/ (stored 0%)
  adding: Excelerate.app/Contents/Resources/lib/python3.11/pandas/tests/util/test_deprecate_nonkeyword_arguments.py (deflated 78%)
  adding: Excelerate.app/Contents/Resources/lib/python3.11/pandas/tests/util/test_validate_args_and_kwargs.py (deflated 74%)
  adding: Excelerate.app/Contents/Resources/lib/python3.11/pandas/tests/util/test_assert_series_equal.py (deflated 80%)
  adding: Excelerate.app/Contents/Resources/lib/python3.11/pandas/tests/util/conftest.py (deflated 71%)
  adding: Excelerate.app/Contents/Resources/lib/python3.11/pandas/tests/util/test_assert_frame_equal.py (deflated 81%)
  adding: Excelerate.app/Contents/Resources/lib/python3.11/pandas/tests/util/test_show_versions.py (deflated 64%)
  adding: Excelerate.app/Contents/Resources/lib/python3.11/pandas/tests/util/test_assert_interval_array_equal.py (deflated 77%)
  adding: Excelerate.app/Contents/Resources/lib/python3.11/pandas/tests/util/__init__.py (stored 0%)
  adding: Excelerate.app/Contents/Resources/lib/python3.11/pandas/tests/util/test_assert_attr_equal.py (deflated 68%)
  adding: Excelerate.app/Contents/Resources/lib/python3.11/pandas/tests/util/__pycache__/ (stored 0%)
  adding: Excelerate.app/Contents/Resources/lib/python3.11/pandas/tests/util/__pycache__/test_assert_almost_equal.cpython-311.pyc (deflated 69%)
  adding: Excelerate.app/Contents/Resources/lib/python3.11/pandas/tests/util/__pycache__/test_deprecate.cpython-311.pyc (deflated 57%)
  adding: Excelerate.app/Contents/Resources/lib/python3.11/pandas/tests/util/__pycache__/test_assert_extension_array_equal.cpython-311.pyc (deflated 61%)
  adding: Excelerate.app/Contents/Resources/lib/python3.11/pandas/tests/util/__pycache__/test_hashing.cpython-311.pyc (deflated 61%)
  adding: Excelerate.app/Contents/Resources/lib/python3.11/pandas/tests/util/__pycache__/test_show_versions.cpython-311.pyc (deflated 53%)
  adding: Excelerate.app/Contents/Resources/lib/python3.11/pandas/tests/util/__pycache__/test_validate_inclusive.cpython-311.pyc (deflated 45%)
  adding: Excelerate.app/Contents/Resources/lib/python3.11/pandas/tests/util/__pycache__/test_util.cpython-311.pyc (deflated 49%)
  adding: Excelerate.app/Contents/Resources/lib/python3.11/pandas/tests/util/__pycache__/test_doc.cpython-311.pyc (deflated 62%)
  adding: Excelerate.app/Contents/Resources/lib/python3.11/pandas/tests/util/__pycache__/test_assert_attr_equal.cpython-311.pyc (deflated 51%)
  adding: Excelerate.app/Contents/Resources/lib/python3.11/pandas/tests/util/__pycache__/test_numba.cpython-311.pyc (deflated 44%)
  adding: Excelerate.app/Contents/Resources/lib/python3.11/pandas/tests/util/__pycache__/test_assert_index_equal.cpython-311.pyc (deflated 70%)
  adding: Excelerate.app/Contents/Resources/lib/python3.11/pandas/tests/util/__pycache__/test_assert_series_equal.cpython-311.pyc (deflated 68%)
  adding: Excelerate.app/Contents/Resources/lib/python3.11/pandas/tests/util/__pycache__/test_assert_interval_array_equal.cpython-311.pyc (deflated 66%)
  adding: Excelerate.app/Contents/Resources/lib/python3.11/pandas/tests/util/__pycache__/test_shares_memory.cpython-311.pyc (deflated 55%)
  adding: Excelerate.app/Contents/Resources/lib/python3.11/pandas/tests/util/__pycache__/test_assert_numpy_array_equal.cpython-311.pyc (deflated 72%)
  adding: Excelerate.app/Contents/Resources/lib/python3.11/pandas/tests/util/__pycache__/conftest.cpython-311.pyc (deflated 60%)
  adding: Excelerate.app/Contents/Resources/lib/python3.11/pandas/tests/util/__pycache__/test_rewrite_warning.cpython-311.pyc (deflated 46%)
  adding: Excelerate.app/Contents/Resources/lib/python3.11/pandas/tests/util/__pycache__/test_validate_kwargs.cpython-311.pyc (deflated 52%)
  adding: Excelerate.app/Contents/Resources/lib/python3.11/pandas/tests/util/__pycache__/test_validate_args_and_kwargs.cpython-311.pyc (deflated 57%)
  adding: Excelerate.app/Contents/Resources/lib/python3.11/pandas/tests/util/__pycache__/test_deprecate_nonkeyword_arguments.cpython-311.pyc (deflated 71%)
  adding: Excelerate.app/Contents/Resources/lib/python3.11/pandas/tests/util/__pycache__/test_assert_categorical_equal.cpython-311.pyc (deflated 64%)
  adding: Excelerate.app/Contents/Resources/lib/python3.11/pandas/tests/util/__pycache__/test_deprecate_kwarg.cpython-311.pyc (deflated 60%)
  adding: Excelerate.app/Contents/Resources/lib/python3.11/pandas/tests/util/__pycache__/test_assert_produces_warning.cpython-311.pyc (deflated 69%)
  adding: Excelerate.app/Contents/Resources/lib/python3.11/pandas/tests/util/__pycache__/test_validate_args.cpython-311.pyc (deflated 55%)
  adding: Excelerate.app/Contents/Resources/lib/python3.11/pandas/tests/util/__pycache__/__init__.cpython-311.pyc (deflated 18%)
  adding: Excelerate.app/Contents/Resources/lib/python3.11/pandas/tests/util/__pycache__/test_assert_frame_equal.cpython-311.pyc (deflated 68%)
  adding: Excelerate.app/Contents/Resources/lib/python3.11/pandas/tests/util/test_util.py (deflated 56%)
  adding: Excelerate.app/Contents/Resources/lib/python3.11/pandas/tests/util/test_assert_index_equal.py (deflated 83%)
  adding: Excelerate.app/Contents/Resources/lib/python3.11/pandas/tests/util/test_shares_memory.py (deflated 66%)
  adding: Excelerate.app/Contents/Resources/lib/python3.11/pandas/tests/util/test_validate_args.py (deflated 70%)
  adding: Excelerate.app/Contents/Resources/lib/python3.11/pandas/tests/util/test_validate_kwargs.py (deflated 65%)
  adding: Excelerate.app/Contents/Resources/lib/python3.11/pandas/tests/util/test_assert_categorical_equal.py (deflated 78%)
  adding: Excelerate.app/Contents/Resources/lib/python3.11/pandas/tests/util/test_assert_numpy_array_equal.py (deflated 82%)
  adding: Excelerate.app/Contents/Resources/lib/python3.11/pandas/tests/util/test_assert_extension_array_equal.py (deflated 73%)
  adding: Excelerate.app/Contents/Resources/lib/python3.11/pandas/tests/util/test_deprecate.py (deflated 71%)
  adding: Excelerate.app/Contents/Resources/lib/python3.11/pandas/tests/util/test_hashing.py (deflated 70%)
  adding: Excelerate.app/Contents/Resources/lib/python3.11/pandas/tests/util/test_validate_inclusive.py (deflated 61%)
  adding: Excelerate.app/Contents/Resources/lib/python3.11/pandas/tests/util/test_assert_produces_warning.py (deflated 81%)
  adding: Excelerate.app/Contents/Resources/lib/python3.11/pandas/tests/util/test_numba.py (deflated 40%)
  adding: Excelerate.app/Contents/Resources/lib/python3.11/pandas/tests/util/test_doc.py (deflated 73%)
  adding: Excelerate.app/Contents/Resources/lib/python3.11/pandas/tests/util/test_deprecate_kwarg.py (deflated 67%)
  adding: Excelerate.app/Contents/Resources/lib/python3.11/pandas/tests/util/test_assert_almost_equal.py (deflated 81%)
  adding: Excelerate.app/Contents/Resources/lib/python3.11/pandas/tests/util/test_rewrite_warning.py (deflated 68%)
  adding: Excelerate.app/Contents/Resources/lib/python3.11/pandas/tests/config/ (stored 0%)
  adding: Excelerate.app/Contents/Resources/lib/python3.11/pandas/tests/config/test_localization.py (deflated 71%)
  adding: Excelerate.app/Contents/Resources/lib/python3.11/pandas/tests/config/__init__.py (stored 0%)
  adding: Excelerate.app/Contents/Resources/lib/python3.11/pandas/tests/config/__pycache__/ (stored 0%)
  adding: Excelerate.app/Contents/Resources/lib/python3.11/pandas/tests/config/__pycache__/test_localization.cpython-311.pyc (deflated 58%)
  adding: Excelerate.app/Contents/Resources/lib/python3.11/pandas/tests/config/__pycache__/test_config.cpython-311.pyc (deflated 72%)
  adding: Excelerate.app/Contents/Resources/lib/python3.11/pandas/tests/config/__pycache__/__init__.cpython-311.pyc (deflated 18%)
  adding: Excelerate.app/Contents/Resources/lib/python3.11/pandas/tests/config/test_config.py (deflated 81%)
  adding: Excelerate.app/Contents/Resources/lib/python3.11/pandas/tests/test_errors.py (deflated 68%)
  adding: Excelerate.app/Contents/Resources/lib/python3.11/pandas/tests/test_sorting.py (deflated 76%)
  adding: Excelerate.app/Contents/Resources/lib/python3.11/pandas/tests/io/ (stored 0%)
  adding: Excelerate.app/Contents/Resources/lib/python3.11/pandas/tests/io/test_parquet.py (deflated 80%)
  adding: Excelerate.app/Contents/Resources/lib/python3.11/pandas/tests/io/test_fsspec.py (deflated 79%)
  adding: Excelerate.app/Contents/Resources/lib/python3.11/pandas/tests/io/test_compression.py (deflated 78%)
  adding: Excelerate.app/Contents/Resources/lib/python3.11/pandas/tests/io/conftest.py (deflated 69%)
  adding: Excelerate.app/Contents/Resources/lib/python3.11/pandas/tests/io/test_common.py (deflated 75%)
  adding: Excelerate.app/Contents/Resources/lib/python3.11/pandas/tests/io/formats/ (stored 0%)
  adding: Excelerate.app/Contents/Resources/lib/python3.11/pandas/tests/io/formats/test_to_string.py (deflated 79%)
  adding: Excelerate.app/Contents/Resources/lib/python3.11/pandas/tests/io/formats/test_console.py (deflated 68%)
  adding: Excelerate.app/Contents/Resources/lib/python3.11/pandas/tests/io/formats/test_to_latex.py (deflated 86%)
  adding: Excelerate.app/Contents/Resources/lib/python3.11/pandas/tests/io/formats/test_to_html.py (deflated 79%)
  adding: Excelerate.app/Contents/Resources/lib/python3.11/pandas/tests/io/formats/__init__.py (stored 0%)
  adding: Excelerate.app/Contents/Resources/lib/python3.11/pandas/tests/io/formats/style/ (stored 0%)
  adding: Excelerate.app/Contents/Resources/lib/python3.11/pandas/tests/io/formats/style/test_to_string.py (deflated 75%)
  adding: Excelerate.app/Contents/Resources/lib/python3.11/pandas/tests/io/formats/style/test_to_latex.py (deflated 81%)
  adding: Excelerate.app/Contents/Resources/lib/python3.11/pandas/tests/io/formats/style/test_tooltip.py (deflated 70%)
  adding: Excelerate.app/Contents/Resources/lib/python3.11/pandas/tests/io/formats/style/test_exceptions.py (deflated 58%)
  adding: Excelerate.app/Contents/Resources/lib/python3.11/pandas/tests/io/formats/style/__init__.py (stored 0%)
  adding: Excelerate.app/Contents/Resources/lib/python3.11/pandas/tests/io/formats/style/test_html.py (deflated 81%)
  adding: Excelerate.app/Contents/Resources/lib/python3.11/pandas/tests/io/formats/style/__pycache__/ (stored 0%)
  adding: Excelerate.app/Contents/Resources/lib/python3.11/pandas/tests/io/formats/style/__pycache__/test_tooltip.cpython-311.pyc (deflated 55%)
  adding: Excelerate.app/Contents/Resources/lib/python3.11/pandas/tests/io/formats/style/__pycache__/test_to_latex.cpython-311.pyc (deflated 67%)
  adding: Excelerate.app/Contents/Resources/lib/python3.11/pandas/tests/io/formats/style/__pycache__/test_matplotlib.cpython-311.pyc (deflated 62%)
  adding: Excelerate.app/Contents/Resources/lib/python3.11/pandas/tests/io/formats/style/__pycache__/test_to_string.cpython-311.pyc (deflated 60%)
  adding: Excelerate.app/Contents/Resources/lib/python3.11/pandas/tests/io/formats/style/__pycache__/test_format.cpython-311.pyc (deflated 69%)
  adding: Excelerate.app/Contents/Resources/lib/python3.11/pandas/tests/io/formats/style/__pycache__/test_html.cpython-311.pyc (deflated 69%)
  adding: Excelerate.app/Contents/Resources/lib/python3.11/pandas/tests/io/formats/style/__pycache__/test_style.cpython-311.pyc (deflated 68%)
  adding: Excelerate.app/Contents/Resources/lib/python3.11/pandas/tests/io/formats/style/__pycache__/test_bar.cpython-311.pyc (deflated 63%)
  adding: Excelerate.app/Contents/Resources/lib/python3.11/pandas/tests/io/formats/style/__pycache__/test_highlight.cpython-311.pyc (deflated 58%)
  adding: Excelerate.app/Contents/Resources/lib/python3.11/pandas/tests/io/formats/style/__pycache__/test_exceptions.cpython-311.pyc (deflated 51%)
  adding: Excelerate.app/Contents/Resources/lib/python3.11/pandas/tests/io/formats/style/__pycache__/test_non_unique.cpython-311.pyc (deflated 63%)
  adding: Excelerate.app/Contents/Resources/lib/python3.11/pandas/tests/io/formats/style/__pycache__/__init__.cpython-311.pyc (deflated 19%)
  adding: Excelerate.app/Contents/Resources/lib/python3.11/pandas/tests/io/formats/style/test_highlight.py (deflated 77%)
  adding: Excelerate.app/Contents/Resources/lib/python3.11/pandas/tests/io/formats/style/test_non_unique.py (deflated 74%)
  adding: Excelerate.app/Contents/Resources/lib/python3.11/pandas/tests/io/formats/style/test_style.py (deflated 80%)
  adding: Excelerate.app/Contents/Resources/lib/python3.11/pandas/tests/io/formats/style/test_format.py (deflated 80%)
  adding: Excelerate.app/Contents/Resources/lib/python3.11/pandas/tests/io/formats/style/test_bar.py (deflated 78%)
  adding: Excelerate.app/Contents/Resources/lib/python3.11/pandas/tests/io/formats/style/test_matplotlib.py (deflated 76%)
  adding: Excelerate.app/Contents/Resources/lib/python3.11/pandas/tests/io/formats/__pycache__/ (stored 0%)
  adding: Excelerate.app/Contents/Resources/lib/python3.11/pandas/tests/io/formats/__pycache__/test_ipython_compat.cpython-311.pyc (deflated 59%)
  adding: Excelerate.app/Contents/Resources/lib/python3.11/pandas/tests/io/formats/__pycache__/test_to_latex.cpython-311.pyc (deflated 77%)
  adding: Excelerate.app/Contents/Resources/lib/python3.11/pandas/tests/io/formats/__pycache__/test_to_string.cpython-311.pyc (deflated 67%)
  adding: Excelerate.app/Contents/Resources/lib/python3.11/pandas/tests/io/formats/__pycache__/test_format.cpython-311.pyc (deflated 69%)
  adding: Excelerate.app/Contents/Resources/lib/python3.11/pandas/tests/io/formats/__pycache__/test_eng_formatting.cpython-311.pyc (deflated 61%)
  adding: Excelerate.app/Contents/Resources/lib/python3.11/pandas/tests/io/formats/__pycache__/test_console.cpython-311.pyc (deflated 57%)
  adding: Excelerate.app/Contents/Resources/lib/python3.11/pandas/tests/io/formats/__pycache__/test_css.cpython-311.pyc (deflated 58%)
  adding: Excelerate.app/Contents/Resources/lib/python3.11/pandas/tests/io/formats/__pycache__/test_printing.cpython-311.pyc (deflated 64%)
  adding: Excelerate.app/Contents/Resources/lib/python3.11/pandas/tests/io/formats/__pycache__/test_to_html.cpython-311.pyc (deflated 66%)
  adding: Excelerate.app/Contents/Resources/lib/python3.11/pandas/tests/io/formats/__pycache__/test_to_csv.cpython-311.pyc (deflated 68%)
  adding: Excelerate.app/Contents/Resources/lib/python3.11/pandas/tests/io/formats/__pycache__/test_to_excel.cpython-311.pyc (deflated 57%)
  adding: Excelerate.app/Contents/Resources/lib/python3.11/pandas/tests/io/formats/__pycache__/test_to_markdown.cpython-311.pyc (deflated 60%)
  adding: Excelerate.app/Contents/Resources/lib/python3.11/pandas/tests/io/formats/__pycache__/__init__.cpython-311.pyc (deflated 19%)
  adding: Excelerate.app/Contents/Resources/lib/python3.11/pandas/tests/io/formats/test_eng_formatting.py (deflated 81%)
  adding: Excelerate.app/Contents/Resources/lib/python3.11/pandas/tests/io/formats/test_printing.py (deflated 75%)
  adding: Excelerate.app/Contents/Resources/lib/python3.11/pandas/tests/io/formats/test_css.py (deflated 78%)
  adding: Excelerate.app/Contents/Resources/lib/python3.11/pandas/tests/io/formats/test_ipython_compat.py (deflated 73%)
  adding: Excelerate.app/Contents/Resources/lib/python3.11/pandas/tests/io/formats/test_to_excel.py (deflated 82%)
  adding: Excelerate.app/Contents/Resources/lib/python3.11/pandas/tests/io/formats/test_to_markdown.py (deflated 69%)
  adding: Excelerate.app/Contents/Resources/lib/python3.11/pandas/tests/io/formats/test_format.py (deflated 83%)
  adding: Excelerate.app/Contents/Resources/lib/python3.11/pandas/tests/io/formats/test_to_csv.py (deflated 80%)
  adding: Excelerate.app/Contents/Resources/lib/python3.11/pandas/tests/io/test_pickle.py (deflated 77%)
  adding: Excelerate.app/Contents/Resources/lib/python3.11/pandas/tests/io/test_orc.py (deflated 80%)
  adding: Excelerate.app/Contents/Resources/lib/python3.11/pandas/tests/io/excel/ (stored 0%)
  adding: Excelerate.app/Contents/Resources/lib/python3.11/pandas/tests/io/excel/test_readers.py (deflated 81%)
  adding: Excelerate.app/Contents/Resources/lib/python3.11/pandas/tests/io/excel/test_odswriter.py (deflated 63%)
  adding: Excelerate.app/Contents/Resources/lib/python3.11/pandas/tests/io/excel/test_xlsxwriter.py (deflated 65%)
  adding: Excelerate.app/Contents/Resources/lib/python3.11/pandas/tests/io/excel/test_writers.py (deflated 81%)
  adding: Excelerate.app/Contents/Resources/lib/python3.11/pandas/tests/io/excel/test_odf.py (deflated 63%)
  adding: Excelerate.app/Contents/Resources/lib/python3.11/pandas/tests/io/excel/__init__.py (stored 0%)
  adding: Excelerate.app/Contents/Resources/lib/python3.11/pandas/tests/io/excel/__pycache__/ (stored 0%)
  adding: Excelerate.app/Contents/Resources/lib/python3.11/pandas/tests/io/excel/__pycache__/test_xlsxwriter.cpython-311.pyc (deflated 53%)
  adding: Excelerate.app/Contents/Resources/lib/python3.11/pandas/tests/io/excel/__pycache__/test_odswriter.cpython-311.pyc (deflated 53%)
  adding: Excelerate.app/Contents/Resources/lib/python3.11/pandas/tests/io/excel/__pycache__/test_xlrd.cpython-311.pyc (deflated 47%)
  adding: Excelerate.app/Contents/Resources/lib/python3.11/pandas/tests/io/excel/__pycache__/test_readers.cpython-311.pyc (deflated 66%)
  adding: Excelerate.app/Contents/Resources/lib/python3.11/pandas/tests/io/excel/__pycache__/test_odf.cpython-311.pyc (deflated 52%)
  adding: Excelerate.app/Contents/Resources/lib/python3.11/pandas/tests/io/excel/__pycache__/test_openpyxl.cpython-311.pyc (deflated 60%)
  adding: Excelerate.app/Contents/Resources/lib/python3.11/pandas/tests/io/excel/__pycache__/test_writers.cpython-311.pyc (deflated 68%)
  adding: Excelerate.app/Contents/Resources/lib/python3.11/pandas/tests/io/excel/__pycache__/test_style.cpython-311.pyc (deflated 64%)
  adding: Excelerate.app/Contents/Resources/lib/python3.11/pandas/tests/io/excel/__pycache__/__init__.cpython-311.pyc (deflated 19%)
  adding: Excelerate.app/Contents/Resources/lib/python3.11/pandas/tests/io/excel/test_openpyxl.py (deflated 75%)
  adding: Excelerate.app/Contents/Resources/lib/python3.11/pandas/tests/io/excel/test_xlrd.py (deflated 59%)
  adding: Excelerate.app/Contents/Resources/lib/python3.11/pandas/tests/io/excel/test_style.py (deflated 78%)
  adding: Excelerate.app/Contents/Resources/lib/python3.11/pandas/tests/io/test_clipboard.py (deflated 73%)
  adding: Excelerate.app/Contents/Resources/lib/python3.11/pandas/tests/io/__init__.py (stored 0%)
  adding: Excelerate.app/Contents/Resources/lib/python3.11/pandas/tests/io/test_stata.py (deflated 81%)
  adding: Excelerate.app/Contents/Resources/lib/python3.11/pandas/tests/io/test_html.py (deflated 82%)
  adding: Excelerate.app/Contents/Resources/lib/python3.11/pandas/tests/io/__pycache__/ (stored 0%)
  adding: Excelerate.app/Contents/Resources/lib/python3.11/pandas/tests/io/__pycache__/test_orc.cpython-311.pyc (deflated 65%)
  adding: Excelerate.app/Contents/Resources/lib/python3.11/pandas/tests/io/__pycache__/test_common.cpython-311.pyc (deflated 63%)
  adding: Excelerate.app/Contents/Resources/lib/python3.11/pandas/tests/io/__pycache__/test_fsspec.cpython-311.pyc (deflated 63%)
  adding: Excelerate.app/Contents/Resources/lib/python3.11/pandas/tests/io/__pycache__/test_gcs.cpython-311.pyc (deflated 53%)
  adding: Excelerate.app/Contents/Resources/lib/python3.11/pandas/tests/io/__pycache__/test_compression.cpython-311.pyc (deflated 66%)
  adding: Excelerate.app/Contents/Resources/lib/python3.11/pandas/tests/io/__pycache__/test_feather.cpython-311.pyc (deflated 62%)
  adding: Excelerate.app/Contents/Resources/lib/python3.11/pandas/tests/io/__pycache__/conftest.cpython-311.pyc (deflated 55%)
  adding: Excelerate.app/Contents/Resources/lib/python3.11/pandas/tests/io/__pycache__/test_sql.cpython-311.pyc (deflated 69%)
  adding: Excelerate.app/Contents/Resources/lib/python3.11/pandas/tests/io/__pycache__/test_stata.cpython-311.pyc (deflated 69%)
  adding: Excelerate.app/Contents/Resources/lib/python3.11/pandas/tests/io/__pycache__/test_html.cpython-311.pyc (deflated 69%)
  adding: Excelerate.app/Contents/Resources/lib/python3.11/pandas/tests/io/__pycache__/test_parquet.cpython-311.pyc (deflated 66%)
  adding: Excelerate.app/Contents/Resources/lib/python3.11/pandas/tests/io/__pycache__/test_http_headers.cpython-311.pyc (deflated 53%)
  adding: Excelerate.app/Contents/Resources/lib/python3.11/pandas/tests/io/__pycache__/test_s3.cpython-311.pyc (deflated 45%)
  adding: Excelerate.app/Contents/Resources/lib/python3.11/pandas/tests/io/__pycache__/test_pickle.cpython-311.pyc (deflated 65%)
  adding: Excelerate.app/Contents/Resources/lib/python3.11/pandas/tests/io/__pycache__/test_clipboard.cpython-311.pyc (deflated 60%)
  adding: Excelerate.app/Contents/Resources/lib/python3.11/pandas/tests/io/__pycache__/test_gbq.cpython-311.pyc (deflated 57%)
  adding: Excelerate.app/Contents/Resources/lib/python3.11/pandas/tests/io/__pycache__/__init__.cpython-311.pyc (deflated 18%)
  adding: Excelerate.app/Contents/Resources/lib/python3.11/pandas/tests/io/__pycache__/generate_legacy_storage_files.cpython-311.pyc (deflated 55%)
  adding: Excelerate.app/Contents/Resources/lib/python3.11/pandas/tests/io/__pycache__/test_spss.cpython-311.pyc (deflated 60%)
  adding: Excelerate.app/Contents/Resources/lib/python3.11/pandas/tests/io/parser/ (stored 0%)
  adding: Excelerate.app/Contents/Resources/lib/python3.11/pandas/tests/io/parser/test_comment.py (deflated 79%)
  adding: Excelerate.app/Contents/Resources/lib/python3.11/pandas/tests/io/parser/test_multi_thread.py (deflated 65%)
  adding: Excelerate.app/Contents/Resources/lib/python3.11/pandas/tests/io/parser/test_compression.py (deflated 73%)
  adding: Excelerate.app/Contents/Resources/lib/python3.11/pandas/tests/io/parser/conftest.py (deflated 74%)
  adding: Excelerate.app/Contents/Resources/lib/python3.11/pandas/tests/io/parser/test_converters.py (deflated 76%)
  adding: Excelerate.app/Contents/Resources/lib/python3.11/pandas/tests/io/parser/test_concatenate_chunks.py (deflated 65%)
  adding: Excelerate.app/Contents/Resources/lib/python3.11/pandas/tests/io/parser/usecols/ (stored 0%)
  adding: Excelerate.app/Contents/Resources/lib/python3.11/pandas/tests/io/parser/usecols/test_usecols_basic.py (deflated 80%)
  adding: Excelerate.app/Contents/Resources/lib/python3.11/pandas/tests/io/parser/usecols/test_parse_dates.py (deflated 73%)
  adding: Excelerate.app/Contents/Resources/lib/python3.11/pandas/tests/io/parser/usecols/__init__.py (stored 0%)
  adding: Excelerate.app/Contents/Resources/lib/python3.11/pandas/tests/io/parser/usecols/__pycache__/ (stored 0%)
  adding: Excelerate.app/Contents/Resources/lib/python3.11/pandas/tests/io/parser/usecols/__pycache__/test_strings.cpython-311.pyc (deflated 52%)
  adding: Excelerate.app/Contents/Resources/lib/python3.11/pandas/tests/io/parser/usecols/__pycache__/test_parse_dates.cpython-311.pyc (deflated 55%)
  adding: Excelerate.app/Contents/Resources/lib/python3.11/pandas/tests/io/parser/usecols/__pycache__/test_usecols_basic.cpython-311.pyc (deflated 66%)
  adding: Excelerate.app/Contents/Resources/lib/python3.11/pandas/tests/io/parser/usecols/__pycache__/__init__.cpython-311.pyc (deflated 20%)
  adding: Excelerate.app/Contents/Resources/lib/python3.11/pandas/tests/io/parser/usecols/test_strings.py (deflated 71%)
  adding: Excelerate.app/Contents/Resources/lib/python3.11/pandas/tests/io/parser/test_parse_dates.py (deflated 84%)
  adding: Excelerate.app/Contents/Resources/lib/python3.11/pandas/tests/io/parser/test_c_parser_only.py (deflated 71%)
  adding: Excelerate.app/Contents/Resources/lib/python3.11/pandas/tests/io/parser/test_dialect.py (deflated 75%)
  adding: Excelerate.app/Contents/Resources/lib/python3.11/pandas/tests/io/parser/test_skiprows.py (deflated 75%)
  adding: Excelerate.app/Contents/Resources/lib/python3.11/pandas/tests/io/parser/test_encoding.py (deflated 70%)
  adding: Excelerate.app/Contents/Resources/lib/python3.11/pandas/tests/io/parser/__init__.py (stored 0%)
  adding: Excelerate.app/Contents/Resources/lib/python3.11/pandas/tests/io/parser/test_read_fwf.py (deflated 78%)
  adding: Excelerate.app/Contents/Resources/lib/python3.11/pandas/tests/io/parser/test_upcast.py (deflated 78%)
  adding: Excelerate.app/Contents/Resources/lib/python3.11/pandas/tests/io/parser/__pycache__/ (stored 0%)
  adding: Excelerate.app/Contents/Resources/lib/python3.11/pandas/tests/io/parser/__pycache__/test_header.cpython-311.pyc (deflated 66%)
  adding: Excelerate.app/Contents/Resources/lib/python3.11/pandas/tests/io/parser/__pycache__/test_textreader.cpython-311.pyc (deflated 65%)
  adding: Excelerate.app/Contents/Resources/lib/python3.11/pandas/tests/io/parser/__pycache__/test_index_col.cpython-311.pyc (deflated 59%)
  adding: Excelerate.app/Contents/Resources/lib/python3.11/pandas/tests/io/parser/__pycache__/test_read_fwf.cpython-311.pyc (deflated 64%)
  adding: Excelerate.app/Contents/Resources/lib/python3.11/pandas/tests/io/parser/__pycache__/test_python_parser_only.cpython-311.pyc (deflated 61%)
  adding: Excelerate.app/Contents/Resources/lib/python3.11/pandas/tests/io/parser/__pycache__/test_quoting.cpython-311.pyc (deflated 57%)
  adding: Excelerate.app/Contents/Resources/lib/python3.11/pandas/tests/io/parser/__pycache__/test_unsupported.cpython-311.pyc (deflated 62%)
  adding: Excelerate.app/Contents/Resources/lib/python3.11/pandas/tests/io/parser/__pycache__/test_network.cpython-311.pyc (deflated 62%)
  adding: Excelerate.app/Contents/Resources/lib/python3.11/pandas/tests/io/parser/__pycache__/test_dialect.cpython-311.pyc (deflated 57%)
  adding: Excelerate.app/Contents/Resources/lib/python3.11/pandas/tests/io/parser/__pycache__/test_mangle_dupes.cpython-311.pyc (deflated 58%)
  adding: Excelerate.app/Contents/Resources/lib/python3.11/pandas/tests/io/parser/__pycache__/test_compression.cpython-311.pyc (deflated 58%)
  adding: Excelerate.app/Contents/Resources/lib/python3.11/pandas/tests/io/parser/__pycache__/test_comment.cpython-311.pyc (deflated 65%)
  adding: Excelerate.app/Contents/Resources/lib/python3.11/pandas/tests/io/parser/__pycache__/test_converters.cpython-311.pyc (deflated 61%)
  adding: Excelerate.app/Contents/Resources/lib/python3.11/pandas/tests/io/parser/__pycache__/conftest.cpython-311.pyc (deflated 57%)
  adding: Excelerate.app/Contents/Resources/lib/python3.11/pandas/tests/io/parser/__pycache__/test_multi_thread.cpython-311.pyc (deflated 54%)
  adding: Excelerate.app/Contents/Resources/lib/python3.11/pandas/tests/io/parser/__pycache__/test_na_values.cpython-311.pyc (deflated 63%)
  adding: Excelerate.app/Contents/Resources/lib/python3.11/pandas/tests/io/parser/__pycache__/test_concatenate_chunks.cpython-311.pyc (deflated 53%)
  adding: Excelerate.app/Contents/Resources/lib/python3.11/pandas/tests/io/parser/__pycache__/test_c_parser_only.cpython-311.pyc (deflated 61%)
  adding: Excelerate.app/Contents/Resources/lib/python3.11/pandas/tests/io/parser/__pycache__/test_parse_dates.cpython-311.pyc (deflated 66%)
  adding: Excelerate.app/Contents/Resources/lib/python3.11/pandas/tests/io/parser/__pycache__/test_encoding.cpython-311.pyc (deflated 57%)
  adding: Excelerate.app/Contents/Resources/lib/python3.11/pandas/tests/io/parser/__pycache__/test_upcast.cpython-311.pyc (deflated 58%)
  adding: Excelerate.app/Contents/Resources/lib/python3.11/pandas/tests/io/parser/__pycache__/test_skiprows.cpython-311.pyc (deflated 60%)
  adding: Excelerate.app/Contents/Resources/lib/python3.11/pandas/tests/io/parser/__pycache__/__init__.cpython-311.pyc (deflated 18%)
  adding: Excelerate.app/Contents/Resources/lib/python3.11/pandas/tests/io/parser/test_unsupported.py (deflated 72%)
  adding: Excelerate.app/Contents/Resources/lib/python3.11/pandas/tests/io/parser/test_mangle_dupes.py (deflated 75%)
  adding: Excelerate.app/Contents/Resources/lib/python3.11/pandas/tests/io/parser/dtypes/ (stored 0%)
  adding: Excelerate.app/Contents/Resources/lib/python3.11/pandas/tests/io/parser/dtypes/test_dtypes_basic.py (deflated 78%)
  adding: Excelerate.app/Contents/Resources/lib/python3.11/pandas/tests/io/parser/dtypes/test_categorical.py (deflated 80%)
  adding: Excelerate.app/Contents/Resources/lib/python3.11/pandas/tests/io/parser/dtypes/__init__.py (stored 0%)
  adding: Excelerate.app/Contents/Resources/lib/python3.11/pandas/tests/io/parser/dtypes/__pycache__/ (stored 0%)
  adding: Excelerate.app/Contents/Resources/lib/python3.11/pandas/tests/io/parser/dtypes/__pycache__/test_categorical.cpython-311.pyc (deflated 63%)
  adding: Excelerate.app/Contents/Resources/lib/python3.11/pandas/tests/io/parser/dtypes/__pycache__/test_dtypes_basic.cpython-311.pyc (deflated 63%)
  adding: Excelerate.app/Contents/Resources/lib/python3.11/pandas/tests/io/parser/dtypes/__pycache__/test_empty.cpython-311.pyc (deflated 62%)
  adding: Excelerate.app/Contents/Resources/lib/python3.11/pandas/tests/io/parser/dtypes/__pycache__/__init__.cpython-311.pyc (deflated 19%)
  adding: Excelerate.app/Contents/Resources/lib/python3.11/pandas/tests/io/parser/dtypes/test_empty.py (deflated 81%)
  adding: Excelerate.app/Contents/Resources/lib/python3.11/pandas/tests/io/parser/test_python_parser_only.py (deflated 75%)
  adding: Excelerate.app/Contents/Resources/lib/python3.11/pandas/tests/io/parser/test_textreader.py (deflated 77%)
  adding: Excelerate.app/Contents/Resources/lib/python3.11/pandas/tests/io/parser/common/ (stored 0%)
  adding: Excelerate.app/Contents/Resources/lib/python3.11/pandas/tests/io/parser/common/test_common_basic.py (deflated 78%)
  adding: Excelerate.app/Contents/Resources/lib/python3.11/pandas/tests/io/parser/common/test_verbose.py (deflated 73%)
  adding: Excelerate.app/Contents/Resources/lib/python3.11/pandas/tests/io/parser/common/test_decimal.py (deflated 56%)
  adding: Excelerate.app/Contents/Resources/lib/python3.11/pandas/tests/io/parser/common/__init__.py (stored 0%)
  adding: Excelerate.app/Contents/Resources/lib/python3.11/pandas/tests/io/parser/common/__pycache__/ (stored 0%)
  adding: Excelerate.app/Contents/Resources/lib/python3.11/pandas/tests/io/parser/common/__pycache__/test_ints.cpython-311.pyc (deflated 58%)
  adding: Excelerate.app/Contents/Resources/lib/python3.11/pandas/tests/io/parser/common/__pycache__/test_index.cpython-311.pyc (deflated 60%)
  adding: Excelerate.app/Contents/Resources/lib/python3.11/pandas/tests/io/parser/common/__pycache__/test_verbose.cpython-311.pyc (deflated 60%)
  adding: Excelerate.app/Contents/Resources/lib/python3.11/pandas/tests/io/parser/common/__pycache__/test_inf.cpython-311.pyc (deflated 50%)
  adding: Excelerate.app/Contents/Resources/lib/python3.11/pandas/tests/io/parser/common/__pycache__/test_chunksize.cpython-311.pyc (deflated 63%)
  adding: Excelerate.app/Contents/Resources/lib/python3.11/pandas/tests/io/parser/common/__pycache__/test_decimal.cpython-311.pyc (deflated 38%)
  adding: Excelerate.app/Contents/Resources/lib/python3.11/pandas/tests/io/parser/common/__pycache__/test_data_list.cpython-311.pyc (deflated 54%)
  adding: Excelerate.app/Contents/Resources/lib/python3.11/pandas/tests/io/parser/common/__pycache__/test_float.cpython-311.pyc (deflated 47%)
  adding: Excelerate.app/Contents/Resources/lib/python3.11/pandas/tests/io/parser/common/__pycache__/test_common_basic.cpython-311.pyc (deflated 64%)
  adding: Excelerate.app/Contents/Resources/lib/python3.11/pandas/tests/io/parser/common/__pycache__/test_iterator.cpython-311.pyc (deflated 57%)
  adding: Excelerate.app/Contents/Resources/lib/python3.11/pandas/tests/io/parser/common/__pycache__/test_file_buffer_url.cpython-311.pyc (deflated 61%)
  adding: Excelerate.app/Contents/Resources/lib/python3.11/pandas/tests/io/parser/common/__pycache__/test_read_errors.cpython-311.pyc (deflated 61%)
  adding: Excelerate.app/Contents/Resources/lib/python3.11/pandas/tests/io/parser/common/__pycache__/__init__.cpython-311.pyc (deflated 19%)
  adding: Excelerate.app/Contents/Resources/lib/python3.11/pandas/tests/io/parser/common/test_read_errors.py (deflated 73%)
  adding: Excelerate.app/Contents/Resources/lib/python3.11/pandas/tests/io/parser/common/test_data_list.py (deflated 68%)
  adding: Excelerate.app/Contents/Resources/lib/python3.11/pandas/tests/io/parser/common/test_index.py (deflated 78%)
  adding: Excelerate.app/Contents/Resources/lib/python3.11/pandas/tests/io/parser/common/test_ints.py (deflated 73%)
  adding: Excelerate.app/Contents/Resources/lib/python3.11/pandas/tests/io/parser/common/test_float.py (deflated 62%)
  adding: Excelerate.app/Contents/Resources/lib/python3.11/pandas/tests/io/parser/common/test_chunksize.py (deflated 78%)
  adding: Excelerate.app/Contents/Resources/lib/python3.11/pandas/tests/io/parser/common/test_iterator.py (deflated 70%)
  adding: Excelerate.app/Contents/Resources/lib/python3.11/pandas/tests/io/parser/common/test_file_buffer_url.py (deflated 75%)
  adding: Excelerate.app/Contents/Resources/lib/python3.11/pandas/tests/io/parser/common/test_inf.py (deflated 61%)
  adding: Excelerate.app/Contents/Resources/lib/python3.11/pandas/tests/io/parser/test_network.py (deflated 78%)
  adding: Excelerate.app/Contents/Resources/lib/python3.11/pandas/tests/io/parser/test_na_values.py (deflated 79%)
  adding: Excelerate.app/Contents/Resources/lib/python3.11/pandas/tests/io/parser/test_quoting.py (deflated 73%)
  adding: Excelerate.app/Contents/Resources/lib/python3.11/pandas/tests/io/parser/test_header.py (deflated 80%)
  adding: Excelerate.app/Contents/Resources/lib/python3.11/pandas/tests/io/parser/test_index_col.py (deflated 75%)
  adding: Excelerate.app/Contents/Resources/lib/python3.11/pandas/tests/io/test_gcs.py (deflated 66%)
  adding: Excelerate.app/Contents/Resources/lib/python3.11/pandas/tests/io/xml/ (stored 0%)
  adding: Excelerate.app/Contents/Resources/lib/python3.11/pandas/tests/io/xml/conftest.py (deflated 75%)
  adding: Excelerate.app/Contents/Resources/lib/python3.11/pandas/tests/io/xml/test_xml.py (deflated 80%)
  adding: Excelerate.app/Contents/Resources/lib/python3.11/pandas/tests/io/xml/test_to_xml.py (deflated 83%)
  adding: Excelerate.app/Contents/Resources/lib/python3.11/pandas/tests/io/xml/__init__.py (stored 0%)
  adding: Excelerate.app/Contents/Resources/lib/python3.11/pandas/tests/io/xml/__pycache__/ (stored 0%)
  adding: Excelerate.app/Contents/Resources/lib/python3.11/pandas/tests/io/xml/__pycache__/conftest.cpython-311.pyc (deflated 59%)
  adding: Excelerate.app/Contents/Resources/lib/python3.11/pandas/tests/io/xml/__pycache__/test_xml_dtypes.cpython-311.pyc (deflated 70%)
  adding: Excelerate.app/Contents/Resources/lib/python3.11/pandas/tests/io/xml/__pycache__/__init__.cpython-311.pyc (deflated 18%)
  adding: Excelerate.app/Contents/Resources/lib/python3.11/pandas/tests/io/xml/__pycache__/test_to_xml.cpython-311.pyc (deflated 73%)
  adding: Excelerate.app/Contents/Resources/lib/python3.11/pandas/tests/io/xml/__pycache__/test_xml.cpython-311.pyc (deflated 68%)
  adding: Excelerate.app/Contents/Resources/lib/python3.11/pandas/tests/io/xml/test_xml_dtypes.py (deflated 85%)
  adding: Excelerate.app/Contents/Resources/lib/python3.11/pandas/tests/io/test_sql.py (deflated 82%)
  adding: Excelerate.app/Contents/Resources/lib/python3.11/pandas/tests/io/json/ (stored 0%)
  adding: Excelerate.app/Contents/Resources/lib/python3.11/pandas/tests/io/json/test_compression.py (deflated 72%)
  adding: Excelerate.app/Contents/Resources/lib/python3.11/pandas/tests/io/json/conftest.py (deflated 30%)
  adding: Excelerate.app/Contents/Resources/lib/python3.11/pandas/tests/io/json/test_deprecated_kwargs.py (deflated 55%)
  adding: Excelerate.app/Contents/Resources/lib/python3.11/pandas/tests/io/json/test_json_table_schema.py (deflated 83%)
  adding: Excelerate.app/Contents/Resources/lib/python3.11/pandas/tests/io/json/__init__.py (stored 0%)
  adding: Excelerate.app/Contents/Resources/lib/python3.11/pandas/tests/io/json/__pycache__/ (stored 0%)
  adding: Excelerate.app/Contents/Resources/lib/python3.11/pandas/tests/io/json/__pycache__/test_json_table_schema_ext_dtype.cpython-311.pyc (deflated 67%)
  adding: Excelerate.app/Contents/Resources/lib/python3.11/pandas/tests/io/json/__pycache__/test_readlines.cpython-311.pyc (deflated 66%)
  adding: Excelerate.app/Contents/Resources/lib/python3.11/pandas/tests/io/json/__pycache__/test_json_table_schema.cpython-311.pyc (deflated 65%)
  adding: Excelerate.app/Contents/Resources/lib/python3.11/pandas/tests/io/json/__pycache__/test_pandas.cpython-311.pyc (deflated 66%)
  adding: Excelerate.app/Contents/Resources/lib/python3.11/pandas/tests/io/json/__pycache__/test_compression.cpython-311.pyc (deflated 58%)
  adding: Excelerate.app/Contents/Resources/lib/python3.11/pandas/tests/io/json/__pycache__/conftest.cpython-311.pyc (deflated 28%)
  adding: Excelerate.app/Contents/Resources/lib/python3.11/pandas/tests/io/json/__pycache__/test_normalize.cpython-311.pyc (deflated 61%)
  adding: Excelerate.app/Contents/Resources/lib/python3.11/pandas/tests/io/json/__pycache__/test_deprecated_kwargs.cpython-311.pyc (deflated 50%)
  adding: Excelerate.app/Contents/Resources/lib/python3.11/pandas/tests/io/json/__pycache__/test_ujson.cpython-311.pyc (deflated 68%)
  adding: Excelerate.app/Contents/Resources/lib/python3.11/pandas/tests/io/json/__pycache__/__init__.cpython-311.pyc (deflated 19%)
  adding: Excelerate.app/Contents/Resources/lib/python3.11/pandas/tests/io/json/test_json_table_schema_ext_dtype.py (deflated 83%)
  adding: Excelerate.app/Contents/Resources/lib/python3.11/pandas/tests/io/json/test_readlines.py (deflated 81%)
  adding: Excelerate.app/Contents/Resources/lib/python3.11/pandas/tests/io/json/test_ujson.py (deflated 79%)
  adding: Excelerate.app/Contents/Resources/lib/python3.11/pandas/tests/io/json/test_pandas.py (deflated 79%)
  adding: Excelerate.app/Contents/Resources/lib/python3.11/pandas/tests/io/json/test_normalize.py (deflated 82%)
  adding: Excelerate.app/Contents/Resources/lib/python3.11/pandas/tests/io/test_gbq.py (deflated 58%)
  adding: Excelerate.app/Contents/Resources/lib/python3.11/pandas/tests/io/test_http_headers.py (deflated 67%)
  adding: Excelerate.app/Contents/Resources/lib/python3.11/pandas/tests/io/sas/ (stored 0%)
  adding: Excelerate.app/Contents/Resources/lib/python3.11/pandas/tests/io/sas/test_sas7bdat.py (deflated 76%)
  adding: Excelerate.app/Contents/Resources/lib/python3.11/pandas/tests/io/sas/test_sas.py (deflated 59%)
  adding: Excelerate.app/Contents/Resources/lib/python3.11/pandas/tests/io/sas/__init__.py (stored 0%)
  adding: Excelerate.app/Contents/Resources/lib/python3.11/pandas/tests/io/sas/__pycache__/ (stored 0%)
  adding: Excelerate.app/Contents/Resources/lib/python3.11/pandas/tests/io/sas/__pycache__/test_sas.cpython-311.pyc (deflated 49%)
  adding: Excelerate.app/Contents/Resources/lib/python3.11/pandas/tests/io/sas/__pycache__/test_xport.cpython-311.pyc (deflated 66%)
  adding: Excelerate.app/Contents/Resources/lib/python3.11/pandas/tests/io/sas/__pycache__/test_sas7bdat.cpython-311.pyc (deflated 63%)
  adding: Excelerate.app/Contents/Resources/lib/python3.11/pandas/tests/io/sas/__pycache__/__init__.cpython-311.pyc (deflated 19%)
  adding: Excelerate.app/Contents/Resources/lib/python3.11/pandas/tests/io/sas/__pycache__/test_byteswap.cpython-311.pyc (deflated 53%)
  adding: Excelerate.app/Contents/Resources/lib/python3.11/pandas/tests/io/sas/test_byteswap.py (deflated 68%)
  adding: Excelerate.app/Contents/Resources/lib/python3.11/pandas/tests/io/sas/test_xport.py (deflated 75%)
  adding: Excelerate.app/Contents/Resources/lib/python3.11/pandas/tests/io/test_feather.py (deflated 76%)
  adding: Excelerate.app/Contents/Resources/lib/python3.11/pandas/tests/io/test_spss.py (deflated 77%)
  adding: Excelerate.app/Contents/Resources/lib/python3.11/pandas/tests/io/pytables/ (stored 0%)
  adding: Excelerate.app/Contents/Resources/lib/python3.11/pandas/tests/io/pytables/conftest.py (deflated 23%)
  adding: Excelerate.app/Contents/Resources/lib/python3.11/pandas/tests/io/pytables/test_time_series.py (deflated 74%)
  adding: Excelerate.app/Contents/Resources/lib/python3.11/pandas/tests/io/pytables/test_put.py (deflated 79%)
  adding: Excelerate.app/Contents/Resources/lib/python3.11/pandas/tests/io/pytables/test_errors.py (deflated 72%)
  adding: Excelerate.app/Contents/Resources/lib/python3.11/pandas/tests/io/pytables/test_select.py (deflated 84%)
  adding: Excelerate.app/Contents/Resources/lib/python3.11/pandas/tests/io/pytables/test_categorical.py (deflated 76%)
  adding: Excelerate.app/Contents/Resources/lib/python3.11/pandas/tests/io/pytables/test_append.py (deflated 82%)
  adding: Excelerate.app/Contents/Resources/lib/python3.11/pandas/tests/io/pytables/test_keys.py (deflated 66%)
  adding: Excelerate.app/Contents/Resources/lib/python3.11/pandas/tests/io/pytables/test_pytables_missing.py (deflated 37%)
  adding: Excelerate.app/Contents/Resources/lib/python3.11/pandas/tests/io/pytables/test_timezones.py (deflated 75%)
  adding: Excelerate.app/Contents/Resources/lib/python3.11/pandas/tests/io/pytables/__init__.py (stored 0%)
  adding: Excelerate.app/Contents/Resources/lib/python3.11/pandas/tests/io/pytables/test_subclass.py (deflated 70%)
  adding: Excelerate.app/Contents/Resources/lib/python3.11/pandas/tests/io/pytables/__pycache__/ (stored 0%)
  adding: Excelerate.app/Contents/Resources/lib/python3.11/pandas/tests/io/pytables/__pycache__/test_put.cpython-311.pyc (deflated 67%)
  adding: Excelerate.app/Contents/Resources/lib/python3.11/pandas/tests/io/pytables/__pycache__/test_compat.cpython-311.pyc (deflated 52%)
  adding: Excelerate.app/Contents/Resources/lib/python3.11/pandas/tests/io/pytables/__pycache__/test_store.cpython-311.pyc (deflated 68%)
  adding: Excelerate.app/Contents/Resources/lib/python3.11/pandas/tests/io/pytables/__pycache__/test_append.cpython-311.pyc (deflated 70%)
  adding: Excelerate.app/Contents/Resources/lib/python3.11/pandas/tests/io/pytables/__pycache__/test_errors.cpython-311.pyc (deflated 61%)
  adding: Excelerate.app/Contents/Resources/lib/python3.11/pandas/tests/io/pytables/__pycache__/test_time_series.cpython-311.pyc (deflated 61%)
  adding: Excelerate.app/Contents/Resources/lib/python3.11/pandas/tests/io/pytables/__pycache__/test_retain_attributes.cpython-311.pyc (deflated 56%)
  adding: Excelerate.app/Contents/Resources/lib/python3.11/pandas/tests/io/pytables/__pycache__/common.cpython-311.pyc (deflated 43%)
  adding: Excelerate.app/Contents/Resources/lib/python3.11/pandas/tests/io/pytables/__pycache__/test_categorical.cpython-311.pyc (deflated 63%)
  adding: Excelerate.app/Contents/Resources/lib/python3.11/pandas/tests/io/pytables/__pycache__/test_subclass.cpython-311.pyc (deflated 56%)
  adding: Excelerate.app/Contents/Resources/lib/python3.11/pandas/tests/io/pytables/__pycache__/conftest.cpython-311.pyc (deflated 30%)
  adding: Excelerate.app/Contents/Resources/lib/python3.11/pandas/tests/io/pytables/__pycache__/test_timezones.cpython-311.pyc (deflated 63%)
  adding: Excelerate.app/Contents/Resources/lib/python3.11/pandas/tests/io/pytables/__pycache__/test_file_handling.cpython-311.pyc (deflated 68%)
  adding: Excelerate.app/Contents/Resources/lib/python3.11/pandas/tests/io/pytables/__pycache__/test_complex.cpython-311.pyc (deflated 67%)
  adding: Excelerate.app/Contents/Resources/lib/python3.11/pandas/tests/io/pytables/__pycache__/test_round_trip.cpython-311.pyc (deflated 66%)
  adding: Excelerate.app/Contents/Resources/lib/python3.11/pandas/tests/io/pytables/__pycache__/test_keys.cpython-311.pyc (deflated 58%)
  adding: Excelerate.app/Contents/Resources/lib/python3.11/pandas/tests/io/pytables/__pycache__/test_read.cpython-311.pyc (deflated 65%)
  adding: Excelerate.app/Contents/Resources/lib/python3.11/pandas/tests/io/pytables/__pycache__/test_pytables_missing.cpython-311.pyc (deflated 43%)
  adding: Excelerate.app/Contents/Resources/lib/python3.11/pandas/tests/io/pytables/__pycache__/test_select.cpython-311.pyc (deflated 72%)
  adding: Excelerate.app/Contents/Resources/lib/python3.11/pandas/tests/io/pytables/__pycache__/__init__.cpython-311.pyc (deflated 19%)
  adding: Excelerate.app/Contents/Resources/lib/python3.11/pandas/tests/io/pytables/test_round_trip.py (deflated 80%)
  adding: Excelerate.app/Contents/Resources/lib/python3.11/pandas/tests/io/pytables/test_store.py (deflated 80%)
  adding: Excelerate.app/Contents/Resources/lib/python3.11/pandas/tests/io/pytables/common.py (deflated 55%)
  adding: Excelerate.app/Contents/Resources/lib/python3.11/pandas/tests/io/pytables/test_compat.py (deflated 69%)
  adding: Excelerate.app/Contents/Resources/lib/python3.11/pandas/tests/io/pytables/test_retain_attributes.py (deflated 71%)
  adding: Excelerate.app/Contents/Resources/lib/python3.11/pandas/tests/io/pytables/test_complex.py (deflated 83%)
  adding: Excelerate.app/Contents/Resources/lib/python3.11/pandas/tests/io/pytables/test_read.py (deflated 76%)
  adding: Excelerate.app/Contents/Resources/lib/python3.11/pandas/tests/io/pytables/test_file_handling.py (deflated 78%)
  adding: Excelerate.app/Contents/Resources/lib/python3.11/pandas/tests/io/generate_legacy_storage_files.py (deflated 70%)
  adding: Excelerate.app/Contents/Resources/lib/python3.11/pandas/tests/io/test_s3.py (deflated 58%)
  adding: Excelerate.app/Contents/Resources/lib/python3.11/pandas/tests/tseries/ (stored 0%)
  adding: Excelerate.app/Contents/Resources/lib/python3.11/pandas/tests/tseries/holiday/ (stored 0%)
  adding: Excelerate.app/Contents/Resources/lib/python3.11/pandas/tests/tseries/holiday/__init__.py (stored 0%)
  adding: Excelerate.app/Contents/Resources/lib/python3.11/pandas/tests/tseries/holiday/__pycache__/ (stored 0%)
  adding: Excelerate.app/Contents/Resources/lib/python3.11/pandas/tests/tseries/holiday/__pycache__/test_observance.cpython-311.pyc (deflated 65%)
  adding: Excelerate.app/Contents/Resources/lib/python3.11/pandas/tests/tseries/holiday/__pycache__/test_calendar.cpython-311.pyc (deflated 58%)
  adding: Excelerate.app/Contents/Resources/lib/python3.11/pandas/tests/tseries/holiday/__pycache__/test_federal.cpython-311.pyc (deflated 58%)
  adding: Excelerate.app/Contents/Resources/lib/python3.11/pandas/tests/tseries/holiday/__pycache__/test_holiday.cpython-311.pyc (deflated 60%)
  adding: Excelerate.app/Contents/Resources/lib/python3.11/pandas/tests/tseries/holiday/__pycache__/__init__.cpython-311.pyc (deflated 19%)
  adding: Excelerate.app/Contents/Resources/lib/python3.11/pandas/tests/tseries/holiday/test_observance.py (deflated 79%)
  adding: Excelerate.app/Contents/Resources/lib/python3.11/pandas/tests/tseries/holiday/test_federal.py (deflated 64%)
  adding: Excelerate.app/Contents/Resources/lib/python3.11/pandas/tests/tseries/holiday/test_calendar.py (deflated 67%)
  adding: Excelerate.app/Contents/Resources/lib/python3.11/pandas/tests/tseries/holiday/test_holiday.py (deflated 77%)
  adding: Excelerate.app/Contents/Resources/lib/python3.11/pandas/tests/tseries/frequencies/ (stored 0%)
  adding: Excelerate.app/Contents/Resources/lib/python3.11/pandas/tests/tseries/frequencies/test_inference.py (deflated 76%)
  adding: Excelerate.app/Contents/Resources/lib/python3.11/pandas/tests/tseries/frequencies/__init__.py (stored 0%)
  adding: Excelerate.app/Contents/Resources/lib/python3.11/pandas/tests/tseries/frequencies/__pycache__/ (stored 0%)
  adding: Excelerate.app/Contents/Resources/lib/python3.11/pandas/tests/tseries/frequencies/__pycache__/test_frequencies.cpython-311.pyc (deflated 47%)
  adding: Excelerate.app/Contents/Resources/lib/python3.11/pandas/tests/tseries/frequencies/__pycache__/test_freq_code.cpython-311.pyc (deflated 50%)
  adding: Excelerate.app/Contents/Resources/lib/python3.11/pandas/tests/tseries/frequencies/__pycache__/test_inference.cpython-311.pyc (deflated 62%)
  adding: Excelerate.app/Contents/Resources/lib/python3.11/pandas/tests/tseries/frequencies/__pycache__/__init__.cpython-311.pyc (deflated 20%)
  adding: Excelerate.app/Contents/Resources/lib/python3.11/pandas/tests/tseries/frequencies/test_frequencies.py (deflated 65%)
  adding: Excelerate.app/Contents/Resources/lib/python3.11/pandas/tests/tseries/frequencies/test_freq_code.py (deflated 62%)
  adding: Excelerate.app/Contents/Resources/lib/python3.11/pandas/tests/tseries/__init__.py (stored 0%)
  adding: Excelerate.app/Contents/Resources/lib/python3.11/pandas/tests/tseries/__pycache__/ (stored 0%)
  adding: Excelerate.app/Contents/Resources/lib/python3.11/pandas/tests/tseries/__pycache__/__init__.cpython-311.pyc (deflated 19%)
  adding: Excelerate.app/Contents/Resources/lib/python3.11/pandas/tests/tseries/offsets/ (stored 0%)
  adding: Excelerate.app/Contents/Resources/lib/python3.11/pandas/tests/tseries/offsets/test_business_quarter.py (deflated 88%)
  adding: Excelerate.app/Contents/Resources/lib/python3.11/pandas/tests/tseries/offsets/test_year.py (deflated 88%)
  adding: Excelerate.app/Contents/Resources/lib/python3.11/pandas/tests/tseries/offsets/test_custom_business_month.py (deflated 86%)
  adding: Excelerate.app/Contents/Resources/lib/python3.11/pandas/tests/tseries/offsets/test_common.py (deflated 75%)
  adding: Excelerate.app/Contents/Resources/lib/python3.11/pandas/tests/tseries/offsets/test_offsets_properties.py (deflated 51%)
  adding: Excelerate.app/Contents/Resources/lib/python3.11/pandas/tests/tseries/offsets/test_business_day.py (deflated 79%)
  adding: Excelerate.app/Contents/Resources/lib/python3.11/pandas/tests/tseries/offsets/test_fiscal.py (deflated 86%)
  adding: Excelerate.app/Contents/Resources/lib/python3.11/pandas/tests/tseries/offsets/test_easter.py (deflated 71%)
  adding: Excelerate.app/Contents/Resources/lib/python3.11/pandas/tests/tseries/offsets/test_quarter.py (deflated 88%)
  adding: Excelerate.app/Contents/Resources/lib/python3.11/pandas/tests/tseries/offsets/test_dst.py (deflated 72%)
  adding: Excelerate.app/Contents/Resources/lib/python3.11/pandas/tests/tseries/offsets/test_custom_business_day.py (deflated 69%)
  adding: Excelerate.app/Contents/Resources/lib/python3.11/pandas/tests/tseries/offsets/test_business_hour.py (deflated 91%)
  adding: Excelerate.app/Contents/Resources/lib/python3.11/pandas/tests/tseries/offsets/__init__.py (stored 0%)
  adding: Excelerate.app/Contents/Resources/lib/python3.11/pandas/tests/tseries/offsets/__pycache__/ (stored 0%)
  adding: Excelerate.app/Contents/Resources/lib/python3.11/pandas/tests/tseries/offsets/__pycache__/test_business_year.cpython-311.pyc (deflated 72%)
  adding: Excelerate.app/Contents/Resources/lib/python3.11/pandas/tests/tseries/offsets/__pycache__/test_common.cpython-311.pyc (deflated 58%)
  adding: Excelerate.app/Contents/Resources/lib/python3.11/pandas/tests/tseries/offsets/__pycache__/test_year.cpython-311.pyc (deflated 78%)
  adding: Excelerate.app/Contents/Resources/lib/python3.11/pandas/tests/tseries/offsets/__pycache__/test_index.cpython-311.pyc (deflated 45%)
  adding: Excelerate.app/Contents/Resources/lib/python3.11/pandas/tests/tseries/offsets/__pycache__/test_business_day.cpython-311.pyc (deflated 66%)
  adding: Excelerate.app/Contents/Resources/lib/python3.11/pandas/tests/tseries/offsets/__pycache__/test_dst.cpython-311.pyc (deflated 53%)
  adding: Excelerate.app/Contents/Resources/lib/python3.11/pandas/tests/tseries/offsets/__pycache__/test_quarter.cpython-311.pyc (deflated 78%)
  adding: Excelerate.app/Contents/Resources/lib/python3.11/pandas/tests/tseries/offsets/__pycache__/test_ticks.cpython-311.pyc (deflated 66%)
  adding: Excelerate.app/Contents/Resources/lib/python3.11/pandas/tests/tseries/offsets/__pycache__/test_custom_business_hour.cpython-311.pyc (deflated 69%)
  adding: Excelerate.app/Contents/Resources/lib/python3.11/pandas/tests/tseries/offsets/__pycache__/common.cpython-311.pyc (deflated 41%)
  adding: Excelerate.app/Contents/Resources/lib/python3.11/pandas/tests/tseries/offsets/__pycache__/test_business_quarter.cpython-311.pyc (deflated 78%)
  adding: Excelerate.app/Contents/Resources/lib/python3.11/pandas/tests/tseries/offsets/__pycache__/test_easter.cpython-311.pyc (deflated 57%)
  adding: Excelerate.app/Contents/Resources/lib/python3.11/pandas/tests/tseries/offsets/__pycache__/test_offsets.cpython-311.pyc (deflated 65%)
  adding: Excelerate.app/Contents/Resources/lib/python3.11/pandas/tests/tseries/offsets/__pycache__/test_fiscal.cpython-311.pyc (deflated 72%)
  adding: Excelerate.app/Contents/Resources/lib/python3.11/pandas/tests/tseries/offsets/__pycache__/test_custom_business_month.cpython-311.pyc (deflated 72%)
  adding: Excelerate.app/Contents/Resources/lib/python3.11/pandas/tests/tseries/offsets/__pycache__/test_week.cpython-311.pyc (deflated 68%)
  adding: Excelerate.app/Contents/Resources/lib/python3.11/pandas/tests/tseries/offsets/__pycache__/test_month.cpython-311.pyc (deflated 81%)
  adding: Excelerate.app/Contents/Resources/lib/python3.11/pandas/tests/tseries/offsets/__pycache__/test_business_month.cpython-311.pyc (deflated 70%)
  adding: Excelerate.app/Contents/Resources/lib/python3.11/pandas/tests/tseries/offsets/__pycache__/test_business_hour.cpython-311.pyc (deflated 82%)
  adding: Excelerate.app/Contents/Resources/lib/python3.11/pandas/tests/tseries/offsets/__pycache__/test_custom_business_day.cpython-311.pyc (deflated 56%)
  adding: Excelerate.app/Contents/Resources/lib/python3.11/pandas/tests/tseries/offsets/__pycache__/__init__.cpython-311.pyc (deflated 20%)
  adding: Excelerate.app/Contents/Resources/lib/python3.11/pandas/tests/tseries/offsets/__pycache__/test_offsets_properties.cpython-311.pyc (deflated 40%)
  adding: Excelerate.app/Contents/Resources/lib/python3.11/pandas/tests/tseries/offsets/test_month.py (deflated 91%)
  adding: Excelerate.app/Contents/Resources/lib/python3.11/pandas/tests/tseries/offsets/test_custom_business_hour.py (deflated 82%)
  adding: Excelerate.app/Contents/Resources/lib/python3.11/pandas/tests/tseries/offsets/common.py (deflated 60%)
  adding: Excelerate.app/Contents/Resources/lib/python3.11/pandas/tests/tseries/offsets/test_index.py (deflated 63%)
  adding: Excelerate.app/Contents/Resources/lib/python3.11/pandas/tests/tseries/offsets/test_ticks.py (deflated 77%)
  adding: Excelerate.app/Contents/Resources/lib/python3.11/pandas/tests/tseries/offsets/test_offsets.py (deflated 80%)
  adding: Excelerate.app/Contents/Resources/lib/python3.11/pandas/tests/tseries/offsets/test_business_year.py (deflated 86%)
  adding: Excelerate.app/Contents/Resources/lib/python3.11/pandas/tests/tseries/offsets/test_business_month.py (deflated 84%)
  adding: Excelerate.app/Contents/Resources/lib/python3.11/pandas/tests/tseries/offsets/test_week.py (deflated 80%)
  adding: Excelerate.app/Contents/Resources/lib/python3.11/pandas/tests/copy_view/ (stored 0%)
  adding: Excelerate.app/Contents/Resources/lib/python3.11/pandas/tests/copy_view/test_methods.py (deflated 87%)
  adding: Excelerate.app/Contents/Resources/lib/python3.11/pandas/tests/copy_view/test_interp_fillna.py (deflated 85%)
  adding: Excelerate.app/Contents/Resources/lib/python3.11/pandas/tests/copy_view/test_chained_assignment_deprecation.py (deflated 78%)
  adding: Excelerate.app/Contents/Resources/lib/python3.11/pandas/tests/copy_view/test_constructors.py (deflated 80%)
  adding: Excelerate.app/Contents/Resources/lib/python3.11/pandas/tests/copy_view/util.py (deflated 52%)
  adding: Excelerate.app/Contents/Resources/lib/python3.11/pandas/tests/copy_view/test_array.py (deflated 81%)
  adding: Excelerate.app/Contents/Resources/lib/python3.11/pandas/tests/copy_view/test_setitem.py (deflated 76%)
  adding: Excelerate.app/Contents/Resources/lib/python3.11/pandas/tests/copy_view/__init__.py (stored 0%)
  adding: Excelerate.app/Contents/Resources/lib/python3.11/pandas/tests/copy_view/__pycache__/ (stored 0%)
  adding: Excelerate.app/Contents/Resources/lib/python3.11/pandas/tests/copy_view/__pycache__/test_indexing.cpython-311.pyc (deflated 71%)
  adding: Excelerate.app/Contents/Resources/lib/python3.11/pandas/tests/copy_view/__pycache__/test_util.cpython-311.pyc (deflated 49%)
  adding: Excelerate.app/Contents/Resources/lib/python3.11/pandas/tests/copy_view/__pycache__/test_setitem.cpython-311.pyc (deflated 65%)
  adding: Excelerate.app/Contents/Resources/lib/python3.11/pandas/tests/copy_view/__pycache__/test_chained_assignment_deprecation.cpython-311.pyc (deflated 70%)
  adding: Excelerate.app/Contents/Resources/lib/python3.11/pandas/tests/copy_view/__pycache__/test_core_functionalities.cpython-311.pyc (deflated 60%)
  adding: Excelerate.app/Contents/Resources/lib/python3.11/pandas/tests/copy_view/__pycache__/test_internals.cpython-311.pyc (deflated 61%)
  adding: Excelerate.app/Contents/Resources/lib/python3.11/pandas/tests/copy_view/__pycache__/test_functions.cpython-311.pyc (deflated 80%)
  adding: Excelerate.app/Contents/Resources/lib/python3.11/pandas/tests/copy_view/__pycache__/test_interp_fillna.cpython-311.pyc (deflated 73%)
  adding: Excelerate.app/Contents/Resources/lib/python3.11/pandas/tests/copy_view/__pycache__/test_constructors.cpython-311.pyc (deflated 66%)
  adding: Excelerate.app/Contents/Resources/lib/python3.11/pandas/tests/copy_view/__pycache__/test_array.cpython-311.pyc (deflated 67%)
  adding: Excelerate.app/Contents/Resources/lib/python3.11/pandas/tests/copy_view/__pycache__/util.cpython-311.pyc (deflated 40%)
  adding: Excelerate.app/Contents/Resources/lib/python3.11/pandas/tests/copy_view/__pycache__/test_clip.cpython-311.pyc (deflated 65%)
  adding: Excelerate.app/Contents/Resources/lib/python3.11/pandas/tests/copy_view/__pycache__/test_astype.cpython-311.pyc (deflated 71%)
  adding: Excelerate.app/Contents/Resources/lib/python3.11/pandas/tests/copy_view/__pycache__/__init__.cpython-311.pyc (deflated 18%)
  adding: Excelerate.app/Contents/Resources/lib/python3.11/pandas/tests/copy_view/__pycache__/test_methods.cpython-311.pyc (deflated 76%)
  adding: Excelerate.app/Contents/Resources/lib/python3.11/pandas/tests/copy_view/__pycache__/test_replace.cpython-311.pyc (deflated 73%)
  adding: Excelerate.app/Contents/Resources/lib/python3.11/pandas/tests/copy_view/test_util.py (deflated 54%)
  adding: Excelerate.app/Contents/Resources/lib/python3.11/pandas/tests/copy_view/test_indexing.py (deflated 85%)
  adding: Excelerate.app/Contents/Resources/lib/python3.11/pandas/tests/copy_view/test_astype.py (deflated 83%)
  adding: Excelerate.app/Contents/Resources/lib/python3.11/pandas/tests/copy_view/test_internals.py (deflated 70%)
  adding: Excelerate.app/Contents/Resources/lib/python3.11/pandas/tests/copy_view/test_functions.py (deflated 90%)
  adding: Excelerate.app/Contents/Resources/lib/python3.11/pandas/tests/copy_view/index/ (stored 0%)
  adding: Excelerate.app/Contents/Resources/lib/python3.11/pandas/tests/copy_view/index/test_datetimeindex.py (deflated 74%)
  adding: Excelerate.app/Contents/Resources/lib/python3.11/pandas/tests/copy_view/index/test_timedeltaindex.py (deflated 50%)
  adding: Excelerate.app/Contents/Resources/lib/python3.11/pandas/tests/copy_view/index/__init__.py (stored 0%)
  adding: Excelerate.app/Contents/Resources/lib/python3.11/pandas/tests/copy_view/index/__pycache__/ (stored 0%)
  adding: Excelerate.app/Contents/Resources/lib/python3.11/pandas/tests/copy_view/index/__pycache__/test_index.cpython-311.pyc (deflated 67%)
  adding: Excelerate.app/Contents/Resources/lib/python3.11/pandas/tests/copy_view/index/__pycache__/test_datetimeindex.cpython-311.pyc (deflated 58%)
  adding: Excelerate.app/Contents/Resources/lib/python3.11/pandas/tests/copy_view/index/__pycache__/test_periodindex.cpython-311.pyc (deflated 41%)
  adding: Excelerate.app/Contents/Resources/lib/python3.11/pandas/tests/copy_view/index/__pycache__/test_timedeltaindex.cpython-311.pyc (deflated 42%)
  adding: Excelerate.app/Contents/Resources/lib/python3.11/pandas/tests/copy_view/index/__pycache__/__init__.cpython-311.pyc (deflated 19%)
  adding: Excelerate.app/Contents/Resources/lib/python3.11/pandas/tests/copy_view/index/test_index.py (deflated 81%)
  adding: Excelerate.app/Contents/Resources/lib/python3.11/pandas/tests/copy_view/index/test_periodindex.py (deflated 48%)
  adding: Excelerate.app/Contents/Resources/lib/python3.11/pandas/tests/copy_view/test_replace.py (deflated 87%)
  adding: Excelerate.app/Contents/Resources/lib/python3.11/pandas/tests/copy_view/test_clip.py (deflated 80%)
  adding: Excelerate.app/Contents/Resources/lib/python3.11/pandas/tests/copy_view/test_core_functionalities.py (deflated 71%)
  adding: Excelerate.app/Contents/Resources/lib/python3.11/pandas/tests/interchange/ (stored 0%)
  adding: Excelerate.app/Contents/Resources/lib/python3.11/pandas/tests/interchange/test_utils.py (deflated 68%)
  adding: Excelerate.app/Contents/Resources/lib/python3.11/pandas/tests/interchange/test_spec_conformance.py (deflated 71%)
  adding: Excelerate.app/Contents/Resources/lib/python3.11/pandas/tests/interchange/__init__.py (stored 0%)
  adding: Excelerate.app/Contents/Resources/lib/python3.11/pandas/tests/interchange/__pycache__/ (stored 0%)
  adding: Excelerate.app/Contents/Resources/lib/python3.11/pandas/tests/interchange/__pycache__/test_spec_conformance.cpython-311.pyc (deflated 58%)
  adding: Excelerate.app/Contents/Resources/lib/python3.11/pandas/tests/interchange/__pycache__/test_utils.cpython-311.pyc (deflated 53%)
  adding: Excelerate.app/Contents/Resources/lib/python3.11/pandas/tests/interchange/__pycache__/test_impl.cpython-311.pyc (deflated 64%)
  adding: Excelerate.app/Contents/Resources/lib/python3.11/pandas/tests/interchange/__pycache__/__init__.cpython-311.pyc (deflated 19%)
  adding: Excelerate.app/Contents/Resources/lib/python3.11/pandas/tests/interchange/test_impl.py (deflated 77%)
  adding: Excelerate.app/Contents/Resources/lib/python3.11/pandas/tests/test_aggregation.py (deflated 78%)
  adding: Excelerate.app/Contents/Resources/lib/python3.11/pandas/tests/__init__.py (stored 0%)
  adding: Excelerate.app/Contents/Resources/lib/python3.11/pandas/tests/frame/ (stored 0%)
  adding: Excelerate.app/Contents/Resources/lib/python3.11/pandas/tests/frame/test_block_internals.py (deflated 75%)
  adding: Excelerate.app/Contents/Resources/lib/python3.11/pandas/tests/frame/test_alter_axes.py (deflated 52%)
  adding: Excelerate.app/Contents/Resources/lib/python3.11/pandas/tests/frame/test_logical_ops.py (deflated 78%)
  adding: Excelerate.app/Contents/Resources/lib/python3.11/pandas/tests/frame/conftest.py (deflated 72%)
  adding: Excelerate.app/Contents/Resources/lib/python3.11/pandas/tests/frame/test_reductions.py (deflated 81%)
  adding: Excelerate.app/Contents/Resources/lib/python3.11/pandas/tests/frame/methods/ (stored 0%)
  adding: Excelerate.app/Contents/Resources/lib/python3.11/pandas/tests/frame/methods/test_isetitem.py (deflated 68%)
  adding: Excelerate.app/Contents/Resources/lib/python3.11/pandas/tests/frame/methods/test_value_counts.py (deflated 83%)
  adding: Excelerate.app/Contents/Resources/lib/python3.11/pandas/tests/frame/methods/test_combine.py (deflated 64%)
  adding: Excelerate.app/Contents/Resources/lib/python3.11/pandas/tests/frame/methods/test_convert_dtypes.py (deflated 81%)
  adding: Excelerate.app/Contents/Resources/lib/python3.11/pandas/tests/frame/methods/test_iterrows.py (deflated 35%)
  adding: Excelerate.app/Contents/Resources/lib/python3.11/pandas/tests/frame/methods/test_cov_corr.py (deflated 79%)
  adding: Excelerate.app/Contents/Resources/lib/python3.11/pandas/tests/frame/methods/test_add_prefix_suffix.py (deflated 80%)
  adding: Excelerate.app/Contents/Resources/lib/python3.11/pandas/tests/frame/methods/test_shift.py (deflated 80%)
  adding: Excelerate.app/Contents/Resources/lib/python3.11/pandas/tests/frame/methods/test_round.py (deflated 78%)
  adding: Excelerate.app/Contents/Resources/lib/python3.11/pandas/tests/frame/methods/test_combine_first.py (deflated 80%)
  adding: Excelerate.app/Contents/Resources/lib/python3.11/pandas/tests/frame/methods/test_infer_objects.py (deflated 68%)
  adding: Excelerate.app/Contents/Resources/lib/python3.11/pandas/tests/frame/methods/test_assign.py (deflated 74%)
  adding: Excelerate.app/Contents/Resources/lib/python3.11/pandas/tests/frame/methods/test_to_records.py (deflated 82%)
  adding: Excelerate.app/Contents/Resources/lib/python3.11/pandas/tests/frame/methods/test_sort_values.py (deflated 82%)
  adding: Excelerate.app/Contents/Resources/lib/python3.11/pandas/tests/frame/methods/test_transpose.py (deflated 74%)
  adding: Excelerate.app/Contents/Resources/lib/python3.11/pandas/tests/frame/methods/test_sample.py (deflated 76%)
  adding: Excelerate.app/Contents/Resources/lib/python3.11/pandas/tests/frame/methods/test_filter.py (deflated 77%)
  adding: Excelerate.app/Contents/Resources/lib/python3.11/pandas/tests/frame/methods/test_reset_index.py (deflated 80%)
  adding: Excelerate.app/Contents/Resources/lib/python3.11/pandas/tests/frame/methods/test_describe.py (deflated 79%)
  adding: Excelerate.app/Contents/Resources/lib/python3.11/pandas/tests/frame/methods/test_size.py (deflated 53%)
  adding: Excelerate.app/Contents/Resources/lib/python3.11/pandas/tests/frame/methods/test_to_period.py (deflated 72%)
  adding: Excelerate.app/Contents/Resources/lib/python3.11/pandas/tests/frame/methods/test_join.py (deflated 77%)
  adding: Excelerate.app/Contents/Resources/lib/python3.11/pandas/tests/frame/methods/test_first_and_last.py (deflated 82%)
  adding: Excelerate.app/Contents/Resources/lib/python3.11/pandas/tests/frame/methods/test_is_homogeneous_dtype.py (deflated 69%)
  adding: Excelerate.app/Contents/Resources/lib/python3.11/pandas/tests/frame/methods/test_reindex_like.py (deflated 62%)
  adding: Excelerate.app/Contents/Resources/lib/python3.11/pandas/tests/frame/methods/test_copy.py (deflated 62%)
  adding: Excelerate.app/Contents/Resources/lib/python3.11/pandas/tests/frame/methods/test_swaplevel.py (deflated 69%)
  adding: Excelerate.app/Contents/Resources/lib/python3.11/pandas/tests/frame/methods/test_truncate.py (deflated 72%)
  adding: Excelerate.app/Contents/Resources/lib/python3.11/pandas/tests/frame/methods/test_drop_duplicates.py (deflated 85%)
  adding: Excelerate.app/Contents/Resources/lib/python3.11/pandas/tests/frame/methods/__init__.py (deflated 29%)
  adding: Excelerate.app/Contents/Resources/lib/python3.11/pandas/tests/frame/methods/test_between_time.py (deflated 78%)
  adding: Excelerate.app/Contents/Resources/lib/python3.11/pandas/tests/frame/methods/test_head_tail.py (deflated 73%)
  adding: Excelerate.app/Contents/Resources/lib/python3.11/pandas/tests/frame/methods/test_to_timestamp.py (deflated 81%)
  adding: Excelerate.app/Contents/Resources/lib/python3.11/pandas/tests/frame/methods/test_reorder_levels.py (deflated 76%)
  adding: Excelerate.app/Contents/Resources/lib/python3.11/pandas/tests/frame/methods/__pycache__/ (stored 0%)
  adding: Excelerate.app/Contents/Resources/lib/python3.11/pandas/tests/frame/methods/__pycache__/test_update.cpython-311.pyc (deflated 64%)
  adding: Excelerate.app/Contents/Resources/lib/python3.11/pandas/tests/frame/methods/__pycache__/test_explode.cpython-311.pyc (deflated 62%)
  adding: Excelerate.app/Contents/Resources/lib/python3.11/pandas/tests/frame/methods/__pycache__/test_quantile.cpython-311.pyc (deflated 69%)
  adding: Excelerate.app/Contents/Resources/lib/python3.11/pandas/tests/frame/methods/__pycache__/test_asof.cpython-311.pyc (deflated 60%)
  adding: Excelerate.app/Contents/Resources/lib/python3.11/pandas/tests/frame/methods/__pycache__/test_to_period.cpython-311.pyc (deflated 57%)
  adding: Excelerate.app/Contents/Resources/lib/python3.11/pandas/tests/frame/methods/__pycache__/test_value_counts.cpython-311.pyc (deflated 68%)
  adding: Excelerate.app/Contents/Resources/lib/python3.11/pandas/tests/frame/methods/__pycache__/test_convert_dtypes.cpython-311.pyc (deflated 66%)
  adding: Excelerate.app/Contents/Resources/lib/python3.11/pandas/tests/frame/methods/__pycache__/test_sample.cpython-311.pyc (deflated 66%)
  adding: Excelerate.app/Contents/Resources/lib/python3.11/pandas/tests/frame/methods/__pycache__/test_sort_index.cpython-311.pyc (deflated 68%)
  adding: Excelerate.app/Contents/Resources/lib/python3.11/pandas/tests/frame/methods/__pycache__/test_asfreq.cpython-311.pyc (deflated 59%)
  adding: Excelerate.app/Contents/Resources/lib/python3.11/pandas/tests/frame/methods/__pycache__/test_reset_index.cpython-311.pyc (deflated 64%)
  adding: Excelerate.app/Contents/Resources/lib/python3.11/pandas/tests/frame/methods/__pycache__/test_to_dict_of_blocks.cpython-311.pyc (deflated 48%)
  adding: Excelerate.app/Contents/Resources/lib/python3.11/pandas/tests/frame/methods/__pycache__/test_dropna.cpython-311.pyc (deflated 67%)
  adding: Excelerate.app/Contents/Resources/lib/python3.11/pandas/tests/frame/methods/__pycache__/test_drop_duplicates.cpython-311.pyc (deflated 72%)
  adding: Excelerate.app/Contents/Resources/lib/python3.11/pandas/tests/frame/methods/__pycache__/test_duplicated.cpython-311.pyc (deflated 54%)
  adding: Excelerate.app/Contents/Resources/lib/python3.11/pandas/tests/frame/methods/__pycache__/test_to_dict.cpython-311.pyc (deflated 63%)
  adding: Excelerate.app/Contents/Resources/lib/python3.11/pandas/tests/frame/methods/__pycache__/test_at_time.cpython-311.pyc (deflated 61%)
  adding: Excelerate.app/Contents/Resources/lib/python3.11/pandas/tests/frame/methods/__pycache__/test_sort_values.cpython-311.pyc (deflated 70%)
  adding: Excelerate.app/Contents/Resources/lib/python3.11/pandas/tests/frame/methods/__pycache__/test_combine_first.cpython-311.pyc (deflated 65%)
  adding: Excelerate.app/Contents/Resources/lib/python3.11/pandas/tests/frame/methods/__pycache__/test_first_and_last.cpython-311.pyc (deflated 70%)
  adding: Excelerate.app/Contents/Resources/lib/python3.11/pandas/tests/frame/methods/__pycache__/test_to_timestamp.cpython-311.pyc (deflated 65%)
  adding: Excelerate.app/Contents/Resources/lib/python3.11/pandas/tests/frame/methods/__pycache__/test_equals.cpython-311.pyc (deflated 59%)
  adding: Excelerate.app/Contents/Resources/lib/python3.11/pandas/tests/frame/methods/__pycache__/test_round.cpython-311.pyc (deflated 65%)
  adding: Excelerate.app/Contents/Resources/lib/python3.11/pandas/tests/frame/methods/__pycache__/test_transpose.cpython-311.pyc (deflated 60%)
  adding: Excelerate.app/Contents/Resources/lib/python3.11/pandas/tests/frame/methods/__pycache__/test_nlargest.cpython-311.pyc (deflated 61%)
  adding: Excelerate.app/Contents/Resources/lib/python3.11/pandas/tests/frame/methods/__pycache__/test_swaplevel.cpython-311.pyc (deflated 55%)
  adding: Excelerate.app/Contents/Resources/lib/python3.11/pandas/tests/frame/methods/__pycache__/test_align.cpython-311.pyc (deflated 69%)
  adding: Excelerate.app/Contents/Resources/lib/python3.11/pandas/tests/frame/methods/__pycache__/test_reindex_like.cpython-311.pyc (deflated 52%)
  adding: Excelerate.app/Contents/Resources/lib/python3.11/pandas/tests/frame/methods/__pycache__/test_swapaxes.cpython-311.pyc (deflated 62%)
  adding: Excelerate.app/Contents/Resources/lib/python3.11/pandas/tests/frame/methods/__pycache__/test_to_numpy.cpython-311.pyc (deflated 56%)
  adding: Excelerate.app/Contents/Resources/lib/python3.11/pandas/tests/frame/methods/__pycache__/test_get_numeric_data.cpython-311.pyc (deflated 56%)
  adding: Excelerate.app/Contents/Resources/lib/python3.11/pandas/tests/frame/methods/__pycache__/test_reorder_levels.cpython-311.pyc (deflated 61%)
  adding: Excelerate.app/Contents/Resources/lib/python3.11/pandas/tests/frame/methods/__pycache__/test_copy.cpython-311.pyc (deflated 52%)
  adding: Excelerate.app/Contents/Resources/lib/python3.11/pandas/tests/frame/methods/__pycache__/test_size.cpython-311.pyc (deflated 35%)
  adding: Excelerate.app/Contents/Resources/lib/python3.11/pandas/tests/frame/methods/__pycache__/test_assign.cpython-311.pyc (deflated 65%)
  adding: Excelerate.app/Contents/Resources/lib/python3.11/pandas/tests/frame/methods/__pycache__/test_shift.cpython-311.pyc (deflated 67%)
  adding: Excelerate.app/Contents/Resources/lib/python3.11/pandas/tests/frame/methods/__pycache__/test_rename_axis.cpython-311.pyc (deflated 59%)
  adding: Excelerate.app/Contents/Resources/lib/python3.11/pandas/tests/frame/methods/__pycache__/test_pct_change.cpython-311.pyc (deflated 61%)
  adding: Excelerate.app/Contents/Resources/lib/python3.11/pandas/tests/frame/methods/__pycache__/test_set_axis.cpython-311.pyc (deflated 65%)
  adding: Excelerate.app/Contents/Resources/lib/python3.11/pandas/tests/frame/methods/__pycache__/test_infer_objects.cpython-311.pyc (deflated 49%)
  adding: Excelerate.app/Contents/Resources/lib/python3.11/pandas/tests/frame/methods/__pycache__/test_count.cpython-311.pyc (deflated 57%)
  adding: Excelerate.app/Contents/Resources/lib/python3.11/pandas/tests/frame/methods/__pycache__/test_filter.cpython-311.pyc (deflated 65%)
  adding: Excelerate.app/Contents/Resources/lib/python3.11/pandas/tests/frame/methods/__pycache__/test_compare.cpython-311.pyc (deflated 65%)
  adding: Excelerate.app/Contents/Resources/lib/python3.11/pandas/tests/frame/methods/__pycache__/test_fillna.cpython-311.pyc (deflated 70%)
  adding: Excelerate.app/Contents/Resources/lib/python3.11/pandas/tests/frame/methods/__pycache__/test_droplevel.cpython-311.pyc (deflated 44%)
  adding: Excelerate.app/Contents/Resources/lib/python3.11/pandas/tests/frame/methods/__pycache__/test_join.cpython-311.pyc (deflated 62%)
  adding: Excelerate.app/Contents/Resources/lib/python3.11/pandas/tests/frame/methods/__pycache__/test_rename.cpython-311.pyc (deflated 66%)
  adding: Excelerate.app/Contents/Resources/lib/python3.11/pandas/tests/frame/methods/__pycache__/test_to_csv.cpython-311.pyc (deflated 68%)
  adding: Excelerate.app/Contents/Resources/lib/python3.11/pandas/tests/frame/methods/__pycache__/test_truncate.cpython-311.pyc (deflated 60%)
  adding: Excelerate.app/Contents/Resources/lib/python3.11/pandas/tests/frame/methods/__pycache__/test_matmul.cpython-311.pyc (deflated 64%)
  adding: Excelerate.app/Contents/Resources/lib/python3.11/pandas/tests/frame/methods/__pycache__/test_head_tail.cpython-311.pyc (deflated 67%)
  adding: Excelerate.app/Contents/Resources/lib/python3.11/pandas/tests/frame/methods/__pycache__/test_combine.cpython-311.pyc (deflated 50%)
  adding: Excelerate.app/Contents/Resources/lib/python3.11/pandas/tests/frame/methods/__pycache__/test_select_dtypes.cpython-311.pyc (deflated 72%)
  adding: Excelerate.app/Contents/Resources/lib/python3.11/pandas/tests/frame/methods/__pycache__/test_rank.cpython-311.pyc (deflated 64%)
  adding: Excelerate.app/Contents/Resources/lib/python3.11/pandas/tests/frame/methods/__pycache__/test_set_index.cpython-311.pyc (deflated 67%)
  adding: Excelerate.app/Contents/Resources/lib/python3.11/pandas/tests/frame/methods/__pycache__/test_is_homogeneous_dtype.cpython-311.pyc (deflated 47%)
  adding: Excelerate.app/Contents/Resources/lib/python3.11/pandas/tests/frame/methods/__pycache__/test_dtypes.cpython-311.pyc (deflated 60%)
  adding: Excelerate.app/Contents/Resources/lib/python3.11/pandas/tests/frame/methods/__pycache__/test_tz_convert.cpython-311.pyc (deflated 63%)
  adding: Excelerate.app/Contents/Resources/lib/python3.11/pandas/tests/frame/methods/__pycache__/test_between_time.cpython-311.pyc (deflated 63%)
  adding: Excelerate.app/Contents/Resources/lib/python3.11/pandas/tests/frame/methods/__pycache__/test_isin.cpython-311.pyc (deflated 64%)
  adding: Excelerate.app/Contents/Resources/lib/python3.11/pandas/tests/frame/methods/__pycache__/test_drop.cpython-311.pyc (deflated 65%)
  adding: Excelerate.app/Contents/Resources/lib/python3.11/pandas/tests/frame/methods/__pycache__/test_reindex.cpython-311.pyc (deflated 69%)
  adding: Excelerate.app/Contents/Resources/lib/python3.11/pandas/tests/frame/methods/__pycache__/test_add_prefix_suffix.cpython-311.pyc (deflated 70%)
  adding: Excelerate.app/Contents/Resources/lib/python3.11/pandas/tests/frame/methods/__pycache__/test_first_valid_index.cpython-311.pyc (deflated 59%)
  adding: Excelerate.app/Contents/Resources/lib/python3.11/pandas/tests/frame/methods/__pycache__/test_pipe.cpython-311.pyc (deflated 54%)
  adding: Excelerate.app/Contents/Resources/lib/python3.11/pandas/tests/frame/methods/__pycache__/test_iterrows.cpython-311.pyc (deflated 32%)
  adding: Excelerate.app/Contents/Resources/lib/python3.11/pandas/tests/frame/methods/__pycache__/test_isetitem.cpython-311.pyc (deflated 57%)
  adding: Excelerate.app/Contents/Resources/lib/python3.11/pandas/tests/frame/methods/__pycache__/test_tz_localize.cpython-311.pyc (deflated 53%)
  adding: Excelerate.app/Contents/Resources/lib/python3.11/pandas/tests/frame/methods/__pycache__/test_to_records.cpython-311.pyc (deflated 64%)
  adding: Excelerate.app/Contents/Resources/lib/python3.11/pandas/tests/frame/methods/__pycache__/test_clip.cpython-311.pyc (deflated 62%)
  adding: Excelerate.app/Contents/Resources/lib/python3.11/pandas/tests/frame/methods/__pycache__/test_diff.cpython-311.pyc (deflated 65%)
  adding: Excelerate.app/Contents/Resources/lib/python3.11/pandas/tests/frame/methods/__pycache__/test_astype.cpython-311.pyc (deflated 67%)
  adding: Excelerate.app/Contents/Resources/lib/python3.11/pandas/tests/frame/methods/__pycache__/test_describe.cpython-311.pyc (deflated 63%)
  adding: Excelerate.app/Contents/Resources/lib/python3.11/pandas/tests/frame/methods/__pycache__/test_values.cpython-311.pyc (deflated 64%)
  adding: Excelerate.app/Contents/Resources/lib/python3.11/pandas/tests/frame/methods/__pycache__/test_dot.cpython-311.pyc (deflated 63%)
  adding: Excelerate.app/Contents/Resources/lib/python3.11/pandas/tests/frame/methods/__pycache__/__init__.cpython-311.pyc (deflated 27%)
  adding: Excelerate.app/Contents/Resources/lib/python3.11/pandas/tests/frame/methods/__pycache__/test_map.cpython-311.pyc (deflated 59%)
  adding: Excelerate.app/Contents/Resources/lib/python3.11/pandas/tests/frame/methods/__pycache__/test_replace.cpython-311.pyc (deflated 70%)
  adding: Excelerate.app/Contents/Resources/lib/python3.11/pandas/tests/frame/methods/__pycache__/test_info.cpython-311.pyc (deflated 66%)
  adding: Excelerate.app/Contents/Resources/lib/python3.11/pandas/tests/frame/methods/__pycache__/test_pop.cpython-311.pyc (deflated 51%)
  adding: Excelerate.app/Contents/Resources/lib/python3.11/pandas/tests/frame/methods/__pycache__/test_interpolate.cpython-311.pyc (deflated 66%)
  adding: Excelerate.app/Contents/Resources/lib/python3.11/pandas/tests/frame/methods/__pycache__/test_cov_corr.cpython-311.pyc (deflated 66%)
  adding: Excelerate.app/Contents/Resources/lib/python3.11/pandas/tests/frame/methods/test_count.py (deflated 69%)
  adding: Excelerate.app/Contents/Resources/lib/python3.11/pandas/tests/frame/methods/test_quantile.py (deflated 85%)
  adding: Excelerate.app/Contents/Resources/lib/python3.11/pandas/tests/frame/methods/test_equals.py (deflated 69%)
  adding: Excelerate.app/Contents/Resources/lib/python3.11/pandas/tests/frame/methods/test_nlargest.py (deflated 75%)
  adding: Excelerate.app/Contents/Resources/lib/python3.11/pandas/tests/frame/methods/test_tz_localize.py (deflated 68%)
  adding: Excelerate.app/Contents/Resources/lib/python3.11/pandas/tests/frame/methods/test_to_dict_of_blocks.py (deflated 60%)
  adding: Excelerate.app/Contents/Resources/lib/python3.11/pandas/tests/frame/methods/test_update.py (deflated 77%)
  adding: Excelerate.app/Contents/Resources/lib/python3.11/pandas/tests/frame/methods/test_diff.py (deflated 78%)
  adding: Excelerate.app/Contents/Resources/lib/python3.11/pandas/tests/frame/methods/test_astype.py (deflated 79%)
  adding: Excelerate.app/Contents/Resources/lib/python3.11/pandas/tests/frame/methods/test_dot.py (deflated 75%)
  adding: Excelerate.app/Contents/Resources/lib/python3.11/pandas/tests/frame/methods/test_dropna.py (deflated 80%)
  adding: Excelerate.app/Contents/Resources/lib/python3.11/pandas/tests/frame/methods/test_explode.py (deflated 80%)
  adding: Excelerate.app/Contents/Resources/lib/python3.11/pandas/tests/frame/methods/test_set_axis.py (deflated 75%)
  adding: Excelerate.app/Contents/Resources/lib/python3.11/pandas/tests/frame/methods/test_matmul.py (deflated 76%)
  adding: Excelerate.app/Contents/Resources/lib/python3.11/pandas/tests/frame/methods/test_values.py (deflated 80%)
  adding: Excelerate.app/Contents/Resources/lib/python3.11/pandas/tests/frame/methods/test_duplicated.py (deflated 66%)
  adding: Excelerate.app/Contents/Resources/lib/python3.11/pandas/tests/frame/methods/test_at_time.py (deflated 72%)
  adding: Excelerate.app/Contents/Resources/lib/python3.11/pandas/tests/frame/methods/test_align.py (deflated 82%)
  adding: Excelerate.app/Contents/Resources/lib/python3.11/pandas/tests/frame/methods/test_pop.py (deflated 65%)
  adding: Excelerate.app/Contents/Resources/lib/python3.11/pandas/tests/frame/methods/test_pct_change.py (deflated 78%)
  adding: Excelerate.app/Contents/Resources/lib/python3.11/pandas/tests/frame/methods/test_isin.py (deflated 78%)
  adding: Excelerate.app/Contents/Resources/lib/python3.11/pandas/tests/frame/methods/test_rename.py (deflated 80%)
  adding: Excelerate.app/Contents/Resources/lib/python3.11/pandas/tests/frame/methods/test_fillna.py (deflated 83%)
  adding: Excelerate.app/Contents/Resources/lib/python3.11/pandas/tests/frame/methods/test_sort_index.py (deflated 82%)
  adding: Excelerate.app/Contents/Resources/lib/python3.11/pandas/tests/frame/methods/test_map.py (deflated 69%)
  adding: Excelerate.app/Contents/Resources/lib/python3.11/pandas/tests/frame/methods/test_drop.py (deflated 79%)
  adding: Excelerate.app/Contents/Resources/lib/python3.11/pandas/tests/frame/methods/test_first_valid_index.py (deflated 71%)
  adding: Excelerate.app/Contents/Resources/lib/python3.11/pandas/tests/frame/methods/test_set_index.py (deflated 79%)
  adding: Excelerate.app/Contents/Resources/lib/python3.11/pandas/tests/frame/methods/test_asof.py (deflated 72%)
  adding: Excelerate.app/Contents/Resources/lib/python3.11/pandas/tests/frame/methods/test_get_numeric_data.py (deflated 72%)
  adding: Excelerate.app/Contents/Resources/lib/python3.11/pandas/tests/frame/methods/test_compare.py (deflated 80%)
  adding: Excelerate.app/Contents/Resources/lib/python3.11/pandas/tests/frame/methods/test_to_dict.py (deflated 78%)
  adding: Excelerate.app/Contents/Resources/lib/python3.11/pandas/tests/frame/methods/test_pipe.py (deflated 64%)
  adding: Excelerate.app/Contents/Resources/lib/python3.11/pandas/tests/frame/methods/test_rename_axis.py (deflated 73%)
  adding: Excelerate.app/Contents/Resources/lib/python3.11/pandas/tests/frame/methods/test_rank.py (deflated 79%)
  adding: Excelerate.app/Contents/Resources/lib/python3.11/pandas/tests/frame/methods/test_replace.py (deflated 84%)
  adding: Excelerate.app/Contents/Resources/lib/python3.11/pandas/tests/frame/methods/test_clip.py (deflated 75%)
  adding: Excelerate.app/Contents/Resources/lib/python3.11/pandas/tests/frame/methods/test_info.py (deflated 77%)
  adding: Excelerate.app/Contents/Resources/lib/python3.11/pandas/tests/frame/methods/test_dtypes.py (deflated 74%)
  adding: Excelerate.app/Contents/Resources/lib/python3.11/pandas/tests/frame/methods/test_tz_convert.py (deflated 77%)
  adding: Excelerate.app/Contents/Resources/lib/python3.11/pandas/tests/frame/methods/test_select_dtypes.py (deflated 85%)
  adding: Excelerate.app/Contents/Resources/lib/python3.11/pandas/tests/frame/methods/test_droplevel.py (deflated 60%)
  adding: Excelerate.app/Contents/Resources/lib/python3.11/pandas/tests/frame/methods/test_asfreq.py (deflated 73%)
  adding: Excelerate.app/Contents/Resources/lib/python3.11/pandas/tests/frame/methods/test_to_numpy.py (deflated 67%)
  adding: Excelerate.app/Contents/Resources/lib/python3.11/pandas/tests/frame/methods/test_swapaxes.py (deflated 71%)
  adding: Excelerate.app/Contents/Resources/lib/python3.11/pandas/tests/frame/methods/test_interpolate.py (deflated 81%)
  adding: Excelerate.app/Contents/Resources/lib/python3.11/pandas/tests/frame/methods/test_reindex.py (deflated 81%)
  adding: Excelerate.app/Contents/Resources/lib/python3.11/pandas/tests/frame/methods/test_to_csv.py (deflated 81%)
  adding: Excelerate.app/Contents/Resources/lib/python3.11/pandas/tests/frame/test_constructors.py (deflated 80%)
  adding: Excelerate.app/Contents/Resources/lib/python3.11/pandas/tests/frame/test_query_eval.py (deflated 84%)
  adding: Excelerate.app/Contents/Resources/lib/python3.11/pandas/tests/frame/test_unary.py (deflated 78%)
  adding: Excelerate.app/Contents/Resources/lib/python3.11/pandas/tests/frame/test_cumulative.py (deflated 68%)
  adding: Excelerate.app/Contents/Resources/lib/python3.11/pandas/tests/frame/__init__.py (stored 0%)
  adding: Excelerate.app/Contents/Resources/lib/python3.11/pandas/tests/frame/test_subclass.py (deflated 83%)
  adding: Excelerate.app/Contents/Resources/lib/python3.11/pandas/tests/frame/__pycache__/ (stored 0%)
  adding: Excelerate.app/Contents/Resources/lib/python3.11/pandas/tests/frame/__pycache__/test_arithmetic.cpython-311.pyc (deflated 67%)
  adding: Excelerate.app/Contents/Resources/lib/python3.11/pandas/tests/frame/__pycache__/test_repr.cpython-311.pyc (deflated 63%)
  adding: Excelerate.app/Contents/Resources/lib/python3.11/pandas/tests/frame/__pycache__/test_reductions.cpython-311.pyc (deflated 68%)
  adding: Excelerate.app/Contents/Resources/lib/python3.11/pandas/tests/frame/__pycache__/test_alter_axes.cpython-311.pyc (deflated 45%)
  adding: Excelerate.app/Contents/Resources/lib/python3.11/pandas/tests/frame/__pycache__/test_iteration.cpython-311.pyc (deflated 57%)
  adding: Excelerate.app/Contents/Resources/lib/python3.11/pandas/tests/frame/__pycache__/test_cumulative.cpython-311.pyc (deflated 59%)
  adding: Excelerate.app/Contents/Resources/lib/python3.11/pandas/tests/frame/__pycache__/common.cpython-311.pyc (deflated 61%)
  adding: Excelerate.app/Contents/Resources/lib/python3.11/pandas/tests/frame/__pycache__/test_block_internals.cpython-311.pyc (deflated 62%)
  adding: Excelerate.app/Contents/Resources/lib/python3.11/pandas/tests/frame/__pycache__/test_nonunique_indexes.cpython-311.pyc (deflated 66%)
  adding: Excelerate.app/Contents/Resources/lib/python3.11/pandas/tests/frame/__pycache__/test_query_eval.cpython-311.pyc (deflated 73%)
  adding: Excelerate.app/Contents/Resources/lib/python3.11/pandas/tests/frame/__pycache__/test_logical_ops.cpython-311.pyc (deflated 62%)
  adding: Excelerate.app/Contents/Resources/lib/python3.11/pandas/tests/frame/__pycache__/test_subclass.cpython-311.pyc (deflated 72%)
  adding: Excelerate.app/Contents/Resources/lib/python3.11/pandas/tests/frame/__pycache__/test_npfuncs.cpython-311.pyc (deflated 54%)
  adding: Excelerate.app/Contents/Resources/lib/python3.11/pandas/tests/frame/__pycache__/conftest.cpython-311.pyc (deflated 61%)
  adding: Excelerate.app/Contents/Resources/lib/python3.11/pandas/tests/frame/__pycache__/test_constructors.cpython-311.pyc (deflated 69%)
  adding: Excelerate.app/Contents/Resources/lib/python3.11/pandas/tests/frame/__pycache__/test_arrow_interface.cpython-311.pyc (deflated 58%)
  adding: Excelerate.app/Contents/Resources/lib/python3.11/pandas/tests/frame/__pycache__/test_ufunc.cpython-311.pyc (deflated 66%)
  adding: Excelerate.app/Contents/Resources/lib/python3.11/pandas/tests/frame/__pycache__/test_unary.cpython-311.pyc (deflated 64%)
  adding: Excelerate.app/Contents/Resources/lib/python3.11/pandas/tests/frame/__pycache__/test_api.cpython-311.pyc (deflated 65%)
  adding: Excelerate.app/Contents/Resources/lib/python3.11/pandas/tests/frame/__pycache__/test_stack_unstack.cpython-311.pyc (deflated 66%)
  adding: Excelerate.app/Contents/Resources/lib/python3.11/pandas/tests/frame/__pycache__/test_validate.cpython-311.pyc (deflated 42%)
  adding: Excelerate.app/Contents/Resources/lib/python3.11/pandas/tests/frame/__pycache__/__init__.cpython-311.pyc (deflated 18%)
  adding: Excelerate.app/Contents/Resources/lib/python3.11/pandas/tests/frame/constructors/ (stored 0%)
  adding: Excelerate.app/Contents/Resources/lib/python3.11/pandas/tests/frame/constructors/test_from_records.py (deflated 78%)
  adding: Excelerate.app/Contents/Resources/lib/python3.11/pandas/tests/frame/constructors/test_from_dict.py (deflated 78%)
  adding: Excelerate.app/Contents/Resources/lib/python3.11/pandas/tests/frame/constructors/__init__.py (stored 0%)
  adding: Excelerate.app/Contents/Resources/lib/python3.11/pandas/tests/frame/constructors/__pycache__/ (stored 0%)
  adding: Excelerate.app/Contents/Resources/lib/python3.11/pandas/tests/frame/constructors/__pycache__/test_from_dict.cpython-311.pyc (deflated 62%)
  adding: Excelerate.app/Contents/Resources/lib/python3.11/pandas/tests/frame/constructors/__pycache__/test_from_records.cpython-311.pyc (deflated 67%)
  adding: Excelerate.app/Contents/Resources/lib/python3.11/pandas/tests/frame/constructors/__pycache__/__init__.cpython-311.pyc (deflated 20%)
  adding: Excelerate.app/Contents/Resources/lib/python3.11/pandas/tests/frame/test_arrow_interface.py (deflated 67%)
  adding: Excelerate.app/Contents/Resources/lib/python3.11/pandas/tests/frame/common.py (deflated 68%)
  adding: Excelerate.app/Contents/Resources/lib/python3.11/pandas/tests/frame/test_repr.py (deflated 74%)
  adding: Excelerate.app/Contents/Resources/lib/python3.11/pandas/tests/frame/test_iteration.py (deflated 70%)
  adding: Excelerate.app/Contents/Resources/lib/python3.11/pandas/tests/frame/test_ufunc.py (deflated 77%)
  adding: Excelerate.app/Contents/Resources/lib/python3.11/pandas/tests/frame/test_nonunique_indexes.py (deflated 80%)
  adding: Excelerate.app/Contents/Resources/lib/python3.11/pandas/tests/frame/test_validate.py (deflated 57%)
  adding: Excelerate.app/Contents/Resources/lib/python3.11/pandas/tests/frame/test_stack_unstack.py (deflated 82%)
  adding: Excelerate.app/Contents/Resources/lib/python3.11/pandas/tests/frame/test_npfuncs.py (deflated 69%)
  adding: Excelerate.app/Contents/Resources/lib/python3.11/pandas/tests/frame/indexing/ (stored 0%)
  adding: Excelerate.app/Contents/Resources/lib/python3.11/pandas/tests/frame/indexing/test_insert.py (deflated 68%)
  adding: Excelerate.app/Contents/Resources/lib/python3.11/pandas/tests/frame/indexing/test_set_value.py (deflated 72%)
  adding: Excelerate.app/Contents/Resources/lib/python3.11/pandas/tests/frame/indexing/test_mask.py (deflated 72%)
  adding: Excelerate.app/Contents/Resources/lib/python3.11/pandas/tests/frame/indexing/test_xs.py (deflated 76%)
  adding: Excelerate.app/Contents/Resources/lib/python3.11/pandas/tests/frame/indexing/test_getitem.py (deflated 77%)
  adding: Excelerate.app/Contents/Resources/lib/python3.11/pandas/tests/frame/indexing/test_get_value.py (deflated 52%)
  adding: Excelerate.app/Contents/Resources/lib/python3.11/pandas/tests/frame/indexing/test_setitem.py (deflated 78%)
  adding: Excelerate.app/Contents/Resources/lib/python3.11/pandas/tests/frame/indexing/__init__.py (stored 0%)
  adding: Excelerate.app/Contents/Resources/lib/python3.11/pandas/tests/frame/indexing/__pycache__/ (stored 0%)
  adding: Excelerate.app/Contents/Resources/lib/python3.11/pandas/tests/frame/indexing/__pycache__/test_mask.cpython-311.pyc (deflated 62%)
  adding: Excelerate.app/Contents/Resources/lib/python3.11/pandas/tests/frame/indexing/__pycache__/test_coercion.cpython-311.pyc (deflated 60%)
  adding: Excelerate.app/Contents/Resources/lib/python3.11/pandas/tests/frame/indexing/__pycache__/test_indexing.cpython-311.pyc (deflated 68%)
  adding: Excelerate.app/Contents/Resources/lib/python3.11/pandas/tests/frame/indexing/__pycache__/test_delitem.cpython-311.pyc (deflated 55%)
  adding: Excelerate.app/Contents/Resources/lib/python3.11/pandas/tests/frame/indexing/__pycache__/test_setitem.cpython-311.pyc (deflated 66%)
  adding: Excelerate.app/Contents/Resources/lib/python3.11/pandas/tests/frame/indexing/__pycache__/test_get_value.cpython-311.pyc (deflated 45%)
  adding: Excelerate.app/Contents/Resources/lib/python3.11/pandas/tests/frame/indexing/__pycache__/test_xs.cpython-311.pyc (deflated 62%)
  adding: Excelerate.app/Contents/Resources/lib/python3.11/pandas/tests/frame/indexing/__pycache__/test_set_value.cpython-311.pyc (deflated 59%)
  adding: Excelerate.app/Contents/Resources/lib/python3.11/pandas/tests/frame/indexing/__pycache__/test_take.cpython-311.pyc (deflated 71%)
  adding: Excelerate.app/Contents/Resources/lib/python3.11/pandas/tests/frame/indexing/__pycache__/test_get.cpython-311.pyc (deflated 47%)
  adding: Excelerate.app/Contents/Resources/lib/python3.11/pandas/tests/frame/indexing/__pycache__/test_where.cpython-311.pyc (deflated 66%)
  adding: Excelerate.app/Contents/Resources/lib/python3.11/pandas/tests/frame/indexing/__pycache__/__init__.cpython-311.pyc (deflated 19%)
  adding: Excelerate.app/Contents/Resources/lib/python3.11/pandas/tests/frame/indexing/__pycache__/test_getitem.cpython-311.pyc (deflated 64%)
  adding: Excelerate.app/Contents/Resources/lib/python3.11/pandas/tests/frame/indexing/__pycache__/test_insert.cpython-311.pyc (deflated 59%)
  adding: Excelerate.app/Contents/Resources/lib/python3.11/pandas/tests/frame/indexing/test_indexing.py (deflated 80%)
  adding: Excelerate.app/Contents/Resources/lib/python3.11/pandas/tests/frame/indexing/test_take.py (deflated 82%)
  adding: Excelerate.app/Contents/Resources/lib/python3.11/pandas/tests/frame/indexing/test_get.py (deflated 59%)
  adding: Excelerate.app/Contents/Resources/lib/python3.11/pandas/tests/frame/indexing/test_coercion.py (deflated 69%)
  adding: Excelerate.app/Contents/Resources/lib/python3.11/pandas/tests/frame/indexing/test_where.py (deflated 79%)
  adding: Excelerate.app/Contents/Resources/lib/python3.11/pandas/tests/frame/indexing/test_delitem.py (deflated 65%)
  adding: Excelerate.app/Contents/Resources/lib/python3.11/pandas/tests/frame/test_api.py (deflated 75%)
  adding: Excelerate.app/Contents/Resources/lib/python3.11/pandas/tests/frame/test_arithmetic.py (deflated 79%)
  adding: Excelerate.app/Contents/Resources/lib/python3.11/pandas/tests/__pycache__/ (stored 0%)
  adding: Excelerate.app/Contents/Resources/lib/python3.11/pandas/tests/__pycache__/test_common.cpython-311.pyc (deflated 59%)
  adding: Excelerate.app/Contents/Resources/lib/python3.11/pandas/tests/__pycache__/test_sorting.cpython-311.pyc (deflated 62%)
  adding: Excelerate.app/Contents/Resources/lib/python3.11/pandas/tests/__pycache__/test_algos.cpython-311.pyc (deflated 71%)
  adding: Excelerate.app/Contents/Resources/lib/python3.11/pandas/tests/__pycache__/test_errors.cpython-311.pyc (deflated 55%)
  adding: Excelerate.app/Contents/Resources/lib/python3.11/pandas/tests/__pycache__/test_downstream.cpython-311.pyc (deflated 55%)
  adding: Excelerate.app/Contents/Resources/lib/python3.11/pandas/tests/__pycache__/test_nanops.cpython-311.pyc (deflated 68%)
  adding: Excelerate.app/Contents/Resources/lib/python3.11/pandas/tests/__pycache__/test_optional_dependency.cpython-311.pyc (deflated 59%)
  adding: Excelerate.app/Contents/Resources/lib/python3.11/pandas/tests/__pycache__/test_flags.cpython-311.pyc (deflated 58%)
  adding: Excelerate.app/Contents/Resources/lib/python3.11/pandas/tests/__pycache__/test_take.cpython-311.pyc (deflated 71%)
  adding: Excelerate.app/Contents/Resources/lib/python3.11/pandas/tests/__pycache__/test_aggregation.cpython-311.pyc (deflated 63%)
  adding: Excelerate.app/Contents/Resources/lib/python3.11/pandas/tests/__pycache__/test_multilevel.cpython-311.pyc (deflated 62%)
  adding: Excelerate.app/Contents/Resources/lib/python3.11/pandas/tests/__pycache__/test_register_accessor.cpython-311.pyc (deflated 56%)
  adding: Excelerate.app/Contents/Resources/lib/python3.11/pandas/tests/__pycache__/__init__.cpython-311.pyc (deflated 17%)
  adding: Excelerate.app/Contents/Resources/lib/python3.11/pandas/tests/__pycache__/test_expressions.cpython-311.pyc (deflated 65%)
  adding: Excelerate.app/Contents/Resources/lib/python3.11/pandas/tests/dtypes/ (stored 0%)
  adding: Excelerate.app/Contents/Resources/lib/python3.11/pandas/tests/dtypes/test_inference.py (deflated 83%)
  adding: Excelerate.app/Contents/Resources/lib/python3.11/pandas/tests/dtypes/test_common.py (deflated 81%)
  adding: Excelerate.app/Contents/Resources/lib/python3.11/pandas/tests/dtypes/test_missing.py (deflated 82%)
  adding: Excelerate.app/Contents/Resources/lib/python3.11/pandas/tests/dtypes/cast/ (stored 0%)
  adding: Excelerate.app/Contents/Resources/lib/python3.11/pandas/tests/dtypes/cast/test_maybe_box_native.py (deflated 60%)
  adding: Excelerate.app/Contents/Resources/lib/python3.11/pandas/tests/dtypes/cast/test_construct_object_arr.py (deflated 51%)
  adding: Excelerate.app/Contents/Resources/lib/python3.11/pandas/tests/dtypes/cast/test_promote.py (deflated 84%)
  adding: Excelerate.app/Contents/Resources/lib/python3.11/pandas/tests/dtypes/cast/test_construct_from_scalar.py (deflated 70%)
  adding: Excelerate.app/Contents/Resources/lib/python3.11/pandas/tests/dtypes/cast/test_find_common_type.py (deflated 80%)
  adding: Excelerate.app/Contents/Resources/lib/python3.11/pandas/tests/dtypes/cast/__init__.py (stored 0%)
  adding: Excelerate.app/Contents/Resources/lib/python3.11/pandas/tests/dtypes/cast/__pycache__/ (stored 0%)
  adding: Excelerate.app/Contents/Resources/lib/python3.11/pandas/tests/dtypes/cast/__pycache__/test_maybe_box_native.cpython-311.pyc (deflated 44%)
  adding: Excelerate.app/Contents/Resources/lib/python3.11/pandas/tests/dtypes/cast/__pycache__/test_construct_from_scalar.cpython-311.pyc (deflated 58%)
  adding: Excelerate.app/Contents/Resources/lib/python3.11/pandas/tests/dtypes/cast/__pycache__/test_construct_object_arr.cpython-311.pyc (deflated 43%)
  adding: Excelerate.app/Contents/Resources/lib/python3.11/pandas/tests/dtypes/cast/__pycache__/test_find_common_type.cpython-311.pyc (deflated 63%)
  adding: Excelerate.app/Contents/Resources/lib/python3.11/pandas/tests/dtypes/cast/__pycache__/test_construct_ndarray.cpython-311.pyc (deflated 48%)
  adding: Excelerate.app/Contents/Resources/lib/python3.11/pandas/tests/dtypes/cast/__pycache__/test_can_hold_element.cpython-311.pyc (deflated 68%)
  adding: Excelerate.app/Contents/Resources/lib/python3.11/pandas/tests/dtypes/cast/__pycache__/test_infer_datetimelike.cpython-311.pyc (deflated 40%)
  adding: Excelerate.app/Contents/Resources/lib/python3.11/pandas/tests/dtypes/cast/__pycache__/test_infer_dtype.cpython-311.pyc (deflated 61%)
  adding: Excelerate.app/Contents/Resources/lib/python3.11/pandas/tests/dtypes/cast/__pycache__/test_downcast.cpython-311.pyc (deflated 56%)
  adding: Excelerate.app/Contents/Resources/lib/python3.11/pandas/tests/dtypes/cast/__pycache__/test_promote.cpython-311.pyc (deflated 74%)
  adding: Excelerate.app/Contents/Resources/lib/python3.11/pandas/tests/dtypes/cast/__pycache__/test_dict_compat.cpython-311.pyc (deflated 40%)
  adding: Excelerate.app/Contents/Resources/lib/python3.11/pandas/tests/dtypes/cast/__pycache__/__init__.cpython-311.pyc (deflated 19%)
  adding: Excelerate.app/Contents/Resources/lib/python3.11/pandas/tests/dtypes/cast/test_infer_dtype.py (deflated 75%)
  adding: Excelerate.app/Contents/Resources/lib/python3.11/pandas/tests/dtypes/cast/test_dict_compat.py (deflated 57%)
  adding: Excelerate.app/Contents/Resources/lib/python3.11/pandas/tests/dtypes/cast/test_infer_datetimelike.py (deflated 48%)
  adding: Excelerate.app/Contents/Resources/lib/python3.11/pandas/tests/dtypes/cast/test_construct_ndarray.py (deflated 64%)
  adding: Excelerate.app/Contents/Resources/lib/python3.11/pandas/tests/dtypes/cast/test_downcast.py (deflated 72%)
  adding: Excelerate.app/Contents/Resources/lib/python3.11/pandas/tests/dtypes/cast/test_can_hold_element.py (deflated 79%)
  adding: Excelerate.app/Contents/Resources/lib/python3.11/pandas/tests/dtypes/__init__.py (stored 0%)
  adding: Excelerate.app/Contents/Resources/lib/python3.11/pandas/tests/dtypes/__pycache__/ (stored 0%)
  adding: Excelerate.app/Contents/Resources/lib/python3.11/pandas/tests/dtypes/__pycache__/test_common.cpython-311.pyc (deflated 70%)
  adding: Excelerate.app/Contents/Resources/lib/python3.11/pandas/tests/dtypes/__pycache__/test_missing.cpython-311.pyc (deflated 71%)
  adding: Excelerate.app/Contents/Resources/lib/python3.11/pandas/tests/dtypes/__pycache__/test_inference.cpython-311.pyc (deflated 71%)
  adding: Excelerate.app/Contents/Resources/lib/python3.11/pandas/tests/dtypes/__pycache__/test_generic.cpython-311.pyc (deflated 56%)
  adding: Excelerate.app/Contents/Resources/lib/python3.11/pandas/tests/dtypes/__pycache__/test_dtypes.cpython-311.pyc (deflated 70%)
  adding: Excelerate.app/Contents/Resources/lib/python3.11/pandas/tests/dtypes/__pycache__/test_concat.cpython-311.pyc (deflated 52%)
  adding: Excelerate.app/Contents/Resources/lib/python3.11/pandas/tests/dtypes/__pycache__/__init__.cpython-311.pyc (deflated 19%)
  adding: Excelerate.app/Contents/Resources/lib/python3.11/pandas/tests/dtypes/test_generic.py (deflated 70%)
  adding: Excelerate.app/Contents/Resources/lib/python3.11/pandas/tests/dtypes/test_concat.py (deflated 60%)
  adding: Excelerate.app/Contents/Resources/lib/python3.11/pandas/tests/dtypes/test_dtypes.py (deflated 83%)
  adding: Excelerate.app/Contents/Resources/lib/python3.11/pandas/tests/libs/ (stored 0%)
  adding: Excelerate.app/Contents/Resources/lib/python3.11/pandas/tests/libs/test_libalgos.py (deflated 77%)
  adding: Excelerate.app/Contents/Resources/lib/python3.11/pandas/tests/libs/test_join.py (deflated 87%)
  adding: Excelerate.app/Contents/Resources/lib/python3.11/pandas/tests/libs/test_hashtable.py (deflated 81%)
  adding: Excelerate.app/Contents/Resources/lib/python3.11/pandas/tests/libs/__init__.py (stored 0%)
  adding: Excelerate.app/Contents/Resources/lib/python3.11/pandas/tests/libs/__pycache__/ (stored 0%)
  adding: Excelerate.app/Contents/Resources/lib/python3.11/pandas/tests/libs/__pycache__/test_lib.cpython-311.pyc (deflated 73%)
  adding: Excelerate.app/Contents/Resources/lib/python3.11/pandas/tests/libs/__pycache__/test_join.cpython-311.pyc (deflated 76%)
  adding: Excelerate.app/Contents/Resources/lib/python3.11/pandas/tests/libs/__pycache__/test_libalgos.cpython-311.pyc (deflated 66%)
  adding: Excelerate.app/Contents/Resources/lib/python3.11/pandas/tests/libs/__pycache__/test_hashtable.cpython-311.pyc (deflated 70%)
  adding: Excelerate.app/Contents/Resources/lib/python3.11/pandas/tests/libs/__pycache__/__init__.cpython-311.pyc (deflated 18%)
  adding: Excelerate.app/Contents/Resources/lib/python3.11/pandas/tests/libs/test_lib.py (deflated 83%)
  adding: Excelerate.app/Contents/Resources/lib/python3.11/pandas/tests/groupby/ (stored 0%)
  adding: Excelerate.app/Contents/Resources/lib/python3.11/pandas/tests/groupby/test_timegrouper.py (deflated 82%)
  adding: Excelerate.app/Contents/Resources/lib/python3.11/pandas/tests/groupby/test_grouping.py (deflated 80%)
  adding: Excelerate.app/Contents/Resources/lib/python3.11/pandas/tests/groupby/test_counting.py (deflated 77%)
  adding: Excelerate.app/Contents/Resources/lib/python3.11/pandas/tests/groupby/test_groupby_subclass.py (deflated 70%)
  adding: Excelerate.app/Contents/Resources/lib/python3.11/pandas/tests/groupby/conftest.py (deflated 77%)
  adding: Excelerate.app/Contents/Resources/lib/python3.11/pandas/tests/groupby/test_reductions.py (deflated 77%)
  adding: Excelerate.app/Contents/Resources/lib/python3.11/pandas/tests/groupby/methods/ (stored 0%)
  adding: Excelerate.app/Contents/Resources/lib/python3.11/pandas/tests/groupby/methods/test_skew.py (deflated 49%)
  adding: Excelerate.app/Contents/Resources/lib/python3.11/pandas/tests/groupby/methods/test_value_counts.py (deflated 83%)
  adding: Excelerate.app/Contents/Resources/lib/python3.11/pandas/tests/groupby/methods/test_nth.py (deflated 80%)
  adding: Excelerate.app/Contents/Resources/lib/python3.11/pandas/tests/groupby/methods/test_corrwith.py (deflated 43%)
  adding: Excelerate.app/Contents/Resources/lib/python3.11/pandas/tests/groupby/methods/test_sample.py (deflated 81%)
  adding: Excelerate.app/Contents/Resources/lib/python3.11/pandas/tests/groupby/methods/test_describe.py (deflated 73%)
  adding: Excelerate.app/Contents/Resources/lib/python3.11/pandas/tests/groupby/methods/test_size.py (deflated 67%)
  adding: Excelerate.app/Contents/Resources/lib/python3.11/pandas/tests/groupby/methods/__init__.py (stored 0%)
  adding: Excelerate.app/Contents/Resources/lib/python3.11/pandas/tests/groupby/methods/__pycache__/ (stored 0%)
  adding: Excelerate.app/Contents/Resources/lib/python3.11/pandas/tests/groupby/methods/__pycache__/test_nth.cpython-311.pyc (deflated 66%)
  adding: Excelerate.app/Contents/Resources/lib/python3.11/pandas/tests/groupby/methods/__pycache__/test_quantile.cpython-311.pyc (deflated 61%)
  adding: Excelerate.app/Contents/Resources/lib/python3.11/pandas/tests/groupby/methods/__pycache__/test_value_counts.cpython-311.pyc (deflated 65%)
  adding: Excelerate.app/Contents/Resources/lib/python3.11/pandas/tests/groupby/methods/__pycache__/test_sample.cpython-311.pyc (deflated 70%)
  adding: Excelerate.app/Contents/Resources/lib/python3.11/pandas/tests/groupby/methods/__pycache__/test_nlargest_nsmallest.cpython-311.pyc (deflated 58%)
  adding: Excelerate.app/Contents/Resources/lib/python3.11/pandas/tests/groupby/methods/__pycache__/test_size.cpython-311.pyc (deflated 54%)
  adding: Excelerate.app/Contents/Resources/lib/python3.11/pandas/tests/groupby/methods/__pycache__/test_is_monotonic.cpython-311.pyc (deflated 55%)
  adding: Excelerate.app/Contents/Resources/lib/python3.11/pandas/tests/groupby/methods/__pycache__/test_corrwith.cpython-311.pyc (deflated 41%)
  adding: Excelerate.app/Contents/Resources/lib/python3.11/pandas/tests/groupby/methods/__pycache__/test_rank.cpython-311.pyc (deflated 68%)
  adding: Excelerate.app/Contents/Resources/lib/python3.11/pandas/tests/groupby/methods/__pycache__/test_groupby_shift_diff.cpython-311.pyc (deflated 63%)
  adding: Excelerate.app/Contents/Resources/lib/python3.11/pandas/tests/groupby/methods/__pycache__/test_skew.cpython-311.pyc (deflated 44%)
  adding: Excelerate.app/Contents/Resources/lib/python3.11/pandas/tests/groupby/methods/__pycache__/test_describe.cpython-311.pyc (deflated 58%)
  adding: Excelerate.app/Contents/Resources/lib/python3.11/pandas/tests/groupby/methods/__pycache__/__init__.cpython-311.pyc (deflated 19%)
  adding: Excelerate.app/Contents/Resources/lib/python3.11/pandas/tests/groupby/methods/test_quantile.py (deflated 75%)
  adding: Excelerate.app/Contents/Resources/lib/python3.11/pandas/tests/groupby/methods/test_nlargest_nsmallest.py (deflated 65%)
  adding: Excelerate.app/Contents/Resources/lib/python3.11/pandas/tests/groupby/methods/test_groupby_shift_diff.py (deflated 77%)
  adding: Excelerate.app/Contents/Resources/lib/python3.11/pandas/tests/groupby/methods/test_is_monotonic.py (deflated 74%)
  adding: Excelerate.app/Contents/Resources/lib/python3.11/pandas/tests/groupby/methods/test_rank.py (deflated 82%)
  adding: Excelerate.app/Contents/Resources/lib/python3.11/pandas/tests/groupby/test_all_methods.py (deflated 68%)
  adding: Excelerate.app/Contents/Resources/lib/python3.11/pandas/tests/groupby/test_missing.py (deflated 71%)
  adding: Excelerate.app/Contents/Resources/lib/python3.11/pandas/tests/groupby/aggregate/ (stored 0%)
  adding: Excelerate.app/Contents/Resources/lib/python3.11/pandas/tests/groupby/aggregate/__init__.py (stored 0%)
  adding: Excelerate.app/Contents/Resources/lib/python3.11/pandas/tests/groupby/aggregate/__pycache__/ (stored 0%)
  adding: Excelerate.app/Contents/Resources/lib/python3.11/pandas/tests/groupby/aggregate/__pycache__/test_aggregate.cpython-311.pyc (deflated 66%)
  adding: Excelerate.app/Contents/Resources/lib/python3.11/pandas/tests/groupby/aggregate/__pycache__/test_cython.cpython-311.pyc (deflated 61%)
  adding: Excelerate.app/Contents/Resources/lib/python3.11/pandas/tests/groupby/aggregate/__pycache__/test_other.cpython-311.pyc (deflated 66%)
  adding: Excelerate.app/Contents/Resources/lib/python3.11/pandas/tests/groupby/aggregate/__pycache__/test_numba.cpython-311.pyc (deflated 68%)
  adding: Excelerate.app/Contents/Resources/lib/python3.11/pandas/tests/groupby/aggregate/__pycache__/__init__.cpython-311.pyc (deflated 19%)
  adding: Excelerate.app/Contents/Resources/lib/python3.11/pandas/tests/groupby/aggregate/test_cython.py (deflated 75%)
  adding: Excelerate.app/Contents/Resources/lib/python3.11/pandas/tests/groupby/aggregate/test_aggregate.py (deflated 78%)
  adding: Excelerate.app/Contents/Resources/lib/python3.11/pandas/tests/groupby/aggregate/test_numba.py (deflated 81%)
  adding: Excelerate.app/Contents/Resources/lib/python3.11/pandas/tests/groupby/aggregate/test_other.py (deflated 77%)
  adding: Excelerate.app/Contents/Resources/lib/python3.11/pandas/tests/groupby/test_cumulative.py (deflated 77%)
  adding: Excelerate.app/Contents/Resources/lib/python3.11/pandas/tests/groupby/test_categorical.py (deflated 81%)
  adding: Excelerate.app/Contents/Resources/lib/python3.11/pandas/tests/groupby/test_raises.py (deflated 87%)
  adding: Excelerate.app/Contents/Resources/lib/python3.11/pandas/tests/groupby/test_bin_groupby.py (deflated 62%)
  adding: Excelerate.app/Contents/Resources/lib/python3.11/pandas/tests/groupby/__init__.py (deflated 52%)
  adding: Excelerate.app/Contents/Resources/lib/python3.11/pandas/tests/groupby/__pycache__/ (stored 0%)
  adding: Excelerate.app/Contents/Resources/lib/python3.11/pandas/tests/groupby/__pycache__/test_counting.cpython-311.pyc (deflated 66%)
  adding: Excelerate.app/Contents/Resources/lib/python3.11/pandas/tests/groupby/__pycache__/test_indexing.cpython-311.pyc (deflated 61%)
  adding: Excelerate.app/Contents/Resources/lib/python3.11/pandas/tests/groupby/__pycache__/test_reductions.cpython-311.pyc (deflated 63%)
  adding: Excelerate.app/Contents/Resources/lib/python3.11/pandas/tests/groupby/__pycache__/test_apply_mutate.cpython-311.pyc (deflated 60%)
  adding: Excelerate.app/Contents/Resources/lib/python3.11/pandas/tests/groupby/__pycache__/test_timegrouper.cpython-311.pyc (deflated 67%)
  adding: Excelerate.app/Contents/Resources/lib/python3.11/pandas/tests/groupby/__pycache__/test_cumulative.cpython-311.pyc (deflated 67%)
  adding: Excelerate.app/Contents/Resources/lib/python3.11/pandas/tests/groupby/__pycache__/test_groupby_subclass.cpython-311.pyc (deflated 56%)
  adding: Excelerate.app/Contents/Resources/lib/python3.11/pandas/tests/groupby/__pycache__/test_categorical.cpython-311.pyc (deflated 66%)
  adding: Excelerate.app/Contents/Resources/lib/python3.11/pandas/tests/groupby/__pycache__/test_numba.cpython-311.pyc (deflated 64%)
  adding: Excelerate.app/Contents/Resources/lib/python3.11/pandas/tests/groupby/__pycache__/test_groupby_dropna.cpython-311.pyc (deflated 61%)
  adding: Excelerate.app/Contents/Resources/lib/python3.11/pandas/tests/groupby/__pycache__/test_libgroupby.cpython-311.pyc (deflated 65%)
  adding: Excelerate.app/Contents/Resources/lib/python3.11/pandas/tests/groupby/__pycache__/test_missing.cpython-311.pyc (deflated 57%)
  adding: Excelerate.app/Contents/Resources/lib/python3.11/pandas/tests/groupby/__pycache__/conftest.cpython-311.pyc (deflated 65%)
  adding: Excelerate.app/Contents/Resources/lib/python3.11/pandas/tests/groupby/__pycache__/test_numeric_only.cpython-311.pyc (deflated 61%)
  adding: Excelerate.app/Contents/Resources/lib/python3.11/pandas/tests/groupby/__pycache__/test_raises.cpython-311.pyc (deflated 67%)
  adding: Excelerate.app/Contents/Resources/lib/python3.11/pandas/tests/groupby/__pycache__/test_filters.cpython-311.pyc (deflated 76%)
  adding: Excelerate.app/Contents/Resources/lib/python3.11/pandas/tests/groupby/__pycache__/test_apply.cpython-311.pyc (deflated 67%)
  adding: Excelerate.app/Contents/Resources/lib/python3.11/pandas/tests/groupby/__pycache__/test_groupby.cpython-311.pyc (deflated 67%)
  adding: Excelerate.app/Contents/Resources/lib/python3.11/pandas/tests/groupby/__pycache__/test_all_methods.cpython-311.pyc (deflated 51%)
  adding: Excelerate.app/Contents/Resources/lib/python3.11/pandas/tests/groupby/__pycache__/test_index_as_string.cpython-311.pyc (deflated 52%)
  adding: Excelerate.app/Contents/Resources/lib/python3.11/pandas/tests/groupby/__pycache__/test_api.cpython-311.pyc (deflated 54%)
  adding: Excelerate.app/Contents/Resources/lib/python3.11/pandas/tests/groupby/__pycache__/test_pipe.cpython-311.pyc (deflated 52%)
  adding: Excelerate.app/Contents/Resources/lib/python3.11/pandas/tests/groupby/__pycache__/test_grouping.cpython-311.pyc (deflated 68%)
  adding: Excelerate.app/Contents/Resources/lib/python3.11/pandas/tests/groupby/__pycache__/__init__.cpython-311.pyc (deflated 38%)
  adding: Excelerate.app/Contents/Resources/lib/python3.11/pandas/tests/groupby/__pycache__/test_bin_groupby.cpython-311.pyc (deflated 51%)
  adding: Excelerate.app/Contents/Resources/lib/python3.11/pandas/tests/groupby/test_apply.py (deflated 79%)
  adding: Excelerate.app/Contents/Resources/lib/python3.11/pandas/tests/groupby/test_indexing.py (deflated 75%)
  adding: Excelerate.app/Contents/Resources/lib/python3.11/pandas/tests/groupby/test_apply_mutate.py (deflated 75%)
  adding: Excelerate.app/Contents/Resources/lib/python3.11/pandas/tests/groupby/test_libgroupby.py (deflated 79%)
  adding: Excelerate.app/Contents/Resources/lib/python3.11/pandas/tests/groupby/test_groupby_dropna.py (deflated 78%)
  adding: Excelerate.app/Contents/Resources/lib/python3.11/pandas/tests/groupby/test_groupby.py (deflated 78%)
  adding: Excelerate.app/Contents/Resources/lib/python3.11/pandas/tests/groupby/test_api.py (deflated 78%)
  adding: Excelerate.app/Contents/Resources/lib/python3.11/pandas/tests/groupby/test_pipe.py (deflated 62%)
  adding: Excelerate.app/Contents/Resources/lib/python3.11/pandas/tests/groupby/test_filters.py (deflated 85%)
  adding: Excelerate.app/Contents/Resources/lib/python3.11/pandas/tests/groupby/test_numba.py (deflated 76%)
  adding: Excelerate.app/Contents/Resources/lib/python3.11/pandas/tests/groupby/test_index_as_string.py (deflated 71%)
  adding: Excelerate.app/Contents/Resources/lib/python3.11/pandas/tests/groupby/transform/ (stored 0%)
  adding: Excelerate.app/Contents/Resources/lib/python3.11/pandas/tests/groupby/transform/test_transform.py (deflated 78%)
  adding: Excelerate.app/Contents/Resources/lib/python3.11/pandas/tests/groupby/transform/__init__.py (stored 0%)
  adding: Excelerate.app/Contents/Resources/lib/python3.11/pandas/tests/groupby/transform/__pycache__/ (stored 0%)
  adding: Excelerate.app/Contents/Resources/lib/python3.11/pandas/tests/groupby/transform/__pycache__/test_numba.cpython-311.pyc (deflated 68%)
  adding: Excelerate.app/Contents/Resources/lib/python3.11/pandas/tests/groupby/transform/__pycache__/test_transform.cpython-311.pyc (deflated 66%)
  adding: Excelerate.app/Contents/Resources/lib/python3.11/pandas/tests/groupby/transform/__pycache__/__init__.cpython-311.pyc (deflated 19%)
  adding: Excelerate.app/Contents/Resources/lib/python3.11/pandas/tests/groupby/transform/test_numba.py (deflated 81%)
  adding: Excelerate.app/Contents/Resources/lib/python3.11/pandas/tests/groupby/test_numeric_only.py (deflated 78%)
  adding: Excelerate.app/Contents/Resources/lib/python3.11/pandas/tests/internals/ (stored 0%)
  adding: Excelerate.app/Contents/Resources/lib/python3.11/pandas/tests/internals/__init__.py (stored 0%)
  adding: Excelerate.app/Contents/Resources/lib/python3.11/pandas/tests/internals/__pycache__/ (stored 0%)
  adding: Excelerate.app/Contents/Resources/lib/python3.11/pandas/tests/internals/__pycache__/test_internals.cpython-311.pyc (deflated 68%)
  adding: Excelerate.app/Contents/Resources/lib/python3.11/pandas/tests/internals/__pycache__/test_api.cpython-311.pyc (deflated 51%)
  adding: Excelerate.app/Contents/Resources/lib/python3.11/pandas/tests/internals/__pycache__/test_managers.cpython-311.pyc (deflated 65%)
  adding: Excelerate.app/Contents/Resources/lib/python3.11/pandas/tests/internals/__pycache__/__init__.cpython-311.pyc (deflated 19%)
  adding: Excelerate.app/Contents/Resources/lib/python3.11/pandas/tests/internals/test_internals.py (deflated 79%)
  adding: Excelerate.app/Contents/Resources/lib/python3.11/pandas/tests/internals/test_managers.py (deflated 73%)
  adding: Excelerate.app/Contents/Resources/lib/python3.11/pandas/tests/internals/test_api.py (deflated 62%)
  adding: Excelerate.app/Contents/Resources/lib/python3.11/pandas/tests/computation/ (stored 0%)
  adding: Excelerate.app/Contents/Resources/lib/python3.11/pandas/tests/computation/__init__.py (stored 0%)
  adding: Excelerate.app/Contents/Resources/lib/python3.11/pandas/tests/computation/__pycache__/ (stored 0%)
  adding: Excelerate.app/Contents/Resources/lib/python3.11/pandas/tests/computation/__pycache__/test_compat.cpython-311.pyc (deflated 43%)
  adding: Excelerate.app/Contents/Resources/lib/python3.11/pandas/tests/computation/__pycache__/test_eval.cpython-311.pyc (deflated 70%)
  adding: Excelerate.app/Contents/Resources/lib/python3.11/pandas/tests/computation/__pycache__/__init__.cpython-311.pyc (deflated 19%)
  adding: Excelerate.app/Contents/Resources/lib/python3.11/pandas/tests/computation/test_compat.py (deflated 55%)
  adding: Excelerate.app/Contents/Resources/lib/python3.11/pandas/tests/computation/test_eval.py (deflated 82%)
  adding: Excelerate.app/Contents/Resources/lib/python3.11/pandas/tests/test_nanops.py (deflated 81%)
  adding: Excelerate.app/Contents/Resources/lib/python3.11/pandas/tests/test_take.py (deflated 84%)
  adding: Excelerate.app/Contents/Resources/lib/python3.11/pandas/tests/test_algos.py (deflated 84%)
  adding: Excelerate.app/Contents/Resources/lib/python3.11/pandas/tests/test_multilevel.py (deflated 77%)
  adding: Excelerate.app/Contents/Resources/lib/python3.11/pandas/tests/plotting/ (stored 0%)
  adding: Excelerate.app/Contents/Resources/lib/python3.11/pandas/tests/plotting/test_backend.py (deflated 72%)
  adding: Excelerate.app/Contents/Resources/lib/python3.11/pandas/tests/plotting/conftest.py (deflated 58%)
  adding: Excelerate.app/Contents/Resources/lib/python3.11/pandas/tests/plotting/test_common.py (deflated 63%)
  adding: Excelerate.app/Contents/Resources/lib/python3.11/pandas/tests/plotting/test_misc.py (deflated 78%)
  adding: Excelerate.app/Contents/Resources/lib/python3.11/pandas/tests/plotting/test_boxplot_method.py (deflated 82%)
  adding: Excelerate.app/Contents/Resources/lib/python3.11/pandas/tests/plotting/__init__.py (stored 0%)
  adding: Excelerate.app/Contents/Resources/lib/python3.11/pandas/tests/plotting/test_datetimelike.py (deflated 85%)
  adding: Excelerate.app/Contents/Resources/lib/python3.11/pandas/tests/plotting/frame/ (stored 0%)
  adding: Excelerate.app/Contents/Resources/lib/python3.11/pandas/tests/plotting/frame/test_frame_color.py (deflated 82%)
  adding: Excelerate.app/Contents/Resources/lib/python3.11/pandas/tests/plotting/frame/test_frame.py (deflated 83%)
  adding: Excelerate.app/Contents/Resources/lib/python3.11/pandas/tests/plotting/frame/test_frame_subplots.py (deflated 82%)
  adding: Excelerate.app/Contents/Resources/lib/python3.11/pandas/tests/plotting/frame/test_frame_legend.py (deflated 80%)
  adding: Excelerate.app/Contents/Resources/lib/python3.11/pandas/tests/plotting/frame/__init__.py (stored 0%)
  adding: Excelerate.app/Contents/Resources/lib/python3.11/pandas/tests/plotting/frame/test_hist_box_by.py (deflated 85%)
  adding: Excelerate.app/Contents/Resources/lib/python3.11/pandas/tests/plotting/frame/__pycache__/ (stored 0%)
  adding: Excelerate.app/Contents/Resources/lib/python3.11/pandas/tests/plotting/frame/__pycache__/test_hist_box_by.cpython-311.pyc (deflated 69%)
  adding: Excelerate.app/Contents/Resources/lib/python3.11/pandas/tests/plotting/frame/__pycache__/test_frame_groupby.cpython-311.pyc (deflated 56%)
  adding: Excelerate.app/Contents/Resources/lib/python3.11/pandas/tests/plotting/frame/__pycache__/test_frame_color.cpython-311.pyc (deflated 74%)
  adding: Excelerate.app/Contents/Resources/lib/python3.11/pandas/tests/plotting/frame/__pycache__/test_frame_subplots.cpython-311.pyc (deflated 70%)
  adding: Excelerate.app/Contents/Resources/lib/python3.11/pandas/tests/plotting/frame/__pycache__/test_frame_legend.cpython-311.pyc (deflated 68%)
  adding: Excelerate.app/Contents/Resources/lib/python3.11/pandas/tests/plotting/frame/__pycache__/__init__.cpython-311.pyc (deflated 19%)
  adding: Excelerate.app/Contents/Resources/lib/python3.11/pandas/tests/plotting/frame/__pycache__/test_frame.cpython-311.pyc (deflated 73%)
  adding: Excelerate.app/Contents/Resources/lib/python3.11/pandas/tests/plotting/frame/test_frame_groupby.py (deflated 73%)
  adding: Excelerate.app/Contents/Resources/lib/python3.11/pandas/tests/plotting/__pycache__/ (stored 0%)
  adding: Excelerate.app/Contents/Resources/lib/python3.11/pandas/tests/plotting/__pycache__/test_hist_method.cpython-311.pyc (deflated 71%)
  adding: Excelerate.app/Contents/Resources/lib/python3.11/pandas/tests/plotting/__pycache__/test_common.cpython-311.pyc (deflated 56%)
  adding: Excelerate.app/Contents/Resources/lib/python3.11/pandas/tests/plotting/__pycache__/test_series.cpython-311.pyc (deflated 70%)
  adding: Excelerate.app/Contents/Resources/lib/python3.11/pandas/tests/plotting/__pycache__/common.cpython-311.pyc (deflated 61%)
  adding: Excelerate.app/Contents/Resources/lib/python3.11/pandas/tests/plotting/__pycache__/test_backend.cpython-311.pyc (deflated 59%)
  adding: Excelerate.app/Contents/Resources/lib/python3.11/pandas/tests/plotting/__pycache__/test_boxplot_method.cpython-311.pyc (deflated 70%)
  adding: Excelerate.app/Contents/Resources/lib/python3.11/pandas/tests/plotting/__pycache__/test_converter.cpython-311.pyc (deflated 64%)
  adding: Excelerate.app/Contents/Resources/lib/python3.11/pandas/tests/plotting/__pycache__/conftest.cpython-311.pyc (deflated 45%)
  adding: Excelerate.app/Contents/Resources/lib/python3.11/pandas/tests/plotting/__pycache__/test_style.cpython-311.pyc (deflated 64%)
  adding: Excelerate.app/Contents/Resources/lib/python3.11/pandas/tests/plotting/__pycache__/test_groupby.cpython-311.pyc (deflated 68%)
  adding: Excelerate.app/Contents/Resources/lib/python3.11/pandas/tests/plotting/__pycache__/test_datetimelike.cpython-311.pyc (deflated 76%)
  adding: Excelerate.app/Contents/Resources/lib/python3.11/pandas/tests/plotting/__pycache__/test_misc.cpython-311.pyc (deflated 67%)
  adding: Excelerate.app/Contents/Resources/lib/python3.11/pandas/tests/plotting/__pycache__/__init__.cpython-311.pyc (deflated 19%)
  adding: Excelerate.app/Contents/Resources/lib/python3.11/pandas/tests/plotting/test_hist_method.py (deflated 83%)
  adding: Excelerate.app/Contents/Resources/lib/python3.11/pandas/tests/plotting/common.py (deflated 74%)
  adding: Excelerate.app/Contents/Resources/lib/python3.11/pandas/tests/plotting/test_style.py (deflated 82%)
  adding: Excelerate.app/Contents/Resources/lib/python3.11/pandas/tests/plotting/test_groupby.py (deflated 77%)
  adding: Excelerate.app/Contents/Resources/lib/python3.11/pandas/tests/plotting/test_converter.py (deflated 74%)
  adding: Excelerate.app/Contents/Resources/lib/python3.11/pandas/tests/plotting/test_series.py (deflated 80%)
  adding: Excelerate.app/Contents/Resources/lib/python3.11/pandas/tests/window/ (stored 0%)
  adding: Excelerate.app/Contents/Resources/lib/python3.11/pandas/tests/window/conftest.py (deflated 71%)
  adding: Excelerate.app/Contents/Resources/lib/python3.11/pandas/tests/window/moments/ (stored 0%)
  adding: Excelerate.app/Contents/Resources/lib/python3.11/pandas/tests/window/moments/conftest.py (deflated 67%)
  adding: Excelerate.app/Contents/Resources/lib/python3.11/pandas/tests/window/moments/test_moments_consistency_ewm.py (deflated 80%)
  adding: Excelerate.app/Contents/Resources/lib/python3.11/pandas/tests/window/moments/test_moments_consistency_rolling.py (deflated 82%)
  adding: Excelerate.app/Contents/Resources/lib/python3.11/pandas/tests/window/moments/__init__.py (stored 0%)
  adding: Excelerate.app/Contents/Resources/lib/python3.11/pandas/tests/window/moments/__pycache__/ (stored 0%)
  adding: Excelerate.app/Contents/Resources/lib/python3.11/pandas/tests/window/moments/__pycache__/test_moments_consistency_ewm.cpython-311.pyc (deflated 63%)
  adding: Excelerate.app/Contents/Resources/lib/python3.11/pandas/tests/window/moments/__pycache__/conftest.cpython-311.pyc (deflated 56%)
  adding: Excelerate.app/Contents/Resources/lib/python3.11/pandas/tests/window/moments/__pycache__/test_moments_consistency_expanding.cpython-311.pyc (deflated 63%)
  adding: Excelerate.app/Contents/Resources/lib/python3.11/pandas/tests/window/moments/__pycache__/test_moments_consistency_rolling.cpython-311.pyc (deflated 66%)
  adding: Excelerate.app/Contents/Resources/lib/python3.11/pandas/tests/window/moments/__pycache__/__init__.cpython-311.pyc (deflated 19%)
  adding: Excelerate.app/Contents/Resources/lib/python3.11/pandas/tests/window/moments/test_moments_consistency_expanding.py (deflated 78%)
  adding: Excelerate.app/Contents/Resources/lib/python3.11/pandas/tests/window/test_rolling_quantile.py (deflated 75%)
  adding: Excelerate.app/Contents/Resources/lib/python3.11/pandas/tests/window/test_cython_aggregations.py (deflated 70%)
  adding: Excelerate.app/Contents/Resources/lib/python3.11/pandas/tests/window/test_expanding.py (deflated 82%)
  adding: Excelerate.app/Contents/Resources/lib/python3.11/pandas/tests/window/test_rolling.py (deflated 80%)
  adding: Excelerate.app/Contents/Resources/lib/python3.11/pandas/tests/window/__init__.py (stored 0%)
  adding: Excelerate.app/Contents/Resources/lib/python3.11/pandas/tests/window/test_rolling_skew_kurt.py (deflated 79%)
  adding: Excelerate.app/Contents/Resources/lib/python3.11/pandas/tests/window/test_ewm.py (deflated 81%)
  adding: Excelerate.app/Contents/Resources/lib/python3.11/pandas/tests/window/__pycache__/ (stored 0%)
  adding: Excelerate.app/Contents/Resources/lib/python3.11/pandas/tests/window/__pycache__/test_cython_aggregations.cpython-311.pyc (deflated 51%)
  adding: Excelerate.app/Contents/Resources/lib/python3.11/pandas/tests/window/__pycache__/test_expanding.cpython-311.pyc (deflated 69%)
  adding: Excelerate.app/Contents/Resources/lib/python3.11/pandas/tests/window/__pycache__/test_rolling.cpython-311.pyc (deflated 66%)
  adding: Excelerate.app/Contents/Resources/lib/python3.11/pandas/tests/window/__pycache__/test_rolling_functions.cpython-311.pyc (deflated 74%)
  adding: Excelerate.app/Contents/Resources/lib/python3.11/pandas/tests/window/__pycache__/test_pairwise.cpython-311.pyc (deflated 69%)
  adding: Excelerate.app/Contents/Resources/lib/python3.11/pandas/tests/window/__pycache__/test_base_indexer.cpython-311.pyc (deflated 63%)
  adding: Excelerate.app/Contents/Resources/lib/python3.11/pandas/tests/window/__pycache__/test_numba.cpython-311.pyc (deflated 66%)
  adding: Excelerate.app/Contents/Resources/lib/python3.11/pandas/tests/window/__pycache__/test_rolling_quantile.cpython-311.pyc (deflated 62%)
  adding: Excelerate.app/Contents/Resources/lib/python3.11/pandas/tests/window/__pycache__/test_win_type.cpython-311.pyc (deflated 65%)
  adding: Excelerate.app/Contents/Resources/lib/python3.11/pandas/tests/window/__pycache__/conftest.cpython-311.pyc (deflated 62%)
  adding: Excelerate.app/Contents/Resources/lib/python3.11/pandas/tests/window/__pycache__/test_ewm.cpython-311.pyc (deflated 68%)
  adding: Excelerate.app/Contents/Resources/lib/python3.11/pandas/tests/window/__pycache__/test_apply.cpython-311.pyc (deflated 64%)
  adding: Excelerate.app/Contents/Resources/lib/python3.11/pandas/tests/window/__pycache__/test_timeseries_window.cpython-311.pyc (deflated 73%)
  adding: Excelerate.app/Contents/Resources/lib/python3.11/pandas/tests/window/__pycache__/test_groupby.cpython-311.pyc (deflated 68%)
  adding: Excelerate.app/Contents/Resources/lib/python3.11/pandas/tests/window/__pycache__/test_rolling_skew_kurt.cpython-311.pyc (deflated 67%)
  adding: Excelerate.app/Contents/Resources/lib/python3.11/pandas/tests/window/__pycache__/test_dtypes.cpython-311.pyc (deflated 60%)
  adding: Excelerate.app/Contents/Resources/lib/python3.11/pandas/tests/window/__pycache__/test_api.cpython-311.pyc (deflated 65%)
  adding: Excelerate.app/Contents/Resources/lib/python3.11/pandas/tests/window/__pycache__/__init__.cpython-311.pyc (deflated 18%)
  adding: Excelerate.app/Contents/Resources/lib/python3.11/pandas/tests/window/__pycache__/test_online.cpython-311.pyc (deflated 57%)
  adding: Excelerate.app/Contents/Resources/lib/python3.11/pandas/tests/window/test_apply.py (deflated 75%)
  adding: Excelerate.app/Contents/Resources/lib/python3.11/pandas/tests/window/test_win_type.py (deflated 80%)
  adding: Excelerate.app/Contents/Resources/lib/python3.11/pandas/tests/window/test_groupby.py (deflated 83%)
  adding: Excelerate.app/Contents/Resources/lib/python3.11/pandas/tests/window/test_api.py (deflated 77%)
  adding: Excelerate.app/Contents/Resources/lib/python3.11/pandas/tests/window/test_pairwise.py (deflated 81%)
  adding: Excelerate.app/Contents/Resources/lib/python3.11/pandas/tests/window/test_numba.py (deflated 82%)
  adding: Excelerate.app/Contents/Resources/lib/python3.11/pandas/tests/window/test_online.py (deflated 71%)
  adding: Excelerate.app/Contents/Resources/lib/python3.11/pandas/tests/window/test_rolling_functions.py (deflated 84%)
  adding: Excelerate.app/Contents/Resources/lib/python3.11/pandas/tests/window/test_base_indexer.py (deflated 79%)
  adding: Excelerate.app/Contents/Resources/lib/python3.11/pandas/tests/window/test_dtypes.py (deflated 77%)
  adding: Excelerate.app/Contents/Resources/lib/python3.11/pandas/tests/window/test_timeseries_window.py (deflated 84%)
  adding: Excelerate.app/Contents/Resources/lib/python3.11/pandas/tests/arrays/ (stored 0%)
  adding: Excelerate.app/Contents/Resources/lib/python3.11/pandas/tests/arrays/test_period.py (deflated 77%)
  adding: Excelerate.app/Contents/Resources/lib/python3.11/pandas/tests/arrays/string_/ (stored 0%)
  adding: Excelerate.app/Contents/Resources/lib/python3.11/pandas/tests/arrays/string_/test_string.py (deflated 80%)
  adding: Excelerate.app/Contents/Resources/lib/python3.11/pandas/tests/arrays/string_/__init__.py (stored 0%)
  adding: Excelerate.app/Contents/Resources/lib/python3.11/pandas/tests/arrays/string_/__pycache__/ (stored 0%)
  adding: Excelerate.app/Contents/Resources/lib/python3.11/pandas/tests/arrays/string_/__pycache__/test_string.cpython-311.pyc (deflated 66%)
  adding: Excelerate.app/Contents/Resources/lib/python3.11/pandas/tests/arrays/string_/__pycache__/test_string_arrow.cpython-311.pyc (deflated 66%)
  adding: Excelerate.app/Contents/Resources/lib/python3.11/pandas/tests/arrays/string_/__pycache__/__init__.cpython-311.pyc (deflated 19%)
  adding: Excelerate.app/Contents/Resources/lib/python3.11/pandas/tests/arrays/string_/test_string_arrow.py (deflated 79%)
  adding: Excelerate.app/Contents/Resources/lib/python3.11/pandas/tests/arrays/interval/ (stored 0%)
  adding: Excelerate.app/Contents/Resources/lib/python3.11/pandas/tests/arrays/interval/test_overlaps.py (deflated 70%)
  adding: Excelerate.app/Contents/Resources/lib/python3.11/pandas/tests/arrays/interval/__init__.py (stored 0%)
  adding: Excelerate.app/Contents/Resources/lib/python3.11/pandas/tests/arrays/interval/__pycache__/ (stored 0%)
  adding: Excelerate.app/Contents/Resources/lib/python3.11/pandas/tests/arrays/interval/__pycache__/test_overlaps.cpython-311.pyc (deflated 53%)
  adding: Excelerate.app/Contents/Resources/lib/python3.11/pandas/tests/arrays/interval/__pycache__/test_interval.cpython-311.pyc (deflated 63%)
  adding: Excelerate.app/Contents/Resources/lib/python3.11/pandas/tests/arrays/interval/__pycache__/test_formats.cpython-311.pyc (deflated 30%)
  adding: Excelerate.app/Contents/Resources/lib/python3.11/pandas/tests/arrays/interval/__pycache__/test_interval_pyarrow.cpython-311.pyc (deflated 61%)
  adding: Excelerate.app/Contents/Resources/lib/python3.11/pandas/tests/arrays/interval/__pycache__/test_astype.cpython-311.pyc (deflated 46%)
  adding: Excelerate.app/Contents/Resources/lib/python3.11/pandas/tests/arrays/interval/__pycache__/__init__.cpython-311.pyc (deflated 20%)
  adding: Excelerate.app/Contents/Resources/lib/python3.11/pandas/tests/arrays/interval/test_interval.py (deflated 74%)
  adding: Excelerate.app/Contents/Resources/lib/python3.11/pandas/tests/arrays/interval/test_astype.py (deflated 57%)
  adding: Excelerate.app/Contents/Resources/lib/python3.11/pandas/tests/arrays/interval/test_formats.py (deflated 38%)
  adding: Excelerate.app/Contents/Resources/lib/python3.11/pandas/tests/arrays/interval/test_interval_pyarrow.py (deflated 74%)
  adding: Excelerate.app/Contents/Resources/lib/python3.11/pandas/tests/arrays/test_array.py (deflated 81%)
  adding: Excelerate.app/Contents/Resources/lib/python3.11/pandas/tests/arrays/masked/ (stored 0%)
  adding: Excelerate.app/Contents/Resources/lib/python3.11/pandas/tests/arrays/masked/test_arrow_compat.py (deflated 72%)
  adding: Excelerate.app/Contents/Resources/lib/python3.11/pandas/tests/arrays/masked/__init__.py (stored 0%)
  adding: Excelerate.app/Contents/Resources/lib/python3.11/pandas/tests/arrays/masked/__pycache__/ (stored 0%)
  adding: Excelerate.app/Contents/Resources/lib/python3.11/pandas/tests/arrays/masked/__pycache__/test_arithmetic.cpython-311.pyc (deflated 61%)
  adding: Excelerate.app/Contents/Resources/lib/python3.11/pandas/tests/arrays/masked/__pycache__/test_indexing.cpython-311.pyc (deflated 60%)
  adding: Excelerate.app/Contents/Resources/lib/python3.11/pandas/tests/arrays/masked/__pycache__/test_arrow_compat.cpython-311.pyc (deflated 59%)
  adding: Excelerate.app/Contents/Resources/lib/python3.11/pandas/tests/arrays/masked/__pycache__/test_function.cpython-311.pyc (deflated 52%)
  adding: Excelerate.app/Contents/Resources/lib/python3.11/pandas/tests/arrays/masked/__pycache__/__init__.cpython-311.pyc (deflated 19%)
  adding: Excelerate.app/Contents/Resources/lib/python3.11/pandas/tests/arrays/masked/test_indexing.py (deflated 69%)
  adding: Excelerate.app/Contents/Resources/lib/python3.11/pandas/tests/arrays/masked/test_function.py (deflated 63%)
  adding: Excelerate.app/Contents/Resources/lib/python3.11/pandas/tests/arrays/masked/test_arithmetic.py (deflated 77%)
  adding: Excelerate.app/Contents/Resources/lib/python3.11/pandas/tests/arrays/__init__.py (stored 0%)
  adding: Excelerate.app/Contents/Resources/lib/python3.11/pandas/tests/arrays/test_datetimelike.py (deflated 82%)
  adding: Excelerate.app/Contents/Resources/lib/python3.11/pandas/tests/arrays/period/ (stored 0%)
  adding: Excelerate.app/Contents/Resources/lib/python3.11/pandas/tests/arrays/period/test_arrow_compat.py (deflated 72%)
  adding: Excelerate.app/Contents/Resources/lib/python3.11/pandas/tests/arrays/period/test_reductions.py (deflated 71%)
  adding: Excelerate.app/Contents/Resources/lib/python3.11/pandas/tests/arrays/period/test_constructors.py (deflated 74%)
  adding: Excelerate.app/Contents/Resources/lib/python3.11/pandas/tests/arrays/period/__init__.py (stored 0%)
  adding: Excelerate.app/Contents/Resources/lib/python3.11/pandas/tests/arrays/period/__pycache__/ (stored 0%)
  adding: Excelerate.app/Contents/Resources/lib/python3.11/pandas/tests/arrays/period/__pycache__/test_reductions.cpython-311.pyc (deflated 54%)
  adding: Excelerate.app/Contents/Resources/lib/python3.11/pandas/tests/arrays/period/__pycache__/test_arrow_compat.cpython-311.pyc (deflated 59%)
  adding: Excelerate.app/Contents/Resources/lib/python3.11/pandas/tests/arrays/period/__pycache__/test_constructors.cpython-311.pyc (deflated 62%)
  adding: Excelerate.app/Contents/Resources/lib/python3.11/pandas/tests/arrays/period/__pycache__/test_astype.cpython-311.pyc (deflated 56%)
  adding: Excelerate.app/Contents/Resources/lib/python3.11/pandas/tests/arrays/period/__pycache__/__init__.cpython-311.pyc (deflated 19%)
  adding: Excelerate.app/Contents/Resources/lib/python3.11/pandas/tests/arrays/period/test_astype.py (deflated 66%)
  adding: Excelerate.app/Contents/Resources/lib/python3.11/pandas/tests/arrays/masked_shared.py (deflated 72%)
  adding: Excelerate.app/Contents/Resources/lib/python3.11/pandas/tests/arrays/__pycache__/ (stored 0%)
  adding: Excelerate.app/Contents/Resources/lib/python3.11/pandas/tests/arrays/__pycache__/test_datetimes.cpython-311.pyc (deflated 66%)
  adding: Excelerate.app/Contents/Resources/lib/python3.11/pandas/tests/arrays/__pycache__/test_ndarray_backed.cpython-311.pyc (deflated 61%)
  adding: Excelerate.app/Contents/Resources/lib/python3.11/pandas/tests/arrays/__pycache__/test_period.cpython-311.pyc (deflated 63%)
  adding: Excelerate.app/Contents/Resources/lib/python3.11/pandas/tests/arrays/__pycache__/masked_shared.cpython-311.pyc (deflated 59%)
  adding: Excelerate.app/Contents/Resources/lib/python3.11/pandas/tests/arrays/__pycache__/test_array.cpython-311.pyc (deflated 65%)
  adding: Excelerate.app/Contents/Resources/lib/python3.11/pandas/tests/arrays/__pycache__/test_datetimelike.cpython-311.pyc (deflated 69%)
  adding: Excelerate.app/Contents/Resources/lib/python3.11/pandas/tests/arrays/__pycache__/test_timedeltas.cpython-311.pyc (deflated 66%)
  adding: Excelerate.app/Contents/Resources/lib/python3.11/pandas/tests/arrays/__pycache__/__init__.cpython-311.pyc (deflated 18%)
  adding: Excelerate.app/Contents/Resources/lib/python3.11/pandas/tests/arrays/categorical/ (stored 0%)
  adding: Excelerate.app/Contents/Resources/lib/python3.11/pandas/tests/arrays/categorical/test_warnings.py (deflated 45%)
  adding: Excelerate.app/Contents/Resources/lib/python3.11/pandas/tests/arrays/categorical/test_constructors.py (deflated 82%)
  adding: Excelerate.app/Contents/Resources/lib/python3.11/pandas/tests/arrays/categorical/test_missing.py (deflated 76%)
  adding: Excelerate.app/Contents/Resources/lib/python3.11/pandas/tests/arrays/categorical/test_sorting.py (deflated 84%)
  adding: Excelerate.app/Contents/Resources/lib/python3.11/pandas/tests/arrays/categorical/test_operators.py (deflated 81%)
  adding: Excelerate.app/Contents/Resources/lib/python3.11/pandas/tests/arrays/categorical/__init__.py (stored 0%)
  adding: Excelerate.app/Contents/Resources/lib/python3.11/pandas/tests/arrays/categorical/test_subclass.py (deflated 70%)
  adding: Excelerate.app/Contents/Resources/lib/python3.11/pandas/tests/arrays/categorical/test_analytics.py (deflated 77%)
  adding: Excelerate.app/Contents/Resources/lib/python3.11/pandas/tests/arrays/categorical/__pycache__/ (stored 0%)
  adding: Excelerate.app/Contents/Resources/lib/python3.11/pandas/tests/arrays/categorical/__pycache__/test_analytics.cpython-311.pyc (deflated 65%)
  adding: Excelerate.app/Contents/Resources/lib/python3.11/pandas/tests/arrays/categorical/__pycache__/test_repr.cpython-311.pyc (deflated 82%)
  adding: Excelerate.app/Contents/Resources/lib/python3.11/pandas/tests/arrays/categorical/__pycache__/test_indexing.cpython-311.pyc (deflated 65%)
  adding: Excelerate.app/Contents/Resources/lib/python3.11/pandas/tests/arrays/categorical/__pycache__/test_sorting.cpython-311.pyc (deflated 71%)
  adding: Excelerate.app/Contents/Resources/lib/python3.11/pandas/tests/arrays/categorical/__pycache__/test_algos.cpython-311.pyc (deflated 59%)
  adding: Excelerate.app/Contents/Resources/lib/python3.11/pandas/tests/arrays/categorical/__pycache__/test_operators.cpython-311.pyc (deflated 69%)
  adding: Excelerate.app/Contents/Resources/lib/python3.11/pandas/tests/arrays/categorical/__pycache__/test_warnings.cpython-311.pyc (deflated 46%)
  adding: Excelerate.app/Contents/Resources/lib/python3.11/pandas/tests/arrays/categorical/__pycache__/test_subclass.cpython-311.pyc (deflated 55%)
  adding: Excelerate.app/Contents/Resources/lib/python3.11/pandas/tests/arrays/categorical/__pycache__/test_missing.cpython-311.pyc (deflated 63%)
  adding: Excelerate.app/Contents/Resources/lib/python3.11/pandas/tests/arrays/categorical/__pycache__/test_constructors.cpython-311.pyc (deflated 71%)
  adding: Excelerate.app/Contents/Resources/lib/python3.11/pandas/tests/arrays/categorical/__pycache__/test_take.cpython-311.pyc (deflated 62%)
  adding: Excelerate.app/Contents/Resources/lib/python3.11/pandas/tests/arrays/categorical/__pycache__/test_dtypes.cpython-311.pyc (deflated 67%)
  adding: Excelerate.app/Contents/Resources/lib/python3.11/pandas/tests/arrays/categorical/__pycache__/test_api.cpython-311.pyc (deflated 69%)
  adding: Excelerate.app/Contents/Resources/lib/python3.11/pandas/tests/arrays/categorical/__pycache__/test_astype.cpython-311.pyc (deflated 62%)
  adding: Excelerate.app/Contents/Resources/lib/python3.11/pandas/tests/arrays/categorical/__pycache__/__init__.cpython-311.pyc (deflated 20%)
  adding: Excelerate.app/Contents/Resources/lib/python3.11/pandas/tests/arrays/categorical/__pycache__/test_map.cpython-311.pyc (deflated 62%)
  adding: Excelerate.app/Contents/Resources/lib/python3.11/pandas/tests/arrays/categorical/__pycache__/test_replace.cpython-311.pyc (deflated 56%)
  adding: Excelerate.app/Contents/Resources/lib/python3.11/pandas/tests/arrays/categorical/test_indexing.py (deflated 78%)
  adding: Excelerate.app/Contents/Resources/lib/python3.11/pandas/tests/arrays/categorical/test_astype.py (deflated 76%)
  adding: Excelerate.app/Contents/Resources/lib/python3.11/pandas/tests/arrays/categorical/test_take.py (deflated 77%)
  adding: Excelerate.app/Contents/Resources/lib/python3.11/pandas/tests/arrays/categorical/test_algos.py (deflated 75%)
  adding: Excelerate.app/Contents/Resources/lib/python3.11/pandas/tests/arrays/categorical/test_repr.py (deflated 90%)
  adding: Excelerate.app/Contents/Resources/lib/python3.11/pandas/tests/arrays/categorical/test_map.py (deflated 76%)
  adding: Excelerate.app/Contents/Resources/lib/python3.11/pandas/tests/arrays/categorical/test_api.py (deflated 82%)
  adding: Excelerate.app/Contents/Resources/lib/python3.11/pandas/tests/arrays/categorical/test_replace.py (deflated 72%)
  adding: Excelerate.app/Contents/Resources/lib/python3.11/pandas/tests/arrays/categorical/test_dtypes.py (deflated 80%)
  adding: Excelerate.app/Contents/Resources/lib/python3.11/pandas/tests/arrays/test_timedeltas.py (deflated 80%)
  adding: Excelerate.app/Contents/Resources/lib/python3.11/pandas/tests/arrays/datetimes/ (stored 0%)
  adding: Excelerate.app/Contents/Resources/lib/python3.11/pandas/tests/arrays/datetimes/test_reductions.py (deflated 79%)
  adding: Excelerate.app/Contents/Resources/lib/python3.11/pandas/tests/arrays/datetimes/test_constructors.py (deflated 79%)
  adding: Excelerate.app/Contents/Resources/lib/python3.11/pandas/tests/arrays/datetimes/test_cumulative.py (deflated 70%)
  adding: Excelerate.app/Contents/Resources/lib/python3.11/pandas/tests/arrays/datetimes/__init__.py (stored 0%)
  adding: Excelerate.app/Contents/Resources/lib/python3.11/pandas/tests/arrays/datetimes/__pycache__/ (stored 0%)
  adding: Excelerate.app/Contents/Resources/lib/python3.11/pandas/tests/arrays/datetimes/__pycache__/test_reductions.cpython-311.pyc (deflated 66%)
  adding: Excelerate.app/Contents/Resources/lib/python3.11/pandas/tests/arrays/datetimes/__pycache__/test_cumulative.cpython-311.pyc (deflated 49%)
  adding: Excelerate.app/Contents/Resources/lib/python3.11/pandas/tests/arrays/datetimes/__pycache__/test_constructors.cpython-311.pyc (deflated 66%)
  adding: Excelerate.app/Contents/Resources/lib/python3.11/pandas/tests/arrays/datetimes/__pycache__/__init__.cpython-311.pyc (deflated 20%)
  adding: Excelerate.app/Contents/Resources/lib/python3.11/pandas/tests/arrays/timedeltas/ (stored 0%)
  adding: Excelerate.app/Contents/Resources/lib/python3.11/pandas/tests/arrays/timedeltas/test_reductions.py (deflated 82%)
  adding: Excelerate.app/Contents/Resources/lib/python3.11/pandas/tests/arrays/timedeltas/test_constructors.py (deflated 77%)
  adding: Excelerate.app/Contents/Resources/lib/python3.11/pandas/tests/arrays/timedeltas/test_cumulative.py (deflated 55%)
  adding: Excelerate.app/Contents/Resources/lib/python3.11/pandas/tests/arrays/timedeltas/__init__.py (stored 0%)
  adding: Excelerate.app/Contents/Resources/lib/python3.11/pandas/tests/arrays/timedeltas/__pycache__/ (stored 0%)
  adding: Excelerate.app/Contents/Resources/lib/python3.11/pandas/tests/arrays/timedeltas/__pycache__/test_reductions.cpython-311.pyc (deflated 70%)
  adding: Excelerate.app/Contents/Resources/lib/python3.11/pandas/tests/arrays/timedeltas/__pycache__/test_cumulative.cpython-311.pyc (deflated 44%)
  adding: Excelerate.app/Contents/Resources/lib/python3.11/pandas/tests/arrays/timedeltas/__pycache__/test_constructors.cpython-311.pyc (deflated 68%)
  adding: Excelerate.app/Contents/Resources/lib/python3.11/pandas/tests/arrays/timedeltas/__pycache__/__init__.cpython-311.pyc (deflated 20%)
  adding: Excelerate.app/Contents/Resources/lib/python3.11/pandas/tests/arrays/boolean/ (stored 0%)
  adding: Excelerate.app/Contents/Resources/lib/python3.11/pandas/tests/arrays/boolean/test_logical.py (deflated 84%)
  adding: Excelerate.app/Contents/Resources/lib/python3.11/pandas/tests/arrays/boolean/test_comparison.py (deflated 70%)
  adding: Excelerate.app/Contents/Resources/lib/python3.11/pandas/tests/arrays/boolean/__init__.py (stored 0%)
  adding: Excelerate.app/Contents/Resources/lib/python3.11/pandas/tests/arrays/boolean/__pycache__/ (stored 0%)
  adding: Excelerate.app/Contents/Resources/lib/python3.11/pandas/tests/arrays/boolean/__pycache__/test_arithmetic.cpython-311.pyc (deflated 55%)
  adding: Excelerate.app/Contents/Resources/lib/python3.11/pandas/tests/arrays/boolean/__pycache__/test_repr.cpython-311.pyc (deflated 40%)
  adding: Excelerate.app/Contents/Resources/lib/python3.11/pandas/tests/arrays/boolean/__pycache__/test_indexing.cpython-311.pyc (deflated 36%)
  adding: Excelerate.app/Contents/Resources/lib/python3.11/pandas/tests/arrays/boolean/__pycache__/test_construction.cpython-311.pyc (deflated 71%)
  adding: Excelerate.app/Contents/Resources/lib/python3.11/pandas/tests/arrays/boolean/__pycache__/test_reduction.cpython-311.pyc (deflated 57%)
  adding: Excelerate.app/Contents/Resources/lib/python3.11/pandas/tests/arrays/boolean/__pycache__/test_ops.cpython-311.pyc (deflated 47%)
  adding: Excelerate.app/Contents/Resources/lib/python3.11/pandas/tests/arrays/boolean/__pycache__/test_comparison.cpython-311.pyc (deflated 54%)
  adding: Excelerate.app/Contents/Resources/lib/python3.11/pandas/tests/arrays/boolean/__pycache__/test_function.cpython-311.pyc (deflated 64%)
  adding: Excelerate.app/Contents/Resources/lib/python3.11/pandas/tests/arrays/boolean/__pycache__/test_astype.cpython-311.pyc (deflated 60%)
  adding: Excelerate.app/Contents/Resources/lib/python3.11/pandas/tests/arrays/boolean/__pycache__/__init__.cpython-311.pyc (deflated 19%)
  adding: Excelerate.app/Contents/Resources/lib/python3.11/pandas/tests/arrays/boolean/__pycache__/test_logical.cpython-311.pyc (deflated 69%)
  adding: Excelerate.app/Contents/Resources/lib/python3.11/pandas/tests/arrays/boolean/test_indexing.py (deflated 41%)
  adding: Excelerate.app/Contents/Resources/lib/python3.11/pandas/tests/arrays/boolean/test_astype.py (deflated 73%)
  adding: Excelerate.app/Contents/Resources/lib/python3.11/pandas/tests/arrays/boolean/test_reduction.py (deflated 66%)
  adding: Excelerate.app/Contents/Resources/lib/python3.11/pandas/tests/arrays/boolean/test_construction.py (deflated 85%)
  adding: Excelerate.app/Contents/Resources/lib/python3.11/pandas/tests/arrays/boolean/test_repr.py (deflated 50%)
  adding: Excelerate.app/Contents/Resources/lib/python3.11/pandas/tests/arrays/boolean/test_function.py (deflated 77%)
  adding: Excelerate.app/Contents/Resources/lib/python3.11/pandas/tests/arrays/boolean/test_ops.py (deflated 63%)
  adding: Excelerate.app/Contents/Resources/lib/python3.11/pandas/tests/arrays/boolean/test_arithmetic.py (deflated 69%)
  adding: Excelerate.app/Contents/Resources/lib/python3.11/pandas/tests/arrays/test_ndarray_backed.py (deflated 74%)
  adding: Excelerate.app/Contents/Resources/lib/python3.11/pandas/tests/arrays/integer/ (stored 0%)
  adding: Excelerate.app/Contents/Resources/lib/python3.11/pandas/tests/arrays/integer/conftest.py (deflated 69%)
  adding: Excelerate.app/Contents/Resources/lib/python3.11/pandas/tests/arrays/integer/test_comparison.py (deflated 55%)
  adding: Excelerate.app/Contents/Resources/lib/python3.11/pandas/tests/arrays/integer/__init__.py (stored 0%)
  adding: Excelerate.app/Contents/Resources/lib/python3.11/pandas/tests/arrays/integer/__pycache__/ (stored 0%)
  adding: Excelerate.app/Contents/Resources/lib/python3.11/pandas/tests/arrays/integer/__pycache__/test_arithmetic.cpython-311.pyc (deflated 64%)
  adding: Excelerate.app/Contents/Resources/lib/python3.11/pandas/tests/arrays/integer/__pycache__/test_repr.cpython-311.pyc (deflated 55%)
  adding: Excelerate.app/Contents/Resources/lib/python3.11/pandas/tests/arrays/integer/__pycache__/test_indexing.cpython-311.pyc (deflated 44%)
  adding: Excelerate.app/Contents/Resources/lib/python3.11/pandas/tests/arrays/integer/__pycache__/test_construction.cpython-311.pyc (deflated 63%)
  adding: Excelerate.app/Contents/Resources/lib/python3.11/pandas/tests/arrays/integer/__pycache__/test_reduction.cpython-311.pyc (deflated 60%)
  adding: Excelerate.app/Contents/Resources/lib/python3.11/pandas/tests/arrays/integer/__pycache__/test_comparison.cpython-311.pyc (deflated 47%)
  adding: Excelerate.app/Contents/Resources/lib/python3.11/pandas/tests/arrays/integer/__pycache__/conftest.cpython-311.pyc (deflated 52%)
  adding: Excelerate.app/Contents/Resources/lib/python3.11/pandas/tests/arrays/integer/__pycache__/test_function.cpython-311.pyc (deflated 64%)
  adding: Excelerate.app/Contents/Resources/lib/python3.11/pandas/tests/arrays/integer/__pycache__/test_dtypes.cpython-311.pyc (deflated 67%)
  adding: Excelerate.app/Contents/Resources/lib/python3.11/pandas/tests/arrays/integer/__pycache__/test_concat.cpython-311.pyc (deflated 60%)
  adding: Excelerate.app/Contents/Resources/lib/python3.11/pandas/tests/arrays/integer/__pycache__/__init__.cpython-311.pyc (deflated 19%)
  adding: Excelerate.app/Contents/Resources/lib/python3.11/pandas/tests/arrays/integer/test_indexing.py (deflated 53%)
  adding: Excelerate.app/Contents/Resources/lib/python3.11/pandas/tests/arrays/integer/test_reduction.py (deflated 80%)
  adding: Excelerate.app/Contents/Resources/lib/python3.11/pandas/tests/arrays/integer/test_construction.py (deflated 77%)
  adding: Excelerate.app/Contents/Resources/lib/python3.11/pandas/tests/arrays/integer/test_repr.py (deflated 67%)
  adding: Excelerate.app/Contents/Resources/lib/python3.11/pandas/tests/arrays/integer/test_concat.py (deflated 77%)
  adding: Excelerate.app/Contents/Resources/lib/python3.11/pandas/tests/arrays/integer/test_function.py (deflated 76%)
  adding: Excelerate.app/Contents/Resources/lib/python3.11/pandas/tests/arrays/integer/test_arithmetic.py (deflated 76%)
  adding: Excelerate.app/Contents/Resources/lib/python3.11/pandas/tests/arrays/integer/test_dtypes.py (deflated 78%)
  adding: Excelerate.app/Contents/Resources/lib/python3.11/pandas/tests/arrays/floating/ (stored 0%)
  adding: Excelerate.app/Contents/Resources/lib/python3.11/pandas/tests/arrays/floating/conftest.py (deflated 63%)
  adding: Excelerate.app/Contents/Resources/lib/python3.11/pandas/tests/arrays/floating/test_comparison.py (deflated 64%)
  adding: Excelerate.app/Contents/Resources/lib/python3.11/pandas/tests/arrays/floating/__init__.py (stored 0%)
  adding: Excelerate.app/Contents/Resources/lib/python3.11/pandas/tests/arrays/floating/__pycache__/ (stored 0%)
  adding: Excelerate.app/Contents/Resources/lib/python3.11/pandas/tests/arrays/floating/__pycache__/test_arithmetic.cpython-311.pyc (deflated 62%)
  adding: Excelerate.app/Contents/Resources/lib/python3.11/pandas/tests/arrays/floating/__pycache__/test_repr.cpython-311.pyc (deflated 51%)
  adding: Excelerate.app/Contents/Resources/lib/python3.11/pandas/tests/arrays/floating/__pycache__/test_construction.cpython-311.pyc (deflated 63%)
  adding: Excelerate.app/Contents/Resources/lib/python3.11/pandas/tests/arrays/floating/__pycache__/test_to_numpy.cpython-311.pyc (deflated 70%)
  adding: Excelerate.app/Contents/Resources/lib/python3.11/pandas/tests/arrays/floating/__pycache__/test_comparison.cpython-311.pyc (deflated 52%)
  adding: Excelerate.app/Contents/Resources/lib/python3.11/pandas/tests/arrays/floating/__pycache__/conftest.cpython-311.pyc (deflated 48%)
  adding: Excelerate.app/Contents/Resources/lib/python3.11/pandas/tests/arrays/floating/__pycache__/test_function.cpython-311.pyc (deflated 63%)
  adding: Excelerate.app/Contents/Resources/lib/python3.11/pandas/tests/arrays/floating/__pycache__/test_contains.cpython-311.pyc (deflated 37%)
  adding: Excelerate.app/Contents/Resources/lib/python3.11/pandas/tests/arrays/floating/__pycache__/test_concat.cpython-311.pyc (deflated 42%)
  adding: Excelerate.app/Contents/Resources/lib/python3.11/pandas/tests/arrays/floating/__pycache__/test_astype.cpython-311.pyc (deflated 67%)
  adding: Excelerate.app/Contents/Resources/lib/python3.11/pandas/tests/arrays/floating/__pycache__/__init__.cpython-311.pyc (deflated 19%)
  adding: Excelerate.app/Contents/Resources/lib/python3.11/pandas/tests/arrays/floating/test_astype.py (deflated 78%)
  adding: Excelerate.app/Contents/Resources/lib/python3.11/pandas/tests/arrays/floating/test_construction.py (deflated 75%)
  adding: Excelerate.app/Contents/Resources/lib/python3.11/pandas/tests/arrays/floating/test_repr.py (deflated 61%)
  adding: Excelerate.app/Contents/Resources/lib/python3.11/pandas/tests/arrays/floating/test_concat.py (deflated 57%)
  adding: Excelerate.app/Contents/Resources/lib/python3.11/pandas/tests/arrays/floating/test_function.py (deflated 77%)
  adding: Excelerate.app/Contents/Resources/lib/python3.11/pandas/tests/arrays/floating/test_contains.py (deflated 31%)
  adding: Excelerate.app/Contents/Resources/lib/python3.11/pandas/tests/arrays/floating/test_arithmetic.py (deflated 75%)
  adding: Excelerate.app/Contents/Resources/lib/python3.11/pandas/tests/arrays/floating/test_to_numpy.py (deflated 83%)
  adding: Excelerate.app/Contents/Resources/lib/python3.11/pandas/tests/arrays/sparse/ (stored 0%)
  adding: Excelerate.app/Contents/Resources/lib/python3.11/pandas/tests/arrays/sparse/test_reductions.py (deflated 82%)
  adding: Excelerate.app/Contents/Resources/lib/python3.11/pandas/tests/arrays/sparse/test_constructors.py (deflated 81%)
  adding: Excelerate.app/Contents/Resources/lib/python3.11/pandas/tests/arrays/sparse/test_libsparse.py (deflated 85%)
  adding: Excelerate.app/Contents/Resources/lib/python3.11/pandas/tests/arrays/sparse/test_accessor.py (deflated 77%)
  adding: Excelerate.app/Contents/Resources/lib/python3.11/pandas/tests/arrays/sparse/test_unary.py (deflated 77%)
  adding: Excelerate.app/Contents/Resources/lib/python3.11/pandas/tests/arrays/sparse/test_array.py (deflated 79%)
  adding: Excelerate.app/Contents/Resources/lib/python3.11/pandas/tests/arrays/sparse/test_arithmetics.py (deflated 86%)
  adding: Excelerate.app/Contents/Resources/lib/python3.11/pandas/tests/arrays/sparse/__init__.py (stored 0%)
  adding: Excelerate.app/Contents/Resources/lib/python3.11/pandas/tests/arrays/sparse/__pycache__/ (stored 0%)
  adding: Excelerate.app/Contents/Resources/lib/python3.11/pandas/tests/arrays/sparse/__pycache__/test_libsparse.cpython-311.pyc (deflated 74%)
  adding: Excelerate.app/Contents/Resources/lib/python3.11/pandas/tests/arrays/sparse/__pycache__/test_indexing.cpython-311.pyc (deflated 70%)
  adding: Excelerate.app/Contents/Resources/lib/python3.11/pandas/tests/arrays/sparse/__pycache__/test_reductions.cpython-311.pyc (deflated 69%)
  adding: Excelerate.app/Contents/Resources/lib/python3.11/pandas/tests/arrays/sparse/__pycache__/test_arithmetics.cpython-311.pyc (deflated 74%)
  adding: Excelerate.app/Contents/Resources/lib/python3.11/pandas/tests/arrays/sparse/__pycache__/test_accessor.cpython-311.pyc (deflated 62%)
  adding: Excelerate.app/Contents/Resources/lib/python3.11/pandas/tests/arrays/sparse/__pycache__/test_dtype.cpython-311.pyc (deflated 61%)
  adding: Excelerate.app/Contents/Resources/lib/python3.11/pandas/tests/arrays/sparse/__pycache__/test_constructors.cpython-311.pyc (deflated 68%)
  adding: Excelerate.app/Contents/Resources/lib/python3.11/pandas/tests/arrays/sparse/__pycache__/test_combine_concat.cpython-311.pyc (deflated 56%)
  adding: Excelerate.app/Contents/Resources/lib/python3.11/pandas/tests/arrays/sparse/__pycache__/test_array.cpython-311.pyc (deflated 68%)
  adding: Excelerate.app/Contents/Resources/lib/python3.11/pandas/tests/arrays/sparse/__pycache__/test_unary.cpython-311.pyc (deflated 61%)
  adding: Excelerate.app/Contents/Resources/lib/python3.11/pandas/tests/arrays/sparse/__pycache__/test_astype.cpython-311.pyc (deflated 57%)
  adding: Excelerate.app/Contents/Resources/lib/python3.11/pandas/tests/arrays/sparse/__pycache__/__init__.cpython-311.pyc (deflated 20%)
  adding: Excelerate.app/Contents/Resources/lib/python3.11/pandas/tests/arrays/sparse/test_indexing.py (deflated 81%)
  adding: Excelerate.app/Contents/Resources/lib/python3.11/pandas/tests/arrays/sparse/test_astype.py (deflated 75%)
  adding: Excelerate.app/Contents/Resources/lib/python3.11/pandas/tests/arrays/sparse/test_dtype.py (deflated 77%)
  adding: Excelerate.app/Contents/Resources/lib/python3.11/pandas/tests/arrays/sparse/test_combine_concat.py (deflated 71%)
  adding: Excelerate.app/Contents/Resources/lib/python3.11/pandas/tests/arrays/test_datetimes.py (deflated 78%)
  adding: Excelerate.app/Contents/Resources/lib/python3.11/pandas/tests/arrays/numpy_/ (stored 0%)
  adding: Excelerate.app/Contents/Resources/lib/python3.11/pandas/tests/arrays/numpy_/__init__.py (stored 0%)
  adding: Excelerate.app/Contents/Resources/lib/python3.11/pandas/tests/arrays/numpy_/__pycache__/ (stored 0%)
  adding: Excelerate.app/Contents/Resources/lib/python3.11/pandas/tests/arrays/numpy_/__pycache__/test_indexing.cpython-311.pyc (deflated 62%)
  adding: Excelerate.app/Contents/Resources/lib/python3.11/pandas/tests/arrays/numpy_/__pycache__/test_numpy.cpython-311.pyc (deflated 62%)
  adding: Excelerate.app/Contents/Resources/lib/python3.11/pandas/tests/arrays/numpy_/__pycache__/__init__.cpython-311.pyc (deflated 19%)
  adding: Excelerate.app/Contents/Resources/lib/python3.11/pandas/tests/arrays/numpy_/test_indexing.py (deflated 76%)
  adding: Excelerate.app/Contents/Resources/lib/python3.11/pandas/tests/arrays/numpy_/test_numpy.py (deflated 75%)
  adding: Excelerate.app/Contents/Resources/lib/python3.11/pandas/tests/arithmetic/ (stored 0%)
  adding: Excelerate.app/Contents/Resources/lib/python3.11/pandas/tests/arithmetic/test_period.py (deflated 85%)
  adding: Excelerate.app/Contents/Resources/lib/python3.11/pandas/tests/arithmetic/conftest.py (deflated 70%)
  adding: Excelerate.app/Contents/Resources/lib/python3.11/pandas/tests/arithmetic/test_datetime64.py (deflated 83%)
  adding: Excelerate.app/Contents/Resources/lib/python3.11/pandas/tests/arithmetic/test_timedelta64.py (deflated 84%)
  adding: Excelerate.app/Contents/Resources/lib/python3.11/pandas/tests/arithmetic/test_categorical.py (deflated 62%)
  adding: Excelerate.app/Contents/Resources/lib/python3.11/pandas/tests/arithmetic/__init__.py (stored 0%)
  adding: Excelerate.app/Contents/Resources/lib/python3.11/pandas/tests/arithmetic/__pycache__/ (stored 0%)
  adding: Excelerate.app/Contents/Resources/lib/python3.11/pandas/tests/arithmetic/__pycache__/test_array_ops.cpython-311.pyc (deflated 50%)
  adding: Excelerate.app/Contents/Resources/lib/python3.11/pandas/tests/arithmetic/__pycache__/test_timedelta64.cpython-311.pyc (deflated 72%)
  adding: Excelerate.app/Contents/Resources/lib/python3.11/pandas/tests/arithmetic/__pycache__/test_datetime64.cpython-311.pyc (deflated 71%)
  adding: Excelerate.app/Contents/Resources/lib/python3.11/pandas/tests/arithmetic/__pycache__/test_object.cpython-311.pyc (deflated 65%)
  adding: Excelerate.app/Contents/Resources/lib/python3.11/pandas/tests/arithmetic/__pycache__/test_numeric.cpython-311.pyc (deflated 69%)
  adding: Excelerate.app/Contents/Resources/lib/python3.11/pandas/tests/arithmetic/__pycache__/common.cpython-311.pyc (deflated 67%)
  adding: Excelerate.app/Contents/Resources/lib/python3.11/pandas/tests/arithmetic/__pycache__/test_categorical.cpython-311.pyc (deflated 51%)
  adding: Excelerate.app/Contents/Resources/lib/python3.11/pandas/tests/arithmetic/__pycache__/test_period.cpython-311.pyc (deflated 75%)
  adding: Excelerate.app/Contents/Resources/lib/python3.11/pandas/tests/arithmetic/__pycache__/test_interval.cpython-311.pyc (deflated 62%)
  adding: Excelerate.app/Contents/Resources/lib/python3.11/pandas/tests/arithmetic/__pycache__/conftest.cpython-311.pyc (deflated 61%)
  adding: Excelerate.app/Contents/Resources/lib/python3.11/pandas/tests/arithmetic/__pycache__/__init__.cpython-311.pyc (deflated 18%)
  adding: Excelerate.app/Contents/Resources/lib/python3.11/pandas/tests/arithmetic/test_interval.py (deflated 80%)
  adding: Excelerate.app/Contents/Resources/lib/python3.11/pandas/tests/arithmetic/test_numeric.py (deflated 81%)
  adding: Excelerate.app/Contents/Resources/lib/python3.11/pandas/tests/arithmetic/common.py (deflated 71%)
  adding: Excelerate.app/Contents/Resources/lib/python3.11/pandas/tests/arithmetic/test_array_ops.py (deflated 58%)
  adding: Excelerate.app/Contents/Resources/lib/python3.11/pandas/tests/arithmetic/test_object.py (deflated 77%)
  adding: Excelerate.app/Contents/Resources/lib/python3.11/pandas/tests/construction/ (stored 0%)
  adding: Excelerate.app/Contents/Resources/lib/python3.11/pandas/tests/construction/test_extract_array.py (deflated 68%)
  adding: Excelerate.app/Contents/Resources/lib/python3.11/pandas/tests/construction/__init__.py (stored 0%)
  adding: Excelerate.app/Contents/Resources/lib/python3.11/pandas/tests/construction/__pycache__/ (stored 0%)
  adding: Excelerate.app/Contents/Resources/lib/python3.11/pandas/tests/construction/__pycache__/test_extract_array.cpython-311.pyc (deflated 50%)
  adding: Excelerate.app/Contents/Resources/lib/python3.11/pandas/tests/construction/__pycache__/__init__.cpython-311.pyc (deflated 19%)
  adding: Excelerate.app/Contents/Resources/lib/python3.11/pandas/tests/api/ (stored 0%)
  adding: Excelerate.app/Contents/Resources/lib/python3.11/pandas/tests/api/__init__.py (stored 0%)
  adding: Excelerate.app/Contents/Resources/lib/python3.11/pandas/tests/api/__pycache__/ (stored 0%)
  adding: Excelerate.app/Contents/Resources/lib/python3.11/pandas/tests/api/__pycache__/test_types.cpython-311.pyc (deflated 49%)
  adding: Excelerate.app/Contents/Resources/lib/python3.11/pandas/tests/api/__pycache__/test_api.cpython-311.pyc (deflated 56%)
  adding: Excelerate.app/Contents/Resources/lib/python3.11/pandas/tests/api/__pycache__/__init__.cpython-311.pyc (deflated 18%)
  adding: Excelerate.app/Contents/Resources/lib/python3.11/pandas/tests/api/test_api.py (deflated 74%)
  adding: Excelerate.app/Contents/Resources/lib/python3.11/pandas/tests/api/test_types.py (deflated 69%)
  adding: Excelerate.app/Contents/Resources/lib/python3.11/pandas/tests/generic/ (stored 0%)
  adding: Excelerate.app/Contents/Resources/lib/python3.11/pandas/tests/generic/test_to_xarray.py (deflated 76%)
  adding: Excelerate.app/Contents/Resources/lib/python3.11/pandas/tests/generic/test_frame.py (deflated 72%)
  adding: Excelerate.app/Contents/Resources/lib/python3.11/pandas/tests/generic/test_finalize.py (deflated 84%)
  adding: Excelerate.app/Contents/Resources/lib/python3.11/pandas/tests/generic/__init__.py (stored 0%)
  adding: Excelerate.app/Contents/Resources/lib/python3.11/pandas/tests/generic/__pycache__/ (stored 0%)
  adding: Excelerate.app/Contents/Resources/lib/python3.11/pandas/tests/generic/__pycache__/test_series.cpython-311.pyc (deflated 63%)
  adding: Excelerate.app/Contents/Resources/lib/python3.11/pandas/tests/generic/__pycache__/test_finalize.cpython-311.pyc (deflated 70%)
  adding: Excelerate.app/Contents/Resources/lib/python3.11/pandas/tests/generic/__pycache__/test_duplicate_labels.cpython-311.pyc (deflated 65%)
  adding: Excelerate.app/Contents/Resources/lib/python3.11/pandas/tests/generic/__pycache__/test_generic.cpython-311.pyc (deflated 68%)
  adding: Excelerate.app/Contents/Resources/lib/python3.11/pandas/tests/generic/__pycache__/test_label_or_level_utils.cpython-311.pyc (deflated 68%)
  adding: Excelerate.app/Contents/Resources/lib/python3.11/pandas/tests/generic/__pycache__/test_to_xarray.cpython-311.pyc (deflated 61%)
  adding: Excelerate.app/Contents/Resources/lib/python3.11/pandas/tests/generic/__pycache__/__init__.cpython-311.pyc (deflated 19%)
  adding: Excelerate.app/Contents/Resources/lib/python3.11/pandas/tests/generic/__pycache__/test_frame.cpython-311.pyc (deflated 62%)
  adding: Excelerate.app/Contents/Resources/lib/python3.11/pandas/tests/generic/test_generic.py (deflated 78%)
  adding: Excelerate.app/Contents/Resources/lib/python3.11/pandas/tests/generic/test_duplicate_labels.py (deflated 82%)
  adding: Excelerate.app/Contents/Resources/lib/python3.11/pandas/tests/generic/test_label_or_level_utils.py (deflated 83%)
  adding: Excelerate.app/Contents/Resources/lib/python3.11/pandas/tests/generic/test_series.py (deflated 75%)
  adding: Excelerate.app/Contents/Resources/lib/python3.11/pandas/tests/test_flags.py (deflated 76%)
  adding: Excelerate.app/Contents/Resources/lib/python3.11/pandas/tests/tslibs/ (stored 0%)
  adding: Excelerate.app/Contents/Resources/lib/python3.11/pandas/tests/tslibs/test_resolution.py (deflated 60%)
  adding: Excelerate.app/Contents/Resources/lib/python3.11/pandas/tests/tslibs/test_strptime.py (deflated 75%)
  adding: Excelerate.app/Contents/Resources/lib/python3.11/pandas/tests/tslibs/test_period.py (deflated 67%)
  adding: Excelerate.app/Contents/Resources/lib/python3.11/pandas/tests/tslibs/test_parsing.py (deflated 75%)
  adding: Excelerate.app/Contents/Resources/lib/python3.11/pandas/tests/tslibs/test_ccalendar.py (deflated 66%)
  adding: Excelerate.app/Contents/Resources/lib/python3.11/pandas/tests/tslibs/test_npy_units.py (deflated 63%)
  adding: Excelerate.app/Contents/Resources/lib/python3.11/pandas/tests/tslibs/test_timezones.py (deflated 72%)
  adding: Excelerate.app/Contents/Resources/lib/python3.11/pandas/tests/tslibs/__init__.py (stored 0%)
  adding: Excelerate.app/Contents/Resources/lib/python3.11/pandas/tests/tslibs/test_np_datetime.py (deflated 82%)
  adding: Excelerate.app/Contents/Resources/lib/python3.11/pandas/tests/tslibs/__pycache__/ (stored 0%)
  adding: Excelerate.app/Contents/Resources/lib/python3.11/pandas/tests/tslibs/__pycache__/test_array_to_datetime.cpython-311.pyc (deflated 65%)
  adding: Excelerate.app/Contents/Resources/lib/python3.11/pandas/tests/tslibs/__pycache__/test_tzconversion.cpython-311.pyc (deflated 53%)
  adding: Excelerate.app/Contents/Resources/lib/python3.11/pandas/tests/tslibs/__pycache__/test_np_datetime.cpython-311.pyc (deflated 72%)
  adding: Excelerate.app/Contents/Resources/lib/python3.11/pandas/tests/tslibs/__pycache__/test_parse_iso8601.cpython-311.pyc (deflated 58%)
  adding: Excelerate.app/Contents/Resources/lib/python3.11/pandas/tests/tslibs/__pycache__/test_period.cpython-311.pyc (deflated 54%)
  adding: Excelerate.app/Contents/Resources/lib/python3.11/pandas/tests/tslibs/__pycache__/test_fields.cpython-311.pyc (deflated 56%)
  adding: Excelerate.app/Contents/Resources/lib/python3.11/pandas/tests/tslibs/__pycache__/test_strptime.cpython-311.pyc (deflated 60%)
  adding: Excelerate.app/Contents/Resources/lib/python3.11/pandas/tests/tslibs/__pycache__/test_parsing.cpython-311.pyc (deflated 60%)
  adding: Excelerate.app/Contents/Resources/lib/python3.11/pandas/tests/tslibs/__pycache__/test_timezones.cpython-311.pyc (deflated 59%)
  adding: Excelerate.app/Contents/Resources/lib/python3.11/pandas/tests/tslibs/__pycache__/test_ccalendar.cpython-311.pyc (deflated 50%)
  adding: Excelerate.app/Contents/Resources/lib/python3.11/pandas/tests/tslibs/__pycache__/test_liboffsets.cpython-311.pyc (deflated 59%)
  adding: Excelerate.app/Contents/Resources/lib/python3.11/pandas/tests/tslibs/__pycache__/test_conversion.cpython-311.pyc (deflated 56%)
  adding: Excelerate.app/Contents/Resources/lib/python3.11/pandas/tests/tslibs/__pycache__/test_resolution.cpython-311.pyc (deflated 51%)
  adding: Excelerate.app/Contents/Resources/lib/python3.11/pandas/tests/tslibs/__pycache__/test_timedeltas.cpython-311.pyc (deflated 61%)
  adding: Excelerate.app/Contents/Resources/lib/python3.11/pandas/tests/tslibs/__pycache__/test_api.cpython-311.pyc (deflated 40%)
  adding: Excelerate.app/Contents/Resources/lib/python3.11/pandas/tests/tslibs/__pycache__/test_to_offset.cpython-311.pyc (deflated 60%)
  adding: Excelerate.app/Contents/Resources/lib/python3.11/pandas/tests/tslibs/__pycache__/test_npy_units.cpython-311.pyc (deflated 49%)
  adding: Excelerate.app/Contents/Resources/lib/python3.11/pandas/tests/tslibs/__pycache__/__init__.cpython-311.pyc (deflated 19%)
  adding: Excelerate.app/Contents/Resources/lib/python3.11/pandas/tests/tslibs/__pycache__/test_libfrequencies.cpython-311.pyc (deflated 42%)
  adding: Excelerate.app/Contents/Resources/lib/python3.11/pandas/tests/tslibs/test_conversion.py (deflated 71%)
  adding: Excelerate.app/Contents/Resources/lib/python3.11/pandas/tests/tslibs/test_array_to_datetime.py (deflated 78%)
  adding: Excelerate.app/Contents/Resources/lib/python3.11/pandas/tests/tslibs/test_timedeltas.py (deflated 70%)
  adding: Excelerate.app/Contents/Resources/lib/python3.11/pandas/tests/tslibs/test_liboffsets.py (deflated 73%)
  adding: Excelerate.app/Contents/Resources/lib/python3.11/pandas/tests/tslibs/test_to_offset.py (deflated 75%)
  adding: Excelerate.app/Contents/Resources/lib/python3.11/pandas/tests/tslibs/test_fields.py (deflated 63%)
  adding: Excelerate.app/Contents/Resources/lib/python3.11/pandas/tests/tslibs/test_libfrequencies.py (deflated 62%)
  adding: Excelerate.app/Contents/Resources/lib/python3.11/pandas/tests/tslibs/test_api.py (deflated 64%)
  adding: Excelerate.app/Contents/Resources/lib/python3.11/pandas/tests/tslibs/test_tzconversion.py (deflated 59%)
  adding: Excelerate.app/Contents/Resources/lib/python3.11/pandas/tests/tslibs/test_parse_iso8601.py (deflated 80%)
  adding: Excelerate.app/Contents/Resources/lib/python3.11/pandas/tests/indexing/ (stored 0%)
  adding: Excelerate.app/Contents/Resources/lib/python3.11/pandas/tests/indexing/test_check_indexer.py (deflated 75%)
  adding: Excelerate.app/Contents/Resources/lib/python3.11/pandas/tests/indexing/conftest.py (deflated 81%)
  adding: Excelerate.app/Contents/Resources/lib/python3.11/pandas/tests/indexing/test_chaining_and_caching.py (deflated 81%)
  adding: Excelerate.app/Contents/Resources/lib/python3.11/pandas/tests/indexing/test_iat.py (deflated 57%)
  adding: Excelerate.app/Contents/Resources/lib/python3.11/pandas/tests/indexing/interval/ (stored 0%)
  adding: Excelerate.app/Contents/Resources/lib/python3.11/pandas/tests/indexing/interval/__init__.py (stored 0%)
  adding: Excelerate.app/Contents/Resources/lib/python3.11/pandas/tests/indexing/interval/__pycache__/ (stored 0%)
  adding: Excelerate.app/Contents/Resources/lib/python3.11/pandas/tests/indexing/interval/__pycache__/test_interval.cpython-311.pyc (deflated 60%)
  adding: Excelerate.app/Contents/Resources/lib/python3.11/pandas/tests/indexing/interval/__pycache__/test_interval_new.cpython-311.pyc (deflated 68%)
  adding: Excelerate.app/Contents/Resources/lib/python3.11/pandas/tests/indexing/interval/__pycache__/__init__.cpython-311.pyc (deflated 19%)
  adding: Excelerate.app/Contents/Resources/lib/python3.11/pandas/tests/indexing/interval/test_interval.py (deflated 73%)
  adding: Excelerate.app/Contents/Resources/lib/python3.11/pandas/tests/indexing/interval/test_interval_new.py (deflated 78%)
  adding: Excelerate.app/Contents/Resources/lib/python3.11/pandas/tests/indexing/test_at.py (deflated 73%)
  adding: Excelerate.app/Contents/Resources/lib/python3.11/pandas/tests/indexing/test_categorical.py (deflated 81%)
  adding: Excelerate.app/Contents/Resources/lib/python3.11/pandas/tests/indexing/test_iloc.py (deflated 79%)
  adding: Excelerate.app/Contents/Resources/lib/python3.11/pandas/tests/indexing/__init__.py (stored 0%)
  adding: Excelerate.app/Contents/Resources/lib/python3.11/pandas/tests/indexing/test_loc.py (deflated 79%)
  adding: Excelerate.app/Contents/Resources/lib/python3.11/pandas/tests/indexing/__pycache__/ (stored 0%)
  adding: Excelerate.app/Contents/Resources/lib/python3.11/pandas/tests/indexing/__pycache__/test_at.cpython-311.pyc (deflated 64%)
  adding: Excelerate.app/Contents/Resources/lib/python3.11/pandas/tests/indexing/__pycache__/test_coercion.cpython-311.pyc (deflated 68%)
  adding: Excelerate.app/Contents/Resources/lib/python3.11/pandas/tests/indexing/__pycache__/test_indexing.cpython-311.pyc (deflated 66%)
  adding: Excelerate.app/Contents/Resources/lib/python3.11/pandas/tests/indexing/__pycache__/test_chaining_and_caching.cpython-311.pyc (deflated 69%)
  adding: Excelerate.app/Contents/Resources/lib/python3.11/pandas/tests/indexing/__pycache__/test_floats.cpython-311.pyc (deflated 65%)
  adding: Excelerate.app/Contents/Resources/lib/python3.11/pandas/tests/indexing/__pycache__/test_na_indexing.cpython-311.pyc (deflated 48%)
  adding: Excelerate.app/Contents/Resources/lib/python3.11/pandas/tests/indexing/__pycache__/test_check_indexer.cpython-311.pyc (deflated 64%)
  adding: Excelerate.app/Contents/Resources/lib/python3.11/pandas/tests/indexing/__pycache__/test_partial.cpython-311.pyc (deflated 72%)
  adding: Excelerate.app/Contents/Resources/lib/python3.11/pandas/tests/indexing/__pycache__/common.cpython-311.pyc (deflated 35%)
  adding: Excelerate.app/Contents/Resources/lib/python3.11/pandas/tests/indexing/__pycache__/test_categorical.cpython-311.pyc (deflated 67%)
  adding: Excelerate.app/Contents/Resources/lib/python3.11/pandas/tests/indexing/__pycache__/test_iat.cpython-311.pyc (deflated 49%)
  adding: Excelerate.app/Contents/Resources/lib/python3.11/pandas/tests/indexing/__pycache__/test_indexers.cpython-311.pyc (deflated 62%)
  adding: Excelerate.app/Contents/Resources/lib/python3.11/pandas/tests/indexing/__pycache__/test_datetime.cpython-311.pyc (deflated 57%)
  adding: Excelerate.app/Contents/Resources/lib/python3.11/pandas/tests/indexing/__pycache__/test_iloc.cpython-311.pyc (deflated 69%)
  adding: Excelerate.app/Contents/Resources/lib/python3.11/pandas/tests/indexing/__pycache__/conftest.cpython-311.pyc (deflated 73%)
  adding: Excelerate.app/Contents/Resources/lib/python3.11/pandas/tests/indexing/__pycache__/test_loc.cpython-311.pyc (deflated 67%)
  adding: Excelerate.app/Contents/Resources/lib/python3.11/pandas/tests/indexing/__pycache__/test_scalar.cpython-311.pyc (deflated 61%)
  adding: Excelerate.app/Contents/Resources/lib/python3.11/pandas/tests/indexing/__pycache__/__init__.cpython-311.pyc (deflated 19%)
  adding: Excelerate.app/Contents/Resources/lib/python3.11/pandas/tests/indexing/test_indexing.py (deflated 78%)
  adding: Excelerate.app/Contents/Resources/lib/python3.11/pandas/tests/indexing/test_na_indexing.py (deflated 66%)
  adding: Excelerate.app/Contents/Resources/lib/python3.11/pandas/tests/indexing/test_datetime.py (deflated 73%)
  adding: Excelerate.app/Contents/Resources/lib/python3.11/pandas/tests/indexing/test_floats.py (deflated 80%)
  adding: Excelerate.app/Contents/Resources/lib/python3.11/pandas/tests/indexing/common.py (deflated 53%)
  adding: Excelerate.app/Contents/Resources/lib/python3.11/pandas/tests/indexing/test_coercion.py (deflated 82%)
  adding: Excelerate.app/Contents/Resources/lib/python3.11/pandas/tests/indexing/test_indexers.py (deflated 74%)
  adding: Excelerate.app/Contents/Resources/lib/python3.11/pandas/tests/indexing/test_scalar.py (deflated 74%)
  adding: Excelerate.app/Contents/Resources/lib/python3.11/pandas/tests/indexing/multiindex/ (stored 0%)
  adding: Excelerate.app/Contents/Resources/lib/python3.11/pandas/tests/indexing/multiindex/test_indexing_slow.py (deflated 67%)
  adding: Excelerate.app/Contents/Resources/lib/python3.11/pandas/tests/indexing/multiindex/test_multiindex.py (deflated 75%)
  adding: Excelerate.app/Contents/Resources/lib/python3.11/pandas/tests/indexing/multiindex/test_chaining_and_caching.py (deflated 61%)
  adding: Excelerate.app/Contents/Resources/lib/python3.11/pandas/tests/indexing/multiindex/test_getitem.py (deflated 77%)
  adding: Excelerate.app/Contents/Resources/lib/python3.11/pandas/tests/indexing/multiindex/test_sorted.py (deflated 77%)
  adding: Excelerate.app/Contents/Resources/lib/python3.11/pandas/tests/indexing/multiindex/test_setitem.py (deflated 75%)
  adding: Excelerate.app/Contents/Resources/lib/python3.11/pandas/tests/indexing/multiindex/test_iloc.py (deflated 72%)
  adding: Excelerate.app/Contents/Resources/lib/python3.11/pandas/tests/indexing/multiindex/__init__.py (stored 0%)
  adding: Excelerate.app/Contents/Resources/lib/python3.11/pandas/tests/indexing/multiindex/test_loc.py (deflated 77%)
  adding: Excelerate.app/Contents/Resources/lib/python3.11/pandas/tests/indexing/multiindex/__pycache__/ (stored 0%)
  adding: Excelerate.app/Contents/Resources/lib/python3.11/pandas/tests/indexing/multiindex/__pycache__/test_chaining_and_caching.cpython-311.pyc (deflated 52%)
  adding: Excelerate.app/Contents/Resources/lib/python3.11/pandas/tests/indexing/multiindex/__pycache__/test_setitem.cpython-311.pyc (deflated 63%)
  adding: Excelerate.app/Contents/Resources/lib/python3.11/pandas/tests/indexing/multiindex/__pycache__/test_multiindex.cpython-311.pyc (deflated 61%)
  adding: Excelerate.app/Contents/Resources/lib/python3.11/pandas/tests/indexing/multiindex/__pycache__/test_partial.cpython-311.pyc (deflated 61%)
  adding: Excelerate.app/Contents/Resources/lib/python3.11/pandas/tests/indexing/multiindex/__pycache__/test_indexing_slow.cpython-311.pyc (deflated 58%)
  adding: Excelerate.app/Contents/Resources/lib/python3.11/pandas/tests/indexing/multiindex/__pycache__/test_datetime.cpython-311.pyc (deflated 46%)
  adding: Excelerate.app/Contents/Resources/lib/python3.11/pandas/tests/indexing/multiindex/__pycache__/test_iloc.cpython-311.pyc (deflated 57%)
  adding: Excelerate.app/Contents/Resources/lib/python3.11/pandas/tests/indexing/multiindex/__pycache__/test_slice.cpython-311.pyc (deflated 71%)
  adding: Excelerate.app/Contents/Resources/lib/python3.11/pandas/tests/indexing/multiindex/__pycache__/test_sorted.cpython-311.pyc (deflated 61%)
  adding: Excelerate.app/Contents/Resources/lib/python3.11/pandas/tests/indexing/multiindex/__pycache__/test_loc.cpython-311.pyc (deflated 65%)
  adding: Excelerate.app/Contents/Resources/lib/python3.11/pandas/tests/indexing/multiindex/__pycache__/__init__.cpython-311.pyc (deflated 20%)
  adding: Excelerate.app/Contents/Resources/lib/python3.11/pandas/tests/indexing/multiindex/__pycache__/test_getitem.cpython-311.pyc (deflated 60%)
  adding: Excelerate.app/Contents/Resources/lib/python3.11/pandas/tests/indexing/multiindex/test_datetime.py (deflated 58%)
  adding: Excelerate.app/Contents/Resources/lib/python3.11/pandas/tests/indexing/multiindex/test_slice.py (deflated 84%)
  adding: Excelerate.app/Contents/Resources/lib/python3.11/pandas/tests/indexing/multiindex/test_partial.py (deflated 77%)
  adding: Excelerate.app/Contents/Resources/lib/python3.11/pandas/tests/indexing/test_partial.py (deflated 83%)
  adding: Excelerate.app/Contents/Resources/lib/python3.11/pandas/tests/reductions/ (stored 0%)
  adding: Excelerate.app/Contents/Resources/lib/python3.11/pandas/tests/reductions/test_stat_reductions.py (deflated 75%)
  adding: Excelerate.app/Contents/Resources/lib/python3.11/pandas/tests/reductions/test_reductions.py (deflated 83%)
  adding: Excelerate.app/Contents/Resources/lib/python3.11/pandas/tests/reductions/__init__.py (deflated 16%)
  adding: Excelerate.app/Contents/Resources/lib/python3.11/pandas/tests/reductions/__pycache__/ (stored 0%)
  adding: Excelerate.app/Contents/Resources/lib/python3.11/pandas/tests/reductions/__pycache__/test_reductions.cpython-311.pyc (deflated 72%)
  adding: Excelerate.app/Contents/Resources/lib/python3.11/pandas/tests/reductions/__pycache__/test_stat_reductions.cpython-311.pyc (deflated 65%)
  adding: Excelerate.app/Contents/Resources/lib/python3.11/pandas/tests/reductions/__pycache__/__init__.cpython-311.pyc (deflated 22%)
  adding: Excelerate.app/Contents/Resources/lib/python3.11/pandas/tests/scalar/ (stored 0%)
  adding: Excelerate.app/Contents/Resources/lib/python3.11/pandas/tests/scalar/test_nat.py (deflated 76%)
  adding: Excelerate.app/Contents/Resources/lib/python3.11/pandas/tests/scalar/interval/ (stored 0%)
  adding: Excelerate.app/Contents/Resources/lib/python3.11/pandas/tests/scalar/interval/test_overlaps.py (deflated 70%)
  adding: Excelerate.app/Contents/Resources/lib/python3.11/pandas/tests/scalar/interval/test_constructors.py (deflated 63%)
  adding: Excelerate.app/Contents/Resources/lib/python3.11/pandas/tests/scalar/interval/__init__.py (stored 0%)
  adding: Excelerate.app/Contents/Resources/lib/python3.11/pandas/tests/scalar/interval/__pycache__/ (stored 0%)
  adding: Excelerate.app/Contents/Resources/lib/python3.11/pandas/tests/scalar/interval/__pycache__/test_arithmetic.cpython-311.pyc (deflated 70%)
  adding: Excelerate.app/Contents/Resources/lib/python3.11/pandas/tests/scalar/interval/__pycache__/test_overlaps.cpython-311.pyc (deflated 53%)
  adding: Excelerate.app/Contents/Resources/lib/python3.11/pandas/tests/scalar/interval/__pycache__/test_interval.cpython-311.pyc (deflated 54%)
  adding: Excelerate.app/Contents/Resources/lib/python3.11/pandas/tests/scalar/interval/__pycache__/test_constructors.cpython-311.pyc (deflated 54%)
  adding: Excelerate.app/Contents/Resources/lib/python3.11/pandas/tests/scalar/interval/__pycache__/test_formats.cpython-311.pyc (deflated 41%)
  adding: Excelerate.app/Contents/Resources/lib/python3.11/pandas/tests/scalar/interval/__pycache__/test_contains.cpython-311.pyc (deflated 57%)
  adding: Excelerate.app/Contents/Resources/lib/python3.11/pandas/tests/scalar/interval/__pycache__/__init__.cpython-311.pyc (deflated 19%)
  adding: Excelerate.app/Contents/Resources/lib/python3.11/pandas/tests/scalar/interval/test_interval.py (deflated 73%)
  adding: Excelerate.app/Contents/Resources/lib/python3.11/pandas/tests/scalar/interval/test_formats.py (deflated 58%)
  adding: Excelerate.app/Contents/Resources/lib/python3.11/pandas/tests/scalar/interval/test_contains.py (deflated 76%)
  adding: Excelerate.app/Contents/Resources/lib/python3.11/pandas/tests/scalar/interval/test_arithmetic.py (deflated 80%)
  adding: Excelerate.app/Contents/Resources/lib/python3.11/pandas/tests/scalar/timedelta/ (stored 0%)
  adding: Excelerate.app/Contents/Resources/lib/python3.11/pandas/tests/scalar/timedelta/methods/ (stored 0%)
  adding: Excelerate.app/Contents/Resources/lib/python3.11/pandas/tests/scalar/timedelta/methods/test_round.py (deflated 77%)
  adding: Excelerate.app/Contents/Resources/lib/python3.11/pandas/tests/scalar/timedelta/methods/__init__.py (stored 0%)
  adding: Excelerate.app/Contents/Resources/lib/python3.11/pandas/tests/scalar/timedelta/methods/__pycache__/ (stored 0%)
  adding: Excelerate.app/Contents/Resources/lib/python3.11/pandas/tests/scalar/timedelta/methods/__pycache__/test_round.cpython-311.pyc (deflated 61%)
  adding: Excelerate.app/Contents/Resources/lib/python3.11/pandas/tests/scalar/timedelta/methods/__pycache__/test_as_unit.cpython-311.pyc (deflated 62%)
  adding: Excelerate.app/Contents/Resources/lib/python3.11/pandas/tests/scalar/timedelta/methods/__pycache__/__init__.cpython-311.pyc (deflated 20%)
  adding: Excelerate.app/Contents/Resources/lib/python3.11/pandas/tests/scalar/timedelta/methods/test_as_unit.py (deflated 74%)
  adding: Excelerate.app/Contents/Resources/lib/python3.11/pandas/tests/scalar/timedelta/test_constructors.py (deflated 78%)
  adding: Excelerate.app/Contents/Resources/lib/python3.11/pandas/tests/scalar/timedelta/__init__.py (stored 0%)
  adding: Excelerate.app/Contents/Resources/lib/python3.11/pandas/tests/scalar/timedelta/__pycache__/ (stored 0%)
  adding: Excelerate.app/Contents/Resources/lib/python3.11/pandas/tests/scalar/timedelta/__pycache__/test_arithmetic.cpython-311.pyc (deflated 74%)
  adding: Excelerate.app/Contents/Resources/lib/python3.11/pandas/tests/scalar/timedelta/__pycache__/test_timedelta.cpython-311.pyc (deflated 69%)
  adding: Excelerate.app/Contents/Resources/lib/python3.11/pandas/tests/scalar/timedelta/__pycache__/test_constructors.cpython-311.pyc (deflated 66%)
  adding: Excelerate.app/Contents/Resources/lib/python3.11/pandas/tests/scalar/timedelta/__pycache__/test_formats.cpython-311.pyc (deflated 69%)
  adding: Excelerate.app/Contents/Resources/lib/python3.11/pandas/tests/scalar/timedelta/__pycache__/__init__.cpython-311.pyc (deflated 19%)
  adding: Excelerate.app/Contents/Resources/lib/python3.11/pandas/tests/scalar/timedelta/test_timedelta.py (deflated 80%)
  adding: Excelerate.app/Contents/Resources/lib/python3.11/pandas/tests/scalar/timedelta/test_formats.py (deflated 84%)
  adding: Excelerate.app/Contents/Resources/lib/python3.11/pandas/tests/scalar/timedelta/test_arithmetic.py (deflated 85%)
  adding: Excelerate.app/Contents/Resources/lib/python3.11/pandas/tests/scalar/__init__.py (stored 0%)
  adding: Excelerate.app/Contents/Resources/lib/python3.11/pandas/tests/scalar/period/ (stored 0%)
  adding: Excelerate.app/Contents/Resources/lib/python3.11/pandas/tests/scalar/period/test_period.py (deflated 82%)
  adding: Excelerate.app/Contents/Resources/lib/python3.11/pandas/tests/scalar/period/__init__.py (stored 0%)
  adding: Excelerate.app/Contents/Resources/lib/python3.11/pandas/tests/scalar/period/__pycache__/ (stored 0%)
  adding: Excelerate.app/Contents/Resources/lib/python3.11/pandas/tests/scalar/period/__pycache__/test_arithmetic.cpython-311.pyc (deflated 72%)
  adding: Excelerate.app/Contents/Resources/lib/python3.11/pandas/tests/scalar/period/__pycache__/test_asfreq.cpython-311.pyc (deflated 79%)
  adding: Excelerate.app/Contents/Resources/lib/python3.11/pandas/tests/scalar/period/__pycache__/test_period.cpython-311.pyc (deflated 71%)
  adding: Excelerate.app/Contents/Resources/lib/python3.11/pandas/tests/scalar/period/__pycache__/__init__.cpython-311.pyc (deflated 19%)
  adding: Excelerate.app/Contents/Resources/lib/python3.11/pandas/tests/scalar/period/test_arithmetic.py (deflated 84%)
  adding: Excelerate.app/Contents/Resources/lib/python3.11/pandas/tests/scalar/period/test_asfreq.py (deflated 89%)
  adding: Excelerate.app/Contents/Resources/lib/python3.11/pandas/tests/scalar/__pycache__/ (stored 0%)
  adding: Excelerate.app/Contents/Resources/lib/python3.11/pandas/tests/scalar/__pycache__/test_nat.cpython-311.pyc (deflated 62%)
  adding: Excelerate.app/Contents/Resources/lib/python3.11/pandas/tests/scalar/__pycache__/test_na_scalar.cpython-311.pyc (deflated 65%)
  adding: Excelerate.app/Contents/Resources/lib/python3.11/pandas/tests/scalar/__pycache__/__init__.cpython-311.pyc (deflated 18%)
  adding: Excelerate.app/Contents/Resources/lib/python3.11/pandas/tests/scalar/test_na_scalar.py (deflated 73%)
  adding: Excelerate.app/Contents/Resources/lib/python3.11/pandas/tests/scalar/timestamp/ (stored 0%)
  adding: Excelerate.app/Contents/Resources/lib/python3.11/pandas/tests/scalar/timestamp/methods/ (stored 0%)
  adding: Excelerate.app/Contents/Resources/lib/python3.11/pandas/tests/scalar/timestamp/methods/test_to_julian_date.py (deflated 72%)
  adding: Excelerate.app/Contents/Resources/lib/python3.11/pandas/tests/scalar/timestamp/methods/test_round.py (deflated 79%)
  adding: Excelerate.app/Contents/Resources/lib/python3.11/pandas/tests/scalar/timestamp/methods/test_timestamp_method.py (deflated 52%)
  adding: Excelerate.app/Contents/Resources/lib/python3.11/pandas/tests/scalar/timestamp/methods/test_to_pydatetime.py (deflated 71%)
  adding: Excelerate.app/Contents/Resources/lib/python3.11/pandas/tests/scalar/timestamp/methods/__init__.py (stored 0%)
  adding: Excelerate.app/Contents/Resources/lib/python3.11/pandas/tests/scalar/timestamp/methods/__pycache__/ (stored 0%)
  adding: Excelerate.app/Contents/Resources/lib/python3.11/pandas/tests/scalar/timestamp/methods/__pycache__/test_to_pydatetime.cpython-311.pyc (deflated 61%)
  adding: Excelerate.app/Contents/Resources/lib/python3.11/pandas/tests/scalar/timestamp/methods/__pycache__/test_round.cpython-311.pyc (deflated 65%)
  adding: Excelerate.app/Contents/Resources/lib/python3.11/pandas/tests/scalar/timestamp/methods/__pycache__/test_normalize.cpython-311.pyc (deflated 47%)
  adding: Excelerate.app/Contents/Resources/lib/python3.11/pandas/tests/scalar/timestamp/methods/__pycache__/test_timestamp_method.cpython-311.pyc (deflated 47%)
  adding: Excelerate.app/Contents/Resources/lib/python3.11/pandas/tests/scalar/timestamp/methods/__pycache__/test_to_julian_date.cpython-311.pyc (deflated 64%)
  adding: Excelerate.app/Contents/Resources/lib/python3.11/pandas/tests/scalar/timestamp/methods/__pycache__/test_tz_convert.cpython-311.pyc (deflated 53%)
  adding: Excelerate.app/Contents/Resources/lib/python3.11/pandas/tests/scalar/timestamp/methods/__pycache__/test_tz_localize.cpython-311.pyc (deflated 66%)
  adding: Excelerate.app/Contents/Resources/lib/python3.11/pandas/tests/scalar/timestamp/methods/__pycache__/test_as_unit.cpython-311.pyc (deflated 62%)
  adding: Excelerate.app/Contents/Resources/lib/python3.11/pandas/tests/scalar/timestamp/methods/__pycache__/__init__.cpython-311.pyc (deflated 20%)
  adding: Excelerate.app/Contents/Resources/lib/python3.11/pandas/tests/scalar/timestamp/methods/__pycache__/test_replace.cpython-311.pyc (deflated 62%)
  adding: Excelerate.app/Contents/Resources/lib/python3.11/pandas/tests/scalar/timestamp/methods/test_tz_localize.py (deflated 80%)
  adding: Excelerate.app/Contents/Resources/lib/python3.11/pandas/tests/scalar/timestamp/methods/test_as_unit.py (deflated 74%)
  adding: Excelerate.app/Contents/Resources/lib/python3.11/pandas/tests/scalar/timestamp/methods/test_replace.py (deflated 74%)
  adding: Excelerate.app/Contents/Resources/lib/python3.11/pandas/tests/scalar/timestamp/methods/test_normalize.py (deflated 56%)
  adding: Excelerate.app/Contents/Resources/lib/python3.11/pandas/tests/scalar/timestamp/methods/test_tz_convert.py (deflated 65%)
  adding: Excelerate.app/Contents/Resources/lib/python3.11/pandas/tests/scalar/timestamp/test_constructors.py (deflated 79%)
  adding: Excelerate.app/Contents/Resources/lib/python3.11/pandas/tests/scalar/timestamp/test_timezones.py (deflated 52%)
  adding: Excelerate.app/Contents/Resources/lib/python3.11/pandas/tests/scalar/timestamp/test_timestamp.py (deflated 79%)
  adding: Excelerate.app/Contents/Resources/lib/python3.11/pandas/tests/scalar/timestamp/__init__.py (stored 0%)
  adding: Excelerate.app/Contents/Resources/lib/python3.11/pandas/tests/scalar/timestamp/__pycache__/ (stored 0%)
  adding: Excelerate.app/Contents/Resources/lib/python3.11/pandas/tests/scalar/timestamp/__pycache__/test_arithmetic.cpython-311.pyc (deflated 67%)
  adding: Excelerate.app/Contents/Resources/lib/python3.11/pandas/tests/scalar/timestamp/__pycache__/test_timezones.cpython-311.pyc (deflated 41%)
  adding: Excelerate.app/Contents/Resources/lib/python3.11/pandas/tests/scalar/timestamp/__pycache__/test_constructors.cpython-311.pyc (deflated 67%)
  adding: Excelerate.app/Contents/Resources/lib/python3.11/pandas/tests/scalar/timestamp/__pycache__/test_formats.cpython-311.pyc (deflated 61%)
  adding: Excelerate.app/Contents/Resources/lib/python3.11/pandas/tests/scalar/timestamp/__pycache__/test_comparisons.cpython-311.pyc (deflated 67%)
  adding: Excelerate.app/Contents/Resources/lib/python3.11/pandas/tests/scalar/timestamp/__pycache__/test_timestamp.cpython-311.pyc (deflated 68%)
  adding: Excelerate.app/Contents/Resources/lib/python3.11/pandas/tests/scalar/timestamp/__pycache__/__init__.cpython-311.pyc (deflated 19%)
  adding: Excelerate.app/Contents/Resources/lib/python3.11/pandas/tests/scalar/timestamp/test_comparisons.py (deflated 77%)
  adding: Excelerate.app/Contents/Resources/lib/python3.11/pandas/tests/scalar/timestamp/test_formats.py (deflated 78%)
  adding: Excelerate.app/Contents/Resources/lib/python3.11/pandas/tests/scalar/timestamp/test_arithmetic.py (deflated 76%)
  adding: Excelerate.app/Contents/Resources/lib/python3.11/pandas/tests/base/ (stored 0%)
  adding: Excelerate.app/Contents/Resources/lib/python3.11/pandas/tests/base/test_value_counts.py (deflated 76%)
  adding: Excelerate.app/Contents/Resources/lib/python3.11/pandas/tests/base/test_misc.py (deflated 67%)
  adding: Excelerate.app/Contents/Resources/lib/python3.11/pandas/tests/base/test_transpose.py (deflated 70%)
  adding: Excelerate.app/Contents/Resources/lib/python3.11/pandas/tests/base/test_constructors.py (deflated 68%)
  adding: Excelerate.app/Contents/Resources/lib/python3.11/pandas/tests/base/__init__.py (stored 0%)
  adding: Excelerate.app/Contents/Resources/lib/python3.11/pandas/tests/base/__pycache__/ (stored 0%)
  adding: Excelerate.app/Contents/Resources/lib/python3.11/pandas/tests/base/__pycache__/test_value_counts.cpython-311.pyc (deflated 61%)
  adding: Excelerate.app/Contents/Resources/lib/python3.11/pandas/tests/base/__pycache__/common.cpython-311.pyc (deflated 30%)
  adding: Excelerate.app/Contents/Resources/lib/python3.11/pandas/tests/base/__pycache__/test_transpose.cpython-311.pyc (deflated 52%)
  adding: Excelerate.app/Contents/Resources/lib/python3.11/pandas/tests/base/__pycache__/test_unique.cpython-311.pyc (deflated 60%)
  adding: Excelerate.app/Contents/Resources/lib/python3.11/pandas/tests/base/__pycache__/test_constructors.cpython-311.pyc (deflated 57%)
  adding: Excelerate.app/Contents/Resources/lib/python3.11/pandas/tests/base/__pycache__/test_fillna.cpython-311.pyc (deflated 44%)
  adding: Excelerate.app/Contents/Resources/lib/python3.11/pandas/tests/base/__pycache__/test_conversion.cpython-311.pyc (deflated 64%)
  adding: Excelerate.app/Contents/Resources/lib/python3.11/pandas/tests/base/__pycache__/test_misc.cpython-311.pyc (deflated 55%)
  adding: Excelerate.app/Contents/Resources/lib/python3.11/pandas/tests/base/__pycache__/__init__.cpython-311.pyc (deflated 18%)
  adding: Excelerate.app/Contents/Resources/lib/python3.11/pandas/tests/base/test_conversion.py (deflated 80%)
  adding: Excelerate.app/Contents/Resources/lib/python3.11/pandas/tests/base/common.py (deflated 32%)
  adding: Excelerate.app/Contents/Resources/lib/python3.11/pandas/tests/base/test_fillna.py (deflated 58%)
  adding: Excelerate.app/Contents/Resources/lib/python3.11/pandas/tests/base/test_unique.py (deflated 74%)
  adding: Excelerate.app/Contents/Resources/lib/python3.11/pandas/tests/indexes/ (stored 0%)
  adding: Excelerate.app/Contents/Resources/lib/python3.11/pandas/tests/indexes/ranges/ (stored 0%)
  adding: Excelerate.app/Contents/Resources/lib/python3.11/pandas/tests/indexes/ranges/test_constructors.py (deflated 76%)
  adding: Excelerate.app/Contents/Resources/lib/python3.11/pandas/tests/indexes/ranges/test_join.py (deflated 84%)
  adding: Excelerate.app/Contents/Resources/lib/python3.11/pandas/tests/indexes/ranges/__init__.py (stored 0%)
  adding: Excelerate.app/Contents/Resources/lib/python3.11/pandas/tests/indexes/ranges/__pycache__/ (stored 0%)
  adding: Excelerate.app/Contents/Resources/lib/python3.11/pandas/tests/indexes/ranges/__pycache__/test_indexing.cpython-311.pyc (deflated 70%)
  adding: Excelerate.app/Contents/Resources/lib/python3.11/pandas/tests/indexes/ranges/__pycache__/test_setops.cpython-311.pyc (deflated 72%)
  adding: Excelerate.app/Contents/Resources/lib/python3.11/pandas/tests/indexes/ranges/__pycache__/test_constructors.cpython-311.pyc (deflated 64%)
  adding: Excelerate.app/Contents/Resources/lib/python3.11/pandas/tests/indexes/ranges/__pycache__/test_range.cpython-311.pyc (deflated 68%)
  adding: Excelerate.app/Contents/Resources/lib/python3.11/pandas/tests/indexes/ranges/__pycache__/test_join.cpython-311.pyc (deflated 73%)
  adding: Excelerate.app/Contents/Resources/lib/python3.11/pandas/tests/indexes/ranges/__pycache__/__init__.cpython-311.pyc (deflated 20%)
  adding: Excelerate.app/Contents/Resources/lib/python3.11/pandas/tests/indexes/ranges/test_indexing.py (deflated 81%)
  adding: Excelerate.app/Contents/Resources/lib/python3.11/pandas/tests/indexes/ranges/test_setops.py (deflated 84%)
  adding: Excelerate.app/Contents/Resources/lib/python3.11/pandas/tests/indexes/ranges/test_range.py (deflated 80%)
  adding: Excelerate.app/Contents/Resources/lib/python3.11/pandas/tests/indexes/test_frozen.py (deflated 72%)
  adding: Excelerate.app/Contents/Resources/lib/python3.11/pandas/tests/indexes/base_class/ (stored 0%)
  adding: Excelerate.app/Contents/Resources/lib/python3.11/pandas/tests/indexes/base_class/test_constructors.py (deflated 66%)
  adding: Excelerate.app/Contents/Resources/lib/python3.11/pandas/tests/indexes/base_class/test_pickle.py (deflated 37%)
  adding: Excelerate.app/Contents/Resources/lib/python3.11/pandas/tests/indexes/base_class/__init__.py (stored 0%)
  adding: Excelerate.app/Contents/Resources/lib/python3.11/pandas/tests/indexes/base_class/test_reshape.py (deflated 69%)
  adding: Excelerate.app/Contents/Resources/lib/python3.11/pandas/tests/indexes/base_class/__pycache__/ (stored 0%)
  adding: Excelerate.app/Contents/Resources/lib/python3.11/pandas/tests/indexes/base_class/__pycache__/test_indexing.cpython-311.pyc (deflated 57%)
  adding: Excelerate.app/Contents/Resources/lib/python3.11/pandas/tests/indexes/base_class/__pycache__/test_setops.cpython-311.pyc (deflated 65%)
  adding: Excelerate.app/Contents/Resources/lib/python3.11/pandas/tests/indexes/base_class/__pycache__/test_constructors.cpython-311.pyc (deflated 59%)
  adding: Excelerate.app/Contents/Resources/lib/python3.11/pandas/tests/indexes/base_class/__pycache__/test_formats.cpython-311.pyc (deflated 65%)
  adding: Excelerate.app/Contents/Resources/lib/python3.11/pandas/tests/indexes/base_class/__pycache__/test_reshape.cpython-311.pyc (deflated 57%)
  adding: Excelerate.app/Contents/Resources/lib/python3.11/pandas/tests/indexes/base_class/__pycache__/test_pickle.cpython-311.pyc (deflated 36%)
  adding: Excelerate.app/Contents/Resources/lib/python3.11/pandas/tests/indexes/base_class/__pycache__/test_where.cpython-311.pyc (deflated 43%)
  adding: Excelerate.app/Contents/Resources/lib/python3.11/pandas/tests/indexes/base_class/__pycache__/__init__.cpython-311.pyc (deflated 20%)
  adding: Excelerate.app/Contents/Resources/lib/python3.11/pandas/tests/indexes/base_class/test_indexing.py (deflated 67%)
  adding: Excelerate.app/Contents/Resources/lib/python3.11/pandas/tests/indexes/base_class/test_formats.py (deflated 82%)
  adding: Excelerate.app/Contents/Resources/lib/python3.11/pandas/tests/indexes/base_class/test_setops.py (deflated 79%)
  adding: Excelerate.app/Contents/Resources/lib/python3.11/pandas/tests/indexes/base_class/test_where.py (deflated 39%)
  adding: Excelerate.app/Contents/Resources/lib/python3.11/pandas/tests/indexes/conftest.py (deflated 55%)
  adding: Excelerate.app/Contents/Resources/lib/python3.11/pandas/tests/indexes/test_common.py (deflated 74%)
  adding: Excelerate.app/Contents/Resources/lib/python3.11/pandas/tests/indexes/test_any_index.py (deflated 68%)
  adding: Excelerate.app/Contents/Resources/lib/python3.11/pandas/tests/indexes/interval/ (stored 0%)
  adding: Excelerate.app/Contents/Resources/lib/python3.11/pandas/tests/indexes/interval/test_constructors.py (deflated 79%)
  adding: Excelerate.app/Contents/Resources/lib/python3.11/pandas/tests/indexes/interval/test_pickle.py (deflated 39%)
  adding: Excelerate.app/Contents/Resources/lib/python3.11/pandas/tests/indexes/interval/test_join.py (deflated 69%)
  adding: Excelerate.app/Contents/Resources/lib/python3.11/pandas/tests/indexes/interval/__init__.py (stored 0%)
  adding: Excelerate.app/Contents/Resources/lib/python3.11/pandas/tests/indexes/interval/__pycache__/ (stored 0%)
  adding: Excelerate.app/Contents/Resources/lib/python3.11/pandas/tests/indexes/interval/__pycache__/test_indexing.cpython-311.pyc (deflated 69%)
  adding: Excelerate.app/Contents/Resources/lib/python3.11/pandas/tests/indexes/interval/__pycache__/test_equals.cpython-311.pyc (deflated 55%)
  adding: Excelerate.app/Contents/Resources/lib/python3.11/pandas/tests/indexes/interval/__pycache__/test_interval.cpython-311.pyc (deflated 68%)
  adding: Excelerate.app/Contents/Resources/lib/python3.11/pandas/tests/indexes/interval/__pycache__/test_setops.cpython-311.pyc (deflated 68%)
  adding: Excelerate.app/Contents/Resources/lib/python3.11/pandas/tests/indexes/interval/__pycache__/test_constructors.cpython-311.pyc (deflated 63%)
  adding: Excelerate.app/Contents/Resources/lib/python3.11/pandas/tests/indexes/interval/__pycache__/test_formats.cpython-311.pyc (deflated 51%)
  adding: Excelerate.app/Contents/Resources/lib/python3.11/pandas/tests/indexes/interval/__pycache__/test_join.cpython-311.pyc (deflated 53%)
  adding: Excelerate.app/Contents/Resources/lib/python3.11/pandas/tests/indexes/interval/__pycache__/test_pickle.cpython-311.pyc (deflated 42%)
  adding: Excelerate.app/Contents/Resources/lib/python3.11/pandas/tests/indexes/interval/__pycache__/test_interval_range.cpython-311.pyc (deflated 68%)
  adding: Excelerate.app/Contents/Resources/lib/python3.11/pandas/tests/indexes/interval/__pycache__/test_interval_tree.cpython-311.pyc (deflated 62%)
  adding: Excelerate.app/Contents/Resources/lib/python3.11/pandas/tests/indexes/interval/__pycache__/test_astype.cpython-311.pyc (deflated 68%)
  adding: Excelerate.app/Contents/Resources/lib/python3.11/pandas/tests/indexes/interval/__pycache__/__init__.cpython-311.pyc (deflated 20%)
  adding: Excelerate.app/Contents/Resources/lib/python3.11/pandas/tests/indexes/interval/test_interval_range.py (deflated 83%)
  adding: Excelerate.app/Contents/Resources/lib/python3.11/pandas/tests/indexes/interval/test_interval.py (deflated 83%)
  adding: Excelerate.app/Contents/Resources/lib/python3.11/pandas/tests/indexes/interval/test_equals.py (deflated 71%)
  adding: Excelerate.app/Contents/Resources/lib/python3.11/pandas/tests/indexes/interval/test_indexing.py (deflated 82%)
  adding: Excelerate.app/Contents/Resources/lib/python3.11/pandas/tests/indexes/interval/test_astype.py (deflated 80%)
  adding: Excelerate.app/Contents/Resources/lib/python3.11/pandas/tests/indexes/interval/test_formats.py (deflated 71%)
  adding: Excelerate.app/Contents/Resources/lib/python3.11/pandas/tests/indexes/interval/test_setops.py (deflated 84%)
  adding: Excelerate.app/Contents/Resources/lib/python3.11/pandas/tests/indexes/interval/test_interval_tree.py (deflated 79%)
  adding: Excelerate.app/Contents/Resources/lib/python3.11/pandas/tests/indexes/multi/ (stored 0%)
  adding: Excelerate.app/Contents/Resources/lib/python3.11/pandas/tests/indexes/multi/test_names.py (deflated 74%)
  adding: Excelerate.app/Contents/Resources/lib/python3.11/pandas/tests/indexes/multi/conftest.py (deflated 51%)
  adding: Excelerate.app/Contents/Resources/lib/python3.11/pandas/tests/indexes/multi/test_constructors.py (deflated 80%)
  adding: Excelerate.app/Contents/Resources/lib/python3.11/pandas/tests/indexes/multi/test_missing.py (deflated 69%)
  adding: Excelerate.app/Contents/Resources/lib/python3.11/pandas/tests/indexes/multi/test_pickle.py (deflated 32%)
  adding: Excelerate.app/Contents/Resources/lib/python3.11/pandas/tests/indexes/multi/test_sorting.py (deflated 74%)
  adding: Excelerate.app/Contents/Resources/lib/python3.11/pandas/tests/indexes/multi/test_get_level_values.py (deflated 75%)
  adding: Excelerate.app/Contents/Resources/lib/python3.11/pandas/tests/indexes/multi/test_join.py (deflated 80%)
  adding: Excelerate.app/Contents/Resources/lib/python3.11/pandas/tests/indexes/multi/test_copy.py (deflated 71%)
  adding: Excelerate.app/Contents/Resources/lib/python3.11/pandas/tests/indexes/multi/test_integrity.py (deflated 72%)
  adding: Excelerate.app/Contents/Resources/lib/python3.11/pandas/tests/indexes/multi/__init__.py (stored 0%)
  adding: Excelerate.app/Contents/Resources/lib/python3.11/pandas/tests/indexes/multi/test_reshape.py (deflated 74%)
  adding: Excelerate.app/Contents/Resources/lib/python3.11/pandas/tests/indexes/multi/test_analytics.py (deflated 71%)
  adding: Excelerate.app/Contents/Resources/lib/python3.11/pandas/tests/indexes/multi/__pycache__/ (stored 0%)
  adding: Excelerate.app/Contents/Resources/lib/python3.11/pandas/tests/indexes/multi/__pycache__/test_analytics.cpython-311.pyc (deflated 61%)
  adding: Excelerate.app/Contents/Resources/lib/python3.11/pandas/tests/indexes/multi/__pycache__/test_indexing.cpython-311.pyc (deflated 68%)
  adding: Excelerate.app/Contents/Resources/lib/python3.11/pandas/tests/indexes/multi/__pycache__/test_sorting.cpython-311.pyc (deflated 63%)
  adding: Excelerate.app/Contents/Resources/lib/python3.11/pandas/tests/indexes/multi/__pycache__/test_compat.cpython-311.pyc (deflated 61%)
  adding: Excelerate.app/Contents/Resources/lib/python3.11/pandas/tests/indexes/multi/__pycache__/test_lexsort.cpython-311.pyc (deflated 64%)
  adding: Excelerate.app/Contents/Resources/lib/python3.11/pandas/tests/indexes/multi/__pycache__/test_monotonic.cpython-311.pyc (deflated 73%)
  adding: Excelerate.app/Contents/Resources/lib/python3.11/pandas/tests/indexes/multi/__pycache__/test_setops.cpython-311.pyc (deflated 68%)
  adding: Excelerate.app/Contents/Resources/lib/python3.11/pandas/tests/indexes/multi/__pycache__/test_get_set.cpython-311.pyc (deflated 67%)
  adding: Excelerate.app/Contents/Resources/lib/python3.11/pandas/tests/indexes/multi/__pycache__/test_copy.cpython-311.pyc (deflated 61%)
  adding: Excelerate.app/Contents/Resources/lib/python3.11/pandas/tests/indexes/multi/__pycache__/test_missing.cpython-311.pyc (deflated 59%)
  adding: Excelerate.app/Contents/Resources/lib/python3.11/pandas/tests/indexes/multi/__pycache__/test_duplicates.cpython-311.pyc (deflated 62%)
  adding: Excelerate.app/Contents/Resources/lib/python3.11/pandas/tests/indexes/multi/__pycache__/conftest.cpython-311.pyc (deflated 39%)
  adding: Excelerate.app/Contents/Resources/lib/python3.11/pandas/tests/indexes/multi/__pycache__/test_names.cpython-311.pyc (deflated 63%)
  adding: Excelerate.app/Contents/Resources/lib/python3.11/pandas/tests/indexes/multi/__pycache__/test_constructors.cpython-311.pyc (deflated 67%)
  adding: Excelerate.app/Contents/Resources/lib/python3.11/pandas/tests/indexes/multi/__pycache__/test_conversion.cpython-311.pyc (deflated 61%)
  adding: Excelerate.app/Contents/Resources/lib/python3.11/pandas/tests/indexes/multi/__pycache__/test_formats.cpython-311.pyc (deflated 69%)
  adding: Excelerate.app/Contents/Resources/lib/python3.11/pandas/tests/indexes/multi/__pycache__/test_join.cpython-311.pyc (deflated 65%)
  adding: Excelerate.app/Contents/Resources/lib/python3.11/pandas/tests/indexes/multi/__pycache__/test_reshape.cpython-311.pyc (deflated 62%)
  adding: Excelerate.app/Contents/Resources/lib/python3.11/pandas/tests/indexes/multi/__pycache__/test_pickle.cpython-311.pyc (deflated 37%)
  adding: Excelerate.app/Contents/Resources/lib/python3.11/pandas/tests/indexes/multi/__pycache__/test_equivalence.cpython-311.pyc (deflated 68%)
  adding: Excelerate.app/Contents/Resources/lib/python3.11/pandas/tests/indexes/multi/__pycache__/test_take.cpython-311.pyc (deflated 64%)
  adding: Excelerate.app/Contents/Resources/lib/python3.11/pandas/tests/indexes/multi/__pycache__/test_get_level_values.cpython-311.pyc (deflated 63%)
  adding: Excelerate.app/Contents/Resources/lib/python3.11/pandas/tests/indexes/multi/__pycache__/test_partial_indexing.cpython-311.pyc (deflated 58%)
  adding: Excelerate.app/Contents/Resources/lib/python3.11/pandas/tests/indexes/multi/__pycache__/test_integrity.cpython-311.pyc (deflated 64%)
  adding: Excelerate.app/Contents/Resources/lib/python3.11/pandas/tests/indexes/multi/__pycache__/test_isin.cpython-311.pyc (deflated 63%)
  adding: Excelerate.app/Contents/Resources/lib/python3.11/pandas/tests/indexes/multi/__pycache__/test_drop.cpython-311.pyc (deflated 66%)
  adding: Excelerate.app/Contents/Resources/lib/python3.11/pandas/tests/indexes/multi/__pycache__/test_reindex.cpython-311.pyc (deflated 61%)
  adding: Excelerate.app/Contents/Resources/lib/python3.11/pandas/tests/indexes/multi/__pycache__/test_astype.cpython-311.pyc (deflated 49%)
  adding: Excelerate.app/Contents/Resources/lib/python3.11/pandas/tests/indexes/multi/__pycache__/__init__.cpython-311.pyc (deflated 19%)
  adding: Excelerate.app/Contents/Resources/lib/python3.11/pandas/tests/indexes/multi/test_conversion.py (deflated 77%)
  adding: Excelerate.app/Contents/Resources/lib/python3.11/pandas/tests/indexes/multi/test_indexing.py (deflated 79%)
  adding: Excelerate.app/Contents/Resources/lib/python3.11/pandas/tests/indexes/multi/test_astype.py (deflated 54%)
  adding: Excelerate.app/Contents/Resources/lib/python3.11/pandas/tests/indexes/multi/test_formats.py (deflated 82%)
  adding: Excelerate.app/Contents/Resources/lib/python3.11/pandas/tests/indexes/multi/test_setops.py (deflated 81%)
  adding: Excelerate.app/Contents/Resources/lib/python3.11/pandas/tests/indexes/multi/test_take.py (deflated 73%)
  adding: Excelerate.app/Contents/Resources/lib/python3.11/pandas/tests/indexes/multi/test_equivalence.py (deflated 75%)
  adding: Excelerate.app/Contents/Resources/lib/python3.11/pandas/tests/indexes/multi/test_get_set.py (deflated 77%)
  adding: Excelerate.app/Contents/Resources/lib/python3.11/pandas/tests/indexes/multi/test_compat.py (deflated 72%)
  adding: Excelerate.app/Contents/Resources/lib/python3.11/pandas/tests/indexes/multi/test_monotonic.py (deflated 86%)
  adding: Excelerate.app/Contents/Resources/lib/python3.11/pandas/tests/indexes/multi/test_isin.py (deflated 74%)
  adding: Excelerate.app/Contents/Resources/lib/python3.11/pandas/tests/indexes/multi/test_drop.py (deflated 77%)
  adding: Excelerate.app/Contents/Resources/lib/python3.11/pandas/tests/indexes/multi/test_duplicates.py (deflated 76%)
  adding: Excelerate.app/Contents/Resources/lib/python3.11/pandas/tests/indexes/multi/test_partial_indexing.py (deflated 71%)
  adding: Excelerate.app/Contents/Resources/lib/python3.11/pandas/tests/indexes/multi/test_lexsort.py (deflated 78%)
  adding: Excelerate.app/Contents/Resources/lib/python3.11/pandas/tests/indexes/multi/test_reindex.py (deflated 73%)
  adding: Excelerate.app/Contents/Resources/lib/python3.11/pandas/tests/indexes/test_engines.py (deflated 81%)
  adding: Excelerate.app/Contents/Resources/lib/python3.11/pandas/tests/indexes/__init__.py (stored 0%)
  adding: Excelerate.app/Contents/Resources/lib/python3.11/pandas/tests/indexes/test_datetimelike.py (deflated 74%)
  adding: Excelerate.app/Contents/Resources/lib/python3.11/pandas/tests/indexes/period/ (stored 0%)
  adding: Excelerate.app/Contents/Resources/lib/python3.11/pandas/tests/indexes/period/test_resolution.py (deflated 53%)
  adding: Excelerate.app/Contents/Resources/lib/python3.11/pandas/tests/indexes/period/test_period.py (deflated 78%)
  adding: Excelerate.app/Contents/Resources/lib/python3.11/pandas/tests/indexes/period/test_searchsorted.py (deflated 74%)
  adding: Excelerate.app/Contents/Resources/lib/python3.11/pandas/tests/indexes/period/methods/ (stored 0%)
  adding: Excelerate.app/Contents/Resources/lib/python3.11/pandas/tests/indexes/period/methods/test_repeat.py (deflated 54%)
  adding: Excelerate.app/Contents/Resources/lib/python3.11/pandas/tests/indexes/period/methods/test_is_full.py (deflated 65%)
  adding: Excelerate.app/Contents/Resources/lib/python3.11/pandas/tests/indexes/period/methods/test_shift.py (deflated 81%)
  adding: Excelerate.app/Contents/Resources/lib/python3.11/pandas/tests/indexes/period/methods/test_insert.py (deflated 43%)
  adding: Excelerate.app/Contents/Resources/lib/python3.11/pandas/tests/indexes/period/methods/test_factorize.py (deflated 76%)
  adding: Excelerate.app/Contents/Resources/lib/python3.11/pandas/tests/indexes/period/methods/__init__.py (stored 0%)
  adding: Excelerate.app/Contents/Resources/lib/python3.11/pandas/tests/indexes/period/methods/test_to_timestamp.py (deflated 77%)
  adding: Excelerate.app/Contents/Resources/lib/python3.11/pandas/tests/indexes/period/methods/__pycache__/ (stored 0%)
  adding: Excelerate.app/Contents/Resources/lib/python3.11/pandas/tests/indexes/period/methods/__pycache__/test_asfreq.cpython-311.pyc (deflated 71%)
  adding: Excelerate.app/Contents/Resources/lib/python3.11/pandas/tests/indexes/period/methods/__pycache__/test_to_timestamp.cpython-311.pyc (deflated 62%)
  adding: Excelerate.app/Contents/Resources/lib/python3.11/pandas/tests/indexes/period/methods/__pycache__/test_repeat.cpython-311.pyc (deflated 44%)
  adding: Excelerate.app/Contents/Resources/lib/python3.11/pandas/tests/indexes/period/methods/__pycache__/test_shift.cpython-311.pyc (deflated 70%)
  adding: Excelerate.app/Contents/Resources/lib/python3.11/pandas/tests/indexes/period/methods/__pycache__/test_fillna.cpython-311.pyc (deflated 55%)
  adding: Excelerate.app/Contents/Resources/lib/python3.11/pandas/tests/indexes/period/methods/__pycache__/test_factorize.cpython-311.pyc (deflated 62%)
  adding: Excelerate.app/Contents/Resources/lib/python3.11/pandas/tests/indexes/period/methods/__pycache__/test_astype.cpython-311.pyc (deflated 64%)
  adding: Excelerate.app/Contents/Resources/lib/python3.11/pandas/tests/indexes/period/methods/__pycache__/test_is_full.cpython-311.pyc (deflated 52%)
  adding: Excelerate.app/Contents/Resources/lib/python3.11/pandas/tests/indexes/period/methods/__pycache__/__init__.cpython-311.pyc (deflated 21%)
  adding: Excelerate.app/Contents/Resources/lib/python3.11/pandas/tests/indexes/period/methods/__pycache__/test_insert.cpython-311.pyc (deflated 42%)
  adding: Excelerate.app/Contents/Resources/lib/python3.11/pandas/tests/indexes/period/methods/test_astype.py (deflated 78%)
  adding: Excelerate.app/Contents/Resources/lib/python3.11/pandas/tests/indexes/period/methods/test_fillna.py (deflated 73%)
  adding: Excelerate.app/Contents/Resources/lib/python3.11/pandas/tests/indexes/period/methods/test_asfreq.py (deflated 82%)
  adding: Excelerate.app/Contents/Resources/lib/python3.11/pandas/tests/indexes/period/test_freq_attr.py (deflated 48%)
  adding: Excelerate.app/Contents/Resources/lib/python3.11/pandas/tests/indexes/period/test_constructors.py (deflated 82%)
  adding: Excelerate.app/Contents/Resources/lib/python3.11/pandas/tests/indexes/period/test_pickle.py (deflated 49%)
  adding: Excelerate.app/Contents/Resources/lib/python3.11/pandas/tests/indexes/period/test_join.py (deflated 66%)
  adding: Excelerate.app/Contents/Resources/lib/python3.11/pandas/tests/indexes/period/__init__.py (stored 0%)
  adding: Excelerate.app/Contents/Resources/lib/python3.11/pandas/tests/indexes/period/__pycache__/ (stored 0%)
  adding: Excelerate.app/Contents/Resources/lib/python3.11/pandas/tests/indexes/period/__pycache__/test_indexing.cpython-311.pyc (deflated 68%)
  adding: Excelerate.app/Contents/Resources/lib/python3.11/pandas/tests/indexes/period/__pycache__/test_tools.cpython-311.pyc (deflated 48%)
  adding: Excelerate.app/Contents/Resources/lib/python3.11/pandas/tests/indexes/period/__pycache__/test_searchsorted.cpython-311.pyc (deflated 62%)
  adding: Excelerate.app/Contents/Resources/lib/python3.11/pandas/tests/indexes/period/__pycache__/test_period.cpython-311.pyc (deflated 63%)
  adding: Excelerate.app/Contents/Resources/lib/python3.11/pandas/tests/indexes/period/__pycache__/test_monotonic.cpython-311.pyc (deflated 68%)
  adding: Excelerate.app/Contents/Resources/lib/python3.11/pandas/tests/indexes/period/__pycache__/test_setops.cpython-311.pyc (deflated 64%)
  adding: Excelerate.app/Contents/Resources/lib/python3.11/pandas/tests/indexes/period/__pycache__/test_constructors.cpython-311.pyc (deflated 69%)
  adding: Excelerate.app/Contents/Resources/lib/python3.11/pandas/tests/indexes/period/__pycache__/test_resolution.cpython-311.pyc (deflated 40%)
  adding: Excelerate.app/Contents/Resources/lib/python3.11/pandas/tests/indexes/period/__pycache__/test_formats.cpython-311.pyc (deflated 69%)
  adding: Excelerate.app/Contents/Resources/lib/python3.11/pandas/tests/indexes/period/__pycache__/test_join.cpython-311.pyc (deflated 53%)
  adding: Excelerate.app/Contents/Resources/lib/python3.11/pandas/tests/indexes/period/__pycache__/test_pickle.cpython-311.pyc (deflated 45%)
  adding: Excelerate.app/Contents/Resources/lib/python3.11/pandas/tests/indexes/period/__pycache__/test_freq_attr.cpython-311.pyc (deflated 44%)
  adding: Excelerate.app/Contents/Resources/lib/python3.11/pandas/tests/indexes/period/__pycache__/test_period_range.cpython-311.pyc (deflated 70%)
  adding: Excelerate.app/Contents/Resources/lib/python3.11/pandas/tests/indexes/period/__pycache__/test_partial_slicing.cpython-311.pyc (deflated 64%)
  adding: Excelerate.app/Contents/Resources/lib/python3.11/pandas/tests/indexes/period/__pycache__/test_scalar_compat.cpython-311.pyc (deflated 50%)
  adding: Excelerate.app/Contents/Resources/lib/python3.11/pandas/tests/indexes/period/__pycache__/__init__.cpython-311.pyc (deflated 19%)
  adding: Excelerate.app/Contents/Resources/lib/python3.11/pandas/tests/indexes/period/test_scalar_compat.py (deflated 64%)
  adding: Excelerate.app/Contents/Resources/lib/python3.11/pandas/tests/indexes/period/test_indexing.py (deflated 81%)
  adding: Excelerate.app/Contents/Resources/lib/python3.11/pandas/tests/indexes/period/test_formats.py (deflated 80%)
  adding: Excelerate.app/Contents/Resources/lib/python3.11/pandas/tests/indexes/period/test_setops.py (deflated 84%)
  adding: Excelerate.app/Contents/Resources/lib/python3.11/pandas/tests/indexes/period/test_partial_slicing.py (deflated 76%)
  adding: Excelerate.app/Contents/Resources/lib/python3.11/pandas/tests/indexes/period/test_monotonic.py (deflated 80%)
  adding: Excelerate.app/Contents/Resources/lib/python3.11/pandas/tests/indexes/period/test_tools.py (deflated 61%)
  adding: Excelerate.app/Contents/Resources/lib/python3.11/pandas/tests/indexes/period/test_period_range.py (deflated 83%)
  adding: Excelerate.app/Contents/Resources/lib/python3.11/pandas/tests/indexes/test_subclass.py (deflated 51%)
  adding: Excelerate.app/Contents/Resources/lib/python3.11/pandas/tests/indexes/__pycache__/ (stored 0%)
  adding: Excelerate.app/Contents/Resources/lib/python3.11/pandas/tests/indexes/__pycache__/test_any_index.cpython-311.pyc (deflated 62%)
  adding: Excelerate.app/Contents/Resources/lib/python3.11/pandas/tests/indexes/__pycache__/test_frozen.cpython-311.pyc (deflated 61%)
  adding: Excelerate.app/Contents/Resources/lib/python3.11/pandas/tests/indexes/__pycache__/test_common.cpython-311.pyc (deflated 59%)
  adding: Excelerate.app/Contents/Resources/lib/python3.11/pandas/tests/indexes/__pycache__/test_indexing.cpython-311.pyc (deflated 64%)
  adding: Excelerate.app/Contents/Resources/lib/python3.11/pandas/tests/indexes/__pycache__/test_numpy_compat.cpython-311.pyc (deflated 61%)
  adding: Excelerate.app/Contents/Resources/lib/python3.11/pandas/tests/indexes/__pycache__/test_engines.cpython-311.pyc (deflated 68%)
  adding: Excelerate.app/Contents/Resources/lib/python3.11/pandas/tests/indexes/__pycache__/test_old_base.cpython-311.pyc (deflated 67%)
  adding: Excelerate.app/Contents/Resources/lib/python3.11/pandas/tests/indexes/__pycache__/test_setops.cpython-311.pyc (deflated 69%)
  adding: Excelerate.app/Contents/Resources/lib/python3.11/pandas/tests/indexes/__pycache__/test_subclass.cpython-311.pyc (deflated 44%)
  adding: Excelerate.app/Contents/Resources/lib/python3.11/pandas/tests/indexes/__pycache__/conftest.cpython-311.pyc (deflated 46%)
  adding: Excelerate.app/Contents/Resources/lib/python3.11/pandas/tests/indexes/__pycache__/test_base.cpython-311.pyc (deflated 67%)
  adding: Excelerate.app/Contents/Resources/lib/python3.11/pandas/tests/indexes/__pycache__/test_datetimelike.cpython-311.pyc (deflated 60%)
  adding: Excelerate.app/Contents/Resources/lib/python3.11/pandas/tests/indexes/__pycache__/test_index_new.cpython-311.pyc (deflated 67%)
  adding: Excelerate.app/Contents/Resources/lib/python3.11/pandas/tests/indexes/__pycache__/__init__.cpython-311.pyc (deflated 19%)
  adding: Excelerate.app/Contents/Resources/lib/python3.11/pandas/tests/indexes/test_indexing.py (deflated 75%)
  adding: Excelerate.app/Contents/Resources/lib/python3.11/pandas/tests/indexes/categorical/ (stored 0%)
  adding: Excelerate.app/Contents/Resources/lib/python3.11/pandas/tests/indexes/categorical/test_constructors.py (deflated 82%)
  adding: Excelerate.app/Contents/Resources/lib/python3.11/pandas/tests/indexes/categorical/test_append.py (deflated 71%)
  adding: Excelerate.app/Contents/Resources/lib/python3.11/pandas/tests/indexes/categorical/__init__.py (stored 0%)
  adding: Excelerate.app/Contents/Resources/lib/python3.11/pandas/tests/indexes/categorical/__pycache__/ (stored 0%)
  adding: Excelerate.app/Contents/Resources/lib/python3.11/pandas/tests/indexes/categorical/__pycache__/test_indexing.cpython-311.pyc (deflated 70%)
  adding: Excelerate.app/Contents/Resources/lib/python3.11/pandas/tests/indexes/categorical/__pycache__/test_append.cpython-311.pyc (deflated 59%)
  adding: Excelerate.app/Contents/Resources/lib/python3.11/pandas/tests/indexes/categorical/__pycache__/test_equals.cpython-311.pyc (deflated 66%)
  adding: Excelerate.app/Contents/Resources/lib/python3.11/pandas/tests/indexes/categorical/__pycache__/test_setops.cpython-311.pyc (deflated 39%)
  adding: Excelerate.app/Contents/Resources/lib/python3.11/pandas/tests/indexes/categorical/__pycache__/test_constructors.cpython-311.pyc (deflated 68%)
  adding: Excelerate.app/Contents/Resources/lib/python3.11/pandas/tests/indexes/categorical/__pycache__/test_fillna.cpython-311.pyc (deflated 53%)
  adding: Excelerate.app/Contents/Resources/lib/python3.11/pandas/tests/indexes/categorical/__pycache__/test_formats.cpython-311.pyc (deflated 73%)
  adding: Excelerate.app/Contents/Resources/lib/python3.11/pandas/tests/indexes/categorical/__pycache__/test_reindex.cpython-311.pyc (deflated 65%)
  adding: Excelerate.app/Contents/Resources/lib/python3.11/pandas/tests/indexes/categorical/__pycache__/test_category.cpython-311.pyc (deflated 64%)
  adding: Excelerate.app/Contents/Resources/lib/python3.11/pandas/tests/indexes/categorical/__pycache__/test_astype.cpython-311.pyc (deflated 54%)
  adding: Excelerate.app/Contents/Resources/lib/python3.11/pandas/tests/indexes/categorical/__pycache__/__init__.cpython-311.pyc (deflated 20%)
  adding: Excelerate.app/Contents/Resources/lib/python3.11/pandas/tests/indexes/categorical/__pycache__/test_map.cpython-311.pyc (deflated 62%)
  adding: Excelerate.app/Contents/Resources/lib/python3.11/pandas/tests/indexes/categorical/test_equals.py (deflated 74%)
  adding: Excelerate.app/Contents/Resources/lib/python3.11/pandas/tests/indexes/categorical/test_indexing.py (deflated 81%)
  adding: Excelerate.app/Contents/Resources/lib/python3.11/pandas/tests/indexes/categorical/test_astype.py (deflated 70%)
  adding: Excelerate.app/Contents/Resources/lib/python3.11/pandas/tests/indexes/categorical/test_formats.py (deflated 85%)
  adding: Excelerate.app/Contents/Resources/lib/python3.11/pandas/tests/indexes/categorical/test_setops.py (deflated 45%)
  adding: Excelerate.app/Contents/Resources/lib/python3.11/pandas/tests/indexes/categorical/test_category.py (deflated 79%)
  adding: Excelerate.app/Contents/Resources/lib/python3.11/pandas/tests/indexes/categorical/test_fillna.py (deflated 65%)
  adding: Excelerate.app/Contents/Resources/lib/python3.11/pandas/tests/indexes/categorical/test_map.py (deflated 77%)
  adding: Excelerate.app/Contents/Resources/lib/python3.11/pandas/tests/indexes/categorical/test_reindex.py (deflated 79%)
  adding: Excelerate.app/Contents/Resources/lib/python3.11/pandas/tests/indexes/test_old_base.py (deflated 79%)
  adding: Excelerate.app/Contents/Resources/lib/python3.11/pandas/tests/indexes/test_setops.py (deflated 81%)
  adding: Excelerate.app/Contents/Resources/lib/python3.11/pandas/tests/indexes/numeric/ (stored 0%)
  adding: Excelerate.app/Contents/Resources/lib/python3.11/pandas/tests/indexes/numeric/test_join.py (deflated 89%)
  adding: Excelerate.app/Contents/Resources/lib/python3.11/pandas/tests/indexes/numeric/__init__.py (stored 0%)
  adding: Excelerate.app/Contents/Resources/lib/python3.11/pandas/tests/indexes/numeric/__pycache__/ (stored 0%)
  adding: Excelerate.app/Contents/Resources/lib/python3.11/pandas/tests/indexes/numeric/__pycache__/test_indexing.cpython-311.pyc (deflated 71%)
  adding: Excelerate.app/Contents/Resources/lib/python3.11/pandas/tests/indexes/numeric/__pycache__/test_numeric.cpython-311.pyc (deflated 67%)
  adding: Excelerate.app/Contents/Resources/lib/python3.11/pandas/tests/indexes/numeric/__pycache__/test_setops.cpython-311.pyc (deflated 66%)
  adding: Excelerate.app/Contents/Resources/lib/python3.11/pandas/tests/indexes/numeric/__pycache__/test_join.cpython-311.pyc (deflated 79%)
  adding: Excelerate.app/Contents/Resources/lib/python3.11/pandas/tests/indexes/numeric/__pycache__/test_astype.cpython-311.pyc (deflated 62%)
  adding: Excelerate.app/Contents/Resources/lib/python3.11/pandas/tests/indexes/numeric/__pycache__/__init__.cpython-311.pyc (deflated 19%)
  adding: Excelerate.app/Contents/Resources/lib/python3.11/pandas/tests/indexes/numeric/test_indexing.py (deflated 82%)
  adding: Excelerate.app/Contents/Resources/lib/python3.11/pandas/tests/indexes/numeric/test_numeric.py (deflated 80%)
  adding: Excelerate.app/Contents/Resources/lib/python3.11/pandas/tests/indexes/numeric/test_astype.py (deflated 74%)
  adding: Excelerate.app/Contents/Resources/lib/python3.11/pandas/tests/indexes/numeric/test_setops.py (deflated 79%)
  adding: Excelerate.app/Contents/Resources/lib/python3.11/pandas/tests/indexes/object/ (stored 0%)
  adding: Excelerate.app/Contents/Resources/lib/python3.11/pandas/tests/indexes/object/__init__.py (stored 0%)
  adding: Excelerate.app/Contents/Resources/lib/python3.11/pandas/tests/indexes/object/__pycache__/ (stored 0%)
  adding: Excelerate.app/Contents/Resources/lib/python3.11/pandas/tests/indexes/object/__pycache__/test_indexing.cpython-311.pyc (deflated 63%)
  adding: Excelerate.app/Contents/Resources/lib/python3.11/pandas/tests/indexes/object/__pycache__/test_astype.cpython-311.pyc (deflated 45%)
  adding: Excelerate.app/Contents/Resources/lib/python3.11/pandas/tests/indexes/object/__pycache__/__init__.cpython-311.pyc (deflated 19%)
  adding: Excelerate.app/Contents/Resources/lib/python3.11/pandas/tests/indexes/object/test_indexing.py (deflated 79%)
  adding: Excelerate.app/Contents/Resources/lib/python3.11/pandas/tests/indexes/object/test_astype.py (deflated 49%)
  adding: Excelerate.app/Contents/Resources/lib/python3.11/pandas/tests/indexes/datetimes/ (stored 0%)
  adding: Excelerate.app/Contents/Resources/lib/python3.11/pandas/tests/indexes/datetimes/methods/ (stored 0%)
  adding: Excelerate.app/Contents/Resources/lib/python3.11/pandas/tests/indexes/datetimes/methods/test_resolution.py (deflated 51%)
  adding: Excelerate.app/Contents/Resources/lib/python3.11/pandas/tests/indexes/datetimes/methods/test_repeat.py (deflated 78%)
  adding: Excelerate.app/Contents/Resources/lib/python3.11/pandas/tests/indexes/datetimes/methods/test_shift.py (deflated 76%)
  adding: Excelerate.app/Contents/Resources/lib/python3.11/pandas/tests/indexes/datetimes/methods/test_to_julian_date.py (deflated 80%)
  adding: Excelerate.app/Contents/Resources/lib/python3.11/pandas/tests/indexes/datetimes/methods/test_round.py (deflated 80%)
  adding: Excelerate.app/Contents/Resources/lib/python3.11/pandas/tests/indexes/datetimes/methods/test_to_pydatetime.py (deflated 65%)
  adding: Excelerate.app/Contents/Resources/lib/python3.11/pandas/tests/indexes/datetimes/methods/test_insert.py (deflated 80%)
  adding: Excelerate.app/Contents/Resources/lib/python3.11/pandas/tests/indexes/datetimes/methods/test_to_frame.py (deflated 60%)
  adding: Excelerate.app/Contents/Resources/lib/python3.11/pandas/tests/indexes/datetimes/methods/test_to_period.py (deflated 77%)
  adding: Excelerate.app/Contents/Resources/lib/python3.11/pandas/tests/indexes/datetimes/methods/test_factorize.py (deflated 80%)
  adding: Excelerate.app/Contents/Resources/lib/python3.11/pandas/tests/indexes/datetimes/methods/__init__.py (stored 0%)
  adding: Excelerate.app/Contents/Resources/lib/python3.11/pandas/tests/indexes/datetimes/methods/test_snap.py (deflated 68%)
  adding: Excelerate.app/Contents/Resources/lib/python3.11/pandas/tests/indexes/datetimes/methods/__pycache__/ (stored 0%)
  adding: Excelerate.app/Contents/Resources/lib/python3.11/pandas/tests/indexes/datetimes/methods/__pycache__/test_asof.cpython-311.pyc (deflated 49%)
  adding: Excelerate.app/Contents/Resources/lib/python3.11/pandas/tests/indexes/datetimes/methods/__pycache__/test_to_pydatetime.cpython-311.pyc (deflated 52%)
  adding: Excelerate.app/Contents/Resources/lib/python3.11/pandas/tests/indexes/datetimes/methods/__pycache__/test_to_period.cpython-311.pyc (deflated 64%)
  adding: Excelerate.app/Contents/Resources/lib/python3.11/pandas/tests/indexes/datetimes/methods/__pycache__/test_to_series.cpython-311.pyc (deflated 41%)
  adding: Excelerate.app/Contents/Resources/lib/python3.11/pandas/tests/indexes/datetimes/methods/__pycache__/test_repeat.cpython-311.pyc (deflated 59%)
  adding: Excelerate.app/Contents/Resources/lib/python3.11/pandas/tests/indexes/datetimes/methods/__pycache__/test_round.cpython-311.pyc (deflated 63%)
  adding: Excelerate.app/Contents/Resources/lib/python3.11/pandas/tests/indexes/datetimes/methods/__pycache__/test_delete.cpython-311.pyc (deflated 63%)
  adding: Excelerate.app/Contents/Resources/lib/python3.11/pandas/tests/indexes/datetimes/methods/__pycache__/test_unique.cpython-311.pyc (deflated 55%)
  adding: Excelerate.app/Contents/Resources/lib/python3.11/pandas/tests/indexes/datetimes/methods/__pycache__/test_shift.cpython-311.pyc (deflated 63%)
  adding: Excelerate.app/Contents/Resources/lib/python3.11/pandas/tests/indexes/datetimes/methods/__pycache__/test_to_frame.cpython-311.pyc (deflated 51%)
  adding: Excelerate.app/Contents/Resources/lib/python3.11/pandas/tests/indexes/datetimes/methods/__pycache__/test_normalize.cpython-311.pyc (deflated 59%)
  adding: Excelerate.app/Contents/Resources/lib/python3.11/pandas/tests/indexes/datetimes/methods/__pycache__/test_fillna.cpython-311.pyc (deflated 65%)
  adding: Excelerate.app/Contents/Resources/lib/python3.11/pandas/tests/indexes/datetimes/methods/__pycache__/test_resolution.cpython-311.pyc (deflated 37%)
  adding: Excelerate.app/Contents/Resources/lib/python3.11/pandas/tests/indexes/datetimes/methods/__pycache__/test_factorize.cpython-311.pyc (deflated 67%)
  adding: Excelerate.app/Contents/Resources/lib/python3.11/pandas/tests/indexes/datetimes/methods/__pycache__/test_to_julian_date.cpython-311.pyc (deflated 73%)
  adding: Excelerate.app/Contents/Resources/lib/python3.11/pandas/tests/indexes/datetimes/methods/__pycache__/test_tz_convert.cpython-311.pyc (deflated 70%)
  adding: Excelerate.app/Contents/Resources/lib/python3.11/pandas/tests/indexes/datetimes/methods/__pycache__/test_tz_localize.cpython-311.pyc (deflated 65%)
  adding: Excelerate.app/Contents/Resources/lib/python3.11/pandas/tests/indexes/datetimes/methods/__pycache__/test_astype.cpython-311.pyc (deflated 68%)
  adding: Excelerate.app/Contents/Resources/lib/python3.11/pandas/tests/indexes/datetimes/methods/__pycache__/test_snap.cpython-311.pyc (deflated 51%)
  adding: Excelerate.app/Contents/Resources/lib/python3.11/pandas/tests/indexes/datetimes/methods/__pycache__/__init__.cpython-311.pyc (deflated 20%)
  adding: Excelerate.app/Contents/Resources/lib/python3.11/pandas/tests/indexes/datetimes/methods/__pycache__/test_map.cpython-311.pyc (deflated 48%)
  adding: Excelerate.app/Contents/Resources/lib/python3.11/pandas/tests/indexes/datetimes/methods/__pycache__/test_insert.cpython-311.pyc (deflated 64%)
  adding: Excelerate.app/Contents/Resources/lib/python3.11/pandas/tests/indexes/datetimes/methods/__pycache__/test_isocalendar.cpython-311.pyc (deflated 41%)
  adding: Excelerate.app/Contents/Resources/lib/python3.11/pandas/tests/indexes/datetimes/methods/test_delete.py (deflated 80%)
  adding: Excelerate.app/Contents/Resources/lib/python3.11/pandas/tests/indexes/datetimes/methods/test_tz_localize.py (deflated 78%)
  adding: Excelerate.app/Contents/Resources/lib/python3.11/pandas/tests/indexes/datetimes/methods/test_astype.py (deflated 81%)
  adding: Excelerate.app/Contents/Resources/lib/python3.11/pandas/tests/indexes/datetimes/methods/test_to_series.py (deflated 43%)
  adding: Excelerate.app/Contents/Resources/lib/python3.11/pandas/tests/indexes/datetimes/methods/test_fillna.py (deflated 80%)
  adding: Excelerate.app/Contents/Resources/lib/python3.11/pandas/tests/indexes/datetimes/methods/test_map.py (deflated 55%)
  adding: Excelerate.app/Contents/Resources/lib/python3.11/pandas/tests/indexes/datetimes/methods/test_asof.py (deflated 60%)
  adding: Excelerate.app/Contents/Resources/lib/python3.11/pandas/tests/indexes/datetimes/methods/test_unique.py (deflated 68%)
  adding: Excelerate.app/Contents/Resources/lib/python3.11/pandas/tests/indexes/datetimes/methods/test_normalize.py (deflated 77%)
  adding: Excelerate.app/Contents/Resources/lib/python3.11/pandas/tests/indexes/datetimes/methods/test_isocalendar.py (deflated 49%)
  adding: Excelerate.app/Contents/Resources/lib/python3.11/pandas/tests/indexes/datetimes/methods/test_tz_convert.py (deflated 83%)
  adding: Excelerate.app/Contents/Resources/lib/python3.11/pandas/tests/indexes/datetimes/test_freq_attr.py (deflated 62%)
  adding: Excelerate.app/Contents/Resources/lib/python3.11/pandas/tests/indexes/datetimes/test_constructors.py (deflated 81%)
  adding: Excelerate.app/Contents/Resources/lib/python3.11/pandas/tests/indexes/datetimes/test_pickle.py (deflated 63%)
  adding: Excelerate.app/Contents/Resources/lib/python3.11/pandas/tests/indexes/datetimes/test_iter.py (deflated 68%)
  adding: Excelerate.app/Contents/Resources/lib/python3.11/pandas/tests/indexes/datetimes/test_join.py (deflated 72%)
  adding: Excelerate.app/Contents/Resources/lib/python3.11/pandas/tests/indexes/datetimes/test_date_range.py (deflated 82%)
  adding: Excelerate.app/Contents/Resources/lib/python3.11/pandas/tests/indexes/datetimes/test_timezones.py (deflated 74%)
  adding: Excelerate.app/Contents/Resources/lib/python3.11/pandas/tests/indexes/datetimes/__init__.py (stored 0%)
  adding: Excelerate.app/Contents/Resources/lib/python3.11/pandas/tests/indexes/datetimes/__pycache__/ (stored 0%)
  adding: Excelerate.app/Contents/Resources/lib/python3.11/pandas/tests/indexes/datetimes/__pycache__/test_arithmetic.cpython-311.pyc (deflated 51%)
  adding: Excelerate.app/Contents/Resources/lib/python3.11/pandas/tests/indexes/datetimes/__pycache__/test_indexing.cpython-311.pyc (deflated 67%)
  adding: Excelerate.app/Contents/Resources/lib/python3.11/pandas/tests/indexes/datetimes/__pycache__/test_iter.cpython-311.pyc (deflated 54%)
  adding: Excelerate.app/Contents/Resources/lib/python3.11/pandas/tests/indexes/datetimes/__pycache__/test_ops.cpython-311.pyc (deflated 54%)
  adding: Excelerate.app/Contents/Resources/lib/python3.11/pandas/tests/indexes/datetimes/__pycache__/test_setops.cpython-311.pyc (deflated 67%)
  adding: Excelerate.app/Contents/Resources/lib/python3.11/pandas/tests/indexes/datetimes/__pycache__/test_datetime.cpython-311.pyc (deflated 58%)
  adding: Excelerate.app/Contents/Resources/lib/python3.11/pandas/tests/indexes/datetimes/__pycache__/test_npfuncs.cpython-311.pyc (deflated 39%)
  adding: Excelerate.app/Contents/Resources/lib/python3.11/pandas/tests/indexes/datetimes/__pycache__/test_timezones.cpython-311.pyc (deflated 58%)
  adding: Excelerate.app/Contents/Resources/lib/python3.11/pandas/tests/indexes/datetimes/__pycache__/test_constructors.cpython-311.pyc (deflated 69%)
  adding: Excelerate.app/Contents/Resources/lib/python3.11/pandas/tests/indexes/datetimes/__pycache__/test_formats.cpython-311.pyc (deflated 65%)
  adding: Excelerate.app/Contents/Resources/lib/python3.11/pandas/tests/indexes/datetimes/__pycache__/test_join.cpython-311.pyc (deflated 59%)
  adding: Excelerate.app/Contents/Resources/lib/python3.11/pandas/tests/indexes/datetimes/__pycache__/test_pickle.cpython-311.pyc (deflated 53%)
  adding: Excelerate.app/Contents/Resources/lib/python3.11/pandas/tests/indexes/datetimes/__pycache__/test_freq_attr.cpython-311.pyc (deflated 51%)
  adding: Excelerate.app/Contents/Resources/lib/python3.11/pandas/tests/indexes/datetimes/__pycache__/test_date_range.cpython-311.pyc (deflated 69%)
  adding: Excelerate.app/Contents/Resources/lib/python3.11/pandas/tests/indexes/datetimes/__pycache__/test_reindex.cpython-311.pyc (deflated 54%)
  adding: Excelerate.app/Contents/Resources/lib/python3.11/pandas/tests/indexes/datetimes/__pycache__/test_partial_slicing.cpython-311.pyc (deflated 65%)
  adding: Excelerate.app/Contents/Resources/lib/python3.11/pandas/tests/indexes/datetimes/__pycache__/test_scalar_compat.cpython-311.pyc (deflated 63%)
  adding: Excelerate.app/Contents/Resources/lib/python3.11/pandas/tests/indexes/datetimes/__pycache__/__init__.cpython-311.pyc (deflated 20%)
  adding: Excelerate.app/Contents/Resources/lib/python3.11/pandas/tests/indexes/datetimes/test_scalar_compat.py (deflated 75%)
  adding: Excelerate.app/Contents/Resources/lib/python3.11/pandas/tests/indexes/datetimes/test_indexing.py (deflated 80%)
  adding: Excelerate.app/Contents/Resources/lib/python3.11/pandas/tests/indexes/datetimes/test_formats.py (deflated 81%)
  adding: Excelerate.app/Contents/Resources/lib/python3.11/pandas/tests/indexes/datetimes/test_setops.py (deflated 81%)
  adding: Excelerate.app/Contents/Resources/lib/python3.11/pandas/tests/indexes/datetimes/test_datetime.py (deflated 72%)
  adding: Excelerate.app/Contents/Resources/lib/python3.11/pandas/tests/indexes/datetimes/test_partial_slicing.py (deflated 78%)
  adding: Excelerate.app/Contents/Resources/lib/python3.11/pandas/tests/indexes/datetimes/test_npfuncs.py (deflated 37%)
  adding: Excelerate.app/Contents/Resources/lib/python3.11/pandas/tests/indexes/datetimes/test_ops.py (deflated 63%)
  adding: Excelerate.app/Contents/Resources/lib/python3.11/pandas/tests/indexes/datetimes/test_arithmetic.py (deflated 61%)
  adding: Excelerate.app/Contents/Resources/lib/python3.11/pandas/tests/indexes/datetimes/test_reindex.py (deflated 70%)
  adding: Excelerate.app/Contents/Resources/lib/python3.11/pandas/tests/indexes/timedeltas/ (stored 0%)
  adding: Excelerate.app/Contents/Resources/lib/python3.11/pandas/tests/indexes/timedeltas/test_searchsorted.py (deflated 55%)
  adding: Excelerate.app/Contents/Resources/lib/python3.11/pandas/tests/indexes/timedeltas/methods/ (stored 0%)
  adding: Excelerate.app/Contents/Resources/lib/python3.11/pandas/tests/indexes/timedeltas/methods/test_repeat.py (deflated 69%)
  adding: Excelerate.app/Contents/Resources/lib/python3.11/pandas/tests/indexes/timedeltas/methods/test_shift.py (deflated 78%)
  adding: Excelerate.app/Contents/Resources/lib/python3.11/pandas/tests/indexes/timedeltas/methods/test_insert.py (deflated 76%)
  adding: Excelerate.app/Contents/Resources/lib/python3.11/pandas/tests/indexes/timedeltas/methods/test_factorize.py (deflated 72%)
  adding: Excelerate.app/Contents/Resources/lib/python3.11/pandas/tests/indexes/timedeltas/methods/__init__.py (stored 0%)
  adding: Excelerate.app/Contents/Resources/lib/python3.11/pandas/tests/indexes/timedeltas/methods/__pycache__/ (stored 0%)
  adding: Excelerate.app/Contents/Resources/lib/python3.11/pandas/tests/indexes/timedeltas/methods/__pycache__/test_repeat.cpython-311.pyc (deflated 50%)
  adding: Excelerate.app/Contents/Resources/lib/python3.11/pandas/tests/indexes/timedeltas/methods/__pycache__/test_shift.cpython-311.pyc (deflated 64%)
  adding: Excelerate.app/Contents/Resources/lib/python3.11/pandas/tests/indexes/timedeltas/methods/__pycache__/test_fillna.cpython-311.pyc (deflated 49%)
  adding: Excelerate.app/Contents/Resources/lib/python3.11/pandas/tests/indexes/timedeltas/methods/__pycache__/test_factorize.cpython-311.pyc (deflated 58%)
  adding: Excelerate.app/Contents/Resources/lib/python3.11/pandas/tests/indexes/timedeltas/methods/__pycache__/test_astype.cpython-311.pyc (deflated 63%)
  adding: Excelerate.app/Contents/Resources/lib/python3.11/pandas/tests/indexes/timedeltas/methods/__pycache__/__init__.cpython-311.pyc (deflated 21%)
  adding: Excelerate.app/Contents/Resources/lib/python3.11/pandas/tests/indexes/timedeltas/methods/__pycache__/test_insert.cpython-311.pyc (deflated 61%)
  adding: Excelerate.app/Contents/Resources/lib/python3.11/pandas/tests/indexes/timedeltas/methods/test_astype.py (deflated 77%)
  adding: Excelerate.app/Contents/Resources/lib/python3.11/pandas/tests/indexes/timedeltas/methods/test_fillna.py (deflated 59%)
  adding: Excelerate.app/Contents/Resources/lib/python3.11/pandas/tests/indexes/timedeltas/test_freq_attr.py (deflated 66%)
  adding: Excelerate.app/Contents/Resources/lib/python3.11/pandas/tests/indexes/timedeltas/test_constructors.py (deflated 77%)
  adding: Excelerate.app/Contents/Resources/lib/python3.11/pandas/tests/indexes/timedeltas/test_pickle.py (deflated 38%)
  adding: Excelerate.app/Contents/Resources/lib/python3.11/pandas/tests/indexes/timedeltas/test_join.py (deflated 63%)
  adding: Excelerate.app/Contents/Resources/lib/python3.11/pandas/tests/indexes/timedeltas/__init__.py (stored 0%)
  adding: Excelerate.app/Contents/Resources/lib/python3.11/pandas/tests/indexes/timedeltas/__pycache__/ (stored 0%)
  adding: Excelerate.app/Contents/Resources/lib/python3.11/pandas/tests/indexes/timedeltas/__pycache__/test_arithmetic.cpython-311.pyc (deflated 49%)
  adding: Excelerate.app/Contents/Resources/lib/python3.11/pandas/tests/indexes/timedeltas/__pycache__/test_indexing.cpython-311.pyc (deflated 66%)
  adding: Excelerate.app/Contents/Resources/lib/python3.11/pandas/tests/indexes/timedeltas/__pycache__/test_searchsorted.cpython-311.pyc (deflated 47%)
  adding: Excelerate.app/Contents/Resources/lib/python3.11/pandas/tests/indexes/timedeltas/__pycache__/test_ops.cpython-311.pyc (deflated 42%)
  adding: Excelerate.app/Contents/Resources/lib/python3.11/pandas/tests/indexes/timedeltas/__pycache__/test_setops.cpython-311.pyc (deflated 66%)
  adding: Excelerate.app/Contents/Resources/lib/python3.11/pandas/tests/indexes/timedeltas/__pycache__/test_delete.cpython-311.pyc (deflated 57%)
  adding: Excelerate.app/Contents/Resources/lib/python3.11/pandas/tests/indexes/timedeltas/__pycache__/test_timedelta.cpython-311.pyc (deflated 54%)
  adding: Excelerate.app/Contents/Resources/lib/python3.11/pandas/tests/indexes/timedeltas/__pycache__/test_constructors.cpython-311.pyc (deflated 66%)
  adding: Excelerate.app/Contents/Resources/lib/python3.11/pandas/tests/indexes/timedeltas/__pycache__/test_formats.cpython-311.pyc (deflated 62%)
  adding: Excelerate.app/Contents/Resources/lib/python3.11/pandas/tests/indexes/timedeltas/__pycache__/test_join.cpython-311.pyc (deflated 53%)
  adding: Excelerate.app/Contents/Resources/lib/python3.11/pandas/tests/indexes/timedeltas/__pycache__/test_pickle.cpython-311.pyc (deflated 42%)
  adding: Excelerate.app/Contents/Resources/lib/python3.11/pandas/tests/indexes/timedeltas/__pycache__/test_freq_attr.cpython-311.pyc (deflated 56%)
  adding: Excelerate.app/Contents/Resources/lib/python3.11/pandas/tests/indexes/timedeltas/__pycache__/test_scalar_compat.cpython-311.pyc (deflated 58%)
  adding: Excelerate.app/Contents/Resources/lib/python3.11/pandas/tests/indexes/timedeltas/__pycache__/test_timedelta_range.cpython-311.pyc (deflated 61%)
  adding: Excelerate.app/Contents/Resources/lib/python3.11/pandas/tests/indexes/timedeltas/__pycache__/__init__.cpython-311.pyc (deflated 20%)
  adding: Excelerate.app/Contents/Resources/lib/python3.11/pandas/tests/indexes/timedeltas/test_timedelta.py (deflated 65%)
  adding: Excelerate.app/Contents/Resources/lib/python3.11/pandas/tests/indexes/timedeltas/test_scalar_compat.py (deflated 73%)
  adding: Excelerate.app/Contents/Resources/lib/python3.11/pandas/tests/indexes/timedeltas/test_indexing.py (deflated 78%)
  adding: Excelerate.app/Contents/Resources/lib/python3.11/pandas/tests/indexes/timedeltas/test_delete.py (deflated 74%)
  adding: Excelerate.app/Contents/Resources/lib/python3.11/pandas/tests/indexes/timedeltas/test_formats.py (deflated 79%)
  adding: Excelerate.app/Contents/Resources/lib/python3.11/pandas/tests/indexes/timedeltas/test_setops.py (deflated 79%)
  adding: Excelerate.app/Contents/Resources/lib/python3.11/pandas/tests/indexes/timedeltas/test_ops.py (deflated 47%)
  adding: Excelerate.app/Contents/Resources/lib/python3.11/pandas/tests/indexes/timedeltas/test_arithmetic.py (deflated 63%)
  adding: Excelerate.app/Contents/Resources/lib/python3.11/pandas/tests/indexes/timedeltas/test_timedelta_range.py (deflated 76%)
  adding: Excelerate.app/Contents/Resources/lib/python3.11/pandas/tests/indexes/test_index_new.py (deflated 78%)
  adding: Excelerate.app/Contents/Resources/lib/python3.11/pandas/tests/indexes/test_base.py (deflated 79%)
  adding: Excelerate.app/Contents/Resources/lib/python3.11/pandas/tests/indexes/datetimelike_/ (stored 0%)
  adding: Excelerate.app/Contents/Resources/lib/python3.11/pandas/tests/indexes/datetimelike_/test_value_counts.py (deflated 77%)
  adding: Excelerate.app/Contents/Resources/lib/python3.11/pandas/tests/indexes/datetimelike_/test_nat.py (deflated 68%)
  adding: Excelerate.app/Contents/Resources/lib/python3.11/pandas/tests/indexes/datetimelike_/test_sort_values.py (deflated 84%)
  adding: Excelerate.app/Contents/Resources/lib/python3.11/pandas/tests/indexes/datetimelike_/test_drop_duplicates.py (deflated 71%)
  adding: Excelerate.app/Contents/Resources/lib/python3.11/pandas/tests/indexes/datetimelike_/__init__.py (stored 0%)
  adding: Excelerate.app/Contents/Resources/lib/python3.11/pandas/tests/indexes/datetimelike_/__pycache__/ (stored 0%)
  adding: Excelerate.app/Contents/Resources/lib/python3.11/pandas/tests/indexes/datetimelike_/__pycache__/test_nat.cpython-311.pyc (deflated 56%)
  adding: Excelerate.app/Contents/Resources/lib/python3.11/pandas/tests/indexes/datetimelike_/__pycache__/test_indexing.cpython-311.pyc (deflated 49%)
  adding: Excelerate.app/Contents/Resources/lib/python3.11/pandas/tests/indexes/datetimelike_/__pycache__/test_value_counts.cpython-311.pyc (deflated 60%)
  adding: Excelerate.app/Contents/Resources/lib/python3.11/pandas/tests/indexes/datetimelike_/__pycache__/test_drop_duplicates.cpython-311.pyc (deflated 57%)
  adding: Excelerate.app/Contents/Resources/lib/python3.11/pandas/tests/indexes/datetimelike_/__pycache__/test_sort_values.cpython-311.pyc (deflated 66%)
  adding: Excelerate.app/Contents/Resources/lib/python3.11/pandas/tests/indexes/datetimelike_/__pycache__/test_equals.cpython-311.pyc (deflated 75%)
  adding: Excelerate.app/Contents/Resources/lib/python3.11/pandas/tests/indexes/datetimelike_/__pycache__/test_is_monotonic.cpython-311.pyc (deflated 58%)
  adding: Excelerate.app/Contents/Resources/lib/python3.11/pandas/tests/indexes/datetimelike_/__pycache__/__init__.cpython-311.pyc (deflated 20%)
  adding: Excelerate.app/Contents/Resources/lib/python3.11/pandas/tests/indexes/datetimelike_/test_equals.py (deflated 82%)
  adding: Excelerate.app/Contents/Resources/lib/python3.11/pandas/tests/indexes/datetimelike_/test_indexing.py (deflated 61%)
  adding: Excelerate.app/Contents/Resources/lib/python3.11/pandas/tests/indexes/datetimelike_/test_is_monotonic.py (deflated 72%)
  adding: Excelerate.app/Contents/Resources/lib/python3.11/pandas/tests/indexes/test_numpy_compat.py (deflated 73%)
  adding: Excelerate.app/Contents/Resources/lib/python3.11/pandas/__init__.py (deflated 64%)
  adding: Excelerate.app/Contents/Resources/lib/python3.11/pandas/_testing/ (stored 0%)
  adding: Excelerate.app/Contents/Resources/lib/python3.11/pandas/_testing/_hypothesis.py (deflated 68%)
  adding: Excelerate.app/Contents/Resources/lib/python3.11/pandas/_testing/compat.py (deflated 48%)
  adding: Excelerate.app/Contents/Resources/lib/python3.11/pandas/_testing/_io.py (deflated 71%)
  adding: Excelerate.app/Contents/Resources/lib/python3.11/pandas/_testing/__init__.py (deflated 72%)
  adding: Excelerate.app/Contents/Resources/lib/python3.11/pandas/_testing/_warnings.py (deflated 71%)
  adding: Excelerate.app/Contents/Resources/lib/python3.11/pandas/_testing/__pycache__/ (stored 0%)
  adding: Excelerate.app/Contents/Resources/lib/python3.11/pandas/_testing/__pycache__/_warnings.cpython-311.pyc (deflated 53%)
  adding: Excelerate.app/Contents/Resources/lib/python3.11/pandas/_testing/__pycache__/_io.cpython-311.pyc (deflated 56%)
  adding: Excelerate.app/Contents/Resources/lib/python3.11/pandas/_testing/__pycache__/compat.cpython-311.pyc (deflated 38%)
  adding: Excelerate.app/Contents/Resources/lib/python3.11/pandas/_testing/__pycache__/contexts.cpython-311.pyc (deflated 52%)
  adding: Excelerate.app/Contents/Resources/lib/python3.11/pandas/_testing/__pycache__/_hypothesis.cpython-311.pyc (deflated 53%)
  adding: Excelerate.app/Contents/Resources/lib/python3.11/pandas/_testing/__pycache__/asserters.cpython-311.pyc (deflated 64%)
  adding: Excelerate.app/Contents/Resources/lib/python3.11/pandas/_testing/__pycache__/__init__.cpython-311.pyc (deflated 56%)
  adding: Excelerate.app/Contents/Resources/lib/python3.11/pandas/_testing/asserters.py (deflated 80%)
  adding: Excelerate.app/Contents/Resources/lib/python3.11/pandas/_testing/contexts.py (deflated 66%)
  adding: Excelerate.app/Contents/Resources/lib/python3.11/pandas/__pycache__/ (stored 0%)
  adding: Excelerate.app/Contents/Resources/lib/python3.11/pandas/__pycache__/_typing.cpython-311.pyc (deflated 55%)
  adding: Excelerate.app/Contents/Resources/lib/python3.11/pandas/__pycache__/testing.cpython-311.pyc (deflated 36%)
  adding: Excelerate.app/Contents/Resources/lib/python3.11/pandas/__pycache__/conftest.cpython-311.pyc (deflated 66%)
  adding: Excelerate.app/Contents/Resources/lib/python3.11/pandas/__pycache__/_version.cpython-311.pyc (deflated 55%)
  adding: Excelerate.app/Contents/Resources/lib/python3.11/pandas/__pycache__/_version_meson.cpython-311.pyc (deflated 16%)
  adding: Excelerate.app/Contents/Resources/lib/python3.11/pandas/__pycache__/__init__.cpython-311.pyc (deflated 52%)
  adding: Excelerate.app/Contents/Resources/lib/python3.11/pandas/_libs/ (stored 0%)
  adding: Excelerate.app/Contents/Resources/lib/python3.11/pandas/_libs/index.cpython-311-darwin.so (deflated 70%)
  adding: Excelerate.app/Contents/Resources/lib/python3.11/pandas/_libs/algos.cpython-311-darwin.so (deflated 70%)
  adding: Excelerate.app/Contents/Resources/lib/python3.11/pandas/_libs/writers.pyi (deflated 50%)
  adding: Excelerate.app/Contents/Resources/lib/python3.11/pandas/_libs/tslib.cpython-311-darwin.so (deflated 61%)
  adding: Excelerate.app/Contents/Resources/lib/python3.11/pandas/_libs/lib.pyi (deflated 76%)
  adding: Excelerate.app/Contents/Resources/lib/python3.11/pandas/_libs/json.cpython-311-darwin.so (deflated 76%)
  adding: Excelerate.app/Contents/Resources/lib/python3.11/pandas/_libs/indexing.pyi (deflated 45%)
  adding: Excelerate.app/Contents/Resources/lib/python3.11/pandas/_libs/hashtable.cpython-311-darwin.so (deflated 68%)
  adding: Excelerate.app/Contents/Resources/lib/python3.11/pandas/_libs/ops_dispatch.pyi (deflated 17%)
  adding: Excelerate.app/Contents/Resources/lib/python3.11/pandas/_libs/groupby.cpython-311-darwin.so (deflated 71%)
  adding: Excelerate.app/Contents/Resources/lib/python3.11/pandas/_libs/reshape.pyi (deflated 50%)
  adding: Excelerate.app/Contents/Resources/lib/python3.11/pandas/_libs/missing.pyi (deflated 54%)
  adding: Excelerate.app/Contents/Resources/lib/python3.11/pandas/_libs/ops.cpython-311-darwin.so (deflated 62%)
  adding: Excelerate.app/Contents/Resources/lib/python3.11/pandas/_libs/parsers.cpython-311-darwin.so (deflated 59%)
  adding: Excelerate.app/Contents/Resources/lib/python3.11/pandas/_libs/indexing.cpython-311-darwin.so (deflated 76%)
  adding: Excelerate.app/Contents/Resources/lib/python3.11/pandas/_libs/missing.cpython-311-darwin.so (deflated 65%)
  adding: Excelerate.app/Contents/Resources/lib/python3.11/pandas/_libs/hashing.cpython-311-darwin.so (deflated 63%)
  adding: Excelerate.app/Contents/Resources/lib/python3.11/pandas/_libs/algos.pyi (deflated 92%)
  adding: Excelerate.app/Contents/Resources/lib/python3.11/pandas/_libs/groupby.pyi (deflated 87%)
  adding: Excelerate.app/Contents/Resources/lib/python3.11/pandas/_libs/tslib.pyi (deflated 63%)
  adding: Excelerate.app/Contents/Resources/lib/python3.11/pandas/_libs/__init__.py (deflated 54%)
  adding: Excelerate.app/Contents/Resources/lib/python3.11/pandas/_libs/ops.pyi (deflated 70%)
  adding: Excelerate.app/Contents/Resources/lib/python3.11/pandas/_libs/internals.pyi (deflated 70%)
  adding: Excelerate.app/Contents/Resources/lib/python3.11/pandas/_libs/sparse.cpython-311-darwin.so (deflated 68%)
  adding: Excelerate.app/Contents/Resources/lib/python3.11/pandas/_libs/__pycache__/ (stored 0%)
  adding: Excelerate.app/Contents/Resources/lib/python3.11/pandas/_libs/__pycache__/__init__.cpython-311.pyc (deflated 43%)
  adding: Excelerate.app/Contents/Resources/lib/python3.11/pandas/_libs/arrays.cpython-311-darwin.so (deflated 69%)
  adding: Excelerate.app/Contents/Resources/lib/python3.11/pandas/_libs/parsers.pyi (deflated 64%)
  adding: Excelerate.app/Contents/Resources/lib/python3.11/pandas/_libs/sas.cpython-311-darwin.so (deflated 61%)
  adding: Excelerate.app/Contents/Resources/lib/python3.11/pandas/_libs/reshape.cpython-311-darwin.so (deflated 65%)
  adding: Excelerate.app/Contents/Resources/lib/python3.11/pandas/_libs/sas.pyi (deflated 33%)
  adding: Excelerate.app/Contents/Resources/lib/python3.11/pandas/_libs/interval.pyi (deflated 83%)
  adding: Excelerate.app/Contents/Resources/lib/python3.11/pandas/_libs/json.pyi (deflated 52%)
  adding: Excelerate.app/Contents/Resources/lib/python3.11/pandas/_libs/sparse.pyi (deflated 68%)
  adding: Excelerate.app/Contents/Resources/lib/python3.11/pandas/_libs/index.pyi (deflated 80%)
  adding: Excelerate.app/Contents/Resources/lib/python3.11/pandas/_libs/join.cpython-311-darwin.so (deflated 71%)
  adding: Excelerate.app/Contents/Resources/lib/python3.11/pandas/_libs/testing.cpython-311-darwin.so (deflated 71%)
  adding: Excelerate.app/Contents/Resources/lib/python3.11/pandas/_libs/lib.cpython-311-darwin.so (deflated 63%)
  adding: Excelerate.app/Contents/Resources/lib/python3.11/pandas/_libs/window/ (stored 0%)
  adding: Excelerate.app/Contents/Resources/lib/python3.11/pandas/_libs/window/indexers.cpython-311-darwin.so (deflated 63%)
  adding: Excelerate.app/Contents/Resources/lib/python3.11/pandas/_libs/window/aggregations.cpython-311-darwin.so (deflated 61%)
  adding: Excelerate.app/Contents/Resources/lib/python3.11/pandas/_libs/window/__init__.py (stored 0%)
  adding: Excelerate.app/Contents/Resources/lib/python3.11/pandas/_libs/window/__pycache__/ (stored 0%)
  adding: Excelerate.app/Contents/Resources/lib/python3.11/pandas/_libs/window/__pycache__/__init__.cpython-311.pyc (deflated 18%)
  adding: Excelerate.app/Contents/Resources/lib/python3.11/pandas/_libs/window/indexers.pyi (deflated 37%)
  adding: Excelerate.app/Contents/Resources/lib/python3.11/pandas/_libs/window/aggregations.pyi (deflated 85%)
  adding: Excelerate.app/Contents/Resources/lib/python3.11/pandas/_libs/testing.pyi (deflated 46%)
  adding: Excelerate.app/Contents/Resources/lib/python3.11/pandas/_libs/internals.cpython-311-darwin.so (deflated 62%)
  adding: Excelerate.app/Contents/Resources/lib/python3.11/pandas/_libs/pandas_parser.cpython-311-darwin.so (deflated 79%)
  adding: Excelerate.app/Contents/Resources/lib/python3.11/pandas/_libs/join.pyi (deflated 86%)
  adding: Excelerate.app/Contents/Resources/lib/python3.11/pandas/_libs/hashing.pyi (deflated 27%)
  adding: Excelerate.app/Contents/Resources/lib/python3.11/pandas/_libs/byteswap.cpython-311-darwin.so (deflated 79%)
  adding: Excelerate.app/Contents/Resources/lib/python3.11/pandas/_libs/tslibs/ (stored 0%)
  adding: Excelerate.app/Contents/Resources/lib/python3.11/pandas/_libs/tslibs/strptime.cpython-311-darwin.so (deflated 60%)
  adding: Excelerate.app/Contents/Resources/lib/python3.11/pandas/_libs/tslibs/offsets.pyi (deflated 81%)
  adding: Excelerate.app/Contents/Resources/lib/python3.11/pandas/_libs/tslibs/dtypes.cpython-311-darwin.so (deflated 68%)
  adding: Excelerate.app/Contents/Resources/lib/python3.11/pandas/_libs/tslibs/vectorized.cpython-311-darwin.so (deflated 64%)
  adding: Excelerate.app/Contents/Resources/lib/python3.11/pandas/_libs/tslibs/tzconversion.pyi (deflated 48%)
  adding: Excelerate.app/Contents/Resources/lib/python3.11/pandas/_libs/tslibs/base.cpython-311-darwin.so (deflated 77%)
  adding: Excelerate.app/Contents/Resources/lib/python3.11/pandas/_libs/tslibs/parsing.cpython-311-darwin.so (deflated 60%)
  adding: Excelerate.app/Contents/Resources/lib/python3.11/pandas/_libs/tslibs/timedeltas.pyi (deflated 73%)
  adding: Excelerate.app/Contents/Resources/lib/python3.11/pandas/_libs/tslibs/parsing.pyi (deflated 60%)
  adding: Excelerate.app/Contents/Resources/lib/python3.11/pandas/_libs/tslibs/timestamps.cpython-311-darwin.so (deflated 65%)
  adding: Excelerate.app/Contents/Resources/lib/python3.11/pandas/_libs/tslibs/dtypes.pyi (deflated 68%)
  adding: Excelerate.app/Contents/Resources/lib/python3.11/pandas/_libs/tslibs/timezones.pyi (deflated 57%)
  adding: Excelerate.app/Contents/Resources/lib/python3.11/pandas/_libs/tslibs/np_datetime.pyi (deflated 57%)
  adding: Excelerate.app/Contents/Resources/lib/python3.11/pandas/_libs/tslibs/vectorized.pyi (deflated 67%)
  adding: Excelerate.app/Contents/Resources/lib/python3.11/pandas/_libs/tslibs/strptime.pyi (deflated 36%)
  adding: Excelerate.app/Contents/Resources/lib/python3.11/pandas/_libs/tslibs/np_datetime.cpython-311-darwin.so (deflated 66%)
  adding: Excelerate.app/Contents/Resources/lib/python3.11/pandas/_libs/tslibs/period.pyi (deflated 73%)
  adding: Excelerate.app/Contents/Resources/lib/python3.11/pandas/_libs/tslibs/timestamps.pyi (deflated 78%)
  adding: Excelerate.app/Contents/Resources/lib/python3.11/pandas/_libs/tslibs/__init__.py (deflated 72%)
  adding: Excelerate.app/Contents/Resources/lib/python3.11/pandas/_libs/tslibs/__pycache__/ (stored 0%)
  adding: Excelerate.app/Contents/Resources/lib/python3.11/pandas/_libs/tslibs/__pycache__/__init__.cpython-311.pyc (deflated 58%)
  adding: Excelerate.app/Contents/Resources/lib/python3.11/pandas/_libs/tslibs/timezones.cpython-311-darwin.so (deflated 63%)
  adding: Excelerate.app/Contents/Resources/lib/python3.11/pandas/_libs/tslibs/period.cpython-311-darwin.so (deflated 62%)
  adding: Excelerate.app/Contents/Resources/lib/python3.11/pandas/_libs/tslibs/conversion.cpython-311-darwin.so (deflated 62%)
  adding: Excelerate.app/Contents/Resources/lib/python3.11/pandas/_libs/tslibs/nattype.cpython-311-darwin.so (deflated 70%)
  adding: Excelerate.app/Contents/Resources/lib/python3.11/pandas/_libs/tslibs/fields.cpython-311-darwin.so (deflated 62%)
  adding: Excelerate.app/Contents/Resources/lib/python3.11/pandas/_libs/tslibs/ccalendar.pyi (deflated 63%)
  adding: Excelerate.app/Contents/Resources/lib/python3.11/pandas/_libs/tslibs/tzconversion.cpython-311-darwin.so (deflated 61%)
  adding: Excelerate.app/Contents/Resources/lib/python3.11/pandas/_libs/tslibs/fields.pyi (deflated 74%)
  adding: Excelerate.app/Contents/Resources/lib/python3.11/pandas/_libs/tslibs/nattype.pyi (deflated 80%)
  adding: Excelerate.app/Contents/Resources/lib/python3.11/pandas/_libs/tslibs/conversion.pyi (deflated 39%)
  adding: Excelerate.app/Contents/Resources/lib/python3.11/pandas/_libs/tslibs/offsets.cpython-311-darwin.so (deflated 64%)
  adding: Excelerate.app/Contents/Resources/lib/python3.11/pandas/_libs/tslibs/timedeltas.cpython-311-darwin.so (deflated 62%)
  adding: Excelerate.app/Contents/Resources/lib/python3.11/pandas/_libs/tslibs/ccalendar.cpython-311-darwin.so (deflated 76%)
  adding: Excelerate.app/Contents/Resources/lib/python3.11/pandas/_libs/properties.cpython-311-darwin.so (deflated 76%)
  adding: Excelerate.app/Contents/Resources/lib/python3.11/pandas/_libs/hashtable.pyi (deflated 82%)
  adding: Excelerate.app/Contents/Resources/lib/python3.11/pandas/_libs/ops_dispatch.cpython-311-darwin.so (deflated 77%)
  adding: Excelerate.app/Contents/Resources/lib/python3.11/pandas/_libs/byteswap.pyi (deflated 75%)
  adding: Excelerate.app/Contents/Resources/lib/python3.11/pandas/_libs/pandas_datetime.cpython-311-darwin.so (deflated 80%)
  adding: Excelerate.app/Contents/Resources/lib/python3.11/pandas/_libs/writers.cpython-311-darwin.so (deflated 63%)
  adding: Excelerate.app/Contents/Resources/lib/python3.11/pandas/_libs/interval.cpython-311-darwin.so (deflated 67%)
  adding: Excelerate.app/Contents/Resources/lib/python3.11/pandas/_libs/arrays.pyi (deflated 63%)
  adding: Excelerate.app/Contents/Resources/lib/python3.11/pandas/_libs/properties.pyi (deflated 52%)
  adding: Excelerate.app/Contents/Resources/lib/python3.11/pandas/plotting/ (stored 0%)
  adding: Excelerate.app/Contents/Resources/lib/python3.11/pandas/plotting/__init__.py (deflated 60%)
  adding: Excelerate.app/Contents/Resources/lib/python3.11/pandas/plotting/__pycache__/ (stored 0%)
  adding: Excelerate.app/Contents/Resources/lib/python3.11/pandas/plotting/__pycache__/_core.cpython-311.pyc (deflated 69%)
  adding: Excelerate.app/Contents/Resources/lib/python3.11/pandas/plotting/__pycache__/_misc.cpython-311.pyc (deflated 66%)
  adding: Excelerate.app/Contents/Resources/lib/python3.11/pandas/plotting/__pycache__/__init__.cpython-311.pyc (deflated 54%)
  adding: Excelerate.app/Contents/Resources/lib/python3.11/pandas/plotting/_core.py (deflated 77%)
  adding: Excelerate.app/Contents/Resources/lib/python3.11/pandas/plotting/_matplotlib/ (stored 0%)
  adding: Excelerate.app/Contents/Resources/lib/python3.11/pandas/plotting/_matplotlib/misc.py (deflated 71%)
  adding: Excelerate.app/Contents/Resources/lib/python3.11/pandas/plotting/_matplotlib/hist.py (deflated 73%)
  adding: Excelerate.app/Contents/Resources/lib/python3.11/pandas/plotting/_matplotlib/boxplot.py (deflated 71%)
  adding: Excelerate.app/Contents/Resources/lib/python3.11/pandas/plotting/_matplotlib/style.py (deflated 72%)
  adding: Excelerate.app/Contents/Resources/lib/python3.11/pandas/plotting/_matplotlib/tools.py (deflated 68%)
  adding: Excelerate.app/Contents/Resources/lib/python3.11/pandas/plotting/_matplotlib/converter.py (deflated 77%)
  adding: Excelerate.app/Contents/Resources/lib/python3.11/pandas/plotting/_matplotlib/__init__.py (deflated 62%)
  adding: Excelerate.app/Contents/Resources/lib/python3.11/pandas/plotting/_matplotlib/core.py (deflated 76%)
  adding: Excelerate.app/Contents/Resources/lib/python3.11/pandas/plotting/_matplotlib/__pycache__/ (stored 0%)
  adding: Excelerate.app/Contents/Resources/lib/python3.11/pandas/plotting/_matplotlib/__pycache__/groupby.cpython-311.pyc (deflated 50%)
  adding: Excelerate.app/Contents/Resources/lib/python3.11/pandas/plotting/_matplotlib/__pycache__/core.cpython-311.pyc (deflated 59%)
  adding: Excelerate.app/Contents/Resources/lib/python3.11/pandas/plotting/_matplotlib/__pycache__/converter.cpython-311.pyc (deflated 60%)
  adding: Excelerate.app/Contents/Resources/lib/python3.11/pandas/plotting/_matplotlib/__pycache__/style.cpython-311.pyc (deflated 59%)
  adding: Excelerate.app/Contents/Resources/lib/python3.11/pandas/plotting/_matplotlib/__pycache__/boxplot.cpython-311.pyc (deflated 54%)
  adding: Excelerate.app/Contents/Resources/lib/python3.11/pandas/plotting/_matplotlib/__pycache__/misc.cpython-311.pyc (deflated 58%)
  adding: Excelerate.app/Contents/Resources/lib/python3.11/pandas/plotting/_matplotlib/__pycache__/timeseries.cpython-311.pyc (deflated 53%)
  adding: Excelerate.app/Contents/Resources/lib/python3.11/pandas/plotting/_matplotlib/__pycache__/tools.cpython-311.pyc (deflated 53%)
  adding: Excelerate.app/Contents/Resources/lib/python3.11/pandas/plotting/_matplotlib/__pycache__/__init__.cpython-311.pyc (deflated 48%)
  adding: Excelerate.app/Contents/Resources/lib/python3.11/pandas/plotting/_matplotlib/__pycache__/hist.cpython-311.pyc (deflated 54%)
  adding: Excelerate.app/Contents/Resources/lib/python3.11/pandas/plotting/_matplotlib/groupby.py (deflated 61%)
  adding: Excelerate.app/Contents/Resources/lib/python3.11/pandas/plotting/_matplotlib/timeseries.py (deflated 70%)
  adding: Excelerate.app/Contents/Resources/lib/python3.11/pandas/plotting/_misc.py (deflated 73%)
  adding: Excelerate.app/Contents/Resources/lib/python3.11/pandas/arrays/ (stored 0%)
  adding: Excelerate.app/Contents/Resources/lib/python3.11/pandas/arrays/__init__.py (deflated 59%)
  adding: Excelerate.app/Contents/Resources/lib/python3.11/pandas/arrays/__pycache__/ (stored 0%)
  adding: Excelerate.app/Contents/Resources/lib/python3.11/pandas/arrays/__pycache__/__init__.cpython-311.pyc (deflated 41%)
  adding: Excelerate.app/Contents/Resources/lib/python3.11/pandas/api/ (stored 0%)
  adding: Excelerate.app/Contents/Resources/lib/python3.11/pandas/api/indexers/ (stored 0%)
  adding: Excelerate.app/Contents/Resources/lib/python3.11/pandas/api/indexers/__init__.py (deflated 51%)
  adding: Excelerate.app/Contents/Resources/lib/python3.11/pandas/api/indexers/__pycache__/ (stored 0%)
  adding: Excelerate.app/Contents/Resources/lib/python3.11/pandas/api/indexers/__pycache__/__init__.cpython-311.pyc (deflated 34%)
  adding: Excelerate.app/Contents/Resources/lib/python3.11/pandas/api/types/ (stored 0%)
  adding: Excelerate.app/Contents/Resources/lib/python3.11/pandas/api/types/__init__.py (deflated 55%)
  adding: Excelerate.app/Contents/Resources/lib/python3.11/pandas/api/types/__pycache__/ (stored 0%)
  adding: Excelerate.app/Contents/Resources/lib/python3.11/pandas/api/types/__pycache__/__init__.cpython-311.pyc (deflated 38%)
  adding: Excelerate.app/Contents/Resources/lib/python3.11/pandas/api/interchange/ (stored 0%)
  adding: Excelerate.app/Contents/Resources/lib/python3.11/pandas/api/interchange/__init__.py (deflated 46%)
  adding: Excelerate.app/Contents/Resources/lib/python3.11/pandas/api/interchange/__pycache__/ (stored 0%)
  adding: Excelerate.app/Contents/Resources/lib/python3.11/pandas/api/interchange/__pycache__/__init__.cpython-311.pyc (deflated 32%)
  adding: Excelerate.app/Contents/Resources/lib/python3.11/pandas/api/__init__.py (deflated 39%)
  adding: Excelerate.app/Contents/Resources/lib/python3.11/pandas/api/__pycache__/ (stored 0%)
  adding: Excelerate.app/Contents/Resources/lib/python3.11/pandas/api/__pycache__/__init__.cpython-311.pyc (deflated 33%)
  adding: Excelerate.app/Contents/Resources/lib/python3.11/pandas/api/extensions/ (stored 0%)
  adding: Excelerate.app/Contents/Resources/lib/python3.11/pandas/api/extensions/__init__.py (deflated 63%)
  adding: Excelerate.app/Contents/Resources/lib/python3.11/pandas/api/extensions/__pycache__/ (stored 0%)
  adding: Excelerate.app/Contents/Resources/lib/python3.11/pandas/api/extensions/__pycache__/__init__.cpython-311.pyc (deflated 45%)
  adding: Excelerate.app/Contents/Resources/lib/python3.11/pandas/api/typing/ (stored 0%)
  adding: Excelerate.app/Contents/Resources/lib/python3.11/pandas/api/typing/__init__.py (deflated 65%)
  adding: Excelerate.app/Contents/Resources/lib/python3.11/pandas/api/typing/__pycache__/ (stored 0%)
  adding: Excelerate.app/Contents/Resources/lib/python3.11/pandas/api/typing/__pycache__/__init__.cpython-311.pyc (deflated 49%)
  adding: Excelerate.app/Contents/Resources/lib/python3.11/pandas/_version_meson.py (deflated 13%)
  adding: Excelerate.app/Contents/Resources/lib/python3.11/pandas/errors/ (stored 0%)
  adding: Excelerate.app/Contents/Resources/lib/python3.11/pandas/errors/__init__.py (deflated 73%)
  adding: Excelerate.app/Contents/Resources/lib/python3.11/pandas/errors/__pycache__/ (stored 0%)
  adding: Excelerate.app/Contents/Resources/lib/python3.11/pandas/errors/__pycache__/__init__.cpython-311.pyc (deflated 70%)
  adding: Excelerate.app/Contents/Resources/lib/python3.11/pandas/testing.py (deflated 53%)
  adding: Excelerate.app/Contents/Resources/lib/python3.11/pandas/_config/ (stored 0%)
  adding: Excelerate.app/Contents/Resources/lib/python3.11/pandas/_config/config.py (deflated 70%)
  adding: Excelerate.app/Contents/Resources/lib/python3.11/pandas/_config/__init__.py (deflated 66%)
  adding: Excelerate.app/Contents/Resources/lib/python3.11/pandas/_config/__pycache__/ (stored 0%)
  adding: Excelerate.app/Contents/Resources/lib/python3.11/pandas/_config/__pycache__/display.cpython-311.pyc (deflated 43%)
  adding: Excelerate.app/Contents/Resources/lib/python3.11/pandas/_config/__pycache__/config.cpython-311.pyc (deflated 59%)
  adding: Excelerate.app/Contents/Resources/lib/python3.11/pandas/_config/__pycache__/dates.cpython-311.pyc (deflated 41%)
  adding: Excelerate.app/Contents/Resources/lib/python3.11/pandas/_config/__pycache__/localization.cpython-311.pyc (deflated 51%)
  adding: Excelerate.app/Contents/Resources/lib/python3.11/pandas/_config/__pycache__/__init__.cpython-311.pyc (deflated 52%)
  adding: Excelerate.app/Contents/Resources/lib/python3.11/pandas/_config/display.py (deflated 58%)
  adding: Excelerate.app/Contents/Resources/lib/python3.11/pandas/_config/localization.py (deflated 63%)
  adding: Excelerate.app/Contents/Resources/lib/python3.11/pandas/_config/dates.py (deflated 54%)
  adding: Excelerate.app/Contents/Resources/lib/tcl8.6/ (stored 0%)
  adding: Excelerate.app/Contents/Resources/lib/tcl8.6/home/ (stored 0%)
  adding: Excelerate.app/Contents/Resources/lib/tcl8.6/usr/ (stored 0%)
  adding: Excelerate.app/Contents/Resources/lib/tcl8.6/usr/bin/ (stored 0%)
  adding: Excelerate.app/Contents/Resources/lib/tcl8.6/usr/bin/ptargrep5.30 (deflated 58%)
  adding: Excelerate.app/Contents/Resources/lib/tcl8.6/usr/bin/uux (deflated 69%)
  adding: Excelerate.app/Contents/Resources/lib/tcl8.6/usr/bin/cpan (deflated 44%)
  adding: Excelerate.app/Contents/Resources/lib/tcl8.6/usr/bin/loads.d (deflated 55%)
  adding: Excelerate.app/Contents/Resources/lib/tcl8.6/usr/bin/htmltree5.30 (deflated 50%)
  adding: Excelerate.app/Contents/Resources/lib/tcl8.6/usr/bin/write (deflated 88%)
  adding: Excelerate.app/Contents/Resources/lib/tcl8.6/usr/bin/lwp-mirror5.30 (deflated 51%)
  adding: Excelerate.app/Contents/Resources/lib/tcl8.6/usr/bin/indent (deflated 90%)
  adding: Excelerate.app/Contents/Resources/lib/tcl8.6/usr/bin/bzip2recover (deflated 86%)
  adding: Excelerate.app/Contents/Resources/lib/tcl8.6/usr/bin/hdiutil (deflated 65%)
  adding: Excelerate.app/Contents/Resources/lib/tcl8.6/usr/bin/top (deflated 68%)
  adding: Excelerate.app/Contents/Resources/lib/tcl8.6/usr/bin/gktool (deflated 83%)
  adding: Excelerate.app/Contents/Resources/lib/tcl8.6/usr/bin/javah (deflated 88%)
  adding: Excelerate.app/Contents/Resources/lib/tcl8.6/usr/bin/tee (deflated 90%)
  adding: Excelerate.app/Contents/Resources/lib/tcl8.6/usr/bin/tidy_changelog (deflated 44%)
  adding: Excelerate.app/Contents/Resources/lib/tcl8.6/usr/bin/xip (deflated 87%)
  adding: Excelerate.app/Contents/Resources/lib/tcl8.6/usr/bin/yapp (deflated 44%)
  adding: Excelerate.app/Contents/Resources/lib/tcl8.6/usr/bin/wsimport (deflated 88%)
  adding: Excelerate.app/Contents/Resources/lib/tcl8.6/usr/bin/bzfgrep (deflated 81%)
  adding: Excelerate.app/Contents/Resources/lib/tcl8.6/usr/bin/qlmanage (deflated 69%)
  adding: Excelerate.app/Contents/Resources/lib/tcl8.6/usr/bin/snmptranslate (deflated 87%)
  adding: Excelerate.app/Contents/Resources/lib/tcl8.6/usr/bin/split (deflated 90%)
  adding: Excelerate.app/Contents/Resources/lib/tcl8.6/usr/bin/chsh (deflated 83%)
  adding: Excelerate.app/Contents/Resources/lib/tcl8.6/usr/bin/xml2man (deflated 90%)
  adding: Excelerate.app/Contents/Resources/lib/tcl8.6/usr/bin/pl2pm5.30 (deflated 53%)
  adding: Excelerate.app/Contents/Resources/lib/tcl8.6/usr/bin/man (deflated 68%)
  adding: Excelerate.app/Contents/Resources/lib/tcl8.6/usr/bin/lpoptions (deflated 86%)
  adding: Excelerate.app/Contents/Resources/lib/tcl8.6/usr/bin/tabs (deflated 88%)
  adding: Excelerate.app/Contents/Resources/lib/tcl8.6/usr/bin/rview (deflated 47%)
  adding: Excelerate.app/Contents/Resources/lib/tcl8.6/usr/bin/lsvfs (deflated 91%)
  adding: Excelerate.app/Contents/Resources/lib/tcl8.6/usr/bin/zgrep (deflated 81%)
  adding: Excelerate.app/Contents/Resources/lib/tcl8.6/usr/bin/dbiprof (deflated 44%)
  adding: Excelerate.app/Contents/Resources/lib/tcl8.6/usr/bin/zmore (deflated 43%)
  adding: Excelerate.app/Contents/Resources/lib/tcl8.6/usr/bin/pod2usage5.30 (deflated 56%)
  adding: Excelerate.app/Contents/Resources/lib/tcl8.6/usr/bin/gcov (deflated 90%)
  adding: Excelerate.app/Contents/Resources/lib/tcl8.6/usr/bin/parldyn5.34 (deflated 77%)
  adding: Excelerate.app/Contents/Resources/lib/tcl8.6/usr/bin/package-stash-conflicts5.30 (deflated 42%)
  adding: Excelerate.app/Contents/Resources/lib/tcl8.6/usr/bin/dbiprof5.30 (deflated 62%)
  adding: Excelerate.app/Contents/Resources/lib/tcl8.6/usr/bin/vim (deflated 47%)
  adding: Excelerate.app/Contents/Resources/lib/tcl8.6/usr/bin/mandoc_soelim (deflated 88%)
  adding: Excelerate.app/Contents/Resources/lib/tcl8.6/usr/bin/xjc (deflated 88%)
  adding: Excelerate.app/Contents/Resources/lib/tcl8.6/usr/bin/bzmore (deflated 49%)
  adding: Excelerate.app/Contents/Resources/lib/tcl8.6/usr/bin/dyld_info (deflated 65%)
  adding: Excelerate.app/Contents/Resources/lib/tcl8.6/usr/bin/package-stash-conflicts (deflated 44%)
  adding: Excelerate.app/Contents/Resources/lib/tcl8.6/usr/bin/cancel (deflated 88%)
  adding: Excelerate.app/Contents/Resources/lib/tcl8.6/usr/bin/apply (deflated 88%)
  adding: Excelerate.app/Contents/Resources/lib/tcl8.6/usr/bin/bzgrep (deflated 81%)
  adding: Excelerate.app/Contents/Resources/lib/tcl8.6/usr/bin/umask (deflated 7%)
  adding: Excelerate.app/Contents/Resources/lib/tcl8.6/usr/bin/g++ (deflated 90%)
  adding: Excelerate.app/Contents/Resources/lib/tcl8.6/usr/bin/libtool (deflated 90%)
  adding: Excelerate.app/Contents/Resources/lib/tcl8.6/usr/bin/findrule5.30 (deflated 54%)
  adding: Excelerate.app/Contents/Resources/lib/tcl8.6/usr/bin/ptar5.30 (deflated 55%)
  adding: Excelerate.app/Contents/Resources/lib/tcl8.6/usr/bin/unalias (deflated 7%)
  adding: Excelerate.app/Contents/Resources/lib/tcl8.6/usr/bin/h2xs5.30 (deflated 66%)
  adding: Excelerate.app/Contents/Resources/lib/tcl8.6/usr/bin/scandeps5.34.pl (deflated 57%)
  adding: Excelerate.app/Contents/Resources/lib/tcl8.6/usr/bin/mp2bug (deflated 43%)
  adding: Excelerate.app/Contents/Resources/lib/tcl8.6/usr/bin/viewdiagnostic (deflated 83%)
  adding: Excelerate.app/Contents/Resources/lib/tcl8.6/usr/bin/mkfifo (deflated 90%)
  adding: Excelerate.app/Contents/Resources/lib/tcl8.6/usr/bin/toe (deflated 86%)
  adding: Excelerate.app/Contents/Resources/lib/tcl8.6/usr/bin/hexdump (deflated 80%)
  adding: Excelerate.app/Contents/Resources/lib/tcl8.6/usr/bin/Rez (deflated 90%)
  adding: Excelerate.app/Contents/Resources/lib/tcl8.6/usr/bin/cap_mkdb (deflated 90%)
  adding: Excelerate.app/Contents/Resources/lib/tcl8.6/usr/bin/ictool (deflated 91%)
  adding: Excelerate.app/Contents/Resources/lib/tcl8.6/usr/bin/cmp (deflated 84%)
  adding: Excelerate.app/Contents/Resources/lib/tcl8.6/usr/bin/syscallbypid.d (deflated 43%)
  adding: Excelerate.app/Contents/Resources/lib/tcl8.6/usr/bin/snmpset (deflated 87%)
  adding: Excelerate.app/Contents/Resources/lib/tcl8.6/usr/bin/locate (deflated 87%)
  adding: Excelerate.app/Contents/Resources/lib/tcl8.6/usr/bin/trustcachectl (deflated 87%)
  adding: Excelerate.app/Contents/Resources/lib/tcl8.6/usr/bin/afconvert (deflated 68%)
  adding: Excelerate.app/Contents/Resources/lib/tcl8.6/usr/bin/afclip (deflated 78%)
  adding: Excelerate.app/Contents/Resources/lib/tcl8.6/usr/bin/tidy_changelog5.30 (deflated 52%)
  adding: Excelerate.app/Contents/Resources/lib/tcl8.6/usr/bin/bzegrep (deflated 81%)
  adding: Excelerate.app/Contents/Resources/lib/tcl8.6/usr/bin/instmodsh (deflated 44%)
  adding: Excelerate.app/Contents/Resources/lib/tcl8.6/usr/bin/extcheck (deflated 88%)
  adding: Excelerate.app/Contents/Resources/lib/tcl8.6/usr/bin/javapackager (deflated 88%)
  adding: Excelerate.app/Contents/Resources/lib/tcl8.6/usr/bin/pl (deflated 90%)
  adding: Excelerate.app/Contents/Resources/lib/tcl8.6/usr/bin/compress (deflated 86%)
  adding: Excelerate.app/Contents/Resources/lib/tcl8.6/usr/bin/fddist (deflated 53%)
  adding: Excelerate.app/Contents/Resources/lib/tcl8.6/usr/bin/db_upgrade (deflated 55%)
  adding: Excelerate.app/Contents/Resources/lib/tcl8.6/usr/bin/diagnose-fu (deflated 55%)
  adding: Excelerate.app/Contents/Resources/lib/tcl8.6/usr/bin/yamlpp-load-dump (deflated 44%)
  adding: Excelerate.app/Contents/Resources/lib/tcl8.6/usr/bin/ctags (deflated 90%)
  adding: Excelerate.app/Contents/Resources/lib/tcl8.6/usr/bin/zdiff (deflated 55%)
  adding: Excelerate.app/Contents/Resources/lib/tcl8.6/usr/bin/yamlpp-parse-emit (deflated 44%)
  adding: Excelerate.app/Contents/Resources/lib/tcl8.6/usr/bin/pathchk (deflated 89%)
  adding: Excelerate.app/Contents/Resources/lib/tcl8.6/usr/bin/mesg (deflated 91%)
  adding: Excelerate.app/Contents/Resources/lib/tcl8.6/usr/bin/setregion (deflated 88%)
  adding: Excelerate.app/Contents/Resources/lib/tcl8.6/usr/bin/perlivp (deflated 44%)
  adding: Excelerate.app/Contents/Resources/lib/tcl8.6/usr/bin/yamlpp-highlight5.30 (deflated 48%)
  adding: Excelerate.app/Contents/Resources/lib/tcl8.6/usr/bin/xpath5.30 (deflated 60%)
  adding: Excelerate.app/Contents/Resources/lib/tcl8.6/usr/bin/c++ (deflated 90%)
  adding: Excelerate.app/Contents/Resources/lib/tcl8.6/usr/bin/pod2readme (deflated 44%)
  adding: Excelerate.app/Contents/Resources/lib/tcl8.6/usr/bin/pp (deflated 44%)
  adding: Excelerate.app/Contents/Resources/lib/tcl8.6/usr/bin/vi (deflated 47%)
  adding: Excelerate.app/Contents/Resources/lib/tcl8.6/usr/bin/iofileb.d (deflated 44%)
  adding: Excelerate.app/Contents/Resources/lib/tcl8.6/usr/bin/errinfo (deflated 56%)
  adding: Excelerate.app/Contents/Resources/lib/tcl8.6/usr/bin/zipgrep (deflated 59%)
  adding: Excelerate.app/Contents/Resources/lib/tcl8.6/usr/bin/pod2usage (deflated 44%)
  adding: Excelerate.app/Contents/Resources/lib/tcl8.6/usr/bin/alias (deflated 7%)
  adding: Excelerate.app/Contents/Resources/lib/tcl8.6/usr/bin/wait (deflated 7%)
  adding: Excelerate.app/Contents/Resources/lib/tcl8.6/usr/bin/safaridriver (deflated 90%)
  adding: Excelerate.app/Contents/Resources/lib/tcl8.6/usr/bin/bzdiff (deflated 58%)
  adding: Excelerate.app/Contents/Resources/lib/tcl8.6/usr/bin/unpack200 (deflated 88%)
  adding: Excelerate.app/Contents/Resources/lib/tcl8.6/usr/bin/corelist (deflated 44%)
  adding: Excelerate.app/Contents/Resources/lib/tcl8.6/usr/bin/expand (deflated 89%)
  adding: Excelerate.app/Contents/Resources/lib/tcl8.6/usr/bin/strings (deflated 90%)
  adding: Excelerate.app/Contents/Resources/lib/tcl8.6/usr/bin/lwp-dump5.34 (deflated 51%)
  adding: Excelerate.app/Contents/Resources/lib/tcl8.6/usr/bin/appletviewer (deflated 88%)
  adding: Excelerate.app/Contents/Resources/lib/tcl8.6/usr/bin/idlj (deflated 88%)
  adding: Excelerate.app/Contents/Resources/lib/tcl8.6/usr/bin/dbiproxy5.34 (deflated 56%)
  adding: Excelerate.app/Contents/Resources/lib/tcl8.6/usr/bin/wall (deflated 87%)
  adding: Excelerate.app/Contents/Resources/lib/tcl8.6/usr/bin/brctl (deflated 67%)
  adding: Excelerate.app/Contents/Resources/lib/tcl8.6/usr/bin/yapp5.34 (deflated 60%)
  adding: Excelerate.app/Contents/Resources/lib/tcl8.6/usr/bin/gm4 (deflated 90%)
  adding: Excelerate.app/Contents/Resources/lib/tcl8.6/usr/bin/db_hotbackup (deflated 55%)
  adding: Excelerate.app/Contents/Resources/lib/tcl8.6/usr/bin/auvaltool (deflated 64%)
  adding: Excelerate.app/Contents/Resources/lib/tcl8.6/usr/bin/applesingle (deflated 84%)
  adding: Excelerate.app/Contents/Resources/lib/tcl8.6/usr/bin/scandeps5.30.pl (deflated 57%)
  adding: Excelerate.app/Contents/Resources/lib/tcl8.6/usr/bin/clang (deflated 90%)
  adding: Excelerate.app/Contents/Resources/lib/tcl8.6/usr/bin/ibtool (deflated 91%)
  adding: Excelerate.app/Contents/Resources/lib/tcl8.6/usr/bin/tty (deflated 91%)
  adding: Excelerate.app/Contents/Resources/lib/tcl8.6/usr/bin/demandoc (deflated 65%)
  adding: Excelerate.app/Contents/Resources/lib/tcl8.6/usr/bin/git-receive-pack (deflated 90%)
  adding: Excelerate.app/Contents/Resources/lib/tcl8.6/usr/bin/infotocap (deflated 73%)
  adding: Excelerate.app/Contents/Resources/lib/tcl8.6/usr/bin/pkill (deflated 84%)
  adding: Excelerate.app/Contents/Resources/lib/tcl8.6/usr/bin/cups-config (deflated 61%)
  adding: Excelerate.app/Contents/Resources/lib/tcl8.6/usr/bin/piconv5.34 (deflated 63%)
  adding: Excelerate.app/Contents/Resources/lib/tcl8.6/usr/bin/basename (deflated 90%)
  adding: Excelerate.app/Contents/Resources/lib/tcl8.6/usr/bin/nclist (deflated 88%)
  adding: Excelerate.app/Contents/Resources/lib/tcl8.6/usr/bin/objdump (deflated 90%)
  adding: Excelerate.app/Contents/Resources/lib/tcl8.6/usr/bin/install (deflated 85%)
  adding: Excelerate.app/Contents/Resources/lib/tcl8.6/usr/bin/native2ascii (deflated 88%)
  adding: Excelerate.app/Contents/Resources/lib/tcl8.6/usr/bin/c99 (deflated 90%)
  adding: Excelerate.app/Contents/Resources/lib/tcl8.6/usr/bin/desdp (deflated 91%)
  adding: Excelerate.app/Contents/Resources/lib/tcl8.6/usr/bin/binhex (deflated 80%)
  adding: Excelerate.app/Contents/Resources/lib/tcl8.6/usr/bin/perlbug5.34 (deflated 65%)
  adding: Excelerate.app/Contents/Resources/lib/tcl8.6/usr/bin/lsmp (deflated 79%)
  adding: Excelerate.app/Contents/Resources/lib/tcl8.6/usr/bin/xmllint (deflated 76%)
  adding: Excelerate.app/Contents/Resources/lib/tcl8.6/usr/bin/yamlpp-highlight (deflated 44%)
  adding: Excelerate.app/Contents/Resources/lib/tcl8.6/usr/bin/ipcount5.34 (deflated 52%)
  adding: Excelerate.app/Contents/Resources/lib/tcl8.6/usr/bin/last (deflated 86%)
  adding: Excelerate.app/Contents/Resources/lib/tcl8.6/usr/bin/vm_stat (deflated 87%)
  adding: Excelerate.app/Contents/Resources/lib/tcl8.6/usr/bin/syslog (deflated 70%)
  adding: Excelerate.app/Contents/Resources/lib/tcl8.6/usr/bin/net-snmp-cert (deflated 72%)
  adding: Excelerate.app/Contents/Resources/lib/tcl8.6/usr/bin/treereg5.30 (deflated 63%)
  adding: Excelerate.app/Contents/Resources/lib/tcl8.6/usr/bin/nslookup (deflated 57%)
  adding: Excelerate.app/Contents/Resources/lib/tcl8.6/usr/bin/vimdiff (deflated 47%)
  adding: Excelerate.app/Contents/Resources/lib/tcl8.6/usr/bin/topsyscall (deflated 61%)
  adding: Excelerate.app/Contents/Resources/lib/tcl8.6/usr/bin/libnetcfg (deflated 44%)
  adding: Excelerate.app/Contents/Resources/lib/tcl8.6/usr/bin/cpan5.30 (deflated 56%)
  adding: Excelerate.app/Contents/Resources/lib/tcl8.6/usr/bin/c++filt (deflated 90%)
  adding: Excelerate.app/Contents/Resources/lib/tcl8.6/usr/bin/avbdiagnose (deflated 77%)
  adding: Excelerate.app/Contents/Resources/lib/tcl8.6/usr/bin/nice (deflated 90%)
  adding: Excelerate.app/Contents/Resources/lib/tcl8.6/usr/bin/xcscontrol (deflated 91%)
  adding: Excelerate.app/Contents/Resources/lib/tcl8.6/usr/bin/truncate (deflated 89%)
  adding: Excelerate.app/Contents/Resources/lib/tcl8.6/usr/bin/calendar (deflated 76%)
  adding: Excelerate.app/Contents/Resources/lib/tcl8.6/usr/bin/locale (deflated 76%)
  adding: Excelerate.app/Contents/Resources/lib/tcl8.6/usr/bin/strip (deflated 90%)
  adding: Excelerate.app/Contents/Resources/lib/tcl8.6/usr/bin/symbolscache (deflated 68%)
  adding: Excelerate.app/Contents/Resources/lib/tcl8.6/usr/bin/trace (deflated 70%)
  adding: Excelerate.app/Contents/Resources/lib/tcl8.6/usr/bin/tops (deflated 73%)
  adding: Excelerate.app/Contents/Resources/lib/tcl8.6/usr/bin/lprm (deflated 89%)
  adding: Excelerate.app/Contents/Resources/lib/tcl8.6/usr/bin/tiffutil (deflated 77%)
  adding: Excelerate.app/Contents/Resources/lib/tcl8.6/usr/bin/du (deflated 87%)
  adding: Excelerate.app/Contents/Resources/lib/tcl8.6/usr/bin/debinhex5.34.pl (deflated 64%)
  adding: Excelerate.app/Contents/Resources/lib/tcl8.6/usr/bin/diff3 (deflated 85%)
  adding: Excelerate.app/Contents/Resources/lib/tcl8.6/usr/bin/cupstestppd (deflated 74%)
  adding: Excelerate.app/Contents/Resources/lib/tcl8.6/usr/bin/json_pp5.30 (deflated 62%)
  adding: Excelerate.app/Contents/Resources/lib/tcl8.6/usr/bin/sw_vers (deflated 90%)
  adding: Excelerate.app/Contents/Resources/lib/tcl8.6/usr/bin/fs_usage (deflated 76%)
  adding: Excelerate.app/Contents/Resources/lib/tcl8.6/usr/bin/host (deflated 57%)
  adding: Excelerate.app/Contents/Resources/lib/tcl8.6/usr/bin/jarsigner (deflated 88%)
  adding: Excelerate.app/Contents/Resources/lib/tcl8.6/usr/bin/app-sso (deflated 83%)
  adding: Excelerate.app/Contents/Resources/lib/tcl8.6/usr/bin/devmodectl (deflated 84%)
  adding: Excelerate.app/Contents/Resources/lib/tcl8.6/usr/bin/nscurl (deflated 76%)
  adding: Excelerate.app/Contents/Resources/lib/tcl8.6/usr/bin/logger (deflated 90%)
  adding: Excelerate.app/Contents/Resources/lib/tcl8.6/usr/bin/caffeinate (deflated 90%)
  adding: Excelerate.app/Contents/Resources/lib/tcl8.6/usr/bin/pod2html5.30 (deflated 62%)
  adding: Excelerate.app/Contents/Resources/lib/tcl8.6/usr/bin/say (deflated 77%)
  adding: Excelerate.app/Contents/Resources/lib/tcl8.6/usr/bin/net-snmp-create-v3-user (deflated 64%)
  adding: Excelerate.app/Contents/Resources/lib/tcl8.6/usr/bin/zipdetails5.34 (deflated 74%)
  adding: Excelerate.app/Contents/Resources/lib/tcl8.6/usr/bin/config_data5.34 (deflated 60%)
  adding: Excelerate.app/Contents/Resources/lib/tcl8.6/usr/bin/plutil (deflated 76%)
  adding: Excelerate.app/Contents/Resources/lib/tcl8.6/usr/bin/python3 (deflated 90%)
  adding: Excelerate.app/Contents/Resources/lib/tcl8.6/usr/bin/avbutil (deflated 73%)
  adding: Excelerate.app/Contents/Resources/lib/tcl8.6/usr/bin/xcode-select (deflated 87%)
  adding: Excelerate.app/Contents/Resources/lib/tcl8.6/usr/bin/libnetcfg5.30 (deflated 68%)
  adding: Excelerate.app/Contents/Resources/lib/tcl8.6/usr/bin/powermetrics (deflated 70%)
  adding: Excelerate.app/Contents/Resources/lib/tcl8.6/usr/bin/encguess5.34 (deflated 52%)
  adding: Excelerate.app/Contents/Resources/lib/tcl8.6/usr/bin/moose-outdated (deflated 44%)
  adding: Excelerate.app/Contents/Resources/lib/tcl8.6/usr/bin/net-server (deflated 44%)
  adding: Excelerate.app/Contents/Resources/lib/tcl8.6/usr/bin/cvmkdir (deflated 37%)
  adding: Excelerate.app/Contents/Resources/lib/tcl8.6/usr/bin/ldapmodify (deflated 62%)
  adding: Excelerate.app/Contents/Resources/lib/tcl8.6/usr/bin/iofile.d (deflated 46%)
  adding: Excelerate.app/Contents/Resources/lib/tcl8.6/usr/bin/join (deflated 87%)
  adding: Excelerate.app/Contents/Resources/lib/tcl8.6/usr/bin/SafeEjectGPU (deflated 84%)
  adding: Excelerate.app/Contents/Resources/lib/tcl8.6/usr/bin/snmpdelta (deflated 85%)
  adding: Excelerate.app/Contents/Resources/lib/tcl8.6/usr/bin/ssh-keyscan (deflated 64%)
  adding: Excelerate.app/Contents/Resources/lib/tcl8.6/usr/bin/renice (deflated 89%)
  adding: Excelerate.app/Contents/Resources/lib/tcl8.6/usr/bin/xxd (deflated 83%)
  adding: Excelerate.app/Contents/Resources/lib/tcl8.6/usr/bin/clangd (deflated 90%)
  adding: Excelerate.app/Contents/Resources/lib/tcl8.6/usr/bin/scandeps.pl (deflated 44%)
  adding: Excelerate.app/Contents/Resources/lib/tcl8.6/usr/bin/nettop (deflated 74%)
  adding: Excelerate.app/Contents/Resources/lib/tcl8.6/usr/bin/ppdmerge (deflated 88%)
  adding: Excelerate.app/Contents/Resources/lib/tcl8.6/usr/bin/snmpconf (deflated 70%)
  adding: Excelerate.app/Contents/Resources/lib/tcl8.6/usr/bin/xsltproc (deflated 83%)
  adding: Excelerate.app/Contents/Resources/lib/tcl8.6/usr/bin/osascript (deflated 82%)
  adding: Excelerate.app/Contents/Resources/lib/tcl8.6/usr/bin/iotop (deflated 67%)
  adding: Excelerate.app/Contents/Resources/lib/tcl8.6/usr/bin/lex (deflated 90%)
  adding: Excelerate.app/Contents/Resources/lib/tcl8.6/usr/bin/encguess (deflated 44%)
  adding: Excelerate.app/Contents/Resources/lib/tcl8.6/usr/bin/eyapp5.34 (deflated 63%)
  adding: Excelerate.app/Contents/Resources/lib/tcl8.6/usr/bin/ctf_insert (deflated 90%)
  adding: Excelerate.app/Contents/Resources/lib/tcl8.6/usr/bin/csplit (deflated 87%)
  adding: Excelerate.app/Contents/Resources/lib/tcl8.6/usr/bin/swift-inspect (deflated 61%)
  adding: Excelerate.app/Contents/Resources/lib/tcl8.6/usr/bin/splain5.30 (deflated 62%)
  adding: Excelerate.app/Contents/Resources/lib/tcl8.6/usr/bin/iconv (deflated 88%)
  adding: Excelerate.app/Contents/Resources/lib/tcl8.6/usr/bin/captoinfo (deflated 73%)
  adding: Excelerate.app/Contents/Resources/lib/tcl8.6/usr/bin/snmpinform (deflated 89%)
  adding: Excelerate.app/Contents/Resources/lib/tcl8.6/usr/bin/lsbom (deflated 87%)
  adding: Excelerate.app/Contents/Resources/lib/tcl8.6/usr/bin/pbcopy (deflated 90%)
  adding: Excelerate.app/Contents/Resources/lib/tcl8.6/usr/bin/sort (deflated 72%)
  adding: Excelerate.app/Contents/Resources/lib/tcl8.6/usr/bin/xpath (deflated 44%)
  adding: Excelerate.app/Contents/Resources/lib/tcl8.6/usr/bin/snmpdf (deflated 86%)
  adding: Excelerate.app/Contents/Resources/lib/tcl8.6/usr/bin/whoami (deflated 86%)
  adding: Excelerate.app/Contents/Resources/lib/tcl8.6/usr/bin/sc_usage (deflated 83%)
  adding: Excelerate.app/Contents/Resources/lib/tcl8.6/usr/bin/jot (deflated 89%)
  adding: Excelerate.app/Contents/Resources/lib/tcl8.6/usr/bin/ocspcheck (deflated 78%)
  adding: Excelerate.app/Contents/Resources/lib/tcl8.6/usr/bin/mkbom (deflated 91%)
  adding: Excelerate.app/Contents/Resources/lib/tcl8.6/usr/bin/ldapurl (deflated 63%)
  adding: Excelerate.app/Contents/Resources/lib/tcl8.6/usr/bin/json_xs (deflated 44%)
  adding: Excelerate.app/Contents/Resources/lib/tcl8.6/usr/bin/pkgbuild (deflated 75%)
  adding: Excelerate.app/Contents/Resources/lib/tcl8.6/usr/bin/yamlpp-events (deflated 44%)
  adding: Excelerate.app/Contents/Resources/lib/tcl8.6/usr/bin/cpuwalk.d (deflated 44%)
  adding: Excelerate.app/Contents/Resources/lib/tcl8.6/usr/bin/cvmkfile (deflated 37%)
  adding: Excelerate.app/Contents/Resources/lib/tcl8.6/usr/bin/update_dyld_shared_cache (deflated 90%)
  adding: Excelerate.app/Contents/Resources/lib/tcl8.6/usr/bin/ldapmodrdn (deflated 62%)
  adding: Excelerate.app/Contents/Resources/lib/tcl8.6/usr/bin/systemextensionsctl (deflated 80%)
  adding: Excelerate.app/Contents/Resources/lib/tcl8.6/usr/bin/file (deflated 62%)
  adding: Excelerate.app/Contents/Resources/lib/tcl8.6/usr/bin/db_printlog (deflated 55%)
  adding: Excelerate.app/Contents/Resources/lib/tcl8.6/usr/bin/sourcekit-lsp (deflated 90%)
  adding: Excelerate.app/Contents/Resources/lib/tcl8.6/usr/bin/debinhex5.30.pl (deflated 64%)
  adding: Excelerate.app/Contents/Resources/lib/tcl8.6/usr/bin/podchecker5.34 (deflated 55%)
  adding: Excelerate.app/Contents/Resources/lib/tcl8.6/usr/bin/hash (deflated 7%)
  adding: Excelerate.app/Contents/Resources/lib/tcl8.6/usr/bin/bc (deflated 66%)
  adding: Excelerate.app/Contents/Resources/lib/tcl8.6/usr/bin/fontrestore (deflated 78%)
  adding: Excelerate.app/Contents/Resources/lib/tcl8.6/usr/bin/mg (deflated 59%)
  adding: Excelerate.app/Contents/Resources/lib/tcl8.6/usr/bin/sfltool (deflated 75%)
  adding: Excelerate.app/Contents/Resources/lib/tcl8.6/usr/bin/less (deflated 63%)
  adding: Excelerate.app/Contents/Resources/lib/tcl8.6/usr/bin/bunzip2 (deflated 81%)
  adding: Excelerate.app/Contents/Resources/lib/tcl8.6/usr/bin/touch (deflated 87%)
  adding: Excelerate.app/Contents/Resources/lib/tcl8.6/usr/bin/rmic (deflated 88%)
  adding: Excelerate.app/Contents/Resources/lib/tcl8.6/usr/bin/dispqlen.d (deflated 42%)
  adding: Excelerate.app/Contents/Resources/lib/tcl8.6/usr/bin/db_archive (deflated 55%)
  adding: Excelerate.app/Contents/Resources/lib/tcl8.6/usr/bin/getopt (deflated 91%)
  adding: Excelerate.app/Contents/Resources/lib/tcl8.6/usr/bin/instmodsh5.30 (deflated 68%)
  adding: Excelerate.app/Contents/Resources/lib/tcl8.6/usr/bin/krb5-config (deflated 56%)
  adding: Excelerate.app/Contents/Resources/lib/tcl8.6/usr/bin/security (deflated 64%)
  adding: Excelerate.app/Contents/Resources/lib/tcl8.6/usr/bin/perlthanks5.34 (deflated 65%)
  adding: Excelerate.app/Contents/Resources/lib/tcl8.6/usr/bin/hiutil (deflated 73%)
  adding: Excelerate.app/Contents/Resources/lib/tcl8.6/usr/bin/ip2cc5.30 (deflated 54%)
  adding: Excelerate.app/Contents/Resources/lib/tcl8.6/usr/bin/json_xs5.34 (deflated 64%)
  adding: Excelerate.app/Contents/Resources/lib/tcl8.6/usr/bin/pip3 (deflated 90%)
  adding: Excelerate.app/Contents/Resources/lib/tcl8.6/usr/bin/pod2man5.34 (deflated 60%)
  adding: Excelerate.app/Contents/Resources/lib/tcl8.6/usr/bin/lastwords (deflated 49%)
  adding: Excelerate.app/Contents/Resources/lib/tcl8.6/usr/bin/rmid (deflated 88%)
  adding: Excelerate.app/Contents/Resources/lib/tcl8.6/usr/bin/sed (deflated 78%)
  adding: Excelerate.app/Contents/Resources/lib/tcl8.6/usr/bin/ld (deflated 90%)
  adding: Excelerate.app/Contents/Resources/lib/tcl8.6/usr/bin/dbilogstrip5.30 (deflated 48%)
  adding: Excelerate.app/Contents/Resources/lib/tcl8.6/usr/bin/awk (deflated 67%)
  adding: Excelerate.app/Contents/Resources/lib/tcl8.6/usr/bin/ip2cc (deflated 44%)
  adding: Excelerate.app/Contents/Resources/lib/tcl8.6/usr/bin/syscallbyproc.d (deflated 26%)
  adding: Excelerate.app/Contents/Resources/lib/tcl8.6/usr/bin/umtool (deflated 79%)
  adding: Excelerate.app/Contents/Resources/lib/tcl8.6/usr/bin/snmpstatus (deflated 90%)
  adding: Excelerate.app/Contents/Resources/lib/tcl8.6/usr/bin/uudecode (deflated 82%)
  adding: Excelerate.app/Contents/Resources/lib/tcl8.6/usr/bin/psm (deflated 73%)
  adding: Excelerate.app/Contents/Resources/lib/tcl8.6/usr/bin/fmt (deflated 88%)
  adding: Excelerate.app/Contents/Resources/lib/tcl8.6/usr/bin/zless (deflated 43%)
  adding: Excelerate.app/Contents/Resources/lib/tcl8.6/usr/bin/enc2xs5.34 (deflated 63%)
  adding: Excelerate.app/Contents/Resources/lib/tcl8.6/usr/bin/xslt-config (deflated 61%)
  adding: Excelerate.app/Contents/Resources/lib/tcl8.6/usr/bin/sdef (deflated 91%)
  adding: Excelerate.app/Contents/Resources/lib/tcl8.6/usr/bin/ncctl (deflated 88%)
  adding: Excelerate.app/Contents/Resources/lib/tcl8.6/usr/bin/jmc (deflated 88%)
  adding: Excelerate.app/Contents/Resources/lib/tcl8.6/usr/bin/pod2text (deflated 44%)
  adding: Excelerate.app/Contents/Resources/lib/tcl8.6/usr/bin/bashbug (deflated 57%)
  adding: Excelerate.app/Contents/Resources/lib/tcl8.6/usr/bin/mail (deflated 68%)
  adding: Excelerate.app/Contents/Resources/lib/tcl8.6/usr/bin/yamlpp-parse-emit5.30 (deflated 61%)
  adding: Excelerate.app/Contents/Resources/lib/tcl8.6/usr/bin/chpass (deflated 83%)
  adding: Excelerate.app/Contents/Resources/lib/tcl8.6/usr/bin/sips (deflated 67%)
  adding: Excelerate.app/Contents/Resources/lib/tcl8.6/usr/bin/par5.34.pl (deflated 66%)
  adding: Excelerate.app/Contents/Resources/lib/tcl8.6/usr/bin/xcrun (deflated 93%)
  adding: Excelerate.app/Contents/Resources/lib/tcl8.6/usr/bin/bzcmp (deflated 58%)
  adding: Excelerate.app/Contents/Resources/lib/tcl8.6/usr/bin/lldb (deflated 90%)
  adding: Excelerate.app/Contents/Resources/lib/tcl8.6/usr/bin/chfn (deflated 83%)
  adding: Excelerate.app/Contents/Resources/lib/tcl8.6/usr/bin/ipcount (deflated 44%)
  adding: Excelerate.app/Contents/Resources/lib/tcl8.6/usr/bin/newaliases (deflated 61%)
  adding: Excelerate.app/Contents/Resources/lib/tcl8.6/usr/bin/nano (deflated 46%)
  adding: Excelerate.app/Contents/Resources/lib/tcl8.6/usr/bin/lam (deflated 88%)
  adding: Excelerate.app/Contents/Resources/lib/tcl8.6/usr/bin/pod2readme5.30 (deflated 61%)
  adding: Excelerate.app/Contents/Resources/lib/tcl8.6/usr/bin/ipptool (deflated 73%)
  adding: Excelerate.app/Contents/Resources/lib/tcl8.6/usr/bin/irb (deflated 40%)
  adding: Excelerate.app/Contents/Resources/lib/tcl8.6/usr/bin/ptardiff (deflated 44%)
  adding: Excelerate.app/Contents/Resources/lib/tcl8.6/usr/bin/bzless (deflated 49%)
  adding: Excelerate.app/Contents/Resources/lib/tcl8.6/usr/bin/sysdiagnose (deflated 79%)
  adding: Excelerate.app/Contents/Resources/lib/tcl8.6/usr/bin/logname (deflated 91%)
  adding: Excelerate.app/Contents/Resources/lib/tcl8.6/usr/bin/tset (deflated 86%)
  adding: Excelerate.app/Contents/Resources/lib/tcl8.6/usr/bin/chgrp (deflated 88%)
  adding: Excelerate.app/Contents/Resources/lib/tcl8.6/usr/bin/cu (deflated 66%)
  adding: Excelerate.app/Contents/Resources/lib/tcl8.6/usr/bin/printenv (deflated 91%)
  adding: Excelerate.app/Contents/Resources/lib/tcl8.6/usr/bin/yamlpp-load-dump5.30 (deflated 66%)
  adding: Excelerate.app/Contents/Resources/lib/tcl8.6/usr/bin/unvis (deflated 89%)
  adding: Excelerate.app/Contents/Resources/lib/tcl8.6/usr/bin/shasum5.30 (deflated 59%)
  adding: Excelerate.app/Contents/Resources/lib/tcl8.6/usr/bin/atq (deflated 82%)
  adding: Excelerate.app/Contents/Resources/lib/tcl8.6/usr/bin/seq (deflated 89%)
  adding: Excelerate.app/Contents/Resources/lib/tcl8.6/usr/bin/fc (deflated 7%)
  adding: Excelerate.app/Contents/Resources/lib/tcl8.6/usr/bin/AssetCacheManagerUtil (deflated 80%)
  adding: Excelerate.app/Contents/Resources/lib/tcl8.6/usr/bin/xgettext5.34.pl (deflated 60%)
  adding: Excelerate.app/Contents/Resources/lib/tcl8.6/usr/bin/colldef (deflated 77%)
  adding: Excelerate.app/Contents/Resources/lib/tcl8.6/usr/bin/net-server5.30 (deflated 54%)
  adding: Excelerate.app/Contents/Resources/lib/tcl8.6/usr/bin/jdb (deflated 88%)
  adding: Excelerate.app/Contents/Resources/lib/tcl8.6/usr/bin/perl5.30 (deflated 90%)
  adding: Excelerate.app/Contents/Resources/lib/tcl8.6/usr/bin/wish (deflated 9%)
  adding: Excelerate.app/Contents/Resources/lib/tcl8.6/usr/bin/uname (deflated 88%)
  adding: Excelerate.app/Contents/Resources/lib/tcl8.6/usr/bin/hpmdiagnose (deflated 71%)
  adding: Excelerate.app/Contents/Resources/lib/tcl8.6/usr/bin/timer_analyser.d (deflated 68%)
  adding: Excelerate.app/Contents/Resources/lib/tcl8.6/usr/bin/jstack (deflated 88%)
  adding: Excelerate.app/Contents/Resources/lib/tcl8.6/usr/bin/parl (deflated 87%)
  adding: Excelerate.app/Contents/Resources/lib/tcl8.6/usr/bin/unzip (deflated 66%)
  adding: Excelerate.app/Contents/Resources/lib/tcl8.6/usr/bin/db_stat (deflated 54%)
  adding: Excelerate.app/Contents/Resources/lib/tcl8.6/usr/bin/rmiregistry (deflated 88%)
  adding: Excelerate.app/Contents/Resources/lib/tcl8.6/usr/bin/json_pp (deflated 44%)
  adding: Excelerate.app/Contents/Resources/lib/tcl8.6/usr/bin/test-yaml (deflated 87%)
  adding: Excelerate.app/Contents/Resources/lib/tcl8.6/usr/bin/ptardiff5.30 (deflated 61%)
  adding: Excelerate.app/Contents/Resources/lib/tcl8.6/usr/bin/zprint (deflated 83%)
  adding: Excelerate.app/Contents/Resources/lib/tcl8.6/usr/bin/kinit (deflated 80%)
  adding: Excelerate.app/Contents/Resources/lib/tcl8.6/usr/bin/mib2c (deflated 75%)
  adding: Excelerate.app/Contents/Resources/lib/tcl8.6/usr/bin/od (deflated 80%)
  adding: Excelerate.app/Contents/Resources/lib/tcl8.6/usr/bin/bsdtar (deflated 74%)
  adding: Excelerate.app/Contents/Resources/lib/tcl8.6/usr/bin/perl (deflated 87%)
  adding: Excelerate.app/Contents/Resources/lib/tcl8.6/usr/bin/findrule (deflated 44%)
  adding: Excelerate.app/Contents/Resources/lib/tcl8.6/usr/bin/tbtdiagnose (deflated 76%)
  adding: Excelerate.app/Contents/Resources/lib/tcl8.6/usr/bin/mcxquery (deflated 75%)
  adding: Excelerate.app/Contents/Resources/lib/tcl8.6/usr/bin/lwp-download (deflated 44%)
  adding: Excelerate.app/Contents/Resources/lib/tcl8.6/usr/bin/ppdpo (deflated 72%)
  adding: Excelerate.app/Contents/Resources/lib/tcl8.6/usr/bin/crontab (deflated 82%)
  adding: Excelerate.app/Contents/Resources/lib/tcl8.6/usr/bin/reset (deflated 86%)
  adding: Excelerate.app/Contents/Resources/lib/tcl8.6/usr/bin/kextutil (deflated 71%)
  adding: Excelerate.app/Contents/Resources/lib/tcl8.6/usr/bin/par5.30.pl (deflated 66%)
  adding: Excelerate.app/Contents/Resources/lib/tcl8.6/usr/bin/bzcat (deflated 81%)
  adding: Excelerate.app/Contents/Resources/lib/tcl8.6/usr/bin/dbicadmin (deflated 44%)
  adding: Excelerate.app/Contents/Resources/lib/tcl8.6/usr/bin/ex (deflated 47%)
  adding: Excelerate.app/Contents/Resources/lib/tcl8.6/usr/bin/perlbug (deflated 44%)
  adding: Excelerate.app/Contents/Resources/lib/tcl8.6/usr/bin/jvisualvm (deflated 88%)
  adding: Excelerate.app/Contents/Resources/lib/tcl8.6/usr/bin/footprint (deflated 65%)
  adding: Excelerate.app/Contents/Resources/lib/tcl8.6/usr/bin/lsappinfo (deflated 62%)
  adding: Excelerate.app/Contents/Resources/lib/tcl8.6/usr/bin/lwp-download5.34 (deflated 66%)
  adding: Excelerate.app/Contents/Resources/lib/tcl8.6/usr/bin/db_load (deflated 54%)
  adding: Excelerate.app/Contents/Resources/lib/tcl8.6/usr/bin/fwkdp (deflated 81%)
  adding: Excelerate.app/Contents/Resources/lib/tcl8.6/usr/bin/piconv (deflated 44%)
  adding: Excelerate.app/Contents/Resources/lib/tcl8.6/usr/bin/read (deflated 7%)
  adding: Excelerate.app/Contents/Resources/lib/tcl8.6/usr/bin/snmpusm (deflated 86%)
  adding: Excelerate.app/Contents/Resources/lib/tcl8.6/usr/bin/tkpp5.34 (deflated 68%)
  adding: Excelerate.app/Contents/Resources/lib/tcl8.6/usr/bin/test-yaml5.34 (deflated 58%)
  adding: Excelerate.app/Contents/Resources/lib/tcl8.6/usr/bin/execsnoop (deflated 62%)
  adding: Excelerate.app/Contents/Resources/lib/tcl8.6/usr/bin/pagesize (deflated 46%)
  adding: Excelerate.app/Contents/Resources/lib/tcl8.6/usr/bin/lp (deflated 84%)
  adding: Excelerate.app/Contents/Resources/lib/tcl8.6/usr/bin/base64 (deflated 82%)
  adding: Excelerate.app/Contents/Resources/lib/tcl8.6/usr/bin/ptargrep (deflated 44%)
  adding: Excelerate.app/Contents/Resources/lib/tcl8.6/usr/bin/jar (deflated 88%)
  adding: Excelerate.app/Contents/Resources/lib/tcl8.6/usr/bin/h2ph (deflated 44%)
  adding: Excelerate.app/Contents/Resources/lib/tcl8.6/usr/bin/readlink (deflated 84%)
  adding: Excelerate.app/Contents/Resources/lib/tcl8.6/usr/bin/opensnoop (deflated 67%)
  adding: Excelerate.app/Contents/Resources/lib/tcl8.6/usr/bin/rake (deflated 40%)
  adding: Excelerate.app/Contents/Resources/lib/tcl8.6/usr/bin/rvim (deflated 47%)
  adding: Excelerate.app/Contents/Resources/lib/tcl8.6/usr/bin/jcmd (deflated 88%)
  adding: Excelerate.app/Contents/Resources/lib/tcl8.6/usr/bin/dmc (deflated 87%)
  adding: Excelerate.app/Contents/Resources/lib/tcl8.6/usr/bin/vimtutor (deflated 48%)
  adding: Excelerate.app/Contents/Resources/lib/tcl8.6/usr/bin/prove5.34 (deflated 61%)
  adding: Excelerate.app/Contents/Resources/lib/tcl8.6/usr/bin/spfquery5.34 (deflated 72%)
  adding: Excelerate.app/Contents/Resources/lib/tcl8.6/usr/bin/perlivp5.34 (deflated 67%)
  adding: Excelerate.app/Contents/Resources/lib/tcl8.6/usr/bin/perldoc5.30 (deflated 22%)
  adding: Excelerate.app/Contents/Resources/lib/tcl8.6/usr/bin/xgettext5.30.pl (deflated 60%)
  adding: Excelerate.app/Contents/Resources/lib/tcl8.6/usr/bin/iperf3-darwin (deflated 65%)
  adding: Excelerate.app/Contents/Resources/lib/tcl8.6/usr/bin/prove (deflated 44%)
  adding: Excelerate.app/Contents/Resources/lib/tcl8.6/usr/bin/newproc.d (deflated 77%)
  adding: Excelerate.app/Contents/Resources/lib/tcl8.6/usr/bin/gencat (deflated 84%)
  adding: Excelerate.app/Contents/Resources/lib/tcl8.6/usr/bin/mdutil (deflated 70%)
  adding: Excelerate.app/Contents/Resources/lib/tcl8.6/usr/bin/znew (deflated 53%)
  adding: Excelerate.app/Contents/Resources/lib/tcl8.6/usr/bin/podchecker (deflated 44%)
  adding: Excelerate.app/Contents/Resources/lib/tcl8.6/usr/bin/mcxrefresh (deflated 90%)
  adding: Excelerate.app/Contents/Resources/lib/tcl8.6/usr/bin/colrm (deflated 90%)
  adding: Excelerate.app/Contents/Resources/lib/tcl8.6/usr/bin/dbilogstrip (deflated 44%)
  adding: Excelerate.app/Contents/Resources/lib/tcl8.6/usr/bin/pagestuff (deflated 90%)
  adding: Excelerate.app/Contents/Resources/lib/tcl8.6/usr/bin/crlrefresh (deflated 86%)
  adding: Excelerate.app/Contents/Resources/lib/tcl8.6/usr/bin/headerdoc2html (deflated 90%)
  adding: Excelerate.app/Contents/Resources/lib/tcl8.6/usr/bin/jrunscript (deflated 88%)
  adding: Excelerate.app/Contents/Resources/lib/tcl8.6/usr/bin/pp5.34 (deflated 10%)
  adding: Excelerate.app/Contents/Resources/lib/tcl8.6/usr/bin/filtercalltree (deflated 78%)
  adding: Excelerate.app/Contents/Resources/lib/tcl8.6/usr/bin/afhash (deflated 86%)
  adding: Excelerate.app/Contents/Resources/lib/tcl8.6/usr/bin/sandbox-exec (deflated 89%)
  adding: Excelerate.app/Contents/Resources/lib/tcl8.6/usr/bin/snmpvacm (deflated 88%)
  adding: Excelerate.app/Contents/Resources/lib/tcl8.6/usr/bin/stapler (deflated 91%)
  adding: Excelerate.app/Contents/Resources/lib/tcl8.6/usr/bin/codecctl (deflated 72%)
  adding: Excelerate.app/Contents/Resources/lib/tcl8.6/usr/bin/fwkpfv (deflated 81%)
  adding: Excelerate.app/Contents/Resources/lib/tcl8.6/usr/bin/sftp (deflated 66%)
  adding: Excelerate.app/Contents/Resources/lib/tcl8.6/usr/bin/wc (deflated 87%)
  adding: Excelerate.app/Contents/Resources/lib/tcl8.6/usr/bin/jps (deflated 88%)
  adding: Excelerate.app/Contents/Resources/lib/tcl8.6/usr/bin/rsync (deflated 88%)
  adding: Excelerate.app/Contents/Resources/lib/tcl8.6/usr/bin/osacompile (deflated 79%)
  adding: Excelerate.app/Contents/Resources/lib/tcl8.6/usr/bin/yamlpp-load5.30 (deflated 64%)
  adding: Excelerate.app/Contents/Resources/lib/tcl8.6/usr/bin/hdxml2manxml (deflated 90%)
  adding: Excelerate.app/Contents/Resources/lib/tcl8.6/usr/bin/gzcat (deflated 74%)
  adding: Excelerate.app/Contents/Resources/lib/tcl8.6/usr/bin/delv (deflated 57%)
  adding: Excelerate.app/Contents/Resources/lib/tcl8.6/usr/bin/thermal (deflated 87%)
  adding: Excelerate.app/Contents/Resources/lib/tcl8.6/usr/bin/pico (deflated 46%)
  adding: Excelerate.app/Contents/Resources/lib/tcl8.6/usr/bin/IOMFB_FDR_Loader (deflated 64%)
  adding: Excelerate.app/Contents/Resources/lib/tcl8.6/usr/bin/shasum (deflated 44%)
  adding: Excelerate.app/Contents/Resources/lib/tcl8.6/usr/bin/comm (deflated 88%)
  adding: Excelerate.app/Contents/Resources/lib/tcl8.6/usr/bin/mpsgraphtool (deflated 73%)
  adding: Excelerate.app/Contents/Resources/lib/tcl8.6/usr/bin/resolveLinks (deflated 90%)
  adding: Excelerate.app/Contents/Resources/lib/tcl8.6/usr/bin/xcdebug (deflated 91%)
  adding: Excelerate.app/Contents/Resources/lib/tcl8.6/usr/bin/dbicadmin5.30 (deflated 67%)
  adding: Excelerate.app/Contents/Resources/lib/tcl8.6/usr/bin/lpq (deflated 86%)
  adding: Excelerate.app/Contents/Resources/lib/tcl8.6/usr/bin/java (deflated 88%)
  adding: Excelerate.app/Contents/Resources/lib/tcl8.6/usr/bin/bundle (deflated 41%)
  adding: Excelerate.app/Contents/Resources/lib/tcl8.6/usr/bin/gzip (deflated 72%)
  adding: Excelerate.app/Contents/Resources/lib/tcl8.6/usr/bin/yamlpp-events5.30 (deflated 44%)
  adding: Excelerate.app/Contents/Resources/lib/tcl8.6/usr/bin/zipcloak (deflated 71%)
  adding: Excelerate.app/Contents/Resources/lib/tcl8.6/usr/bin/git-upload-archive (deflated 90%)
  adding: Excelerate.app/Contents/Resources/lib/tcl8.6/usr/bin/xml2-config (deflated 58%)
  adding: Excelerate.app/Contents/Resources/lib/tcl8.6/usr/bin/encode_keychange (deflated 86%)
  adding: Excelerate.app/Contents/Resources/lib/tcl8.6/usr/bin/traptoemail (deflated 54%)
  adding: Excelerate.app/Contents/Resources/lib/tcl8.6/usr/bin/gcc (deflated 90%)
  adding: Excelerate.app/Contents/Resources/lib/tcl8.6/usr/bin/smbutil (deflated 71%)
  adding: Excelerate.app/Contents/Resources/lib/tcl8.6/usr/bin/diff (deflated 70%)
  adding: Excelerate.app/Contents/Resources/lib/tcl8.6/usr/bin/ri (deflated 39%)
  adding: Excelerate.app/Contents/Resources/lib/tcl8.6/usr/bin/agvtool (deflated 91%)
  adding: Excelerate.app/Contents/Resources/lib/tcl8.6/usr/bin/cksum (deflated 86%)
  adding: Excelerate.app/Contents/Resources/lib/tcl8.6/usr/bin/corelist5.34 (deflated 69%)
  adding: Excelerate.app/Contents/Resources/lib/tcl8.6/usr/bin/segedit (deflated 90%)
  adding: Excelerate.app/Contents/Resources/lib/tcl8.6/usr/bin/zipnote (deflated 73%)
  adding: Excelerate.app/Contents/Resources/lib/tcl8.6/usr/bin/ptar (deflated 44%)
  adding: Excelerate.app/Contents/Resources/lib/tcl8.6/usr/bin/printf (deflated 84%)
  adding: Excelerate.app/Contents/Resources/lib/tcl8.6/usr/bin/iptab5.34 (deflated 57%)
  adding: Excelerate.app/Contents/Resources/lib/tcl8.6/usr/bin/AssetCacheTetheratorUtil (deflated 83%)
  adding: Excelerate.app/Contents/Resources/lib/tcl8.6/usr/bin/column (deflated 89%)
  adding: Excelerate.app/Contents/Resources/lib/tcl8.6/usr/bin/ldapexop (deflated 62%)
  adding: Excelerate.app/Contents/Resources/lib/tcl8.6/usr/bin/ippfind (deflated 80%)
  adding: Excelerate.app/Contents/Resources/lib/tcl8.6/usr/bin/syscallbysysc.d (deflated 27%)
  adding: Excelerate.app/Contents/Resources/lib/tcl8.6/usr/bin/groups (deflated 86%)
  adding: Excelerate.app/Contents/Resources/lib/tcl8.6/usr/bin/dwarfdump (deflated 90%)
  adding: Excelerate.app/Contents/Resources/lib/tcl8.6/usr/bin/ppdc (deflated 71%)
  adding: Excelerate.app/Contents/Resources/lib/tcl8.6/usr/bin/rs (deflated 88%)
  adding: Excelerate.app/Contents/Resources/lib/tcl8.6/usr/bin/spfd (deflated 44%)
  adding: Excelerate.app/Contents/Resources/lib/tcl8.6/usr/bin/config_data (deflated 44%)
  adding: Excelerate.app/Contents/Resources/lib/tcl8.6/usr/bin/slogin (deflated 57%)
  adding: Excelerate.app/Contents/Resources/lib/tcl8.6/usr/bin/latency (deflated 79%)
  adding: Excelerate.app/Contents/Resources/lib/tcl8.6/usr/bin/lsm (deflated 80%)
  adding: Excelerate.app/Contents/Resources/lib/tcl8.6/usr/bin/h2ph5.30 (deflated 66%)
  adding: Excelerate.app/Contents/Resources/lib/tcl8.6/usr/bin/xar (deflated 80%)
  adding: Excelerate.app/Contents/Resources/lib/tcl8.6/usr/bin/db_codegen (deflated 55%)
  adding: Excelerate.app/Contents/Resources/lib/tcl8.6/usr/bin/lwp-request5.34 (deflated 66%)
  adding: Excelerate.app/Contents/Resources/lib/tcl8.6/usr/bin/dns-sd (deflated 76%)
  adding: Excelerate.app/Contents/Resources/lib/tcl8.6/usr/bin/tab2space (deflated 90%)
  adding: Excelerate.app/Contents/Resources/lib/tcl8.6/usr/bin/avconvert (deflated 81%)
  adding: Excelerate.app/Contents/Resources/lib/tcl8.6/usr/bin/xsubpp5.30 (deflated 53%)
  adding: Excelerate.app/Contents/Resources/lib/tcl8.6/usr/bin/jhsdb (deflated 88%)
  adding: Excelerate.app/Contents/Resources/lib/tcl8.6/usr/bin/unzipsfx (deflated 72%)
  adding: Excelerate.app/Contents/Resources/lib/tcl8.6/usr/bin/crc325.34 (deflated 51%)
  adding: Excelerate.app/Contents/Resources/lib/tcl8.6/usr/bin/treereg (deflated 44%)
  adding: Excelerate.app/Contents/Resources/lib/tcl8.6/usr/bin/parl5.30 (deflated 66%)
  adding: Excelerate.app/Contents/Resources/lib/tcl8.6/usr/bin/spfd5.34 (deflated 64%)
  adding: Excelerate.app/Contents/Resources/lib/tcl8.6/usr/bin/csreq (deflated 82%)
  adding: Excelerate.app/Contents/Resources/lib/tcl8.6/usr/bin/whatis (deflated 68%)
  adding: Excelerate.app/Contents/Resources/lib/tcl8.6/usr/bin/gperf (deflated 90%)
  adding: Excelerate.app/Contents/Resources/lib/tcl8.6/usr/bin/iconutil (deflated 84%)
  adding: Excelerate.app/Contents/Resources/lib/tcl8.6/usr/bin/zipsplit (deflated 72%)
  adding: Excelerate.app/Contents/Resources/lib/tcl8.6/usr/bin/lwp-dump (deflated 44%)
  adding: Excelerate.app/Contents/Resources/lib/tcl8.6/usr/bin/pathopens.d (deflated 50%)
  adding: Excelerate.app/Contents/Resources/lib/tcl8.6/usr/bin/tail (deflated 81%)
  adding: Excelerate.app/Contents/Resources/lib/tcl8.6/usr/bin/whois (deflated 88%)
  adding: Excelerate.app/Contents/Resources/lib/tcl8.6/usr/bin/nsupdate (deflated 57%)
  adding: Excelerate.app/Contents/Resources/lib/tcl8.6/usr/bin/crc32 (deflated 44%)
  adding: Excelerate.app/Contents/Resources/lib/tcl8.6/usr/bin/ldapdelete (deflated 62%)
  adding: Excelerate.app/Contents/Resources/lib/tcl8.6/usr/bin/grep (deflated 81%)
  adding: Excelerate.app/Contents/Resources/lib/tcl8.6/usr/bin/macerror5.34 (deflated 38%)
  adding: Excelerate.app/Contents/Resources/lib/tcl8.6/usr/bin/moose-outdated5.30 (deflated 38%)
  adding: Excelerate.app/Contents/Resources/lib/tcl8.6/usr/bin/rwbytype.d (deflated 53%)
  adding: Excelerate.app/Contents/Resources/lib/tcl8.6/usr/bin/script (deflated 87%)
  adding: Excelerate.app/Contents/Resources/lib/tcl8.6/usr/bin/pod2text5.30 (deflated 58%)
  adding: Excelerate.app/Contents/Resources/lib/tcl8.6/usr/bin/vtool (deflated 90%)
  adding: Excelerate.app/Contents/Resources/lib/tcl8.6/usr/bin/more (deflated 63%)
  adding: Excelerate.app/Contents/Resources/lib/tcl8.6/usr/bin/ldapwhoami (deflated 62%)
  adding: Excelerate.app/Contents/Resources/lib/tcl8.6/usr/bin/pl2pm (deflated 44%)
  adding: Excelerate.app/Contents/Resources/lib/tcl8.6/usr/bin/ncinit (deflated 88%)
  adding: Excelerate.app/Contents/Resources/lib/tcl8.6/usr/bin/tkmib (deflated 74%)
  adding: Excelerate.app/Contents/Resources/lib/tcl8.6/usr/bin/cal (deflated 79%)
  adding: Excelerate.app/Contents/Resources/lib/tcl8.6/usr/bin/afplay (deflated 80%)
  adding: Excelerate.app/Contents/Resources/lib/tcl8.6/usr/bin/time (deflated 86%)
  adding: Excelerate.app/Contents/Resources/lib/tcl8.6/usr/bin/ssh-agent (deflated 64%)
  adding: Excelerate.app/Contents/Resources/lib/tcl8.6/usr/bin/afktool (deflated 74%)
  adding: Excelerate.app/Contents/Resources/lib/tcl8.6/usr/bin/gcore (deflated 69%)
  adding: Excelerate.app/Contents/Resources/lib/tcl8.6/usr/bin/javap (deflated 88%)
  adding: Excelerate.app/Contents/Resources/lib/tcl8.6/usr/bin/xed (deflated 91%)
  adding: Excelerate.app/Contents/Resources/lib/tcl8.6/usr/bin/uuname (deflated 78%)
  adding: Excelerate.app/Contents/Resources/lib/tcl8.6/usr/bin/javaws (deflated 88%)
  adding: Excelerate.app/Contents/Resources/lib/tcl8.6/usr/bin/ptar5.34 (deflated 55%)
  adding: Excelerate.app/Contents/Resources/lib/tcl8.6/usr/bin/findrule5.34 (deflated 54%)
  adding: Excelerate.app/Contents/Resources/lib/tcl8.6/usr/bin/env (deflated 85%)
  adding: Excelerate.app/Contents/Resources/lib/tcl8.6/usr/bin/pr (deflated 80%)
  adding: Excelerate.app/Contents/Resources/lib/tcl8.6/usr/bin/h2xs5.34 (deflated 66%)
  adding: Excelerate.app/Contents/Resources/lib/tcl8.6/usr/bin/head (deflated 88%)
  adding: Excelerate.app/Contents/Resources/lib/tcl8.6/usr/bin/dsymutil (deflated 90%)
  adding: Excelerate.app/Contents/Resources/lib/tcl8.6/usr/bin/clear (deflated 91%)
  adding: Excelerate.app/Contents/Resources/lib/tcl8.6/usr/bin/manpath (deflated 68%)
  adding: Excelerate.app/Contents/Resources/lib/tcl8.6/usr/bin/apropos (deflated 68%)
  adding: Excelerate.app/Contents/Resources/lib/tcl8.6/usr/bin/units (deflated 86%)
  adding: Excelerate.app/Contents/Resources/lib/tcl8.6/usr/bin/curl-config (deflated 64%)
  adding: Excelerate.app/Contents/Resources/lib/tcl8.6/usr/bin/htmltree5.34 (deflated 50%)
  adding: Excelerate.app/Contents/Resources/lib/tcl8.6/usr/bin/lwp-mirror5.34 (deflated 51%)
  adding: Excelerate.app/Contents/Resources/lib/tcl8.6/usr/bin/ptargrep5.34 (deflated 58%)
  adding: Excelerate.app/Contents/Resources/lib/tcl8.6/usr/bin/kgetcred (deflated 86%)
  adding: Excelerate.app/Contents/Resources/lib/tcl8.6/usr/bin/rev (deflated 90%)
  adding: Excelerate.app/Contents/Resources/lib/tcl8.6/usr/bin/SplitForks (deflated 90%)
  adding: Excelerate.app/Contents/Resources/lib/tcl8.6/usr/bin/uniq (deflated 87%)
  adding: Excelerate.app/Contents/Resources/lib/tcl8.6/usr/bin/tclsh (deflated 90%)
  adding: Excelerate.app/Contents/Resources/lib/tcl8.6/usr/bin/binhex5.30.pl (deflated 60%)
  adding: Excelerate.app/Contents/Resources/lib/tcl8.6/usr/bin/shazam (deflated 65%)
  adding: Excelerate.app/Contents/Resources/lib/tcl8.6/usr/bin/productsign (deflated 83%)
  adding: Excelerate.app/Contents/Resources/lib/tcl8.6/usr/bin/mklocale (deflated 81%)
  adding: Excelerate.app/Contents/Resources/lib/tcl8.6/usr/bin/defaults (deflated 82%)
  adding: Excelerate.app/Contents/Resources/lib/tcl8.6/usr/bin/tic (deflated 73%)
  adding: Excelerate.app/Contents/Resources/lib/tcl8.6/usr/bin/zip (deflated 64%)
  adding: Excelerate.app/Contents/Resources/lib/tcl8.6/usr/bin/uulog (deflated 73%)
  adding: Excelerate.app/Contents/Resources/lib/tcl8.6/usr/bin/pl2pm5.34 (deflated 53%)
  adding: Excelerate.app/Contents/Resources/lib/tcl8.6/usr/bin/atrm (deflated 82%)
  adding: Excelerate.app/Contents/Resources/lib/tcl8.6/usr/bin/curl (deflated 48%)
  adding: Excelerate.app/Contents/Resources/lib/tcl8.6/usr/bin/wdutil (deflated 77%)
  adding: Excelerate.app/Contents/Resources/lib/tcl8.6/usr/bin/agentxtrap (deflated 85%)
  adding: Excelerate.app/Contents/Resources/lib/tcl8.6/usr/bin/db_verify (deflated 55%)
  adding: Excelerate.app/Contents/Resources/lib/tcl8.6/usr/bin/servertool (deflated 88%)
  adding: Excelerate.app/Contents/Resources/lib/tcl8.6/usr/bin/newgrp (deflated 88%)
  adding: Excelerate.app/Contents/Resources/lib/tcl8.6/usr/bin/pod2usage5.34 (deflated 57%)
  adding: Excelerate.app/Contents/Resources/lib/tcl8.6/usr/bin/timerfires (deflated 67%)
  adding: Excelerate.app/Contents/Resources/lib/tcl8.6/usr/bin/rpcgen (deflated 90%)
  adding: Excelerate.app/Contents/Resources/lib/tcl8.6/usr/bin/swcutil (deflated 63%)
  adding: Excelerate.app/Contents/Resources/lib/tcl8.6/usr/bin/perlthanks (deflated 44%)
  adding: Excelerate.app/Contents/Resources/lib/tcl8.6/usr/bin/dbiprof5.34 (deflated 62%)
  adding: Excelerate.app/Contents/Resources/lib/tcl8.6/usr/bin/parldyn5.30 (deflated 77%)
  adding: Excelerate.app/Contents/Resources/lib/tcl8.6/usr/bin/snmpnetstat (deflated 83%)
  adding: Excelerate.app/Contents/Resources/lib/tcl8.6/usr/bin/package-stash-conflicts5.34 (deflated 42%)
  adding: Excelerate.app/Contents/Resources/lib/tcl8.6/usr/bin/lastcomm (deflated 90%)
  adding: Excelerate.app/Contents/Resources/lib/tcl8.6/usr/bin/getconf (deflated 84%)
  adding: Excelerate.app/Contents/Resources/lib/tcl8.6/usr/bin/kpasswd (deflated 85%)
  adding: Excelerate.app/Contents/Resources/lib/tcl8.6/usr/bin/dist_package_tool (deflated 62%)
  adding: Excelerate.app/Contents/Resources/lib/tcl8.6/usr/bin/vis (deflated 89%)
  adding: Excelerate.app/Contents/Resources/lib/tcl8.6/usr/bin/dbiproxy (deflated 44%)
  adding: Excelerate.app/Contents/Resources/lib/tcl8.6/usr/bin/ipcrm (deflated 89%)
  adding: Excelerate.app/Contents/Resources/lib/tcl8.6/usr/bin/bputil (deflated 77%)
  adding: Excelerate.app/Contents/Resources/lib/tcl8.6/usr/bin/net-snmp-config (deflated 74%)
  adding: Excelerate.app/Contents/Resources/lib/tcl8.6/usr/bin/otool (deflated 90%)
  adding: Excelerate.app/Contents/Resources/lib/tcl8.6/usr/bin/lwp-dump5.30 (deflated 51%)
  adding: Excelerate.app/Contents/Resources/lib/tcl8.6/usr/bin/killall (deflated 86%)
  adding: Excelerate.app/Contents/Resources/lib/tcl8.6/usr/bin/patch (deflated 70%)
  adding: Excelerate.app/Contents/Resources/lib/tcl8.6/usr/bin/tailspin (deflated 76%)
  adding: Excelerate.app/Contents/Resources/lib/tcl8.6/usr/bin/su (deflated 83%)
  adding: Excelerate.app/Contents/Resources/lib/tcl8.6/usr/bin/ul (deflated 88%)
  adding: Excelerate.app/Contents/Resources/lib/tcl8.6/usr/bin/compression_tool (deflated 85%)
  adding: Excelerate.app/Contents/Resources/lib/tcl8.6/usr/bin/dbiproxy5.30 (deflated 56%)
  adding: Excelerate.app/Contents/Resources/lib/tcl8.6/usr/bin/tkcon (deflated 72%)
  adding: Excelerate.app/Contents/Resources/lib/tcl8.6/usr/bin/ssh (deflated 57%)
  adding: Excelerate.app/Contents/Resources/lib/tcl8.6/usr/bin/kdestroy (deflated 85%)
  adding: Excelerate.app/Contents/Resources/lib/tcl8.6/usr/bin/yapp5.30 (deflated 60%)
  adding: Excelerate.app/Contents/Resources/lib/tcl8.6/usr/bin/snmpgetnext (deflated 88%)
  adding: Excelerate.app/Contents/Resources/lib/tcl8.6/usr/bin/type (deflated 7%)
  adding: Excelerate.app/Contents/Resources/lib/tcl8.6/usr/bin/xsubpp (deflated 44%)
  adding: Excelerate.app/Contents/Resources/lib/tcl8.6/usr/bin/jhat (deflated 88%)
  adding: Excelerate.app/Contents/Resources/lib/tcl8.6/usr/bin/tidy (deflated 80%)
  adding: Excelerate.app/Contents/Resources/lib/tcl8.6/usr/bin/tftp (deflated 75%)
  adding: Excelerate.app/Contents/Resources/lib/tcl8.6/usr/bin/assetutil (deflated 57%)
  adding: Excelerate.app/Contents/Resources/lib/tcl8.6/usr/bin/AssetCacheLocatorUtil (deflated 82%)
  adding: Excelerate.app/Contents/Resources/lib/tcl8.6/usr/bin/orbd (deflated 88%)
  adding: Excelerate.app/Contents/Resources/lib/tcl8.6/usr/bin/usbcfwflasher (deflated 85%)
  adding: Excelerate.app/Contents/Resources/lib/tcl8.6/usr/bin/streamzip (deflated 66%)
  adding: Excelerate.app/Contents/Resources/lib/tcl8.6/usr/bin/networkQuality (deflated 74%)
  adding: Excelerate.app/Contents/Resources/lib/tcl8.6/usr/bin/ktrace (deflated 74%)
  adding: Excelerate.app/Contents/Resources/lib/tcl8.6/usr/bin/DeRez (deflated 90%)
  adding: Excelerate.app/Contents/Resources/lib/tcl8.6/usr/bin/textutil (deflated 81%)
  adding: Excelerate.app/Contents/Resources/lib/tcl8.6/usr/bin/xgettext.pl (deflated 44%)
  adding: Excelerate.app/Contents/Resources/lib/tcl8.6/usr/bin/automator (deflated 82%)
  adding: Excelerate.app/Contents/Resources/lib/tcl8.6/usr/bin/wsgen (deflated 88%)
  adding: Excelerate.app/Contents/Resources/lib/tcl8.6/usr/bin/stat (deflated 84%)
  adding: Excelerate.app/Contents/Resources/lib/tcl8.6/usr/bin/perldoc (deflated 44%)
  adding: Excelerate.app/Contents/Resources/lib/tcl8.6/usr/bin/javac (deflated 88%)
  adding: Excelerate.app/Contents/Resources/lib/tcl8.6/usr/bin/xcsdiagnose (deflated 91%)
  adding: Excelerate.app/Contents/Resources/lib/tcl8.6/usr/bin/mdfind (deflated 87%)
  adding: Excelerate.app/Contents/Resources/lib/tcl8.6/usr/bin/mdls (deflated 88%)
  adding: Excelerate.app/Contents/Resources/lib/tcl8.6/usr/bin/codesign_allocate (deflated 90%)
  adding: Excelerate.app/Contents/Resources/lib/tcl8.6/usr/bin/binhex5.34.pl (deflated 60%)
  adding: Excelerate.app/Contents/Resources/lib/tcl8.6/usr/bin/mddiagnose (deflated 71%)
  adding: Excelerate.app/Contents/Resources/lib/tcl8.6/usr/bin/snmpbulkwalk (deflated 90%)
  adding: Excelerate.app/Contents/Resources/lib/tcl8.6/usr/bin/keytool (deflated 88%)
  adding: Excelerate.app/Contents/Resources/lib/tcl8.6/usr/bin/tidy_changelog5.34 (deflated 52%)
  adding: Excelerate.app/Contents/Resources/lib/tcl8.6/usr/bin/fileproviderctl (deflated 69%)
  adding: Excelerate.app/Contents/Resources/lib/tcl8.6/usr/bin/binhex.pl (deflated 44%)
  adding: Excelerate.app/Contents/Resources/lib/tcl8.6/usr/bin/IOSDebug (deflated 80%)
  adding: Excelerate.app/Contents/Resources/lib/tcl8.6/usr/bin/dtruss (deflated 84%)
  adding: Excelerate.app/Contents/Resources/lib/tcl8.6/usr/bin/dserr (deflated 91%)
  adding: Excelerate.app/Contents/Resources/lib/tcl8.6/usr/bin/tiff2icns (deflated 90%)
  adding: Excelerate.app/Contents/Resources/lib/tcl8.6/usr/bin/mandoc (deflated 63%)
  adding: Excelerate.app/Contents/Resources/lib/tcl8.6/usr/bin/pbpaste (deflated 90%)
  adding: Excelerate.app/Contents/Resources/lib/tcl8.6/usr/bin/policytool (deflated 88%)
  adding: Excelerate.app/Contents/Resources/lib/tcl8.6/usr/bin/yamlpp-highlight5.34 (deflated 48%)
  adding: Excelerate.app/Contents/Resources/lib/tcl8.6/usr/bin/actool (deflated 91%)
  adding: Excelerate.app/Contents/Resources/lib/tcl8.6/usr/bin/xpath5.34 (deflated 60%)
  adding: Excelerate.app/Contents/Resources/lib/tcl8.6/usr/bin/heap (deflated 69%)
  adding: Excelerate.app/Contents/Resources/lib/tcl8.6/usr/bin/sum (deflated 86%)
  adding: Excelerate.app/Contents/Resources/lib/tcl8.6/usr/bin/lskq (deflated 84%)
  adding: Excelerate.app/Contents/Resources/lib/tcl8.6/usr/bin/macbinary (deflated 82%)
  adding: Excelerate.app/Contents/Resources/lib/tcl8.6/usr/bin/ncdestroy (deflated 88%)
  adding: Excelerate.app/Contents/Resources/lib/tcl8.6/usr/bin/nc (deflated 76%)
  adding: Excelerate.app/Contents/Resources/lib/tcl8.6/usr/bin/json_pp5.34 (deflated 62%)
  adding: Excelerate.app/Contents/Resources/lib/tcl8.6/usr/bin/snmptrap (deflated 89%)
  adding: Excelerate.app/Contents/Resources/lib/tcl8.6/usr/bin/tsort (deflated 87%)
  adding: Excelerate.app/Contents/Resources/lib/tcl8.6/usr/bin/uuencode (deflated 82%)
  adding: Excelerate.app/Contents/Resources/lib/tcl8.6/usr/bin/cpp (deflated 90%)
  adding: Excelerate.app/Contents/Resources/lib/tcl8.6/usr/bin/swift (deflated 90%)
  adding: Excelerate.app/Contents/Resources/lib/tcl8.6/usr/bin/batch (deflated 82%)
  adding: Excelerate.app/Contents/Resources/lib/tcl8.6/usr/bin/sqlite3 (deflated 46%)
  adding: Excelerate.app/Contents/Resources/lib/tcl8.6/usr/bin/make (deflated 90%)
  adding: Excelerate.app/Contents/Resources/lib/tcl8.6/usr/bin/pod2html5.34 (deflated 62%)
  adding: Excelerate.app/Contents/Resources/lib/tcl8.6/usr/bin/dig (deflated 57%)
  adding: Excelerate.app/Contents/Resources/lib/tcl8.6/usr/bin/zipdetails5.30 (deflated 74%)
  adding: Excelerate.app/Contents/Resources/lib/tcl8.6/usr/bin/macerror (deflated 44%)
  adding: Excelerate.app/Contents/Resources/lib/tcl8.6/usr/bin/infocmp (deflated 75%)
  adding: Excelerate.app/Contents/Resources/lib/tcl8.6/usr/bin/eslogger (deflated 71%)
  adding: Excelerate.app/Contents/Resources/lib/tcl8.6/usr/bin/apt (deflated 88%)
  adding: Excelerate.app/Contents/Resources/lib/tcl8.6/usr/bin/trimforce (deflated 87%)
  adding: Excelerate.app/Contents/Resources/lib/tcl8.6/usr/bin/nm (deflated 90%)
  adding: Excelerate.app/Contents/Resources/lib/tcl8.6/usr/bin/flex++ (deflated 90%)
  adding: Excelerate.app/Contents/Resources/lib/tcl8.6/usr/bin/osadecompile (deflated 88%)
  adding: Excelerate.app/Contents/Resources/lib/tcl8.6/usr/bin/IOAccelMemory (deflated 75%)
  adding: Excelerate.app/Contents/Resources/lib/tcl8.6/usr/bin/config_data5.30 (deflated 60%)
  adding: Excelerate.app/Contents/Resources/lib/tcl8.6/usr/bin/automationmodetool (deflated 89%)
  adding: Excelerate.app/Contents/Resources/lib/tcl8.6/usr/bin/ssh-add (deflated 65%)
  adding: Excelerate.app/Contents/Resources/lib/tcl8.6/usr/bin/machine (deflated 84%)
  adding: Excelerate.app/Contents/Resources/lib/tcl8.6/usr/bin/encguess5.30 (deflated 52%)
  adding: Excelerate.app/Contents/Resources/lib/tcl8.6/usr/bin/libnetcfg5.34 (deflated 68%)
  adding: Excelerate.app/Contents/Resources/lib/tcl8.6/usr/bin/wish8.5 (deflated 9%)
  adding: Excelerate.app/Contents/Resources/lib/tcl8.6/usr/bin/screen (deflated 52%)
  adding: Excelerate.app/Contents/Resources/lib/tcl8.6/usr/bin/snmpget (deflated 88%)
  adding: Excelerate.app/Contents/Resources/lib/tcl8.6/usr/bin/piconv5.30 (deflated 63%)
  adding: Excelerate.app/Contents/Resources/lib/tcl8.6/usr/bin/pcsctest (deflated 89%)
  adding: Excelerate.app/Contents/Resources/lib/tcl8.6/usr/bin/codesign (deflated 68%)
  adding: Excelerate.app/Contents/Resources/lib/tcl8.6/usr/bin/atos (deflated 75%)
  adding: Excelerate.app/Contents/Resources/lib/tcl8.6/usr/bin/llvm-gcc (deflated 90%)
  adding: Excelerate.app/Contents/Resources/lib/tcl8.6/usr/bin/mailq (deflated 61%)
  adding: Excelerate.app/Contents/Resources/lib/tcl8.6/usr/bin/arch (deflated 84%)
  adding: Excelerate.app/Contents/Resources/lib/tcl8.6/usr/bin/ssh-keygen (deflated 61%)
  adding: Excelerate.app/Contents/Resources/lib/tcl8.6/usr/bin/snmptable (deflated 84%)
  adding: Excelerate.app/Contents/Resources/lib/tcl8.6/usr/bin/kill.d (deflated 48%)
  adding: Excelerate.app/Contents/Resources/lib/tcl8.6/usr/bin/ditto (deflated 82%)
  adding: Excelerate.app/Contents/Resources/lib/tcl8.6/usr/bin/getopts (deflated 7%)
  adding: Excelerate.app/Contents/Resources/lib/tcl8.6/usr/bin/users (deflated 87%)
  adding: Excelerate.app/Contents/Resources/lib/tcl8.6/usr/bin/snmpbulkget (deflated 89%)
  adding: Excelerate.app/Contents/Resources/lib/tcl8.6/usr/bin/ipcount5.30 (deflated 52%)
  adding: Excelerate.app/Contents/Resources/lib/tcl8.6/usr/bin/sdp (deflated 91%)
  adding: Excelerate.app/Contents/Resources/lib/tcl8.6/usr/bin/perlbug5.30 (deflated 65%)
  adding: Excelerate.app/Contents/Resources/lib/tcl8.6/usr/bin/cpan5.34 (deflated 56%)
  adding: Excelerate.app/Contents/Resources/lib/tcl8.6/usr/bin/treereg5.34 (deflated 63%)
  adding: Excelerate.app/Contents/Resources/lib/tcl8.6/usr/bin/showmount (deflated 87%)
  adding: Excelerate.app/Contents/Resources/lib/tcl8.6/usr/bin/taskinfo (deflated 79%)
  adding: Excelerate.app/Contents/Resources/lib/tcl8.6/usr/bin/ar (deflated 90%)
  adding: Excelerate.app/Contents/Resources/lib/tcl8.6/usr/bin/who (deflated 89%)
  adding: Excelerate.app/Contents/Resources/lib/tcl8.6/usr/bin/mktemp (deflated 89%)
  adding: Excelerate.app/Contents/Resources/lib/tcl8.6/usr/bin/unifdef (deflated 90%)
  adding: Excelerate.app/Contents/Resources/lib/tcl8.6/usr/bin/yaa (deflated 66%)
  adding: Excelerate.app/Contents/Resources/lib/tcl8.6/usr/bin/cut (deflated 85%)
  adding: Excelerate.app/Contents/Resources/lib/tcl8.6/usr/bin/imptrace (deflated 71%)
  adding: Excelerate.app/Contents/Resources/lib/tcl8.6/usr/bin/pack200 (deflated 88%)
  adding: Excelerate.app/Contents/Resources/lib/tcl8.6/usr/bin/ippeveprinter (deflated 64%)
  adding: Excelerate.app/Contents/Resources/lib/tcl8.6/usr/bin/hdid (deflated 91%)
  adding: Excelerate.app/Contents/Resources/lib/tcl8.6/usr/bin/dc (deflated 66%)
  adding: Excelerate.app/Contents/Resources/lib/tcl8.6/usr/bin/mailx (deflated 68%)
  adding: Excelerate.app/Contents/Resources/lib/tcl8.6/usr/bin/odutil (deflated 78%)
  adding: Excelerate.app/Contents/Resources/lib/tcl8.6/usr/bin/jsadebugd (deflated 88%)
  adding: Excelerate.app/Contents/Resources/lib/tcl8.6/usr/bin/shortcuts (deflated 73%)
  adding: Excelerate.app/Contents/Resources/lib/tcl8.6/usr/bin/xargs (deflated 86%)
  adding: Excelerate.app/Contents/Resources/lib/tcl8.6/usr/bin/tkpp (deflated 44%)
  adding: Excelerate.app/Contents/Resources/lib/tcl8.6/usr/bin/priclass.d (deflated 48%)
  adding: Excelerate.app/Contents/Resources/lib/tcl8.6/usr/bin/topsysproc (deflated 58%)
  adding: Excelerate.app/Contents/Resources/lib/tcl8.6/usr/bin/nl (deflated 90%)
  adding: Excelerate.app/Contents/Resources/lib/tcl8.6/usr/bin/podchecker5.30 (deflated 55%)
  adding: Excelerate.app/Contents/Resources/lib/tcl8.6/usr/bin/view (deflated 47%)
  adding: Excelerate.app/Contents/Resources/lib/tcl8.6/usr/bin/jjs (deflated 88%)
  adding: Excelerate.app/Contents/Resources/lib/tcl8.6/usr/bin/spfquery (deflated 44%)
  adding: Excelerate.app/Contents/Resources/lib/tcl8.6/usr/bin/sample (deflated 79%)
  adding: Excelerate.app/Contents/Resources/lib/tcl8.6/usr/bin/bg (deflated 7%)
  adding: Excelerate.app/Contents/Resources/lib/tcl8.6/usr/bin/lipo (deflated 90%)
  adding: Excelerate.app/Contents/Resources/lib/tcl8.6/usr/bin/seeksize.d (deflated 47%)
  adding: Excelerate.app/Contents/Resources/lib/tcl8.6/usr/bin/eyapp (deflated 44%)
  adding: Excelerate.app/Contents/Resources/lib/tcl8.6/usr/bin/clang++ (deflated 90%)
  adding: Excelerate.app/Contents/Resources/lib/tcl8.6/usr/bin/setuids.d (deflated 47%)
  adding: Excelerate.app/Contents/Resources/lib/tcl8.6/usr/bin/instmodsh5.34 (deflated 68%)
  adding: Excelerate.app/Contents/Resources/lib/tcl8.6/usr/bin/aa (deflated 66%)
  adding: Excelerate.app/Contents/Resources/lib/tcl8.6/usr/bin/shlock (deflated 87%)
  adding: Excelerate.app/Contents/Resources/lib/tcl8.6/usr/bin/symbols (deflated 65%)
  adding: Excelerate.app/Contents/Resources/lib/tcl8.6/usr/bin/perlthanks5.30 (deflated 65%)
  adding: Excelerate.app/Contents/Resources/lib/tcl8.6/usr/bin/xctrace (deflated 91%)
  adding: Excelerate.app/Contents/Resources/lib/tcl8.6/usr/bin/pod2man5.30 (deflated 60%)
  adding: Excelerate.app/Contents/Resources/lib/tcl8.6/usr/bin/gzexe (deflated 59%)
  adding: Excelerate.app/Contents/Resources/lib/tcl8.6/usr/bin/json_xs5.30 (deflated 64%)
  adding: Excelerate.app/Contents/Resources/lib/tcl8.6/usr/bin/ip2cc5.34 (deflated 54%)
  adding: Excelerate.app/Contents/Resources/lib/tcl8.6/usr/bin/usbdiagnose (deflated 70%)
  adding: Excelerate.app/Contents/Resources/lib/tcl8.6/usr/bin/genstrings (deflated 91%)
  adding: Excelerate.app/Contents/Resources/lib/tcl8.6/usr/bin/at (deflated 82%)
  adding: Excelerate.app/Contents/Resources/lib/tcl8.6/usr/bin/what (deflated 90%)
  adding: Excelerate.app/Contents/Resources/lib/tcl8.6/usr/bin/sdx (deflated 1%)
  adding: Excelerate.app/Contents/Resources/lib/tcl8.6/usr/bin/m4 (deflated 90%)
  adding: Excelerate.app/Contents/Resources/lib/tcl8.6/usr/bin/asa (deflated 90%)
  adding: Excelerate.app/Contents/Resources/lib/tcl8.6/usr/bin/iptab (deflated 44%)
  adding: Excelerate.app/Contents/Resources/lib/tcl8.6/usr/bin/swiftc (deflated 90%)
  adding: Excelerate.app/Contents/Resources/lib/tcl8.6/usr/bin/nfsstat (deflated 75%)
  adding: Excelerate.app/Contents/Resources/lib/tcl8.6/usr/bin/eyapp5.30 (deflated 63%)
  adding: Excelerate.app/Contents/Resources/lib/tcl8.6/usr/bin/uupick (deflated 73%)
  adding: Excelerate.app/Contents/Resources/lib/tcl8.6/usr/bin/ipcs (deflated 86%)
  adding: Excelerate.app/Contents/Resources/lib/tcl8.6/usr/bin/pluginkit (deflated 81%)
  adding: Excelerate.app/Contents/Resources/lib/tcl8.6/usr/bin/as (deflated 90%)
  adding: Excelerate.app/Contents/Resources/lib/tcl8.6/usr/bin/splain5.34 (deflated 62%)
  adding: Excelerate.app/Contents/Resources/lib/tcl8.6/usr/bin/fold (deflated 89%)
  adding: Excelerate.app/Contents/Resources/lib/tcl8.6/usr/bin/gnumake (deflated 90%)
  adding: Excelerate.app/Contents/Resources/lib/tcl8.6/usr/bin/log (deflated 62%)
  adding: Excelerate.app/Contents/Resources/lib/tcl8.6/usr/bin/tmutil (deflated 62%)
  adding: Excelerate.app/Contents/Resources/lib/tcl8.6/usr/bin/certtool (deflated 72%)
  adding: Excelerate.app/Contents/Resources/lib/tcl8.6/usr/bin/vmmap (deflated 71%)
  adding: Excelerate.app/Contents/Resources/lib/tcl8.6/usr/bin/system-override (deflated 70%)
  adding: Excelerate.app/Contents/Resources/lib/tcl8.6/usr/bin/h2xs (deflated 44%)
  adding: Excelerate.app/Contents/Resources/lib/tcl8.6/usr/bin/csrutil (deflated 68%)
  adding: Excelerate.app/Contents/Resources/lib/tcl8.6/usr/bin/shar (deflated 46%)
  adding: Excelerate.app/Contents/Resources/lib/tcl8.6/usr/bin/ldappasswd (deflated 62%)
  adding: Excelerate.app/Contents/Resources/lib/tcl8.6/usr/bin/ResMerger (deflated 90%)
  adding: Excelerate.app/Contents/Resources/lib/tcl8.6/usr/bin/bitesize.d (deflated 45%)
  adding: Excelerate.app/Contents/Resources/lib/tcl8.6/usr/bin/db_checkpoint (deflated 55%)
  adding: Excelerate.app/Contents/Resources/lib/tcl8.6/usr/bin/funzip (deflated 78%)
  adding: Excelerate.app/Contents/Resources/lib/tcl8.6/usr/bin/pod2readme5.34 (deflated 61%)
  adding: Excelerate.app/Contents/Resources/lib/tcl8.6/usr/bin/power_report.sh (deflated 64%)
  adding: Excelerate.app/Contents/Resources/lib/tcl8.6/usr/bin/iosnoop (deflated 68%)
  adding: Excelerate.app/Contents/Resources/lib/tcl8.6/usr/bin/atsutil (deflated 84%)
  adding: Excelerate.app/Contents/Resources/lib/tcl8.6/usr/bin/osalang (deflated 89%)
  adding: Excelerate.app/Contents/Resources/lib/tcl8.6/usr/bin/dirname (deflated 91%)
  adding: Excelerate.app/Contents/Resources/lib/tcl8.6/usr/bin/pod2man (deflated 44%)
  adding: Excelerate.app/Contents/Resources/lib/tcl8.6/usr/bin/enc2xs (deflated 44%)
  adding: Excelerate.app/Contents/Resources/lib/tcl8.6/usr/bin/shasum5.34 (deflated 59%)
  adding: Excelerate.app/Contents/Resources/lib/tcl8.6/usr/bin/iopending (deflated 60%)
  adding: Excelerate.app/Contents/Resources/lib/tcl8.6/usr/bin/ncal (deflated 79%)
  adding: Excelerate.app/Contents/Resources/lib/tcl8.6/usr/bin/yamlpp-load-dump5.34 (deflated 66%)
  adding: Excelerate.app/Contents/Resources/lib/tcl8.6/usr/bin/chflags (deflated 89%)
  adding: Excelerate.app/Contents/Resources/lib/tcl8.6/usr/bin/derq (deflated 84%)
  adding: Excelerate.app/Contents/Resources/lib/tcl8.6/usr/bin/fg (deflated 7%)
  adding: Excelerate.app/Contents/Resources/lib/tcl8.6/usr/bin/rwbypid.d (deflated 50%)
  adding: Excelerate.app/Contents/Resources/lib/tcl8.6/usr/bin/jmap (deflated 88%)
  adding: Excelerate.app/Contents/Resources/lib/tcl8.6/usr/bin/dscl (deflated 66%)
  adding: Excelerate.app/Contents/Resources/lib/tcl8.6/usr/bin/leaks (deflated 66%)
  adding: Excelerate.app/Contents/Resources/lib/tcl8.6/usr/bin/perl5.34 (deflated 90%)
  adding: Excelerate.app/Contents/Resources/lib/tcl8.6/usr/bin/nbdst (deflated 85%)
  adding: Excelerate.app/Contents/Resources/lib/tcl8.6/usr/bin/net-server5.34 (deflated 54%)
  adding: Excelerate.app/Contents/Resources/lib/tcl8.6/usr/bin/mnthome (deflated 86%)
  adding: Excelerate.app/Contents/Resources/lib/tcl8.6/usr/bin/jshell (deflated 88%)
  adding: Excelerate.app/Contents/Resources/lib/tcl8.6/usr/bin/dsexport (deflated 83%)
  adding: Excelerate.app/Contents/Resources/lib/tcl8.6/usr/bin/mdimport (deflated 62%)
  adding: Excelerate.app/Contents/Resources/lib/tcl8.6/usr/bin/parldyn (deflated 87%)
  adding: Excelerate.app/Contents/Resources/lib/tcl8.6/usr/bin/id (deflated 86%)
  adding: Excelerate.app/Contents/Resources/lib/tcl8.6/usr/bin/bm4 (deflated 90%)
  adding: Excelerate.app/Contents/Resources/lib/tcl8.6/usr/bin/procsystime (deflated 67%)
  adding: Excelerate.app/Contents/Resources/lib/tcl8.6/usr/bin/dbilogstrip5.34 (deflated 48%)
  adding: Excelerate.app/Contents/Resources/lib/tcl8.6/usr/bin/cd (deflated 7%)
  adding: Excelerate.app/Contents/Resources/lib/tcl8.6/usr/bin/quota (deflated 88%)
  adding: Excelerate.app/Contents/Resources/lib/tcl8.6/usr/bin/uuto (deflated 51%)
  adding: Excelerate.app/Contents/Resources/lib/tcl8.6/usr/bin/fuser (deflated 50%)
  adding: Excelerate.app/Contents/Resources/lib/tcl8.6/usr/bin/dsimport (deflated 73%)
  adding: Excelerate.app/Contents/Resources/lib/tcl8.6/usr/bin/git-shell (deflated 90%)
  adding: Excelerate.app/Contents/Resources/lib/tcl8.6/usr/bin/ldapsearch (deflated 62%)
  adding: Excelerate.app/Contents/Resources/lib/tcl8.6/usr/bin/command (deflated 7%)
  adding: Excelerate.app/Contents/Resources/lib/tcl8.6/usr/bin/snmp-bridge-mib (deflated 78%)
  adding: Excelerate.app/Contents/Resources/lib/tcl8.6/usr/bin/egrep (deflated 81%)
  adding: Excelerate.app/Contents/Resources/lib/tcl8.6/usr/bin/notifyutil (deflated 84%)
  adding: Excelerate.app/Contents/Resources/lib/tcl8.6/usr/bin/cc (deflated 90%)
  adding: Excelerate.app/Contents/Resources/lib/tcl8.6/usr/bin/dsmemberutil (deflated 84%)
  adding: Excelerate.app/Contents/Resources/lib/tcl8.6/usr/bin/podselect (deflated 53%)
  adding: Excelerate.app/Contents/Resources/lib/tcl8.6/usr/bin/whereis (deflated 86%)
  adding: Excelerate.app/Contents/Resources/lib/tcl8.6/usr/bin/tccutil (deflated 90%)
  adding: Excelerate.app/Contents/Resources/lib/tcl8.6/usr/bin/find (deflated 74%)
  adding: Excelerate.app/Contents/Resources/lib/tcl8.6/usr/bin/jstat (deflated 88%)
  adding: Excelerate.app/Contents/Resources/lib/tcl8.6/usr/bin/zcat (deflated 74%)
  adding: Excelerate.app/Contents/Resources/lib/tcl8.6/usr/bin/unifdefall (deflated 90%)
  adding: Excelerate.app/Contents/Resources/lib/tcl8.6/usr/bin/jlink (deflated 88%)
  adding: Excelerate.app/Contents/Resources/lib/tcl8.6/usr/bin/enc2xs5.30 (deflated 63%)
  adding: Excelerate.app/Contents/Resources/lib/tcl8.6/usr/bin/pridist.d (deflated 48%)
  adding: Excelerate.app/Contents/Resources/lib/tcl8.6/usr/bin/size (deflated 90%)
  adding: Excelerate.app/Contents/Resources/lib/tcl8.6/usr/bin/timesyncanalyse (deflated 70%)
  adding: Excelerate.app/Contents/Resources/lib/tcl8.6/usr/bin/uttype (deflated 82%)
  adding: Excelerate.app/Contents/Resources/lib/tcl8.6/usr/bin/uustat (deflated 68%)
  adding: Excelerate.app/Contents/Resources/lib/tcl8.6/usr/bin/snmpwalk (deflated 89%)
  adding: Excelerate.app/Contents/Resources/lib/tcl8.6/usr/bin/bintrans (deflated 82%)
  adding: Excelerate.app/Contents/Resources/lib/tcl8.6/usr/bin/llvm-g++ (deflated 90%)
  adding: Excelerate.app/Contents/Resources/lib/tcl8.6/usr/bin/yamlpp-parse-emit5.34 (deflated 61%)
  adding: Excelerate.app/Contents/Resources/lib/tcl8.6/usr/bin/scp (deflated 64%)
  adding: Excelerate.app/Contents/Resources/lib/tcl8.6/usr/bin/tnameserv (deflated 88%)
  adding: Excelerate.app/Contents/Resources/lib/tcl8.6/usr/bin/true (deflated 91%)
  adding: Excelerate.app/Contents/Resources/lib/tcl8.6/usr/bin/afinfo (deflated 72%)
  adding: Excelerate.app/Contents/Resources/lib/tcl8.6/usr/bin/hidutil (deflated 82%)
  adding: Excelerate.app/Contents/Resources/lib/tcl8.6/usr/bin/ldapadd (deflated 62%)
  adding: Excelerate.app/Contents/Resources/lib/tcl8.6/usr/bin/pwpolicy (deflated 80%)
  adding: Excelerate.app/Contents/Resources/lib/tcl8.6/usr/bin/profiles (deflated 71%)
  adding: Excelerate.app/Contents/Resources/lib/tcl8.6/usr/bin/yacc (deflated 90%)
  adding: Excelerate.app/Contents/Resources/lib/tcl8.6/usr/bin/kswitch (deflated 79%)
  adding: Excelerate.app/Contents/Resources/lib/tcl8.6/usr/bin/xcodebuild (deflated 91%)
  adding: Excelerate.app/Contents/Resources/lib/tcl8.6/usr/bin/tkpp5.30 (deflated 68%)
  adding: Excelerate.app/Contents/Resources/lib/tcl8.6/usr/bin/test-yaml5.30 (deflated 58%)
  adding: Excelerate.app/Contents/Resources/lib/tcl8.6/usr/bin/jobs (deflated 7%)
  adding: Excelerate.app/Contents/Resources/lib/tcl8.6/usr/bin/c89 (deflated 90%)
  adding: Excelerate.app/Contents/Resources/site.pyc (deflated 48%)
  adding: Excelerate.app/Contents/Resources/main.py (deflated 75%)
  adding: Excelerate.app/Contents/Resources/__error__.sh (deflated 37%)
  adding: Excelerate.app/Contents/Frameworks/ (stored 0%)
  adding: Excelerate.app/Contents/Info.plist (deflated 65%)
  adding: Excelerate.app/Contents/PkgInfo (stored 0%)
Generating SHA-256 hash for verification...
3e5dce234721dc56b79bc9a24a354fda50c0963489e234e93bad7b36e6019f5d  dist/Excelerate.zip
Build process completed. Check the log file build_output.txt for details.
